Warning: Permanently added '100.108.41.90' (ED25519) to the list of known hosts.
Running as unit: aspis-focus-1791168880098031000-f5e27da010e6.service; invocation ID: 0138c439b9294733a0e029f9b255df69
/home/dombarker/project-offloads/aspis-r57-lean-src-20260929-a/AspisV8R19/R879QM31Full223Normalization.lean:44:9: error(lean.unknownIdentifier): Unknown identifier `cast255`
/home/dombarker/project-offloads/aspis-r57-lean-src-20260929-a/AspisV8R19/R879QM31Full223Normalization.lean:50:63: error(lean.unknownIdentifier): Unknown identifier `cast255`
/home/dombarker/project-offloads/aspis-r57-lean-src-20260929-a/AspisV8R19/R879QM31Full223Normalization.lean:53:6: error(lean.unknownIdentifier): Unknown identifier `actualCoin`
/home/dombarker/project-offloads/aspis-r57-lean-src-20260929-a/AspisV8R19/R879QM31Full223Normalization.lean:60:6: error(lean.unknownIdentifier): Unknown identifier `actualCoin`
/home/dombarker/project-offloads/aspis-r57-lean-src-20260929-a/AspisV8R19/R879QM31Full223Normalization.lean:77:65: error(lean.unknownIdentifier): Unknown identifier `cast255`
/home/dombarker/project-offloads/aspis-r57-lean-src-20260929-a/AspisV8R19/R879QM31Full223Normalization.lean:93:8: error(lean.unknownIdentifier): Unknown identifier `actualCoin`
/home/dombarker/project-offloads/aspis-r57-lean-src-20260929-a/AspisV8R19/R879QM31Full223Normalization.lean:111:8: error(lean.unknownIdentifier): Unknown identifier `actualCoin`
'AspisV8R19.R879QM31Full223Normalization.normalized223_eq_qm31Augmented' depends on axioms: [propext,
 sorryAx,
 Classical.choice,
 Quot.sound]
'AspisV8R19.R879QM31Full223Normalization.normalized223_det_ne_zero' depends on axioms: [propext,
 sorryAx,
 Classical.choice,
 Quot.sound]
Command exited with non-zero status 1
	Command being timed: "/home/dombarker/.elan/bin/lake --dir /home/dombarker/project-offloads/aspis-r126-release-20260930-a/focus-workspace env lean -j1 -M4500 -R /home/dombarker/project-offloads/aspis-r57-lean-src-20260929-a -o /home/dombarker/project-offloads/aspis-r126-release-20260930-a/lib/AspisV8R19/R879QM31Full223Normalization.olean /home/dombarker/project-offloads/aspis-r57-lean-src-20260929-a/AspisV8R19/R879QM31Full223Normalization.lean"
	User time (seconds): 1.15
	System time (seconds): 0.37
	Percent of CPU this job got: 100%
	Elapsed (wall clock) time (h:mm:ss or m:ss): 0:01.53
	Average shared text size (kbytes): 0
	Average unshared data size (kbytes): 0
	Average stack size (kbytes): 0
	Average total size (kbytes): 0
	Maximum resident set size (kbytes): 3572580
	Average resident set size (kbytes): 0
	Major (requiring I/O) page faults: 0
	Minor (reclaiming a frame) page faults: 81943
	Voluntary context switches: 497
	Involuntary context switches: 75
	Swaps: 0
	File system inputs: 0
	File system outputs: 0
	Socket messages sent: 0
	Socket messages received: 0
	Signals delivered: 0
	Page size (bytes): 4096
	Exit status: 1
Finished with result: exit-code
Main processes terminated with: code=exited/status=1
Service runtime: 1.562s
CPU time consumed: 1.565s
Memory peak: 328.0K
Memory swap peak: 0B
