Warning: Permanently added '100.108.41.90' (ED25519) to the list of known hosts.
Running as unit: aspis-focus-1791169037797887000-9a2d2e3359b1.service; invocation ID: a2df2d5541b64f6689dc7d7dea753969
/home/dombarker/project-offloads/aspis-r57-lean-src-20260929-a/AspisV8R19/R879QM31Full223Normalization.lean:124:8: error: Type mismatch
  rawObservation_indexedDirection (witnessEmbedding halfSelected) (witnessEmbedding 536870912) 7 5 (-5) 5 0 7
    (fun i => witnessEmbedding (z i)) 96 0
has type
  rawObservation (witnessEmbedding halfSelected) (witnessEmbedding 536870912) 7 5 (-5) 5 0
      (fun i => witnessEmbedding (z i)) (indexedDirection 7 96 0) =
    sparseObservation (witnessEmbedding halfSelected) (witnessEmbedding 536870912) 7 5 (-5) 5 0 7
      (fun i => witnessEmbedding (z i)) 96 0
but is expected to have type
  sparseObservation (witnessEmbedding halfSelected) (witnessEmbedding 536870912) 7 5 (-5) 5 0 7
      (fun i => witnessEmbedding (z i)) 96 0 r =
    rawObservation (witnessEmbedding halfSelected) (witnessEmbedding 536870912) 7 5 (-5) 5 0
      (fun i => witnessEmbedding (z i)) (indexedDirection 7 96 0) r
/home/dombarker/project-offloads/aspis-r57-lean-src-20260929-a/AspisV8R19/R879QM31Full223Normalization.lean:145:60: warning: This simp argument is unused:
  map_zero

Hint: Omit it from the simp argument list.
  simp only [map_one, map_mul, map_sub, map_neg, map_add, m̵a̵p̵_̵z̵e̵r̵o̵,̵ ̵ha, hb, hc, map_ofNat]

Note: This linter can be disabled with `set_option linter.unusedSimpArgs false`
/home/dombarker/project-offloads/aspis-r57-lean-src-20260929-a/AspisV8R19/R879QM31Full223Normalization.lean:161:60: warning: This simp argument is unused:
  map_zero

Hint: Omit it from the simp argument list.
  simp only [map_one, map_mul, map_sub, map_neg, map_add, m̵a̵p̵_̵z̵e̵r̵o̵,̵ ̵ha, hb, hc, map_ofNat]

Note: This linter can be disabled with `set_option linter.unusedSimpArgs false`
'AspisV8R19.R879QM31Full223Normalization.normalized223_eq_qm31Augmented' depends on axioms: [propext,
 sorryAx,
 Classical.choice,
 Quot.sound]
'AspisV8R19.R879QM31Full223Normalization.normalized223_det_ne_zero' depends on axioms: [propext,
 sorryAx,
 Classical.choice,
 Quot.sound]
Command exited with non-zero status 1
	Command being timed: "/home/dombarker/.elan/bin/lake --dir /home/dombarker/project-offloads/aspis-r126-release-20260930-a/focus-workspace env lean -j1 -M4500 -R /home/dombarker/project-offloads/aspis-r57-lean-src-20260929-a -o /home/dombarker/project-offloads/aspis-r126-release-20260930-a/lib/AspisV8R19/R879QM31Full223Normalization.olean /home/dombarker/project-offloads/aspis-r57-lean-src-20260929-a/AspisV8R19/R879QM31Full223Normalization.lean"
	User time (seconds): 3.24
	System time (seconds): 0.40
	Percent of CPU this job got: 100%
	Elapsed (wall clock) time (h:mm:ss or m:ss): 0:03.63
	Average shared text size (kbytes): 0
	Average unshared data size (kbytes): 0
	Average stack size (kbytes): 0
	Average total size (kbytes): 0
	Maximum resident set size (kbytes): 3585420
	Average resident set size (kbytes): 0
	Major (requiring I/O) page faults: 0
	Minor (reclaiming a frame) page faults: 84198
	Voluntary context switches: 965
	Involuntary context switches: 75
	Swaps: 0
	File system inputs: 0
	File system outputs: 0
	Socket messages sent: 0
	Socket messages received: 0
	Signals delivered: 0
	Page size (bytes): 4096
	Exit status: 1
Finished with result: exit-code
Main processes terminated with: code=exited/status=1
Service runtime: 3.655s
CPU time consumed: 3.672s
Memory peak: 288.0K
Memory swap peak: 0B
