Warning: Permanently added '100.108.41.90' (ED25519) to the list of known hosts.
Running as unit: aspis-focus-1791169050300177000-c5cbd1a339ad.service; invocation ID: 53732615ade04f9a97135deb0c04a426
/home/dombarker/project-offloads/aspis-r57-lean-src-20260929-a/AspisV8R19/R879QM31Full223Normalization.lean:145:60: warning: This simp argument is unused:
  map_zero

Hint: Omit it from the simp argument list.
  simp only [map_one, map_mul, map_sub, map_neg, map_add, m̵a̵p̵_̵z̵e̵r̵o̵,̵ ̵ha, hb, hc, map_ofNat]

Note: This linter can be disabled with `set_option linter.unusedSimpArgs false`
/home/dombarker/project-offloads/aspis-r57-lean-src-20260929-a/AspisV8R19/R879QM31Full223Normalization.lean:161:60: warning: This simp argument is unused:
  map_zero

Hint: Omit it from the simp argument list.
  simp only [map_one, map_mul, map_sub, map_neg, map_add, m̵a̵p̵_̵z̵e̵r̵o̵,̵ ̵ha, hb, hc, map_ofNat]

Note: This linter can be disabled with `set_option linter.unusedSimpArgs false`
'AspisV8R19.R879QM31Full223Normalization.normalized223_eq_qm31Augmented' depends on axioms: [propext,
 Classical.choice,
 Quot.sound]
'AspisV8R19.R879QM31Full223Normalization.normalized223_det_ne_zero' depends on axioms: [propext,
 Classical.choice,
 Quot.sound]
	Command being timed: "/home/dombarker/.elan/bin/lake --dir /home/dombarker/project-offloads/aspis-r126-release-20260930-a/focus-workspace env lean -j1 -M4500 -R /home/dombarker/project-offloads/aspis-r57-lean-src-20260929-a -o /home/dombarker/project-offloads/aspis-r126-release-20260930-a/lib/AspisV8R19/R879QM31Full223Normalization.olean /home/dombarker/project-offloads/aspis-r57-lean-src-20260929-a/AspisV8R19/R879QM31Full223Normalization.lean"
	User time (seconds): 3.77
	System time (seconds): 0.43
	Percent of CPU this job got: 100%
	Elapsed (wall clock) time (h:mm:ss or m:ss): 0:04.20
	Average shared text size (kbytes): 0
	Average unshared data size (kbytes): 0
	Average stack size (kbytes): 0
	Average total size (kbytes): 0
	Maximum resident set size (kbytes): 3600780
	Average resident set size (kbytes): 0
	Major (requiring I/O) page faults: 0
	Minor (reclaiming a frame) page faults: 84316
	Voluntary context switches: 933
	Involuntary context switches: 124
	Swaps: 0
	File system inputs: 0
	File system outputs: 456
	Socket messages sent: 0
	Socket messages received: 0
	Signals delivered: 0
	Page size (bytes): 4096
	Exit status: 0
Finished with result: success
Main processes terminated with: code=exited/status=0
Service runtime: 4.238s
CPU time consumed: 4.241s
Memory peak: 256.0K
Memory swap peak: 0B
