Warning: Permanently added '100.108.41.90' (ED25519) to the list of known hosts.
Running as unit: aspis-focus-1791138939891688000.service; invocation ID: 7795bab43a4749b79e88bb9fa5aa7d49
/home/dombarker/project-offloads/aspis-r57-lean-src-20260929-a/AspisV8R19/R742SourceObservationHom.lean:80:26: error: `simp` made no progress
/home/dombarker/project-offloads/aspis-r57-lean-src-20260929-a/AspisV8R19/R742SourceObservationHom.lean:80:26: error: `simp` made no progress
/home/dombarker/project-offloads/aspis-r57-lean-src-20260929-a/AspisV8R19/R742SourceObservationHom.lean:79:6: warning: This simp argument is unused:
  Bool.true_eq

Hint: Omit it from the simp argument list.
  simp only [̵s̵o̵u̵r̵c̵e̵Q̵u̵o̵t̵i̵e̵n̵t̵W̵e̵i̵g̵h̵t̵s̵,̵s̵o̵u̵r̵c̵e̵I̵m̵a̵g̵e̵U̵p̵d̵a̵t̵e̵s̵_̵a̵p̵p̵l̵y̵,̵B̵o̵o̵l̵.̵f̵a̵l̵s̵e̵_̵e̵q̵_̵t̵r̵u̵e̵,̵
  ̵ ̵ ̵ ̵ ̵ ̵ ̵B̵o̵o̵l̵.̵t̵r̵u̵e̵_̵e̵q̵,̵i̵f̵_̵f̵a̵l̵s̵e̵,̵i̵f̵_̵t̵r̵u̵e̵,̵m̵a̵p̵_̵s̵o̵u̵r̵c̵e̵C̵h̵o̵r̵d̵T̵r̵a̵n̵s̵p̵o̵s̵e̵,̵m̵a̵p̵_̵a̵d̵d̵,̵m̵a̵p̵_̵s̵u̵b̵,̵m̵a̵p̵_̵m̵u̵l̵,̵m̵a̵p̵_̵p̵o̵w̵]̵[̲s̲o̲u̲r̲c̲e̲Q̲u̲o̲t̲i̲e̲n̲t̲W̲e̲i̲g̲h̲t̲s̲,̲ ̲s̲o̲u̲r̲c̲e̲I̲m̲a̲g̲e̲U̲p̲d̲a̲t̲e̲s̲_̲a̲p̲p̲l̲y̲,̲ ̲B̲o̲o̲l̲.̲f̲a̲l̲s̲e̲_̲e̲q̲_̲t̲r̲u̲e̲,̲ ̲i̲f̲_̲f̲a̲l̲s̲e̲,̲
  ̲ ̲ ̲ ̲ ̲ ̲ ̲i̲f̲_̲t̲r̲u̲e̲,̲ ̲m̲a̲p̲_̲s̲o̲u̲r̲c̲e̲C̲h̲o̲r̲d̲T̲r̲a̲n̲s̲p̲o̲s̲e̲,̲ ̲m̲a̲p̲_̲a̲d̲d̲,̲ ̲m̲a̲p̲_̲s̲u̲b̲,̲ ̲m̲a̲p̲_̲m̲u̲l̲,̲ ̲m̲a̲p̲_̲p̲o̲w̲]̲

Note: This linter can be disabled with `set_option linter.unusedSimpArgs false`
/home/dombarker/project-offloads/aspis-r57-lean-src-20260929-a/AspisV8R19/R742SourceObservationHom.lean:79:77: warning: This simp argument is unused:
  map_mul

Hint: Omit it from the simp argument list.
  simp only [̵s̵o̵u̵r̵c̵e̵Q̵u̵o̵t̵i̵e̵n̵t̵W̵e̵i̵g̵h̵t̵s̵,̵s̵o̵u̵r̵c̵e̵I̵m̵a̵g̵e̵U̵p̵d̵a̵t̵e̵s̵_̵a̵p̵p̵l̵y̵,̵B̵o̵o̵l̵.̵f̵a̵l̵s̵e̵_̵e̵q̵_̵t̵r̵u̵e̵,̵
  ̵ ̵ ̵ ̵ ̵ ̵ ̵B̵o̵o̵l̵.̵t̵r̵u̵e̵_̵e̵q̵,̵i̵f̵_̵f̵a̵l̵s̵e̵,̵i̵f̵_̵t̵r̵u̵e̵,̵m̵a̵p̵_̵s̵o̵u̵r̵c̵e̵C̵h̵o̵r̵d̵T̵r̵a̵n̵s̵p̵o̵s̵e̵,̵m̵a̵p̵_̵a̵d̵d̵,̵m̵a̵p̵_̵s̵u̵b̵,̵m̵a̵p̵_̵m̵u̵l̵,̵m̵a̵p̵_̵p̵o̵w̵]̵[̲s̲o̲u̲r̲c̲e̲Q̲u̲o̲t̲i̲e̲n̲t̲W̲e̲i̲g̲h̲t̲s̲,̲ ̲s̲o̲u̲r̲c̲e̲I̲m̲a̲g̲e̲U̲p̲d̲a̲t̲e̲s̲_̲a̲p̲p̲l̲y̲,̲ ̲B̲o̲o̲l̲.̲f̲a̲l̲s̲e̲_̲e̲q̲_̲t̲r̲u̲e̲,̲ ̲B̲o̲o̲l̲.̲t̲r̲u̲e̲_̲e̲q̲,̲
  ̲ ̲ ̲ ̲ ̲ ̲ ̲i̲f̲_̲f̲a̲l̲s̲e̲,̲ ̲i̲f̲_̲t̲r̲u̲e̲,̲ ̲m̲a̲p̲_̲s̲o̲u̲r̲c̲e̲C̲h̲o̲r̲d̲T̲r̲a̲n̲s̲p̲o̲s̲e̲,̲ ̲m̲a̲p̲_̲a̲d̲d̲,̲ ̲m̲a̲p̲_̲s̲u̲b̲,̲ ̲m̲a̲p̲_̲p̲o̲w̲]̲

Note: This linter can be disabled with `set_option linter.unusedSimpArgs false`
/home/dombarker/project-offloads/aspis-r57-lean-src-20260929-a/AspisV8R19/R742SourceObservationHom.lean:79:85: warning: This simp argument is unused:
  map_pow

Hint: Omit it from the simp argument list.
  simp only [̵s̵o̵u̵r̵c̵e̵Q̵u̵o̵t̵i̵e̵n̵t̵W̵e̵i̵g̵h̵t̵s̵,̵s̵o̵u̵r̵c̵e̵I̵m̵a̵g̵e̵U̵p̵d̵a̵t̵e̵s̵_̵a̵p̵p̵l̵y̵,̵B̵o̵o̵l̵.̵f̵a̵l̵s̵e̵_̵e̵q̵_̵t̵r̵u̵e̵,̵
  ̵ ̵ ̵ ̵ ̵ ̵ ̵B̵o̵o̵l̵.̵t̵r̵u̵e̵_̵e̵q̵,̵i̵f̵_̵f̵a̵l̵s̵e̵,̵i̵f̵_̵t̵r̵u̵e̵,̵m̵a̵p̵_̵s̵o̵u̵r̵c̵e̵C̵h̵o̵r̵d̵T̵r̵a̵n̵s̵p̵o̵s̵e̵,̵m̵a̵p̵_̵a̵d̵d̵,̵m̵a̵p̵_̵s̵u̵b̵,̵m̵a̵p̵_̵m̵u̵l̵,̵m̵a̵p̵_̵p̵o̵w̵]̵[̲s̲o̲u̲r̲c̲e̲Q̲u̲o̲t̲i̲e̲n̲t̲W̲e̲i̲g̲h̲t̲s̲,̲ ̲s̲o̲u̲r̲c̲e̲I̲m̲a̲g̲e̲U̲p̲d̲a̲t̲e̲s̲_̲a̲p̲p̲l̲y̲,̲ ̲B̲o̲o̲l̲.̲f̲a̲l̲s̲e̲_̲e̲q̲_̲t̲r̲u̲e̲,̲ ̲B̲o̲o̲l̲.̲t̲r̲u̲e̲_̲e̲q̲,̲
  ̲ ̲ ̲ ̲ ̲ ̲ ̲i̲f̲_̲f̲a̲l̲s̲e̲,̲ ̲i̲f̲_̲t̲r̲u̲e̲,̲ ̲m̲a̲p̲_̲s̲o̲u̲r̲c̲e̲C̲h̲o̲r̲d̲T̲r̲a̲n̲s̲p̲o̲s̲e̲,̲ ̲m̲a̲p̲_̲a̲d̲d̲,̲ ̲m̲a̲p̲_̲s̲u̲b̲,̲ ̲m̲a̲p̲_̲m̲u̲l̲]̲

Note: This linter can be disabled with `set_option linter.unusedSimpArgs false`
/home/dombarker/project-offloads/aspis-r57-lean-src-20260929-a/AspisV8R19/R742SourceObservationHom.lean:90:23: warning: This simp argument is unused:
  map_sub

Hint: Omit it from the simp argument list.
  simp only [̵r̵a̵w̵O̵r̵d̵i̵n̵a̵r̵y̵O̵r̵i̵g̵i̵n̵a̵l̵,̵s̵o̵u̵r̵c̵e̵O̵r̵i̵g̵i̵n̵a̵l̵W̵e̵i̵g̵h̵t̵_̵e̵q̵,̵B̵o̵o̵l̵.̵f̵a̵l̵s̵e̵_̵e̵q̵_̵t̵r̵u̵e̵,̵
  ̵ ̵ ̵ ̵ ̵ ̵ ̵i̵f̵_̵f̵a̵l̵s̵e̵,̵m̵a̵p̵_̵a̵d̵d̵,̵m̵a̵p̵_̵s̵u̵b̵,̵m̵a̵p̵_̵m̵u̵l̵,̵m̵a̵p̵_̵p̵o̵w̵,̵m̵a̵p̵_̵z̵e̵r̵o̵,̵m̵a̵p̵_̵o̵n̵e̵,̵
  ̵ ̵ ̵ ̵ ̵ ̵ ̵m̵a̵p̵_̵s̵o̵u̵r̵c̵e̵P̵o̵i̵n̵t̵B̵a̵s̵i̵s̵,̵h̵p̵,̵h̵i̵,̵i̵f̵_̵t̵r̵u̵e̵]̵[̲r̲a̲w̲O̲r̲d̲i̲n̲a̲r̲y̲O̲r̲i̲g̲i̲n̲a̲l̲,̲ ̲s̲o̲u̲r̲c̲e̲O̲r̲i̲g̲i̲n̲a̲l̲W̲e̲i̲g̲h̲t̲_̲e̲q̲,̲ ̲B̲o̲o̲l̲.̲f̲a̲l̲s̲e̲_̲e̲q̲_̲t̲r̲u̲e̲,̲ ̲i̲f̲_̲f̲a̲l̲s̲e̲,̲ ̲m̲a̲p̲_̲a̲d̲d̲,̲
  ̲ ̲ ̲ ̲ ̲ ̲ ̲m̲a̲p̲_̲m̲u̲l̲,̲ ̲m̲a̲p̲_̲p̲o̲w̲,̲ ̲m̲a̲p̲_̲z̲e̲r̲o̲,̲ ̲m̲a̲p̲_̲o̲n̲e̲,̲ ̲m̲a̲p̲_̲s̲o̲u̲r̲c̲e̲P̲o̲i̲n̲t̲B̲a̲s̲i̲s̲,̲ ̲h̲p̲,̲ ̲h̲i̲,̲ ̲i̲f̲_̲t̲r̲u̲e̲]̲

Note: This linter can be disabled with `set_option linter.unusedSimpArgs false`
'AspisV8R19.R742SourceObservationHom.sourceGather_powers' depends on axioms: [propext]
'AspisV8R19.R742SourceObservationHom.map_sourceGather' depends on axioms: [propext, Quot.sound]
'AspisV8R19.R742SourceObservationHom.map_sourcePointBasis' depends on axioms: [propext, Classical.choice, Quot.sound]
'AspisV8R19.R742SourceObservationHom.map_points' depends on axioms: [propext, Classical.choice, Quot.sound]
'AspisV8R19.R742SourceObservationHom.map_transportDual' depends on axioms: [propext, Classical.choice, Quot.sound]
'AspisV8R19.R742SourceObservationHom.map_extendFin1024' depends on axioms: [propext]
'AspisV8R19.R742SourceObservationHom.map_sourceChordTranspose' depends on axioms: [propext,
 Classical.choice,
 Quot.sound]
'AspisV8R19.R742SourceObservationHom.map_sourceQuotientWeights' depends on axioms: [propext,
 sorryAx,
 Classical.choice,
 Quot.sound]
'AspisV8R19.R742SourceObservationHom.map_rawOrdinaryOriginal' depends on axioms: [propext, Classical.choice, Quot.sound]
'AspisV8R19.R742SourceObservationHom.map_rawOrdinaryWeight' depends on axioms: [propext,
 sorryAx,
 Classical.choice,
 Quot.sound]
'AspisV8R19.R742SourceObservationHom.map_pointWeight' depends on axioms: [propext, Classical.choice, Quot.sound]
Command exited with non-zero status 1
	Command being timed: "/home/dombarker/.elan/bin/lake --dir /home/dombarker/project-offloads/aspis-r126-release-20260930-a/focus-workspace env lean -j1 -M4500 -R /home/dombarker/project-offloads/aspis-r57-lean-src-20260929-a -o /home/dombarker/project-offloads/aspis-r126-release-20260930-a/lib/AspisV8R19/R742SourceObservationHom.olean /home/dombarker/project-offloads/aspis-r57-lean-src-20260929-a/AspisV8R19/R742SourceObservationHom.lean"
	User time (seconds): 2.17
	System time (seconds): 0.37
	Percent of CPU this job got: 100%
	Elapsed (wall clock) time (h:mm:ss or m:ss): 0:02.54
	Average shared text size (kbytes): 0
	Average unshared data size (kbytes): 0
	Average stack size (kbytes): 0
	Average total size (kbytes): 0
	Maximum resident set size (kbytes): 3294136
	Average resident set size (kbytes): 0
	Major (requiring I/O) page faults: 2
	Minor (reclaiming a frame) page faults: 78720
	Voluntary context switches: 1218
	Involuntary context switches: 71
	Swaps: 0
	File system inputs: 256
	File system outputs: 0
	Socket messages sent: 0
	Socket messages received: 0
	Signals delivered: 0
	Page size (bytes): 4096
	Exit status: 1
Finished with result: exit-code
Main processes terminated with: code=exited/status=1
Service runtime: 2.568s
CPU time consumed: 2.573s
Memory peak: 512.0K
Memory swap peak: 0B
