Warning: Permanently added '100.108.41.90' (ED25519) to the list of known hosts.
Running as unit: aspis-focus-1791125209679532000.service; invocation ID: 7c84b25f09f4432f8a07729bf0efaf26
/home/dombarker/project-offloads/aspis-r57-lean-src-20260929-a/AspisV8R19/R699SourceTopChordBoundary.lean:47:50: warning: This simp argument is unused:
  ite_false

Hint: Omit it from the simp argument list.
  simp only [List.filter_cons, h̵,̵d̵e̵c̵i̵d̵e̵_̵f̵a̵l̵s̵e̵,̵i̵t̵e̵_̵f̵a̵l̵s̵e̵,̵s̵c̵a̵t̵t̵e̵r̵V̵a̵l̵u̵e̵,̵
  ̵ ̵ ̵ ̵ ̵ ̵ ̵ ̵ ̵L̵i̵s̵t̵.̵m̵a̵p̵_̵c̵o̵n̵s̵,̵i̵f̵_̵n̵e̵g̵ ̵h̵r̵,̵L̵i̵s̵t̵.̵s̵u̵m̵_̵c̵o̵n̵s̵,̵z̵e̵r̵o̵_̵a̵d̵d̵]̵h̲,̲ ̲d̲e̲c̲i̲d̲e̲_̲f̲a̲l̲s̲e̲,̲ ̲s̲c̲a̲t̲t̲e̲r̲V̲a̲l̲u̲e̲,̲ ̲L̲i̲s̲t̲.̲m̲a̲p̲_̲c̲o̲n̲s̲,̲ ̲i̲f̲_̲n̲e̲g̲ ̲h̲r̲,̲
  ̲ ̲ ̲ ̲ ̲ ̲ ̲ ̲ ̲L̲i̲s̲t̲.̲s̲u̲m̲_̲c̲o̲n̲s̲,̲ ̲z̲e̲r̲o̲_̲a̲d̲d̲]̲ at *

Note: This linter can be disabled with `set_option linter.unusedSimpArgs false`
'AspisV8R19.R699SourceTopChordBoundary.sourceEdges_powers' depends on axioms: [propext, Quot.sound]
'AspisV8R19.R699SourceTopChordBoundary.index_512_511' depends on axioms: [propext]
'AspisV8R19.R699SourceTopChordBoundary.index_513_511' depends on axioms: [propext]
'AspisV8R19.R699SourceTopChordBoundary.index_512_510' depends on axioms: [propext]
'AspisV8R19.R699SourceTopChordBoundary.scatter_512_511' depends on axioms: [propext, Quot.sound]
'AspisV8R19.R699SourceTopChordBoundary.scatter_513_511' depends on axioms: [propext, Quot.sound]
'AspisV8R19.R699SourceTopChordBoundary.scatter_512_510' depends on axioms: [propext, Quot.sound]
/home/dombarker/project-offloads/aspis-r57-lean-src-20260929-a/AspisV8R19/R699SourceTopChordBoundary.lean:92:51: warning: This simp argument is unused:
  if_pos rfl

Hint: Omit it from the simp argument list.
  simp only [̵c̵h̵o̵r̵d̵C̵o̵e̵f̵f̵i̵c̵i̵e̵n̵t̵,̵s̵h̵o̵w̵ ̵1̵0̵2̵2̵%̵2̵=̵0̵[̲c̲h̲o̲r̲d̲C̲o̲e̲f̲f̲i̲c̲i̲e̲n̲t̲,̲ ̲s̲h̲o̲w̲ ̲1̲0̲2̲2̲ ̲%̲ ̲2̲ ̲=̲ ̲0̲ by r̵f̵l̵,̵i̵f̵_̵p̵o̵s̵ ̵rfl, show 1̵0̵2̵2̵/̵2̵=̵5̵1̵1̵1̲0̲2̲2̲ ̲/̲ ̲2̲ ̲=̲ ̲5̲1̲1̲ by r̵f̵l̵,̵c̵h̵o̵r̵d̵E̵v̵e̵n̵,̵z̵e̵r̵o̵_̵m̵u̵l̵,̵a̵d̵d̵_̵z̵e̵r̵o̵]̵r̲f̲l̲,̲ ̲c̲h̲o̲r̲d̲E̲v̲e̲n̲,̲
  ̲ ̲ ̲ ̲ ̲z̲e̲r̲o̲_̲m̲u̲l̲,̲ ̲a̲d̲d̲_̲z̲e̲r̲o̲]̲

Note: This linter can be disabled with `set_option linter.unusedSimpArgs false`
'AspisV8R19.R699SourceTopChordBoundary.top_row_pivot' depends on axioms: [propext, Classical.choice, Quot.sound]
'AspisV8R19.R699SourceTopChordBoundary.chord_top_even' depends on axioms: [propext, Classical.choice, Quot.sound]
'AspisV8R19.R699SourceTopChordBoundary.chord_preceding_odd' depends on axioms: [propext, Classical.choice, Quot.sound]
	Command being timed: "/home/dombarker/.elan/bin/lake --dir /home/dombarker/project-offloads/aspis-r126-release-20260930-a/focus-workspace env lean -j1 -M4500 -R /home/dombarker/project-offloads/aspis-r57-lean-src-20260929-a -o /home/dombarker/project-offloads/aspis-r126-release-20260930-a/lib/AspisV8R19/R699SourceTopChordBoundary.olean /home/dombarker/project-offloads/aspis-r57-lean-src-20260929-a/AspisV8R19/R699SourceTopChordBoundary.lean"
	User time (seconds): 3.11
	System time (seconds): 0.55
	Percent of CPU this job got: 99%
	Elapsed (wall clock) time (h:mm:ss or m:ss): 0:03.68
	Average shared text size (kbytes): 0
	Average unshared data size (kbytes): 0
	Average stack size (kbytes): 0
	Average total size (kbytes): 0
	Maximum resident set size (kbytes): 3329116
	Average resident set size (kbytes): 0
	Major (requiring I/O) page faults: 0
	Minor (reclaiming a frame) page faults: 128484
	Voluntary context switches: 1256
	Involuntary context switches: 97
	Swaps: 0
	File system inputs: 8
	File system outputs: 672
	Socket messages sent: 0
	Socket messages received: 0
	Signals delivered: 0
	Page size (bytes): 4096
	Exit status: 0
Finished with result: success
Main processes terminated with: code=exited/status=0
Service runtime: 3.709s
CPU time consumed: 3.706s
Memory peak: 328.0K
Memory swap peak: 0B
