Warning: Permanently added '100.108.41.90' (ED25519) to the list of known hosts.
Running as unit: aspis-focus-1791125149586190000.service; invocation ID: 8e29c692c07d49d09623efed3b28ba4f
/home/dombarker/project-offloads/aspis-r57-lean-src-20260929-a/AspisV8R19/R699SourceTopChordBoundary.lean:47:50: warning: This simp argument is unused:
  ite_false

Hint: Omit it from the simp argument list.
  simp only [List.filter_cons, h̵,̵d̵e̵c̵i̵d̵e̵_̵f̵a̵l̵s̵e̵,̵i̵t̵e̵_̵f̵a̵l̵s̵e̵,̵s̵c̵a̵t̵t̵e̵r̵V̵a̵l̵u̵e̵,̵
  ̵ ̵ ̵ ̵ ̵ ̵ ̵ ̵ ̵L̵i̵s̵t̵.̵m̵a̵p̵_̵c̵o̵n̵s̵,̵i̵f̵_̵n̵e̵g̵ ̵h̵r̵,̵L̵i̵s̵t̵.̵s̵u̵m̵_̵c̵o̵n̵s̵,̵z̵e̵r̵o̵_̵a̵d̵d̵]̵h̲,̲ ̲d̲e̲c̲i̲d̲e̲_̲f̲a̲l̲s̲e̲,̲ ̲s̲c̲a̲t̲t̲e̲r̲V̲a̲l̲u̲e̲,̲ ̲L̲i̲s̲t̲.̲m̲a̲p̲_̲c̲o̲n̲s̲,̲ ̲i̲f̲_̲n̲e̲g̲ ̲h̲r̲,̲
  ̲ ̲ ̲ ̲ ̲ ̲ ̲ ̲ ̲L̲i̲s̲t̲.̲s̲u̲m̲_̲c̲o̲n̲s̲,̲ ̲z̲e̲r̲o̲_̲a̲d̲d̲]̲ at *

Note: This linter can be disabled with `set_option linter.unusedSimpArgs false`
'AspisV8R19.R699SourceTopChordBoundary.sourceEdges_powers' depends on axioms: [propext, Quot.sound]
'AspisV8R19.R699SourceTopChordBoundary.index_512_511' depends on axioms: [propext]
'AspisV8R19.R699SourceTopChordBoundary.index_513_511' depends on axioms: [propext]
'AspisV8R19.R699SourceTopChordBoundary.index_512_510' depends on axioms: [propext]
'AspisV8R19.R699SourceTopChordBoundary.scatter_512_511' depends on axioms: [propext, Quot.sound]
'AspisV8R19.R699SourceTopChordBoundary.scatter_513_511' depends on axioms: [propext, Quot.sound]
'AspisV8R19.R699SourceTopChordBoundary.scatter_512_510' depends on axioms: [propext, Quot.sound]
	Command being timed: "/home/dombarker/.elan/bin/lake --dir /home/dombarker/project-offloads/aspis-r126-release-20260930-a/focus-workspace env lean -j1 -M4500 -R /home/dombarker/project-offloads/aspis-r57-lean-src-20260929-a -o /home/dombarker/project-offloads/aspis-r126-release-20260930-a/lib/AspisV8R19/R699SourceTopChordBoundary.olean /home/dombarker/project-offloads/aspis-r57-lean-src-20260929-a/AspisV8R19/R699SourceTopChordBoundary.lean"
	User time (seconds): 2.77
	System time (seconds): 0.54
	Percent of CPU this job got: 99%
	Elapsed (wall clock) time (h:mm:ss or m:ss): 0:03.32
	Average shared text size (kbytes): 0
	Average unshared data size (kbytes): 0
	Average stack size (kbytes): 0
	Average total size (kbytes): 0
	Maximum resident set size (kbytes): 3329588
	Average resident set size (kbytes): 0
	Major (requiring I/O) page faults: 16
	Minor (reclaiming a frame) page faults: 130575
	Voluntary context switches: 794
	Involuntary context switches: 73
	Swaps: 0
	File system inputs: 512
	File system outputs: 352
	Socket messages sent: 0
	Socket messages received: 0
	Signals delivered: 0
	Page size (bytes): 4096
	Exit status: 0
Finished with result: success
Main processes terminated with: code=exited/status=0
Service runtime: 3.355s
CPU time consumed: 3.351s
Memory peak: 288.0K
Memory swap peak: 0B
