Warning: Permanently added '100.108.41.90' (ED25519) to the list of known hosts.
Running as unit: aspis-focus-1791165998640130000-a9b7ccaedc47.service; invocation ID: 4876c5d270af49569061870985114ecd
/home/dombarker/project-offloads/aspis-r57-lean-src-20260929-a/AspisV8R19/R864SemanticKernel.lean:64:59: warning: This simp argument is unused:
  List.sum_cons

Hint: Omit it from the simp argument list.
  simp only [Option.map_some, List.map_cons, List.map_nil, L̵i̵s̵t̵.̵s̵u̵m̵_̵c̵o̵n̵s̵,̵ ̵List.sum_nil, add_zero, pow_zero,
  ̲  ̲ ̲ ̲one_mul]

Note: This linter can be disabled with `set_option linter.unusedSimpArgs false`
/home/dombarker/project-offloads/aspis-r57-lean-src-20260929-a/AspisV8R19/R864SemanticKernel.lean:64:74: warning: This simp argument is unused:
  List.sum_nil

Hint: Omit it from the simp argument list.
  simp only [Option.map_some, List.map_cons, List.map_nil, List.sum_cons, L̵i̵s̵t̵.̵s̵u̵m̵_̵n̵i̵l̵,̵ ̵add_zero, pow_zero,
  ̲  ̲ ̲ ̲one_mul]

Note: This linter can be disabled with `set_option linter.unusedSimpArgs false`
/home/dombarker/project-offloads/aspis-r57-lean-src-20260929-a/AspisV8R19/R864SemanticKernel.lean:64:88: warning: This simp argument is unused:
  add_zero

Hint: Omit it from the simp argument list.
  simp only [Option.map_some, List.map_cons, List.map_nil, List.sum_cons, List.sum_nil, a̵d̵d̵_̵z̵e̵r̵o̵,̵
  ̵ ̵ ̵ ̵ ̵pow_zero,
  ̲  ̲ ̲ ̲one_mul]

Note: This linter can be disabled with `set_option linter.unusedSimpArgs false`
/home/dombarker/project-offloads/aspis-r57-lean-src-20260929-a/AspisV8R19/R864SemanticKernel.lean:65:14: warning: This simp argument is unused:
  one_mul

Hint: Omit it from the simp argument list.
  simp only [Option.map_some, List.map_cons, List.map_nil, List.sum_cons, List.sum_nil, add_zero,
      pow_zero,̵ ̵o̵n̵e̵_̵m̵u̵l̵]

Note: This linter can be disabled with `set_option linter.unusedSimpArgs false`
/home/dombarker/project-offloads/aspis-r57-lean-src-20260929-a/AspisV8R19/R864SemanticKernel.lean:67:4: warning: This simp argument is unused:
  pow_zero

Hint: Omit it from the simp argument list.
  simp only [Option.getD_some, List.map_cons, List.map_nil, List.sum_cons, List.sum_nil, add_zero,
      p̵ow̵_̵z̵e̵r̵o̵,̵ ̵o̵ne_mul]

Note: This linter can be disabled with `set_option linter.unusedSimpArgs false`
/home/dombarker/project-offloads/aspis-r57-lean-src-20260929-a/AspisV8R19/R864SemanticKernel.lean:76:59: warning: This simp argument is unused:
  List.sum_cons

Hint: Omit it from the simp argument list.
  simp only [Option.map_some, List.map_cons, List.map_nil, L̵i̵s̵t̵.̵s̵u̵m̵_̵c̵o̵n̵s̵,̵ ̵List.sum_nil, add_zero, pow_zero,
  ̲  ̲ ̲ ̲one_mul]

Note: This linter can be disabled with `set_option linter.unusedSimpArgs false`
/home/dombarker/project-offloads/aspis-r57-lean-src-20260929-a/AspisV8R19/R864SemanticKernel.lean:76:74: warning: This simp argument is unused:
  List.sum_nil

Hint: Omit it from the simp argument list.
  simp only [Option.map_some, List.map_cons, List.map_nil, List.sum_cons, L̵i̵s̵t̵.̵s̵u̵m̵_̵n̵i̵l̵,̵ ̵add_zero, pow_zero,
  ̲  ̲ ̲ ̲one_mul]

Note: This linter can be disabled with `set_option linter.unusedSimpArgs false`
/home/dombarker/project-offloads/aspis-r57-lean-src-20260929-a/AspisV8R19/R864SemanticKernel.lean:76:88: warning: This simp argument is unused:
  add_zero

Hint: Omit it from the simp argument list.
  simp only [Option.map_some, List.map_cons, List.map_nil, List.sum_cons, List.sum_nil, a̵d̵d̵_̵z̵e̵r̵o̵,̵
  ̵ ̵ ̵ ̵ ̵pow_zero,
  ̲  ̲ ̲ ̲one_mul]

Note: This linter can be disabled with `set_option linter.unusedSimpArgs false`
/home/dombarker/project-offloads/aspis-r57-lean-src-20260929-a/AspisV8R19/R864SemanticKernel.lean:77:14: warning: This simp argument is unused:
  one_mul

Hint: Omit it from the simp argument list.
  simp only [Option.map_some, List.map_cons, List.map_nil, List.sum_cons, List.sum_nil, add_zero,
      pow_zero,̵ ̵o̵n̵e̵_̵m̵u̵l̵]

Note: This linter can be disabled with `set_option linter.unusedSimpArgs false`
/home/dombarker/project-offloads/aspis-r57-lean-src-20260929-a/AspisV8R19/R864SemanticKernel.lean:79:4: warning: This simp argument is unused:
  pow_zero

Hint: Omit it from the simp argument list.
  simp only [Option.getD_some, List.map_cons, List.map_nil, List.sum_cons, List.sum_nil, add_zero,
      p̵ow̵_̵z̵e̵r̵o̵,̵ ̵o̵ne_mul]

Note: This linter can be disabled with `set_option linter.unusedSimpArgs false`
/home/dombarker/project-offloads/aspis-r57-lean-src-20260929-a/AspisV8R19/R864SemanticKernel.lean:127:6: error: Tactic `rewrite` failed: Did not find an occurrence of the pattern
  indexTargets 192
in the target expression
  ¬(evenUnitSupport (2 * ↑d96) (128 + 3 * ↑i) ∨
      if 0 = 1 then evenUnitSupport (2 * ↑d96 + 1) (128 + 3 * ↑i) else oddUnitSupport (2 * ↑d96 + 0 / 2) (128 + 3 * ↑i))

i : Fin 271
hi : ↑i ≠ 86
⊢ ¬(evenUnitSupport (2 * ↑d96) (128 + 3 * ↑i) ∨
      if 0 = 1 then evenUnitSupport (2 * ↑d96 + 1) (128 + 3 * ↑i) else oddUnitSupport (2 * ↑d96 + 0 / 2) (128 + 3 * ↑i))
'AspisV8R19.R864SemanticKernel.loop0' depends on axioms: [propext]
'AspisV8R19.R864SemanticKernel.loop1' depends on axioms: [propext]
'AspisV8R19.R864SemanticKernel.loop192' depends on axioms: [propext]
'AspisV8R19.R864SemanticKernel.loop193' depends on axioms: [propext]
'AspisV8R19.R864SemanticKernel.sparseX0' depends on axioms: [propext, Quot.sound]
'AspisV8R19.R864SemanticKernel.sparseX192' depends on axioms: [propext, Quot.sound]
'AspisV8R19.R864SemanticKernel.sparseX1' depends on axioms: [propext, Quot.sound]
'AspisV8R19.R864SemanticKernel.sparseX193' depends on axioms: [propext, Quot.sound]
'AspisV8R19.R864SemanticKernel.sparseXX0' depends on axioms: [propext, Quot.sound]
'AspisV8R19.R864SemanticKernel.sparseXX192' depends on axioms: [propext, Quot.sound]
'AspisV8R19.R864SemanticKernel.chord_at_386' depends on axioms: [propext, Classical.choice, Quot.sound]
'AspisV8R19.R864SemanticKernel.non86_pair_absent' depends on axioms: [propext, sorryAx]
'AspisV8R19.R864SemanticKernel.chord_at_other_coin_zero' depends on axioms: [propext,
 sorryAx,
 Classical.choice,
 Quot.sound]
Command exited with non-zero status 1
	Command being timed: "/home/dombarker/.elan/bin/lake --dir /home/dombarker/project-offloads/aspis-r126-release-20260930-a/focus-workspace env lean -j1 -M4500 -R /home/dombarker/project-offloads/aspis-r57-lean-src-20260929-a -o /home/dombarker/project-offloads/aspis-r126-release-20260930-a/lib/AspisV8R19/R864SemanticKernel.olean /home/dombarker/project-offloads/aspis-r57-lean-src-20260929-a/AspisV8R19/R864SemanticKernel.lean"
	User time (seconds): 1.41
	System time (seconds): 0.38
	Percent of CPU this job got: 100%
	Elapsed (wall clock) time (h:mm:ss or m:ss): 0:01.78
	Average shared text size (kbytes): 0
	Average unshared data size (kbytes): 0
	Average stack size (kbytes): 0
	Average total size (kbytes): 0
	Maximum resident set size (kbytes): 3299060
	Average resident set size (kbytes): 0
	Major (requiring I/O) page faults: 0
	Minor (reclaiming a frame) page faults: 77922
	Voluntary context switches: 1282
	Involuntary context switches: 69
	Swaps: 0
	File system inputs: 0
	File system outputs: 0
	Socket messages sent: 0
	Socket messages received: 0
	Signals delivered: 0
	Page size (bytes): 4096
	Exit status: 1
Finished with result: exit-code
Main processes terminated with: code=exited/status=1
Service runtime: 1.815s
CPU time consumed: 1.824s
Memory peak: 288.0K
Memory swap peak: 0B
