info: r52_focused: no previous manifest, creating one from scratch
info: toolchain not updated; already up-to-date
/home/dombarker/project-offloads/aspis-r52-lean-src-20260929-a/AspisV8R19/OracleResampling.lean:60:6: error: Tactic `rewrite` failed: Did not find an occurrence of the pattern
  mean fun p => ?f p.1 p.2
in the target expression
  (mean fun p => f (Function.update p.1 i p.2)) = mean fun p => f p.1

I : Type u_3
A : Type u_4
inst✝³ : Fintype I
inst✝² : Fintype A
inst✝¹ : Nonempty A
inst✝ : DecidableEq I
i : I
f : (I → A) → ℚ
h : (mean fun p => f (Function.update p.1 i p.2)) = mean fun p => f p.1
⊢ mean f = mean fun a => mean fun H => f (Function.update H i a)
'AspisV8R19.OracleResampling.mean_congr' depends on axioms: [propext, Classical.choice, Quot.sound]
'AspisV8R19.OracleResampling.mean_const' depends on axioms: [propext, Classical.choice, Quot.sound]
'AspisV8R19.OracleResampling.mean_equiv' depends on axioms: [propext, Classical.choice, Quot.sound]
'AspisV8R19.OracleResampling.mean_prod' depends on axioms: [propext, Classical.choice, Quot.sound]
'AspisV8R19.OracleResampling.mean_comm' depends on axioms: [propext, Classical.choice, Quot.sound]
'AspisV8R19.OracleResampling.swapCell' depends on axioms: [propext, Quot.sound]
'AspisV8R19.OracleResampling.resample_cell' depends on axioms: [propext, sorryAx, Classical.choice, Quot.sound]
Command exited with non-zero status 1
	Command being timed: "/home/dombarker/.elan/bin/lake env lean -R /home/dombarker/project-offloads/aspis-r52-lean-src-20260929-a -o /home/dombarker/project-offloads/aspis-r52-lean-20260929-a/lib/AspisV8R19/OracleResampling.olean /home/dombarker/project-offloads/aspis-r52-lean-src-20260929-a/AspisV8R19/OracleResampling.lean"
	User time (seconds): 1.07
	System time (seconds): 0.46
	Percent of CPU this job got: 112%
	Elapsed (wall clock) time (h:mm:ss or m:ss): 0:01.36
	Average shared text size (kbytes): 0
	Average unshared data size (kbytes): 0
	Average stack size (kbytes): 0
	Average total size (kbytes): 0
	Maximum resident set size (kbytes): 3252320
	Average resident set size (kbytes): 0
	Major (requiring I/O) page faults: 0
	Minor (reclaiming a frame) page faults: 77553
	Voluntary context switches: 5911
	Involuntary context switches: 67
	Swaps: 0
	File system inputs: 32
	File system outputs: 48
	Socket messages sent: 0
	Socket messages received: 0
	Signals delivered: 0
	Page size (bytes): 4096
	Exit status: 1
