'AspisV8Completion.FSOODPair.run_pair' depends on axioms: [propext, Quot.sound]
'AspisV8Completion.FSOODPair.pair_valid' depends on axioms: [propext, Quot.sound]
'AspisV8Completion.FSOODPair.pair_prefix' depends on axioms: [propext, Quot.sound]
        0.41 real         0.26 user         0.14 sys
           683016192  maximum resident set size
                   0  average shared memory size
                   0  average unshared data size
                   0  average unshared stack size
               47576  page reclaims
                   3  page faults
                   0  swaps
                   0  block input operations
                   0  block output operations
                   0  messages sent
                   0  messages received
                   0  signals received
                   1  voluntary context switches
                 534  involuntary context switches
           315040288  instructions retired
           107307493  cycles elapsed
            11043488  peak memory footprint
