R24_ADDSUB raw_boundary_cases=128 original_panic_behavior_retained=true
R23_FIELD random_pairs=200000 boundary_pairs=1296 operations_per_pair=2 raw_product_cases=64 checked_overflow_panics=15 reference=unmodified_R20_field
R22_NATIVE source_vectors=256 adjoint_basis_cases=4096 genuine_public_inputs=2 image_retained=true T_unchanged=true auxiliary_proof=false
	Command being timed: "/home/dombarker/project-offloads/aspis-r22-addsub-20260928-b/host/r22-check /home/dombarker/project-offloads/aspis-r22-addsub-20260928-b/host/generated /home/dombarker/project-offloads/aspis-r21-tools-20260922-a/public-world0.bin /home/dombarker/project-offloads/aspis-r21-tools-20260922-a/public-world1.bin"
	User time (seconds): 0.03
	System time (seconds): 0.00
	Percent of CPU this job got: 97%
	Elapsed (wall clock) time (h:mm:ss or m:ss): 0:00.03
	Average shared text size (kbytes): 0
	Average unshared data size (kbytes): 0
	Average stack size (kbytes): 0
	Average total size (kbytes): 0
	Maximum resident set size (kbytes): 2464
	Average resident set size (kbytes): 0
	Major (requiring I/O) page faults: 0
	Minor (reclaiming a frame) page faults: 114
	Voluntary context switches: 1
	Involuntary context switches: 2
	Swaps: 0
	File system inputs: 0
	File system outputs: 24
	Socket messages sent: 0
	Socket messages received: 0
	Signals delivered: 0
	Page size (bytes): 4096
	Exit status: 0
