Warning: Permanently added '100.108.41.90' (ED25519) to the list of known hosts.
Running as unit: aspis-focus-1791014728377521000.service; invocation ID: 213e749b10fa4ee2b895765699ec8827
/home/dombarker/project-offloads/aspis-r57-lean-src-20260929-a/.r21-scratch/r444-initial-source-limb/R444InitialSourceLimb.lean:28:13: error: Application type mismatch: The argument
  rfl
has type
  ?m.48 = ?m.48
but is expected to have type
  True
in the application
  And.intro rfl
/home/dombarker/project-offloads/aspis-r57-lean-src-20260929-a/.r21-scratch/r444-initial-source-limb/R444InitialSourceLimb.lean:28:18: error: Application type mismatch: The argument
  rfl
has type
  ?m.52 = ?m.52
but is expected to have type
  True
in the application
  And.intro rfl
/home/dombarker/project-offloads/aspis-r57-lean-src-20260929-a/.r21-scratch/r444-initial-source-limb/R444InitialSourceLimb.lean:28:23: error: Application type mismatch: The argument
  rfl
has type
  ?m.56 = ?m.56
but is expected to have type
  True
in the application
  And.intro rfl
'R444InitialSourceLimb.limbRun_no_refill' depends on axioms: [propext, sorryAx, Classical.choice, Quot.sound]
Command exited with non-zero status 1
	Command being timed: "/home/dombarker/.elan/bin/lake --dir /home/dombarker/project-offloads/aspis-r126-release-20260930-a/focus-workspace env lean -j1 -M4500 -R /home/dombarker/project-offloads/aspis-r57-lean-src-20260929-a -o /home/dombarker/project-offloads/aspis-r126-release-20260930-a/lib/.r21-scratch/r444-initial-source-limb/R444InitialSourceLimb.olean /home/dombarker/project-offloads/aspis-r57-lean-src-20260929-a/.r21-scratch/r444-initial-source-limb/R444InitialSourceLimb.lean"
	User time (seconds): 0.98
	System time (seconds): 0.33
	Percent of CPU this job got: 100%
	Elapsed (wall clock) time (h:mm:ss or m:ss): 0:01.32
	Average shared text size (kbytes): 0
	Average unshared data size (kbytes): 0
	Average stack size (kbytes): 0
	Average total size (kbytes): 0
	Maximum resident set size (kbytes): 3218116
	Average resident set size (kbytes): 0
	Major (requiring I/O) page faults: 0
	Minor (reclaiming a frame) page faults: 76820
	Voluntary context switches: 387
	Involuntary context switches: 52
	Swaps: 0
	File system inputs: 0
	File system outputs: 0
	Socket messages sent: 0
	Socket messages received: 0
	Signals delivered: 0
	Page size (bytes): 4096
	Exit status: 1
Finished with result: exit-code
Main processes terminated with: code=exited/status=1
Service runtime: 1.352s
CPU time consumed: 1.353s
Memory peak: 512.0K
Memory swap peak: 0B
