Running as unit: aspis-positive-live-honest-1788976380.scope; invocation ID: 5b21bdb420ba47009452e279aa8afd12
POSITIVE_LAYOUT old_cells=3803 new_cells=3802 old_fp=f9daf3d54f4285d1 new_fp=6b661245a56c7189 active_reserved=true unchanged_dependents=16 descriptor_bytes=107 packing_controls=32
GAMMA_CONTROLS canonical_profiles=512 maximal_limb_dot=true noncanonical_positions=152 short_inputs=2
STRUCTURED_CONTROLS entries=16384 terminals=64 affine_x_y=true inversion_zero_every_position=true
PERF_CONTROLS exact_public_weights=8192 allocation_free_carry=4104 zero_one_coordinates=true
PERF {"seed":0,"phase":"setup_compiler_encoder_matrix","seconds":1.3215579800000001}
PERF {"seed":1,"phase":"masking","seconds":0.001105222}
PERF {"seed":1,"phase":"c1_encode","seconds":0.337020448}
PERF {"seed":1,"phase":"c1_salts_pack_tree","seconds":0.753784818}
PERF {"seed":1,"phase":"c2_helpers_encode","seconds":0.133594472}
PERF {"seed":1,"phase":"c2_pack_tree","seconds":0.362980634}
semantic_round=0 checked=true
semantic_round=1 checked=true
semantic_round=2 checked=true
semantic_round=3 checked=true
semantic_round=4 checked=true
semantic_round=5 checked=true
semantic_round=6 checked=true
semantic_round=7 checked=true
semantic_round=8 checked=true
semantic_round=9 checked=true
PERF {"seed":1,"phase":"semantic_producer_literal","seconds":1.5333650410000002}
PERF {"seed":1,"phase":"ood_transpose_quotient","seconds":0.007223602}
PERF {"seed":1,"phase":"relation_openings_serialize","seconds":0.000772841}
PERF {"seed":1,"phase":"prover_total_excludes_setup","seconds":3.129933613}
PERF {"seed":1,"phase":"host_verify_from_public_bytes","seconds":0.002054651}
PERF {"seed":1,"accepted":true,"body_bytes":39294,"max_body_bytes":40282,"stress_nonce_attempts":0,"security_credit_bits":0,"full_transaction_cu":null}
	Command being timed: "env NO_DNA=1 ASPIS_V8_POSITIVE_CASE=honest ASPIS_V8_LIVE_CONTEXT=/home/dombarker/project-offloads/aspis-v8-positive-complete-20260909/positive-live-context ASPIS_V8_COMPLETE_CONTEXT=/home/dombarker/project-offloads/aspis-v8-positive-complete-20260909/positive-live-context /home/dombarker/project-offloads/aspis-v8-positive-complete-20260909/docs/research/v8-no-work-100-20260907/experiments/performance-host/target/release/aspis-v8-performance-host /home/dombarker/project-offloads/aspis-v8-positive-complete-20260909/positive-live-honest"
	User time (seconds): 4.42
	System time (seconds): 0.06
	Percent of CPU this job got: 99%
	Elapsed (wall clock) time (h:mm:ss or m:ss): 0:04.48
	Average shared text size (kbytes): 0
	Average unshared data size (kbytes): 0
	Average stack size (kbytes): 0
	Average total size (kbytes): 0
	Maximum resident set size (kbytes): 203076
	Average resident set size (kbytes): 0
	Major (requiring I/O) page faults: 0
	Minor (reclaiming a frame) page faults: 63129
	Voluntary context switches: 6
	Involuntary context switches: 12
	Swaps: 0
	File system inputs: 32
	File system outputs: 112
	Socket messages sent: 0
	Socket messages received: 0
	Signals delivered: 0
	Page size (bytes): 4096
	Exit status: 0
