Running as unit: aspis-positive-prove-recipient_zero-1788975526.scope; invocation ID: 5cea1307aab84114b4d4f23d9cda1783
POSITIVE_LAYOUT old_cells=3803 new_cells=3802 old_fp=f9daf3d54f4285d1 new_fp=6b661245a56c7189 active_reserved=true unchanged_dependents=16 descriptor_bytes=107 packing_controls=32
GAMMA_CONTROLS canonical_profiles=512 maximal_limb_dot=true noncanonical_positions=152 short_inputs=2
STRUCTURED_CONTROLS entries=16384 terminals=64 affine_x_y=true inversion_zero_every_position=true
PERF_CONTROLS exact_public_weights=8192 allocation_free_carry=4104 zero_one_coordinates=true
PERF {"seed":0,"phase":"setup_compiler_encoder_matrix","seconds":1.340676677}
PERF {"seed":1,"phase":"masking","seconds":0.000838835}
PERF {"seed":1,"phase":"c1_encode","seconds":0.356217229}
PERF {"seed":1,"phase":"c1_salts_pack_tree","seconds":0.759353072}
PERF {"seed":1,"phase":"c2_helpers_encode","seconds":0.145663578}
PERF {"seed":1,"phase":"c2_pack_tree","seconds":0.378087232}
POSITIVE_NEGATIVE genuine_terminal_polynomials=true first_boundary_wrong=true future_challenges_forced=false
POSITIVE_CASE case=recipient_zero seed=1 actual_C1_C2_committed=true masked=true compact_rounds=10 verifier_error=4 verifier_reached_PCS=false nonce_search=false complete_bad_proof=false
	Command being timed: "env NO_DNA=1 ASPIS_V8_COMPLETE_CONTEXT=/home/dombarker/project-offloads/aspis-v8-positive-complete-20260909/positive-local-context ASPIS_V8_POSITIVE_CASE=recipient_zero /home/dombarker/project-offloads/aspis-v8-positive-complete-20260909/docs/research/v8-no-work-100-20260907/experiments/performance-host/target/release/aspis-v8-performance-host /home/dombarker/project-offloads/aspis-v8-positive-complete-20260909/positive-local-recipient_zero"
	User time (seconds): 4.46
	System time (seconds): 0.08
	Percent of CPU this job got: 99%
	Elapsed (wall clock) time (h:mm:ss or m:ss): 0:04.54
	Average shared text size (kbytes): 0
	Average unshared data size (kbytes): 0
	Average stack size (kbytes): 0
	Average total size (kbytes): 0
	Maximum resident set size (kbytes): 202516
	Average resident set size (kbytes): 0
	Major (requiring I/O) page faults: 0
	Minor (reclaiming a frame) page faults: 64015
	Voluntary context switches: 1
	Involuntary context switches: 16
	Swaps: 0
	File system inputs: 0
	File system outputs: 88
	Socket messages sent: 0
	Socket messages received: 0
	Signals delivered: 0
	Page size (bytes): 4096
	Exit status: 0
