Running as unit: aspis-positive-run-honest-1788975526.scope; invocation ID: 7eb3f3f9247f4c82b7b9d0cd0c03a3f3
pair-forest Registry V2 success PASS: 1150565 CU, 845 TxV1 bytes
asr2_fixture=/home/dombarker/project-offloads/aspis-v8-positive-complete-20260909/docs/research/v8-positive-complete-devnet-20260909/evidence/local-honest.asr2.bin
ase2_fixture=/home/dombarker/project-offloads/aspis-v8-positive-complete-20260909/docs/research/v8-positive-complete-devnet-20260909/evidence/local-honest.ase2.bin
evidence=/home/dombarker/project-offloads/aspis-v8-positive-complete-20260909/docs/research/v8-positive-complete-devnet-20260909/evidence/local-honest.json
	Command being timed: "env ASPIS_V8_POSITIVE_CASE=honest /home/dombarker/project-offloads/aspis-v8-positive-complete-20260909/docs/research/v8-no-work-100-20260907/experiments/performance-svm/target/release/aspis-v7-pair-forest-combined-rejection /home/dombarker/project-offloads/aspis-v8-positive-complete-20260909/local-artifacts/pool-checkpoint-fix.so /home/dombarker/project-offloads/aspis-v8-positive-complete-20260909/sbf-complete-terminal-stack/aspis_v8_complete_sbf.so /home/dombarker/project-offloads/aspis-v8-positive-complete-20260909/local-artifacts/registry.so /home/dombarker/project-offloads/aspis-v8-positive-complete-20260909/results/v7-pair-forest-registry-v2-litesvm-20260830/artifacts/aspis_pair_forest_result_double.so /home/dombarker/project-offloads/aspis-v8-positive-complete-20260909/docs/research/v8-positive-complete-devnet-20260909/evidence/local-honest.json /home/dombarker/project-offloads/aspis-v8-positive-complete-20260909/positive-local-honest/proof-1.bin success 1200000 asq8 13 transfer"
	User time (seconds): 0.02
	System time (seconds): 0.01
	Percent of CPU this job got: 88%
	Elapsed (wall clock) time (h:mm:ss or m:ss): 0:00.04
	Average shared text size (kbytes): 0
	Average unshared data size (kbytes): 0
	Average stack size (kbytes): 0
	Average total size (kbytes): 0
	Maximum resident set size (kbytes): 28996
	Average resident set size (kbytes): 0
	Major (requiring I/O) page faults: 0
	Minor (reclaiming a frame) page faults: 6877
	Voluntary context switches: 8
	Involuntary context switches: 3
	Swaps: 0
	File system inputs: 2264
	File system outputs: 48
	Socket messages sent: 0
	Socket messages received: 0
	Signals delivered: 0
	Page size (bytes): 4096
	Exit status: 0
