Running as unit: aspis-positive-context-honest-1788975116.scope; invocation ID: 4893998e969d48ef82d753aa8b8cd81a
Exported authoritative synthetic account context; no proof verified.
	Command being timed: "env ASPIS_V8_EXPORT_CONTEXT=/home/dombarker/project-offloads/aspis-v8-positive-complete-20260909/positive-local-context /home/dombarker/project-offloads/aspis-v8-positive-complete-20260909/docs/research/v8-no-work-100-20260907/experiments/performance-svm/target/release/aspis-v7-pair-forest-combined-rejection /home/dombarker/project-offloads/aspis-v8-positive-complete-20260909/local-artifacts/pool-checkpoint-fix.so /home/dombarker/project-offloads/aspis-v8-positive-complete-20260909/sbf-complete-terminal-stack/aspis_v8_complete_sbf.so /home/dombarker/project-offloads/aspis-v8-positive-complete-20260909/local-artifacts/registry.so /home/dombarker/project-offloads/aspis-v8-positive-complete-20260909/results/v7-pair-forest-registry-v2-litesvm-20260830/artifacts/aspis_pair_forest_result_double.so /home/dombarker/project-offloads/aspis-v8-positive-complete-20260909/docs/research/v8-positive-complete-devnet-20260909/evidence/context.json /dev/null success 1200000 asq8 13 transfer"
	User time (seconds): 0.00
	System time (seconds): 0.00
	Percent of CPU this job got: 66%
	Elapsed (wall clock) time (h:mm:ss or m:ss): 0:00.00
	Average shared text size (kbytes): 0
	Average unshared data size (kbytes): 0
	Average stack size (kbytes): 0
	Average total size (kbytes): 0
	Maximum resident set size (kbytes): 4400
	Average resident set size (kbytes): 0
	Major (requiring I/O) page faults: 0
	Minor (reclaiming a frame) page faults: 626
	Voluntary context switches: 0
	Involuntary context switches: 0
	Swaps: 0
	File system inputs: 0
	File system outputs: 24
	Socket messages sent: 0
	Socket messages received: 0
	Signals delivered: 0
	Page size (bytes): 4096
	Exit status: 0
