Warning: Permanently added '100.108.41.90' (ED25519) to the list of known hosts.
Running as unit: aspis-focus-1791157325711620000-afecea18ce7e.service; invocation ID: fbbbe87744cb4115b6a8a9634504991d
/home/dombarker/project-offloads/aspis-r57-lean-src-20260929-a/AspisV8R19/R812Block06P2.lean:34:11: error(lean.unknownIdentifier): Unknown identifier `sparseObservation`
/home/dombarker/project-offloads/aspis-r57-lean-src-20260929-a/AspisV8R19/R812Block06P2.lean:36:11: error(lean.unknownIdentifier): Unknown identifier `sparseObservation`
/home/dombarker/project-offloads/aspis-r57-lean-src-20260929-a/AspisV8R19/R812Block06P2.lean:38:11: error(lean.unknownIdentifier): Unknown identifier `sparseObservation`
/home/dombarker/project-offloads/aspis-r57-lean-src-20260929-a/AspisV8R19/R812Block06P2.lean:40:11: error(lean.unknownIdentifier): Unknown identifier `sparseObservation`
/home/dombarker/project-offloads/aspis-r57-lean-src-20260929-a/AspisV8R19/R812Block06P2.lean:42:11: error(lean.unknownIdentifier): Unknown identifier `sparseObservation`
/home/dombarker/project-offloads/aspis-r57-lean-src-20260929-a/AspisV8R19/R812Block06P2.lean:44:11: error(lean.unknownIdentifier): Unknown identifier `sparseObservation`
/home/dombarker/project-offloads/aspis-r57-lean-src-20260929-a/AspisV8R19/R812Block06P2.lean:46:11: error(lean.unknownIdentifier): Unknown identifier `sparseObservation`
/home/dombarker/project-offloads/aspis-r57-lean-src-20260929-a/AspisV8R19/R812Block06P2.lean:48:11: error(lean.unknownIdentifier): Unknown identifier `sparseObservation`
/home/dombarker/project-offloads/aspis-r57-lean-src-20260929-a/AspisV8R19/R812Block06P2.lean:50:11: error(lean.unknownIdentifier): Unknown identifier `sparseObservation`
/home/dombarker/project-offloads/aspis-r57-lean-src-20260929-a/AspisV8R19/R812Block06P2.lean:52:11: error(lean.unknownIdentifier): Unknown identifier `sparseObservation`
/home/dombarker/project-offloads/aspis-r57-lean-src-20260929-a/AspisV8R19/R812Block06P2.lean:52:4: error: (deterministic) timeout at `whnf`, maximum number of heartbeats (200000) has been reached

Note: Use `set_option maxHeartbeats <num>` to set the limit.

Hint: Additional diagnostic information may be available using the `set_option diagnostics true` command.
/home/dombarker/project-offloads/aspis-r57-lean-src-20260929-a/AspisV8R19/R812Block06P2.lean:26:0: error: (deterministic) timeout at `whnf`, maximum number of heartbeats (200000) has been reached

Note: Use `set_option maxHeartbeats <num>` to set the limit.

Hint: Additional diagnostic information may be available using the `set_option diagnostics true` command.
'AspisV8R19.R812SourceBlock06P2Row.source_block06_p2_row' does not depend on any axioms
Command exited with non-zero status 1
	Command being timed: "/home/dombarker/.elan/bin/lake --dir /home/dombarker/project-offloads/aspis-r126-release-20260930-a/focus-workspace env lean -j1 -M4500 -R /home/dombarker/project-offloads/aspis-r57-lean-src-20260929-a -o /home/dombarker/project-offloads/aspis-r126-release-20260930-a/lib/AspisV8R19/R812Block06P2.olean /home/dombarker/project-offloads/aspis-r57-lean-src-20260929-a/AspisV8R19/R812Block06P2.lean"
	User time (seconds): 16.91
	System time (seconds): 0.47
	Percent of CPU this job got: 99%
	Elapsed (wall clock) time (h:mm:ss or m:ss): 0:17.39
	Average shared text size (kbytes): 0
	Average unshared data size (kbytes): 0
	Average stack size (kbytes): 0
	Average total size (kbytes): 0
	Maximum resident set size (kbytes): 4217512
	Average resident set size (kbytes): 0
	Major (requiring I/O) page faults: 0
	Minor (reclaiming a frame) page faults: 82239
	Voluntary context switches: 307
	Involuntary context switches: 229
	Swaps: 0
	File system inputs: 0
	File system outputs: 0
	Socket messages sent: 0
	Socket messages received: 0
	Signals delivered: 0
	Page size (bytes): 4096
	Exit status: 1
Finished with result: exit-code
Main processes terminated with: code=exited/status=1
Service runtime: 17.418s
CPU time consumed: 17.416s
Memory peak: 256.0K
Memory swap peak: 0B
