Warning: Permanently added '100.108.41.90' (ED25519) to the list of known hosts.
Running as unit: aspis-focus-1791157174854300000-3ea88c7b132b.service; invocation ID: d24403d49c0d455280eb1c8335111106
'AspisV8R19.R812SourceBlock06RowsChunk08.source_block06_active_row_local33' depends on axioms: [propext,
 Classical.choice,
 Quot.sound]
'AspisV8R19.R812SourceBlock06RowsChunk08.source_block06_active_row_local34' depends on axioms: [propext,
 Classical.choice,
 Quot.sound]
'AspisV8R19.R812SourceBlock06RowsChunk08.source_block06_active_row_local35' depends on axioms: [propext,
 Classical.choice,
 Quot.sound]
'AspisV8R19.R812SourceBlock06RowsChunk08.source_block06_active_row_local36' depends on axioms: [propext,
 Classical.choice,
 Quot.sound]
	Command being timed: "/home/dombarker/.elan/bin/lake --dir /home/dombarker/project-offloads/aspis-r126-release-20260930-a/focus-workspace env lean -j1 -M4500 -R /home/dombarker/project-offloads/aspis-r57-lean-src-20260929-a -o /home/dombarker/project-offloads/aspis-r126-release-20260930-a/lib/AspisV8R19/R812Rows08.olean /home/dombarker/project-offloads/aspis-r57-lean-src-20260929-a/AspisV8R19/R812Rows08.lean"
	User time (seconds): 4.32
	System time (seconds): 0.40
	Percent of CPU this job got: 99%
	Elapsed (wall clock) time (h:mm:ss or m:ss): 0:04.73
	Average shared text size (kbytes): 0
	Average unshared data size (kbytes): 0
	Average stack size (kbytes): 0
	Average total size (kbytes): 0
	Maximum resident set size (kbytes): 3444680
	Average resident set size (kbytes): 0
	Major (requiring I/O) page faults: 0
	Minor (reclaiming a frame) page faults: 91279
	Voluntary context switches: 504
	Involuntary context switches: 72
	Swaps: 0
	File system inputs: 16
	File system outputs: 96
	Socket messages sent: 0
	Socket messages received: 0
	Signals delivered: 0
	Page size (bytes): 4096
	Exit status: 0
Finished with result: success
Main processes terminated with: code=exited/status=0
Service runtime: 4.774s
CPU time consumed: 4.769s
Memory peak: 512.0K
Memory swap peak: 0B
