Warning: Permanently added '100.108.41.90' (ED25519) to the list of known hosts.
Running as unit: aspis-focus-1791156239364589000-78504c3960a9.service; invocation ID: 06b118fbb1334d5f894c0a719008fb55
/home/dombarker/project-offloads/aspis-r57-lean-src-20260929-a/AspisV8R19/R812SourceBlock06Binding.lean:20:26: error(lean.synthInstanceFailed): failed to synthesize instance of type class
  OfNat (Fin (blockSize 6)) 0
numerals are polymorphic in Lean, but the numeral `0` cannot be used in a context where the expected type is
  Fin (blockSize 6)
due to the absence of the instance above

Hint: Type class instance resolution failures can be inspected with the `set_option trace.Meta.synthInstance true` command.
'AspisV8R19.R812SourceBlock06Binding.source_block06_row0' depends on axioms: [propext,
 sorryAx,
 Classical.choice,
 Quot.sound]
/home/dombarker/project-offloads/aspis-r57-lean-src-20260929-a/AspisV8R19/R812SourceBlock06Binding.lean:28:0: error: Unexpected name `AspisV8R19.R812SourceBlock06Binding` after `end`: The current section is unnamed

Hint: Delete the name `AspisV8R19.R812SourceBlock06Binding` to end the current unnamed scope; outer named scopes can then be closed using additional `end` command(s):
  end ̵A̵s̵p̵i̵s̵V̵8̵R̵1̵9̵.̵R̵8̵1̵2̵S̵o̵u̵r̵c̵e̵B̵l̵o̵c̵k̵0̵6̵B̵i̵n̵d̵i̵n̵g̵
Command exited with non-zero status 1
	Command being timed: "/home/dombarker/.elan/bin/lake --dir /home/dombarker/project-offloads/aspis-r126-release-20260930-a/focus-workspace env lean -j1 -M4500 -R /home/dombarker/project-offloads/aspis-r57-lean-src-20260929-a -o /home/dombarker/project-offloads/aspis-r126-release-20260930-a/lib/AspisV8R19/R812SourceBlock06Binding.olean /home/dombarker/project-offloads/aspis-r57-lean-src-20260929-a/AspisV8R19/R812SourceBlock06Binding.lean"
	User time (seconds): 2.83
	System time (seconds): 0.36
	Percent of CPU this job got: 99%
	Elapsed (wall clock) time (h:mm:ss or m:ss): 0:03.20
	Average shared text size (kbytes): 0
	Average unshared data size (kbytes): 0
	Average stack size (kbytes): 0
	Average total size (kbytes): 0
	Maximum resident set size (kbytes): 3293700
	Average resident set size (kbytes): 0
	Major (requiring I/O) page faults: 0
	Minor (reclaiming a frame) page faults: 78078
	Voluntary context switches: 309
	Involuntary context switches: 81
	Swaps: 0
	File system inputs: 0
	File system outputs: 0
	Socket messages sent: 0
	Socket messages received: 0
	Signals delivered: 0
	Page size (bytes): 4096
	Exit status: 1
Finished with result: exit-code
Main processes terminated with: code=exited/status=1
Service runtime: 3.232s
CPU time consumed: 3.233s
Memory peak: 516.0K
Memory swap peak: 0B
