Warning: Permanently added '100.108.41.90' (ED25519) to the list of known hosts.
Running as unit: aspis-focus-1791157731054716000-ab9714839a64.service; invocation ID: 5df1a49964d3413ba0c61f45885a39a9
'AspisV8R19.R812SourceBlock06P0StaticChunk00.static_p0_d028_s1_flat35' depends on axioms: [propext,
 Classical.choice,
 Quot.sound]
'AspisV8R19.R812SourceBlock06P0StaticChunk00.static_p0_d029_s0_flat36' depends on axioms: [propext,
 Classical.choice,
 Quot.sound]
'AspisV8R19.R812SourceBlock06P0StaticChunk00.static_p0_d029_s1_flat37' depends on axioms: [propext,
 Classical.choice,
 Quot.sound]
'AspisV8R19.R812SourceBlock06P0StaticChunk00.static_p0_d030_s0_flat38' depends on axioms: [propext,
 Classical.choice,
 Quot.sound]
'AspisV8R19.R812SourceBlock06P0StaticChunk00.static_p0_d030_s1_flat39' depends on axioms: [propext,
 Classical.choice,
 Quot.sound]
'AspisV8R19.R812SourceBlock06P0StaticChunk00.static_p0_d031_s0_flat40' depends on axioms: [propext,
 Classical.choice,
 Quot.sound]
'AspisV8R19.R812SourceBlock06P0StaticChunk00.static_p0_d031_s1_flat41' depends on axioms: [propext,
 Classical.choice,
 Quot.sound]
'AspisV8R19.R812SourceBlock06P0StaticChunk00.static_p0_d048_s1_flat42' depends on axioms: [propext,
 Classical.choice,
 Quot.sound]
	Command being timed: "/home/dombarker/.elan/bin/lake --dir /home/dombarker/project-offloads/aspis-r126-release-20260930-a/focus-workspace env lean -j1 -M4500 -R /home/dombarker/project-offloads/aspis-r57-lean-src-20260929-a -o /home/dombarker/project-offloads/aspis-r126-release-20260930-a/lib/AspisV8R19/R812P0StaticChunk00.olean /home/dombarker/project-offloads/aspis-r57-lean-src-20260929-a/AspisV8R19/R812P0StaticChunk00.lean"
	User time (seconds): 1.30
	System time (seconds): 0.35
	Percent of CPU this job got: 100%
	Elapsed (wall clock) time (h:mm:ss or m:ss): 0:01.65
	Average shared text size (kbytes): 0
	Average unshared data size (kbytes): 0
	Average stack size (kbytes): 0
	Average total size (kbytes): 0
	Maximum resident set size (kbytes): 3326568
	Average resident set size (kbytes): 0
	Major (requiring I/O) page faults: 0
	Minor (reclaiming a frame) page faults: 78081
	Voluntary context switches: 479
	Involuntary context switches: 90
	Swaps: 0
	File system inputs: 896
	File system outputs: 88
	Socket messages sent: 0
	Socket messages received: 0
	Signals delivered: 0
	Page size (bytes): 4096
	Exit status: 0
Finished with result: success
Main processes terminated with: code=exited/status=0
Service runtime: 1.684s
CPU time consumed: 1.684s
Memory peak: 512.0K
Memory swap peak: 0B
