Warning: Permanently added '100.108.41.90' (ED25519) to the list of known hosts.
Running as unit: aspis-focus-1791156285399924000-66063a5fffba.service; invocation ID: 1c10d5ef2b214b9481289fae94aefc52
/home/dombarker/project-offloads/aspis-r57-lean-src-20260929-a/AspisV8R19/R812SourceBlock00Row00.lean:31:11: error(lean.unknownIdentifier): Unknown identifier `sparseObservation`
/home/dombarker/project-offloads/aspis-r57-lean-src-20260929-a/AspisV8R19/R812SourceBlock00Row00.lean:33:11: error(lean.unknownIdentifier): Unknown identifier `sparseObservation`
/home/dombarker/project-offloads/aspis-r57-lean-src-20260929-a/AspisV8R19/R812SourceBlock00Row00.lean:35:11: error(lean.unknownIdentifier): Unknown identifier `sparseObservation`
/home/dombarker/project-offloads/aspis-r57-lean-src-20260929-a/AspisV8R19/R812SourceBlock00Row00.lean:37:11: error(lean.unknownIdentifier): Unknown identifier `sparseObservation`
/home/dombarker/project-offloads/aspis-r57-lean-src-20260929-a/AspisV8R19/R812SourceBlock00Row00.lean:39:11: error(lean.unknownIdentifier): Unknown identifier `sparseObservation`
/home/dombarker/project-offloads/aspis-r57-lean-src-20260929-a/AspisV8R19/R812SourceBlock00Row00.lean:41:11: error(lean.unknownIdentifier): Unknown identifier `sparseObservation`
/home/dombarker/project-offloads/aspis-r57-lean-src-20260929-a/AspisV8R19/R812SourceBlock00Row00.lean:25:8: error: (kernel) excessive memory consumption detected
'AspisV8R19.R812SourceBlock00Row00.source_block00_row00' depends on axioms: [propext,
 Classical.choice,
 Quot.sound,
 source_block00_row00]
Command exited with non-zero status 1
	Command being timed: "/home/dombarker/.elan/bin/lake --dir /home/dombarker/project-offloads/aspis-r126-release-20260930-a/focus-workspace env lean -j1 -M4500 -R /home/dombarker/project-offloads/aspis-r57-lean-src-20260929-a -o /home/dombarker/project-offloads/aspis-r126-release-20260930-a/lib/AspisV8R19/R812SourceBlock00Row00.olean /home/dombarker/project-offloads/aspis-r57-lean-src-20260929-a/AspisV8R19/R812SourceBlock00Row00.lean"
	User time (seconds): 20.80
	System time (seconds): 0.67
	Percent of CPU this job got: 99%
	Elapsed (wall clock) time (h:mm:ss or m:ss): 0:21.49
	Average shared text size (kbytes): 0
	Average unshared data size (kbytes): 0
	Average stack size (kbytes): 0
	Average total size (kbytes): 0
	Maximum resident set size (kbytes): 4608884
	Average resident set size (kbytes): 0
	Major (requiring I/O) page faults: 21
	Minor (reclaiming a frame) page faults: 189857
	Voluntary context switches: 424
	Involuntary context switches: 187
	Swaps: 0
	File system inputs: 14072
	File system outputs: 0
	Socket messages sent: 0
	Socket messages received: 0
	Signals delivered: 0
	Page size (bytes): 4096
	Exit status: 1
Finished with result: exit-code
Main processes terminated with: code=exited/status=1
Service runtime: 21.525s
CPU time consumed: 21.511s
Memory peak: 328.0K
Memory swap peak: 0B
