Warning: Permanently added '100.108.41.90' (ED25519) to the list of known hosts.
Running as unit: aspis-focus-1791158109555147000-60721b16b625.service; invocation ID: aa5239a8442749d692d6186379bae5a4
/home/dombarker/project-offloads/aspis-r57-lean-src-20260929-a/AspisV8R19/R812BlockSixP2LowerZeros.lean:21:4: error: Type mismatch: After simplification, term
  static_p2_d023_s0_flat00
 has type
  @Eq M (fixedSourceMatrix (R803LiteralSupplementaryEntries.pointPosition 2) 214) 0
but is expected to have type
  @Eq M (fixedSourceMatrix (R803LiteralSupplementaryEntries.pointPosition 2) (colOrder 0)) 0
/home/dombarker/project-offloads/aspis-r57-lean-src-20260929-a/AspisV8R19/R812BlockSixP2LowerZeros.lean:22:4: error: Type mismatch: After simplification, term
  static_p2_d023_s1_flat01
 has type
  @Eq M (fixedSourceMatrix (R803LiteralSupplementaryEntries.pointPosition 2) 215) 0
but is expected to have type
  @Eq M (fixedSourceMatrix (R803LiteralSupplementaryEntries.pointPosition 2) (colOrder 1)) 0
/home/dombarker/project-offloads/aspis-r57-lean-src-20260929-a/AspisV8R19/R812BlockSixP2LowerZeros.lean:23:4: error: Type mismatch: After simplification, term
  static_p2_d023_s2_flat02
 has type
  @Eq M (fixedSourceMatrix (R803LiteralSupplementaryEntries.pointPosition 2) 216) 0
but is expected to have type
  @Eq M (fixedSourceMatrix (R803LiteralSupplementaryEntries.pointPosition 2) (colOrder 2)) 0
/home/dombarker/project-offloads/aspis-r57-lean-src-20260929-a/AspisV8R19/R812BlockSixP2LowerZeros.lean:24:4: error: Type mismatch: After simplification, term
  static_p2_d024_s0_flat03
 has type
  @Eq M (fixedSourceMatrix (R803LiteralSupplementaryEntries.pointPosition 2) 217) 0
but is expected to have type
  @Eq M (fixedSourceMatrix (R803LiteralSupplementaryEntries.pointPosition 2) (colOrder 3)) 0
/home/dombarker/project-offloads/aspis-r57-lean-src-20260929-a/AspisV8R19/R812BlockSixP2LowerZeros.lean:25:4: error: Type mismatch: After simplification, term
  static_p2_d024_s1_flat04
 has type
  @Eq M (fixedSourceMatrix (R803LiteralSupplementaryEntries.pointPosition 2) 218) 0
but is expected to have type
  @Eq M (fixedSourceMatrix (R803LiteralSupplementaryEntries.pointPosition 2) (colOrder 4)) 0
/home/dombarker/project-offloads/aspis-r57-lean-src-20260929-a/AspisV8R19/R812BlockSixP2LowerZeros.lean:26:4: error: Type mismatch: After simplification, term
  static_p2_d024_s2_flat05
 has type
  @Eq M (fixedSourceMatrix (R803LiteralSupplementaryEntries.pointPosition 2) 219) 0
but is expected to have type
  @Eq M (fixedSourceMatrix (R803LiteralSupplementaryEntries.pointPosition 2) (colOrder 5)) 0
/home/dombarker/project-offloads/aspis-r57-lean-src-20260929-a/AspisV8R19/R812BlockSixP2LowerZeros.lean:27:4: error: Type mismatch: After simplification, term
  static_p2_d046_s0_flat06
 has type
  @Eq M (fixedSourceMatrix (R803LiteralSupplementaryEntries.pointPosition 2) 34) 0
but is expected to have type
  @Eq M (fixedSourceMatrix (R803LiteralSupplementaryEntries.pointPosition 2) (colOrder 6)) 0
/home/dombarker/project-offloads/aspis-r57-lean-src-20260929-a/AspisV8R19/R812BlockSixP2LowerZeros.lean:28:4: error: Type mismatch: After simplification, term
  static_p2_d044_s0_flat07
 has type
  @Eq M (fixedSourceMatrix (R803LiteralSupplementaryEntries.pointPosition 2) 31) 0
but is expected to have type
  @Eq M (fixedSourceMatrix (R803LiteralSupplementaryEntries.pointPosition 2) (colOrder 7)) 0
/home/dombarker/project-offloads/aspis-r57-lean-src-20260929-a/AspisV8R19/R812BlockSixP2LowerZeros.lean:29:4: error: Type mismatch: After simplification, term
  static_p2_d044_s1_flat08
 has type
  @Eq M (fixedSourceMatrix (R803LiteralSupplementaryEntries.pointPosition 2) 32) 0
but is expected to have type
  @Eq M (fixedSourceMatrix (R803LiteralSupplementaryEntries.pointPosition 2) (colOrder 8)) 0
/home/dombarker/project-offloads/aspis-r57-lean-src-20260929-a/AspisV8R19/R812BlockSixP2LowerZeros.lean:30:4: error: Type mismatch: After simplification, term
  static_p2_d045_s0_flat09
 has type
  @Eq M (fixedSourceMatrix (R803LiteralSupplementaryEntries.pointPosition 2) 33) 0
but is expected to have type
  @Eq M (fixedSourceMatrix (R803LiteralSupplementaryEntries.pointPosition 2) (colOrder 9)) 0
/home/dombarker/project-offloads/aspis-r57-lean-src-20260929-a/AspisV8R19/R812BlockSixP2LowerZeros.lean:31:4: error: Type mismatch: After simplification, term
  static_p2_d040_s0_flat10
 has type
  @Eq M (fixedSourceMatrix (R803LiteralSupplementaryEntries.pointPosition 2) 23) 0
but is expected to have type
  @Eq M (fixedSourceMatrix (R803LiteralSupplementaryEntries.pointPosition 2) (colOrder 10)) 0
/home/dombarker/project-offloads/aspis-r57-lean-src-20260929-a/AspisV8R19/R812BlockSixP2LowerZeros.lean:32:4: error: Type mismatch: After simplification, term
  static_p2_d040_s1_flat11
 has type
  @Eq M (fixedSourceMatrix (R803LiteralSupplementaryEntries.pointPosition 2) 24) 0
but is expected to have type
  @Eq M (fixedSourceMatrix (R803LiteralSupplementaryEntries.pointPosition 2) (colOrder 11)) 0
/home/dombarker/project-offloads/aspis-r57-lean-src-20260929-a/AspisV8R19/R812BlockSixP2LowerZeros.lean:33:4: error: Type mismatch: After simplification, term
  static_p2_d041_s0_flat12
 has type
  @Eq M (fixedSourceMatrix (R803LiteralSupplementaryEntries.pointPosition 2) 25) 0
but is expected to have type
  @Eq M (fixedSourceMatrix (R803LiteralSupplementaryEntries.pointPosition 2) (colOrder 12)) 0
/home/dombarker/project-offloads/aspis-r57-lean-src-20260929-a/AspisV8R19/R812BlockSixP2LowerZeros.lean:34:4: error: Type mismatch: After simplification, term
  static_p2_d041_s1_flat13
 has type
  @Eq M (fixedSourceMatrix (R803LiteralSupplementaryEntries.pointPosition 2) 26) 0
but is expected to have type
  @Eq M (fixedSourceMatrix (R803LiteralSupplementaryEntries.pointPosition 2) (colOrder 13)) 0
/home/dombarker/project-offloads/aspis-r57-lean-src-20260929-a/AspisV8R19/R812BlockSixP2LowerZeros.lean:35:4: error: Type mismatch: After simplification, term
  static_p2_d042_s0_flat14
 has type
  @Eq M (fixedSourceMatrix (R803LiteralSupplementaryEntries.pointPosition 2) 27) 0
but is expected to have type
  @Eq M (fixedSourceMatrix (R803LiteralSupplementaryEntries.pointPosition 2) (colOrder 14)) 0
/home/dombarker/project-offloads/aspis-r57-lean-src-20260929-a/AspisV8R19/R812BlockSixP2LowerZeros.lean:36:4: error: Type mismatch: After simplification, term
  static_p2_d042_s1_flat15
 has type
  @Eq M (fixedSourceMatrix (R803LiteralSupplementaryEntries.pointPosition 2) 28) 0
but is expected to have type
  @Eq M (fixedSourceMatrix (R803LiteralSupplementaryEntries.pointPosition 2) (colOrder 15)) 0
/home/dombarker/project-offloads/aspis-r57-lean-src-20260929-a/AspisV8R19/R812BlockSixP2LowerZeros.lean:37:4: error: Type mismatch: After simplification, term
  static_p2_d043_s0_flat16
 has type
  @Eq M (fixedSourceMatrix (R803LiteralSupplementaryEntries.pointPosition 2) 29) 0
but is expected to have type
  @Eq M (fixedSourceMatrix (R803LiteralSupplementaryEntries.pointPosition 2) (colOrder 16)) 0
/home/dombarker/project-offloads/aspis-r57-lean-src-20260929-a/AspisV8R19/R812BlockSixP2LowerZeros.lean:38:4: error: Type mismatch: After simplification, term
  static_p2_d043_s1_flat17
 has type
  @Eq M (fixedSourceMatrix (R803LiteralSupplementaryEntries.pointPosition 2) 30) 0
but is expected to have type
  @Eq M (fixedSourceMatrix (R803LiteralSupplementaryEntries.pointPosition 2) (colOrder 17)) 0
/home/dombarker/project-offloads/aspis-r57-lean-src-20260929-a/AspisV8R19/R812BlockSixP2LowerZeros.lean:39:4: error: Type mismatch: After simplification, term
  static_p2_d032_s0_flat18
 has type
  @Eq M (fixedSourceMatrix (R803LiteralSupplementaryEntries.pointPosition 2) 7) 0
but is expected to have type
  @Eq M (fixedSourceMatrix (R803LiteralSupplementaryEntries.pointPosition 2) (colOrder 18)) 0
/home/dombarker/project-offloads/aspis-r57-lean-src-20260929-a/AspisV8R19/R812BlockSixP2LowerZeros.lean:40:4: error: Type mismatch: After simplification, term
  static_p2_d032_s1_flat19
 has type
  @Eq M (fixedSourceMatrix (R803LiteralSupplementaryEntries.pointPosition 2) 8) 0
but is expected to have type
  @Eq M (fixedSourceMatrix (R803LiteralSupplementaryEntries.pointPosition 2) (colOrder 19)) 0
/home/dombarker/project-offloads/aspis-r57-lean-src-20260929-a/AspisV8R19/R812BlockSixP2LowerZeros.lean:41:4: error: Type mismatch: After simplification, term
  static_p2_d033_s0_flat20
 has type
  @Eq M (fixedSourceMatrix (R803LiteralSupplementaryEntries.pointPosition 2) 9) 0
but is expected to have type
  @Eq M (fixedSourceMatrix (R803LiteralSupplementaryEntries.pointPosition 2) (colOrder 20)) 0
/home/dombarker/project-offloads/aspis-r57-lean-src-20260929-a/AspisV8R19/R812BlockSixP2LowerZeros.lean:42:4: error: Type mismatch: After simplification, term
  static_p2_d033_s1_flat21
 has type
  @Eq M (fixedSourceMatrix (R803LiteralSupplementaryEntries.pointPosition 2) 10) 0
but is expected to have type
  @Eq M (fixedSourceMatrix (R803LiteralSupplementaryEntries.pointPosition 2) (colOrder 21)) 0
/home/dombarker/project-offloads/aspis-r57-lean-src-20260929-a/AspisV8R19/R812BlockSixP2LowerZeros.lean:43:4: error: Type mismatch: After simplification, term
  static_p2_d034_s0_flat22
 has type
  @Eq M (fixedSourceMatrix (R803LiteralSupplementaryEntries.pointPosition 2) 11) 0
but is expected to have type
  @Eq M (fixedSourceMatrix (R803LiteralSupplementaryEntries.pointPosition 2) (colOrder 22)) 0
/home/dombarker/project-offloads/aspis-r57-lean-src-20260929-a/AspisV8R19/R812BlockSixP2LowerZeros.lean:44:4: error: Type mismatch: After simplification, term
  static_p2_d034_s1_flat23
 has type
  @Eq M (fixedSourceMatrix (R803LiteralSupplementaryEntries.pointPosition 2) 12) 0
but is expected to have type
  @Eq M (fixedSourceMatrix (R803LiteralSupplementaryEntries.pointPosition 2) (colOrder 23)) 0
/home/dombarker/project-offloads/aspis-r57-lean-src-20260929-a/AspisV8R19/R812BlockSixP2LowerZeros.lean:45:4: error: Type mismatch: After simplification, term
  static_p2_d035_s0_flat24
 has type
  @Eq M (fixedSourceMatrix (R803LiteralSupplementaryEntries.pointPosition 2) 13) 0
but is expected to have type
  @Eq M (fixedSourceMatrix (R803LiteralSupplementaryEntries.pointPosition 2) (colOrder 24)) 0
/home/dombarker/project-offloads/aspis-r57-lean-src-20260929-a/AspisV8R19/R812BlockSixP2LowerZeros.lean:46:4: error: Type mismatch: After simplification, term
  static_p2_d035_s1_flat25
 has type
  @Eq M (fixedSourceMatrix (R803LiteralSupplementaryEntries.pointPosition 2) 14) 0
but is expected to have type
  @Eq M (fixedSourceMatrix (R803LiteralSupplementaryEntries.pointPosition 2) (colOrder 25)) 0
/home/dombarker/project-offloads/aspis-r57-lean-src-20260929-a/AspisV8R19/R812BlockSixP2LowerZeros.lean:47:4: error: Type mismatch: After simplification, term
  static_p2_d036_s0_flat26
 has type
  @Eq M (fixedSourceMatrix (R803LiteralSupplementaryEntries.pointPosition 2) 15) 0
but is expected to have type
  @Eq M (fixedSourceMatrix (R803LiteralSupplementaryEntries.pointPosition 2) (colOrder 26)) 0
/home/dombarker/project-offloads/aspis-r57-lean-src-20260929-a/AspisV8R19/R812BlockSixP2LowerZeros.lean:48:4: error: Type mismatch: After simplification, term
  static_p2_d036_s1_flat27
 has type
  @Eq M (fixedSourceMatrix (R803LiteralSupplementaryEntries.pointPosition 2) 16) 0
but is expected to have type
  @Eq M (fixedSourceMatrix (R803LiteralSupplementaryEntries.pointPosition 2) (colOrder 27)) 0
/home/dombarker/project-offloads/aspis-r57-lean-src-20260929-a/AspisV8R19/R812BlockSixP2LowerZeros.lean:49:4: error: Type mismatch: After simplification, term
  static_p2_d037_s0_flat28
 has type
  @Eq M (fixedSourceMatrix (R803LiteralSupplementaryEntries.pointPosition 2) 17) 0
but is expected to have type
  @Eq M (fixedSourceMatrix (R803LiteralSupplementaryEntries.pointPosition 2) (colOrder 28)) 0
/home/dombarker/project-offloads/aspis-r57-lean-src-20260929-a/AspisV8R19/R812BlockSixP2LowerZeros.lean:50:4: error: Type mismatch: After simplification, term
  static_p2_d037_s1_flat29
 has type
  @Eq M (fixedSourceMatrix (R803LiteralSupplementaryEntries.pointPosition 2) 18) 0
but is expected to have type
  @Eq M (fixedSourceMatrix (R803LiteralSupplementaryEntries.pointPosition 2) (colOrder 29)) 0
/home/dombarker/project-offloads/aspis-r57-lean-src-20260929-a/AspisV8R19/R812BlockSixP2LowerZeros.lean:51:4: error: Type mismatch: After simplification, term
  static_p2_d038_s0_flat30
 has type
  @Eq M (fixedSourceMatrix (R803LiteralSupplementaryEntries.pointPosition 2) 19) 0
but is expected to have type
  @Eq M (fixedSourceMatrix (R803LiteralSupplementaryEntries.pointPosition 2) (colOrder 30)) 0
/home/dombarker/project-offloads/aspis-r57-lean-src-20260929-a/AspisV8R19/R812BlockSixP2LowerZeros.lean:52:4: error: Type mismatch: After simplification, term
  static_p2_d038_s1_flat31
 has type
  @Eq M (fixedSourceMatrix (R803LiteralSupplementaryEntries.pointPosition 2) 20) 0
but is expected to have type
  @Eq M (fixedSourceMatrix (R803LiteralSupplementaryEntries.pointPosition 2) (colOrder 31)) 0
/home/dombarker/project-offloads/aspis-r57-lean-src-20260929-a/AspisV8R19/R812BlockSixP2LowerZeros.lean:53:4: error: Type mismatch: After simplification, term
  static_p2_d039_s0_flat32
 has type
  @Eq M (fixedSourceMatrix (R803LiteralSupplementaryEntries.pointPosition 2) 21) 0
but is expected to have type
  @Eq M (fixedSourceMatrix (R803LiteralSupplementaryEntries.pointPosition 2) (colOrder 32)) 0
/home/dombarker/project-offloads/aspis-r57-lean-src-20260929-a/AspisV8R19/R812BlockSixP2LowerZeros.lean:54:4: error: Type mismatch: After simplification, term
  static_p2_d039_s1_flat33
 has type
  @Eq M (fixedSourceMatrix (R803LiteralSupplementaryEntries.pointPosition 2) 22) 0
but is expected to have type
  @Eq M (fixedSourceMatrix (R803LiteralSupplementaryEntries.pointPosition 2) (colOrder 33)) 0
/home/dombarker/project-offloads/aspis-r57-lean-src-20260929-a/AspisV8R19/R812BlockSixP2LowerZeros.lean:55:4: error: Type mismatch: After simplification, term
  static_p2_d047_s1_flat34
 has type
  @Eq M (fixedSourceMatrix (R803LiteralSupplementaryEntries.pointPosition 2) 35) 0
but is expected to have type
  @Eq M (fixedSourceMatrix (R803LiteralSupplementaryEntries.pointPosition 2) (colOrder 34)) 0
'AspisV8R19.R812BlockSixP2LowerZeros.source_p2_lower_zero' depends on axioms: [propext,
 sorryAx,
 Classical.choice,
 Quot.sound]
Command exited with non-zero status 1
	Command being timed: "/home/dombarker/.elan/bin/lake --dir /home/dombarker/project-offloads/aspis-r126-release-20260930-a/focus-workspace env lean -j1 -M4500 -R /home/dombarker/project-offloads/aspis-r57-lean-src-20260929-a -o /home/dombarker/project-offloads/aspis-r126-release-20260930-a/lib/AspisV8R19/R812BlockSixP2LowerZeros.olean /home/dombarker/project-offloads/aspis-r57-lean-src-20260929-a/AspisV8R19/R812BlockSixP2LowerZeros.lean"
	User time (seconds): 1.30
	System time (seconds): 0.39
	Percent of CPU this job got: 101%
	Elapsed (wall clock) time (h:mm:ss or m:ss): 0:01.67
	Average shared text size (kbytes): 0
	Average unshared data size (kbytes): 0
	Average stack size (kbytes): 0
	Average total size (kbytes): 0
	Maximum resident set size (kbytes): 3332296
	Average resident set size (kbytes): 0
	Major (requiring I/O) page faults: 0
	Minor (reclaiming a frame) page faults: 78067
	Voluntary context switches: 213
	Involuntary context switches: 66
	Swaps: 0
	File system inputs: 8
	File system outputs: 0
	Socket messages sent: 0
	Socket messages received: 0
	Signals delivered: 0
	Page size (bytes): 4096
	Exit status: 1
Finished with result: exit-code
Main processes terminated with: code=exited/status=1
Service runtime: 1.704s
CPU time consumed: 1.726s
Memory peak: 256.0K
Memory swap peak: 0B
