Warning: Permanently added '100.108.41.90' (ED25519) to the list of known hosts.
Running as unit: aspis-focus-1791156460225363000-1fb23936eee8.service; invocation ID: e004eb708f454a0487d6a32b1fe7f294
/home/dombarker/project-offloads/aspis-r57-lean-src-20260929-a/AspisV8R19/R812Row36Inspect.lean:13:132: error(lean.unknownIdentifier): Unknown identifier `Fin39`

Note: It is not possible to treat `Fin39` as an implicitly bound variable here because the `autoImplicit` option is set to `false`.
/home/dombarker/project-offloads/aspis-r57-lean-src-20260929-a/AspisV8R19/R812Row36Inspect.lean:15:124: error: Tactic `decide` proved that the proposition
  rowOrder (flatIndex 6 ⟨36, ⋯⟩) = activePosition ⟨36, ⋯⟩
is false
Command exited with non-zero status 1
	Command being timed: "/home/dombarker/.elan/bin/lake --dir /home/dombarker/project-offloads/aspis-r126-release-20260930-a/focus-workspace env lean -j1 -M4500 -R /home/dombarker/project-offloads/aspis-r57-lean-src-20260929-a -o /home/dombarker/project-offloads/aspis-r126-release-20260930-a/lib/AspisV8R19/R812Row36Inspect.olean /home/dombarker/project-offloads/aspis-r57-lean-src-20260929-a/AspisV8R19/R812Row36Inspect.lean"
	User time (seconds): 0.90
	System time (seconds): 0.36
	Percent of CPU this job got: 99%
	Elapsed (wall clock) time (h:mm:ss or m:ss): 0:01.26
	Average shared text size (kbytes): 0
	Average unshared data size (kbytes): 0
	Average stack size (kbytes): 0
	Average total size (kbytes): 0
	Maximum resident set size (kbytes): 3288100
	Average resident set size (kbytes): 0
	Major (requiring I/O) page faults: 0
	Minor (reclaiming a frame) page faults: 77440
	Voluntary context switches: 133
	Involuntary context switches: 54
	Swaps: 0
	File system inputs: 0
	File system outputs: 0
	Socket messages sent: 0
	Socket messages received: 0
	Signals delivered: 0
	Page size (bytes): 4096
	Exit status: 1
Finished with result: exit-code
Main processes terminated with: code=exited/status=1
Service runtime: 1.297s
CPU time consumed: 1.297s
Memory peak: 332.0K
Memory swap peak: 0B
