Warning: Permanently added '100.108.41.90' (ED25519) to the list of known hosts.
Running as unit: aspis-focus-1791157489630143000-ccd8b46fd15c.service; invocation ID: cbd62acf394144d6afe1692759a57886
/home/dombarker/project-offloads/aspis-r57-lean-src-20260929-a/AspisV8R19/R812Block06P2Entry00.lean:13:8: error: (kernel) excessive memory consumption detected
'AspisV8R19.R812SourceBlock06P2Entry00.source_block06_p2_entry00' depends on axioms: [propext,
 Classical.choice,
 Quot.sound,
 source_block06_p2_entry00]
Command exited with non-zero status 1
	Command being timed: "/home/dombarker/.elan/bin/lake --dir /home/dombarker/project-offloads/aspis-r126-release-20260930-a/focus-workspace env lean -j1 -M4500 -R /home/dombarker/project-offloads/aspis-r57-lean-src-20260929-a -o /home/dombarker/project-offloads/aspis-r126-release-20260930-a/lib/AspisV8R19/R812Block06P2Entry00.olean /home/dombarker/project-offloads/aspis-r57-lean-src-20260929-a/AspisV8R19/R812Block06P2Entry00.lean"
	User time (seconds): 7.46
	System time (seconds): 0.57
	Percent of CPU this job got: 99%
	Elapsed (wall clock) time (h:mm:ss or m:ss): 0:08.04
	Average shared text size (kbytes): 0
	Average unshared data size (kbytes): 0
	Average stack size (kbytes): 0
	Average total size (kbytes): 0
	Maximum resident set size (kbytes): 4610512
	Average resident set size (kbytes): 0
	Major (requiring I/O) page faults: 0
	Minor (reclaiming a frame) page faults: 82308
	Voluntary context switches: 288
	Involuntary context switches: 82
	Swaps: 0
	File system inputs: 0
	File system outputs: 0
	Socket messages sent: 0
	Socket messages received: 0
	Signals delivered: 0
	Page size (bytes): 4096
	Exit status: 1
Finished with result: exit-code
Main processes terminated with: code=exited/status=1
Service runtime: 8.070s
CPU time consumed: 8.068s
Memory peak: 256.0K
Memory swap peak: 0B
