Warning: Permanently added '100.108.41.90' (ED25519) to the list of known hosts.
Running as unit: aspis-focus-1791157247682043000-514c6cccb900.service
/home/dombarker/project-offloads/aspis-r57-lean-src-20260929-a/AspisV8R19/R812Block06P2.lean:30:12: error: Tactic `rewrite` failed: Did not find an occurrence of the pattern
  literalSourceMatrix ?half ?quarter ?alpha ?u ?v ?kappa ?tau ?z (pointPosition ?p) ?j
in the target expression
  fixedSourceMatrix (pointPosition ⟨2, ⋯⟩) (colOrder (flatIndex 6 j)) = R747JointBlock39Preflight.A ⟨37, ⋯⟩ j

j : Fin 39
hrow : rowOrder (flatIndex 6 ⟨37, ⋯⟩) = pointPosition ⟨2, ⋯⟩
⊢ fixedSourceMatrix (pointPosition ⟨2, ⋯⟩) (colOrder (flatIndex 6 j)) = R747JointBlock39Preflight.A ⟨37, ⋯⟩ j

Note: The target expression is not type-correct under the `instances` transparency level, which may have triggered the failure. This is usually caused by unfolding of semireducible definitions in prior tactic steps. Use `set_option linter.tacticCheckInstances true` to investigate the source of the issue.
Full error:
  Application type mismatch: The argument
    Eq.refl true
  has type
    @Eq Bool true true
  but is expected to have type
    @Eq Bool (decide (2 < 3)) true
  in the application
    id (Eq.refl true)
/home/dombarker/project-offloads/aspis-r57-lean-src-20260929-a/AspisV8R19/R812Block06P2.lean:26:8: error: (kernel) excessive memory consumption detected
'AspisV8R19.R812SourceBlock06P2Row.source_block06_p2_row' depends on axioms: [propext,
 Classical.choice,
 Quot.sound,
 source_block06_p2_row]
Command exited with non-zero status 1
	Command being timed: "/home/dombarker/.elan/bin/lake --dir /home/dombarker/project-offloads/aspis-r126-release-20260930-a/focus-workspace env lean -j1 -M4500 -R /home/dombarker/project-offloads/aspis-r57-lean-src-20260929-a -o /home/dombarker/project-offloads/aspis-r126-release-20260930-a/lib/AspisV8R19/R812Block06P2.olean /home/dombarker/project-offloads/aspis-r57-lean-src-20260929-a/AspisV8R19/R812Block06P2.lean"
	User time (seconds): 7.05
	System time (seconds): 0.52
	Percent of CPU this job got: 100%
	Elapsed (wall clock) time (h:mm:ss or m:ss): 0:07.57
	Average shared text size (kbytes): 0
	Average unshared data size (kbytes): 0
	Average stack size (kbytes): 0
	Average total size (kbytes): 0
	Maximum resident set size (kbytes): 4610440
	Average resident set size (kbytes): 0
	Major (requiring I/O) page faults: 0
	Minor (reclaiming a frame) page faults: 84066
	Voluntary context switches: 317
	Involuntary context switches: 105
	Swaps: 0
	File system inputs: 0
	File system outputs: 0
	Socket messages sent: 0
	Socket messages received: 0
	Signals delivered: 0
	Page size (bytes): 4096
	Exit status: 1
Finished with result: exit-code
Main processes terminated with: code=exited/status=1
Service runtime: 7.625s
CPU time consumed: 7.632s
Memory peak: 2.0M
Memory swap peak: 0B
