Warning: Permanently added '100.108.41.90' (ED25519) to the list of known hosts.
Running as unit: aspis-focus-1791157827668111000-35d1e5447e69.service; invocation ID: 5687bfab57c94dc8ae409a5fb73328ca
'AspisV8R19.R812SourceBlock06P0StaticLowChunk00.static_p0_d023_s0_flat00' depends on axioms: [propext,
 Classical.choice,
 Quot.sound]
'AspisV8R19.R812SourceBlock06P0StaticLowChunk00.static_p0_d023_s1_flat01' depends on axioms: [propext,
 Classical.choice,
 Quot.sound]
'AspisV8R19.R812SourceBlock06P0StaticLowChunk00.static_p0_d023_s2_flat02' depends on axioms: [propext,
 Classical.choice,
 Quot.sound]
'AspisV8R19.R812SourceBlock06P0StaticLowChunk00.static_p0_d024_s0_flat03' depends on axioms: [propext,
 Classical.choice,
 Quot.sound]
'AspisV8R19.R812SourceBlock06P0StaticLowChunk00.static_p0_d024_s1_flat04' depends on axioms: [propext,
 Classical.choice,
 Quot.sound]
'AspisV8R19.R812SourceBlock06P0StaticLowChunk00.static_p0_d024_s2_flat05' depends on axioms: [propext,
 Classical.choice,
 Quot.sound]
'AspisV8R19.R812SourceBlock06P0StaticLowChunk00.static_p0_d046_s0_flat06' depends on axioms: [propext,
 Classical.choice,
 Quot.sound]
'AspisV8R19.R812SourceBlock06P0StaticLowChunk00.static_p0_d044_s0_flat07' depends on axioms: [propext,
 Classical.choice,
 Quot.sound]
	Command being timed: "/home/dombarker/.elan/bin/lake --dir /home/dombarker/project-offloads/aspis-r126-release-20260930-a/focus-workspace env lean -j1 -M4500 -R /home/dombarker/project-offloads/aspis-r57-lean-src-20260929-a -o /home/dombarker/project-offloads/aspis-r126-release-20260930-a/lib/AspisV8R19/R812P0StaticLowChunk00.olean /home/dombarker/project-offloads/aspis-r57-lean-src-20260929-a/AspisV8R19/R812P0StaticLowChunk00.lean"
	User time (seconds): 1.42
	System time (seconds): 0.35
	Percent of CPU this job got: 100%
	Elapsed (wall clock) time (h:mm:ss or m:ss): 0:01.77
	Average shared text size (kbytes): 0
	Average unshared data size (kbytes): 0
	Average stack size (kbytes): 0
	Average total size (kbytes): 0
	Maximum resident set size (kbytes): 3325900
	Average resident set size (kbytes): 0
	Major (requiring I/O) page faults: 0
	Minor (reclaiming a frame) page faults: 78574
	Voluntary context switches: 469
	Involuntary context switches: 69
	Swaps: 0
	File system inputs: 0
	File system outputs: 88
	Socket messages sent: 0
	Socket messages received: 0
	Signals delivered: 0
	Page size (bytes): 4096
	Exit status: 0
Finished with result: success
Main processes terminated with: code=exited/status=0
Service runtime: 1.806s
CPU time consumed: 1.810s
Memory peak: 512.0K
Memory swap peak: 0B
