Warning: Permanently added '100.108.41.90' (ED25519) to the list of known hosts.
Running as unit: aspis-focus-1791157797908999000-135de123ba3c.service; invocation ID: ea20ed8ac15e47729a5001babf713a35
/home/dombarker/project-offloads/aspis-r57-lean-src-20260929-a/AspisV8R19/R812SourceBlock00Row00.lean:27:17: error: failed to set `[local reducible]` for `Matrix`, recall that `[reducible]` affects the term indexing datastructures used by `simp` and type class resolution

Note: Use `set_option allowUnsafeReducibility true` to override reducibility status validation
/home/dombarker/project-offloads/aspis-r57-lean-src-20260929-a/AspisV8R19/R812SourceBlock00Row00.lean:35:12: error: Tactic `rewrite` failed: Did not find an occurrence of the pattern
  R814BlockZeroReindex.block00Columns ⟨0, ⋯⟩
in the target expression
  fixedSourceMatrix (pointPosition 1) (R814BlockZeroReindex.block00Columns 0) = R752SCC00Matrix.A_scc ⟨0, ⋯⟩ 0

case h0
hr : R815BlockZeroSourceView.block00Rows ⟨0, ⋯⟩ = pointPosition 1
hc : R814BlockZeroReindex.block00Columns ⟨0, ⋯⟩ = ⟨214, ⋯⟩
⊢ fixedSourceMatrix (pointPosition 1) (R814BlockZeroReindex.block00Columns 0) = R752SCC00Matrix.A_scc ⟨0, ⋯⟩ 0

Note: The target expression is not type-correct under the `instances` transparency level, which may have triggered the failure. This is usually caused by unfolding of semireducible definitions in prior tactic steps. Use `set_option linter.tacticCheckInstances true` to investigate the source of the issue.
Full error:
  function expected
    fixedSourceMatrix (pointPosition 1)
/home/dombarker/project-offloads/aspis-r57-lean-src-20260929-a/AspisV8R19/R812SourceBlock00Row00.lean:40:12: error: Tactic `rewrite` failed: Did not find an occurrence of the pattern
  R814BlockZeroReindex.block00Columns ⟨1, ⋯⟩
in the target expression
  fixedSourceMatrix (pointPosition 1) (R814BlockZeroReindex.block00Columns 1) = R752SCC00Matrix.A_scc ⟨0, ⋯⟩ 1

case h1
hr : R815BlockZeroSourceView.block00Rows ⟨0, ⋯⟩ = pointPosition 1
hc : R814BlockZeroReindex.block00Columns ⟨1, ⋯⟩ = ⟨215, ⋯⟩
⊢ fixedSourceMatrix (pointPosition 1) (R814BlockZeroReindex.block00Columns 1) = R752SCC00Matrix.A_scc ⟨0, ⋯⟩ 1

Note: The target expression is not type-correct under the `instances` transparency level, which may have triggered the failure. This is usually caused by unfolding of semireducible definitions in prior tactic steps. Use `set_option linter.tacticCheckInstances true` to investigate the source of the issue.
Full error:
  function expected
    fixedSourceMatrix (pointPosition 1)
/home/dombarker/project-offloads/aspis-r57-lean-src-20260929-a/AspisV8R19/R812SourceBlock00Row00.lean:45:12: error: Tactic `rewrite` failed: Did not find an occurrence of the pattern
  R814BlockZeroReindex.block00Columns ⟨2, ⋯⟩
in the target expression
  fixedSourceMatrix (pointPosition 1) (R814BlockZeroReindex.block00Columns 2) = R752SCC00Matrix.A_scc ⟨0, ⋯⟩ 2

case h2
hr : R815BlockZeroSourceView.block00Rows ⟨0, ⋯⟩ = pointPosition 1
hc : R814BlockZeroReindex.block00Columns ⟨2, ⋯⟩ = ⟨216, ⋯⟩
⊢ fixedSourceMatrix (pointPosition 1) (R814BlockZeroReindex.block00Columns 2) = R752SCC00Matrix.A_scc ⟨0, ⋯⟩ 2

Note: The target expression is not type-correct under the `instances` transparency level, which may have triggered the failure. This is usually caused by unfolding of semireducible definitions in prior tactic steps. Use `set_option linter.tacticCheckInstances true` to investigate the source of the issue.
Full error:
  function expected
    fixedSourceMatrix (pointPosition 1)
/home/dombarker/project-offloads/aspis-r57-lean-src-20260929-a/AspisV8R19/R812SourceBlock00Row00.lean:50:12: error: Tactic `rewrite` failed: Did not find an occurrence of the pattern
  R814BlockZeroReindex.block00Columns ⟨3, ⋯⟩
in the target expression
  fixedSourceMatrix (pointPosition 1) (R814BlockZeroReindex.block00Columns 3) = R752SCC00Matrix.A_scc ⟨0, ⋯⟩ 3

case h3
hr : R815BlockZeroSourceView.block00Rows ⟨0, ⋯⟩ = pointPosition 1
hc : R814BlockZeroReindex.block00Columns ⟨3, ⋯⟩ = ⟨217, ⋯⟩
⊢ fixedSourceMatrix (pointPosition 1) (R814BlockZeroReindex.block00Columns 3) = R752SCC00Matrix.A_scc ⟨0, ⋯⟩ 3

Note: The target expression is not type-correct under the `instances` transparency level, which may have triggered the failure. This is usually caused by unfolding of semireducible definitions in prior tactic steps. Use `set_option linter.tacticCheckInstances true` to investigate the source of the issue.
Full error:
  function expected
    fixedSourceMatrix (pointPosition 1)
/home/dombarker/project-offloads/aspis-r57-lean-src-20260929-a/AspisV8R19/R812SourceBlock00Row00.lean:55:12: error: Tactic `rewrite` failed: Did not find an occurrence of the pattern
  R814BlockZeroReindex.block00Columns ⟨4, ⋯⟩
in the target expression
  fixedSourceMatrix (pointPosition 1) (R814BlockZeroReindex.block00Columns 4) = R752SCC00Matrix.A_scc ⟨0, ⋯⟩ 4

case h4
hr : R815BlockZeroSourceView.block00Rows ⟨0, ⋯⟩ = pointPosition 1
hc : R814BlockZeroReindex.block00Columns ⟨4, ⋯⟩ = ⟨218, ⋯⟩
⊢ fixedSourceMatrix (pointPosition 1) (R814BlockZeroReindex.block00Columns 4) = R752SCC00Matrix.A_scc ⟨0, ⋯⟩ 4

Note: The target expression is not type-correct under the `instances` transparency level, which may have triggered the failure. This is usually caused by unfolding of semireducible definitions in prior tactic steps. Use `set_option linter.tacticCheckInstances true` to investigate the source of the issue.
Full error:
  function expected
    fixedSourceMatrix (pointPosition 1)
/home/dombarker/project-offloads/aspis-r57-lean-src-20260929-a/AspisV8R19/R812SourceBlock00Row00.lean:60:12: error: Tactic `rewrite` failed: Did not find an occurrence of the pattern
  R814BlockZeroReindex.block00Columns ⟨5, ⋯⟩
in the target expression
  fixedSourceMatrix (pointPosition 1) (R814BlockZeroReindex.block00Columns 5) = R752SCC00Matrix.A_scc ⟨0, ⋯⟩ 5

case h5
hr : R815BlockZeroSourceView.block00Rows ⟨0, ⋯⟩ = pointPosition 1
hc : R814BlockZeroReindex.block00Columns ⟨5, ⋯⟩ = ⟨219, ⋯⟩
⊢ fixedSourceMatrix (pointPosition 1) (R814BlockZeroReindex.block00Columns 5) = R752SCC00Matrix.A_scc ⟨0, ⋯⟩ 5

Note: The target expression is not type-correct under the `instances` transparency level, which may have triggered the failure. This is usually caused by unfolding of semireducible definitions in prior tactic steps. Use `set_option linter.tacticCheckInstances true` to investigate the source of the issue.
Full error:
  function expected
    fixedSourceMatrix (pointPosition 1)
/home/dombarker/project-offloads/aspis-r57-lean-src-20260929-a/AspisV8R19/R812SourceBlock00Row00.lean:30:8: error: (kernel) excessive memory consumption detected
'AspisV8R19.R812SourceBlock00Row00.source_block00_row00' depends on axioms: [propext,
 Classical.choice,
 Quot.sound,
 source_block00_row00]
Command exited with non-zero status 1
	Command being timed: "/home/dombarker/.elan/bin/lake --dir /home/dombarker/project-offloads/aspis-r126-release-20260930-a/focus-workspace env lean -j1 -M4500 -R /home/dombarker/project-offloads/aspis-r57-lean-src-20260929-a -o /home/dombarker/project-offloads/aspis-r126-release-20260930-a/lib/AspisV8R19/R812SourceBlock00Row00.olean /home/dombarker/project-offloads/aspis-r57-lean-src-20260929-a/AspisV8R19/R812SourceBlock00Row00.lean"
	User time (seconds): 6.87
	System time (seconds): 0.55
	Percent of CPU this job got: 100%
	Elapsed (wall clock) time (h:mm:ss or m:ss): 0:07.41
	Average shared text size (kbytes): 0
	Average unshared data size (kbytes): 0
	Average stack size (kbytes): 0
	Average total size (kbytes): 0
	Maximum resident set size (kbytes): 4610312
	Average resident set size (kbytes): 0
	Major (requiring I/O) page faults: 0
	Minor (reclaiming a frame) page faults: 83471
	Voluntary context switches: 270
	Involuntary context switches: 106
	Swaps: 0
	File system inputs: 0
	File system outputs: 0
	Socket messages sent: 0
	Socket messages received: 0
	Signals delivered: 0
	Page size (bytes): 4096
	Exit status: 1
Finished with result: exit-code
Main processes terminated with: code=exited/status=1
Service runtime: 7.442s
CPU time consumed: 7.462s
Memory peak: 256.0K
Memory swap peak: 0B
