Warning: Permanently added '100.108.41.90' (ED25519) to the list of known hosts.
Running as unit: aspis-focus-1791157650431171000-61232581857e.service; invocation ID: 17a089ead40e4c919a01eca31d346540
'AspisV8R19.R812SourceBlock06P2Static00.p2_static00' depends on axioms: [propext, Classical.choice, Quot.sound]
	Command being timed: "/home/dombarker/.elan/bin/lake --dir /home/dombarker/project-offloads/aspis-r126-release-20260930-a/focus-workspace env lean -j1 -M4500 -R /home/dombarker/project-offloads/aspis-r57-lean-src-20260929-a -o /home/dombarker/project-offloads/aspis-r126-release-20260930-a/lib/AspisV8R19/R812Block06P2Static00.olean /home/dombarker/project-offloads/aspis-r57-lean-src-20260929-a/AspisV8R19/R812Block06P2Static00.lean"
	User time (seconds): 1.16
	System time (seconds): 0.43
	Percent of CPU this job got: 99%
	Elapsed (wall clock) time (h:mm:ss or m:ss): 0:01.61
	Average shared text size (kbytes): 0
	Average unshared data size (kbytes): 0
	Average stack size (kbytes): 0
	Average total size (kbytes): 0
	Maximum resident set size (kbytes): 3321720
	Average resident set size (kbytes): 0
	Major (requiring I/O) page faults: 0
	Minor (reclaiming a frame) page faults: 78062
	Voluntary context switches: 198
	Involuntary context switches: 90
	Swaps: 0
	File system inputs: 64
	File system outputs: 56
	Socket messages sent: 0
	Socket messages received: 0
	Signals delivered: 0
	Page size (bytes): 4096
	Exit status: 0
Finished with result: success
Main processes terminated with: code=exited/status=0
Service runtime: 1.643s
CPU time consumed: 1.633s
Memory peak: 288.0K
Memory swap peak: 0B
