Warning: Permanently added '100.108.41.90' (ED25519) to the list of known hosts.
Running as unit: aspis-focus-1791156304295844000-66b1632ef3f7.service; invocation ID: 8cd8a76ef74f47198363d5c95bf35aac
/home/dombarker/project-offloads/aspis-r57-lean-src-20260929-a/AspisV8R19/R812SourceBlock06RowsChunk00.lean:22:30: error(lean.unknownIdentifier): Unknown identifier `halfSelected`
/home/dombarker/project-offloads/aspis-r57-lean-src-20260929-a/AspisV8R19/R812SourceBlock06RowsChunk00.lean:22:43: error(lean.unknownIdentifier): Unknown identifier `quarterSelected`
/home/dombarker/project-offloads/aspis-r57-lean-src-20260929-a/AspisV8R19/R812SourceBlock06RowsChunk00.lean:22:59: error(lean.unknownIdentifier): Unknown identifier `alphaSelected`
/home/dombarker/project-offloads/aspis-r57-lean-src-20260929-a/AspisV8R19/R812SourceBlock06RowsChunk00.lean:22:73: error(lean.unknownIdentifier): Unknown identifier `uSelected`
/home/dombarker/project-offloads/aspis-r57-lean-src-20260929-a/AspisV8R19/R812SourceBlock06RowsChunk00.lean:22:83: error(lean.unknownIdentifier): Unknown identifier `vSelected`
/home/dombarker/project-offloads/aspis-r57-lean-src-20260929-a/AspisV8R19/R812SourceBlock06RowsChunk00.lean:23:4: error(lean.unknownIdentifier): Unknown identifier `kappaSelected`
/home/dombarker/project-offloads/aspis-r57-lean-src-20260929-a/AspisV8R19/R812SourceBlock06RowsChunk00.lean:23:18: error(lean.unknownIdentifier): Unknown identifier `tauSelected`
/home/dombarker/project-offloads/aspis-r57-lean-src-20260929-a/AspisV8R19/R812SourceBlock06RowsChunk00.lean:22:2: error: (deterministic) timeout at `whnf`, maximum number of heartbeats (200000) has been reached

Note: Use `set_option maxHeartbeats <num>` to set the limit.

Hint: Additional diagnostic information may be available using the `set_option diagnostics true` command.
'AspisV8R19.R812SourceBlock06RowsChunk00.source_block06_active_row_local01' depends on axioms: [propext,
 sorryAx,
 Classical.choice,
 Quot.sound]
/home/dombarker/project-offloads/aspis-r57-lean-src-20260929-a/AspisV8R19/R812SourceBlock06RowsChunk00.lean:33:30: error(lean.unknownIdentifier): Unknown identifier `halfSelected`
/home/dombarker/project-offloads/aspis-r57-lean-src-20260929-a/AspisV8R19/R812SourceBlock06RowsChunk00.lean:33:43: error(lean.unknownIdentifier): Unknown identifier `quarterSelected`
/home/dombarker/project-offloads/aspis-r57-lean-src-20260929-a/AspisV8R19/R812SourceBlock06RowsChunk00.lean:33:59: error(lean.unknownIdentifier): Unknown identifier `alphaSelected`
/home/dombarker/project-offloads/aspis-r57-lean-src-20260929-a/AspisV8R19/R812SourceBlock06RowsChunk00.lean:33:73: error(lean.unknownIdentifier): Unknown identifier `uSelected`
/home/dombarker/project-offloads/aspis-r57-lean-src-20260929-a/AspisV8R19/R812SourceBlock06RowsChunk00.lean:33:83: error(lean.unknownIdentifier): Unknown identifier `vSelected`
/home/dombarker/project-offloads/aspis-r57-lean-src-20260929-a/AspisV8R19/R812SourceBlock06RowsChunk00.lean:34:4: error(lean.unknownIdentifier): Unknown identifier `kappaSelected`
/home/dombarker/project-offloads/aspis-r57-lean-src-20260929-a/AspisV8R19/R812SourceBlock06RowsChunk00.lean:34:18: error(lean.unknownIdentifier): Unknown identifier `tauSelected`
/home/dombarker/project-offloads/aspis-r57-lean-src-20260929-a/AspisV8R19/R812SourceBlock06RowsChunk00.lean:33:2: error: (deterministic) timeout at `whnf`, maximum number of heartbeats (200000) has been reached

Note: Use `set_option maxHeartbeats <num>` to set the limit.

Hint: Additional diagnostic information may be available using the `set_option diagnostics true` command.
'AspisV8R19.R812SourceBlock06RowsChunk00.source_block06_active_row_local02' depends on axioms: [propext,
 sorryAx,
 Classical.choice,
 Quot.sound]
/home/dombarker/project-offloads/aspis-r57-lean-src-20260929-a/AspisV8R19/R812SourceBlock06RowsChunk00.lean:44:30: error(lean.unknownIdentifier): Unknown identifier `halfSelected`
/home/dombarker/project-offloads/aspis-r57-lean-src-20260929-a/AspisV8R19/R812SourceBlock06RowsChunk00.lean:44:43: error(lean.unknownIdentifier): Unknown identifier `quarterSelected`
/home/dombarker/project-offloads/aspis-r57-lean-src-20260929-a/AspisV8R19/R812SourceBlock06RowsChunk00.lean:44:59: error(lean.unknownIdentifier): Unknown identifier `alphaSelected`
/home/dombarker/project-offloads/aspis-r57-lean-src-20260929-a/AspisV8R19/R812SourceBlock06RowsChunk00.lean:44:73: error(lean.unknownIdentifier): Unknown identifier `uSelected`
/home/dombarker/project-offloads/aspis-r57-lean-src-20260929-a/AspisV8R19/R812SourceBlock06RowsChunk00.lean:44:83: error(lean.unknownIdentifier): Unknown identifier `vSelected`
/home/dombarker/project-offloads/aspis-r57-lean-src-20260929-a/AspisV8R19/R812SourceBlock06RowsChunk00.lean:45:4: error(lean.unknownIdentifier): Unknown identifier `kappaSelected`
/home/dombarker/project-offloads/aspis-r57-lean-src-20260929-a/AspisV8R19/R812SourceBlock06RowsChunk00.lean:45:18: error(lean.unknownIdentifier): Unknown identifier `tauSelected`
/home/dombarker/project-offloads/aspis-r57-lean-src-20260929-a/AspisV8R19/R812SourceBlock06RowsChunk00.lean:44:2: error: (deterministic) timeout at `whnf`, maximum number of heartbeats (200000) has been reached

Note: Use `set_option maxHeartbeats <num>` to set the limit.

Hint: Additional diagnostic information may be available using the `set_option diagnostics true` command.
'AspisV8R19.R812SourceBlock06RowsChunk00.source_block06_active_row_local03' depends on axioms: [propext,
 sorryAx,
 Classical.choice,
 Quot.sound]
/home/dombarker/project-offloads/aspis-r57-lean-src-20260929-a/AspisV8R19/R812SourceBlock06RowsChunk00.lean:55:30: error(lean.unknownIdentifier): Unknown identifier `halfSelected`
/home/dombarker/project-offloads/aspis-r57-lean-src-20260929-a/AspisV8R19/R812SourceBlock06RowsChunk00.lean:55:43: error(lean.unknownIdentifier): Unknown identifier `quarterSelected`
/home/dombarker/project-offloads/aspis-r57-lean-src-20260929-a/AspisV8R19/R812SourceBlock06RowsChunk00.lean:55:59: error(lean.unknownIdentifier): Unknown identifier `alphaSelected`
/home/dombarker/project-offloads/aspis-r57-lean-src-20260929-a/AspisV8R19/R812SourceBlock06RowsChunk00.lean:55:73: error(lean.unknownIdentifier): Unknown identifier `uSelected`
/home/dombarker/project-offloads/aspis-r57-lean-src-20260929-a/AspisV8R19/R812SourceBlock06RowsChunk00.lean:55:83: error(lean.unknownIdentifier): Unknown identifier `vSelected`
/home/dombarker/project-offloads/aspis-r57-lean-src-20260929-a/AspisV8R19/R812SourceBlock06RowsChunk00.lean:56:4: error(lean.unknownIdentifier): Unknown identifier `kappaSelected`
/home/dombarker/project-offloads/aspis-r57-lean-src-20260929-a/AspisV8R19/R812SourceBlock06RowsChunk00.lean:56:18: error(lean.unknownIdentifier): Unknown identifier `tauSelected`
/home/dombarker/project-offloads/aspis-r57-lean-src-20260929-a/AspisV8R19/R812SourceBlock06RowsChunk00.lean:55:2: error: (deterministic) timeout at `whnf`, maximum number of heartbeats (200000) has been reached

Note: Use `set_option maxHeartbeats <num>` to set the limit.

Hint: Additional diagnostic information may be available using the `set_option diagnostics true` command.
'AspisV8R19.R812SourceBlock06RowsChunk00.source_block06_active_row_local04' depends on axioms: [propext,
 sorryAx,
 Classical.choice,
 Quot.sound]
Command exited with non-zero status 1
	Command being timed: "/home/dombarker/.elan/bin/lake --dir /home/dombarker/project-offloads/aspis-r126-release-20260930-a/focus-workspace env lean -j1 -M4500 -R /home/dombarker/project-offloads/aspis-r57-lean-src-20260929-a -o /home/dombarker/project-offloads/aspis-r126-release-20260930-a/lib/AspisV8R19/R812SourceBlock06RowsChunk00.olean /home/dombarker/project-offloads/aspis-r57-lean-src-20260929-a/AspisV8R19/R812SourceBlock06RowsChunk00.lean"
	User time (seconds): 66.07
	System time (seconds): 0.45
	Percent of CPU this job got: 99%
	Elapsed (wall clock) time (h:mm:ss or m:ss): 1:06.54
	Average shared text size (kbytes): 0
	Average unshared data size (kbytes): 0
	Average stack size (kbytes): 0
	Average total size (kbytes): 0
	Maximum resident set size (kbytes): 3328024
	Average resident set size (kbytes): 0
	Major (requiring I/O) page faults: 1
	Minor (reclaiming a frame) page faults: 98025
	Voluntary context switches: 383
	Involuntary context switches: 633
	Swaps: 0
	File system inputs: 368
	File system outputs: 0
	Socket messages sent: 0
	Socket messages received: 0
	Signals delivered: 0
	Page size (bytes): 4096
	Exit status: 1
Finished with result: exit-code
Main processes terminated with: code=exited/status=1
Service runtime: 1min 6.568s
CPU time consumed: 1min 6.555s
Memory peak: 324.0K
Memory swap peak: 0B
