Warning: Permanently added '100.108.41.90' (ED25519) to the list of known hosts.
Running as unit: aspis-focus-1791156712500305000-a92a7d591141.service; invocation ID: ae4bcc5e4ff64e1fb09f0756a1db3acb
'AspisV8R19.R812SourceBlock06RowsChunk01.source_block06_active_row_local05' depends on axioms: [propext,
 Classical.choice,
 Quot.sound]
'AspisV8R19.R812SourceBlock06RowsChunk01.source_block06_active_row_local06' depends on axioms: [propext,
 Classical.choice,
 Quot.sound]
'AspisV8R19.R812SourceBlock06RowsChunk01.source_block06_active_row_local07' depends on axioms: [propext,
 Classical.choice,
 Quot.sound]
'AspisV8R19.R812SourceBlock06RowsChunk01.source_block06_active_row_local08' depends on axioms: [propext,
 Classical.choice,
 Quot.sound]
	Command being timed: "/home/dombarker/.elan/bin/lake --dir /home/dombarker/project-offloads/aspis-r126-release-20260930-a/focus-workspace env lean -j1 -M4500 -R /home/dombarker/project-offloads/aspis-r57-lean-src-20260929-a -o /home/dombarker/project-offloads/aspis-r126-release-20260930-a/lib/AspisV8R19/R812Rows01.olean /home/dombarker/project-offloads/aspis-r57-lean-src-20260929-a/AspisV8R19/R812Rows01.lean"
	User time (seconds): 10.11
	System time (seconds): 0.41
	Percent of CPU this job got: 100%
	Elapsed (wall clock) time (h:mm:ss or m:ss): 0:10.52
	Average shared text size (kbytes): 0
	Average unshared data size (kbytes): 0
	Average stack size (kbytes): 0
	Average total size (kbytes): 0
	Maximum resident set size (kbytes): 3523768
	Average resident set size (kbytes): 0
	Major (requiring I/O) page faults: 0
	Minor (reclaiming a frame) page faults: 97740
	Voluntary context switches: 412
	Involuntary context switches: 142
	Swaps: 0
	File system inputs: 0
	File system outputs: 88
	Socket messages sent: 0
	Socket messages received: 0
	Signals delivered: 0
	Page size (bytes): 4096
	Exit status: 0
Finished with result: success
Main processes terminated with: code=exited/status=0
Service runtime: 10.550s
CPU time consumed: 10.550s
Memory peak: 328.0K
Memory swap peak: 0B
