Warning: Permanently added '100.108.41.90' (ED25519) to the list of known hosts.
Running as unit: aspis-focus-1791157361753953000-c62c2538445e.service; invocation ID: 731a5904bff74ddd99fc60fa9052bd2d
/home/dombarker/project-offloads/aspis-r57-lean-src-20260929-a/AspisV8R19/R812Block06P2.lean:26:8: error: (kernel) excessive memory consumption detected
'AspisV8R19.R812SourceBlock06P2Row.source_block06_p2_row' depends on axioms: [propext,
 Classical.choice,
 Quot.sound,
 source_block06_p2_row]
Command exited with non-zero status 1
	Command being timed: "/home/dombarker/.elan/bin/lake --dir /home/dombarker/project-offloads/aspis-r126-release-20260930-a/focus-workspace env lean -j1 -M4500 -R /home/dombarker/project-offloads/aspis-r57-lean-src-20260929-a -o /home/dombarker/project-offloads/aspis-r126-release-20260930-a/lib/AspisV8R19/R812Block06P2.olean /home/dombarker/project-offloads/aspis-r57-lean-src-20260929-a/AspisV8R19/R812Block06P2.lean"
	User time (seconds): 7.73
	System time (seconds): 0.50
	Percent of CPU this job got: 99%
	Elapsed (wall clock) time (h:mm:ss or m:ss): 0:08.24
	Average shared text size (kbytes): 0
	Average unshared data size (kbytes): 0
	Average stack size (kbytes): 0
	Average total size (kbytes): 0
	Maximum resident set size (kbytes): 4609664
	Average resident set size (kbytes): 0
	Major (requiring I/O) page faults: 0
	Minor (reclaiming a frame) page faults: 87812
	Voluntary context switches: 348
	Involuntary context switches: 121
	Swaps: 0
	File system inputs: 0
	File system outputs: 0
	Socket messages sent: 0
	Socket messages received: 0
	Signals delivered: 0
	Page size (bytes): 4096
	Exit status: 1
Finished with result: exit-code
Main processes terminated with: code=exited/status=1
Service runtime: 8.270s
CPU time consumed: 8.269s
Memory peak: 288.0K
Memory swap peak: 0B
