Warning: Permanently added '100.108.41.90' (ED25519) to the list of known hosts.
Running as unit: aspis-focus-1791156782005357000-3e84b0c0a2f4.service; invocation ID: 627f416b8775463281a0bcefd5fef901
'AspisV8R19.R812SourceBlock06RowsChunk04.source_block06_active_row_local17' depends on axioms: [propext,
 Classical.choice,
 Quot.sound]
'AspisV8R19.R812SourceBlock06RowsChunk04.source_block06_active_row_local18' depends on axioms: [propext,
 Classical.choice,
 Quot.sound]
'AspisV8R19.R812SourceBlock06RowsChunk04.source_block06_active_row_local19' depends on axioms: [propext,
 Classical.choice,
 Quot.sound]
'AspisV8R19.R812SourceBlock06RowsChunk04.source_block06_active_row_local20' depends on axioms: [propext,
 Classical.choice,
 Quot.sound]
	Command being timed: "/home/dombarker/.elan/bin/lake --dir /home/dombarker/project-offloads/aspis-r126-release-20260930-a/focus-workspace env lean -j1 -M4500 -R /home/dombarker/project-offloads/aspis-r57-lean-src-20260929-a -o /home/dombarker/project-offloads/aspis-r126-release-20260930-a/lib/AspisV8R19/R812Rows04.olean /home/dombarker/project-offloads/aspis-r57-lean-src-20260929-a/AspisV8R19/R812Rows04.lean"
	User time (seconds): 10.01
	System time (seconds): 0.42
	Percent of CPU this job got: 99%
	Elapsed (wall clock) time (h:mm:ss or m:ss): 0:10.44
	Average shared text size (kbytes): 0
	Average unshared data size (kbytes): 0
	Average stack size (kbytes): 0
	Average total size (kbytes): 0
	Maximum resident set size (kbytes): 3559108
	Average resident set size (kbytes): 0
	Major (requiring I/O) page faults: 7
	Minor (reclaiming a frame) page faults: 105538
	Voluntary context switches: 435
	Involuntary context switches: 138
	Swaps: 0
	File system inputs: 4152
	File system outputs: 88
	Socket messages sent: 0
	Socket messages received: 0
	Signals delivered: 0
	Page size (bytes): 4096
	Exit status: 0
Finished with result: success
Main processes terminated with: code=exited/status=0
Service runtime: 10.469s
CPU time consumed: 10.463s
Memory peak: 512.0K
Memory swap peak: 0B
