Warning: Permanently added '100.108.41.90' (ED25519) to the list of known hosts.
Running as unit: aspis-r388-reduce-u62-translation.service; invocation ID: c3fcf90fe40e48268425eddf7ba63e8d
[[92mInfo[39m ] Imported: /home/dombarker/project-offloads/aspis-r388-reduce-u62-translation-20261002-a/R388ReduceU62Ordered.llbc
[[92mInfo[39m ] Creating missing directory: /home/dombarker/project-offloads/aspis-r388-reduce-u62-translation-20261002-a/generated/AspisR388ReduceU62
[[92mInfo[39m ] Generated: /home/dombarker/project-offloads/aspis-r388-reduce-u62-translation-20261002-a/generated/AspisR388ReduceU62/Types.lean
[[92mInfo[39m ] Generated: /home/dombarker/project-offloads/aspis-r388-reduce-u62-translation-20261002-a/generated/AspisR388ReduceU62/Funs.lean
[[92mInfo[39m ] Generated: /home/dombarker/project-offloads/aspis-r388-reduce-u62-translation-20261002-a/generated/translation.json
[[92mInfo[39m ] Total execution time: 0.144579 seconds
	Command being timed: "/home/dombarker/project-offloads/aspis-r363-instantiated-pattern-candidate-20261002-a/aeneas-r363-instantiated-pattern-candidate -sequential -no-progress-bar -abort-on-error -backend lean -namespace AspisR388ReduceU62 -dest /home/dombarker/project-offloads/aspis-r388-reduce-u62-translation-20261002-a/generated -subdir AspisR388ReduceU62 -split-files -emit-json /home/dombarker/project-offloads/aspis-r388-reduce-u62-translation-20261002-a/R388ReduceU62Ordered.llbc"
	User time (seconds): 0.21
	System time (seconds): 0.01
	Percent of CPU this job got: 100%
	Elapsed (wall clock) time (h:mm:ss or m:ss): 0:00.23
	Average shared text size (kbytes): 0
	Average unshared data size (kbytes): 0
	Average stack size (kbytes): 0
	Average total size (kbytes): 0
	Maximum resident set size (kbytes): 57024
	Average resident set size (kbytes): 0
	Major (requiring I/O) page faults: 0
	Minor (reclaiming a frame) page faults: 8629
	Voluntary context switches: 1
	Involuntary context switches: 3
	Swaps: 0
	File system inputs: 0
	File system outputs: 32
	Socket messages sent: 0
	Socket messages received: 0
	Signals delivered: 0
	Page size (bytes): 4096
	Exit status: 0

R388_TRANSLATION_EXIT 0
Finished with result: success
Main processes terminated with: code=exited/status=0
Service runtime: 308ms
CPU time consumed: 307ms
Memory peak: 328.0K
Memory swap peak: 0B
