/home/dombarker/project-offloads/aspis-r54-lean-src-20260929-a/AspisV8R19/WrapperReplay.lean:37:3: error: unexpected token 'prefix'; expected identifier
/home/dombarker/project-offloads/aspis-r54-lean-src-20260929-a/AspisV8R19/WrapperReplay.lean:42:65: error: unexpected token 'prefix'; expected ')', '↑', '↥', '⇑' or term
/home/dombarker/project-offloads/aspis-r54-lean-src-20260929-a/AspisV8R19/WrapperReplay.lean:42:71: error: unexpected token; expected ':'
/home/dombarker/project-offloads/aspis-r54-lean-src-20260929-a/AspisV8R19/WrapperReplay.lean:55:58: error: unexpected token 'prefix'; expected term
/home/dombarker/project-offloads/aspis-r54-lean-src-20260929-a/AspisV8R19/WrapperReplay.lean:56:18: error: unexpected identifier; expected ':'
Command exited with non-zero status 1
	Command being timed: "/home/dombarker/.elan/bin/lake env lean -R /home/dombarker/project-offloads/aspis-r54-lean-src-20260929-a -o /home/dombarker/project-offloads/aspis-r54-lean-20260929-h/lib/AspisV8R19/WrapperReplay.olean /home/dombarker/project-offloads/aspis-r54-lean-src-20260929-a/AspisV8R19/WrapperReplay.lean"
	User time (seconds): 1.11
	System time (seconds): 0.44
	Percent of CPU this job got: 108%
	Elapsed (wall clock) time (h:mm:ss or m:ss): 0:01.44
	Average shared text size (kbytes): 0
	Average unshared data size (kbytes): 0
	Average stack size (kbytes): 0
	Average total size (kbytes): 0
	Maximum resident set size (kbytes): 3239784
	Average resident set size (kbytes): 0
	Major (requiring I/O) page faults: 1
	Minor (reclaiming a frame) page faults: 77391
	Voluntary context switches: 1851
	Involuntary context switches: 74
	Swaps: 0
	File system inputs: 136
	File system outputs: 8
	Socket messages sent: 0
	Socket messages received: 0
	Signals delivered: 0
	Page size (bytes): 4096
	Exit status: 1
