Warning: Permanently added '100.108.41.90' (ED25519) to the list of known hosts.
Running as unit: aspis-r343-controlflow-output-source-translation.service; invocation ID: a2104b866db5455bbb45f0189a8a9adb
[[92mInfo[39m ] Imported: /home/dombarker/project-offloads/aspis-r343-controlflow-output-source-translation-20261002-a/R339ControlFlowOutputSourceProjection.llbc
[[91mError[39m] Name clash detected: the following identifiers are bound to the same name "core.ops.control_flow.ControlFlow" (the generated code will be incorrect):
- type name: core::ops::control_flow::ControlFlow::<(), ()>
  Source: '/rustc/library/core/src/ops/control_flow.rs', lines 89:0-89:31
- type name: core::ops::control_flow::ControlFlow::<(), core::convert::Infallible>
  Source: '/rustc/library/core/src/ops/control_flow.rs', lines 89:0-89:31

You may want to rename some of your definitions, or report an issue.
Note that you can change the name used in the generated code by using the attribute #[aeneas::rename("NAME")] or #[charon::rename("NAME")]. For instance:

```
#![feature(register_tool)]
#![register_tool(aeneas)]

#[aeneas::rename("Bar")]
type Foo = i32;
```

Those attributes can be applied to type definitions, functions, methods, trait
declarations or trait implementations. For more examples, see:
https://github.com/AeneasVerif/aeneas/blob/main/tests/src/rename_attribute.rs



[[91mError[39m] Name clash detected: the following identifiers are bound to the same name "core.ops.control_flow.ControlFlow" (the generated code will be incorrect):
- type name: core::ops::control_flow::ControlFlow::<(), ()>
  Source: '/rustc/library/core/src/ops/control_flow.rs', lines 89:0-89:31
- type name: core::ops::control_flow::ControlFlow::<(), core::convert::Infallible>
  Source: '/rustc/library/core/src/ops/control_flow.rs', lines 89:0-89:31

You may want to rename some of your definitions, or report an issue.
Note that you can change the name used in the generated code by using the attribute #[aeneas::rename("NAME")] or #[charon::rename("NAME")]. For instance:

```
#![feature(register_tool)]
#![register_tool(aeneas)]

#[aeneas::rename("Bar")]
type Foo = i32;
```

Those attributes can be applied to type definitions, functions, methods, trait
declarations or trait implementations. For more examples, see:
https://github.com/AeneasVerif/aeneas/blob/main/tests/src/rename_attribute.rs



Compiler source: extract/ExtractBase.ml, line 269

Uncaught exception:
  
  (Failure
    "Name clash detected: the following identifiers are bound to the same name \"core.ops.control_flow.ControlFlow\" (the generated code will be incorrect):\
   \n- type name: core::ops::control_flow::ControlFlow::<(), ()>\
   \n  Source: '/rustc/library/core/src/ops/control_flow.rs', lines 89:0-89:31\
   \n- type name: core::ops::control_flow::ControlFlow::<(), core::convert::Infallible>\
   \n  Source: '/rustc/library/core/src/ops/control_flow.rs', lines 89:0-89:31\
   \n\
   \nYou may want to rename some of your definitions, or report an issue.\
   \nNote that you can change the name used in the generated code by using the attribute #[aeneas::rename(\"NAME\")] or #[charon::rename(\"NAME\")]. For instance:\
   \n\
   \n```\
   \n#![feature(register_tool)]\
   \n#![register_tool(aeneas)]\
   \n\
   \n#[aeneas::rename(\"Bar\")]\
   \ntype Foo = i32;\
   \n```\
   \n\
   \nThose attributes can be applied to type definitions, functions, methods, trait\
   \ndeclarations or trait implementations. For more examples, see:\
   \nhttps://github.com/AeneasVerif/aeneas/blob/main/tests/src/rename_attribute.rs\
   \n\
   \n\
   \n\
   \nCompiler source: extract/ExtractBase.ml, line 269")

Raised at Aeneas__Errors.save_error_opt_span in file "Errors.ml", line 107, characters 4-23
Called from Aeneas__ExtractBase.names_map_add in file "extract/ExtractBase.ml", line 295, characters 2-56
Called from Aeneas__ExtractBase.names_maps_add in file "extract/ExtractBase.ml", line 448, characters 8-70
Called from Aeneas__ExtractBase.ctx_add in file "extract/ExtractBase.ml", line 789, characters 4-66
Called from Aeneas__ExtractTypes.extract_type_decl_register_names in file "extract/ExtractTypes.ml", line 776, characters 12-66
Called from Aeneas__Translate.extract_translated_crate.(fun) in file "Translate.ml", line 1569, characters 12-60
Called from Stdlib__List.fold_left in file "list.ml", line 123, characters 24-34
Called from Aeneas__Translate.extract_translated_crate in file "Translate.ml", lines 1567-1588, characters 4-46
Called from Dune__exe__Main in file "Main.ml", lines 743-744, characters 8-37
Command exited with non-zero status 2
	Command being timed: "/home/dombarker/project-offloads/aspis-r312-slice-length-candidate-20261002-a/aeneas-r312-slice-length-candidate -sequential -no-progress-bar -abort-on-error -backend lean -namespace AspisR343ControlFlowOutputSource -dest /home/dombarker/project-offloads/aspis-r343-controlflow-output-source-translation-20261002-a/generated -subdir AspisR343ControlFlowOutputSource -split-files -emit-json /home/dombarker/project-offloads/aspis-r343-controlflow-output-source-translation-20261002-a/R339ControlFlowOutputSourceProjection.llbc"
	User time (seconds): 0.19
	System time (seconds): 0.01
	Percent of CPU this job got: 99%
	Elapsed (wall clock) time (h:mm:ss or m:ss): 0:00.21
	Average shared text size (kbytes): 0
	Average unshared data size (kbytes): 0
	Average stack size (kbytes): 0
	Average total size (kbytes): 0
	Maximum resident set size (kbytes): 55440
	Average resident set size (kbytes): 0
	Major (requiring I/O) page faults: 0
	Minor (reclaiming a frame) page faults: 8227
	Voluntary context switches: 1
	Involuntary context switches: 3
	Swaps: 0
	File system inputs: 0
	File system outputs: 16
	Socket messages sent: 0
	Socket messages received: 0
	Signals delivered: 0
	Page size (bytes): 4096
	Exit status: 2

Finished with result: exit-code
Main processes terminated with: code=exited/status=2
Service runtime: 292ms
CPU time consumed: 290ms
Memory peak: 516.0K
Memory swap peak: 0B
