'AspisV8Completion.FSExposureOrder.linked_order_or_premature_target' depends on axioms: [propext,
 Classical.choice,
 Quot.sound]
'AspisV8Completion.FSExposureOrder.target_count' depends on axioms: [propext]
'AspisV8Completion.FSExposureOrder.firstExposure_append_of_seen' depends on axioms: [propext,
 Classical.choice,
 Quot.sound]
'AspisV8Completion.FSExposureOrder.run_log_consistent' depends on axioms: [propext, Quot.sound]
'AspisV8Completion.FSExposureOrder.same_logged_input_same_answer' does not depend on any axioms
'AspisV8Completion.FSExposureOrder.first_recorded_answer' depends on axioms: [propext, Classical.choice, Quot.sound]
'AspisV8Completion.FSExposureOrder.getElem_first_index' depends on axioms: [propext, Quot.sound]
        3.51 real         0.38 user         0.39 sys
           676823040  maximum resident set size
                   0  average shared memory size
                   0  average unshared data size
                   0  average unshared stack size
               16095  page reclaims
               31285  page faults
                   0  swaps
                   0  block input operations
                   0  block output operations
                   0  messages sent
                   0  messages received
                   0  signals received
                6212  voluntary context switches
               24635  involuntary context switches
           608393608  instructions retired
           282560007  cycles elapsed
            11911936  peak memory footprint
