Warning: Permanently added '100.108.41.90' (ED25519) to the list of known hosts.
Running as unit: aspis-focus-1790922647510455000.service; invocation ID: e3d2470615c0469cac4d9ae72742a639
/home/dombarker/project-offloads/aspis-r57-lean-src-20260929-a/AspisV8R19/R311BatchReverseLoopExecution.lean:114:51: warning: try 'simp' instead of 'simpa'

Note: This linter can be disabled with `set_option linter.unnecessarySimpa false`
/home/dombarker/project-offloads/aspis-r57-lean-src-20260929-a/AspisV8R19/R311BatchReverseLoopExecution.lean:118:17: warning: This simp argument is unused:
  bind_tc_ok

Hint: Omit it from the simp argument list.
  simp only ̵[̵b̵i̵n̵d̵_̵t̵c̵_̵o̵k̵]̵

Note: This linter can be disabled with `set_option linter.unusedSimpArgs false`
'AspisV8R19.R311BatchReverseLoopExecution.setNat_eq_vec_set' depends on axioms: [propext]
'AspisV8R19.R311BatchReverseLoopExecution.setNat_length' depends on axioms: [propext]
'AspisV8R19.R311BatchReverseLoopExecution.batch_loop2_reverseModel' depends on axioms: [propext,
 Classical.choice,
 Quot.sound]
'AspisV8R19.R311BatchReverseLoopExecution.batch_loop3_body_eq_loop2_body' depends on axioms: [propext,
 Classical.choice,
 Quot.sound]
'AspisV8R19.R311BatchReverseLoopExecution.batch_loop3_eq_batch_loop2' depends on axioms: [propext,
 Classical.choice,
 Quot.sound]
	Command being timed: "/home/dombarker/.elan/bin/lake --dir /home/dombarker/project-offloads/aspis-r126-release-20260930-a/focus-workspace env lean -j1 -M4500 -R /home/dombarker/project-offloads/aspis-r57-lean-src-20260929-a -o /home/dombarker/project-offloads/aspis-r126-release-20260930-a/lib/AspisV8R19/R311BatchReverseLoopExecution.olean /home/dombarker/project-offloads/aspis-r57-lean-src-20260929-a/AspisV8R19/R311BatchReverseLoopExecution.lean"
	User time (seconds): 1.37
	System time (seconds): 0.37
	Percent of CPU this job got: 100%
	Elapsed (wall clock) time (h:mm:ss or m:ss): 0:01.75
	Average shared text size (kbytes): 0
	Average unshared data size (kbytes): 0
	Average stack size (kbytes): 0
	Average total size (kbytes): 0
	Maximum resident set size (kbytes): 3724832
	Average resident set size (kbytes): 0
	Major (requiring I/O) page faults: 0
	Minor (reclaiming a frame) page faults: 86337
	Voluntary context switches: 816
	Involuntary context switches: 68
	Swaps: 0
	File system inputs: 0
	File system outputs: 632
	Socket messages sent: 0
	Socket messages received: 0
	Signals delivered: 0
	Page size (bytes): 4096
	Exit status: 0
Finished with result: success
Main processes terminated with: code=exited/status=0
Service runtime: 1.780s
CPU time consumed: 1.783s
Memory peak: 324.0K
Memory swap peak: 0B
