Warning: Permanently added '100.108.41.90' (ED25519) to the list of known hosts.
Running as unit: aspis-focus-1791144932111969000.service; invocation ID: b3eec637c6fb45df8bade458b2c6a06d
'AspisV8R19.R758NormalizedLowRepair.normalized_weight' depends on axioms: [propext, Classical.choice, Quot.sound]
'AspisV8R19.R758NormalizedLowRepair.normalized_weight_repair' depends on axioms: [propext, Classical.choice, Quot.sound]
	Command being timed: "/home/dombarker/.elan/bin/lake --dir /home/dombarker/project-offloads/aspis-r126-release-20260930-a/focus-workspace env lean -j1 -M4500 -R /home/dombarker/project-offloads/aspis-r57-lean-src-20260929-a -o /home/dombarker/project-offloads/aspis-r126-release-20260930-a/lib/AspisV8R19/R758NormalizedLowRepair.olean /home/dombarker/project-offloads/aspis-r57-lean-src-20260929-a/AspisV8R19/R758NormalizedLowRepair.lean"
	User time (seconds): 1.01
	System time (seconds): 0.33
	Percent of CPU this job got: 100%
	Elapsed (wall clock) time (h:mm:ss or m:ss): 0:01.34
	Average shared text size (kbytes): 0
	Average unshared data size (kbytes): 0
	Average stack size (kbytes): 0
	Average total size (kbytes): 0
	Maximum resident set size (kbytes): 3299504
	Average resident set size (kbytes): 0
	Major (requiring I/O) page faults: 0
	Minor (reclaiming a frame) page faults: 77361
	Voluntary context switches: 419
	Involuntary context switches: 53
	Swaps: 0
	File system inputs: 0
	File system outputs: 200
	Socket messages sent: 0
	Socket messages received: 0
	Signals delivered: 0
	Page size (bytes): 4096
	Exit status: 0
Finished with result: success
Main processes terminated with: code=exited/status=0
Service runtime: 1.370s
CPU time consumed: 1.371s
Memory peak: 516.0K
Memory swap peak: 0B
