'AspisV8R19.InverseRuntimeMul.tryMk_success' depends on axioms: [propext]
'AspisV8R19.InverseRuntimeMul.add_success' depends on axioms: [propext]
'AspisV8R19.InverseRuntimeMul.mul_success' depends on axioms: [propext]
'AspisV8R19.InverseRuntimeMul.tryMk_overflow' depends on axioms: [propext]
'AspisV8R19.InverseRuntimeMul.cast_value' depends on axioms: [propext]
'AspisV8R19.InverseRuntimeMul.narrow_exact' depends on axioms: [propext]
'AspisV8R19.InverseRuntimeMul.and_value' depends on axioms: [propext, Quot.sound]
'AspisV8R19.InverseRuntimeMul.shift_success' depends on axioms: [propext]
'AspisV8R19.InverseRuntimeMul.sub_success' depends on axioms: [propext]
'AspisV8R19.InverseRuntimeMul.shift_overflow' depends on axioms: [propext]
'AspisV8R19.InverseRuntimeMul.sub_underflow' depends on axioms: [propext]
'AspisV8R19.InverseRuntimeMul.mask32_value' depends on axioms: [propext]
'AspisV8R19.InverseRuntimeMul.mask64_value' depends on axioms: [propext]
'AspisV8R19.InverseRuntimeMul.foldExecution_success' depends on axioms: [propext, Classical.choice, Quot.sound]
'AspisV8R19.InverseRuntimeMul.reduceExecution_success' depends on axioms: [propext, Classical.choice, Quot.sound]
'AspisV8R19.InverseRuntimeMul.reduceExecution_canonical' depends on axioms: [propext, Classical.choice, Quot.sound]
'AspisV8R19.InverseRuntimeMul.reduceExecution_mod' depends on axioms: [propext, Classical.choice, Quot.sound]
'AspisV8R19.InverseRuntimeMul.generated_reducer_eq' depends on axioms: [propext, Classical.choice, Quot.sound]
'AspisV8R19.InverseRuntimeMul.generated_reducer_mod' depends on axioms: [propext, Classical.choice, Quot.sound]
'AspisV8R19.InverseRuntimeMul.cast_widen_value' depends on axioms: [propext, Quot.sound]
'AspisV8R19.InverseRuntimeMul.generated_mul_mod' depends on axioms: [propext, Classical.choice, Quot.sound]
	Command being timed: "/home/dombarker/.elan/bin/lake env lean -j1 -M4500 -R /home/dombarker/project-offloads/aspis-r57-lean-src-20260929-a -o /home/dombarker/project-offloads/aspis-r63-lean-20260929-b/lib/AspisV8R19/InverseRuntimeMul.olean /home/dombarker/project-offloads/aspis-r57-lean-src-20260929-a/AspisV8R19/InverseRuntimeMul.lean"
	User time (seconds): 1.00
	System time (seconds): 0.35
	Percent of CPU this job got: 100%
	Elapsed (wall clock) time (h:mm:ss or m:ss): 0:01.34
	Average shared text size (kbytes): 0
	Average unshared data size (kbytes): 0
	Average stack size (kbytes): 0
	Average total size (kbytes): 0
	Maximum resident set size (kbytes): 2512148
	Average resident set size (kbytes): 0
	Major (requiring I/O) page faults: 0
	Minor (reclaiming a frame) page faults: 63922
	Voluntary context switches: 1374
	Involuntary context switches: 56
	Swaps: 0
	File system inputs: 0
	File system outputs: 448
	Socket messages sent: 0
	Socket messages received: 0
	Signals delivered: 0
	Page size (bytes): 4096
	Exit status: 0
