Warning: Permanently added '100.108.41.90' (ED25519) to the list of known hosts.
Running as unit: aspis-focus-1790935973755371000.service; invocation ID: 0c85494a68fd4a05bcfe0db59b6a1362
/home/dombarker/project-offloads/aspis-r57-lean-src-20260929-a/AspisV8R19/R336PrefixPairInverseExecution.lean:28:33: error: Application type mismatch: The argument
  hy
has type
  (↑ys).length = 0
but is expected to have type
  ↑ys = []
in the application
  selectedPrefix0_empty ys hy
/home/dombarker/project-offloads/aspis-r57-lean-src-20260929-a/AspisV8R19/R336PrefixPairInverseExecution.lean:49:6: error: Tactic `rewrite` failed: Did not find an occurrence of the pattern
  AspisR316SliceLastRaw.core.slice.Slice.last ?xs
in the target expression
  (have s2 := px.deref;
    do
    let o ← AspisR316SliceLastRaw.core.slice.Slice.last s2
    let p ← core.option.Option.unwrap o
    have s3 : Slice U32 := py.deref
    let o1 ← AspisR316SliceLastRaw.core.slice.Slice.last s3
    let q ← core.option.Option.unwrap o1
    let b5 ← AspisR249R110Raw.circle_norm.joined_inverse.line_norm.r110_norm.B.mul p q
    let total ← AspisR278PrivateInverseRaw.circle_norm.joined_inverse.line_norm.r110_norm.B.inv b5
    let ix ← total.mul q
    let iy ← total.mul p
    ok (ix, iy)) =
    if p * q = 0 then fail Error.assertionFailure else ok (encodeBase ((p * q)⁻¹ * q), encodeBase ((p * q)⁻¹ * p))

px py : alloc.vec.Vec U32
p q : M31Exact
hp : (↑px).getLast? = some (encodeBase p)
hq : (↑py).getLast? = some (encodeBase q)
⊢ (have s2 := px.deref;
    do
    let o ← AspisR316SliceLastRaw.core.slice.Slice.last s2
    let p ← core.option.Option.unwrap o
    have s3 : Slice U32 := py.deref
    let o1 ← AspisR316SliceLastRaw.core.slice.Slice.last s3
    let q ← core.option.Option.unwrap o1
    let b5 ← AspisR249R110Raw.circle_norm.joined_inverse.line_norm.r110_norm.B.mul p q
    let total ← AspisR278PrivateInverseRaw.circle_norm.joined_inverse.line_norm.r110_norm.B.inv b5
    let ix ← total.mul q
    let iy ← total.mul p
    ok (ix, iy)) =
    if p * q = 0 then fail Error.assertionFailure else ok (encodeBase ((p * q)⁻¹ * q), encodeBase ((p * q)⁻¹ * p))
'AspisV8R19.R336PrefixPairInverseExecution.second_prefix_eq_first' depends on axioms: [propext,
 Classical.choice,
 Quot.sound]
'AspisV8R19.R336PrefixPairInverseExecution.second_prefix_empty' depends on axioms: [propext,
 sorryAx,
 Classical.choice,
 Quot.sound]
'AspisV8R19.R336PrefixPairInverseExecution.second_prefix_bundle' depends on axioms: [propext,
 Classical.choice,
 Quot.sound]
'AspisV8R19.R336PrefixPairInverseExecution.pair_inverse_complete' depends on axioms: [propext,
 sorryAx,
 Classical.choice,
 Quot.sound]
'AspisV8R19.R336PrefixPairInverseExecution.initialized_pair_inverse' depends on axioms: [propext,
 sorryAx,
 Classical.choice,
 Quot.sound]
Command exited with non-zero status 1
	Command being timed: "/home/dombarker/.elan/bin/lake --dir /home/dombarker/project-offloads/aspis-r126-release-20260930-a/focus-workspace env lean -j1 -M4500 -R /home/dombarker/project-offloads/aspis-r57-lean-src-20260929-a -o /home/dombarker/project-offloads/aspis-r126-release-20260930-a/lib/AspisV8R19/R336PrefixPairInverseExecution.olean /home/dombarker/project-offloads/aspis-r57-lean-src-20260929-a/AspisV8R19/R336PrefixPairInverseExecution.lean"
	User time (seconds): 1.13
	System time (seconds): 0.38
	Percent of CPU this job got: 100%
	Elapsed (wall clock) time (h:mm:ss or m:ss): 0:01.51
	Average shared text size (kbytes): 0
	Average unshared data size (kbytes): 0
	Average stack size (kbytes): 0
	Average total size (kbytes): 0
	Maximum resident set size (kbytes): 3692080
	Average resident set size (kbytes): 0
	Major (requiring I/O) page faults: 0
	Minor (reclaiming a frame) page faults: 86466
	Voluntary context switches: 354
	Involuntary context switches: 58
	Swaps: 0
	File system inputs: 208
	File system outputs: 0
	Socket messages sent: 0
	Socket messages received: 0
	Signals delivered: 0
	Page size (bytes): 4096
	Exit status: 1
Finished with result: exit-code
Main processes terminated with: code=exited/status=1
Service runtime: 1.535s
CPU time consumed: 1.545s
Memory peak: 548.0K
Memory swap peak: 0B
