info: r49_focused: no previous manifest, creating one from scratch
info: toolchain not updated; already up-to-date
/home/dombarker/project-offloads/aspis-r49-lean-src-20260929-a/AspisV8R19/SourceFixedResidual.lean:50:6: error: Tactic `rewrite` failed: Did not find an occurrence of the pattern
  sourcePointFunctional ?z (mask ?half ?a ?b ?c ?q)
in the target expression
  sourcePointFunctional (SourceStatementPoints.points SparseHighWitness.z which) (mask half 7 5 (-5) q) =
    ∑ i, q i * SparseHighWitness.e (↑which) i

q : Index 32 → M
which : Fin 3
⊢ sourcePointFunctional (SourceStatementPoints.points SparseHighWitness.z which) (mask half 7 5 (-5) q) =
    ∑ i, q i * SparseHighWitness.e (↑which) i
/home/dombarker/project-offloads/aspis-r49-lean-src-20260929-a/AspisV8R19/SourceFixedResidual.lean:72:36: error(lean.synthInstanceFailed): failed to synthesize instance of type class
  Field M

Hint: Type class instance resolution failures can be inspected with the `set_option trace.Meta.synthInstance true` command.
/home/dombarker/project-offloads/aspis-r49-lean-src-20260929-a/AspisV8R19/SourceFixedResidual.lean:76:63: error(lean.synthInstanceFailed): failed to synthesize instance of type class
  Field M

Hint: Type class instance resolution failures can be inspected with the `set_option trace.Meta.synthInstance true` command.
/home/dombarker/project-offloads/aspis-r49-lean-src-20260929-a/AspisV8R19/SourceFixedResidual.lean:78:10: error: maximum recursion depth has been reached
use `set_option maxRecDepth <num>` to increase limit
use `set_option diagnostics true` to get diagnostic information
/home/dombarker/project-offloads/aspis-r49-lean-src-20260929-a/AspisV8R19/SourceFixedResidual.lean:82:6: error: Failed to rewrite using equation theorems for `SourceCircleBoundary.column`
'AspisR19.SourceFixedResidual.weight_eq' depends on axioms: [propext, Classical.choice, Quot.sound]
'AspisR19.SourceFixedResidual.relation_eq' depends on axioms: [propext, Classical.choice, Quot.sound]
'AspisR19.SourceFixedResidual.point_eq' depends on axioms: [propext, sorryAx, Classical.choice, Quot.sound]
'AspisR19.SourceFixedResidual.observed_eq' depends on axioms: [propext, sorryAx, Classical.choice, Quot.sound]
'AspisR19.SourceFixedResidual.matrix_equal' depends on axioms: [propext, sorryAx, Classical.choice, Quot.sound]
'AspisR19.SourceFixedResidual.det_ne_zero' depends on axioms: [propext, sorryAx, Classical.choice, Quot.sound]
Command exited with non-zero status 1
	Command being timed: "/home/dombarker/.elan/bin/lake env lean -R /home/dombarker/project-offloads/aspis-r49-lean-src-20260929-a -o /home/dombarker/project-offloads/aspis-r49-lean-20260929-f/lib/AspisV8R19/SourceFixedResidual.olean /home/dombarker/project-offloads/aspis-r49-lean-src-20260929-a/AspisV8R19/SourceFixedResidual.lean"
	User time (seconds): 1.01
	System time (seconds): 0.36
	Percent of CPU this job got: 124%
	Elapsed (wall clock) time (h:mm:ss or m:ss): 0:01.10
	Average shared text size (kbytes): 0
	Average unshared data size (kbytes): 0
	Average stack size (kbytes): 0
	Average total size (kbytes): 0
	Maximum resident set size (kbytes): 2323908
	Average resident set size (kbytes): 0
	Major (requiring I/O) page faults: 5
	Minor (reclaiming a frame) page faults: 54350
	Voluntary context switches: 3828
	Involuntary context switches: 56
	Swaps: 0
	File system inputs: 768
	File system outputs: 40
	Socket messages sent: 0
	Socket messages received: 0
	Signals delivered: 0
	Page size (bytes): 4096
	Exit status: 1
