Warning: Permanently added '100.108.41.90' (ED25519) to the list of known hosts.
Running as unit: aspis-r117-actual-seed1-run-20261004.service; invocation ID: 1d57f89297cf4553ae9bdecba7bfba4d
POSITIVE_LAYOUT old_cells=3803 new_cells=3802 old_fp=f9daf3d54f4285d1 new_fp=6b661245a56c7189 active_reserved=true unchanged_dependents=16 descriptor_bytes=107 packing_controls=32
GAMMA_CONTROLS canonical_profiles=512 maximal_limb_dot=true noncanonical_positions=152 short_inputs=2
STRUCTURED_CONTROLS entries=16384 terminals=64 affine_x_y=true inversion_zero_every_position=true
PERF_CONTROLS exact_public_weights=8192 allocation_free_carry=4104 zero_one_coordinates=true
PERF {"seed":0,"phase":"setup_compiler_encoder_matrix","seconds":1.395756508}
PERF {"seed":1,"phase":"masking","seconds":0.001212865}
PERF {"seed":1,"phase":"c1_encode","seconds":0.552912869}
PERF {"seed":1,"phase":"c1_salts_pack_tree","seconds":0.74900604}
PERF {"seed":1,"phase":"c2_helpers_encode","seconds":0.236116757}
PERF {"seed":1,"phase":"c2_pack_tree","seconds":0.358157325}
semantic_round=0 checked=true
semantic_round=1 checked=true
semantic_round=2 checked=true
semantic_round=3 checked=true
semantic_round=4 checked=true
semantic_round=5 checked=true
semantic_round=6 checked=true
semantic_round=7 checked=true
semantic_round=8 checked=true
semantic_round=9 checked=true
PERF {"seed":1,"phase":"semantic_producer_literal","seconds":3.190084722}
R17_C1_WITNESS_CORRECTION columns=16 original_rows108=true aggregate_initial_claim_preserved=true schur_rank=4 schur_variables=2058 selected_raw_zeros=1408 point_claim_zeros=48 ood_claim_zeros=32 base_field_masks=true internal_vectors_not_serialized=true
R17_H1_WITNESS_OOD coverage=explicit_distinct_point_interpolation directions_used=2 coordinate_branches_checked=2 coincident_rejected=true source_pad_checked=true retained_ood=2 active_helper_offset_retained=true fixed_prefix_only=true
R28_H1_WITNESS_JOINT ordinary_first_all7_zero=true rank=545 equations=568 compatibility_residuals=23 raw_zero=88 point_zero=3 ood_zero=2 rest_final_zero=256 gamma26_retained=true fixed_prefix_only=true kernel_directions=477
R17_H1_SEMANTIC_MAP coordinates=271 columns=1024 rounds=10 terminal_basis_checks=1024 legal_initial_directions=809 internal_map_not_serialized=true
R117_G_BASELINE rows=626 columns=1022 rank=602 residual_rows=24 incompatible_rhs=0
R117_H1_G_SCHUR residual_rows=24 h1_kernel_variables=477 rank=0 incompatible_rows=0
R117_G_COUPLED_TARGET residual_rows=24 corrected_incompatible_rows=0 h1_kernel_variables=477
R19_G_WITNESS_JOINT equations=626 rank=602 corrected_incompatible_rows=0 new_p0_checked=true new_p2_checked=true semantic_cancel=271 relation_cancel=7 raw_zero=88 point_zero=3 ood_zero=2 final_zero=256 fixed_prefix_only=true
R117_ACTUAL_SEED1_FIXED_PREFIX H1_G_Schur=true semantic_rows=271 fs_shared_oracle_coupling=false
R19_CHANNEL_WITNESS source_p0_p2_retained=true first_relation_all7=true combined_final256=true decoder_independent=true fixed_prefix_only=true
R17_C1_WITNESS_VALIDATED same_public=true opposite_selected_input=true actual_helper_rebuilt=true helper_changed_rows=2 fixed_prefix_diagnostic_only=true
PERF {"seed":1,"phase":"relation_openings_serialize","seconds":53.169773716}
PERF {"seed":1,"phase":"prover_total_excludes_setup","seconds":58.25731848}
PERF {"seed":1,"phase":"host_verify_from_public_bytes","seconds":0.014696408}
R19_CONTROL semantic_rounds=10 channel_fields=2 final_values=256 privacy_gate_open=true corrupted_bytes=6 noncanonical_g_final=true truncated=true deferred_dense_agree=true
PERF {"seed":1,"accepted":true,"body_bytes":57682,"max_body_bytes":59138,"stress_nonce_attempts":0,"security_credit_bits":0,"full_transaction_cu":null}
	Command being timed: "env ASPIS_R17_C1_WITNESS_AUDIT=1 ASPIS_R117_C1_CERT_PATH=/home/dombarker/project-offloads/aspis-r117-actual-seed1-schur-20261004-a/evidence/actual-seed1-schur/c1-total-schur.bin ASPIS_R117_H1_CERT_PATH=/home/dombarker/project-offloads/aspis-r117-actual-seed1-schur-20261004-a/evidence/actual-seed1-schur/h1-cross-row.bin ASPIS_R117_G_CERT_PATH=/home/dombarker/project-offloads/aspis-r117-actual-seed1-schur-20261004-a/evidence/actual-seed1-schur/g-baseline.bin ASPIS_R117_SCHUR_CERT_PATH=/home/dombarker/project-offloads/aspis-r117-actual-seed1-schur-20261004-a/evidence/actual-seed1-schur/h1-g-schur.bin /home/dombarker/project-offloads/aspis-r117-actual-seed1-schur-20261004-a/evidence/actual-seed1-schur/run/aspis-v8-performance-host evidence/actual-seed1-schur/output-seed1"
	User time (seconds): 59.60
	System time (seconds): 0.11
	Percent of CPU this job got: 99%
	Elapsed (wall clock) time (h:mm:ss or m:ss): 0:59.73
	Average shared text size (kbytes): 0
	Average unshared data size (kbytes): 0
	Average stack size (kbytes): 0
	Average total size (kbytes): 0
	Maximum resident set size (kbytes): 305684
	Average resident set size (kbytes): 0
	Major (requiring I/O) page faults: 0
	Minor (reclaiming a frame) page faults: 85733
	Voluntary context switches: 1
	Involuntary context switches: 832
	Swaps: 0
	File system inputs: 0
	File system outputs: 144
	Socket messages sent: 0
	Socket messages received: 0
	Signals delivered: 0
	Page size (bytes): 4096
	Exit status: 0
Finished with result: success
Main processes terminated with: code=exited/status=0
Service runtime: 59.737s
CPU time consumed: 59.726s
Memory peak: 512.0K
Memory swap peak: 0B
