'AspisV8R16.fibre_interpolation' depends on axioms: [propext, Classical.choice, Quot.sound]
'AspisV8R16.four_slot_inverse' depends on axioms: [propext, Classical.choice, Quot.sound]
	Command being timed: "/home/dombarker/.elan/bin/lake env lean -R /home/dombarker/project-offloads/aspis-r44-lean-src-20260929-a -o /home/dombarker/project-offloads/aspis-r44-lean-20260929-a/lib/AspisV8R16/FibreInterpolation.olean /home/dombarker/project-offloads/aspis-r44-lean-src-20260929-a/AspisV8R16/FibreInterpolation.lean"
	User time (seconds): 1.09
	System time (seconds): 0.35
	Percent of CPU this job got: 114%
	Elapsed (wall clock) time (h:mm:ss or m:ss): 0:01.26
	Average shared text size (kbytes): 0
	Average unshared data size (kbytes): 0
	Average stack size (kbytes): 0
	Average total size (kbytes): 0
	Maximum resident set size (kbytes): 2311580
	Average resident set size (kbytes): 0
	Major (requiring I/O) page faults: 142
	Minor (reclaiming a frame) page faults: 54134
	Voluntary context switches: 2910
	Involuntary context switches: 52
	Swaps: 0
	File system inputs: 31160
	File system outputs: 760
	Socket messages sent: 0
	Socket messages received: 0
	Signals delivered: 0
	Page size (bytes): 4096
	Exit status: 0
