/home/dombarker/project-offloads/aspis-r44-lean-src-20260929-a/AspisV8R19/NormalizedQuerySection.lean:44:73: error: unsolved goals
F : Type u_1
inst✝¹ : Field F
inst✝ : NeZero 2
r : Fin 22 → F
w : Fin 32 → F
⊢ ∑ x, r x * w (Fin.castLE ⋯ x) = ∑ j, r j * w ⟨↑j, ⋯⟩
/home/dombarker/project-offloads/aspis-r44-lean-src-20260929-a/AspisV8R19/NormalizedQuerySection.lean:73:45: error: unsolved goals
F : Type u_1
inst✝¹ : Field F
inst✝ : NeZero 2
v : Fin 32 → F
x : F
⊢ eval x (∑ i, C (v i) * naturalLinePoly F ↑i) = ∑ x_1, v x_1 * eval x (naturalLinePoly F ↑x_1)
/home/dombarker/project-offloads/aspis-r44-lean-src-20260929-a/AspisV8R19/NormalizedQuerySection.lean:77:11: error(lean.synthInstanceFailed): failed to synthesize instance of type class
  DecidableEq F

Hint: Type class instance resolution failures can be inspected with the `set_option trace.Meta.synthInstance true` command.
'AspisR19.NormalizedQuerySection.low_evaluates' depends on axioms: [propext, Classical.choice, Quot.sound]
'AspisR19.NormalizedQuerySection.low_unique' depends on axioms: [propext, Classical.choice, Quot.sound]
'AspisR19.NormalizedQuerySection.normalized_high' depends on axioms: [propext, Classical.choice, Quot.sound]
'AspisR19.NormalizedQuerySection.extendLow_sum' depends on axioms: [propext, sorryAx, Classical.choice, Quot.sound]
'AspisR19.NormalizedQuerySection.normalized_evaluation' depends on axioms: [propext,
 sorryAx,
 Classical.choice,
 Quot.sound]
'AspisR19.NormalizedQuerySection.normalized_root' depends on axioms: [propext, sorryAx, Classical.choice, Quot.sound]
'AspisR19.NormalizedQuerySection.represented_eval' depends on axioms: [propext, sorryAx, Classical.choice, Quot.sound]
'AspisR19.NormalizedQuerySection.root_product_dvd' depends on axioms: [propext, sorryAx, Classical.choice, Quot.sound]
Command exited with non-zero status 1
	Command being timed: "/home/dombarker/.elan/bin/lake env lean -R /home/dombarker/project-offloads/aspis-r44-lean-src-20260929-a -o /home/dombarker/project-offloads/aspis-r44-lean-20260929-a/lib/AspisV8R19/NormalizedQuerySection.olean /home/dombarker/project-offloads/aspis-r44-lean-src-20260929-a/AspisV8R19/NormalizedQuerySection.lean"
	User time (seconds): 1.00
	System time (seconds): 0.37
	Percent of CPU this job got: 126%
	Elapsed (wall clock) time (h:mm:ss or m:ss): 0:01.09
	Average shared text size (kbytes): 0
	Average unshared data size (kbytes): 0
	Average stack size (kbytes): 0
	Average total size (kbytes): 0
	Maximum resident set size (kbytes): 2291340
	Average resident set size (kbytes): 0
	Major (requiring I/O) page faults: 0
	Minor (reclaiming a frame) page faults: 53230
	Voluntary context switches: 3987
	Involuntary context switches: 69
	Swaps: 0
	File system inputs: 0
	File system outputs: 8
	Socket messages sent: 0
	Socket messages received: 0
	Signals delivered: 0
	Page size (bytes): 4096
	Exit status: 1
