patching file V7MerkleCaller/Funs.lean
Hunk #1 succeeded at 28 (offset 2 lines).
Hunk #2 succeeded at 907 (offset 1 line).
Hunk #3 succeeded at 1016 (offset 1 line).
Hunk #5 succeeded at 1114 with fuzz 2.
patching file V7DeferredParser/FunsExternal.lean
patching file V7DeferredParser/FunsExternal.lean
Hunk #2 succeeded at 17 (offset 1 line).
patching file V7DeferredParser/Types.lean
/tmp/v7-merkle-caller-namespace.iHPVB9/V7MerkleCallerNamespaceBridge.lean:86:170: error: unsolved goals
closure : V7MerkleCallerGenerated.v7_merkle208.verify_two_minimal_subtrees_v7_bytes.closure
entries : Slice (U32 × Std.Array U8 26#usize × Std.Array U8 26#usize)
⊢ (do
      let (i, _, _) ← entries.index_usize 0#usize
      let (i1, _, _) ← entries.index_usize 1#usize
      ok (decide (i ≥ i1), closure)) =
    do
    let (i, _, _) ← entries.index_usize 0#usize
    let (i1, _, _) ← entries.index_usize 1#usize
    ok (decide (i ≥ i1), closure)
/tmp/v7-merkle-caller-namespace.iHPVB9/V7MerkleCallerNamespaceBridge.lean:132:91: error: unsolved goals
hash : Slice (Slice U8) → Result (Std.Array U8 32#usize)
c1Nodes c2Nodes : Slice U8
iter : core.ops.range.Range U32
level next : alloc.vec.Vec (U32 × Std.Array U8 26#usize × Std.Array U8 26#usize)
nodePos : Usize
⊢ (do
      let (o, iter1) ← core.iter.range.IteratorRange.next core.iter.range.StepU32 iter
      match o with
        | none => ok (done (level, next, nodePos, none))
        | some val => do
          let next1 ← alloc.vec.Vec.clear Global next
          let (next2, node_pos1, pending_return) ←
            V7MerkleK12Generated.v7_merkle208.verify_two_minimal_subtrees_v7_bytes_loop0_loop0 hash c1Nodes c2Nodes
                level next1 nodePos 0#usize
          match pending_return with
            | none =>
              let (level1, next3) := core.mem.swap level next2
              ok (cont (iter1, level1, next3, node_pos1))
            | some val => ok (done (level, next2, node_pos1, pending_return))) =
    do
    let (o, iter1) ← core.iter.range.IteratorRange.next core.iter.range.StepU32 iter
    match o with
      | none => ok (done (level, next, nodePos, none))
      | some val => do
        let next1 ← alloc.vec.Vec.clear Global next
        let (next2, node_pos1, pending_return) ←
          V7MerkleK12Generated.v7_merkle208.verify_two_minimal_subtrees_v7_bytes_loop0_loop0 hash c1Nodes c2Nodes level
              next1 nodePos 0#usize
        match pending_return with
          | none =>
            let (level1, next3) := core.mem.swap level next2
            ok (cont (iter1, level1, next3, node_pos1))
          | some val => ok (done (level, next2, node_pos1, pending_return))
/tmp/v7-merkle-caller-namespace.iHPVB9/V7MerkleCallerNamespaceBridge.lean:150:80: error: unsolved goals
hash : Slice (Slice U8) → Result (Std.Array U8 32#usize)
roots : Std.Array U8 26#usize × Std.Array U8 26#usize
depth : U32
entries : Slice (U32 × Std.Array U8 26#usize × Std.Array U8 26#usize)
nodeBytes : Slice U8 × Slice U8
level next : alloc.vec.Vec (U32 × Std.Array U8 26#usize × Std.Array U8 26#usize)
⊢ (let (a, a1) := roots
    let (s, s1) := nodeBytes
    do
    let b ← core.slice.Slice.is_empty entries
    if b = true then ok (false, level, next)
      else
        if depth ≥ 32#u32 then ok (false, level, next)
        else
          have i := s.len;
          do
          let i1 ← i % V7MerkleK12Generated.v7_merkle208.V7_MERKLE_DIGEST_BYTES
          if (i1 != 0#usize) = true then ok (false, level, next)
            else
              have i2 := s1.len;
              do
              let i3 ← i2 % V7MerkleK12Generated.v7_merkle208.V7_MERKLE_DIGEST_BYTES
              if (i3 != 0#usize) = true then ok (false, level, next)
                else
                  have i4 := s.len;
                  have i5 := s1.len;
                  if (i4 != i5) = true then ok (false, level, next)
                  else do
                    let w ← core.slice.Slice.windows entries 2#usize
                    let (b1, _) ←
                      core.iter.traits.iterator.Iterator.any.default
                          (V7MerkleCallerGenerated.core.slice.iter.Windows.Insts.CoreIterTraitsIteratorIteratorSharedASlice
                            (U32 × Std.Array U8 26#usize × Std.Array U8 26#usize))
                          V7MerkleK12Generated.v7_merkle208.verify_two_minimal_subtrees_v7_bytes.closure.Insts.CoreOpsFunctionFnMutTupleSharedSliceTupleU32ArrayU826ArrayU826Bool
                          w ()
                    if b1 = true then ok (false, level, next)
                      else do
                        let o ← core.slice.Slice.last entries
                        let (i6, _, _) ← core.option.Option.unwrap o
                        let i7 ← 1#u32 <<< depth
                        if i6 ≥ i7 then ok (false, level, next)
                          else do
                            let level1 ← alloc.vec.Vec.clear Global level
                            let level2 ←
                              alloc.vec.Vec.extend_from_slice
                                  (BuiltinClone (U32 × Std.Array U8 26#usize × Std.Array U8 26#usize)) level1 entries
                            let (level3, next1, node_pos, pending_return) ←
                              V7MerkleK12Generated.v7_merkle208.verify_two_minimal_subtrees_v7_bytes_loop0
                                  { start := 0#u32, «end» := depth } hash s s1 level2 next 0#usize
                            match pending_return with
                              | none =>
                                have i8 := s.len;
                                if node_pos = i8 then
                                  have i9 := level3.len;
                                  if i9 = 1#usize then do
                                    let (i10, a2, a3) ←
                                      alloc.vec.Vec.index
                                          (core.slice.index.SliceIndexUsizeSlice
                                            (U32 × Std.Array U8 26#usize × Std.Array U8 26#usize))
                                          level3 0#usize
                                    if i10 = 0#u32 then do
                                        let b2 ← core.array.equality.PartialEqArray.eq core.cmp.PartialEqU8 a2 a
                                        if b2 = true then do
                                            let b3 ← core.array.equality.PartialEqArray.eq core.cmp.PartialEqU8 a3 a1
                                            ok (b3, level3, next1)
                                          else ok (false, level3, next1)
                                      else ok (false, level3, next1)
                                  else ok (false, level3, next1)
                                else ok (false, level3, next1)
                              | some b2 => ok (b2, level3, next1)) =
    let (a, a1) := roots
    let (s, s1) := nodeBytes
    do
    let b ← core.slice.Slice.is_empty entries
    if b = true then ok (false, level, next)
      else
        if depth ≥ 32#u32 then ok (false, level, next)
        else
          have i := s.len;
          do
          let i1 ← i % V7MerkleK12Generated.v7_merkle208.V7_MERKLE_DIGEST_BYTES
          if (i1 != 0#usize) = true then ok (false, level, next)
            else
              have i2 := s1.len;
              do
              let i3 ← i2 % V7MerkleK12Generated.v7_merkle208.V7_MERKLE_DIGEST_BYTES
              if (i3 != 0#usize) = true then ok (false, level, next)
                else
                  have i4 := s.len;
                  have i5 := s1.len;
                  if (i4 != i5) = true then ok (false, level, next)
                  else do
                    let w ← core.slice.Slice.windows entries 2#usize
                    let (b1, _) ←
                      core.iter.traits.iterator.Iterator.any.default
                          (V7MerkleK12Generated.core.slice.iter.Windows.Insts.CoreIterTraitsIteratorIteratorSharedASlice
                            (U32 × Std.Array U8 26#usize × Std.Array U8 26#usize))
                          V7MerkleK12Generated.v7_merkle208.verify_two_minimal_subtrees_v7_bytes.closure.Insts.CoreOpsFunctionFnMutTupleSharedSliceTupleU32ArrayU826ArrayU826Bool
                          w ()
                    if b1 = true then ok (false, level, next)
                      else do
                        let o ← core.slice.Slice.last entries
                        let (i6, _, _) ← core.option.Option.unwrap o
                        let i7 ← 1#u32 <<< depth
                        if i6 ≥ i7 then ok (false, level, next)
                          else do
                            let level1 ← alloc.vec.Vec.clear Global level
                            let level2 ←
                              alloc.vec.Vec.extend_from_slice
                                  (BuiltinClone (U32 × Std.Array U8 26#usize × Std.Array U8 26#usize)) level1 entries
                            let (level3, next1, node_pos, pending_return) ←
                              V7MerkleK12Generated.v7_merkle208.verify_two_minimal_subtrees_v7_bytes_loop0
                                  { start := 0#u32, «end» := depth } hash s s1 level2 next 0#usize
                            match pending_return with
                              | none =>
                                have i8 := s.len;
                                if node_pos = i8 then
                                  have i9 := level3.len;
                                  if i9 = 1#usize then do
                                    let (i10, a2, a3) ←
                                      alloc.vec.Vec.index
                                          (core.slice.index.SliceIndexUsizeSlice
                                            (U32 × Std.Array U8 26#usize × Std.Array U8 26#usize))
                                          level3 0#usize
                                    if i10 = 0#u32 then do
                                        let b2 ← core.array.equality.PartialEqArray.eq core.cmp.PartialEqU8 a2 a
                                        if b2 = true then do
                                            let b3 ← core.array.equality.PartialEqArray.eq core.cmp.PartialEqU8 a3 a1
                                            ok (b3, level3, next1)
                                          else ok (false, level3, next1)
                                      else ok (false, level3, next1)
                                  else ok (false, level3, next1)
                                else ok (false, level3, next1)
                              | some b2 => ok (b2, level3, next1)
'AspisV7MerkleCallerNamespaceBridge.caller_truncate_sha256_v7_eq' depends on axioms: [propext,
 Classical.choice,
 Quot.sound,
 V7MerkleCallerGenerated.v7_merkle208.truncate_sha256_v7._native.decide.ax_1]
'AspisV7MerkleCallerNamespaceBridge.caller_private_leaf_hash_v7_eq' depends on axioms: [propext,
 Classical.choice,
 Quot.sound,
 V7MerkleCallerGenerated.v7_merkle208.truncate_sha256_v7._native.decide.ax_1]
'AspisV7MerkleCallerNamespaceBridge.caller_node_hash_v7_eq' depends on axioms: [propext,
 Classical.choice,
 Quot.sound,
 V7MerkleCallerGenerated.v7_merkle208.truncate_sha256_v7._native.decide.ax_1]
'AspisV7MerkleCallerNamespaceBridge.caller_verify_two_minimal_subtrees_v7_bytes_eq' depends on axioms: [propext,
 sorryAx,
 Classical.choice,
 Quot.sound,
 V7MerkleCallerGenerated.v7_merkle208.truncate_sha256_v7._native.decide.ax_1]
'AspisV7MerkleCallerNamespaceBridge.deferredWireEquiv' depends on axioms: [propext, Classical.choice, Quot.sound]
'AspisV7MerkleCallerNamespaceBridge.deferredWireQuery_is_translated_caller_query' depends on axioms: [propext,
 Classical.choice,
 Quot.sound]
'AspisV7MerkleCallerNamespaceBridge.deferredWireQuery_success_fields' depends on axioms: [propext,
 Classical.choice,
 Quot.sound]
