Warning: Permanently added '100.108.41.90' (ED25519) to the list of known hosts.
Running as unit: aspis-focus-1791138883939939000.service; invocation ID: 07b853c714e2478080c4f1adbfb593d7
/home/dombarker/project-offloads/aspis-r57-lean-src-20260929-a/AspisV8R19/R742SourceObservationHom.lean:17:74: error: unsolved goals
case some
F : Type u_1
inst✝ : CommRing F
half : F
w : ℕ → F
i : ℕ
val✝ : List (ℕ × ℕ)
⊢ (List.map ((fun e => e.2 * w e.1) ∘ fun e => (e.1, half ^ e.2)) val✝).sum =
    (List.map (fun e => half ^ e.2 * w e.1) val✝).sum
/home/dombarker/project-offloads/aspis-r57-lean-src-20260929-a/AspisV8R19/R742SourceObservationHom.lean:25:78: error: unsolved goals
F : Type u_1
K : Type u_2
inst✝¹ : CommRing F
inst✝ : CommRing K
f : F →+* K
half : F
w : ℕ → F
i : ℕ
⊢ (List.map (⇑f ∘ fun e => half ^ e.2 * w e.1) ((indexLoop 10 i 0).getD [])).sum =
    (List.map (fun e => f half ^ e.2 * f (w e.1)) ((indexLoop 10 i 0).getD [])).sum
/home/dombarker/project-offloads/aspis-r57-lean-src-20260929-a/AspisV8R19/R742SourceObservationHom.lean:26:62: warning: This simp argument is unused:
  map_mul

Hint: Omit it from the simp argument list.
  simp only [sourceGather_powers, map_list_sum, List.map_map, map_m̵u̵l̵,̵ ̵m̵a̵p_̵p̵ow]

Note: This linter can be disabled with `set_option linter.unusedSimpArgs false`
/home/dombarker/project-offloads/aspis-r57-lean-src-20260929-a/AspisV8R19/R742SourceObservationHom.lean:26:71: warning: This simp argument is unused:
  map_pow

Hint: Omit it from the simp argument list.
  simp only [sourceGather_powers, map_list_sum, List.map_map, map_mul,̵ ̵m̵a̵p̵_̵p̵o̵w̵]

Note: This linter can be disabled with `set_option linter.unusedSimpArgs false`
/home/dombarker/project-offloads/aspis-r57-lean-src-20260929-a/AspisV8R19/R742SourceObservationHom.lean:30:8: warning: Possibly looping simp theorem: `sourcePointBasis.eq_1`

Note: Possibly caused by: `sourceMultilinearFactors`, `Nat.and_one_is_mod`, `List.ofFn_succ`, `Fin.isValue`, `Fin.coe_ofNat_eq_mod`, `Nat.zero_mod`, `tsub_zero`, `Fin.val_succ`, `Nat.reduceSubDiff`, `Fin.succ_zero_eq_one`, `Fin.succ_one_eq_two`, `Fin.reduceSucc`, `Fin.val_eq_zero`, `zero_add`, `tsub_self`, `Nat.shiftRight_zero`, `List.ofFn_zero`, `List.prod_cons`, `List.prod_nil`, `mul_one`, `apply_ite`, and `ite_mul`

Hint: You can disable a simp theorem from the default simp set by passing `- theoremName` to `simp`.
/home/dombarker/project-offloads/aspis-r57-lean-src-20260929-a/AspisV8R19/R742SourceObservationHom.lean:30:2: error: Tactic `simp` failed with a nested error:
maximum recursion depth has been reached
use `set_option maxRecDepth <num>` to increase limit
use `set_option diagnostics true` to get diagnostic information
/home/dombarker/project-offloads/aspis-r57-lean-src-20260929-a/AspisV8R19/R742SourceObservationHom.lean:35:40: warning: Possibly looping simp theorem: `ResidualModel.point.eq_1`

Note: Possibly caused by: `ResidualModel.carry`, `Fin.val_fin_lt`, and `apply_ite`

Hint: You can disable a simp theorem from the default simp set by passing `- theoremName` to `simp`.
/home/dombarker/project-offloads/aspis-r57-lean-src-20260929-a/AspisV8R19/R742SourceObservationHom.lean:35:2: error: Tactic `simp` failed with a nested error:
maximum recursion depth has been reached
use `set_option maxRecDepth <num>` to increase limit
use `set_option diagnostics true` to get diagnostic information
/home/dombarker/project-offloads/aspis-r57-lean-src-20260929-a/AspisV8R19/R742SourceObservationHom.lean:41:32: error: unsolved goals
F : Type u_1
K : Type u_2
inst✝¹ : CommRing F
inst✝ : CommRing K
f : F →+* K
w : Fin 1024 → F
i : Fin 1024
⊢ if ¬TwoSwapSourceTable.order i = 1023 ∧ TwoSwapSourceTable.order i ∈ TwoSwapSourceTable.inactive then
    (¬TwoSwapSourceTable.order i = 1023 → TwoSwapSourceTable.order i ∉ TwoSwapSourceTable.inactive) →
      f (w (TwoSwapSourceTable.order i)) = f (w (TwoSwapSourceTable.order i)) - f (w 1023)
  else ¬TwoSwapSourceTable.order i = 1023 → TwoSwapSourceTable.order i ∈ TwoSwapSourceTable.inactive → f (w 1023) = 0
/home/dombarker/project-offloads/aspis-r57-lean-src-20260929-a/AspisV8R19/R742SourceObservationHom.lean:53:75: error: unsolved goals
F : Type u_1
K : Type u_2
inst✝¹ : CommRing F
inst✝ : CommRing K
f : F →+* K
half a b c : F
w : ℕ → F
i n : ℕ
v : ℕ → F
j : ℕ
⊢ if j < n then n ≤ j → 0 = f (v j) else j < n → f (v j) = 0
/home/dombarker/project-offloads/aspis-r57-lean-src-20260929-a/AspisV8R19/R742SourceObservationHom.lean:51:78: error: unsolved goals
case isTrue
F : Type u_1
K : Type u_2
inst✝¹ : CommRing F
inst✝ : CommRing K
f : F →+* K
half a b c : F
w : ℕ → F
i : ℕ
hz : ∀ (n : ℕ) (v : ℕ → F), (fun j => f (zeroExtend n v j)) = zeroExtend n fun j => f (v j)
h✝ : i % 2 = 0
⊢ f a * f (zeroExtend 512 (fun i => w (2 * i)) (i / 2)) +
        f b * sourceGather (f half) (zeroExtend 512 fun j => f (w (2 * j))) (i / 2) +
      f c * f (zeroExtend 512 (fun i => w (2 * i + 1)) (i / 2)) =
    f a * zeroExtend 512 (fun j => f (w (2 * j))) (i / 2) +
        f b * sourceGather (f half) (zeroExtend 512 fun j => f (w (2 * j))) (i / 2) +
      f c * zeroExtend 512 (fun i => f (w (2 * i + 1))) (i / 2)

case isFalse
F : Type u_1
K : Type u_2
inst✝¹ : CommRing F
inst✝ : CommRing K
f : F →+* K
half a b c : F
w : ℕ → F
i : ℕ
hz : ∀ (n : ℕ) (v : ℕ → F), (fun j => f (zeroExtend n v j)) = zeroExtend n fun j => f (v j)
h✝ : ¬i % 2 = 0
⊢ f c *
          (f (zeroExtend 512 (fun i => w (2 * i)) (i / 2)) -
            sourceGather (f half) (fun j => sourceGather (f half) (zeroExtend 512 fun j => f (w (2 * j))) j) (i / 2)) +
        f a * f (zeroExtend 512 (fun i => w (2 * i + 1)) (i / 2)) +
      f b * sourceGather (f half) (zeroExtend 512 fun j => f (w (2 * j + 1))) (i / 2) =
    f c *
          (zeroExtend 512 (fun j => f (w (2 * j))) (i / 2) -
            sourceGather (f half) (sourceGather (f half) (zeroExtend 512 fun j => f (w (2 * j)))) (i / 2)) +
        f a * zeroExtend 512 (fun j => f (w (2 * j + 1))) (i / 2) +
      f b * sourceGather (f half) (zeroExtend 512 fun j => f (w (2 * j + 1))) (i / 2)
/home/dombarker/project-offloads/aspis-r57-lean-src-20260929-a/AspisV8R19/R742SourceObservationHom.lean:65:30: warning: Possibly looping simp theorem: `sourceImageUpdates_apply`

Note: Possibly caused by: `apply_ite` and `add_zero`

Hint: You can disable a simp theorem from the default simp set by passing `- theoremName` to `simp`.
/home/dombarker/project-offloads/aspis-r57-lean-src-20260929-a/AspisV8R19/R742SourceObservationHom.lean:65:2: error: Tactic `simp` failed with a nested error:
maximum recursion depth has been reached
use `set_option maxRecDepth <num>` to increase limit
use `set_option diagnostics true` to get diagnostic information
/home/dombarker/project-offloads/aspis-r57-lean-src-20260929-a/AspisV8R19/R742SourceObservationHom.lean:69:60: error: unsolved goals
F : Type u_1
K : Type u_2
inst✝¹ : CommRing F
inst✝ : CommRing K
f : F →+* K
z : Fin 10 → F
kappa : F
i : Fin 1024
hp :
  ∀ (p : Fin 3), (fun j => f (SourceStatementPoints.points z p j)) = SourceStatementPoints.points (fun j => f (z j)) p
⊢ if i ∈ TwoSwapSourceTable.inactive then i ∉ TwoSwapSourceTable.inactive → 1 = 0
  else i ∈ TwoSwapSourceTable.inactive → 1 = 0
'AspisV8R19.R742SourceObservationHom.sourceGather_powers' depends on axioms: [propext, sorryAx]
'AspisV8R19.R742SourceObservationHom.map_sourceGather' depends on axioms: [propext, sorryAx]
'AspisV8R19.R742SourceObservationHom.map_sourcePointBasis' depends on axioms: [propext, sorryAx]
'AspisV8R19.R742SourceObservationHom.map_points' depends on axioms: [propext, sorryAx]
'AspisV8R19.R742SourceObservationHom.map_transportDual' depends on axioms: [propext,
 sorryAx,
 Classical.choice,
 Quot.sound]
'AspisV8R19.R742SourceObservationHom.map_extendFin1024' depends on axioms: [propext]
'AspisV8R19.R742SourceObservationHom.map_sourceChordTranspose' depends on axioms: [propext,
 sorryAx,
 Classical.choice,
 Quot.sound]
'AspisV8R19.R742SourceObservationHom.map_sourceQuotientWeights' depends on axioms: [propext, sorryAx]
'AspisV8R19.R742SourceObservationHom.map_rawOrdinaryOriginal' depends on axioms: [propext,
 sorryAx,
 Classical.choice,
 Quot.sound]
'AspisV8R19.R742SourceObservationHom.map_rawOrdinaryWeight' depends on axioms: [propext,
 sorryAx,
 Classical.choice,
 Quot.sound]
'AspisV8R19.R742SourceObservationHom.map_pointWeight' depends on axioms: [propext,
 sorryAx,
 Classical.choice,
 Quot.sound]
Command exited with non-zero status 1
	Command being timed: "/home/dombarker/.elan/bin/lake --dir /home/dombarker/project-offloads/aspis-r126-release-20260930-a/focus-workspace env lean -j1 -M4500 -R /home/dombarker/project-offloads/aspis-r57-lean-src-20260929-a -o /home/dombarker/project-offloads/aspis-r126-release-20260930-a/lib/AspisV8R19/R742SourceObservationHom.olean /home/dombarker/project-offloads/aspis-r57-lean-src-20260929-a/AspisV8R19/R742SourceObservationHom.lean"
	User time (seconds): 3.19
	System time (seconds): 0.34
	Percent of CPU this job got: 101%
	Elapsed (wall clock) time (h:mm:ss or m:ss): 0:03.49
	Average shared text size (kbytes): 0
	Average unshared data size (kbytes): 0
	Average stack size (kbytes): 0
	Average total size (kbytes): 0
	Maximum resident set size (kbytes): 3290716
	Average resident set size (kbytes): 0
	Major (requiring I/O) page faults: 2
	Minor (reclaiming a frame) page faults: 80505
	Voluntary context switches: 1761
	Involuntary context switches: 60
	Swaps: 0
	File system inputs: 184
	File system outputs: 0
	Socket messages sent: 0
	Socket messages received: 0
	Signals delivered: 0
	Page size (bytes): 4096
	Exit status: 1
Finished with result: exit-code
Main processes terminated with: code=exited/status=1
Service runtime: 3.530s
CPU time consumed: 3.567s
Memory peak: 288.0K
Memory swap peak: 0B
