Warning: Permanently added '100.108.41.90' (ED25519) to the list of known hosts.
Running as unit: aspis-focus-1790807702503112000.service; invocation ID: 72b4815c222e419b9c3705ba80e61791
'AspisV8R19.R148QueryBlockBridge.source_step' depends on axioms: [propext, Classical.choice, Quot.sound]
'AspisV8R19.R148QueryBlockBridge.outer_step' depends on axioms: [propext,
 Classical.choice,
 Quot.sound,
 core.fmt.Formatter]
'AspisV8R19.R148QueryBlockBridge.exhausted_step' depends on axioms: [propext,
 Classical.choice,
 Quot.sound,
 core.fmt.Formatter]
	Command being timed: "/home/dombarker/.elan/bin/lake --dir /home/dombarker/project-offloads/aspis-r126-release-20260930-a/focus-workspace env lean -j1 -M4500 -R /home/dombarker/project-offloads/aspis-r57-lean-src-20260929-a -o /home/dombarker/project-offloads/aspis-r126-release-20260930-a/lib/AspisV8R19/R148QueryBlockBridge.olean /home/dombarker/project-offloads/aspis-r57-lean-src-20260929-a/AspisV8R19/R148QueryBlockBridge.lean"
	User time (seconds): 1.29
	System time (seconds): 0.94
	Percent of CPU this job got: 100%
	Elapsed (wall clock) time (h:mm:ss or m:ss): 0:02.23
	Average shared text size (kbytes): 0
	Average unshared data size (kbytes): 0
	Average stack size (kbytes): 0
	Average total size (kbytes): 0
	Maximum resident set size (kbytes): 3566696
	Average resident set size (kbytes): 0
	Major (requiring I/O) page faults: 5
	Minor (reclaiming a frame) page faults: 130345
	Voluntary context switches: 886
	Involuntary context switches: 68
	Swaps: 0
	File system inputs: 0
	File system outputs: 312
	Socket messages sent: 0
	Socket messages received: 0
	Signals delivered: 0
	Page size (bytes): 4096
	Exit status: 0
Finished with result: success
Main processes terminated with: code=exited/status=0
Service runtime: 2.268s
CPU time consumed: 2.269s
Memory peak: 808.0K
Memory swap peak: 0B
