Warning: Permanently added '100.108.41.90' (ED25519) to the list of known hosts.
Running as unit: aspis-focus-1790808049578124000.service; invocation ID: e9215e00cae849bf8d433a3e440a68c2
'AspisV8R19.R150QueryPublicBridge.word_roundtrip' depends on axioms: [propext]
'AspisV8R19.R150QueryPublicBridge.values_roundtrip' depends on axioms: [propext, Quot.sound]
'AspisV8R19.R150QueryPublicBridge.encode_finish' depends on axioms: [propext, Classical.choice, Quot.sound]
'AspisV8R19.R150QueryPublicBridge.public_result' depends on axioms: [propext,
 Classical.choice,
 Quot.sound,
 core.fmt.Formatter]
'AspisV8R19.R150QueryPublicBridge.public_exact' depends on axioms: [propext,
 Classical.choice,
 Quot.sound,
 core.fmt.Formatter]
'AspisV8R19.R150QueryPublicBridge.zero_bound' depends on axioms: [propext,
 Classical.choice,
 Quot.sound,
 core.fmt.Formatter]
'AspisV8R19.R150QueryPublicBridge.nonpower_bound' depends on axioms: [propext,
 Classical.choice,
 Quot.sound,
 core.fmt.Formatter]
'AspisV8R19.R150QueryPublicBridge.count_exceeds' depends on axioms: [propext,
 Classical.choice,
 Quot.sound,
 core.fmt.Formatter]
	Command being timed: "/home/dombarker/.elan/bin/lake --dir /home/dombarker/project-offloads/aspis-r126-release-20260930-a/focus-workspace env lean -j1 -M4500 -R /home/dombarker/project-offloads/aspis-r57-lean-src-20260929-a -o /home/dombarker/project-offloads/aspis-r126-release-20260930-a/lib/AspisV8R19/R150QueryPublicBridge.olean /home/dombarker/project-offloads/aspis-r57-lean-src-20260929-a/AspisV8R19/R150QueryPublicBridge.lean"
	User time (seconds): 1.37
	System time (seconds): 0.50
	Percent of CPU this job got: 100%
	Elapsed (wall clock) time (h:mm:ss or m:ss): 0:01.87
	Average shared text size (kbytes): 0
	Average unshared data size (kbytes): 0
	Average stack size (kbytes): 0
	Average total size (kbytes): 0
	Maximum resident set size (kbytes): 3712884
	Average resident set size (kbytes): 0
	Major (requiring I/O) page faults: 0
	Minor (reclaiming a frame) page faults: 86561
	Voluntary context switches: 846
	Involuntary context switches: 58
	Swaps: 0
	File system inputs: 0
	File system outputs: 448
	Socket messages sent: 0
	Socket messages received: 0
	Signals delivered: 0
	Page size (bytes): 4096
	Exit status: 0
Finished with result: success
Main processes terminated with: code=exited/status=0
Service runtime: 1.898s
CPU time consumed: 1.902s
Memory peak: 328.0K
Memory swap peak: 0B
