Warning: Permanently added '100.108.41.90' (ED25519) to the list of known hosts.
Running as unit: aspis-focus-1791145355449191000.service; invocation ID: 65b74d5f115c4d33aaf48484645e1fb3
/home/dombarker/project-offloads/aspis-r57-lean-src-20260929-a/AspisV8R19/R752SCC23Rows01.lean:10:4: warning: This simp argument is unused:
  Matrix.cons_val

Hint: Omit it from the simp argument list.
  simp only [Matrix.mul_apply, A_scc, B_scc, Fin.sum_univ_succ, M̵a̵t̵r̵i̵x̵.̵c̵o̵n̵s̵_̵v̵a̵l̵,̵ ̵Matrix.cons_val_succ,
  ̲  ̲ ̲ ̲Matrix.cons_val_zero]

Note: This linter can be disabled with `set_option linter.unusedSimpArgs false`
/home/dombarker/project-offloads/aspis-r57-lean-src-20260929-a/AspisV8R19/R752SCC23Rows01.lean:11:11: warning: Used `tac1 <;> tac2` where `(tac1; tac2)` would suffice

Note: This linter can be disabled with `set_option linter.unnecessarySeqFocus false`
/home/dombarker/project-offloads/aspis-r57-lean-src-20260929-a/AspisV8R19/R752SCC23Rows01.lean:16:11: warning: Used `tac1 <;> tac2` where `(tac1; tac2)` would suffice

Note: This linter can be disabled with `set_option linter.unnecessarySeqFocus false`
'R752SCC23Rows01.row_0' depends on axioms: [propext, Classical.choice, Quot.sound]
/home/dombarker/project-offloads/aspis-r57-lean-src-20260929-a/AspisV8R19/R752SCC23Rows01.lean:28:11: warning: Used `tac1 <;> tac2` where `(tac1; tac2)` would suffice

Note: This linter can be disabled with `set_option linter.unnecessarySeqFocus false`
/home/dombarker/project-offloads/aspis-r57-lean-src-20260929-a/AspisV8R19/R752SCC23Rows01.lean:33:11: warning: Used `tac1 <;> tac2` where `(tac1; tac2)` would suffice

Note: This linter can be disabled with `set_option linter.unnecessarySeqFocus false`
'R752SCC23Rows01.row_1' depends on axioms: [propext, Classical.choice, Quot.sound]
	Command being timed: "/home/dombarker/.elan/bin/lake --dir /home/dombarker/project-offloads/aspis-r126-release-20260930-a/focus-workspace env lean -j1 -M4500 -R /home/dombarker/project-offloads/aspis-r57-lean-src-20260929-a -o /home/dombarker/project-offloads/aspis-r126-release-20260930-a/lib/AspisV8R19/R752SCC23Rows01.olean /home/dombarker/project-offloads/aspis-r57-lean-src-20260929-a/AspisV8R19/R752SCC23Rows01.lean"
	User time (seconds): 1.12
	System time (seconds): 0.32
	Percent of CPU this job got: 100%
	Elapsed (wall clock) time (h:mm:ss or m:ss): 0:01.44
	Average shared text size (kbytes): 0
	Average unshared data size (kbytes): 0
	Average stack size (kbytes): 0
	Average total size (kbytes): 0
	Maximum resident set size (kbytes): 3259336
	Average resident set size (kbytes): 0
	Major (requiring I/O) page faults: 0
	Minor (reclaiming a frame) page faults: 76574
	Voluntary context switches: 592
	Involuntary context switches: 74
	Swaps: 0
	File system inputs: 0
	File system outputs: 248
	Socket messages sent: 0
	Socket messages received: 0
	Signals delivered: 0
	Page size (bytes): 4096
	Exit status: 0
Finished with result: success
Main processes terminated with: code=exited/status=0
Service runtime: 1.472s
CPU time consumed: 1.474s
Memory peak: 332.0K
Memory swap peak: 0B
