Warning: Permanently added '100.108.41.90' (ED25519) to the list of known hosts.
Running as unit: aspis-focus-1791145397951896000.service; invocation ID: 6a45485fc1904f22ac1489a0e2bcc854
/home/dombarker/project-offloads/aspis-r57-lean-src-20260929-a/AspisV8R19/R748GatherExpand04.lean:25:11: warning: 'ring' tactic does nothing

Note: This linter can be disabled with `set_option linter.unusedTactic false`
/home/dombarker/project-offloads/aspis-r57-lean-src-20260929-a/AspisV8R19/R748GatherExpand04.lean:25:11: warning: this tactic is never executed

Note: This linter can be disabled with `set_option linter.unreachableTactic false`
'AspisV8R19.R748GatherExpand04.gather181' depends on axioms: [propext]
/home/dombarker/project-offloads/aspis-r57-lean-src-20260929-a/AspisV8R19/R748GatherExpand04.lean:31:11: warning: 'ring' tactic does nothing

Note: This linter can be disabled with `set_option linter.unusedTactic false`
/home/dombarker/project-offloads/aspis-r57-lean-src-20260929-a/AspisV8R19/R748GatherExpand04.lean:31:11: warning: this tactic is never executed

Note: This linter can be disabled with `set_option linter.unreachableTactic false`
'AspisV8R19.R748GatherExpand04.gather182' depends on axioms: [propext]
/home/dombarker/project-offloads/aspis-r57-lean-src-20260929-a/AspisV8R19/R748GatherExpand04.lean:37:7: warning: Used `tac1 <;> tac2` where `(tac1; tac2)` would suffice

Note: This linter can be disabled with `set_option linter.unnecessarySeqFocus false`
'AspisV8R19.R748GatherExpand04.gather183' depends on axioms: [propext]
/home/dombarker/project-offloads/aspis-r57-lean-src-20260929-a/AspisV8R19/R748GatherExpand04.lean:43:11: warning: 'ring' tactic does nothing

Note: This linter can be disabled with `set_option linter.unusedTactic false`
/home/dombarker/project-offloads/aspis-r57-lean-src-20260929-a/AspisV8R19/R748GatherExpand04.lean:43:11: warning: this tactic is never executed

Note: This linter can be disabled with `set_option linter.unreachableTactic false`
'AspisV8R19.R748GatherExpand04.gather184' depends on axioms: [propext]
/home/dombarker/project-offloads/aspis-r57-lean-src-20260929-a/AspisV8R19/R748GatherExpand04.lean:49:11: warning: 'ring' tactic does nothing

Note: This linter can be disabled with `set_option linter.unusedTactic false`
/home/dombarker/project-offloads/aspis-r57-lean-src-20260929-a/AspisV8R19/R748GatherExpand04.lean:49:11: warning: this tactic is never executed

Note: This linter can be disabled with `set_option linter.unreachableTactic false`
'AspisV8R19.R748GatherExpand04.gather185' depends on axioms: [propext]
/home/dombarker/project-offloads/aspis-r57-lean-src-20260929-a/AspisV8R19/R748GatherExpand04.lean:55:11: warning: 'ring' tactic does nothing

Note: This linter can be disabled with `set_option linter.unusedTactic false`
/home/dombarker/project-offloads/aspis-r57-lean-src-20260929-a/AspisV8R19/R748GatherExpand04.lean:55:11: warning: this tactic is never executed

Note: This linter can be disabled with `set_option linter.unreachableTactic false`
'AspisV8R19.R748GatherExpand04.gather186' depends on axioms: [propext]
/home/dombarker/project-offloads/aspis-r57-lean-src-20260929-a/AspisV8R19/R748GatherExpand04.lean:61:7: warning: Used `tac1 <;> tac2` where `(tac1; tac2)` would suffice

Note: This linter can be disabled with `set_option linter.unnecessarySeqFocus false`
'AspisV8R19.R748GatherExpand04.gather187' depends on axioms: [propext]
/home/dombarker/project-offloads/aspis-r57-lean-src-20260929-a/AspisV8R19/R748GatherExpand04.lean:67:11: warning: 'ring' tactic does nothing

Note: This linter can be disabled with `set_option linter.unusedTactic false`
/home/dombarker/project-offloads/aspis-r57-lean-src-20260929-a/AspisV8R19/R748GatherExpand04.lean:67:11: warning: this tactic is never executed

Note: This linter can be disabled with `set_option linter.unreachableTactic false`
'AspisV8R19.R748GatherExpand04.gather188' depends on axioms: [propext]
/home/dombarker/project-offloads/aspis-r57-lean-src-20260929-a/AspisV8R19/R748GatherExpand04.lean:73:11: warning: 'ring' tactic does nothing

Note: This linter can be disabled with `set_option linter.unusedTactic false`
/home/dombarker/project-offloads/aspis-r57-lean-src-20260929-a/AspisV8R19/R748GatherExpand04.lean:73:11: warning: this tactic is never executed

Note: This linter can be disabled with `set_option linter.unreachableTactic false`
'AspisV8R19.R748GatherExpand04.gather189' depends on axioms: [propext]
/home/dombarker/project-offloads/aspis-r57-lean-src-20260929-a/AspisV8R19/R748GatherExpand04.lean:79:11: warning: 'ring' tactic does nothing

Note: This linter can be disabled with `set_option linter.unusedTactic false`
/home/dombarker/project-offloads/aspis-r57-lean-src-20260929-a/AspisV8R19/R748GatherExpand04.lean:79:11: warning: this tactic is never executed

Note: This linter can be disabled with `set_option linter.unreachableTactic false`
'AspisV8R19.R748GatherExpand04.gather190' depends on axioms: [propext]
/home/dombarker/project-offloads/aspis-r57-lean-src-20260929-a/AspisV8R19/R748GatherExpand04.lean:85:7: warning: Used `tac1 <;> tac2` where `(tac1; tac2)` would suffice

Note: This linter can be disabled with `set_option linter.unnecessarySeqFocus false`
'AspisV8R19.R748GatherExpand04.gather191' depends on axioms: [propext]
/home/dombarker/project-offloads/aspis-r57-lean-src-20260929-a/AspisV8R19/R748GatherExpand04.lean:91:11: warning: 'ring' tactic does nothing

Note: This linter can be disabled with `set_option linter.unusedTactic false`
/home/dombarker/project-offloads/aspis-r57-lean-src-20260929-a/AspisV8R19/R748GatherExpand04.lean:91:11: warning: this tactic is never executed

Note: This linter can be disabled with `set_option linter.unreachableTactic false`
'AspisV8R19.R748GatherExpand04.gather249' depends on axioms: [propext]
/home/dombarker/project-offloads/aspis-r57-lean-src-20260929-a/AspisV8R19/R748GatherExpand04.lean:97:11: warning: 'ring' tactic does nothing

Note: This linter can be disabled with `set_option linter.unusedTactic false`
/home/dombarker/project-offloads/aspis-r57-lean-src-20260929-a/AspisV8R19/R748GatherExpand04.lean:97:11: warning: this tactic is never executed

Note: This linter can be disabled with `set_option linter.unreachableTactic false`
'AspisV8R19.R748GatherExpand04.gather250' depends on axioms: [propext]
/home/dombarker/project-offloads/aspis-r57-lean-src-20260929-a/AspisV8R19/R748GatherExpand04.lean:103:7: warning: Used `tac1 <;> tac2` where `(tac1; tac2)` would suffice

Note: This linter can be disabled with `set_option linter.unnecessarySeqFocus false`
'AspisV8R19.R748GatherExpand04.gather251' depends on axioms: [propext]
/home/dombarker/project-offloads/aspis-r57-lean-src-20260929-a/AspisV8R19/R748GatherExpand04.lean:109:11: warning: 'ring' tactic does nothing

Note: This linter can be disabled with `set_option linter.unusedTactic false`
/home/dombarker/project-offloads/aspis-r57-lean-src-20260929-a/AspisV8R19/R748GatherExpand04.lean:109:11: warning: this tactic is never executed

Note: This linter can be disabled with `set_option linter.unreachableTactic false`
'AspisV8R19.R748GatherExpand04.gather253' depends on axioms: [propext]
/home/dombarker/project-offloads/aspis-r57-lean-src-20260929-a/AspisV8R19/R748GatherExpand04.lean:115:11: warning: 'ring' tactic does nothing

Note: This linter can be disabled with `set_option linter.unusedTactic false`
/home/dombarker/project-offloads/aspis-r57-lean-src-20260929-a/AspisV8R19/R748GatherExpand04.lean:115:11: warning: this tactic is never executed

Note: This linter can be disabled with `set_option linter.unreachableTactic false`
'AspisV8R19.R748GatherExpand04.gather288' depends on axioms: [propext]
/home/dombarker/project-offloads/aspis-r57-lean-src-20260929-a/AspisV8R19/R748GatherExpand04.lean:121:11: warning: 'ring' tactic does nothing

Note: This linter can be disabled with `set_option linter.unusedTactic false`
/home/dombarker/project-offloads/aspis-r57-lean-src-20260929-a/AspisV8R19/R748GatherExpand04.lean:121:11: warning: this tactic is never executed

Note: This linter can be disabled with `set_option linter.unreachableTactic false`
'AspisV8R19.R748GatherExpand04.gather304' depends on axioms: [propext]
/home/dombarker/project-offloads/aspis-r57-lean-src-20260929-a/AspisV8R19/R748GatherExpand04.lean:127:11: warning: 'ring' tactic does nothing

Note: This linter can be disabled with `set_option linter.unusedTactic false`
/home/dombarker/project-offloads/aspis-r57-lean-src-20260929-a/AspisV8R19/R748GatherExpand04.lean:127:11: warning: this tactic is never executed

Note: This linter can be disabled with `set_option linter.unreachableTactic false`
'AspisV8R19.R748GatherExpand04.gather312' depends on axioms: [propext]
/home/dombarker/project-offloads/aspis-r57-lean-src-20260929-a/AspisV8R19/R748GatherExpand04.lean:133:11: warning: 'ring' tactic does nothing

Note: This linter can be disabled with `set_option linter.unusedTactic false`
/home/dombarker/project-offloads/aspis-r57-lean-src-20260929-a/AspisV8R19/R748GatherExpand04.lean:133:11: warning: this tactic is never executed

Note: This linter can be disabled with `set_option linter.unreachableTactic false`
'AspisV8R19.R748GatherExpand04.gather313' depends on axioms: [propext]
/home/dombarker/project-offloads/aspis-r57-lean-src-20260929-a/AspisV8R19/R748GatherExpand04.lean:139:11: warning: 'ring' tactic does nothing

Note: This linter can be disabled with `set_option linter.unusedTactic false`
/home/dombarker/project-offloads/aspis-r57-lean-src-20260929-a/AspisV8R19/R748GatherExpand04.lean:139:11: warning: this tactic is never executed

Note: This linter can be disabled with `set_option linter.unreachableTactic false`
'AspisV8R19.R748GatherExpand04.gather314' depends on axioms: [propext]
/home/dombarker/project-offloads/aspis-r57-lean-src-20260929-a/AspisV8R19/R748GatherExpand04.lean:145:7: warning: Used `tac1 <;> tac2` where `(tac1; tac2)` would suffice

Note: This linter can be disabled with `set_option linter.unnecessarySeqFocus false`
'AspisV8R19.R748GatherExpand04.gather315' depends on axioms: [propext]
/home/dombarker/project-offloads/aspis-r57-lean-src-20260929-a/AspisV8R19/R748GatherExpand04.lean:151:11: warning: 'ring' tactic does nothing

Note: This linter can be disabled with `set_option linter.unusedTactic false`
/home/dombarker/project-offloads/aspis-r57-lean-src-20260929-a/AspisV8R19/R748GatherExpand04.lean:151:11: warning: this tactic is never executed

Note: This linter can be disabled with `set_option linter.unreachableTactic false`
'AspisV8R19.R748GatherExpand04.gather316' depends on axioms: [propext]
/home/dombarker/project-offloads/aspis-r57-lean-src-20260929-a/AspisV8R19/R748GatherExpand04.lean:157:11: warning: 'ring' tactic does nothing

Note: This linter can be disabled with `set_option linter.unusedTactic false`
/home/dombarker/project-offloads/aspis-r57-lean-src-20260929-a/AspisV8R19/R748GatherExpand04.lean:157:11: warning: this tactic is never executed

Note: This linter can be disabled with `set_option linter.unreachableTactic false`
'AspisV8R19.R748GatherExpand04.gather317' depends on axioms: [propext]
/home/dombarker/project-offloads/aspis-r57-lean-src-20260929-a/AspisV8R19/R748GatherExpand04.lean:163:11: warning: 'ring' tactic does nothing

Note: This linter can be disabled with `set_option linter.unusedTactic false`
/home/dombarker/project-offloads/aspis-r57-lean-src-20260929-a/AspisV8R19/R748GatherExpand04.lean:163:11: warning: this tactic is never executed

Note: This linter can be disabled with `set_option linter.unreachableTactic false`
'AspisV8R19.R748GatherExpand04.gather318' depends on axioms: [propext]
/home/dombarker/project-offloads/aspis-r57-lean-src-20260929-a/AspisV8R19/R748GatherExpand04.lean:169:7: warning: Used `tac1 <;> tac2` where `(tac1; tac2)` would suffice

Note: This linter can be disabled with `set_option linter.unnecessarySeqFocus false`
'AspisV8R19.R748GatherExpand04.gather319' depends on axioms: [propext]
/home/dombarker/project-offloads/aspis-r57-lean-src-20260929-a/AspisV8R19/R748GatherExpand04.lean:175:11: warning: 'ring' tactic does nothing

Note: This linter can be disabled with `set_option linter.unusedTactic false`
/home/dombarker/project-offloads/aspis-r57-lean-src-20260929-a/AspisV8R19/R748GatherExpand04.lean:175:11: warning: this tactic is never executed

Note: This linter can be disabled with `set_option linter.unreachableTactic false`
'AspisV8R19.R748GatherExpand04.gather320' depends on axioms: [propext]
/home/dombarker/project-offloads/aspis-r57-lean-src-20260929-a/AspisV8R19/R748GatherExpand04.lean:181:11: warning: 'ring' tactic does nothing

Note: This linter can be disabled with `set_option linter.unusedTactic false`
/home/dombarker/project-offloads/aspis-r57-lean-src-20260929-a/AspisV8R19/R748GatherExpand04.lean:181:11: warning: this tactic is never executed

Note: This linter can be disabled with `set_option linter.unreachableTactic false`
'AspisV8R19.R748GatherExpand04.gather376' depends on axioms: [propext]
/home/dombarker/project-offloads/aspis-r57-lean-src-20260929-a/AspisV8R19/R748GatherExpand04.lean:187:11: warning: 'ring' tactic does nothing

Note: This linter can be disabled with `set_option linter.unusedTactic false`
/home/dombarker/project-offloads/aspis-r57-lean-src-20260929-a/AspisV8R19/R748GatherExpand04.lean:187:11: warning: this tactic is never executed

Note: This linter can be disabled with `set_option linter.unreachableTactic false`
'AspisV8R19.R748GatherExpand04.gather377' depends on axioms: [propext]
/home/dombarker/project-offloads/aspis-r57-lean-src-20260929-a/AspisV8R19/R748GatherExpand04.lean:193:11: warning: 'ring' tactic does nothing

Note: This linter can be disabled with `set_option linter.unusedTactic false`
/home/dombarker/project-offloads/aspis-r57-lean-src-20260929-a/AspisV8R19/R748GatherExpand04.lean:193:11: warning: this tactic is never executed

Note: This linter can be disabled with `set_option linter.unreachableTactic false`
'AspisV8R19.R748GatherExpand04.gather378' depends on axioms: [propext]
/home/dombarker/project-offloads/aspis-r57-lean-src-20260929-a/AspisV8R19/R748GatherExpand04.lean:199:7: warning: Used `tac1 <;> tac2` where `(tac1; tac2)` would suffice

Note: This linter can be disabled with `set_option linter.unnecessarySeqFocus false`
'AspisV8R19.R748GatherExpand04.gather379' depends on axioms: [propext]
/home/dombarker/project-offloads/aspis-r57-lean-src-20260929-a/AspisV8R19/R748GatherExpand04.lean:205:11: warning: 'ring' tactic does nothing

Note: This linter can be disabled with `set_option linter.unusedTactic false`
/home/dombarker/project-offloads/aspis-r57-lean-src-20260929-a/AspisV8R19/R748GatherExpand04.lean:205:11: warning: this tactic is never executed

Note: This linter can be disabled with `set_option linter.unreachableTactic false`
'AspisV8R19.R748GatherExpand04.gather380' depends on axioms: [propext]
/home/dombarker/project-offloads/aspis-r57-lean-src-20260929-a/AspisV8R19/R748GatherExpand04.lean:211:11: warning: 'ring' tactic does nothing

Note: This linter can be disabled with `set_option linter.unusedTactic false`
/home/dombarker/project-offloads/aspis-r57-lean-src-20260929-a/AspisV8R19/R748GatherExpand04.lean:211:11: warning: this tactic is never executed

Note: This linter can be disabled with `set_option linter.unreachableTactic false`
'AspisV8R19.R748GatherExpand04.gather381' depends on axioms: [propext]
	Command being timed: "/home/dombarker/.elan/bin/lake --dir /home/dombarker/project-offloads/aspis-r126-release-20260930-a/focus-workspace env lean -j1 -M4500 -R /home/dombarker/project-offloads/aspis-r57-lean-src-20260929-a -o /home/dombarker/project-offloads/aspis-r126-release-20260930-a/lib/AspisV8R19/R748GatherExpand04.olean /home/dombarker/project-offloads/aspis-r57-lean-src-20260929-a/AspisV8R19/R748GatherExpand04.lean"
	User time (seconds): 1.75
	System time (seconds): 0.36
	Percent of CPU this job got: 100%
	Elapsed (wall clock) time (h:mm:ss or m:ss): 0:02.09
	Average shared text size (kbytes): 0
	Average unshared data size (kbytes): 0
	Average stack size (kbytes): 0
	Average total size (kbytes): 0
	Maximum resident set size (kbytes): 3308824
	Average resident set size (kbytes): 0
	Major (requiring I/O) page faults: 0
	Minor (reclaiming a frame) page faults: 79315
	Voluntary context switches: 1701
	Involuntary context switches: 70
	Swaps: 0
	File system inputs: 0
	File system outputs: 640
	Socket messages sent: 0
	Socket messages received: 0
	Signals delivered: 0
	Page size (bytes): 4096
	Exit status: 0
Finished with result: success
Main processes terminated with: code=exited/status=0
Service runtime: 2.120s
CPU time consumed: 2.136s
Memory peak: 328.0K
Memory swap peak: 0B
