Started aspis-v7-literal-metadata-helper-aeneas-r1.service - /bin/bash -lc "set -euo pipefail; exec /usr/bin/time -v /home/dombarker/project-offloads/aspis-v7-aeneas-source-unblock-20260830/repro-toolchain/aeneas-d860ac47-tag73-looparity-r1 -sequential -no-progress-bar -abort-on-error -backend lean -namespace V7LiteralCallerReadonlyMetadataHelperCurrent309bR1 -dest /home/dombarker/project-offloads/aspis-v7-literal-caller-unblock-20260901.UVlTOZ/generated/current309b-readonly-metadata-helper-r1 -subdir V7LiteralCallerReadonlyMetadataHelperCurrent309bR1 -split-files -emit-json /home/dombarker/project-offloads/aspis-v7-literal-caller-unblock-20260901.UVlTOZ/extraction/V7LiteralCallerReadonlyMetadataHelperCurrent309bR1.llbc".
[[92mInfo[39m ] Imported: /home/dombarker/project-offloads/aspis-v7-literal-caller-unblock-20260901.UVlTOZ/extraction/V7LiteralCallerReadonlyMetadataHelperCurrent309bR1.llbc
[[92mInfo[39m ] Creating missing directory: /home/dombarker/project-offloads/aspis-v7-literal-caller-unblock-20260901.UVlTOZ/generated/current309b-readonly-metadata-helper-r1/V7LiteralCallerReadonlyMetadataHelperCurrent309bR1
[[92mInfo[39m ] Generated: /home/dombarker/project-offloads/aspis-v7-literal-caller-unblock-20260901.UVlTOZ/generated/current309b-readonly-metadata-helper-r1/V7LiteralCallerReadonlyMetadataHelperCurrent309bR1/TypesExternal_Template.lean
[[92mInfo[39m ] Generated: /home/dombarker/project-offloads/aspis-v7-literal-caller-unblock-20260901.UVlTOZ/generated/current309b-readonly-metadata-helper-r1/V7LiteralCallerReadonlyMetadataHelperCurrent309bR1/Types.lean
[[92mInfo[39m ] Generated: /home/dombarker/project-offloads/aspis-v7-literal-caller-unblock-20260901.UVlTOZ/generated/current309b-readonly-metadata-helper-r1/V7LiteralCallerReadonlyMetadataHelperCurrent309bR1/Funs.lean
[[92mInfo[39m ] Generated: /home/dombarker/project-offloads/aspis-v7-literal-caller-unblock-20260901.UVlTOZ/generated/current309b-readonly-metadata-helper-r1/translation.json
[[92mInfo[39m ] Total execution time: 0.161332 seconds
	Command being timed: "/home/dombarker/project-offloads/aspis-v7-aeneas-source-unblock-20260830/repro-toolchain/aeneas-d860ac47-tag73-looparity-r1 -sequential -no-progress-bar -abort-on-error -backend lean -namespace V7LiteralCallerReadonlyMetadataHelperCurrent309bR1 -dest /home/dombarker/project-offloads/aspis-v7-literal-caller-unblock-20260901.UVlTOZ/generated/current309b-readonly-metadata-helper-r1 -subdir V7LiteralCallerReadonlyMetadataHelperCurrent309bR1 -split-files -emit-json /home/dombarker/project-offloads/aspis-v7-literal-caller-unblock-20260901.UVlTOZ/extraction/V7LiteralCallerReadonlyMetadataHelperCurrent309bR1.llbc"
	User time (seconds): 0.22
	System time (seconds): 0.01
	Percent of CPU this job got: 99%
	Elapsed (wall clock) time (h:mm:ss or m:ss): 0:00.24
	Average shared text size (kbytes): 0
	Average unshared data size (kbytes): 0
	Average stack size (kbytes): 0
	Average total size (kbytes): 0
	Maximum resident set size (kbytes): 58256
	Average resident set size (kbytes): 0
	Major (requiring I/O) page faults: 0
	Minor (reclaiming a frame) page faults: 9016
	Voluntary context switches: 1
	Involuntary context switches: 2
	Swaps: 0
	File system inputs: 0
	File system outputs: 32
	Socket messages sent: 0
	Socket messages received: 0
	Signals delivered: 0
	Page size (bytes): 4096
	Exit status: 0
