Warning: Permanently added '100.108.41.90' (ED25519) to the list of known hosts.
Running as unit: aspis-focus-1790949064716018000.service; invocation ID: bbf887dda6d04579b4c77972f76957ad
/home/dombarker/project-offloads/aspis-r57-lean-src-20260929-a/AspisV8R19/R372SourceColumnCompatibility.lean:15:24: error: Application type mismatch: The argument
  column t alpha j
has type
  HighRepairInvariant.Index 32 → F
but is expected to have type
  Fin 256 × Fin 4 → F
in the application
  firstFold 256 alpha (column t alpha j)
/home/dombarker/project-offloads/aspis-r57-lean-src-20260929-a/AspisV8R19/R372SourceColumnCompatibility.lean:16:75: error: Application type mismatch: The argument
  d
has type
  Fin 256
but is expected to have type
  Fin 32
in the application
  coefficient_fold_zero t ht alpha j d
/home/dombarker/project-offloads/aspis-r57-lean-src-20260929-a/AspisV8R19/R372SourceColumnCompatibility.lean:20:33: error: Application type mismatch: The argument
  column t alpha j
has type
  HighRepairInvariant.Index 32 → F
but is expected to have type
  Fin 256 × Fin 4 → F
in the application
  kernelEval 256 quarter alpha (column t alpha j)
/home/dombarker/project-offloads/aspis-r57-lean-src-20260929-a/AspisV8R19/R372SourceColumnCompatibility.lean:27:78: error: Application type mismatch: The argument
  i
has type
  Fin 256 × Fin 4
but is expected to have type
  HighRepairInvariant.Index 32
in the application
  column t alpha j i
/home/dombarker/project-offloads/aspis-r57-lean-src-20260929-a/AspisV8R19/R372SourceColumnCompatibility.lean:32:62: error: Application type mismatch: The argument
  d
has type
  Fin 256
but is expected to have type
  Fin 32
in the application
  Prod.mk d
/home/dombarker/project-offloads/aspis-r57-lean-src-20260929-a/AspisV8R19/R372SourceColumnCompatibility.lean:35:36: error: Application type mismatch: The argument
  column t alpha j
has type
  HighRepairInvariant.Index 32 → F
but is expected to have type
  Fin 256 × Fin 4 → F
in the application
  firstFold 256 alpha (column t alpha j)
/home/dombarker/project-offloads/aspis-r57-lean-src-20260929-a/AspisV8R19/R372SourceColumnCompatibility.lean:35:60: error: unsolved goals
F : Type u_1
inst✝¹ : Field F
inst✝ : NeZero 2
t : Fin 22 → F
ht : Function.Injective t
alpha quarter : F
c : Fin 13 → F
w : Fin 256 × Fin 4 → F
d : Fin 256
j : Fin 13
⊢ ∑ x, c j * (column t alpha j (sorry, x) * alpha ^ ↑x) = ∑ i, c j * (sorry (d, i) * alpha ^ ↑i)
'AspisR19.R372SourceColumnCompatibility.column_first_fold' depends on axioms: [propext,
 sorryAx,
 Classical.choice,
 Quot.sound]
'AspisR19.R372SourceColumnCompatibility.column_cross_compatibility' depends on axioms: [propext,
 sorryAx,
 Classical.choice,
 Quot.sound]
'AspisR19.R372SourceColumnCompatibility.linear_combination_cross_compatibility' depends on axioms: [propext,
 sorryAx,
 Classical.choice,
 Quot.sound]
Command exited with non-zero status 1
	Command being timed: "/home/dombarker/.elan/bin/lake --dir /home/dombarker/project-offloads/aspis-r126-release-20260930-a/focus-workspace env lean -j1 -M4500 -R /home/dombarker/project-offloads/aspis-r57-lean-src-20260929-a -o /home/dombarker/project-offloads/aspis-r126-release-20260930-a/lib/AspisV8R19/R372SourceColumnCompatibility.olean /home/dombarker/project-offloads/aspis-r57-lean-src-20260929-a/AspisV8R19/R372SourceColumnCompatibility.lean"
	User time (seconds): 0.79
	System time (seconds): 0.26
	Percent of CPU this job got: 100%
	Elapsed (wall clock) time (h:mm:ss or m:ss): 0:01.05
	Average shared text size (kbytes): 0
	Average unshared data size (kbytes): 0
	Average stack size (kbytes): 0
	Average total size (kbytes): 0
	Maximum resident set size (kbytes): 2279588
	Average resident set size (kbytes): 0
	Major (requiring I/O) page faults: 0
	Minor (reclaiming a frame) page faults: 53225
	Voluntary context switches: 424
	Involuntary context switches: 49
	Swaps: 0
	File system inputs: 0
	File system outputs: 0
	Socket messages sent: 0
	Socket messages received: 0
	Signals delivered: 0
	Page size (bytes): 4096
	Exit status: 1
Finished with result: exit-code
Main processes terminated with: code=exited/status=1
Service runtime: 1.079s
CPU time consumed: 1.090s
Memory peak: 256.0K
Memory swap peak: 0B
