Warning: Permanently added '100.108.41.90' (ED25519) to the list of known hosts.
Running as unit: aspis-focus-1791159466212150000-73420c867517.service; invocation ID: 5a21e5e58b394955aff6503cf9f6a77c
/home/dombarker/project-offloads/aspis-r57-lean-src-20260929-a/AspisV8R19/R826JointCombinationObservation.lean:32:13: error(lean.unknownIdentifier): Unknown identifier `Pi.sum_apply`
/home/dombarker/project-offloads/aspis-r57-lean-src-20260929-a/AspisV8R19/R826JointCombinationObservation.lean:34:6: error: Tactic `rewrite` failed: Did not find an occurrence of the pattern
  (∑ i ∈ ?s, ?f i) * ?a
in the target expression
  ∑ d,
      ∑ s,
        (∑ col,
            x col *
              normalizedPair alpha t ht noneOne (cast255 (selectedColumns col).1) (selectedColumns col).2 (d, s)) *
          jointWeight half quarter (1 + u * v) (u * v - 1) (-(u + v)) kappa tau z row (d, s) =
    (fun j =>
        ∑ d,
          ∑ s,
            normalizedPair alpha t ht noneOne (cast255 (selectedColumns j).1) (selectedColumns j).2 (d, s) *
              jointWeight half quarter (1 + u * v) (u * v - 1) (-(u + v)) kappa tau z row (d, s)) ⬝ᵥ
      x

F : Type u_1
inst✝¹ : Field F
inst✝ : NeZero 2
half quarter alpha u v kappa tau : F
z : Fin 10 → F
t : Fin 22 → F
ht : Function.Injective t
noneOne : ∀ (i : Fin 22), t i ≠ 1
x : ObservationRow → F
row : ObservationRow
⊢ ∑ d,
      ∑ s,
        (∑ col,
            x col *
              normalizedPair alpha t ht noneOne (cast255 (selectedColumns col).1) (selectedColumns col).2 (d, s)) *
          jointWeight half quarter (1 + u * v) (u * v - 1) (-(u + v)) kappa tau z row (d, s) =
    (fun j =>
        ∑ d,
          ∑ s,
            normalizedPair alpha t ht noneOne (cast255 (selectedColumns j).1) (selectedColumns j).2 (d, s) *
              jointWeight half quarter (1 + u * v) (u * v - 1) (-(u + v)) kappa tau z row (d, s)) ⬝ᵥ
      x
'AspisV8R19.R826JointCombinationObservation.combination_observation' depends on axioms: [propext,
 sorryAx,
 Classical.choice,
 Quot.sound]
Command exited with non-zero status 1
	Command being timed: "/home/dombarker/.elan/bin/lake --dir /home/dombarker/project-offloads/aspis-r126-release-20260930-a/focus-workspace env lean -j1 -M4500 -R /home/dombarker/project-offloads/aspis-r57-lean-src-20260929-a -o /home/dombarker/project-offloads/aspis-r126-release-20260930-a/lib/AspisV8R19/R826JointCombinationObservation.olean /home/dombarker/project-offloads/aspis-r57-lean-src-20260929-a/AspisV8R19/R826JointCombinationObservation.lean"
	User time (seconds): 0.99
	System time (seconds): 0.35
	Percent of CPU this job got: 100%
	Elapsed (wall clock) time (h:mm:ss or m:ss): 0:01.34
	Average shared text size (kbytes): 0
	Average unshared data size (kbytes): 0
	Average stack size (kbytes): 0
	Average total size (kbytes): 0
	Maximum resident set size (kbytes): 3285956
	Average resident set size (kbytes): 0
	Major (requiring I/O) page faults: 0
	Minor (reclaiming a frame) page faults: 77583
	Voluntary context switches: 411
	Involuntary context switches: 53
	Swaps: 0
	File system inputs: 0
	File system outputs: 0
	Socket messages sent: 0
	Socket messages received: 0
	Signals delivered: 0
	Page size (bytes): 4096
	Exit status: 1
Finished with result: exit-code
Main processes terminated with: code=exited/status=1
Service runtime: 1.376s
CPU time consumed: 1.383s
Memory peak: 256.0K
Memory swap peak: 0B
