Warning: Permanently added '100.108.41.90' (ED25519) to the list of known hosts.
Running as unit: aspis-r210-vector-leaf-diagnostic.service; invocation ID: 8b37b948709f431687cbde4f6996d454
-59
Called from Aeneas__PrePasses.remove_useless_joins.update_statements in file "PrePasses.ml", line 1970, characters 29-59
Called from Aeneas__PrePasses.remove_useless_joins.update_statements in file "PrePasses.ml", line 1970, characters 29-59
Called from Aeneas__PrePasses.remove_useless_joins.update_statements in file "PrePasses.ml", line 1970, characters 29-59
Called from Aeneas__PrePasses.remove_useless_joins.update_statements in file "PrePasses.ml", line 1970, characters 29-59
Called from Aeneas__PrePasses.remove_useless_joins.update_statements in file "PrePasses.ml", line 1970, characters 29-59
Called from Aeneas__PrePasses.remove_useless_joins.update_statements in file "PrePasses.ml", line 1970, characters 29-59
Called from Aeneas__PrePasses.remove_useless_joins.update_statements in file "PrePasses.ml", line 1970, characters 29-59
Called from Aeneas__PrePasses.remove_useless_joins.update_block in file "PrePasses.ml", line 1960, characters 33-77
Called from Aeneas__PrePasses.remove_useless_joins in file "PrePasses.ml", line 2022, characters 46-73
Called from Aeneas__PrePasses.apply_passes.apply_function_pass in file "PrePasses.ml", line 3562, characters 14-26
Called from Stdlib__List.fold_left in file "list.ml", line 123, characters 24-34
Called from Aeneas__PrePasses.apply_passes.(fun) in file "PrePasses.ml", lines 3591-3593, characters 14-33
Called from Stdlib__Map.Make.map in file "map.ml", line 312, characters 19-22
Called from Stdlib__Map.Make.map in file "map.ml", line 313, characters 19-26
Called from Stdlib__Map.Make.map in file "map.ml", line 313, characters 19-26
Called from Stdlib__Map.Make.map in file "map.ml", line 311, characters 19-26
Called from Stdlib__Map.Make.map in file "map.ml", line 311, characters 19-26
Called from Stdlib__Map.Make.map in file "map.ml", line 313, characters 19-26
Called from Aeneas__PrePasses.apply_passes in file "PrePasses.ml", lines 3583-3597, characters 4-26
Called from Dune__exe__Main in file "Main.ml", line 734, characters 14-45
Command exited with non-zero status 2
	Command being timed: "/home/dombarker/project-offloads/aspis-return-continuation-20261002-a/aeneas-return-continuation -sequential -no-progress-bar -abort-on-error -backend lean -namespace AspisR210VectorLeaf -dest /home/dombarker/project-offloads/aspis-r210-vector-leaf-diagnostic-20261002-a/generated -subdir AspisR210VectorLeaf -split-files -emit-json /home/dombarker/project-offloads/aspis-r210-vector-leaf-diagnostic-20261002-a/R210VectorLeaf.llbc"
	User time (seconds): 0.13
	System time (seconds): 0.01
	Percent of CPU this job got: 100%
	Elapsed (wall clock) time (h:mm:ss or m:ss): 0:00.15
	Average shared text size (kbytes): 0
	Average unshared data size (kbytes): 0
	Average stack size (kbytes): 0
	Average total size (kbytes): 0
	Maximum resident set size (kbytes): 55264
	Average resident set size (kbytes): 0
	Major (requiring I/O) page faults: 0
	Minor (reclaiming a frame) page faults: 8214
	Voluntary context switches: 1
	Involuntary context switches: 2
	Swaps: 0
	File system inputs: 0
	File system outputs: 16
	Socket messages sent: 0
	Socket messages received: 0
	Signals delivered: 0
	Page size (bytes): 4096
	Exit status: 2

TRACE_EXIT 2
Finished with result: exit-code
Main processes terminated with: code=exited/status=2
Service runtime: 222ms
CPU time consumed: 222ms
Memory peak: 516.0K
Memory swap peak: 0B
