info: r100_focused: no previous manifest, creating one from scratch
info: toolchain not updated; already up-to-date
	Command being timed: "/home/dombarker/.elan/bin/lake env lean -j1 -M4500 -R /home/dombarker/project-offloads/aspis-r57-lean-src-20260929-a -o /home/dombarker/project-offloads/aspis-r100-observed-final-20260930-a/lib/AspisV8R19/QueryObservedSource.olean /home/dombarker/project-offloads/aspis-r57-lean-src-20260929-a/AspisV8R19/QueryObservedSource.lean"
	User time (seconds): 1.41
	System time (seconds): 0.88
	Percent of CPU this job got: 99%
	Elapsed (wall clock) time (h:mm:ss or m:ss): 0:02.31
	Average shared text size (kbytes): 0
	Average unshared data size (kbytes): 0
	Average stack size (kbytes): 0
	Average total size (kbytes): 0
	Maximum resident set size (kbytes): 3676816
	Average resident set size (kbytes): 0
	Major (requiring I/O) page faults: 4
	Minor (reclaiming a frame) page faults: 148255
	Voluntary context switches: 269
	Involuntary context switches: 79
	Swaps: 0
	File system inputs: 648
	File system outputs: 568
	Socket messages sent: 0
	Socket messages received: 0
	Signals delivered: 0
	Page size (bytes): 4096
	Exit status: 0
