Warning: Permanently added '100.108.41.90' (ED25519) to the list of known hosts.
Running as unit: aspis-focus-1791103063784164000.service; invocation ID: f8853931c3e642f697119667480ea04f
/home/dombarker/project-offloads/aspis-r57-lean-src-20260929-a/AspisV8R19/R620MatrixAction.lean:21:28: error(lean.unknownIdentifier): Unknown identifier `Usize`

Note: It is not possible to treat `Usize` as an implicitly bound variable here because the `autoImplicit` option is set to `false`.
/home/dombarker/project-offloads/aspis-r57-lean-src-20260929-a/AspisV8R19/R620MatrixAction.lean:22:27: error: failed to prove index is valid, possible solutions:
  - Use `have`-expressions to prove the index is valid
  - Use `a[i]!` notation instead, runtime check is performed, and 'Panic' error message is produced if index is not valid
  - Use `a[i]?` notation instead, result is an `Option` type
  - Use `a[i]'h` notation instead, where `h` is a proof that index is valid
α : Type
n : sorry
xs : Aeneas.Std.Array α sorry
i : Fin sorry
⊢ ↑i < (↑xs).length
/home/dombarker/project-offloads/aspis-r57-lean-src-20260929-a/AspisV8R19/R620MatrixAction.lean:25:39: error(lean.unknownIdentifier): Unknown identifier `U32`

Note: It is not possible to treat `U32` as an implicitly bound variable here because the `autoImplicit` option is set to `false`.
/home/dombarker/project-offloads/aspis-r57-lean-src-20260929-a/AspisV8R19/R620MatrixAction.lean:27:35: error(lean.unknownIdentifier): Unknown identifier `encodeBase`
/home/dombarker/project-offloads/aspis-r57-lean-src-20260929-a/AspisV8R19/R620MatrixAction.lean:27:49: error(lean.unknownIdentifier): Unknown identifier `encodeBase`
/home/dombarker/project-offloads/aspis-r57-lean-src-20260929-a/AspisV8R19/R620MatrixAction.lean:27:63: error(lean.unknownIdentifier): Unknown identifier `encodeBase`
/home/dombarker/project-offloads/aspis-r57-lean-src-20260929-a/AspisV8R19/R620MatrixAction.lean:27:77: error(lean.unknownIdentifier): Unknown identifier `encodeBase`
/home/dombarker/project-offloads/aspis-r57-lean-src-20260929-a/AspisV8R19/R620MatrixAction.lean:28:35: error(lean.unknownIdentifier): Unknown identifier `encodeBase`
/home/dombarker/project-offloads/aspis-r57-lean-src-20260929-a/AspisV8R19/R620MatrixAction.lean:28:52: error(lean.unknownIdentifier): Unknown identifier `encodeBase`
/home/dombarker/project-offloads/aspis-r57-lean-src-20260929-a/AspisV8R19/R620MatrixAction.lean:28:66: error(lean.unknownIdentifier): Unknown identifier `encodeBase`
/home/dombarker/project-offloads/aspis-r57-lean-src-20260929-a/AspisV8R19/R620MatrixAction.lean:28:83: error(lean.unknownIdentifier): Unknown identifier `encodeBase`
/home/dombarker/project-offloads/aspis-r57-lean-src-20260929-a/AspisV8R19/R620MatrixAction.lean:29:35: error(lean.unknownIdentifier): Unknown identifier `encodeBase`
/home/dombarker/project-offloads/aspis-r57-lean-src-20260929-a/AspisV8R19/R620MatrixAction.lean:29:55: error(lean.unknownIdentifier): Unknown identifier `encodeBase`
/home/dombarker/project-offloads/aspis-r57-lean-src-20260929-a/AspisV8R19/R620MatrixAction.lean:29:75: error(lean.unknownIdentifier): Unknown identifier `encodeBase`
/home/dombarker/project-offloads/aspis-r57-lean-src-20260929-a/AspisV8R19/R620MatrixAction.lean:29:89: error(lean.unknownIdentifier): Unknown identifier `encodeBase`
/home/dombarker/project-offloads/aspis-r57-lean-src-20260929-a/AspisV8R19/R620MatrixAction.lean:30:35: error(lean.unknownIdentifier): Unknown identifier `encodeBase`
/home/dombarker/project-offloads/aspis-r57-lean-src-20260929-a/AspisV8R19/R620MatrixAction.lean:30:58: error(lean.unknownIdentifier): Unknown identifier `encodeBase`
/home/dombarker/project-offloads/aspis-r57-lean-src-20260929-a/AspisV8R19/R620MatrixAction.lean:30:78: error(lean.unknownIdentifier): Unknown identifier `encodeBase`
/home/dombarker/project-offloads/aspis-r57-lean-src-20260929-a/AspisV8R19/R620MatrixAction.lean:30:95: error(lean.unknownIdentifier): Unknown identifier `encodeBase`
/home/dombarker/project-offloads/aspis-r57-lean-src-20260929-a/AspisV8R19/R620MatrixAction.lean:33:61: error(lean.unknownIdentifier): Unknown identifier `U32`

Note: It is not possible to treat `U32` as an implicitly bound variable here because the `autoImplicit` option is set to `false`.
/home/dombarker/project-offloads/aspis-r57-lean-src-20260929-a/AspisV8R19/R620MatrixAction.lean:40:57: error(lean.unknownIdentifier): Unknown identifier `U32`

Note: It is not possible to treat `U32` as an implicitly bound variable here because the `autoImplicit` option is set to `false`.
/home/dombarker/project-offloads/aspis-r57-lean-src-20260929-a/AspisV8R19/R620MatrixAction.lean:48:45: error(lean.unknownIdentifier): Unknown identifier `U32`

Note: It is not possible to treat `U32` as an implicitly bound variable here because the `autoImplicit` option is set to `false`.
/home/dombarker/project-offloads/aspis-r57-lean-src-20260929-a/AspisV8R19/R620MatrixAction.lean:56:2: error: unsolved goals
case refine_2
a b c d e f g h : M31Exact
⊢ {
        re :=
          sorry
            ⟨[⟨[sorry (), sorry (), sorry (), sorry ()], ⋯⟩, ⟨[sorry (), sorry (), sorry (), sorry ()], ⋯⟩,
                ⟨[sorry (), sorry (), sorry (), sorry ()], ⋯⟩, ⟨[sorry (), sorry (), sorry (), sorry ()], ⋯⟩],
              ⋯⟩
            e f g h 0,
        im :=
          sorry
            ⟨[⟨[sorry (), sorry (), sorry (), sorry ()], ⋯⟩, ⟨[sorry (), sorry (), sorry (), sorry ()], ⋯⟩,
                ⟨[sorry (), sorry (), sorry (), sorry ()], ⋯⟩, ⟨[sorry (), sorry (), sorry (), sorry ()], ⋯⟩],
              ⋯⟩
            e f g h 1 } =
      { re := a * e + -(b * f), im := a * f + b * e } +
        AspisV8R15.ExactTowerBase.qm31R * { re := c, im := d } * { re := g, im := h } ∧
    {
        re :=
          sorry
            ⟨[⟨[sorry (), sorry (), sorry (), sorry ()], ⋯⟩, ⟨[sorry (), sorry (), sorry (), sorry ()], ⋯⟩,
                ⟨[sorry (), sorry (), sorry (), sorry ()], ⋯⟩, ⟨[sorry (), sorry (), sorry (), sorry ()], ⋯⟩],
              ⋯⟩
            e f g h 2,
        im :=
          sorry
            ⟨[⟨[sorry (), sorry (), sorry (), sorry ()], ⋯⟩, ⟨[sorry (), sorry (), sorry (), sorry ()], ⋯⟩,
                ⟨[sorry (), sorry (), sorry (), sorry ()], ⋯⟩, ⟨[sorry (), sorry (), sorry (), sorry ()], ⋯⟩],
              ⋯⟩
            e f g h 3 } =
      { re := a * g + -(b * h), im := a * h + b * g } + { re := c * e + -(d * f), im := c * f + d * e }
/home/dombarker/project-offloads/aspis-r57-lean-src-20260929-a/AspisV8R19/R620MatrixAction.lean:54:11: warning: declaration uses `sorry`
/home/dombarker/project-offloads/aspis-r57-lean-src-20260929-a/AspisV8R19/R620MatrixAction.lean:56:10: warning: declaration uses `sorry`
/home/dombarker/project-offloads/aspis-r57-lean-src-20260929-a/AspisV8R19/R620MatrixAction.lean:56:24: warning: declaration uses `sorry`
/home/dombarker/project-offloads/aspis-r57-lean-src-20260929-a/AspisV8R19/R620MatrixAction.lean:56:42: warning: declaration uses `sorry`
/home/dombarker/project-offloads/aspis-r57-lean-src-20260929-a/AspisV8R19/R620MatrixAction.lean:56:42: warning: This simp argument is unused:
  arrayAt

Hint: Omit it from the simp argument list.
  simp [matrixAction, matrixCoordinate, a̵r̵r̵a̵y̵A̵t̵,̵ ̵selectedMatrix,
  ̵  ̵ ̵ ̵ ̵ ̵Aeneas.Std.Array.make,
  ̲  ̲ ̲ ̲AspisV8R19.ComplexBaseExecution.encodeBase_cast,
  ̵  ̵ ̵ ̵ ̵ ̵qm31_product_coordinates]

Note: This linter can be disabled with `set_option linter.unusedSimpArgs false`
/home/dombarker/project-offloads/aspis-r57-lean-src-20260929-a/AspisV8R19/R620MatrixAction.lean:57:29: warning: This simp argument is unused:
  AspisV8R19.ComplexBaseExecution.encodeBase_cast

Hint: Omit it from the simp argument list.
  simp [matrixAction, matrixCoordinate, arrayAt, selectedMatrix, Aeneas.Std.Array.make,
  ̲  ̲ ̲ ̲A̵s̵p̵i̵s̵V̵8̵R̵1̵9̵.̵C̵o̵m̵p̵l̵e̵x̵B̵a̵s̵e̵E̵x̵e̵c̵u̵t̵i̵o̵n̵.̵e̵n̵c̵o̵d̵e̵B̵a̵s̵e̵_̵c̵a̵s̵t̵,̵qm31_product_coordinates]

Note: This linter can be disabled with `set_option linter.unusedSimpArgs false`
/home/dombarker/project-offloads/aspis-r57-lean-src-20260929-a/AspisV8R19/R620MatrixAction.lean:58:6: warning: This simp argument is unused:
  qm31_product_coordinates

Hint: Omit it from the simp argument list.
  simp [matrixAction, matrixCoordinate, arrayAt, selectedMatrix, Aeneas.Std.Array.make,
  ̲  ̲ ̲ ̲A̵s̵p̵i̵s̵V̵8̵R̵1̵9̵.̵C̵o̵m̵p̵l̵e̵x̵B̵a̵s̵e̵E̵x̵e̵c̵u̵t̵i̵o̵n̵.̵e̵n̵c̵o̵d̵e̵B̵a̵s̵e̵_̵c̵a̵s̵t̵,̵
  ̵ ̵ ̵ ̵ ̵ ̵ ̵q̵m̵3̵1̵_̵p̵r̵o̵d̵u̵c̵t̵_̵c̵o̵o̵r̵d̵i̵n̵a̵t̵e̵s̵]̵A̲s̲p̲i̲s̲V̲8̲R̲1̲9̲.̲C̲o̲m̲p̲l̲e̲x̲B̲a̲s̲e̲E̲x̲e̲c̲u̲t̲i̲o̲n̲.̲e̲n̲c̲o̲d̲e̲B̲a̲s̲e̲_̲c̲a̲s̲t̲]̲

Note: This linter can be disabled with `set_option linter.unusedSimpArgs false`
'AspisV8R19.R620MatrixAction.qm31_product_coordinates' depends on axioms: [propext, Classical.choice, Quot.sound]
'AspisV8R19.R620MatrixAction.actual_matrix_action' depends on axioms: [propext, sorryAx, Classical.choice, Quot.sound]
Command exited with non-zero status 1
	Command being timed: "/home/dombarker/.elan/bin/lake --dir /home/dombarker/project-offloads/aspis-r126-release-20260930-a/focus-workspace env lean -j1 -M4500 -R /home/dombarker/project-offloads/aspis-r57-lean-src-20260929-a -o /home/dombarker/project-offloads/aspis-r126-release-20260930-a/lib/AspisV8R19/R620MatrixAction.olean /home/dombarker/project-offloads/aspis-r57-lean-src-20260929-a/AspisV8R19/R620MatrixAction.lean"
	User time (seconds): 1.80
	System time (seconds): 0.42
	Percent of CPU this job got: 100%
	Elapsed (wall clock) time (h:mm:ss or m:ss): 0:02.21
	Average shared text size (kbytes): 0
	Average unshared data size (kbytes): 0
	Average stack size (kbytes): 0
	Average total size (kbytes): 0
	Maximum resident set size (kbytes): 3739780
	Average resident set size (kbytes): 0
	Major (requiring I/O) page faults: 0
	Minor (reclaiming a frame) page faults: 86418
	Voluntary context switches: 724
	Involuntary context switches: 64
	Swaps: 0
	File system inputs: 0
	File system outputs: 0
	Socket messages sent: 0
	Socket messages received: 0
	Signals delivered: 0
	Page size (bytes): 4096
	Exit status: 1
Finished with result: exit-code
Main processes terminated with: code=exited/status=1
Service runtime: 2.244s
CPU time consumed: 2.261s
Memory peak: 568.0K
Memory swap peak: 0B
