Warning: Permanently added '100.108.41.90' (ED25519) to the list of known hosts.
Running as unit: aspis-focus-1791144593293657000.service; invocation ID: a0fa9c063d5b4ce4aa1cb78fb3278e0a
'AspisR19.R754Point1GuardedLeaves.w_guarded_leaf_0945' depends on axioms: [propext, Classical.choice, Quot.sound]
'AspisR19.R754Point1GuardedLeaves.w_guarded_leaf_0946' depends on axioms: [propext, Classical.choice, Quot.sound]
'AspisR19.R754Point1GuardedLeaves.w_guarded_leaf_0947' depends on axioms: [propext, Classical.choice, Quot.sound]
'AspisR19.R754Point1GuardedLeaves.w_guarded_leaf_0948' depends on axioms: [propext, Classical.choice, Quot.sound]
'AspisR19.R754Point1GuardedLeaves.w_guarded_leaf_0949' depends on axioms: [propext, Classical.choice, Quot.sound]
'AspisR19.R754Point1GuardedLeaves.w_guarded_leaf_0950' depends on axioms: [propext, Classical.choice, Quot.sound]
'AspisR19.R754Point1GuardedLeaves.w_guarded_leaf_0951' depends on axioms: [propext, Classical.choice, Quot.sound]
'AspisR19.R754Point1GuardedLeaves.w_guarded_leaf_0952' depends on axioms: [propext, Classical.choice, Quot.sound]
'AspisR19.R754Point1GuardedLeaves.w_guarded_leaf_0953' depends on axioms: [propext, Classical.choice, Quot.sound]
'AspisR19.R754Point1GuardedLeaves.w_guarded_leaf_0954' depends on axioms: [propext, Classical.choice, Quot.sound]
'AspisR19.R754Point1GuardedLeaves.w_guarded_leaf_0955' depends on axioms: [propext, Classical.choice, Quot.sound]
'AspisR19.R754Point1GuardedLeaves.w_guarded_leaf_0956' depends on axioms: [propext, Classical.choice, Quot.sound]
'AspisR19.R754Point1GuardedLeaves.w_guarded_leaf_0957' depends on axioms: [propext, Classical.choice, Quot.sound]
'AspisR19.R754Point1GuardedLeaves.w_guarded_leaf_0958' depends on axioms: [propext, Classical.choice, Quot.sound]
'AspisR19.R754Point1GuardedLeaves.w_guarded_leaf_0959' depends on axioms: [propext, Classical.choice, Quot.sound]
'AspisR19.R754Point1GuardedLeaves.w_guarded_leaf_0960' depends on axioms: [propext, Classical.choice, Quot.sound]
'AspisR19.R754Point1GuardedLeaves.w_guarded_leaf_0961' depends on axioms: [propext, Classical.choice, Quot.sound]
'AspisR19.R754Point1GuardedLeaves.w_guarded_leaf_0962' depends on axioms: [propext, Classical.choice, Quot.sound]
'AspisR19.R754Point1GuardedLeaves.w_guarded_leaf_0963' depends on axioms: [propext, Classical.choice, Quot.sound]
'AspisR19.R754Point1GuardedLeaves.w_guarded_leaf_0964' depends on axioms: [propext, Classical.choice, Quot.sound]
'AspisR19.R754Point1GuardedLeaves.w_guarded_leaf_0965' depends on axioms: [propext, Classical.choice, Quot.sound]
'AspisR19.R754Point1GuardedLeaves.w_guarded_leaf_0966' depends on axioms: [propext, Classical.choice, Quot.sound]
'AspisR19.R754Point1GuardedLeaves.w_guarded_leaf_0967' depends on axioms: [propext, Classical.choice, Quot.sound]
'AspisR19.R754Point1GuardedLeaves.w_guarded_leaf_0968' depends on axioms: [propext, Classical.choice, Quot.sound]
'AspisR19.R754Point1GuardedLeaves.w_guarded_leaf_0969' depends on axioms: [propext, Classical.choice, Quot.sound]
'AspisR19.R754Point1GuardedLeaves.w_guarded_leaf_0970' depends on axioms: [propext, Classical.choice, Quot.sound]
'AspisR19.R754Point1GuardedLeaves.w_guarded_leaf_0971' depends on axioms: [propext, Classical.choice, Quot.sound]
'AspisR19.R754Point1GuardedLeaves.w_guarded_leaf_0972' depends on axioms: [propext, Classical.choice, Quot.sound]
'AspisR19.R754Point1GuardedLeaves.w_guarded_leaf_0973' depends on axioms: [propext, Classical.choice, Quot.sound]
'AspisR19.R754Point1GuardedLeaves.w_guarded_leaf_0974' depends on axioms: [propext, Classical.choice, Quot.sound]
'AspisR19.R754Point1GuardedLeaves.w_guarded_leaf_0975' depends on axioms: [propext, Classical.choice, Quot.sound]
'AspisR19.R754Point1GuardedLeaves.w_guarded_leaf_0976' depends on axioms: [propext, Classical.choice, Quot.sound]
	Command being timed: "/home/dombarker/.elan/bin/lake --dir /home/dombarker/project-offloads/aspis-r126-release-20260930-a/focus-workspace env lean -j1 -M4500 -R /home/dombarker/project-offloads/aspis-r57-lean-src-20260929-a -o /home/dombarker/project-offloads/aspis-r126-release-20260930-a/lib/AspisV8R19/Point1GuardedChunk08.olean /home/dombarker/project-offloads/aspis-r57-lean-src-20260929-a/AspisV8R19/Point1GuardedChunk08.lean"
	User time (seconds): 2.27
	System time (seconds): 0.33
	Percent of CPU this job got: 100%
	Elapsed (wall clock) time (h:mm:ss or m:ss): 0:02.59
	Average shared text size (kbytes): 0
	Average unshared data size (kbytes): 0
	Average stack size (kbytes): 0
	Average total size (kbytes): 0
	Maximum resident set size (kbytes): 3316540
	Average resident set size (kbytes): 0
	Major (requiring I/O) page faults: 0
	Minor (reclaiming a frame) page faults: 78037
	Voluntary context switches: 1755
	Involuntary context switches: 85
	Swaps: 0
	File system inputs: 0
	File system outputs: 680
	Socket messages sent: 0
	Socket messages received: 0
	Signals delivered: 0
	Page size (bytes): 4096
	Exit status: 0
Finished with result: success
Main processes terminated with: code=exited/status=0
Service runtime: 2.622s
CPU time consumed: 2.645s
Memory peak: 288.0K
Memory swap peak: 0B
