Warning: Permanently added '100.108.41.90' (ED25519) to the list of known hosts.
Running as unit: aspis-focus-1791157052882862000-62174c676f96.service; invocation ID: ea9d3f712c954016880062e8ce4bfa9c
'AspisV8R19.R807SourceBlock22RowsChunk01.source_block22_row02' depends on axioms: [propext,
 Classical.choice,
 Quot.sound]
'AspisV8R19.R807SourceBlock22RowsChunk01.source_block22_row03' depends on axioms: [propext,
 Classical.choice,
 Quot.sound]
	Command being timed: "/home/dombarker/.elan/bin/lake --dir /home/dombarker/project-offloads/aspis-r126-release-20260930-a/focus-workspace env lean -j1 -M4500 -R /home/dombarker/project-offloads/aspis-r57-lean-src-20260929-a -o /home/dombarker/project-offloads/aspis-r126-release-20260930-a/lib/AspisV8R19/R807SourceBlock22RowsChunk01.olean /home/dombarker/project-offloads/aspis-r57-lean-src-20260929-a/AspisV8R19/R807SourceBlock22RowsChunk01.lean"
	User time (seconds): 4.48
	System time (seconds): 0.43
	Percent of CPU this job got: 99%
	Elapsed (wall clock) time (h:mm:ss or m:ss): 0:04.91
	Average shared text size (kbytes): 0
	Average unshared data size (kbytes): 0
	Average stack size (kbytes): 0
	Average total size (kbytes): 0
	Maximum resident set size (kbytes): 3739884
	Average resident set size (kbytes): 0
	Major (requiring I/O) page faults: 2
	Minor (reclaiming a frame) page faults: 84792
	Voluntary context switches: 296
	Involuntary context switches: 90
	Swaps: 0
	File system inputs: 528
	File system outputs: 264
	Socket messages sent: 0
	Socket messages received: 0
	Signals delivered: 0
	Page size (bytes): 4096
	Exit status: 0
Finished with result: success
Main processes terminated with: code=exited/status=0
Service runtime: 4.942s
CPU time consumed: 4.942s
Memory peak: 324.0K
Memory swap peak: 0B
