Warning: Permanently added '100.108.41.90' (ED25519) to the list of known hosts.
Running as unit: aspis-focus-1791107619995768000.service; invocation ID: e03e19fd80df46d7aa2739b67742da55
/home/dombarker/project-offloads/aspis-r57-lean-src-20260929-a/AspisV8R19/R616MixedLimbExecution.lean:72:73: warning: 'omega' tactic does nothing

Note: This linter can be disabled with `set_option linter.unusedTactic false`
/home/dombarker/project-offloads/aspis-r57-lean-src-20260929-a/AspisV8R19/R616MixedLimbExecution.lean:72:73: warning: this tactic is never executed

Note: This linter can be disabled with `set_option linter.unreachableTactic false`
/home/dombarker/project-offloads/aspis-r57-lean-src-20260929-a/AspisV8R19/R616MixedLimbExecution.lean:75:38: error: scalar_tac failed to prove the goal below.

Note that scalar_tac is almost equivalent to:
  scalar_tac_preprocess; omega

Goal: 
n : ℕ
hn : n < UScalar.size UScalarTy.Usize
⊢ n ≤ UScalar.cMax UScalarTy.Usize
/home/dombarker/project-offloads/aspis-r57-lean-src-20260929-a/AspisV8R19/R616MixedLimbExecution.lean:77:2: error: No goals to be solved
/home/dombarker/project-offloads/aspis-r57-lean-src-20260929-a/AspisV8R19/R616MixedLimbExecution.lean:80:41: error: omega could not prove the goal:
a possible counterexample may satisfy the constraints
  0 ≤ a ≤ 4
where
 a := ↑(UScalar.size UScalarTy.Usize)
/home/dombarker/project-offloads/aspis-r57-lean-src-20260929-a/AspisV8R19/R616MixedLimbExecution.lean:168:16: warning: Variable name `hpartition` is not explicitly referenced.

The binding can be removed (if unused) or named `_` (if used implicitly).

Note: This linter can be disabled with `set_option linter.unusedVariables false`
/home/dombarker/project-offloads/aspis-r57-lean-src-20260929-a/AspisV8R19/R616MixedLimbExecution.lean:168:28: warning: Variable name `hrem` is not explicitly referenced.

The binding can be removed (if unused) or named `_` (if used implicitly).

Note: This linter can be disabled with `set_option linter.unusedVariables false`
/home/dombarker/project-offloads/aspis-r57-lean-src-20260929-a/AspisV8R19/R616MixedLimbExecution.lean:216:50: warning: declaration uses `sorry`
/home/dombarker/project-offloads/aspis-r57-lean-src-20260929-a/AspisV8R19/R616MixedLimbExecution.lean:219:42: warning: declaration uses `sorry`
/home/dombarker/project-offloads/aspis-r57-lean-src-20260929-a/AspisV8R19/R616MixedLimbExecution.lean:221:31: warning: declaration uses `sorry`
/home/dombarker/project-offloads/aspis-r57-lean-src-20260929-a/AspisV8R19/R616MixedLimbExecution.lean:199:8: warning: declaration uses `sorry`
/home/dombarker/project-offloads/aspis-r57-lean-src-20260929-a/AspisV8R19/R616MixedLimbExecution.lean:207:15: warning: Variable name `hquot` is not explicitly referenced.

The binding can be removed (if unused) or named `_` (if used implicitly).

Note: This linter can be disabled with `set_option linter.unusedVariables false`
/home/dombarker/project-offloads/aspis-r57-lean-src-20260929-a/AspisV8R19/R616MixedLimbExecution.lean:208:15: warning: Variable name `hrem` is not explicitly referenced.

The binding can be removed (if unused) or named `_` (if used implicitly).

Note: This linter can be disabled with `set_option linter.unusedVariables false`
/home/dombarker/project-offloads/aspis-r57-lean-src-20260929-a/AspisV8R19/R616MixedLimbExecution.lean:300:46: error: unsolved goals
case hn
c2 : Std.Array U32 48#usize
p : AspisR614SelectedCombineBeta.query_arithmetic.BetaCoefficients
L slot : Usize
j : Fin 12
hL : ↑L < 4
hslot : ↑slot < 4
c2word : U32
hc2 : selected_source_mixed_c2_access c2 j slot = ok c2word
hc2value : c2word = arrayAt c2 ⟨16 * (↑j / 4) + 4 * ↑slot + ↑j % 4, ⋯⟩
hsubval : ↑(core.num.Usize.wrapping_sub (26 + ↑j)#usize 26#usize) = ↑j
hsub : core.num.Usize.wrapping_sub (26 + ↑j)#usize 26#usize = (↑j)#usize
⊢ ↑j < UScalar.size UScalarTy.Usize
/home/dombarker/project-offloads/aspis-r57-lean-src-20260929-a/AspisV8R19/R616MixedLimbExecution.lean:304:41: error: omega could not prove the goal:
a possible counterexample may satisfy the constraints
  e ≥ 0
  0 ≤ d ≤ 11
  0 ≤ c ≤ 11
  c - e ≥ 0
  0 ≤ b ≤ 3
  0 ≤ a ≤ 3
where
 a := ↑↑L
 b := ↑↑slot
 c := ↑↑j
 d := ↑↑(↑j)#usize
 e := ↑(UScalar.size UScalarTy.Usize)
/home/dombarker/project-offloads/aspis-r57-lean-src-20260929-a/AspisV8R19/R616MixedLimbExecution.lean:325:4: error: No goals to be solved
/home/dombarker/project-offloads/aspis-r57-lean-src-20260929-a/AspisV8R19/R616MixedLimbExecution.lean:289:50: warning: declaration uses `sorry`
/home/dombarker/project-offloads/aspis-r57-lean-src-20260929-a/AspisV8R19/R616MixedLimbExecution.lean:292:42: warning: declaration uses `sorry`
/home/dombarker/project-offloads/aspis-r57-lean-src-20260929-a/AspisV8R19/R616MixedLimbExecution.lean:294:31: warning: declaration uses `sorry`
/home/dombarker/project-offloads/aspis-r57-lean-src-20260929-a/AspisV8R19/R616MixedLimbExecution.lean:447:2: warning: 'change (U64.wrapping_mul (UScalar.cast .U64 a) (UScalar.cast .U64 b)).val = _' tactic does nothing

Note: This linter can be disabled with `set_option linter.unusedTactic false`
/home/dombarker/project-offloads/aspis-r57-lean-src-20260929-a/AspisV8R19/R616MixedLimbExecution.lean:491:2: warning: try 'simp' instead of 'simpa'

Note: This linter can be disabled with `set_option linter.unnecessarySimpa false`
'AspisV8R19.R616MixedLimbExecution.fourProducts_lt_u64' depends on axioms: [propext, Classical.choice, Quot.sound]
'_private.AspisV8R19.R616MixedLimbExecution.0.AspisV8R19.R616MixedLimbExecution.selected_index_ok' depends on axioms: [propext]
'AspisV8R19.R616MixedLimbExecution.selected_mixed_index_spec' depends on axioms: [propext, Classical.choice, Quot.sound]
'AspisV8R19.R616MixedLimbExecution.selected_mixed_c2_access' depends on axioms: [propext, Classical.choice, Quot.sound]
'AspisV8R19.R616MixedLimbExecution.tenPartialChunks_fit' depends on axioms: [propext, Classical.choice, Quot.sound]
'AspisV8R19.R616MixedLimbExecution.partialChunks_mod' depends on axioms: [propext]
'AspisV8R19.R616MixedLimbExecution.mixedC2Index_lt48' depends on axioms: [propext, Quot.sound]
'AspisV8R19.R616MixedLimbExecution.limbIndex_lt4' does not depend on any axioms
'AspisV8R19.R616MixedLimbExecution.canonicalProduct_lt' depends on axioms: [propext, Classical.choice, Quot.sound]
'AspisV8R19.R616MixedLimbExecution.selected_reduce_u64_eq_frozen' depends on axioms: [propext,
 Classical.choice,
 Quot.sound]
'AspisV8R19.R616MixedLimbExecution.selected_m31_reduce_u64_eq_frozen' depends on axioms: [propext,
 Classical.choice,
 Quot.sound]
'AspisV8R19.R616MixedLimbExecution.selected_m31_reduce_u64_success' depends on axioms: [propext,
 Classical.choice,
 Quot.sound]
'AspisV8R19.R616MixedLimbExecution.selected_from_u32_eq_cast' does not depend on any axioms
'AspisV8R19.R616MixedLimbExecution.selected_u32_mul64_val' depends on axioms: [propext, Classical.choice, Quot.sound]
'AspisV8R19.R616MixedLimbExecution.selected_two_products_val' depends on axioms: [propext, Classical.choice, Quot.sound]
'AspisV8R19.R616MixedLimbExecution.selected_four_products_val' depends on axioms: [propext,
 Classical.choice,
 Quot.sound]
'AspisV8R19.R616MixedLimbExecution.selected_from_prime' depends on axioms: [propext, Classical.choice, Quot.sound]
'AspisV8R19.R616MixedLimbExecution.selected_reduce_chunk_eq_fold' depends on axioms: [propext,
 Classical.choice,
 Quot.sound]
'AspisV8R19.R616MixedLimbExecution.selected_reduce_chunk_success' depends on axioms: [propext,
 Classical.choice,
 Quot.sound]
'AspisV8R19.R616MixedLimbExecution.selected_chunk_residue' depends on axioms: [propext, Classical.choice, Quot.sound]
'AspisV8R19.R616MixedLimbExecution.selected_four_product_chunk' depends on axioms: [propext,
 Classical.choice,
 Quot.sound]
Command exited with non-zero status 1
	Command being timed: "/home/dombarker/.elan/bin/lake --dir /home/dombarker/project-offloads/aspis-r126-release-20260930-a/focus-workspace env lean -j1 -M4500 -R /home/dombarker/project-offloads/aspis-r57-lean-src-20260929-a -o /home/dombarker/project-offloads/aspis-r126-release-20260930-a/lib/AspisV8R19/R616MixedLimbExecution.olean /home/dombarker/project-offloads/aspis-r57-lean-src-20260929-a/AspisV8R19/R616MixedLimbExecution.lean"
	User time (seconds): 3.35
	System time (seconds): 0.37
	Percent of CPU this job got: 100%
	Elapsed (wall clock) time (h:mm:ss or m:ss): 0:03.71
	Average shared text size (kbytes): 0
	Average unshared data size (kbytes): 0
	Average stack size (kbytes): 0
	Average total size (kbytes): 0
	Maximum resident set size (kbytes): 3787664
	Average resident set size (kbytes): 0
	Major (requiring I/O) page faults: 0
	Minor (reclaiming a frame) page faults: 89876
	Voluntary context switches: 2213
	Involuntary context switches: 86
	Swaps: 0
	File system inputs: 0
	File system outputs: 0
	Socket messages sent: 0
	Socket messages received: 0
	Signals delivered: 0
	Page size (bytes): 4096
	Exit status: 1
Finished with result: exit-code
Main processes terminated with: code=exited/status=1
Service runtime: 3.738s
CPU time consumed: 3.762s
Memory peak: 512.0K
Memory swap peak: 0B
