Warning: Permanently added '100.108.41.90' (ED25519) to the list of known hosts.
Running as unit: aspis-r753-point1-generator-179114b.service; invocation ID: 05a3e12164f64ce995c768a03112098c
	Command being timed: "rustc --edition=2021 -C opt-level=3 -C codegen-units=1 -C overflow-checks=yes input/emit_point1_basis.rs -o point1_basis_emitter"
	User time (seconds): 0.43
	System time (seconds): 0.07
	Percent of CPU this job got: 100%
	Elapsed (wall clock) time (h:mm:ss or m:ss): 0:00.50
	Average shared text size (kbytes): 0
	Average unshared data size (kbytes): 0
	Average stack size (kbytes): 0
	Average total size (kbytes): 0
	Maximum resident set size (kbytes): d40b4ddf12ed41e1d67c7998c5b91875ccc436a5b2b1a216dc5745bcc37216a5  point1_basis_emitter
0cf6dfd060ed25cc0973ff2a77774e328783a5e3cfc71ec65077ce5153e31f61  output/generated/MANIFEST.txt
ac803e04765580e7fb838c5df7653640897de816858031fbfd28c3ff15fe3590  output/generated/R753Point1BasisChunk00.lean
12a9ff1343e7323712222360b7c595df8ac638627b8b19b4673197c470f7cf1a  output/generated/R753Point1BasisChunk01.lean
96f58be2f6c50d45193914e41d0fb6ffc742b67d58c174b36b51b172ea0e69ae  output/generated/R753Point1BasisChunk02.lean
143036
	Average resident set size (kbytes): 0
	Major (requiring I/O) page faults: 202
	Minor (reclaiming a frame) page faults: 19778
	Voluntary context switches: 700
	Involuntary context switches: 25
	Swaps: 0
	File system inputs: 6992
	File system outputs: 8072
	Socket messages sent: 0
	Socket messages received: 0
	Signals delivered: 0
	Page size (bytes): 4096
	Exit status: 0
1b1d74aabadae53624554cffe132282f221b656cb02c4d5d0c1b2ea4d23bd435  output/generated/R753Point1BasisChunk03.lean
77c4eff1204852b867fab2bb4a1c5ce8dec2364fa59a06fa3aa51bbd0bb817eb  output/generated/R753Point1BasisChunk04.lean
369acf5ce92ff62cbc17ee76a9822b880d39f345890c7ca963e6984f8ffbaf9c  output/generated/R753Point1BasisChunk05.lean
00a16f7ecfc41c5b9d5b90db053dd6005886f4c22329ed34929f1cbffdf72991  output/generated/R753Point1BasisChunk06.lean
Finished with result: success
Main processes terminated with: code=exited/status=0
Service runtime: 519ms
CPU time consumed: 525ms
Memory peak: 324.0K
Memory swap peak: 0B
