{"accepted":false,"case":"honest","cu":1000000,"cu_limit":1000000,"custom_rejection":false,"error":"InstructionError(0, ProgramFailedToComplete)","heap_bytes":262144,"limit_class":"acceptance","logs":["Program 5oEzAP4izB65uRm2yDAEf9oALGwHpWkDfyKb8zBY3euC invoke [1]","Program log: R24:start","Program consumption: 960228 units remaining","Program log: R24:semantic-rounds","Program consumption: 772369 units remaining","Program log: R24:semantic-terminal","Program consumption: 362688 units remaining","Program log: R24:semantic","Program consumption: 362438 units remaining","Program log: R24:prepare","Program consumption: 245831 units remaining","Program log: R24:before-openings","Program consumption: 229291 units remaining","Program log: R24:opening-points","Program consumption: 160860 units remaining","Program 5oEzAP4izB65uRm2yDAEf9oALGwHpWkDfyKb8zBY3euC consumed 999944 of 1000000 compute units","Program 5oEzAP4izB65uRm2yDAEf9oALGwHpWkDfyKb8zBY3euC failed: exceeded CUs meter at BPF instruction"],"resource_failure":true,"scope":"R20 candidate verifier only; no settlement; security unproved","status":"resource_failure","unchanged_accounts":true}
{"accepted":false,"case":"bad-combined-final","cu":1000000,"cu_limit":1000000,"custom_rejection":false,"error":"InstructionError(0, ProgramFailedToComplete)","heap_bytes":262144,"limit_class":"acceptance","logs":["Program 5oEzAP4izB65uRm2yDAEf9oALGwHpWkDfyKb8zBY3euC invoke [1]","Program log: R24:start","Program consumption: 960228 units remaining","Program log: R24:semantic-rounds","Program consumption: 772369 units remaining","Program log: R24:semantic-terminal","Program consumption: 362688 units remaining","Program log: R24:semantic","Program consumption: 362438 units remaining","Program log: R24:prepare","Program consumption: 245831 units remaining","Program log: R24:before-openings","Program consumption: 229291 units remaining","Program log: R24:opening-points","Program consumption: 160843 units remaining","Program 5oEzAP4izB65uRm2yDAEf9oALGwHpWkDfyKb8zBY3euC consumed 999944 of 1000000 compute units","Program 5oEzAP4izB65uRm2yDAEf9oALGwHpWkDfyKb8zBY3euC failed: exceeded CUs meter at BPF instruction"],"resource_failure":true,"scope":"R20 candidate verifier only; no settlement; security unproved","status":"resource_failure","unchanged_accounts":true}
{"accepted":true,"case":"honest","cu":1860552,"cu_limit":100000000,"custom_rejection":false,"error":null,"heap_bytes":262144,"limit_class":"diagnostic","logs":["Program 5oEzAP4izB65uRm2yDAEf9oALGwHpWkDfyKb8zBY3euC invoke [1]","Program log: R24:start","Program consumption: 99960228 units remaining","Program log: R24:semantic-rounds","Program consumption: 99772369 units remaining","Program log: R24:semantic-terminal","Program consumption: 99362688 units remaining","Program log: R24:semantic","Program consumption: 99362438 units remaining","Program log: R24:prepare","Program consumption: 99245831 units remaining","Program log: R24:before-openings","Program consumption: 99229291 units remaining","Program log: R24:opening-points","Program consumption: 99160860 units remaining","Program log: R24:opening-records","Program consumption: 98874967 units remaining","Program log: R24:merkle","Program consumption: 98735454 units remaining","Program log: R24:after-openings","Program consumption: 98735200 units remaining","Program log: R24:query-tail","Program consumption: 98619318 units remaining","Program log: R24:ordinary","Program consumption: 98280554 units remaining","Program log: R24:terminal","Program consumption: 98139806 units remaining","Program log: R24:complete","Program consumption: 98139593 units remaining","Program 5oEzAP4izB65uRm2yDAEf9oALGwHpWkDfyKb8zBY3euC consumed 1860496 of 100000000 compute units","Program 5oEzAP4izB65uRm2yDAEf9oALGwHpWkDfyKb8zBY3euC success"],"resource_failure":false,"scope":"R20 candidate verifier only; no settlement; security unproved","status":"accepted","unchanged_accounts":true}
{"accepted":false,"case":"bad-combined-final","cu":1263633,"cu_limit":100000000,"custom_rejection":true,"error":"InstructionError(0, Custom(6))","heap_bytes":262144,"limit_class":"diagnostic","logs":["Program 5oEzAP4izB65uRm2yDAEf9oALGwHpWkDfyKb8zBY3euC invoke [1]","Program log: R24:start","Program consumption: 99960228 units remaining","Program log: R24:semantic-rounds","Program consumption: 99772369 units remaining","Program log: R24:semantic-terminal","Program consumption: 99362688 units remaining","Program log: R24:semantic","Program consumption: 99362438 units remaining","Program log: R24:prepare","Program consumption: 99245831 units remaining","Program log: R24:before-openings","Program consumption: 99229291 units remaining","Program log: R24:opening-points","Program consumption: 99160843 units remaining","Program log: R24:opening-records","Program consumption: 98874986 units remaining","Program log: R24:complete","Program consumption: 98736536 units remaining","Program 5oEzAP4izB65uRm2yDAEf9oALGwHpWkDfyKb8zBY3euC consumed 1263577 of 100000000 compute units","Program 5oEzAP4izB65uRm2yDAEf9oALGwHpWkDfyKb8zBY3euC failed: custom program error: 0x6"],"resource_failure":false,"scope":"R20 candidate verifier only; no settlement; security unproved","status":"custom_rejection","unchanged_accounts":true}
	Command being timed: "/home/dombarker/project-offloads/aspis-r20-svm-20260922-a/r20-svm-probe /home/dombarker/project-offloads/aspis-r20-profile-20260928-b/sbf-primary/aspis_v8_performance_sbf.so /home/dombarker/project-offloads/aspis-r19-channel-20260921-c/host-c/fixture-world0"
	User time (seconds): 0.03
	System time (seconds): 0.01
	Percent of CPU this job got: 97%
	Elapsed (wall clock) time (h:mm:ss or m:ss): 0:00.04
	Average shared text size (kbytes): 0
	Average unshared data size (kbytes): 0
	Average stack size (kbytes): 0
	Average total size (kbytes): 0
	Maximum resident set size (kbytes): 23084
	Average resident set size (kbytes): 0
	Major (requiring I/O) page faults: 0
	Minor (reclaiming a frame) page faults: 6585
	Voluntary context switches: 1
	Involuntary context switches: 1
	Swaps: 0
	File system inputs: 0
	File system outputs: 16
	Socket messages sent: 0
	Socket messages received: 0
	Signals delivered: 0
	Page size (bytes): 4096
	Exit status: 0
