info: r38_focused: no previous manifest, creating one from scratch
info: toolchain not updated; already up-to-date
'AspisR19.RootCertificate.root_step' depends on axioms: [propext, Classical.choice, Quot.sound]
'AspisR19.RootCertificate.root_append' depends on axioms: [propext, Classical.choice, Quot.sound]
'AspisR19.RootCertificate.shift_step' depends on axioms: [propext, Classical.choice, Quot.sound]
'AspisR19.RootCertificate.one_cell_preflight' depends on axioms: [propext, Classical.choice, Quot.sound]
	Command being timed: "/home/dombarker/.elan/bin/lake env lean -R /home/dombarker/project-offloads/aspis-r38-lean-src-20260929-a -o /home/dombarker/project-offloads/aspis-r38-lean-20260929-a/lib/AspisV8R19/RootCertificate.olean /home/dombarker/project-offloads/aspis-r38-lean-src-20260929-a/AspisV8R19/RootCertificate.lean"
	User time (seconds): 0.78
	System time (seconds): 0.32
	Percent of CPU this job got: 106%
	Elapsed (wall clock) time (h:mm:ss or m:ss): 0:01.03
	Average shared text size (kbytes): 0
	Average unshared data size (kbytes): 0
	Average stack size (kbytes): 0
	Average total size (kbytes): 0
	Maximum resident set size (kbytes): 2272364
	Average resident set size (kbytes): 0
	Major (requiring I/O) page faults: 18
	Minor (reclaiming a frame) page faults: 52213
	Voluntary context switches: 2550
	Involuntary context switches: 108
	Swaps: 0
	File system inputs: 4520
	File system outputs: 152
	Socket messages sent: 0
	Socket messages received: 0
	Signals delivered: 0
	Page size (bytes): 4096
	Exit status: 0
