Warning: Permanently added '100.108.41.90' (ED25519) to the list of known hosts.
Running as unit: aspis-focus-1791073609279456000.service; invocation ID: c45a7b6502964996aa20126ddf566ec9
/home/dombarker/project-offloads/aspis-r57-lean-src-20260929-a/AspisV8R19/R551FirstFourZeroBlock.lean:19:71: error(lean.synthInstanceFailed): failed to synthesize instance of type class
  OfNat (Fin modulus) 0
numerals are polymorphic in Lean, but the numeral `0` cannot be used in a context where the expected type is
  Fin modulus
due to the absence of the instance above

Hint: Type class instance resolution failures can be inspected with the `set_option trace.Meta.synthInstance true` command.
/home/dombarker/project-offloads/aspis-r57-lean-src-20260929-a/AspisV8R19/R551FirstFourZeroBlock.lean:36:6: error: omega could not prove the goal:
a possible counterexample may satisfy the constraints
  0 ≤ b ≤ 7
  4 ≤ a ≤ 7
  a - b ≥ 1
where
 a := ↑↑i
 b := ↑↑⟨4 + (↑i - 4), ⋯⟩
/home/dombarker/project-offloads/aspis-r57-lean-src-20260929-a/AspisV8R19/R551FirstFourZeroBlock.lean:40:6: error: Tactic `apply` failed: could not unify the conclusion of `congrArg p.1`
  p.1 ?m.181 = p.1 ?m.182
with the goal
  ((fun f => (fun j => f ⟨↑j, ⋯⟩, fun j => f ⟨4 + ↑j, ⋯⟩))
          ((fun p i => if h : ↑i < 4 then p.1 ⟨↑i, h⟩ else p.2 ⟨↑i - 4, ⋯⟩) p)).1
      j =
    p.1 j

Note: The full type of `congrArg p.1` is
  ?m.181 = ?m.182 → p.1 ?m.181 = p.1 ?m.182

case fst
A : Type
p : (Fin 4 → A) × (Fin 4 → A)
j : Fin 4
⊢ ((fun f => (fun j => f ⟨↑j, ⋯⟩, fun j => f ⟨4 + ↑j, ⋯⟩))
          ((fun p i => if h : ↑i < 4 then p.1 ⟨↑i, h⟩ else p.2 ⟨↑i - 4, ⋯⟩) p)).1
      j =
    p.1 j
/home/dombarker/project-offloads/aspis-r57-lean-src-20260929-a/AspisV8R19/R551FirstFourZeroBlock.lean:44:6: error: Tactic `apply` failed: could not unify the conclusion of `congrArg p.2`
  p.2 ?m.195 = p.2 ?m.196
with the goal
  ((fun f => (fun j => f ⟨↑j, ⋯⟩, fun j => f ⟨4 + ↑j, ⋯⟩))
          ((fun p i => if h : ↑i < 4 then p.1 ⟨↑i, h⟩ else p.2 ⟨↑i - 4, ⋯⟩) p)).2
      j =
    p.2 j

Note: The full type of `congrArg p.2` is
  ?m.195 = ?m.196 → p.2 ?m.195 = p.2 ?m.196

case snd
A : Type
p : (Fin 4 → A) × (Fin 4 → A)
j : Fin 4
⊢ ((fun f => (fun j => f ⟨↑j, ⋯⟩, fun j => f ⟨4 + ↑j, ⋯⟩))
          ((fun p i => if h : ↑i < 4 then p.1 ⟨↑i, h⟩ else p.2 ⟨↑i - 4, ⋯⟩) p)).2
      j =
    p.2 j
/home/dombarker/project-offloads/aspis-r57-lean-src-20260929-a/AspisV8R19/R551FirstFourZeroBlock.lean:52:61: error(lean.synthInstanceFailed): failed to synthesize instance of type class
  OfNat (Fin 4 → Fin modulus) 0
numerals are polymorphic in Lean, but the numeral `0` cannot be used in a context where the expected type is
  Fin 4 → Fin modulus
due to the absence of the instance above

Hint: Type class instance resolution failures can be inspected with the `set_option trace.Meta.synthInstance true` command.
/home/dombarker/project-offloads/aspis-r57-lean-src-20260929-a/AspisV8R19/R551FirstFourZeroBlock.lean:56:12: error: Function expected at
  h
but this term has type
  lowFourZero f

Note: Expected a function because this term is being applied to the argument
  j
/home/dombarker/project-offloads/aspis-r57-lean-src-20260929-a/AspisV8R19/R551FirstFourZeroBlock.lean:57:14: error: Tactic `introN` failed: There are no additional binders or `let` bindings in the goal to introduce

case mpr
f : Fin 4 → Fin modulus
h : f = 0
⊢ lowFourZero f
/home/dombarker/project-offloads/aspis-r57-lean-src-20260929-a/AspisV8R19/R551FirstFourZeroBlock.lean:60:67: error(lean.synthInstanceFailed): failed to synthesize instance of type class
  OfNat (Fin 4 → Fin modulus) 0
numerals are polymorphic in Lean, but the numeral `0` cannot be used in a context where the expected type is
  Fin 4 → Fin modulus
due to the absence of the instance above

Hint: Type class instance resolution failures can be inspected with the `set_option trace.Meta.synthInstance true` command.
/home/dombarker/project-offloads/aspis-r57-lean-src-20260929-a/AspisV8R19/R551FirstFourZeroBlock.lean:63:55: error(lean.unknownIdentifier): Unknown identifier `huniq`
/home/dombarker/project-offloads/aspis-r57-lean-src-20260929-a/AspisV8R19/R551FirstFourZeroBlock.lean:63:55: error(lean.unknownIdentifier): Unknown identifier `huniq`
/home/dombarker/project-offloads/aspis-r57-lean-src-20260929-a/AspisV8R19/R551FirstFourZeroBlock.lean:60:91: error: unsolved goals
case pos
f : Fin 4 → Fin modulus
h : lowFourZero f
⊢ f = 0

case neg
f : Fin 4 → Fin modulus
h : ¬lowFourZero f
⊢ ¬f = 0
/home/dombarker/project-offloads/aspis-r57-lean-src-20260929-a/AspisV8R19/R551FirstFourZeroBlock.lean:64:6: error(lean.unknownIdentifier): Unknown identifier `hcongr`
/home/dombarker/project-offloads/aspis-r57-lean-src-20260929-a/AspisV8R19/R551FirstFourZeroBlock.lean:50:33: error: unsolved goals
case refine_1.refine_1
⊢ (Fin 4 → Fin modulus) → OfNat (Fin 4 → Fin modulus) 0

case refine_1.refine_2
hcongr : (mean fun f => indicator (lowFourZero f)) = mean fun f => if f = 0 then 1 else 0
⊢ (Fin 4 → Fin modulus) → OfNat (Fin 4 → Fin modulus) 0

case refine_2
huniq : ∀ (f : Fin 4 → Fin modulus), lowFourZero f ↔ f = 0
⊢ (mean fun f => indicator (lowFourZero f)) = (1 / ↑modulus) ^ 4
/home/dombarker/project-offloads/aspis-r57-lean-src-20260929-a/AspisV8R19/R551FirstFourZeroBlock.lean:76:56: error(lean.synthInstanceFailed): failed to synthesize instance of type class
  OfNat (Fin modulus) 0
numerals are polymorphic in Lean, but the numeral `0` cannot be used in a context where the expected type is
  Fin modulus
due to the absence of the instance above

Hint: Type class instance resolution failures can be inspected with the `set_option trace.Meta.synthInstance true` command.
/home/dombarker/project-offloads/aspis-r57-lean-src-20260929-a/AspisV8R19/R551FirstFourZeroBlock.lean:92:15: error: maximum recursion depth has been reached
use `set_option maxRecDepth <num>` to increase limit
use `set_option diagnostics true` to get diagnostic information
/home/dombarker/project-offloads/aspis-r57-lean-src-20260929-a/AspisV8R19/R551FirstFourZeroBlock.lean:93:6: error(lean.unknownIdentifier): Unknown identifier `hblock`
/home/dombarker/project-offloads/aspis-r57-lean-src-20260929-a/AspisV8R19/R551FirstFourZeroBlock.lean:72:33: error: unsolved goals
case refine_1
⊢ (Fin 8 → Fin 2) × (Fin 8 → Fin modulus) → Fin 4 → OfNat (Fin modulus) 0

case refine_2
hblock : (mean fun block => indicator (firstFourZero block)) = mean fun p => indicator (∀ (j : Fin 4), p.2 ⟨↑j, ⋯⟩ = 0)
⊢ (mean fun block => indicator (firstFourZero block)) = (1 / ↑modulus) ^ 4
'AspisV8R19.R551FirstFourZeroBlock.splitFin8Four' depends on axioms: [propext, sorryAx, Quot.sound]
'AspisV8R19.R551FirstFourZeroBlock.lowFourZero_mean' depends on axioms: [propext, sorryAx, Classical.choice, Quot.sound]
'AspisV8R19.R551FirstFourZeroBlock.firstFourZero_mean' depends on axioms: [propext,
 sorryAx,
 Classical.choice,
 Quot.sound]
Command exited with non-zero status 1
	Command being timed: "/home/dombarker/.elan/bin/lake --dir /home/dombarker/project-offloads/aspis-r126-release-20260930-a/focus-workspace env lean -j1 -M4500 -R /home/dombarker/project-offloads/aspis-r57-lean-src-20260929-a -o /home/dombarker/project-offloads/aspis-r126-release-20260930-a/lib/AspisV8R19/R551FirstFourZeroBlock.olean /home/dombarker/project-offloads/aspis-r57-lean-src-20260929-a/AspisV8R19/R551FirstFourZeroBlock.lean"
	User time (seconds): 1.13
	System time (seconds): 0.33
	Percent of CPU this job got: 101%
	Elapsed (wall clock) time (h:mm:ss or m:ss): 0:01.44
	Average shared text size (kbytes): 0
	Average unshared data size (kbytes): 0
	Average stack size (kbytes): 0
	Average total size (kbytes): 0
	Maximum resident set size (kbytes): 3223376
	Average resident set size (kbytes): 0
	Major (requiring I/O) page faults: 0
	Minor (reclaiming a frame) page faults: 76942
	Voluntary context switches: 498
	Involuntary context switches: 60
	Swaps: 0
	File system inputs: 16
	File system outputs: 0
	Socket messages sent: 0
	Socket messages received: 0
	Signals delivered: 0
	Page size (bytes): 4096
	Exit status: 1
Finished with result: exit-code
Main processes terminated with: code=exited/status=1
Service runtime: 1.477s
CPU time consumed: 1.500s
Memory peak: 288.0K
Memory swap peak: 0B
