Warning: Permanently added '100.108.41.90' (ED25519) to the list of known hosts.
Running as unit: aspis-focus-1791075478124833000.service; invocation ID: e29e984def0644b7ad6bf79b173089c7
/home/dombarker/project-offloads/aspis-r57-lean-src-20260929-a/AspisV8R19/R551FirstFourZeroBlockV6.lean:45:6: error: No goals to be solved
/home/dombarker/project-offloads/aspis-r57-lean-src-20260929-a/AspisV8R19/R551FirstFourZeroBlockV6.lean:47:55: error: omega could not prove the goal:
a possible counterexample may satisfy the constraints
  0 ≤ a ≤ 3
where
 a := ↑↑j
/home/dombarker/project-offloads/aspis-r57-lean-src-20260929-a/AspisV8R19/R551FirstFourZeroBlockV6.lean:56:41: error(lean.synthInstanceFailed): failed to synthesize instance of type class
  Decidable (lowFourZero f)

Hint: Type class instance resolution failures can be inspected with the `set_option trace.Meta.synthInstance true` command.
/home/dombarker/project-offloads/aspis-r57-lean-src-20260929-a/AspisV8R19/R551FirstFourZeroBlockV6.lean:56:106: error: unsolved goals
this : Nonempty (Fin 4 → Fin modulus)
hu : ∀ (f : Fin 4 → Fin modulus), lowFourZero f ↔ f = zeroFn4
⊢ Fin 4 → Fin modulus
/home/dombarker/project-offloads/aspis-r57-lean-src-20260929-a/AspisV8R19/R551FirstFourZeroBlockV6.lean:70:31: error(lean.synthInstanceFailed): failed to synthesize instance of type class
  Decidable (firstFourZero block)

Hint: Type class instance resolution failures can be inspected with the `set_option trace.Meta.synthInstance true` command.
/home/dombarker/project-offloads/aspis-r57-lean-src-20260929-a/AspisV8R19/R551FirstFourZeroBlockV6.lean:76:4: error: Tactic `apply` failed: could not unify the conclusion of `@congrArg`
  ?f ?a₁ = ?f ?a₂
with the goal
  (if firstFourZero block then 1 else 0) = if firstFourListZero (words 31 block) then 1 else 0

Note: The full type of `@congrArg` is
  ∀ {α : Sort ?u.40} {β : Sort ?u.39} {a₁ a₂ : α} (f : α → β), a₁ = a₂ → f a₁ = f a₂

block : State
⊢ (if firstFourZero block then 1 else 0) = if firstFourListZero (words 31 block) then 1 else 0
'AspisV8R19.R551FirstFourZeroBlockV6.mean_singleton' depends on axioms: [propext, Classical.choice, Quot.sound]
'AspisV8R19.R551FirstFourZeroBlockV6.splitFin8Four' depends on axioms: [propext, sorryAx, Quot.sound]
'AspisV8R19.R551FirstFourZeroBlockV6.lowFourZero_mean' depends on axioms: [propext,
 sorryAx,
 Classical.choice,
 Quot.sound]
'AspisV8R19.R551FirstFourZeroBlockV6.firstFourZero_mean' depends on axioms: [propext,
 sorryAx,
 Classical.choice,
 Quot.sound]
Command exited with non-zero status 1
	Command being timed: "/home/dombarker/.elan/bin/lake --dir /home/dombarker/project-offloads/aspis-r126-release-20260930-a/focus-workspace env lean -j1 -M4500 -R /home/dombarker/project-offloads/aspis-r57-lean-src-20260929-a -o /home/dombarker/project-offloads/aspis-r126-release-20260930-a/lib/AspisV8R19/R551FirstFourZeroBlockV6.olean /home/dombarker/project-offloads/aspis-r57-lean-src-20260929-a/AspisV8R19/R551FirstFourZeroBlockV6.lean"
	User time (seconds): 1.06
	System time (seconds): 0.31
	Percent of CPU this job got: 100%
	Elapsed (wall clock) time (h:mm:ss or m:ss): 0:01.37
	Average shared text size (kbytes): 0
	Average unshared data size (kbytes): 0
	Average stack size (kbytes): 0
	Average total size (kbytes): 0
	Maximum resident set size (kbytes): 3231752
	Average resident set size (kbytes): 0
	Major (requiring I/O) page faults: 0
	Minor (reclaiming a frame) page faults: 76582
	Voluntary context switches: 907
	Involuntary context switches: 67
	Swaps: 0
	File system inputs: 0
	File system outputs: 0
	Socket messages sent: 0
	Socket messages received: 0
	Signals delivered: 0
	Page size (bytes): 4096
	Exit status: 1
Finished with result: exit-code
Main processes terminated with: code=exited/status=1
Service runtime: 1.403s
CPU time consumed: 1.412s
Memory peak: 328.0K
Memory swap peak: 0B
