Warning: Permanently added '100.108.41.90' (ED25519) to the list of known hosts.
Running as unit: aspis-focus-1791073191038232000.service; invocation ID: 01ba4479e1f240c19921a30a721d4563
/home/dombarker/project-offloads/aspis-r57-lean-src-20260929-a/AspisV8R19/R551FirstFourZeroBlock.lean:28:4: error: unsolved goals
case neg
A : Type
f : Fin 8 → A
i : Fin 8
h : ¬↑i < 4
⊢ f ⟨4 + (↑i - 4), ⋯⟩ = f i
/home/dombarker/project-offloads/aspis-r57-lean-src-20260929-a/AspisV8R19/R551FirstFourZeroBlock.lean:32:12: warning: This simp argument is unused:
  Fin.ext_iff

Hint: Omit it from the simp argument list.
  simp ̵[̵F̵i̵n̵.̵e̵x̵t̵_̵i̵f̵f̵]̵

Note: This linter can be disabled with `set_option linter.unusedSimpArgs false`
/home/dombarker/project-offloads/aspis-r57-lean-src-20260929-a/AspisV8R19/R551FirstFourZeroBlock.lean:34:12: warning: This simp argument is unused:
  Fin.ext_iff

Hint: Omit it from the simp argument list.
  simp ̵[̵F̵i̵n̵.̵e̵x̵t̵_̵i̵f̵f̵]̵

Note: This linter can be disabled with `set_option linter.unusedSimpArgs false`
/home/dombarker/project-offloads/aspis-r57-lean-src-20260929-a/AspisV8R19/R551FirstFourZeroBlock.lean:41:6: error(lean.synthInstanceFailed): failed to synthesize instance of type class
  Decidable (lowFourZero f)

Hint: Type class instance resolution failures can be inspected with the `set_option trace.Meta.synthInstance true` command.
/home/dombarker/project-offloads/aspis-r57-lean-src-20260929-a/AspisV8R19/R551FirstFourZeroBlock.lean:49:6: warning: try 'simp' instead of 'simpa'

Note: This linter can be disabled with `set_option linter.unnecessarySimpa false`
/home/dombarker/project-offloads/aspis-r57-lean-src-20260929-a/AspisV8R19/R551FirstFourZeroBlock.lean:57:22: error: unsolved goals
hone : ∀ (f : Fin 4 → Fin (2 ^ 31)), lowFourZero f ↔ f = 0
hsum : (∑ f, if f = 0 then 1 else 0) = 1
hcard : Fintype.card (Fin 4 → Fin (2 ^ 31)) = (2 ^ 31) ^ 4
⊢ 21267647932558653966460912964485513216 = (2 ^ 31) ^ 4
/home/dombarker/project-offloads/aspis-r57-lean-src-20260929-a/AspisV8R19/R551FirstFourZeroBlock.lean:55:10: warning: This simp argument is unused:
  Fintype.card_fun

Hint: Omit it from the simp argument list.
  simp ̵[̵F̵i̵n̵t̵y̵p̵e̵.̵c̵a̵r̵d̵_̵f̵u̵n̵]̵

Note: This linter can be disabled with `set_option linter.unusedSimpArgs false`
/home/dombarker/project-offloads/aspis-r57-lean-src-20260929-a/AspisV8R19/R551FirstFourZeroBlock.lean:68:6: error(lean.synthInstanceFailed): failed to synthesize instance of type class
  Decidable (firstFourZero block)

Hint: Type class instance resolution failures can be inspected with the `set_option trace.Meta.synthInstance true` command.
/home/dombarker/project-offloads/aspis-r57-lean-src-20260929-a/AspisV8R19/R551FirstFourZeroBlock.lean:71:6: error(lean.synthInstanceFailed): failed to synthesize instance of type class
  Decidable (firstFourZero block)

Hint: Type class instance resolution failures can be inspected with the `set_option trace.Meta.synthInstance true` command.
/home/dombarker/project-offloads/aspis-r57-lean-src-20260929-a/AspisV8R19/R551FirstFourZeroBlock.lean:82:18: error: Tactic `rewrite` failed: Did not find an occurrence of the pattern
  mean fun p => ?f p.1 p.2
in the target expression
  (mean fun p => if ∀ (j : Fin 4), p.2 ⟨↑j, ⋯⟩ = 0 then 1 else 0) = (1 / 2 ^ 31) ^ 4

htransport : (mean fun block => sorry) = mean fun p => if ∀ (j : Fin 4), p.2 ⟨↑j, ⋯⟩ = 0 then 1 else 0
⊢ (mean fun p => if ∀ (j : Fin 4), p.2 ⟨↑j, ⋯⟩ = 0 then 1 else 0) = (1 / 2 ^ 31) ^ 4
'AspisV8R19.R551FirstFourZeroBlock.splitFin8Four' depends on axioms: [propext, sorryAx, Classical.choice, Quot.sound]
'AspisV8R19.R551FirstFourZeroBlock.lowFourZero_mean' depends on axioms: [propext, sorryAx, Classical.choice, Quot.sound]
'AspisV8R19.R551FirstFourZeroBlock.firstFourZero_mean' depends on axioms: [propext,
 sorryAx,
 Classical.choice,
 Quot.sound]
Command exited with non-zero status 1
	Command being timed: "/home/dombarker/.elan/bin/lake --dir /home/dombarker/project-offloads/aspis-r126-release-20260930-a/focus-workspace env lean -j1 -M4500 -R /home/dombarker/project-offloads/aspis-r57-lean-src-20260929-a -o /home/dombarker/project-offloads/aspis-r126-release-20260930-a/lib/AspisV8R19/R551FirstFourZeroBlock.olean /home/dombarker/project-offloads/aspis-r57-lean-src-20260929-a/AspisV8R19/R551FirstFourZeroBlock.lean"
	User time (seconds): 1.07
	System time (seconds): 0.34
	Percent of CPU this job got: 100%
	Elapsed (wall clock) time (h:mm:ss or m:ss): 0:01.40
	Average shared text size (kbytes): 0
	Average unshared data size (kbytes): 0
	Average stack size (kbytes): 0
	Average total size (kbytes): 0
	Maximum resident set size (kbytes): 3223544
	Average resident set size (kbytes): 0
	Major (requiring I/O) page faults: 0
	Minor (reclaiming a frame) page faults: 76580
	Voluntary context switches: 542
	Involuntary context switches: 68
	Swaps: 0
	File system inputs: 32
	File system outputs: 0
	Socket messages sent: 0
	Socket messages received: 0
	Signals delivered: 0
	Page size (bytes): 4096
	Exit status: 1
Finished with result: exit-code
Main processes terminated with: code=exited/status=1
Service runtime: 1.431s
CPU time consumed: 1.443s
Memory peak: 288.0K
Memory swap peak: 0B
