Warning: Permanently added '100.108.41.90' (ED25519) to the list of known hosts.
Running as unit: aspis-focus-1791157912425997000-e4f762e96000.service; invocation ID: 7cc3a56c5a9440e88c97a6d921575aa0
'AspisV8R19.R811SourceLowerZeroChunk32.rowFlat128_lower_zero' depends on axioms: [propext, Classical.choice, Quot.sound]
'AspisV8R19.R811SourceLowerZeroChunk32.rowFlat129_lower_zero' depends on axioms: [propext, Classical.choice, Quot.sound]
'AspisV8R19.R811SourceLowerZeroChunk32.rowFlat141_lower_zero' depends on axioms: [propext, Classical.choice, Quot.sound]
'AspisV8R19.R811SourceLowerZeroChunk32.rowFlat139_lower_zero' depends on axioms: [propext, Classical.choice, Quot.sound]
	Command being timed: "/home/dombarker/.elan/bin/lake --dir /home/dombarker/project-offloads/aspis-r126-release-20260930-a/focus-workspace env lean -j1 -M4500 -R /home/dombarker/project-offloads/aspis-r57-lean-src-20260929-a -o /home/dombarker/project-offloads/aspis-r126-release-20260930-a/lib/AspisV8R19/R811SourceLowerZeroChunk32.olean /home/dombarker/project-offloads/aspis-r57-lean-src-20260929-a/AspisV8R19/R811SourceLowerZeroChunk32.lean"
	User time (seconds): 13.48
	System time (seconds): 0.58
	Percent of CPU this job got: 100%
	Elapsed (wall clock) time (h:mm:ss or m:ss): 0:14.06
	Average shared text size (kbytes): 0
	Average unshared data size (kbytes): 0
	Average stack size (kbytes): 0
	Average total size (kbytes): 0
	Maximum resident set size (kbytes): 3849560
	Average resident set size (kbytes): 0
	Major (requiring I/O) page faults: 0
	Minor (reclaiming a frame) page faults: 163400
	Voluntary context switches: 425
	Involuntary context switches: 140
	Swaps: 0
	File system inputs: 0
	File system outputs: 136
	Socket messages sent: 0
	Socket messages received: 0
	Signals delivered: 0
	Page size (bytes): 4096
	Exit status: 0
Finished with result: success
Main processes terminated with: code=exited/status=0
Service runtime: 14.091s
CPU time consumed: 14.092s
Memory peak: 328.0K
Memory swap peak: 0B
