Warning: Permanently added '100.108.41.90' (ED25519) to the list of known hosts.
Running as unit: aspis-focus-1791053265661583000.service; invocation ID: e94067abc8e24afcbae1921cc828ffe8
/home/dombarker/project-offloads/aspis-r57-lean-src-20260929-a/AspisV8R19/R513SourceDegenerateRoots.lean:18:2: error: unsolved goals
case pos
F : Type u_1
inst✝¹ : Field F
inst✝ : NeZero 2
t : Fin 22 → F
d : Fin 32
hd : 22 ≤ ↑d
hz : remainder (List.ofFn t) d ↑d = 0
⊢ 1 =
    1 -
      remainder
        [t 0, t 1, t 2, t 3, t 4, t 5, t 6, t 7, t 8, t 9, t 10, t 11, t 12, t 13, t 14, t 15, t 16, t 17, t 18, t 19,
          t 20, t 21]
        d ↑d
/home/dombarker/project-offloads/aspis-r57-lean-src-20260929-a/AspisV8R19/R513SourceDegenerateRoots.lean:20:70: warning: This simp argument is unused:
  hz

Hint: Omit it from the simp argument list.
  simp [NormalizationLoopBridge.finished, DescendingRemainder.unit,̵ ̵h̵z̵]

Note: This linter can be disabled with `set_option linter.unusedSimpArgs false`
/home/dombarker/project-offloads/aspis-r57-lean-src-20260929-a/AspisV8R19/R513SourceDegenerateRoots.lean:28:6: error(lean.unknownIdentifier): Unknown identifier `naturalLineValue`
/home/dombarker/project-offloads/aspis-r57-lean-src-20260929-a/AspisV8R19/R513SourceDegenerateRoots.lean:31:8: error(lean.synthInstanceFailed): failed to synthesize instance of type class
  Field ℕ

Hint: Type class instance resolution failures can be inspected with the `set_option trace.Meta.synthInstance true` command.
/home/dombarker/project-offloads/aspis-r57-lean-src-20260929-a/AspisV8R19/R513SourceDegenerateRoots.lean:31:53: error: unsolved goals
F : Type u_1
inst✝¹ : Field F
inst✝ : NeZero 2
t : Fin 22 → F
d : Fin 32
hd : 22 ≤ ↑d
j : Fin 22
i : Fin 32
⊢ (if ↑i = ↑d then 1 else 0) = if ↑i = ↑d then 1 else 0
/home/dombarker/project-offloads/aspis-r57-lean-src-20260929-a/AspisV8R19/R513SourceDegenerateRoots.lean:34:13: error(lean.unknownIdentifier): Unknown identifier `hunitval`
/home/dombarker/project-offloads/aspis-r57-lean-src-20260929-a/AspisV8R19/R513SourceDegenerateRoots.lean:34:13: error: `simp` made no progress
/home/dombarker/project-offloads/aspis-r57-lean-src-20260929-a/AspisV8R19/R513SourceDegenerateRoots.lean:44:6: error(lean.unknownIdentifier): Unknown identifier `naturalLineValue`
/home/dombarker/project-offloads/aspis-r57-lean-src-20260929-a/AspisV8R19/R513SourceDegenerateRoots.lean:49:6: error: Tactic `apply` failed: could not unify the conclusion of `@congrArg`
  ?f ?a₁ = ?f ?a₂
with the goal
  evaluate (finished (List.ofFn t) d) (t j) = evaluate (fun i => unit ↑d ↑i - remainder (List.ofFn t) d ↑i) (t j)

Note: The full type of `@congrArg` is
  ∀ {α : Sort ?u.106} {β : Sort ?u.105} {a₁ a₂ : α} (f : α → β), a₁ = a₂ → f a₁ = f a₂

F : Type u_1
inst✝¹ : Field F
inst✝ : NeZero 2
t : Fin 22 → F
d : Fin 32
hd : 22 ≤ ↑d
j : Fin 22
hunit : evaluate (fun i => unit ↑d ↑i) (t j) = sorry
hrem :
  ∑ i, AspisCircleTensorBinding.naturalLineValue (t j) ↑i * remainder (List.ofFn t) d ↑i =
    AspisCircleTensorBinding.naturalLineValue (t j) ↑d
hrem_eval : evaluate (fun i => remainder (List.ofFn t) d ↑i) (t j) = sorry
⊢ evaluate (finished (List.ofFn t) d) (t j) = evaluate (fun i => unit ↑d ↑i - remainder (List.ofFn t) d ↑i) (t j)
/home/dombarker/project-offloads/aspis-r57-lean-src-20260929-a/AspisV8R19/R513SourceDegenerateRoots.lean:63:22: error(lean.unknownIdentifier): Unknown identifier `slotFactor`
/home/dombarker/project-offloads/aspis-r57-lean-src-20260929-a/AspisV8R19/R513SourceDegenerateRoots.lean:64:40: error(lean.unknownIdentifier): Unknown identifier `naturalLineValue`
/home/dombarker/project-offloads/aspis-r57-lean-src-20260929-a/AspisV8R19/R513SourceDegenerateRoots.lean:70:8: error(lean.unknownIdentifier): Unknown identifier `slotFactor`
/home/dombarker/project-offloads/aspis-r57-lean-src-20260929-a/AspisV8R19/R513SourceDegenerateRoots.lean:71:55: error: unsolved goals
F : Type u_1
inst✝¹ : Field F
inst✝ : NeZero 2
t : Fin 22 → F
alpha : F
d : Fin 32
s k : Fin 4
hs : s ≠ 0
j : Fin 22
⊢ ∑ i, sorry * (finished (List.ofFn t) d i * sorry) =
    ∑ i, sorry * (finished (List.ofFn t) d i * AspisCircleTensorBinding.naturalLineValue (t j) ↑i)
/home/dombarker/project-offloads/aspis-r57-lean-src-20260929-a/AspisV8R19/R513SourceDegenerateRoots.lean:75:6: error: omega could not prove the goal:
a possible counterexample may satisfy the constraints
  1 ≤ b ≤ 3
  0 ≤ a ≤ 21
where
 a := ↑↑d
 b := ↑↑s
/home/dombarker/project-offloads/aspis-r57-lean-src-20260929-a/AspisV8R19/R513SourceDegenerateRoots.lean:88:24: warning: 'omega' tactic does nothing

Note: This linter can be disabled with `set_option linter.unusedTactic false`
/home/dombarker/project-offloads/aspis-r57-lean-src-20260929-a/AspisV8R19/R513SourceDegenerateRoots.lean:88:24: warning: this tactic is never executed

Note: This linter can be disabled with `set_option linter.unreachableTactic false`
'AspisR19.R513SourceDegenerateRoots.finished_eq_unit_sub' depends on axioms: [propext,
 sorryAx,
 Classical.choice,
 Quot.sound]
'AspisR19.R513SourceDegenerateRoots.finished_evaluate_root_zero' depends on axioms: [propext,
 sorryAx,
 Classical.choice,
 Quot.sound]
'AspisR19.R513SourceDegenerateRoots.source_quotient_slot_evaluate_root_zero' depends on axioms: [propext,
 sorryAx,
 Classical.choice,
 Quot.sound]
'AspisR19.R513SourceDegenerateRoots.selected_column_slot_root_zero' depends on axioms: [propext,
 sorryAx,
 Classical.choice,
 Quot.sound]
Command exited with non-zero status 1
	Command being timed: "/home/dombarker/.elan/bin/lake --dir /home/dombarker/project-offloads/aspis-r126-release-20260930-a/focus-workspace env lean -j1 -M4500 -R /home/dombarker/project-offloads/aspis-r57-lean-src-20260929-a -o /home/dombarker/project-offloads/aspis-r126-release-20260930-a/lib/AspisV8R19/R513SourceDegenerateRoots.olean /home/dombarker/project-offloads/aspis-r57-lean-src-20260929-a/AspisV8R19/R513SourceDegenerateRoots.lean"
	User time (seconds): 0.92
	System time (seconds): 0.23
	Percent of CPU this job got: 101%
	Elapsed (wall clock) time (h:mm:ss or m:ss): 0:01.13
	Average shared text size (kbytes): 0
	Average unshared data size (kbytes): 0
	Average stack size (kbytes): 0
	Average total size (kbytes): 0
	Maximum resident set size (kbytes): 2289032
	Average resident set size (kbytes): 0
	Major (requiring I/O) page faults: 0
	Minor (reclaiming a frame) page faults: 53476
	Voluntary context switches: 596
	Involuntary context switches: 53
	Swaps: 0
	File system inputs: 0
	File system outputs: 0
	Socket messages sent: 0
	Socket messages received: 0
	Signals delivered: 0
	Page size (bytes): 4096
	Exit status: 1
Finished with result: exit-code
Main processes terminated with: code=exited/status=1
Service runtime: 1.169s
CPU time consumed: 1.190s
Memory peak: 256.0K
Memory swap peak: 0B
