Warning: Permanently added '100.108.41.90' (ED25519) to the list of known hosts.
Running as unit: aspis-focus-1791053466621626000.service; invocation ID: 8429e887f1424b6b84795dca3a6bbd36
'AspisR19.R513SourceDegenerateRoots.selected_source_evaluate_root_zero' depends on axioms: [propext,
 Classical.choice,
 Quot.sound]
'AspisR19.R513SourceDegenerateRoots.selected_mask_root_zero' depends on axioms: [propext, Classical.choice, Quot.sound]
'AspisR19.R513SourceDegenerateRoots.selected_mask_fibre_zero' depends on axioms: [propext, Classical.choice, Quot.sound]
'AspisR19.R513SourceDegenerateRoots.finished_eq_unit_sub' depends on axioms: [propext, Classical.choice, Quot.sound]
'AspisR19.R513SourceDegenerateRoots.finished_evaluate_root_zero' depends on axioms: [propext,
 Classical.choice,
 Quot.sound]
'AspisR19.R513SourceDegenerateRoots.source_quotient_slot_evaluate_root_zero' depends on axioms: [propext,
 Classical.choice,
 Quot.sound]
'AspisR19.R513SourceDegenerateRoots.selected_column_slot_root_zero' depends on axioms: [propext,
 Classical.choice,
 Quot.sound]
	Command being timed: "/home/dombarker/.elan/bin/lake --dir /home/dombarker/project-offloads/aspis-r126-release-20260930-a/focus-workspace env lean -j1 -M4500 -R /home/dombarker/project-offloads/aspis-r57-lean-src-20260929-a -o /home/dombarker/project-offloads/aspis-r126-release-20260930-a/lib/AspisV8R19/R513SourceDegenerateRoots.olean /home/dombarker/project-offloads/aspis-r57-lean-src-20260929-a/AspisV8R19/R513SourceDegenerateRoots.lean"
	User time (seconds): 0.98
	System time (seconds): 0.25
	Percent of CPU this job got: 100%
	Elapsed (wall clock) time (h:mm:ss or m:ss): 0:01.23
	Average shared text size (kbytes): 0
	Average unshared data size (kbytes): 0
	Average stack size (kbytes): 0
	Average total size (kbytes): 0
	Maximum resident set size (kbytes): 2307564
	Average resident set size (kbytes): 0
	Major (requiring I/O) page faults: 0
	Minor (reclaiming a frame) page faults: 53523
	Voluntary context switches: 832
	Involuntary context switches: 45
	Swaps: 0
	File system inputs: 0
	File system outputs: 552
	Socket messages sent: 0
	Socket messages received: 0
	Signals delivered: 0
	Page size (bytes): 4096
	Exit status: 0
Finished with result: success
Main processes terminated with: code=exited/status=0
Service runtime: 1.257s
CPU time consumed: 1.261s
Memory peak: 256.0K
Memory swap peak: 0B
