/home/dombarker/project-offloads/aspis-r21-tools-20260922-a/R26SchoolbookDot.lean:24:61: error(lean.unknownIdentifier): Unknown constant `Finset.mul_sum`
/home/dombarker/project-offloads/aspis-r21-tools-20260922-a/R26SchoolbookDot.lean:23:60: error: unsolved goals
F : Type u_1
inst✝ : CommRing F
ι : Type u_2
s : Finset ι
a b c d e f : ι → F
⊢ ∑ x ∈ s, a x + ∑ x ∈ s, 2 * b x - ∑ x ∈ s, c x - ∑ x ∈ s, 2 * d x - ∑ x ∈ s, e x - ∑ x ∈ s, f x =
    ∑ x ∈ s, a x + 2 * ∑ i ∈ s, b i - ∑ x ∈ s, c x - 2 * ∑ i ∈ s, d i - ∑ x ∈ s, e x - ∑ x ∈ s, f x
'R26SchoolbookDot.tower_product' depends on axioms: [propext, Quot.sound]
'R26SchoolbookDot.commute_sum' depends on axioms: [propext, sorryAx, Quot.sound]
'R26SchoolbookDot.numeric_bounds' depends on axioms: [propext, Classical.choice, Quot.sound]
Command exited with non-zero status 1
	Command being timed: "/home/dombarker/.elan/bin/lake env lean /home/dombarker/project-offloads/aspis-r21-tools-20260922-a/R26SchoolbookDot.lean"
	User time (seconds): 1.02
	System time (seconds): 0.50
	Percent of CPU this job got: 104%
	Elapsed (wall clock) time (h:mm:ss or m:ss): 0:01.45
	Average shared text size (kbytes): 0
	Average unshared data size (kbytes): 0
	Average stack size (kbytes): 0
	Average total size (kbytes): 0
	Maximum resident set size (kbytes): 1719352
	Average resident set size (kbytes): 0
	Major (requiring I/O) page faults: 144
	Minor (reclaiming a frame) page faults: 68018
	Voluntary context switches: 1736
	Involuntary context switches: 68
	Swaps: 0
	File system inputs: 11600
	File system outputs: 8
	Socket messages sent: 0
	Socket messages received: 0
	Signals delivered: 0
	Page size (bytes): 4096
	Exit status: 1
