'AspisV8Completion.FSOptionBranch.some_branch' does not depend on any axioms
'AspisV8Completion.FSOptionBranch.none_branch' does not depend on any axioms
        2.09 real         0.16 user         0.28 sys
           667516928  maximum resident set size
                   0  average shared memory size
                   0  average unshared data size
                   0  average unshared stack size
               31397  page reclaims
               15262  page faults
                   0  swaps
                   0  block input operations
                   0  block output operations
                   0  messages sent
                   0  messages received
                   0  signals received
                3679  voluntary context switches
               12007  involuntary context switches
           313296917  instructions retired
           117353277  cycles elapsed
            11485880  peak memory footprint
