Warning: Permanently added '100.108.41.90' (ED25519) to the list of known hosts.
Running as unit: aspis-focus-1791145324300583000.service; invocation ID: ed34093228e1499e882bcb586cc0c09b
'AspisV8R19.R748GatherLoop06.loop474' depends on axioms: [propext]
'AspisV8R19.R748GatherLoop06.loop475' depends on axioms: [propext]
'AspisV8R19.R748GatherLoop06.loop476' depends on axioms: [propext]
'AspisV8R19.R748GatherLoop06.loop477' depends on axioms: [propext]
'AspisV8R19.R748GatherLoop06.loop478' depends on axioms: [propext]
'AspisV8R19.R748GatherLoop06.loop479' depends on axioms: [propext]
'AspisV8R19.R748GatherLoop06.loop480' depends on axioms: [propext]
'AspisV8R19.R748GatherLoop06.loop481' depends on axioms: [propext]
'AspisV8R19.R748GatherLoop06.loop482' depends on axioms: [propext]
'AspisV8R19.R748GatherLoop06.loop483' depends on axioms: [propext]
'AspisV8R19.R748GatherLoop06.loop484' depends on axioms: [propext]
'AspisV8R19.R748GatherLoop06.loop485' depends on axioms: [propext]
'AspisV8R19.R748GatherLoop06.loop486' depends on axioms: [propext]
'AspisV8R19.R748GatherLoop06.loop487' depends on axioms: [propext]
'AspisV8R19.R748GatherLoop06.loop488' depends on axioms: [propext]
'AspisV8R19.R748GatherLoop06.loop489' depends on axioms: [propext]
'AspisV8R19.R748GatherLoop06.loop490' depends on axioms: [propext]
'AspisV8R19.R748GatherLoop06.loop491' depends on axioms: [propext]
'AspisV8R19.R748GatherLoop06.loop492' depends on axioms: [propext]
'AspisV8R19.R748GatherLoop06.loop493' depends on axioms: [propext]
'AspisV8R19.R748GatherLoop06.loop494' depends on axioms: [propext]
'AspisV8R19.R748GatherLoop06.loop495' depends on axioms: [propext]
'AspisV8R19.R748GatherLoop06.loop496' depends on axioms: [propext]
'AspisV8R19.R748GatherLoop06.loop497' depends on axioms: [propext]
'AspisV8R19.R748GatherLoop06.loop498' depends on axioms: [propext]
'AspisV8R19.R748GatherLoop06.loop499' depends on axioms: [propext]
'AspisV8R19.R748GatherLoop06.loop500' depends on axioms: [propext]
'AspisV8R19.R748GatherLoop06.loop501' depends on axioms: [propext]
'AspisV8R19.R748GatherLoop06.loop502' depends on axioms: [propext]
'AspisV8R19.R748GatherLoop06.loop503' depends on axioms: [propext]
'AspisV8R19.R748GatherLoop06.loop504' depends on axioms: [propext]
'AspisV8R19.R748GatherLoop06.loop505' depends on axioms: [propext]
	Command being timed: "/home/dombarker/.elan/bin/lake --dir /home/dombarker/project-offloads/aspis-r126-release-20260930-a/focus-workspace env lean -j1 -M4500 -R /home/dombarker/project-offloads/aspis-r57-lean-src-20260929-a -o /home/dombarker/project-offloads/aspis-r126-release-20260930-a/lib/AspisV8R19/R748GatherLoop06.olean /home/dombarker/project-offloads/aspis-r57-lean-src-20260929-a/AspisV8R19/R748GatherLoop06.lean"
	User time (seconds): 1.13
	System time (seconds): 0.31
	Percent of CPU this job got: 100%
	Elapsed (wall clock) time (h:mm:ss or m:ss): 0:01.44
	Average shared text size (kbytes): 0
	Average unshared data size (kbytes): 0
	Average stack size (kbytes): 0
	Average total size (kbytes): 0
	Maximum resident set size (kbytes): 3295204
	Average resident set size (kbytes): 0
	Major (requiring I/O) page faults: 0
	Minor (reclaiming a frame) page faults: 77249
	Voluntary context switches: 1311
	Involuntary context switches: 57
	Swaps: 0
	File system inputs: 0
	File system outputs: 88
	Socket messages sent: 0
	Socket messages received: 0
	Signals delivered: 0
	Page size (bytes): 4096
	Exit status: 0
Finished with result: success
Main processes terminated with: code=exited/status=0
Service runtime: 1.484s
CPU time consumed: 1.489s
Memory peak: 552.0K
Memory swap peak: 0B
