R34_LOW_FACTOR source_weights=216 old_minor=169 vector_equalities=13312 residual_equalities=221 algebra_probes=299 det_scale=half^269 full_privacy=false
	Command being timed: "/home/dombarker/project-offloads/aspis-r34-factor-20260929-a/check-a/r34-low-factor /home/dombarker/project-offloads/aspis-r34-factor-20260929-a/world1-prefix.bin /home/dombarker/project-offloads/aspis-r34-factor-20260929-a/world1-minor.bin /home/dombarker/project-offloads/aspis-r34-factor-20260929-a/check-a/world1"
	User time (seconds): 0.05
	System time (seconds): 0.00
	Percent of CPU this job got: 100%
	Elapsed (wall clock) time (h:mm:ss or m:ss): 0:00.06
	Average shared text size (kbytes): 0
	Average unshared data size (kbytes): 0
	Average stack size (kbytes): 0
	Average total size (kbytes): 0
	Maximum resident set size (kbytes): 2640
	Average resident set size (kbytes): 0
	Major (requiring I/O) page faults: 0
	Minor (reclaiming a frame) page faults: 314
	Voluntary context switches: 1
	Involuntary context switches: 2
	Swaps: 0
	File system inputs: 0
	File system outputs: 16
	Socket messages sent: 0
	Socket messages received: 0
	Signals delivered: 0
	Page size (bytes): 4096
	Exit status: 0
