Warning: Permanently added '100.108.41.90' (ED25519) to the list of known hosts.
Running as unit: aspis-focus-1791015676872682000.service; invocation ID: 9dfb00d3b4d34cd7b34574932e017ff2
/home/dombarker/project-offloads/aspis-r57-lean-src-20260929-a/AspisV8R19/R447SourceInitialBlockLaw.lean:28:10: error: Tactic `rewrite` failed: Did not find an occurrence of the pattern
  sentinelScan ?m.67 (List.map Fin.val ?ws)
in the target expression
  sentinelScan modulus (List.map Fin.val (List.ofFn (splitBlock31Equiv block).2)) =
    Option.map Fin.val (initialBlockResult block)

block : State
hm : (List.ofFn fun j => ↑((splitBlock31Equiv block).2 j)) = List.map Fin.val (List.ofFn (splitBlock31Equiv block).2)
⊢ sentinelScan modulus (List.map Fin.val (List.ofFn (splitBlock31Equiv block).2)) =
    Option.map Fin.val (initialBlockResult block)
'AspisV8R19.R447SourceInitialBlockLaw.sourceScan_sentinel' depends on axioms: [propext]
'AspisV8R19.R447SourceInitialBlockLaw.initial_scan_value' depends on axioms: [propext,
 sorryAx,
 Classical.choice,
 Quot.sound]
'AspisV8R19.R447SourceInitialBlockLaw.actual_initial_limb_value' depends on axioms: [propext,
 sorryAx,
 Classical.choice,
 Quot.sound]
'AspisV8R19.R447SourceInitialBlockLaw.actual_initial_limb_failure' depends on axioms: [propext,
 sorryAx,
 Classical.choice,
 Quot.sound]
'AspisV8R19.R447SourceInitialBlockLaw.mapped_eq_some' depends on axioms: [propext]
'AspisV8R19.R447SourceInitialBlockLaw.actual_initial_limb_mass' depends on axioms: [propext,
 sorryAx,
 Classical.choice,
 Quot.sound]
Command exited with non-zero status 1
	Command being timed: "/home/dombarker/.elan/bin/lake --dir /home/dombarker/project-offloads/aspis-r126-release-20260930-a/focus-workspace env lean -j1 -M4500 -R /home/dombarker/project-offloads/aspis-r57-lean-src-20260929-a -o /home/dombarker/project-offloads/aspis-r126-release-20260930-a/lib/AspisV8R19/R447SourceInitialBlockLaw.olean /home/dombarker/project-offloads/aspis-r57-lean-src-20260929-a/AspisV8R19/R447SourceInitialBlockLaw.lean"
	User time (seconds): 1.02
	System time (seconds): 0.33
	Percent of CPU this job got: 100%
	Elapsed (wall clock) time (h:mm:ss or m:ss): 0:01.35
	Average shared text size (kbytes): 0
	Average unshared data size (kbytes): 0
	Average stack size (kbytes): 0
	Average total size (kbytes): 0
	Maximum resident set size (kbytes): 3215200
	Average resident set size (kbytes): 0
	Major (requiring I/O) page faults: 0
	Minor (reclaiming a frame) page faults: 76605
	Voluntary context switches: 552
	Involuntary context switches: 50
	Swaps: 0
	File system inputs: 0
	File system outputs: 0
	Socket messages sent: 0
	Socket messages received: 0
	Signals delivered: 0
	Page size (bytes): 4096
	Exit status: 1
Finished with result: exit-code
Main processes terminated with: code=exited/status=1
Service runtime: 1.392s
CPU time consumed: 1.398s
Memory peak: 256.0K
Memory swap peak: 0B
