Warning: Permanently added '100.108.41.90' (ED25519) to the list of known hosts.
Running as unit: aspis-focus-1791162937443289000-d8042c1fcf77.service; invocation ID: da08a78ba74245fd8fd323482535efb8
/home/dombarker/project-offloads/aspis-r57-lean-src-20260929-a/AspisV8R19/R851FullOrdinaryMoment.lean:62:97: error: unexpected token ':='; expected 'by' or 'from'
/home/dombarker/project-offloads/aspis-r57-lean-src-20260929-a/AspisV8R19/R851FullOrdinaryMoment.lean:57:6: error: unsolved goals
F : Type u_1
inst✝¹ : Field F
inst✝ : NeZero 2
half a b c kappa tau : F
z : Fin 10 → F
q : Index256 → F
hTop : ∀ (r : ℕ), 1020 ≤ r → rawFlatten q r = 0
hflat : rawFlatten q = flattenFull q
hpoint :
  ∀ (p : Fin 3),
    rangeDot 1024 (pointWeight half a b c (SourceStatementPoints.points z p)) (rawFlatten q) =
      sourcePointFunctional (SourceStatementPoints.points z p) (rawMask half a b c q)
hmarker : ∀ r < 1024, sourceChordTranspose half marker a b c r * rawFlatten q r = 0
hupdate : ∀ (n r : ℕ), r < 1024 → 1020 ≤ n → (if r = n then 1 else 0) * rawFlatten q r = 0
⊢ ∑ i ∈ Finset.range 1024, rawOrdinaryWeight half a b c kappa tau z i * rawFlatten q i =
    ∑ i ∈ Finset.range 1024,
      (kappa * pointWeight half a b c (SourceStatementPoints.points z 0) i +
            kappa ^ 2 * pointWeight half a b c (SourceStatementPoints.points z 1) i +
          kappa ^ 3 * pointWeight half a b c (SourceStatementPoints.points z 2) i) *
        rawFlatten q i
/home/dombarker/project-offloads/aspis-r57-lean-src-20260929-a/AspisV8R19/R851FullOrdinaryMoment.lean:33:34: error: unsolved goals
F : Type u_1
inst✝¹ : Field F
inst✝ : NeZero 2
half a b c kappa tau : F
z : Fin 10 → F
q : Index256 → F
hTop : ∀ (r : ℕ), 1020 ≤ r → rawFlatten q r = 0
hflat : rawFlatten q = flattenFull q
hpoint :
  ∀ (p : Fin 3),
    rangeDot 1024 (pointWeight half a b c (SourceStatementPoints.points z p)) (rawFlatten q) =
      sourcePointFunctional (SourceStatementPoints.points z p) (rawMask half a b c q)
hmarker : ∀ r < 1024, sourceChordTranspose half marker a b c r * rawFlatten q r = 0
hupdate : ∀ (n r : ℕ), r < 1024 → 1020 ≤ n → (if r = n then 1 else 0) * rawFlatten q r = 0
⊢ ∑ i ∈ Finset.range 1024,
      (kappa * pointWeight half a b c (SourceStatementPoints.points z 0) i +
            kappa ^ 2 * pointWeight half a b c (SourceStatementPoints.points z 1) i +
          kappa ^ 3 * pointWeight half a b c (SourceStatementPoints.points z 2) i) *
        rawFlatten q i =
    kappa * sourcePointFunctional (SourceStatementPoints.points z 0) (rawMask half a b c q) +
        kappa ^ 2 * sourcePointFunctional (SourceStatementPoints.points z 1) (rawMask half a b c q) +
      kappa ^ 3 * sourcePointFunctional (SourceStatementPoints.points z 2) (rawMask half a b c q)
'AspisV8R19.R851FullOrdinaryMoment.ordinary_moment_of_top_zero' depends on axioms: [propext,
 sorryAx,
 Classical.choice,
 Quot.sound]
Command exited with non-zero status 1
	Command being timed: "/home/dombarker/.elan/bin/lake --dir /home/dombarker/project-offloads/aspis-r126-release-20260930-a/focus-workspace env lean -j1 -M4500 -R /home/dombarker/project-offloads/aspis-r57-lean-src-20260929-a -o /home/dombarker/project-offloads/aspis-r126-release-20260930-a/lib/AspisV8R19/R851FullOrdinaryMoment.olean /home/dombarker/project-offloads/aspis-r57-lean-src-20260929-a/AspisV8R19/R851FullOrdinaryMoment.lean"
	User time (seconds): 1.07
	System time (seconds): 0.36
	Percent of CPU this job got: 100%
	Elapsed (wall clock) time (h:mm:ss or m:ss): 0:01.42
	Average shared text size (kbytes): 0
	Average unshared data size (kbytes): 0
	Average stack size (kbytes): 0
	Average total size (kbytes): 0
	Maximum resident set size (kbytes): 3291140
	Average resident set size (kbytes): 0
	Major (requiring I/O) page faults: 1
	Minor (reclaiming a frame) page faults: 77417
	Voluntary context switches: 458
	Involuntary context switches: 53
	Swaps: 0
	File system inputs: 256
	File system outputs: 0
	Socket messages sent: 0
	Socket messages received: 0
	Signals delivered: 0
	Page size (bytes): 4096
	Exit status: 1
Finished with result: exit-code
Main processes terminated with: code=exited/status=1
Service runtime: 1.460s
CPU time consumed: 1.471s
Memory peak: 256.0K
Memory swap peak: 0B
