Warning: Permanently added '100.108.41.90' (ED25519) to the list of known hosts.
Running as unit: aspis-focus-1791145111752985000.service; invocation ID: 5b65013b050244d18ada30818d4e475a
'AspisR19.R759Point1TransportLeaves.transport_leaf_0096' depends on axioms: [propext, Classical.choice, Quot.sound]
'AspisR19.R759Point1TransportLeaves.transport_leaf_0097' depends on axioms: [propext, Classical.choice, Quot.sound]
'AspisR19.R759Point1TransportLeaves.transport_leaf_0098' depends on axioms: [propext, Classical.choice, Quot.sound]
'AspisR19.R759Point1TransportLeaves.transport_leaf_0099' depends on axioms: [propext, Classical.choice, Quot.sound]
'AspisR19.R759Point1TransportLeaves.transport_leaf_0100' depends on axioms: [propext, Classical.choice, Quot.sound]
'AspisR19.R759Point1TransportLeaves.transport_leaf_0101' depends on axioms: [propext, Classical.choice, Quot.sound]
'AspisR19.R759Point1TransportLeaves.transport_leaf_0102' depends on axioms: [propext, Classical.choice, Quot.sound]
'AspisR19.R759Point1TransportLeaves.transport_leaf_0105' depends on axioms: [propext, Classical.choice, Quot.sound]
'AspisR19.R759Point1TransportLeaves.transport_leaf_0106' depends on axioms: [propext, Classical.choice, Quot.sound]
'AspisR19.R759Point1TransportLeaves.transport_leaf_0108' depends on axioms: [propext, Classical.choice, Quot.sound]
'AspisR19.R759Point1TransportLeaves.transport_leaf_0109' depends on axioms: [propext, Classical.choice, Quot.sound]
'AspisR19.R759Point1TransportLeaves.transport_leaf_0110' depends on axioms: [propext, Classical.choice, Quot.sound]
'AspisR19.R759Point1TransportLeaves.transport_leaf_0111' depends on axioms: [propext, Classical.choice, Quot.sound]
'AspisR19.R759Point1TransportLeaves.transport_leaf_0112' depends on axioms: [propext, Classical.choice, Quot.sound]
'AspisR19.R759Point1TransportLeaves.transport_leaf_0113' depends on axioms: [propext, Classical.choice, Quot.sound]
'AspisR19.R759Point1TransportLeaves.transport_leaf_0114' depends on axioms: [propext, Classical.choice, Quot.sound]
'AspisR19.R759Point1TransportLeaves.transport_leaf_0115' depends on axioms: [propext, Classical.choice, Quot.sound]
'AspisR19.R759Point1TransportLeaves.transport_leaf_0116' depends on axioms: [propext, Classical.choice, Quot.sound]
'AspisR19.R759Point1TransportLeaves.transport_leaf_0117' depends on axioms: [propext, Classical.choice, Quot.sound]
'AspisR19.R759Point1TransportLeaves.transport_leaf_0118' depends on axioms: [propext, Classical.choice, Quot.sound]
'AspisR19.R759Point1TransportLeaves.transport_leaf_0119' depends on axioms: [propext, Classical.choice, Quot.sound]
'AspisR19.R759Point1TransportLeaves.transport_leaf_0120' depends on axioms: [propext, Classical.choice, Quot.sound]
'AspisR19.R759Point1TransportLeaves.transport_leaf_0121' depends on axioms: [propext, Classical.choice, Quot.sound]
'AspisR19.R759Point1TransportLeaves.transport_leaf_0122' depends on axioms: [propext, Classical.choice, Quot.sound]
'AspisR19.R759Point1TransportLeaves.transport_leaf_0123' depends on axioms: [propext, Classical.choice, Quot.sound]
'AspisR19.R759Point1TransportLeaves.transport_leaf_0124' depends on axioms: [propext, Classical.choice, Quot.sound]
'AspisR19.R759Point1TransportLeaves.transport_leaf_0125' depends on axioms: [propext, Classical.choice, Quot.sound]
'AspisR19.R759Point1TransportLeaves.transport_leaf_0126' depends on axioms: [propext, Classical.choice, Quot.sound]
'AspisR19.R759Point1TransportLeaves.transport_leaf_0127' depends on axioms: [propext, Classical.choice, Quot.sound]
'AspisR19.R759Point1TransportLeaves.transport_leaf_0224' depends on axioms: [propext, Classical.choice, Quot.sound]
'AspisR19.R759Point1TransportLeaves.transport_leaf_0225' depends on axioms: [propext, Classical.choice, Quot.sound]
'AspisR19.R759Point1TransportLeaves.transport_leaf_0226' depends on axioms: [propext, Classical.choice, Quot.sound]
	Command being timed: "/home/dombarker/.elan/bin/lake --dir /home/dombarker/project-offloads/aspis-r126-release-20260930-a/focus-workspace env lean -j1 -M4500 -R /home/dombarker/project-offloads/aspis-r57-lean-src-20260929-a -o /home/dombarker/project-offloads/aspis-r126-release-20260930-a/lib/AspisV8R19/R759Point1TransportChunk00.olean /home/dombarker/project-offloads/aspis-r57-lean-src-20260929-a/AspisV8R19/R759Point1TransportChunk00.lean"
	User time (seconds): 2.25
	System time (seconds): 0.36
	Percent of CPU this job got: 100%
	Elapsed (wall clock) time (h:mm:ss or m:ss): 0:02.59
	Average shared text size (kbytes): 0
	Average unshared data size (kbytes): 0
	Average stack size (kbytes): 0
	Average total size (kbytes): 0
	Maximum resident set size (kbytes): 3328284
	Average resident set size (kbytes): 0
	Major (requiring I/O) page faults: 0
	Minor (reclaiming a frame) page faults: 78248
	Voluntary context switches: 1749
	Involuntary context switches: 78
	Swaps: 0
	File system inputs: 0
	File system outputs: 688
	Socket messages sent: 0
	Socket messages received: 0
	Signals delivered: 0
	Page size (bytes): 4096
	Exit status: 0
Finished with result: success
Main processes terminated with: code=exited/status=0
Service runtime: 2.633s
CPU time consumed: 2.652s
Memory peak: 328.0K
Memory swap peak: 0B
