Running as unit: aspis-complete-semantic-boundary-transfer-13-1-wrong-release-1788935940-3917759.scope; invocation ID: 0ff25f640b184c20b0c2a41dfcdb5381
pair-forest Registry V2 wrong-release PASS: 33230 CU, 845 TxV1 bytes
asr2_fixture=/home/dombarker/project-offloads/aspis-v8-performance-20260908.scS2Jz/semantic-boundary-ordinary-v1/transfer-13-1-wrong-release.asr2.bin
ase2_fixture=/home/dombarker/project-offloads/aspis-v8-performance-20260908.scS2Jz/semantic-boundary-ordinary-v1/transfer-13-1-wrong-release.ase2.bin
evidence=/home/dombarker/project-offloads/aspis-v8-performance-20260908.scS2Jz/semantic-boundary-ordinary-v1/transfer-13-1-wrong-release.json
	Command being timed: "env NO_DNA=1 ASPIS_MATCHED_V7=0 /home/dombarker/project-offloads/aspis-v8-performance-20260908.scS2Jz/docs/research/v8-no-work-100-20260907/experiments/performance-svm/target/release/aspis-v7-pair-forest-combined-rejection /home/dombarker/project-offloads/aspis-v8-performance-20260908.scS2Jz/sbf-pool-zero-fast/aspis_pool.so /home/dombarker/project-offloads/aspis-v8-performance-20260908.scS2Jz/sbf-complete-semantic-boundary/aspis_v8_complete_sbf.so /home/dombarker/project-offloads/aspis-v8-performance-20260908.scS2Jz/sbf-selected-registry/aspis_registry.so /home/dombarker/project-offloads/aspis-v8-performance-20260908.scS2Jz/sbf-complete/aspis_pair_forest_result_double.so /home/dombarker/project-offloads/aspis-v8-performance-20260908.scS2Jz/semantic-boundary-ordinary-v1/transfer-13-1-wrong-release.json /home/dombarker/project-offloads/aspis-v8-performance-20260908.scS2Jz/complete-transfer-13-v1/proofs/proof-1.bin wrong-release 1400000 asq8 13 transfer"
	User time (seconds): 0.02
	System time (seconds): 0.01
	Percent of CPU this job got: 100%
	Elapsed (wall clock) time (h:mm:ss or m:ss): 0:00.03
	Average shared text size (kbytes): 0
	Average unshared data size (kbytes): 0
	Average stack size (kbytes): 0
	Average total size (kbytes): 0
	Maximum resident set size (kbytes): 29616
	Average resident set size (kbytes): 0
	Major (requiring I/O) page faults: 0
	Minor (reclaiming a frame) page faults: 6987
	Voluntary context switches: 1
	Involuntary context switches: 1
	Swaps: 0
	File system inputs: 0
	File system outputs: 48
	Socket messages sent: 0
	Socket messages received: 0
	Signals delivered: 0
	Page size (bytes): 4096
	Exit status: 0
