Warning: Permanently added '100.108.41.90' (ED25519) to the list of known hosts.
Running as unit: aspis-focus-1791167160310755000-35f0eadc05e6.service; invocation ID: 5fad0cb9510f4e288a9a93ca7b50fa5e
/home/dombarker/project-offloads/aspis-r57-lean-src-20260929-a/AspisV8R19/R869NormalizedSemanticCoins.lean:81:31: warning: This simp argument is unused:
  Pi.sub_apply

Hint: Omit it from the simp argument list.
  simp only [indexedDirection, P̵i̵.̵s̵u̵b̵_̵a̵p̵p̵l̵y̵,̵ ̵sub_mul, Finset.sum_sub_distrib]

Note: This linter can be disabled with `set_option linter.unusedSimpArgs false`
/home/dombarker/project-offloads/aspis-r57-lean-src-20260929-a/AspisV8R19/R869NormalizedSemanticCoins.lean:91:76: error(lean.unknownIdentifier): Unknown identifier `rw`
/home/dombarker/project-offloads/aspis-r57-lean-src-20260929-a/AspisV8R19/R869NormalizedSemanticCoins.lean:93:2: error: unexpected token 'have'; expected command
'AspisV8R19.R869NormalizedSemanticCoins.actualCoin_contraction' depends on axioms: [propext,
 Classical.choice,
 Quot.sound]
'AspisV8R19.R869NormalizedSemanticCoins.normalized_pair_contraction' depends on axioms: [propext,
 Classical.choice,
 Quot.sound]
'AspisV8R19.R869NormalizedSemanticCoins.actualCoin_indexedDirection_contraction' depends on axioms: [propext,
 Classical.choice,
 Quot.sound]
'AspisV8R19.R869NormalizedSemanticCoins.actualCoin_normalizedPair' depends on axioms: [propext,
 sorryAx,
 Classical.choice,
 Quot.sound]
'AspisV8R19.R869NormalizedSemanticCoins.weighted_actualCoin_normalizedPair' depends on axioms: [propext,
 sorryAx,
 Classical.choice,
 Quot.sound]
Command exited with non-zero status 1
	Command being timed: "/home/dombarker/.elan/bin/lake --dir /home/dombarker/project-offloads/aspis-r126-release-20260930-a/focus-workspace env lean -j1 -M4500 -R /home/dombarker/project-offloads/aspis-r57-lean-src-20260929-a -o /home/dombarker/project-offloads/aspis-r126-release-20260930-a/lib/AspisV8R19/R869NormalizedSemanticCoins.olean /home/dombarker/project-offloads/aspis-r57-lean-src-20260929-a/AspisV8R19/R869NormalizedSemanticCoins.lean"
	User time (seconds): 1.12
	System time (seconds): 0.37
	Percent of CPU this job got: 100%
	Elapsed (wall clock) time (h:mm:ss or m:ss): 0:01.49
	Average shared text size (kbytes): 0
	Average unshared data size (kbytes): 0
	Average stack size (kbytes): 0
	Average total size (kbytes): 0
	Maximum resident set size (kbytes): 3289720
	Average resident set size (kbytes): 0
	Major (requiring I/O) page faults: 0
	Minor (reclaiming a frame) page faults: 77971
	Voluntary context switches: 725
	Involuntary context switches: 70
	Swaps: 0
	File system inputs: 0
	File system outputs: 0
	Socket messages sent: 0
	Socket messages received: 0
	Signals delivered: 0
	Page size (bytes): 4096
	Exit status: 1
Finished with result: exit-code
Main processes terminated with: code=exited/status=1
Service runtime: 1.516s
CPU time consumed: 1.520s
Memory peak: 328.0K
Memory swap peak: 0B
