Warning: Permanently added '100.108.41.90' (ED25519) to the list of known hosts.
Running as unit: aspis-focus-1791167063261995000-809090b21915.service; invocation ID: 8c804f63d5064e8bbdeccfa447ea3834
/home/dombarker/project-offloads/aspis-r57-lean-src-20260929-a/AspisV8R19/R869NormalizedSemanticCoins.lean:25:48: error: Ambiguous term
  Index256
Possible interpretations:
  R743JointSparseEntryBinding.Index256 : Type
  
  R738JointObservationModel.Index256 : Type
/home/dombarker/project-offloads/aspis-r57-lean-src-20260929-a/AspisV8R19/R869NormalizedSemanticCoins.lean:31:53: error: Ambiguous term
  Index256
Possible interpretations:
  R743JointSparseEntryBinding.Index256 : Type
  
  R738JointObservationModel.Index256 : Type
/home/dombarker/project-offloads/aspis-r57-lean-src-20260929-a/AspisV8R19/R869NormalizedSemanticCoins.lean:34:38: error(lean.unknownIdentifier): Unknown identifier `fullMask`
/home/dombarker/project-offloads/aspis-r57-lean-src-20260929-a/AspisV8R19/R869NormalizedSemanticCoins.lean:34:48: warning: This simp argument is unused:
  R562.inverseChordMessage

Hint: Omit it from the simp argument list.
  simp only [actualCoin, indexedMask, fullMask, R̵5̵6̵2̵.̵i̵n̵v̵e̵r̵s̵e̵C̵h̵o̵r̵d̵M̵e̵s̵s̵a̵g̵e̵,̵inverseTransport,
      if_neg (TwoSwapSourceG.coin_not_pivot i), Equiv.symm_apply_apply]

Note: This linter can be disabled with `set_option linter.unusedSimpArgs false`
/home/dombarker/project-offloads/aspis-r57-lean-src-20260929-a/AspisV8R19/R869NormalizedSemanticCoins.lean:35:4: warning: This simp argument is unused:
  inverseTransport

Hint: Omit it from the simp argument list.
  simp only [actualCoin, indexedMask, fullMask, R562.inverseChordMessage,
      in̵v̵e̵r̵s̵e̵T̵r̵a̵n̵s̵p̵o̵r̵t̵,̵ ̵i̵f_neg (TwoSwapSourceG.coin_not_pivot i), Equiv.symm_apply_apply]

Note: This linter can be disabled with `set_option linter.unusedSimpArgs false`
/home/dombarker/project-offloads/aspis-r57-lean-src-20260929-a/AspisV8R19/R869NormalizedSemanticCoins.lean:35:22: warning: This simp argument is unused:
  if_neg (TwoSwapSourceG.coin_not_pivot i)

Hint: Omit it from the simp argument list.
  simp only [actualCoin, indexedMask, fullMask, R562.inverseChordMessage, inverseTransport,
  ̲  ̲ ̲ ̲i̵f̵_̵n̵e̵g̵ ̵(̵T̵w̵o̵S̵w̵a̵p̵S̵o̵u̵r̵c̵e̵G̵.̵c̵o̵i̵n̵_̵n̵o̵t̵_̵p̵i̵v̵o̵t̵ ̵i̵)̵,̵ ̵Equiv.symm_apply_apply]

Note: This linter can be disabled with `set_option linter.unusedSimpArgs false`
/home/dombarker/project-offloads/aspis-r57-lean-src-20260929-a/AspisV8R19/R869NormalizedSemanticCoins.lean:35:64: warning: This simp argument is unused:
  Equiv.symm_apply_apply

Hint: Omit it from the simp argument list.
  simp only [actualCoin, indexedMask, fullMask, R562.inverseChordMessage, inverseTransport,
  ̲  ̲ ̲ ̲if_neg (TwoSwapSourceG.coin_not_pivot i̵)̵,̵ ̵E̵q̵u̵i̵v̵.̵s̵y̵m̵m̵_̵a̵p̵p̵l̵y̵_̵a̵p̵p̵l̵y̵]̵i̲)̲]̲

Note: This linter can be disabled with `set_option linter.unusedSimpArgs false`
/home/dombarker/project-offloads/aspis-r57-lean-src-20260929-a/AspisV8R19/R869NormalizedSemanticCoins.lean:50:35: error: Ambiguous term
  Index256
Possible interpretations:
  R743JointSparseEntryBinding.Index256 : Type
  
  R738JointObservationModel.Index256 : Type
/home/dombarker/project-offloads/aspis-r57-lean-src-20260929-a/AspisV8R19/R869NormalizedSemanticCoins.lean:55:20: error(lean.unknownIdentifier): Unknown identifier `low`

Note: It is not possible to treat `low` as an implicitly bound variable here because the `autoImplicit` option is set to `false`.
/home/dombarker/project-offloads/aspis-r57-lean-src-20260929-a/AspisV8R19/R869NormalizedSemanticCoins.lean:53:13: error: Invalid `⟨...⟩` notation: The expected type of this term could not be determined
/home/dombarker/project-offloads/aspis-r57-lean-src-20260929-a/AspisV8R19/R869NormalizedSemanticCoins.lean:54:14: error: Invalid `⟨...⟩` notation: The expected type of this term could not be determined
/home/dombarker/project-offloads/aspis-r57-lean-src-20260929-a/AspisV8R19/R869NormalizedSemanticCoins.lean:56:13: error: Invalid `⟨...⟩` notation: The expected type of this term could not be determined
/home/dombarker/project-offloads/aspis-r57-lean-src-20260929-a/AspisV8R19/R869NormalizedSemanticCoins.lean:56:30: error: Invalid `⟨...⟩` notation: The expected type of this term could not be determined
/home/dombarker/project-offloads/aspis-r57-lean-src-20260929-a/AspisV8R19/R869NormalizedSemanticCoins.lean:57:29: error: Invalid `⟨...⟩` notation: The expected type of this term could not be determined
/home/dombarker/project-offloads/aspis-r57-lean-src-20260929-a/AspisV8R19/R869NormalizedSemanticCoins.lean:58:14: error: Invalid `⟨...⟩` notation: The expected type of this term could not be determined
/home/dombarker/project-offloads/aspis-r57-lean-src-20260929-a/AspisV8R19/R869NormalizedSemanticCoins.lean:61:7: error(lean.unknownIdentifier): Unknown identifier `normalized`
/home/dombarker/project-offloads/aspis-r57-lean-src-20260929-a/AspisV8R19/R869NormalizedSemanticCoins.lean:61:37: error(lean.unknownIdentifier): Unknown identifier `indexedPair`
/home/dombarker/project-offloads/aspis-r57-lean-src-20260929-a/AspisV8R19/R869NormalizedSemanticCoins.lean:62:21: error(lean.unknownIdentifier): Unknown identifier `normalized`
/home/dombarker/project-offloads/aspis-r57-lean-src-20260929-a/AspisV8R19/R869NormalizedSemanticCoins.lean:63:25: error(lean.unknownIdentifier): Unknown identifier `indexedPair`
/home/dombarker/project-offloads/aspis-r57-lean-src-20260929-a/AspisV8R19/R869NormalizedSemanticCoins.lean:58:65: error: unsolved goals
F : Type u_1
inst✝¹ : Field F
inst✝ : NeZero 2
alpha : F
t : Fin 22 → F
ht : Function.Injective t
noneOne : ∀ (i : Fin 22), t i ≠ 1
d : Fin 256
s : Fin 3
w : sorry → F
⊢ ∑ i,
      ∑ slot,
        R739AugmentedQuery256.normalized t ht noneOne d (i, slot).1 *
            R741SparseCoefficientObservation.indexedPair alpha (i, slot).1 s (i, slot) *
          w sorry =
    w sorry - alpha ^ (↑s + 1) * w sorry - (w sorry - alpha ^ (↑s + 1) * w sorry) -
      ∑ j, sorry * (w sorry - alpha ^ (↑s + 1) * w sorry - (w sorry - alpha ^ (↑s + 1) * w sorry))
/home/dombarker/project-offloads/aspis-r57-lean-src-20260929-a/AspisV8R19/R869NormalizedSemanticCoins.lean:77:32: error(lean.unknownIdentifier): Unknown identifier `cast255`

Note: It is not possible to treat `cast255` as an implicitly bound variable here because the `autoImplicit` option is set to `false`.
/home/dombarker/project-offloads/aspis-r57-lean-src-20260929-a/AspisV8R19/R869NormalizedSemanticCoins.lean:78:49: error(lean.unknownIdentifier): Unknown identifier `cast255`

Note: It is not possible to treat `cast255` as an implicitly bound variable here because the `autoImplicit` option is set to `false`.
/home/dombarker/project-offloads/aspis-r57-lean-src-20260929-a/AspisV8R19/R869NormalizedSemanticCoins.lean:77:42: error: Invalid `⟨...⟩` notation: The expected type of this term could not be determined
/home/dombarker/project-offloads/aspis-r57-lean-src-20260929-a/AspisV8R19/R869NormalizedSemanticCoins.lean:79:34: error: Invalid `⟨...⟩` notation: The expected type of this term could not be determined
/home/dombarker/project-offloads/aspis-r57-lean-src-20260929-a/AspisV8R19/R869NormalizedSemanticCoins.lean:91:42: error(lean.unknownIdentifier): Unknown identifier `cast255`

Note: It is not possible to treat `cast255` as an implicitly bound variable here because the `autoImplicit` option is set to `false`.
/home/dombarker/project-offloads/aspis-r57-lean-src-20260929-a/AspisV8R19/R869NormalizedSemanticCoins.lean:109:42: error(lean.unknownIdentifier): Unknown identifier `cast255`

Note: It is not possible to treat `cast255` as an implicitly bound variable here because the `autoImplicit` option is set to `false`.
'AspisV8R19.R869NormalizedSemanticCoins.actualCoin_contraction' depends on axioms: [propext,
 sorryAx,
 Classical.choice,
 Quot.sound]
'AspisV8R19.R869NormalizedSemanticCoins.normalized_pair_contraction' depends on axioms: [propext,
 sorryAx,
 Classical.choice,
 Quot.sound]
'AspisV8R19.R869NormalizedSemanticCoins.actualCoin_indexedDirection_contraction' depends on axioms: [propext,
 sorryAx,
 Classical.choice,
 Quot.sound]
'AspisV8R19.R869NormalizedSemanticCoins.actualCoin_normalizedPair' depends on axioms: [propext,
 sorryAx,
 Classical.choice,
 Quot.sound]
'AspisV8R19.R869NormalizedSemanticCoins.weighted_actualCoin_normalizedPair' depends on axioms: [propext,
 sorryAx,
 Classical.choice,
 Quot.sound]
Command exited with non-zero status 1
	Command being timed: "/home/dombarker/.elan/bin/lake --dir /home/dombarker/project-offloads/aspis-r126-release-20260930-a/focus-workspace env lean -j1 -M4500 -R /home/dombarker/project-offloads/aspis-r57-lean-src-20260929-a -o /home/dombarker/project-offloads/aspis-r126-release-20260930-a/lib/AspisV8R19/R869NormalizedSemanticCoins.olean /home/dombarker/project-offloads/aspis-r57-lean-src-20260929-a/AspisV8R19/R869NormalizedSemanticCoins.lean"
	User time (seconds): 1.15
	System time (seconds): 0.37
	Percent of CPU this job got: 101%
	Elapsed (wall clock) time (h:mm:ss or m:ss): 0:01.50
	Average shared text size (kbytes): 0
	Average unshared data size (kbytes): 0
	Average stack size (kbytes): 0
	Average total size (kbytes): 0
	Maximum resident set size (kbytes): 3288400
	Average resident set size (kbytes): 0
	Major (requiring I/O) page faults: 0
	Minor (reclaiming a frame) page faults: 77900
	Voluntary context switches: 637
	Involuntary context switches: 61
	Swaps: 0
	File system inputs: 0
	File system outputs: 0
	Socket messages sent: 0
	Socket messages received: 0
	Signals delivered: 0
	Page size (bytes): 4096
	Exit status: 1
Finished with result: exit-code
Main processes terminated with: code=exited/status=1
Service runtime: 1.540s
CPU time consumed: 1.558s
Memory peak: 328.0K
Memory swap peak: 0B
