'AspisV8Completion.SameBodyOODSourcePrimitives.exact_point_coordinates' depends on axioms: [propext,
 Classical.choice,
 Quot.sound]
'AspisV8Completion.SameBodyOODSourcePrimitives.decodePoint_coordinates' depends on axioms: [propext,
 Classical.choice,
 Quot.sound]
'AspisV8Completion.SameBodyOODSourcePrimitives.successfulCircle_coordinates' depends on axioms: [propext,
 Classical.choice,
 Quot.sound]
'AspisV8Completion.SameBodyOODSourcePrimitives.successfulDistinct_coordinates' depends on axioms: [propext,
 Classical.choice,
 Quot.sound]
'AspisV8Completion.SameBodyOODSourcePrimitives.answerIndex_eq_oodIndex' depends on axioms: [propext, Quot.sound]
'AspisV8Completion.SameBodyOODSourcePrimitives.answerRows_eq_ordinaryOOD' depends on axioms: [propext,
 Classical.choice,
 Quot.sound]
	Command being timed: "/home/dombarker/.elan/bin/lean -j1 -M8192 -o /tmp/SameBodyOODSourcePrimitives.olean SameBodyOODSourcePrimitives.lean"
	User time (seconds): 1.90
	System time (seconds): 0.92
	Percent of CPU this job got: 99%
	Elapsed (wall clock) time (h:mm:ss or m:ss): 0:02.83
	Average shared text size (kbytes): 0
	Average unshared data size (kbytes): 0
	Average stack size (kbytes): 0
	Average total size (kbytes): 0
	Maximum resident set size (kbytes): 6612604
	Average resident set size (kbytes): 0
	Major (requiring I/O) pac98dedc9dfb1271f8adc59bc99ed30837616a68f273dd7ba184bf0f80d147d63  SameBodyOODSourcePrimitives.lean
f6249b916fd88b0d95dfc23671fb8629dc6a6358833475353dc7ea65a3cabc6d  /tmp/SameBodyOODSourcePrimitives.olean
ge faults: 0
	Minor (reclaiming a frame) page faults: 140969
	Voluntary context switches: 228
	Involuntary context switches: 146
	Swaps: 0
	File system inputs: 0
	File system outputs: 200
	Socket messages sent: 0
	Socket messages received: 0
	Signals delivered: 0
	Page size (bytes): 4096
	Exit status: 0
