Warning: Permanently added '100.108.41.90' (ED25519) to the list of known hosts.
Running as unit: aspis-focus-1790913347970054000.service; invocation ID: 0e22a3f639ff4588aba39d2f6e3603de
/home/dombarker/project-offloads/aspis-r57-lean-src-20260929-a/AspisV8R19/R260PrivateInputExecution.lean:27:30: warning: This simp argument is unused:
  optionDiscriminant

Hint: Omit it from the simp argument list.
  simp [core.option.Option.Insts.CoreOpsTry_traitFromResidualOptionInfallible.from_residual,
      massert, ̲read_discriminant, ̲optionD̵i̵s̵c̵r̵i̵m̵i̵n̵a̵n̵t̵,̵o̵p̵t̵i̵o̵n̵Tag, ̲bind_tc_ok]

Note: This linter can be disabled with `set_option linter.unusedSimpArgs false`
'AspisV8R19.R260PrivateInputExecution.branch_none' does not depend on any axioms
'AspisV8R19.R260PrivateInputExecution.branch_some' does not depend on any axioms
'AspisV8R19.R260PrivateInputExecution.residual_none' depends on axioms: [propext, Classical.choice, Quot.sound]
'AspisV8R19.R260PrivateInputExecution.residual_complete' depends on axioms: [propext, Classical.choice, Quot.sound]
'AspisV8R19.R260PrivateInputExecution.input_complete' depends on axioms: [propext, Classical.choice, Quot.sound]
'AspisV8R19.R260PrivateInputExecution.input_encoded' depends on axioms: [propext, Classical.choice, Quot.sound]
	Command being timed: "/home/dombarker/.elan/bin/lake --dir /home/dombarker/project-offloads/aspis-r126-release-20260930-a/focus-workspace env lean -j1 -M4500 -R /home/dombarker/project-offloads/aspis-r57-lean-src-20260929-a -o /home/dombarker/project-offloads/aspis-r126-release-20260930-a/lib/AspisV8R19/R260PrivateInputExecution.olean /home/dombarker/project-offloads/aspis-r57-lean-src-20260929-a/AspisV8R19/R260PrivateInputExecution.lean"
	User time (seconds): 1.19
	System time (seconds): 0.38
	Percent of CPU this job got: 100%
	Elapsed (wall clock) time (h:mm:ss or m:ss): 0:01.58
	Average shared text size (kbytes): 0
	Average unshared data size (kbytes): 0
	Average stack size (kbytes): 0
	Average total size (kbytes): 0
	Maximum resident set size (kbytes): 3707096
	Average resident set size (kbytes): 0
	Major (requiring I/O) page faults: 0
	Minor (reclaiming a frame) page faults: 86380
	Voluntary context switches: 675
	Involuntary context switches: 74
	Swaps: 0
	File system inputs: 0
	File system outputs: 200
	Socket messages sent: 0
	Socket messages received: 0
	Signals delivered: 0
	Page size (bytes): 4096
	Exit status: 0
Finished with result: success
Main processes terminated with: code=exited/status=0
Service runtime: 1.614s
CPU time consumed: 1.615s
Memory peak: 292.0K
Memory swap peak: 0B
