info: r49_focused: no previous manifest, creating one from scratch
info: toolchain not updated; already up-to-date
'AspisR19.SourceGConstant.scale_loop' depends on axioms: [propext]
'AspisR19.SourceGConstant.finalScale_eq' depends on axioms: [propext]
'AspisR19.SourceGConstant.coin_zero' depends on axioms: [propext]
'AspisR19.SourceGConstant.source_g_boundary' depends on axioms: [propext, Classical.choice, Quot.sound]
	Command being timed: "/home/dombarker/.elan/bin/lake env lean -R /home/dombarker/project-offloads/aspis-r49-lean-src-20260929-a -o /home/dombarker/project-offloads/aspis-r49-lean-20260929-d/lib/AspisV8R19/SourceGConstant.olean /home/dombarker/project-offloads/aspis-r49-lean-src-20260929-a/AspisV8R19/SourceGConstant.lean"
	User time (seconds): 0.78
	System time (seconds): 0.36
	Percent of CPU this job got: 108%
	Elapsed (wall clock) time (h:mm:ss or m:ss): 0:01.05
	Average shared text size (kbytes): 0
	Average unshared data size (kbytes): 0
	Average stack size (kbytes): 0
	Average total size (kbytes): 0
	Maximum resident set size (kbytes): 2313884
	Average resident set size (kbytes): 0
	Major (requiring I/O) page faults: 0
	Minor (reclaiming a frame) page faults: 53316
	Voluntary context switches: 3086
	Involuntary context switches: 42
	Swaps: 0
	File system inputs: 0
	File system outputs: 248
	Socket messages sent: 0
	Socket messages received: 0
	Signals delivered: 0
	Page size (bytes): 4096
	Exit status: 0
