Warning: Permanently added '100.108.41.90' (ED25519) to the list of known hosts.
Running as unit: aspis-focus-1790941138669848000.service; invocation ID: b0a8edd5c6e74d22b5790ecc0d89c9c8
/home/dombarker/project-offloads/aspis-r57-lean-src-20260929-a/AspisV8R19/R354ReverseInverseModel.lean:105:12: error: A placeholder `_` cannot be used where a function is expected
/home/dombarker/project-offloads/aspis-r57-lean-src-20260929-a/AspisV8R19/R354ReverseInverseModel.lean:107:12: error: A placeholder `_` cannot be used where a function is expected
'AspisV8R19.R354ReverseInverseModel.product_inverse_times_right' depends on axioms: [propext,
 Classical.choice,
 Quot.sound]
'AspisV8R19.R354ReverseInverseModel.left_times_product_inverse' depends on axioms: [propext,
 Classical.choice,
 Quot.sound]
'AspisV8R19.R354ReverseInverseModel.reverseModel_above_count' depends on axioms: [propext, Classical.choice, Quot.sound]
'AspisV8R19.R354ReverseInverseModel.reverseModel_inverse_step' depends on axioms: [propext,
 Classical.choice,
 Quot.sound]
'AspisV8R19.R354ReverseInverseModel.reverseModel_inverse_accumulator' depends on axioms: [propext,
 Classical.choice,
 Quot.sound]
'AspisV8R19.R354ReverseInverseModel.reverseModel_inverse_read' depends on axioms: [propext,
 Classical.choice,
 Quot.sound]
'AspisV8R19.R354ReverseInverseModel.sourceOutput_inverse_read' depends on axioms: [propext,
 sorryAx,
 Classical.choice,
 Quot.sound]
Command exited with non-zero status 1
	Command being timed: "/home/dombarker/.elan/bin/lake --dir /home/dombarker/project-offloads/aspis-r126-release-20260930-a/focus-workspace env lean -j1 -M4500 -R /home/dombarker/project-offloads/aspis-r57-lean-src-20260929-a -o /home/dombarker/project-offloads/aspis-r126-release-20260930-a/lib/AspisV8R19/R354ReverseInverseModel.olean /home/dombarker/project-offloads/aspis-r57-lean-src-20260929-a/AspisV8R19/R354ReverseInverseModel.lean"
	User time (seconds): 1.27
	System time (seconds): 0.39
	Percent of CPU this job got: 100%
	Elapsed (wall clock) time (h:mm:ss or m:ss): 0:01.66
	Average shared text size (kbytes): 0
	Average unshared data size (kbytes): 0
	Average stack size (kbytes): 0
	Average total size (kbytes): 0
	Maximum resident set size (kbytes): 3702812
	Average resident set size (kbytes): 0
	Major (requiring I/O) page faults: 0
	Minor (reclaiming a frame) page faults: 86819
	Voluntary context switches: 706
	Involuntary context switches: 63
	Swaps: 0
	File system inputs: 0
	File system outputs: 0
	Socket messages sent: 0
	Socket messages received: 0
	Signals delivered: 0
	Page size (bytes): 4096
	Exit status: 1
Finished with result: exit-code
Main processes terminated with: code=exited/status=1
Service runtime: 1.686s
CPU time consumed: 1.689s
Memory peak: 512.0K
Memory swap peak: 0B
