Warning: Permanently added '100.108.41.90' (ED25519) to the list of known hosts.
Running as unit: aspis-focus-1791158422252542000-a86c4791e50e.service; invocation ID: b33dfa9248464ffd97a7f7b3e07a7db3
'AspisV8R19.R815ActiveDiagonalDetUnits.active_diagonal_determinants_unit' depends on axioms: [propext,
 Classical.choice,
 Quot.sound]
	Command being timed: "/home/dombarker/.elan/bin/lake --dir /home/dombarker/project-offloads/aspis-r126-release-20260930-a/focus-workspace env lean -j1 -M4500 -R /home/dombarker/project-offloads/aspis-r57-lean-src-20260929-a -o /home/dombarker/project-offloads/aspis-r126-release-20260930-a/lib/AspisV8R19/R815ActiveDiagonalDetUnits.olean /home/dombarker/project-offloads/aspis-r57-lean-src-20260929-a/AspisV8R19/R815ActiveDiagonalDetUnits.lean"
	User time (seconds): 1.21
	System time (seconds): 0.38
	Percent of CPU this job got: 99%
	Elapsed (wall clock) time (h:mm:ss or m:ss): 0:01.60
	Average shared text size (kbytes): 0
	Average unshared data size (kbytes): 0
	Average stack size (kbytes): 0
	Average total size (kbytes): 0
	Maximum resident set size (kbytes): 3414288
	Average resident set size (kbytes): 0
	Major (requiring I/O) page faults: 2
	Minor (reclaiming a frame) page faults: 79228
	Voluntary context switches: 126
	Involuntary context switches: 52
	Swaps: 0
	File system inputs: 16
	File system outputs: 168
	Socket messages sent: 0
	Socket messages received: 0
	Signals delivered: 0
	Page size (bytes): 4096
	Exit status: 0
Finished with result: success
Main processes terminated with: code=exited/status=0
Service runtime: 1.633s
CPU time consumed: 1.628s
Memory peak: 512.0K
Memory swap peak: 0B
