   Compiling aspis-core v0.0.0 (/home/dombarker/project-offloads/aspis-r64-extracted-20260929-a/source)
    Finished `release` profile [optimized] target(s) in 1.08s
	Command being timed: "/home/dombarker/project-offloads/ZK-v5-formal/toolchains/charon/bin/charon cargo --preset aeneas --mir built --sysroot default --start-from crate::inverse_probe --dest-file /home/dombarker/project-offloads/aspis-r64-extracted-20260929-a/R64Field.llbc -- --locked --offline --release --lib --no-default-features"
	User time (seconds): 0.88
	System time (seconds): 0.15
	Percent of CPU this job got: 87%
	Elapsed (wall clock) time (h:mm:ss or m:ss): 0:01.17
	Average shared text size (kbytes): 0
	Average unshared data size (kbytes): 0
	Average stack size (kbytes): 0
	Average total size (kbytes): 0
	Maximum resident set size (kbytes): 214976
	Average resident set size (kbytes): 0
	Major (requiring I/O) page faults: 1331
	Minor (reclaiming a frame) page faults: 46409
	Voluntary context switches: 1785
	Involuntary context switches: 28
	Swaps: 0
	File system inputs: 330136
	File system outputs: 4456
	Socket messages sent: 0
	Socket messages received: 0
	Signals delivered: 0
	Page size (bytes): 4096
	Exit status: 0
