Warning: Permanently added '100.108.41.90' (ED25519) to the list of known hosts.
Running as unit: aspis-focus-1791153551720523000-f026e73939d2.service; invocation ID: 746d5ea1381040c9873b4aca6db5a08c
/home/dombarker/project-offloads/aspis-r57-lean-src-20260929-a/AspisV8R19/R797ActiveSourceCellsChunk08.lean:51:34: warning: This simp argument is unused:
  if_false

Hint: Omit it from the simp argument list.
  simp only [unitVector, if_true, i̵f̵_̵f̵a̵l̵s̵e̵,̵ ̵mul_zero, zero_add, add_zero]

Note: This linter can be disabled with `set_option linter.unusedSimpArgs false`
/home/dombarker/project-offloads/aspis-r57-lean-src-20260929-a/AspisV8R19/R797ActiveSourceCellsChunk08.lean:51:44: warning: This simp argument is unused:
  mul_zero

Hint: Omit it from the simp argument list.
  simp only [unitVector, if_true, if_false, m̵u̵l̵_̵zero,̵ ̵z̵e̵r̵o̵_add, add_zero]

Note: This linter can be disabled with `set_option linter.unusedSimpArgs false`
/home/dombarker/project-offloads/aspis-r57-lean-src-20260929-a/AspisV8R19/R797ActiveSourceCellsChunk08.lean:51:54: warning: This simp argument is unused:
  zero_add

Hint: Omit it from the simp argument list.
  simp only [unitVector, if_true, if_false, mul_zero, z̵e̵r̵o̵_̵add,̵ ̵a̵d̵d̵_zero]

Note: This linter can be disabled with `set_option linter.unusedSimpArgs false`
/home/dombarker/project-offloads/aspis-r57-lean-src-20260929-a/AspisV8R19/R797ActiveSourceCellsChunk08.lean:51:64: warning: This simp argument is unused:
  add_zero

Hint: Omit it from the simp argument list.
  simp only [unitVector, if_true, if_false, mul_zero, zero_add,̵ ̵a̵d̵d̵_̵z̵e̵r̵o̵]

Note: This linter can be disabled with `set_option linter.unusedSimpArgs false`
'AspisV8R19.R797ActiveSourceCellsChunk08.cell_d55_s0_row208_col49' depends on axioms: [propext,
 Classical.choice,
 Quot.sound]
/home/dombarker/project-offloads/aspis-r57-lean-src-20260929-a/AspisV8R19/R797ActiveSourceCellsChunk08.lean:85:34: warning: This simp argument is unused:
  if_false

Hint: Omit it from the simp argument list.
  simp only [unitVector, if_true, i̵f̵_̵f̵a̵l̵s̵e̵,̵ ̵mul_zero, zero_add, add_zero]

Note: This linter can be disabled with `set_option linter.unusedSimpArgs false`
/home/dombarker/project-offloads/aspis-r57-lean-src-20260929-a/AspisV8R19/R797ActiveSourceCellsChunk08.lean:85:44: warning: This simp argument is unused:
  mul_zero

Hint: Omit it from the simp argument list.
  simp only [unitVector, if_true, if_false, m̵u̵l̵_̵zero,̵ ̵z̵e̵r̵o̵_add, add_zero]

Note: This linter can be disabled with `set_option linter.unusedSimpArgs false`
/home/dombarker/project-offloads/aspis-r57-lean-src-20260929-a/AspisV8R19/R797ActiveSourceCellsChunk08.lean:85:54: warning: This simp argument is unused:
  zero_add

Hint: Omit it from the simp argument list.
  simp only [unitVector, if_true, if_false, mul_zero, z̵e̵r̵o̵_̵add,̵ ̵a̵d̵d̵_zero]

Note: This linter can be disabled with `set_option linter.unusedSimpArgs false`
/home/dombarker/project-offloads/aspis-r57-lean-src-20260929-a/AspisV8R19/R797ActiveSourceCellsChunk08.lean:85:64: warning: This simp argument is unused:
  add_zero

Hint: Omit it from the simp argument list.
  simp only [unitVector, if_true, if_false, mul_zero, zero_add,̵ ̵a̵d̵d̵_̵z̵e̵r̵o̵]

Note: This linter can be disabled with `set_option linter.unusedSimpArgs false`
'AspisV8R19.R797ActiveSourceCellsChunk08.cell_d55_s1_row208_col50' depends on axioms: [propext,
 Classical.choice,
 Quot.sound]
/home/dombarker/project-offloads/aspis-r57-lean-src-20260929-a/AspisV8R19/R797ActiveSourceCellsChunk08.lean:119:34: warning: This simp argument is unused:
  if_false

Hint: Omit it from the simp argument list.
  simp only [unitVector, if_true, i̵f̵_̵f̵a̵l̵s̵e̵,̵ ̵mul_zero, zero_add, add_zero]

Note: This linter can be disabled with `set_option linter.unusedSimpArgs false`
/home/dombarker/project-offloads/aspis-r57-lean-src-20260929-a/AspisV8R19/R797ActiveSourceCellsChunk08.lean:119:44: warning: This simp argument is unused:
  mul_zero

Hint: Omit it from the simp argument list.
  simp only [unitVector, if_true, if_false, m̵u̵l̵_̵zero,̵ ̵z̵e̵r̵o̵_add, add_zero]

Note: This linter can be disabled with `set_option linter.unusedSimpArgs false`
/home/dombarker/project-offloads/aspis-r57-lean-src-20260929-a/AspisV8R19/R797ActiveSourceCellsChunk08.lean:119:54: warning: This simp argument is unused:
  zero_add

Hint: Omit it from the simp argument list.
  simp only [unitVector, if_true, if_false, mul_zero, z̵e̵r̵o̵_̵add,̵ ̵a̵d̵d̵_zero]

Note: This linter can be disabled with `set_option linter.unusedSimpArgs false`
/home/dombarker/project-offloads/aspis-r57-lean-src-20260929-a/AspisV8R19/R797ActiveSourceCellsChunk08.lean:119:64: warning: This simp argument is unused:
  add_zero

Hint: Omit it from the simp argument list.
  simp only [unitVector, if_true, if_false, mul_zero, zero_add,̵ ̵a̵d̵d̵_̵z̵e̵r̵o̵]

Note: This linter can be disabled with `set_option linter.unusedSimpArgs false`
'AspisV8R19.R797ActiveSourceCellsChunk08.cell_d52_s0_row210_col43' depends on axioms: [propext,
 Classical.choice,
 Quot.sound]
/home/dombarker/project-offloads/aspis-r57-lean-src-20260929-a/AspisV8R19/R797ActiveSourceCellsChunk08.lean:153:34: warning: This simp argument is unused:
  if_false

Hint: Omit it from the simp argument list.
  simp only [unitVector, if_true, i̵f̵_̵f̵a̵l̵s̵e̵,̵ ̵mul_zero, zero_add, add_zero]

Note: This linter can be disabled with `set_option linter.unusedSimpArgs false`
/home/dombarker/project-offloads/aspis-r57-lean-src-20260929-a/AspisV8R19/R797ActiveSourceCellsChunk08.lean:153:44: warning: This simp argument is unused:
  mul_zero

Hint: Omit it from the simp argument list.
  simp only [unitVector, if_true, if_false, m̵u̵l̵_̵zero,̵ ̵z̵e̵r̵o̵_add, add_zero]

Note: This linter can be disabled with `set_option linter.unusedSimpArgs false`
/home/dombarker/project-offloads/aspis-r57-lean-src-20260929-a/AspisV8R19/R797ActiveSourceCellsChunk08.lean:153:54: warning: This simp argument is unused:
  zero_add

Hint: Omit it from the simp argument list.
  simp only [unitVector, if_true, if_false, mul_zero, z̵e̵r̵o̵_̵add,̵ ̵a̵d̵d̵_zero]

Note: This linter can be disabled with `set_option linter.unusedSimpArgs false`
/home/dombarker/project-offloads/aspis-r57-lean-src-20260929-a/AspisV8R19/R797ActiveSourceCellsChunk08.lean:153:64: warning: This simp argument is unused:
  add_zero

Hint: Omit it from the simp argument list.
  simp only [unitVector, if_true, if_false, mul_zero, zero_add,̵ ̵a̵d̵d̵_̵z̵e̵r̵o̵]

Note: This linter can be disabled with `set_option linter.unusedSimpArgs false`
'AspisV8R19.R797ActiveSourceCellsChunk08.cell_d52_s1_row210_col44' depends on axioms: [propext,
 Classical.choice,
 Quot.sound]
/home/dombarker/project-offloads/aspis-r57-lean-src-20260929-a/AspisV8R19/R797ActiveSourceCellsChunk08.lean:187:34: warning: This simp argument is unused:
  if_false

Hint: Omit it from the simp argument list.
  simp only [unitVector, if_true, i̵f̵_̵f̵a̵l̵s̵e̵,̵ ̵mul_zero, zero_add, add_zero]

Note: This linter can be disabled with `set_option linter.unusedSimpArgs false`
/home/dombarker/project-offloads/aspis-r57-lean-src-20260929-a/AspisV8R19/R797ActiveSourceCellsChunk08.lean:187:44: warning: This simp argument is unused:
  mul_zero

Hint: Omit it from the simp argument list.
  simp only [unitVector, if_true, if_false, m̵u̵l̵_̵zero,̵ ̵z̵e̵r̵o̵_add, add_zero]

Note: This linter can be disabled with `set_option linter.unusedSimpArgs false`
/home/dombarker/project-offloads/aspis-r57-lean-src-20260929-a/AspisV8R19/R797ActiveSourceCellsChunk08.lean:187:54: warning: This simp argument is unused:
  zero_add

Hint: Omit it from the simp argument list.
  simp only [unitVector, if_true, if_false, mul_zero, z̵e̵r̵o̵_̵add,̵ ̵a̵d̵d̵_zero]

Note: This linter can be disabled with `set_option linter.unusedSimpArgs false`
/home/dombarker/project-offloads/aspis-r57-lean-src-20260929-a/AspisV8R19/R797ActiveSourceCellsChunk08.lean:187:64: warning: This simp argument is unused:
  add_zero

Hint: Omit it from the simp argument list.
  simp only [unitVector, if_true, if_false, mul_zero, zero_add,̵ ̵a̵d̵d̵_̵z̵e̵r̵o̵]

Note: This linter can be disabled with `set_option linter.unusedSimpArgs false`
'AspisV8R19.R797ActiveSourceCellsChunk08.cell_d52_s0_row212_col43' depends on axioms: [propext,
 Classical.choice,
 Quot.sound]
/home/dombarker/project-offloads/aspis-r57-lean-src-20260929-a/AspisV8R19/R797ActiveSourceCellsChunk08.lean:221:34: warning: This simp argument is unused:
  if_false

Hint: Omit it from the simp argument list.
  simp only [unitVector, if_true, i̵f̵_̵f̵a̵l̵s̵e̵,̵ ̵mul_zero, zero_add, add_zero]

Note: This linter can be disabled with `set_option linter.unusedSimpArgs false`
/home/dombarker/project-offloads/aspis-r57-lean-src-20260929-a/AspisV8R19/R797ActiveSourceCellsChunk08.lean:221:44: warning: This simp argument is unused:
  mul_zero

Hint: Omit it from the simp argument list.
  simp only [unitVector, if_true, if_false, m̵u̵l̵_̵zero,̵ ̵z̵e̵r̵o̵_add, add_zero]

Note: This linter can be disabled with `set_option linter.unusedSimpArgs false`
/home/dombarker/project-offloads/aspis-r57-lean-src-20260929-a/AspisV8R19/R797ActiveSourceCellsChunk08.lean:221:54: warning: This simp argument is unused:
  zero_add

Hint: Omit it from the simp argument list.
  simp only [unitVector, if_true, if_false, mul_zero, z̵e̵r̵o̵_̵add,̵ ̵a̵d̵d̵_zero]

Note: This linter can be disabled with `set_option linter.unusedSimpArgs false`
/home/dombarker/project-offloads/aspis-r57-lean-src-20260929-a/AspisV8R19/R797ActiveSourceCellsChunk08.lean:221:64: warning: This simp argument is unused:
  add_zero

Hint: Omit it from the simp argument list.
  simp only [unitVector, if_true, if_false, mul_zero, zero_add,̵ ̵a̵d̵d̵_̵z̵e̵r̵o̵]

Note: This linter can be disabled with `set_option linter.unusedSimpArgs false`
'AspisV8R19.R797ActiveSourceCellsChunk08.cell_d52_s1_row212_col44' depends on axioms: [propext,
 Classical.choice,
 Quot.sound]
/home/dombarker/project-offloads/aspis-r57-lean-src-20260929-a/AspisV8R19/R797ActiveSourceCellsChunk08.lean:255:34: warning: This simp argument is unused:
  if_false

Hint: Omit it from the simp argument list.
  simp only [unitVector, if_true, i̵f̵_̵f̵a̵l̵s̵e̵,̵ ̵mul_zero, zero_add, add_zero]

Note: This linter can be disabled with `set_option linter.unusedSimpArgs false`
/home/dombarker/project-offloads/aspis-r57-lean-src-20260929-a/AspisV8R19/R797ActiveSourceCellsChunk08.lean:255:44: warning: This simp argument is unused:
  mul_zero

Hint: Omit it from the simp argument list.
  simp only [unitVector, if_true, if_false, m̵u̵l̵_̵zero,̵ ̵z̵e̵r̵o̵_add, add_zero]

Note: This linter can be disabled with `set_option linter.unusedSimpArgs false`
/home/dombarker/project-offloads/aspis-r57-lean-src-20260929-a/AspisV8R19/R797ActiveSourceCellsChunk08.lean:255:54: warning: This simp argument is unused:
  zero_add

Hint: Omit it from the simp argument list.
  simp only [unitVector, if_true, if_false, mul_zero, z̵e̵r̵o̵_̵add,̵ ̵a̵d̵d̵_zero]

Note: This linter can be disabled with `set_option linter.unusedSimpArgs false`
/home/dombarker/project-offloads/aspis-r57-lean-src-20260929-a/AspisV8R19/R797ActiveSourceCellsChunk08.lean:255:64: warning: This simp argument is unused:
  add_zero

Hint: Omit it from the simp argument list.
  simp only [unitVector, if_true, if_false, mul_zero, zero_add,̵ ̵a̵d̵d̵_̵z̵e̵r̵o̵]

Note: This linter can be disabled with `set_option linter.unusedSimpArgs false`
'AspisV8R19.R797ActiveSourceCellsChunk08.cell_d53_s0_row212_col45' depends on axioms: [propext,
 Classical.choice,
 Quot.sound]
/home/dombarker/project-offloads/aspis-r57-lean-src-20260929-a/AspisV8R19/R797ActiveSourceCellsChunk08.lean:289:34: warning: This simp argument is unused:
  if_false

Hint: Omit it from the simp argument list.
  simp only [unitVector, if_true, i̵f̵_̵f̵a̵l̵s̵e̵,̵ ̵mul_zero, zero_add, add_zero]

Note: This linter can be disabled with `set_option linter.unusedSimpArgs false`
/home/dombarker/project-offloads/aspis-r57-lean-src-20260929-a/AspisV8R19/R797ActiveSourceCellsChunk08.lean:289:44: warning: This simp argument is unused:
  mul_zero

Hint: Omit it from the simp argument list.
  simp only [unitVector, if_true, if_false, m̵u̵l̵_̵zero,̵ ̵z̵e̵r̵o̵_add, add_zero]

Note: This linter can be disabled with `set_option linter.unusedSimpArgs false`
/home/dombarker/project-offloads/aspis-r57-lean-src-20260929-a/AspisV8R19/R797ActiveSourceCellsChunk08.lean:289:54: warning: This simp argument is unused:
  zero_add

Hint: Omit it from the simp argument list.
  simp only [unitVector, if_true, if_false, mul_zero, z̵e̵r̵o̵_̵add,̵ ̵a̵d̵d̵_zero]

Note: This linter can be disabled with `set_option linter.unusedSimpArgs false`
/home/dombarker/project-offloads/aspis-r57-lean-src-20260929-a/AspisV8R19/R797ActiveSourceCellsChunk08.lean:289:64: warning: This simp argument is unused:
  add_zero

Hint: Omit it from the simp argument list.
  simp only [unitVector, if_true, if_false, mul_zero, zero_add,̵ ̵a̵d̵d̵_̵z̵e̵r̵o̵]

Note: This linter can be disabled with `set_option linter.unusedSimpArgs false`
'AspisV8R19.R797ActiveSourceCellsChunk08.cell_d53_s1_row212_col46' depends on axioms: [propext,
 Classical.choice,
 Quot.sound]
/home/dombarker/project-offloads/aspis-r57-lean-src-20260929-a/AspisV8R19/R797ActiveSourceCellsChunk08.lean:323:34: warning: This simp argument is unused:
  if_false

Hint: Omit it from the simp argument list.
  simp only [unitVector, if_true, i̵f̵_̵f̵a̵l̵s̵e̵,̵ ̵mul_zero, zero_add, add_zero]

Note: This linter can be disabled with `set_option linter.unusedSimpArgs false`
/home/dombarker/project-offloads/aspis-r57-lean-src-20260929-a/AspisV8R19/R797ActiveSourceCellsChunk08.lean:323:44: warning: This simp argument is unused:
  mul_zero

Hint: Omit it from the simp argument list.
  simp only [unitVector, if_true, if_false, m̵u̵l̵_̵zero,̵ ̵z̵e̵r̵o̵_add, add_zero]

Note: This linter can be disabled with `set_option linter.unusedSimpArgs false`
/home/dombarker/project-offloads/aspis-r57-lean-src-20260929-a/AspisV8R19/R797ActiveSourceCellsChunk08.lean:323:54: warning: This simp argument is unused:
  zero_add

Hint: Omit it from the simp argument list.
  simp only [unitVector, if_true, if_false, mul_zero, z̵e̵r̵o̵_̵add,̵ ̵a̵d̵d̵_zero]

Note: This linter can be disabled with `set_option linter.unusedSimpArgs false`
/home/dombarker/project-offloads/aspis-r57-lean-src-20260929-a/AspisV8R19/R797ActiveSourceCellsChunk08.lean:323:64: warning: This simp argument is unused:
  add_zero

Hint: Omit it from the simp argument list.
  simp only [unitVector, if_true, if_false, mul_zero, zero_add,̵ ̵a̵d̵d̵_̵z̵e̵r̵o̵]

Note: This linter can be disabled with `set_option linter.unusedSimpArgs false`
'AspisV8R19.R797ActiveSourceCellsChunk08.cell_d53_s0_row214_col45' depends on axioms: [propext,
 Classical.choice,
 Quot.sound]
/home/dombarker/project-offloads/aspis-r57-lean-src-20260929-a/AspisV8R19/R797ActiveSourceCellsChunk08.lean:357:34: warning: This simp argument is unused:
  if_false

Hint: Omit it from the simp argument list.
  simp only [unitVector, if_true, i̵f̵_̵f̵a̵l̵s̵e̵,̵ ̵mul_zero, zero_add, add_zero]

Note: This linter can be disabled with `set_option linter.unusedSimpArgs false`
/home/dombarker/project-offloads/aspis-r57-lean-src-20260929-a/AspisV8R19/R797ActiveSourceCellsChunk08.lean:357:44: warning: This simp argument is unused:
  mul_zero

Hint: Omit it from the simp argument list.
  simp only [unitVector, if_true, if_false, m̵u̵l̵_̵zero,̵ ̵z̵e̵r̵o̵_add, add_zero]

Note: This linter can be disabled with `set_option linter.unusedSimpArgs false`
/home/dombarker/project-offloads/aspis-r57-lean-src-20260929-a/AspisV8R19/R797ActiveSourceCellsChunk08.lean:357:54: warning: This simp argument is unused:
  zero_add

Hint: Omit it from the simp argument list.
  simp only [unitVector, if_true, if_false, mul_zero, z̵e̵r̵o̵_̵add,̵ ̵a̵d̵d̵_zero]

Note: This linter can be disabled with `set_option linter.unusedSimpArgs false`
/home/dombarker/project-offloads/aspis-r57-lean-src-20260929-a/AspisV8R19/R797ActiveSourceCellsChunk08.lean:357:64: warning: This simp argument is unused:
  add_zero

Hint: Omit it from the simp argument list.
  simp only [unitVector, if_true, if_false, mul_zero, zero_add,̵ ̵a̵d̵d̵_̵z̵e̵r̵o̵]

Note: This linter can be disabled with `set_option linter.unusedSimpArgs false`
'AspisV8R19.R797ActiveSourceCellsChunk08.cell_d53_s1_row214_col46' depends on axioms: [propext,
 Classical.choice,
 Quot.sound]
/home/dombarker/project-offloads/aspis-r57-lean-src-20260929-a/AspisV8R19/R797ActiveSourceCellsChunk08.lean:391:34: warning: This simp argument is unused:
  if_false

Hint: Omit it from the simp argument list.
  simp only [unitVector, if_true, i̵f̵_̵f̵a̵l̵s̵e̵,̵ ̵mul_zero, zero_add, add_zero]

Note: This linter can be disabled with `set_option linter.unusedSimpArgs false`
/home/dombarker/project-offloads/aspis-r57-lean-src-20260929-a/AspisV8R19/R797ActiveSourceCellsChunk08.lean:391:44: warning: This simp argument is unused:
  mul_zero

Hint: Omit it from the simp argument list.
  simp only [unitVector, if_true, if_false, m̵u̵l̵_̵zero,̵ ̵z̵e̵r̵o̵_add, add_zero]

Note: This linter can be disabled with `set_option linter.unusedSimpArgs false`
/home/dombarker/project-offloads/aspis-r57-lean-src-20260929-a/AspisV8R19/R797ActiveSourceCellsChunk08.lean:391:54: warning: This simp argument is unused:
  zero_add

Hint: Omit it from the simp argument list.
  simp only [unitVector, if_true, if_false, mul_zero, z̵e̵r̵o̵_̵add,̵ ̵a̵d̵d̵_zero]

Note: This linter can be disabled with `set_option linter.unusedSimpArgs false`
/home/dombarker/project-offloads/aspis-r57-lean-src-20260929-a/AspisV8R19/R797ActiveSourceCellsChunk08.lean:391:64: warning: This simp argument is unused:
  add_zero

Hint: Omit it from the simp argument list.
  simp only [unitVector, if_true, if_false, mul_zero, zero_add,̵ ̵a̵d̵d̵_̵z̵e̵r̵o̵]

Note: This linter can be disabled with `set_option linter.unusedSimpArgs false`
'AspisV8R19.R797ActiveSourceCellsChunk08.cell_d53_s0_row216_col45' depends on axioms: [propext,
 Classical.choice,
 Quot.sound]
/home/dombarker/project-offloads/aspis-r57-lean-src-20260929-a/AspisV8R19/R797ActiveSourceCellsChunk08.lean:425:34: warning: This simp argument is unused:
  if_false

Hint: Omit it from the simp argument list.
  simp only [unitVector, if_true, i̵f̵_̵f̵a̵l̵s̵e̵,̵ ̵mul_zero, zero_add, add_zero]

Note: This linter can be disabled with `set_option linter.unusedSimpArgs false`
/home/dombarker/project-offloads/aspis-r57-lean-src-20260929-a/AspisV8R19/R797ActiveSourceCellsChunk08.lean:425:44: warning: This simp argument is unused:
  mul_zero

Hint: Omit it from the simp argument list.
  simp only [unitVector, if_true, if_false, m̵u̵l̵_̵zero,̵ ̵z̵e̵r̵o̵_add, add_zero]

Note: This linter can be disabled with `set_option linter.unusedSimpArgs false`
/home/dombarker/project-offloads/aspis-r57-lean-src-20260929-a/AspisV8R19/R797ActiveSourceCellsChunk08.lean:425:54: warning: This simp argument is unused:
  zero_add

Hint: Omit it from the simp argument list.
  simp only [unitVector, if_true, if_false, mul_zero, z̵e̵r̵o̵_̵add,̵ ̵a̵d̵d̵_zero]

Note: This linter can be disabled with `set_option linter.unusedSimpArgs false`
/home/dombarker/project-offloads/aspis-r57-lean-src-20260929-a/AspisV8R19/R797ActiveSourceCellsChunk08.lean:425:64: warning: This simp argument is unused:
  add_zero

Hint: Omit it from the simp argument list.
  simp only [unitVector, if_true, if_false, mul_zero, zero_add,̵ ̵a̵d̵d̵_̵z̵e̵r̵o̵]

Note: This linter can be disabled with `set_option linter.unusedSimpArgs false`
'AspisV8R19.R797ActiveSourceCellsChunk08.cell_d53_s1_row216_col46' depends on axioms: [propext,
 Classical.choice,
 Quot.sound]
/home/dombarker/project-offloads/aspis-r57-lean-src-20260929-a/AspisV8R19/R797ActiveSourceCellsChunk08.lean:459:34: warning: This simp argument is unused:
  if_false

Hint: Omit it from the simp argument list.
  simp only [unitVector, if_true, i̵f̵_̵f̵a̵l̵s̵e̵,̵ ̵mul_zero, zero_add, add_zero]

Note: This linter can be disabled with `set_option linter.unusedSimpArgs false`
/home/dombarker/project-offloads/aspis-r57-lean-src-20260929-a/AspisV8R19/R797ActiveSourceCellsChunk08.lean:459:44: warning: This simp argument is unused:
  mul_zero

Hint: Omit it from the simp argument list.
  simp only [unitVector, if_true, if_false, m̵u̵l̵_̵zero,̵ ̵z̵e̵r̵o̵_add, add_zero]

Note: This linter can be disabled with `set_option linter.unusedSimpArgs false`
/home/dombarker/project-offloads/aspis-r57-lean-src-20260929-a/AspisV8R19/R797ActiveSourceCellsChunk08.lean:459:54: warning: This simp argument is unused:
  zero_add

Hint: Omit it from the simp argument list.
  simp only [unitVector, if_true, if_false, mul_zero, z̵e̵r̵o̵_̵add,̵ ̵a̵d̵d̵_zero]

Note: This linter can be disabled with `set_option linter.unusedSimpArgs false`
/home/dombarker/project-offloads/aspis-r57-lean-src-20260929-a/AspisV8R19/R797ActiveSourceCellsChunk08.lean:459:64: warning: This simp argument is unused:
  add_zero

Hint: Omit it from the simp argument list.
  simp only [unitVector, if_true, if_false, mul_zero, zero_add,̵ ̵a̵d̵d̵_̵z̵e̵r̵o̵]

Note: This linter can be disabled with `set_option linter.unusedSimpArgs false`
'AspisV8R19.R797ActiveSourceCellsChunk08.cell_d54_s0_row216_col47' depends on axioms: [propext,
 Classical.choice,
 Quot.sound]
/home/dombarker/project-offloads/aspis-r57-lean-src-20260929-a/AspisV8R19/R797ActiveSourceCellsChunk08.lean:493:34: warning: This simp argument is unused:
  if_false

Hint: Omit it from the simp argument list.
  simp only [unitVector, if_true, i̵f̵_̵f̵a̵l̵s̵e̵,̵ ̵mul_zero, zero_add, add_zero]

Note: This linter can be disabled with `set_option linter.unusedSimpArgs false`
/home/dombarker/project-offloads/aspis-r57-lean-src-20260929-a/AspisV8R19/R797ActiveSourceCellsChunk08.lean:493:44: warning: This simp argument is unused:
  mul_zero

Hint: Omit it from the simp argument list.
  simp only [unitVector, if_true, if_false, m̵u̵l̵_̵zero,̵ ̵z̵e̵r̵o̵_add, add_zero]

Note: This linter can be disabled with `set_option linter.unusedSimpArgs false`
/home/dombarker/project-offloads/aspis-r57-lean-src-20260929-a/AspisV8R19/R797ActiveSourceCellsChunk08.lean:493:54: warning: This simp argument is unused:
  zero_add

Hint: Omit it from the simp argument list.
  simp only [unitVector, if_true, if_false, mul_zero, z̵e̵r̵o̵_̵add,̵ ̵a̵d̵d̵_zero]

Note: This linter can be disabled with `set_option linter.unusedSimpArgs false`
/home/dombarker/project-offloads/aspis-r57-lean-src-20260929-a/AspisV8R19/R797ActiveSourceCellsChunk08.lean:493:64: warning: This simp argument is unused:
  add_zero

Hint: Omit it from the simp argument list.
  simp only [unitVector, if_true, if_false, mul_zero, zero_add,̵ ̵a̵d̵d̵_̵z̵e̵r̵o̵]

Note: This linter can be disabled with `set_option linter.unusedSimpArgs false`
'AspisV8R19.R797ActiveSourceCellsChunk08.cell_d54_s1_row216_col48' depends on axioms: [propext,
 Classical.choice,
 Quot.sound]
/home/dombarker/project-offloads/aspis-r57-lean-src-20260929-a/AspisV8R19/R797ActiveSourceCellsChunk08.lean:527:34: warning: This simp argument is unused:
  if_false

Hint: Omit it from the simp argument list.
  simp only [unitVector, if_true, i̵f̵_̵f̵a̵l̵s̵e̵,̵ ̵mul_zero, zero_add, add_zero]

Note: This linter can be disabled with `set_option linter.unusedSimpArgs false`
/home/dombarker/project-offloads/aspis-r57-lean-src-20260929-a/AspisV8R19/R797ActiveSourceCellsChunk08.lean:527:44: warning: This simp argument is unused:
  mul_zero

Hint: Omit it from the simp argument list.
  simp only [unitVector, if_true, if_false, m̵u̵l̵_̵zero,̵ ̵z̵e̵r̵o̵_add, add_zero]

Note: This linter can be disabled with `set_option linter.unusedSimpArgs false`
/home/dombarker/project-offloads/aspis-r57-lean-src-20260929-a/AspisV8R19/R797ActiveSourceCellsChunk08.lean:527:54: warning: This simp argument is unused:
  zero_add

Hint: Omit it from the simp argument list.
  simp only [unitVector, if_true, if_false, mul_zero, z̵e̵r̵o̵_̵add,̵ ̵a̵d̵d̵_zero]

Note: This linter can be disabled with `set_option linter.unusedSimpArgs false`
/home/dombarker/project-offloads/aspis-r57-lean-src-20260929-a/AspisV8R19/R797ActiveSourceCellsChunk08.lean:527:64: warning: This simp argument is unused:
  add_zero

Hint: Omit it from the simp argument list.
  simp only [unitVector, if_true, if_false, mul_zero, zero_add,̵ ̵a̵d̵d̵_̵z̵e̵r̵o̵]

Note: This linter can be disabled with `set_option linter.unusedSimpArgs false`
'AspisV8R19.R797ActiveSourceCellsChunk08.cell_d55_s0_row216_col49' depends on axioms: [propext,
 Classical.choice,
 Quot.sound]
/home/dombarker/project-offloads/aspis-r57-lean-src-20260929-a/AspisV8R19/R797ActiveSourceCellsChunk08.lean:561:34: warning: This simp argument is unused:
  if_false

Hint: Omit it from the simp argument list.
  simp only [unitVector, if_true, i̵f̵_̵f̵a̵l̵s̵e̵,̵ ̵mul_zero, zero_add, add_zero]

Note: This linter can be disabled with `set_option linter.unusedSimpArgs false`
/home/dombarker/project-offloads/aspis-r57-lean-src-20260929-a/AspisV8R19/R797ActiveSourceCellsChunk08.lean:561:44: warning: This simp argument is unused:
  mul_zero

Hint: Omit it from the simp argument list.
  simp only [unitVector, if_true, if_false, m̵u̵l̵_̵zero,̵ ̵z̵e̵r̵o̵_add, add_zero]

Note: This linter can be disabled with `set_option linter.unusedSimpArgs false`
/home/dombarker/project-offloads/aspis-r57-lean-src-20260929-a/AspisV8R19/R797ActiveSourceCellsChunk08.lean:561:54: warning: This simp argument is unused:
  zero_add

Hint: Omit it from the simp argument list.
  simp only [unitVector, if_true, if_false, mul_zero, z̵e̵r̵o̵_̵add,̵ ̵a̵d̵d̵_zero]

Note: This linter can be disabled with `set_option linter.unusedSimpArgs false`
/home/dombarker/project-offloads/aspis-r57-lean-src-20260929-a/AspisV8R19/R797ActiveSourceCellsChunk08.lean:561:64: warning: This simp argument is unused:
  add_zero

Hint: Omit it from the simp argument list.
  simp only [unitVector, if_true, if_false, mul_zero, zero_add,̵ ̵a̵d̵d̵_̵z̵e̵r̵o̵]

Note: This linter can be disabled with `set_option linter.unusedSimpArgs false`
'AspisV8R19.R797ActiveSourceCellsChunk08.cell_d55_s1_row216_col50' depends on axioms: [propext,
 Classical.choice,
 Quot.sound]
	Command being timed: "/home/dombarker/.elan/bin/lake --dir /home/dombarker/project-offloads/aspis-r126-release-20260930-a/focus-workspace env lean -j1 -M4500 -R /home/dombarker/project-offloads/aspis-r57-lean-src-20260929-a -o /home/dombarker/project-offloads/aspis-r126-release-20260930-a/lib/AspisV8R19/R797ActiveSourceCellsChunk08.olean /home/dombarker/project-offloads/aspis-r57-lean-src-20260929-a/AspisV8R19/R797ActiveSourceCellsChunk08.lean"
	User time (seconds): 3.11
	System time (seconds): 0.40
	Percent of CPU this job got: 100%
	Elapsed (wall clock) time (h:mm:ss or m:ss): 0:03.49
	Average shared text size (kbytes): 0
	Average unshared data size (kbytes): 0
	Average stack size (kbytes): 0
	Average total size (kbytes): 0
	Maximum resident set size (kbytes): 3327288
	Average resident set size (kbytes): 0
	Major (requiring I/O) page faults: 0
	Minor (reclaiming a frame) page faults: 84652
	Voluntary context switches: 1236
	Involuntary context switches: 84
	Swaps: 0
	File system inputs: 0
	File system outputs: 680
	Socket messages sent: 0
	Socket messages received: 0
	Signals delivered: 0
	Page size (bytes): 4096
	Exit status: 0
Finished with result: success
Main processes terminated with: code=exited/status=0
Service runtime: 3.521s
CPU time consumed: 3.537s
Memory peak: 516.0K
Memory swap peak: 0B
