Warning: Permanently added '100.108.41.90' (ED25519) to the list of known hosts.
Running as unit: aspis-focus-1791153713697824000-535f2532a1b1.service; invocation ID: 5c2daec7140d490c8f9b9150dd84c11e
/home/dombarker/project-offloads/aspis-r57-lean-src-20260929-a/AspisV8R19/R799ActiveSourceCellsChunk02.lean:51:34: warning: This simp argument is unused:
  if_false

Hint: Omit it from the simp argument list.
  simp only [unitVector, if_true, i̵f̵_̵f̵a̵l̵s̵e̵,̵ ̵mul_zero, zero_add, add_zero]

Note: This linter can be disabled with `set_option linter.unusedSimpArgs false`
/home/dombarker/project-offloads/aspis-r57-lean-src-20260929-a/AspisV8R19/R799ActiveSourceCellsChunk02.lean:51:44: warning: This simp argument is unused:
  mul_zero

Hint: Omit it from the simp argument list.
  simp only [unitVector, if_true, if_false, m̵u̵l̵_̵zero,̵ ̵z̵e̵r̵o̵_add, add_zero]

Note: This linter can be disabled with `set_option linter.unusedSimpArgs false`
/home/dombarker/project-offloads/aspis-r57-lean-src-20260929-a/AspisV8R19/R799ActiveSourceCellsChunk02.lean:51:54: warning: This simp argument is unused:
  zero_add

Hint: Omit it from the simp argument list.
  simp only [unitVector, if_true, if_false, mul_zero, z̵e̵r̵o̵_̵add,̵ ̵a̵d̵d̵_zero]

Note: This linter can be disabled with `set_option linter.unusedSimpArgs false`
/home/dombarker/project-offloads/aspis-r57-lean-src-20260929-a/AspisV8R19/R799ActiveSourceCellsChunk02.lean:51:64: warning: This simp argument is unused:
  add_zero

Hint: Omit it from the simp argument list.
  simp only [unitVector, if_true, if_false, mul_zero, zero_add,̵ ̵a̵d̵d̵_̵z̵e̵r̵o̵]

Note: This linter can be disabled with `set_option linter.unusedSimpArgs false`
'AspisV8R19.R799ActiveSourceCellsChunk02.cell_d58_s0_row236_col55' depends on axioms: [propext,
 Classical.choice,
 Quot.sound]
/home/dombarker/project-offloads/aspis-r57-lean-src-20260929-a/AspisV8R19/R799ActiveSourceCellsChunk02.lean:85:34: warning: This simp argument is unused:
  if_false

Hint: Omit it from the simp argument list.
  simp only [unitVector, if_true, i̵f̵_̵f̵a̵l̵s̵e̵,̵ ̵mul_zero, zero_add, add_zero]

Note: This linter can be disabled with `set_option linter.unusedSimpArgs false`
/home/dombarker/project-offloads/aspis-r57-lean-src-20260929-a/AspisV8R19/R799ActiveSourceCellsChunk02.lean:85:44: warning: This simp argument is unused:
  mul_zero

Hint: Omit it from the simp argument list.
  simp only [unitVector, if_true, if_false, m̵u̵l̵_̵zero,̵ ̵z̵e̵r̵o̵_add, add_zero]

Note: This linter can be disabled with `set_option linter.unusedSimpArgs false`
/home/dombarker/project-offloads/aspis-r57-lean-src-20260929-a/AspisV8R19/R799ActiveSourceCellsChunk02.lean:85:54: warning: This simp argument is unused:
  zero_add

Hint: Omit it from the simp argument list.
  simp only [unitVector, if_true, if_false, mul_zero, z̵e̵r̵o̵_̵add,̵ ̵a̵d̵d̵_zero]

Note: This linter can be disabled with `set_option linter.unusedSimpArgs false`
/home/dombarker/project-offloads/aspis-r57-lean-src-20260929-a/AspisV8R19/R799ActiveSourceCellsChunk02.lean:85:64: warning: This simp argument is unused:
  add_zero

Hint: Omit it from the simp argument list.
  simp only [unitVector, if_true, if_false, mul_zero, zero_add,̵ ̵a̵d̵d̵_̵z̵e̵r̵o̵]

Note: This linter can be disabled with `set_option linter.unusedSimpArgs false`
'AspisV8R19.R799ActiveSourceCellsChunk02.cell_d58_s1_row236_col56' depends on axioms: [propext,
 Classical.choice,
 Quot.sound]
/home/dombarker/project-offloads/aspis-r57-lean-src-20260929-a/AspisV8R19/R799ActiveSourceCellsChunk02.lean:119:34: warning: This simp argument is unused:
  if_false

Hint: Omit it from the simp argument list.
  simp only [unitVector, if_true, i̵f̵_̵f̵a̵l̵s̵e̵,̵ ̵mul_zero, zero_add, add_zero]

Note: This linter can be disabled with `set_option linter.unusedSimpArgs false`
/home/dombarker/project-offloads/aspis-r57-lean-src-20260929-a/AspisV8R19/R799ActiveSourceCellsChunk02.lean:119:44: warning: This simp argument is unused:
  mul_zero

Hint: Omit it from the simp argument list.
  simp only [unitVector, if_true, if_false, m̵u̵l̵_̵zero,̵ ̵z̵e̵r̵o̵_add, add_zero]

Note: This linter can be disabled with `set_option linter.unusedSimpArgs false`
/home/dombarker/project-offloads/aspis-r57-lean-src-20260929-a/AspisV8R19/R799ActiveSourceCellsChunk02.lean:119:54: warning: This simp argument is unused:
  zero_add

Hint: Omit it from the simp argument list.
  simp only [unitVector, if_true, if_false, mul_zero, z̵e̵r̵o̵_̵add,̵ ̵a̵d̵d̵_zero]

Note: This linter can be disabled with `set_option linter.unusedSimpArgs false`
/home/dombarker/project-offloads/aspis-r57-lean-src-20260929-a/AspisV8R19/R799ActiveSourceCellsChunk02.lean:119:64: warning: This simp argument is unused:
  add_zero

Hint: Omit it from the simp argument list.
  simp only [unitVector, if_true, if_false, mul_zero, zero_add,̵ ̵a̵d̵d̵_̵z̵e̵r̵o̵]

Note: This linter can be disabled with `set_option linter.unusedSimpArgs false`
'AspisV8R19.R799ActiveSourceCellsChunk02.cell_d59_s0_row236_col57' depends on axioms: [propext,
 Classical.choice,
 Quot.sound]
/home/dombarker/project-offloads/aspis-r57-lean-src-20260929-a/AspisV8R19/R799ActiveSourceCellsChunk02.lean:153:34: warning: This simp argument is unused:
  if_false

Hint: Omit it from the simp argument list.
  simp only [unitVector, if_true, i̵f̵_̵f̵a̵l̵s̵e̵,̵ ̵mul_zero, zero_add, add_zero]

Note: This linter can be disabled with `set_option linter.unusedSimpArgs false`
/home/dombarker/project-offloads/aspis-r57-lean-src-20260929-a/AspisV8R19/R799ActiveSourceCellsChunk02.lean:153:44: warning: This simp argument is unused:
  mul_zero

Hint: Omit it from the simp argument list.
  simp only [unitVector, if_true, if_false, m̵u̵l̵_̵zero,̵ ̵z̵e̵r̵o̵_add, add_zero]

Note: This linter can be disabled with `set_option linter.unusedSimpArgs false`
/home/dombarker/project-offloads/aspis-r57-lean-src-20260929-a/AspisV8R19/R799ActiveSourceCellsChunk02.lean:153:54: warning: This simp argument is unused:
  zero_add

Hint: Omit it from the simp argument list.
  simp only [unitVector, if_true, if_false, mul_zero, z̵e̵r̵o̵_̵add,̵ ̵a̵d̵d̵_zero]

Note: This linter can be disabled with `set_option linter.unusedSimpArgs false`
/home/dombarker/project-offloads/aspis-r57-lean-src-20260929-a/AspisV8R19/R799ActiveSourceCellsChunk02.lean:153:64: warning: This simp argument is unused:
  add_zero

Hint: Omit it from the simp argument list.
  simp only [unitVector, if_true, if_false, mul_zero, zero_add,̵ ̵a̵d̵d̵_̵z̵e̵r̵o̵]

Note: This linter can be disabled with `set_option linter.unusedSimpArgs false`
'AspisV8R19.R799ActiveSourceCellsChunk02.cell_d59_s1_row236_col58' depends on axioms: [propext,
 Classical.choice,
 Quot.sound]
/home/dombarker/project-offloads/aspis-r57-lean-src-20260929-a/AspisV8R19/R799ActiveSourceCellsChunk02.lean:187:34: warning: This simp argument is unused:
  if_false

Hint: Omit it from the simp argument list.
  simp only [unitVector, if_true, i̵f̵_̵f̵a̵l̵s̵e̵,̵ ̵mul_zero, zero_add, add_zero]

Note: This linter can be disabled with `set_option linter.unusedSimpArgs false`
/home/dombarker/project-offloads/aspis-r57-lean-src-20260929-a/AspisV8R19/R799ActiveSourceCellsChunk02.lean:187:44: warning: This simp argument is unused:
  mul_zero

Hint: Omit it from the simp argument list.
  simp only [unitVector, if_true, if_false, m̵u̵l̵_̵zero,̵ ̵z̵e̵r̵o̵_add, add_zero]

Note: This linter can be disabled with `set_option linter.unusedSimpArgs false`
/home/dombarker/project-offloads/aspis-r57-lean-src-20260929-a/AspisV8R19/R799ActiveSourceCellsChunk02.lean:187:54: warning: This simp argument is unused:
  zero_add

Hint: Omit it from the simp argument list.
  simp only [unitVector, if_true, if_false, mul_zero, z̵e̵r̵o̵_̵add,̵ ̵a̵d̵d̵_zero]

Note: This linter can be disabled with `set_option linter.unusedSimpArgs false`
/home/dombarker/project-offloads/aspis-r57-lean-src-20260929-a/AspisV8R19/R799ActiveSourceCellsChunk02.lean:187:64: warning: This simp argument is unused:
  add_zero

Hint: Omit it from the simp argument list.
  simp only [unitVector, if_true, if_false, mul_zero, zero_add,̵ ̵a̵d̵d̵_̵z̵e̵r̵o̵]

Note: This linter can be disabled with `set_option linter.unusedSimpArgs false`
'AspisV8R19.R799ActiveSourceCellsChunk02.cell_d59_s0_row238_col57' depends on axioms: [propext,
 Classical.choice,
 Quot.sound]
/home/dombarker/project-offloads/aspis-r57-lean-src-20260929-a/AspisV8R19/R799ActiveSourceCellsChunk02.lean:221:34: warning: This simp argument is unused:
  if_false

Hint: Omit it from the simp argument list.
  simp only [unitVector, if_true, i̵f̵_̵f̵a̵l̵s̵e̵,̵ ̵mul_zero, zero_add, add_zero]

Note: This linter can be disabled with `set_option linter.unusedSimpArgs false`
/home/dombarker/project-offloads/aspis-r57-lean-src-20260929-a/AspisV8R19/R799ActiveSourceCellsChunk02.lean:221:44: warning: This simp argument is unused:
  mul_zero

Hint: Omit it from the simp argument list.
  simp only [unitVector, if_true, if_false, m̵u̵l̵_̵zero,̵ ̵z̵e̵r̵o̵_add, add_zero]

Note: This linter can be disabled with `set_option linter.unusedSimpArgs false`
/home/dombarker/project-offloads/aspis-r57-lean-src-20260929-a/AspisV8R19/R799ActiveSourceCellsChunk02.lean:221:54: warning: This simp argument is unused:
  zero_add

Hint: Omit it from the simp argument list.
  simp only [unitVector, if_true, if_false, mul_zero, z̵e̵r̵o̵_̵add,̵ ̵a̵d̵d̵_zero]

Note: This linter can be disabled with `set_option linter.unusedSimpArgs false`
/home/dombarker/project-offloads/aspis-r57-lean-src-20260929-a/AspisV8R19/R799ActiveSourceCellsChunk02.lean:221:64: warning: This simp argument is unused:
  add_zero

Hint: Omit it from the simp argument list.
  simp only [unitVector, if_true, if_false, mul_zero, zero_add,̵ ̵a̵d̵d̵_̵z̵e̵r̵o̵]

Note: This linter can be disabled with `set_option linter.unusedSimpArgs false`
'AspisV8R19.R799ActiveSourceCellsChunk02.cell_d59_s1_row238_col58' depends on axioms: [propext,
 Classical.choice,
 Quot.sound]
/home/dombarker/project-offloads/aspis-r57-lean-src-20260929-a/AspisV8R19/R799ActiveSourceCellsChunk02.lean:255:34: warning: This simp argument is unused:
  if_false

Hint: Omit it from the simp argument list.
  simp only [unitVector, if_true, i̵f̵_̵f̵a̵l̵s̵e̵,̵ ̵mul_zero, zero_add, add_zero]

Note: This linter can be disabled with `set_option linter.unusedSimpArgs false`
/home/dombarker/project-offloads/aspis-r57-lean-src-20260929-a/AspisV8R19/R799ActiveSourceCellsChunk02.lean:255:44: warning: This simp argument is unused:
  mul_zero

Hint: Omit it from the simp argument list.
  simp only [unitVector, if_true, if_false, m̵u̵l̵_̵zero,̵ ̵z̵e̵r̵o̵_add, add_zero]

Note: This linter can be disabled with `set_option linter.unusedSimpArgs false`
/home/dombarker/project-offloads/aspis-r57-lean-src-20260929-a/AspisV8R19/R799ActiveSourceCellsChunk02.lean:255:54: warning: This simp argument is unused:
  zero_add

Hint: Omit it from the simp argument list.
  simp only [unitVector, if_true, if_false, mul_zero, z̵e̵r̵o̵_̵add,̵ ̵a̵d̵d̵_zero]

Note: This linter can be disabled with `set_option linter.unusedSimpArgs false`
/home/dombarker/project-offloads/aspis-r57-lean-src-20260929-a/AspisV8R19/R799ActiveSourceCellsChunk02.lean:255:64: warning: This simp argument is unused:
  add_zero

Hint: Omit it from the simp argument list.
  simp only [unitVector, if_true, if_false, mul_zero, zero_add,̵ ̵a̵d̵d̵_̵z̵e̵r̵o̵]

Note: This linter can be disabled with `set_option linter.unusedSimpArgs false`
'AspisV8R19.R799ActiveSourceCellsChunk02.cell_d59_s0_row240_col57' depends on axioms: [propext,
 Classical.choice,
 Quot.sound]
/home/dombarker/project-offloads/aspis-r57-lean-src-20260929-a/AspisV8R19/R799ActiveSourceCellsChunk02.lean:289:34: warning: This simp argument is unused:
  if_false

Hint: Omit it from the simp argument list.
  simp only [unitVector, if_true, i̵f̵_̵f̵a̵l̵s̵e̵,̵ ̵mul_zero, zero_add, add_zero]

Note: This linter can be disabled with `set_option linter.unusedSimpArgs false`
/home/dombarker/project-offloads/aspis-r57-lean-src-20260929-a/AspisV8R19/R799ActiveSourceCellsChunk02.lean:289:44: warning: This simp argument is unused:
  mul_zero

Hint: Omit it from the simp argument list.
  simp only [unitVector, if_true, if_false, m̵u̵l̵_̵zero,̵ ̵z̵e̵r̵o̵_add, add_zero]

Note: This linter can be disabled with `set_option linter.unusedSimpArgs false`
/home/dombarker/project-offloads/aspis-r57-lean-src-20260929-a/AspisV8R19/R799ActiveSourceCellsChunk02.lean:289:54: warning: This simp argument is unused:
  zero_add

Hint: Omit it from the simp argument list.
  simp only [unitVector, if_true, if_false, mul_zero, z̵e̵r̵o̵_̵add,̵ ̵a̵d̵d̵_zero]

Note: This linter can be disabled with `set_option linter.unusedSimpArgs false`
/home/dombarker/project-offloads/aspis-r57-lean-src-20260929-a/AspisV8R19/R799ActiveSourceCellsChunk02.lean:289:64: warning: This simp argument is unused:
  add_zero

Hint: Omit it from the simp argument list.
  simp only [unitVector, if_true, if_false, mul_zero, zero_add,̵ ̵a̵d̵d̵_̵z̵e̵r̵o̵]

Note: This linter can be disabled with `set_option linter.unusedSimpArgs false`
'AspisV8R19.R799ActiveSourceCellsChunk02.cell_d59_s1_row240_col58' depends on axioms: [propext,
 Classical.choice,
 Quot.sound]
/home/dombarker/project-offloads/aspis-r57-lean-src-20260929-a/AspisV8R19/R799ActiveSourceCellsChunk02.lean:323:34: warning: This simp argument is unused:
  if_false

Hint: Omit it from the simp argument list.
  simp only [unitVector, if_true, i̵f̵_̵f̵a̵l̵s̵e̵,̵ ̵mul_zero, zero_add, add_zero]

Note: This linter can be disabled with `set_option linter.unusedSimpArgs false`
/home/dombarker/project-offloads/aspis-r57-lean-src-20260929-a/AspisV8R19/R799ActiveSourceCellsChunk02.lean:323:44: warning: This simp argument is unused:
  mul_zero

Hint: Omit it from the simp argument list.
  simp only [unitVector, if_true, if_false, m̵u̵l̵_̵zero,̵ ̵z̵e̵r̵o̵_add, add_zero]

Note: This linter can be disabled with `set_option linter.unusedSimpArgs false`
/home/dombarker/project-offloads/aspis-r57-lean-src-20260929-a/AspisV8R19/R799ActiveSourceCellsChunk02.lean:323:54: warning: This simp argument is unused:
  zero_add

Hint: Omit it from the simp argument list.
  simp only [unitVector, if_true, if_false, mul_zero, z̵e̵r̵o̵_̵add,̵ ̵a̵d̵d̵_zero]

Note: This linter can be disabled with `set_option linter.unusedSimpArgs false`
/home/dombarker/project-offloads/aspis-r57-lean-src-20260929-a/AspisV8R19/R799ActiveSourceCellsChunk02.lean:323:64: warning: This simp argument is unused:
  add_zero

Hint: Omit it from the simp argument list.
  simp only [unitVector, if_true, if_false, mul_zero, zero_add,̵ ̵a̵d̵d̵_̵z̵e̵r̵o̵]

Note: This linter can be disabled with `set_option linter.unusedSimpArgs false`
'AspisV8R19.R799ActiveSourceCellsChunk02.cell_d60_s0_row240_col59' depends on axioms: [propext,
 Classical.choice,
 Quot.sound]
/home/dombarker/project-offloads/aspis-r57-lean-src-20260929-a/AspisV8R19/R799ActiveSourceCellsChunk02.lean:357:34: warning: This simp argument is unused:
  if_false

Hint: Omit it from the simp argument list.
  simp only [unitVector, if_true, i̵f̵_̵f̵a̵l̵s̵e̵,̵ ̵mul_zero, zero_add, add_zero]

Note: This linter can be disabled with `set_option linter.unusedSimpArgs false`
/home/dombarker/project-offloads/aspis-r57-lean-src-20260929-a/AspisV8R19/R799ActiveSourceCellsChunk02.lean:357:44: warning: This simp argument is unused:
  mul_zero

Hint: Omit it from the simp argument list.
  simp only [unitVector, if_true, if_false, m̵u̵l̵_̵zero,̵ ̵z̵e̵r̵o̵_add, add_zero]

Note: This linter can be disabled with `set_option linter.unusedSimpArgs false`
/home/dombarker/project-offloads/aspis-r57-lean-src-20260929-a/AspisV8R19/R799ActiveSourceCellsChunk02.lean:357:54: warning: This simp argument is unused:
  zero_add

Hint: Omit it from the simp argument list.
  simp only [unitVector, if_true, if_false, mul_zero, z̵e̵r̵o̵_̵add,̵ ̵a̵d̵d̵_zero]

Note: This linter can be disabled with `set_option linter.unusedSimpArgs false`
/home/dombarker/project-offloads/aspis-r57-lean-src-20260929-a/AspisV8R19/R799ActiveSourceCellsChunk02.lean:357:64: warning: This simp argument is unused:
  add_zero

Hint: Omit it from the simp argument list.
  simp only [unitVector, if_true, if_false, mul_zero, zero_add,̵ ̵a̵d̵d̵_̵z̵e̵r̵o̵]

Note: This linter can be disabled with `set_option linter.unusedSimpArgs false`
'AspisV8R19.R799ActiveSourceCellsChunk02.cell_d60_s2_row240_col60' depends on axioms: [propext,
 Classical.choice,
 Quot.sound]
/home/dombarker/project-offloads/aspis-r57-lean-src-20260929-a/AspisV8R19/R799ActiveSourceCellsChunk02.lean:391:34: warning: This simp argument is unused:
  if_false

Hint: Omit it from the simp argument list.
  simp only [unitVector, if_true, i̵f̵_̵f̵a̵l̵s̵e̵,̵ ̵mul_zero, zero_add, add_zero]

Note: This linter can be disabled with `set_option linter.unusedSimpArgs false`
/home/dombarker/project-offloads/aspis-r57-lean-src-20260929-a/AspisV8R19/R799ActiveSourceCellsChunk02.lean:391:44: warning: This simp argument is unused:
  mul_zero

Hint: Omit it from the simp argument list.
  simp only [unitVector, if_true, if_false, m̵u̵l̵_̵zero,̵ ̵z̵e̵r̵o̵_add, add_zero]

Note: This linter can be disabled with `set_option linter.unusedSimpArgs false`
/home/dombarker/project-offloads/aspis-r57-lean-src-20260929-a/AspisV8R19/R799ActiveSourceCellsChunk02.lean:391:54: warning: This simp argument is unused:
  zero_add

Hint: Omit it from the simp argument list.
  simp only [unitVector, if_true, if_false, mul_zero, z̵e̵r̵o̵_̵add,̵ ̵a̵d̵d̵_zero]

Note: This linter can be disabled with `set_option linter.unusedSimpArgs false`
/home/dombarker/project-offloads/aspis-r57-lean-src-20260929-a/AspisV8R19/R799ActiveSourceCellsChunk02.lean:391:64: warning: This simp argument is unused:
  add_zero

Hint: Omit it from the simp argument list.
  simp only [unitVector, if_true, if_false, mul_zero, zero_add,̵ ̵a̵d̵d̵_̵z̵e̵r̵o̵]

Note: This linter can be disabled with `set_option linter.unusedSimpArgs false`
'AspisV8R19.R799ActiveSourceCellsChunk02.cell_d61_s0_row240_col61' depends on axioms: [propext,
 Classical.choice,
 Quot.sound]
/home/dombarker/project-offloads/aspis-r57-lean-src-20260929-a/AspisV8R19/R799ActiveSourceCellsChunk02.lean:425:34: warning: This simp argument is unused:
  if_false

Hint: Omit it from the simp argument list.
  simp only [unitVector, if_true, i̵f̵_̵f̵a̵l̵s̵e̵,̵ ̵mul_zero, zero_add, add_zero]

Note: This linter can be disabled with `set_option linter.unusedSimpArgs false`
/home/dombarker/project-offloads/aspis-r57-lean-src-20260929-a/AspisV8R19/R799ActiveSourceCellsChunk02.lean:425:44: warning: This simp argument is unused:
  mul_zero

Hint: Omit it from the simp argument list.
  simp only [unitVector, if_true, if_false, m̵u̵l̵_̵zero,̵ ̵z̵e̵r̵o̵_add, add_zero]

Note: This linter can be disabled with `set_option linter.unusedSimpArgs false`
/home/dombarker/project-offloads/aspis-r57-lean-src-20260929-a/AspisV8R19/R799ActiveSourceCellsChunk02.lean:425:54: warning: This simp argument is unused:
  zero_add

Hint: Omit it from the simp argument list.
  simp only [unitVector, if_true, if_false, mul_zero, z̵e̵r̵o̵_̵add,̵ ̵a̵d̵d̵_zero]

Note: This linter can be disabled with `set_option linter.unusedSimpArgs false`
/home/dombarker/project-offloads/aspis-r57-lean-src-20260929-a/AspisV8R19/R799ActiveSourceCellsChunk02.lean:425:64: warning: This simp argument is unused:
  add_zero

Hint: Omit it from the simp argument list.
  simp only [unitVector, if_true, if_false, mul_zero, zero_add,̵ ̵a̵d̵d̵_̵z̵e̵r̵o̵]

Note: This linter can be disabled with `set_option linter.unusedSimpArgs false`
'AspisV8R19.R799ActiveSourceCellsChunk02.cell_d63_s0_row240_col65' depends on axioms: [propext,
 Classical.choice,
 Quot.sound]
/home/dombarker/project-offloads/aspis-r57-lean-src-20260929-a/AspisV8R19/R799ActiveSourceCellsChunk02.lean:458:34: warning: This simp argument is unused:
  if_false

Hint: Omit it from the simp argument list.
  simp only [unitVector, if_true, i̵f̵_̵f̵a̵l̵s̵e̵,̵ ̵mul_zero, zero_add, add_zero]

Note: This linter can be disabled with `set_option linter.unusedSimpArgs false`
/home/dombarker/project-offloads/aspis-r57-lean-src-20260929-a/AspisV8R19/R799ActiveSourceCellsChunk02.lean:458:44: warning: This simp argument is unused:
  mul_zero

Hint: Omit it from the simp argument list.
  simp only [unitVector, if_true, if_false, m̵u̵l̵_̵zero,̵ ̵z̵e̵r̵o̵_add, add_zero]

Note: This linter can be disabled with `set_option linter.unusedSimpArgs false`
/home/dombarker/project-offloads/aspis-r57-lean-src-20260929-a/AspisV8R19/R799ActiveSourceCellsChunk02.lean:458:54: warning: This simp argument is unused:
  zero_add

Hint: Omit it from the simp argument list.
  simp only [unitVector, if_true, if_false, mul_zero, z̵e̵r̵o̵_̵add,̵ ̵a̵d̵d̵_zero]

Note: This linter can be disabled with `set_option linter.unusedSimpArgs false`
/home/dombarker/project-offloads/aspis-r57-lean-src-20260929-a/AspisV8R19/R799ActiveSourceCellsChunk02.lean:458:64: warning: This simp argument is unused:
  add_zero

Hint: Omit it from the simp argument list.
  simp only [unitVector, if_true, if_false, mul_zero, zero_add,̵ ̵a̵d̵d̵_̵z̵e̵r̵o̵]

Note: This linter can be disabled with `set_option linter.unusedSimpArgs false`
'AspisV8R19.R799ActiveSourceCellsChunk02.cell_d60_s2_row243_col60' depends on axioms: [propext,
 Classical.choice,
 Quot.sound]
/home/dombarker/project-offloads/aspis-r57-lean-src-20260929-a/AspisV8R19/R799ActiveSourceCellsChunk02.lean:491:25: warning: This simp argument is unused:
  if_true

Hint: Omit it from the simp argument list.
  simp only [unitVector, if_t̵r̵u̵e̵,̵ ̵i̵f_̵f̵alse, mul_zero, zero_add, add_zero]

Note: This linter can be disabled with `set_option linter.unusedSimpArgs false`
/home/dombarker/project-offloads/aspis-r57-lean-src-20260929-a/AspisV8R19/R799ActiveSourceCellsChunk02.lean:491:34: warning: This simp argument is unused:
  if_false

Hint: Omit it from the simp argument list.
  simp only [unitVector, if_true, i̵f̵_̵f̵a̵l̵s̵e̵,̵ ̵mul_zero, zero_add, add_zero]

Note: This linter can be disabled with `set_option linter.unusedSimpArgs false`
/home/dombarker/project-offloads/aspis-r57-lean-src-20260929-a/AspisV8R19/R799ActiveSourceCellsChunk02.lean:491:44: warning: This simp argument is unused:
  mul_zero

Hint: Omit it from the simp argument list.
  simp only [unitVector, if_true, if_false, m̵u̵l̵_̵zero,̵ ̵z̵e̵r̵o̵_add, add_zero]

Note: This linter can be disabled with `set_option linter.unusedSimpArgs false`
/home/dombarker/project-offloads/aspis-r57-lean-src-20260929-a/AspisV8R19/R799ActiveSourceCellsChunk02.lean:491:54: warning: This simp argument is unused:
  zero_add

Hint: Omit it from the simp argument list.
  simp only [unitVector, if_true, if_false, mul_zero, z̵e̵r̵o̵_̵add,̵ ̵a̵d̵d̵_zero]

Note: This linter can be disabled with `set_option linter.unusedSimpArgs false`
/home/dombarker/project-offloads/aspis-r57-lean-src-20260929-a/AspisV8R19/R799ActiveSourceCellsChunk02.lean:491:64: warning: This simp argument is unused:
  add_zero

Hint: Omit it from the simp argument list.
  simp only [unitVector, if_true, if_false, mul_zero, zero_add,̵ ̵a̵d̵d̵_̵z̵e̵r̵o̵]

Note: This linter can be disabled with `set_option linter.unusedSimpArgs false`
'AspisV8R19.R799ActiveSourceCellsChunk02.cell_d60_s2_row245_col60' depends on axioms: [propext,
 Classical.choice,
 Quot.sound]
/home/dombarker/project-offloads/aspis-r57-lean-src-20260929-a/AspisV8R19/R799ActiveSourceCellsChunk02.lean:524:34: warning: This simp argument is unused:
  if_false

Hint: Omit it from the simp argument list.
  simp only [unitVector, if_true, i̵f̵_̵f̵a̵l̵s̵e̵,̵ ̵mul_zero, zero_add, add_zero]

Note: This linter can be disabled with `set_option linter.unusedSimpArgs false`
/home/dombarker/project-offloads/aspis-r57-lean-src-20260929-a/AspisV8R19/R799ActiveSourceCellsChunk02.lean:524:44: warning: This simp argument is unused:
  mul_zero

Hint: Omit it from the simp argument list.
  simp only [unitVector, if_true, if_false, m̵u̵l̵_̵zero,̵ ̵z̵e̵r̵o̵_add, add_zero]

Note: This linter can be disabled with `set_option linter.unusedSimpArgs false`
/home/dombarker/project-offloads/aspis-r57-lean-src-20260929-a/AspisV8R19/R799ActiveSourceCellsChunk02.lean:524:54: warning: This simp argument is unused:
  zero_add

Hint: Omit it from the simp argument list.
  simp only [unitVector, if_true, if_false, mul_zero, z̵e̵r̵o̵_̵add,̵ ̵a̵d̵d̵_zero]

Note: This linter can be disabled with `set_option linter.unusedSimpArgs false`
/home/dombarker/project-offloads/aspis-r57-lean-src-20260929-a/AspisV8R19/R799ActiveSourceCellsChunk02.lean:524:64: warning: This simp argument is unused:
  add_zero

Hint: Omit it from the simp argument list.
  simp only [unitVector, if_true, if_false, mul_zero, zero_add,̵ ̵a̵d̵d̵_̵z̵e̵r̵o̵]

Note: This linter can be disabled with `set_option linter.unusedSimpArgs false`
'AspisV8R19.R799ActiveSourceCellsChunk02.cell_d61_s0_row245_col61' depends on axioms: [propext,
 Classical.choice,
 Quot.sound]
/home/dombarker/project-offloads/aspis-r57-lean-src-20260929-a/AspisV8R19/R799ActiveSourceCellsChunk02.lean:557:34: warning: This simp argument is unused:
  if_false

Hint: Omit it from the simp argument list.
  simp only [unitVector, if_true, i̵f̵_̵f̵a̵l̵s̵e̵,̵ ̵mul_zero, zero_add, add_zero]

Note: This linter can be disabled with `set_option linter.unusedSimpArgs false`
/home/dombarker/project-offloads/aspis-r57-lean-src-20260929-a/AspisV8R19/R799ActiveSourceCellsChunk02.lean:557:44: warning: This simp argument is unused:
  mul_zero

Hint: Omit it from the simp argument list.
  simp only [unitVector, if_true, if_false, m̵u̵l̵_̵zero,̵ ̵z̵e̵r̵o̵_add, add_zero]

Note: This linter can be disabled with `set_option linter.unusedSimpArgs false`
/home/dombarker/project-offloads/aspis-r57-lean-src-20260929-a/AspisV8R19/R799ActiveSourceCellsChunk02.lean:557:54: warning: This simp argument is unused:
  zero_add

Hint: Omit it from the simp argument list.
  simp only [unitVector, if_true, if_false, mul_zero, z̵e̵r̵o̵_̵add,̵ ̵a̵d̵d̵_zero]

Note: This linter can be disabled with `set_option linter.unusedSimpArgs false`
/home/dombarker/project-offloads/aspis-r57-lean-src-20260929-a/AspisV8R19/R799ActiveSourceCellsChunk02.lean:557:64: warning: This simp argument is unused:
  add_zero

Hint: Omit it from the simp argument list.
  simp only [unitVector, if_true, if_false, mul_zero, zero_add,̵ ̵a̵d̵d̵_̵z̵e̵r̵o̵]

Note: This linter can be disabled with `set_option linter.unusedSimpArgs false`
'AspisV8R19.R799ActiveSourceCellsChunk02.cell_d61_s2_row245_col62' depends on axioms: [propext,
 Classical.choice,
 Quot.sound]
	Command being timed: "/home/dombarker/.elan/bin/lake --dir /home/dombarker/project-offloads/aspis-r126-release-20260930-a/focus-workspace env lean -j1 -M4500 -R /home/dombarker/project-offloads/aspis-r57-lean-src-20260929-a -o /home/dombarker/project-offloads/aspis-r126-release-20260930-a/lib/AspisV8R19/R799ActiveSourceCellsChunk02.olean /home/dombarker/project-offloads/aspis-r57-lean-src-20260929-a/AspisV8R19/R799ActiveSourceCellsChunk02.lean"
	User time (seconds): 3.54
	System time (seconds): 0.38
	Percent of CPU this job got: 100%
	Elapsed (wall clock) time (h:mm:ss or m:ss): 0:03.90
	Average shared text size (kbytes): 0
	Average unshared data size (kbytes): 0
	Average stack size (kbytes): 0
	Average total size (kbytes): 0
	Maximum resident set size (kbytes): 3332640
	Average resident set size (kbytes): 0
	Major (requiring I/O) page faults: 0
	Minor (reclaiming a frame) page faults: 84007
	Voluntary context switches: 1309
	Involuntary context switches: 56
	Swaps: 0
	File system inputs: 0
	File system outputs: 712
	Socket messages sent: 0
	Socket messages received: 0
	Signals delivered: 0
	Page size (bytes): 4096
	Exit status: 0
Finished with result: success
Main processes terminated with: code=exited/status=0
Service runtime: 3.942s
CPU time consumed: 3.964s
Memory peak: 256.0K
Memory swap peak: 0B
