Warning: Permanently added '100.108.41.90' (ED25519) to the list of known hosts.
Running as unit: aspis-focus-1791153895167751000-907147dd9697.service; invocation ID: 71908eb5a11b4dea916c078ec26bacb3
/home/dombarker/project-offloads/aspis-r57-lean-src-20260929-a/AspisV8R19/R799ActiveSourceCellsChunk30.lean:51:34: warning: This simp argument is unused:
  if_false

Hint: Omit it from the simp argument list.
  simp only [unitVector, if_true, i̵f̵_̵f̵a̵l̵s̵e̵,̵ ̵mul_zero, zero_add, add_zero]

Note: This linter can be disabled with `set_option linter.unusedSimpArgs false`
/home/dombarker/project-offloads/aspis-r57-lean-src-20260929-a/AspisV8R19/R799ActiveSourceCellsChunk30.lean:51:44: warning: This simp argument is unused:
  mul_zero

Hint: Omit it from the simp argument list.
  simp only [unitVector, if_true, if_false, m̵u̵l̵_̵zero,̵ ̵z̵e̵r̵o̵_add, add_zero]

Note: This linter can be disabled with `set_option linter.unusedSimpArgs false`
/home/dombarker/project-offloads/aspis-r57-lean-src-20260929-a/AspisV8R19/R799ActiveSourceCellsChunk30.lean:51:54: warning: This simp argument is unused:
  zero_add

Hint: Omit it from the simp argument list.
  simp only [unitVector, if_true, if_false, mul_zero, z̵e̵r̵o̵_̵add,̵ ̵a̵d̵d̵_zero]

Note: This linter can be disabled with `set_option linter.unusedSimpArgs false`
/home/dombarker/project-offloads/aspis-r57-lean-src-20260929-a/AspisV8R19/R799ActiveSourceCellsChunk30.lean:51:64: warning: This simp argument is unused:
  add_zero

Hint: Omit it from the simp argument list.
  simp only [unitVector, if_true, if_false, mul_zero, zero_add,̵ ̵a̵d̵d̵_̵z̵e̵r̵o̵]

Note: This linter can be disabled with `set_option linter.unusedSimpArgs false`
'AspisV8R19.R799ActiveSourceCellsChunk30.cell_d248_s1_row996_col200' depends on axioms: [propext,
 Classical.choice,
 Quot.sound]
/home/dombarker/project-offloads/aspis-r57-lean-src-20260929-a/AspisV8R19/R799ActiveSourceCellsChunk30.lean:85:34: warning: This simp argument is unused:
  if_false

Hint: Omit it from the simp argument list.
  simp only [unitVector, if_true, i̵f̵_̵f̵a̵l̵s̵e̵,̵ ̵mul_zero, zero_add, add_zero]

Note: This linter can be disabled with `set_option linter.unusedSimpArgs false`
/home/dombarker/project-offloads/aspis-r57-lean-src-20260929-a/AspisV8R19/R799ActiveSourceCellsChunk30.lean:85:44: warning: This simp argument is unused:
  mul_zero

Hint: Omit it from the simp argument list.
  simp only [unitVector, if_true, if_false, m̵u̵l̵_̵zero,̵ ̵z̵e̵r̵o̵_add, add_zero]

Note: This linter can be disabled with `set_option linter.unusedSimpArgs false`
/home/dombarker/project-offloads/aspis-r57-lean-src-20260929-a/AspisV8R19/R799ActiveSourceCellsChunk30.lean:85:54: warning: This simp argument is unused:
  zero_add

Hint: Omit it from the simp argument list.
  simp only [unitVector, if_true, if_false, mul_zero, z̵e̵r̵o̵_̵add,̵ ̵a̵d̵d̵_zero]

Note: This linter can be disabled with `set_option linter.unusedSimpArgs false`
/home/dombarker/project-offloads/aspis-r57-lean-src-20260929-a/AspisV8R19/R799ActiveSourceCellsChunk30.lean:85:64: warning: This simp argument is unused:
  add_zero

Hint: Omit it from the simp argument list.
  simp only [unitVector, if_true, if_false, mul_zero, zero_add,̵ ̵a̵d̵d̵_̵z̵e̵r̵o̵]

Note: This linter can be disabled with `set_option linter.unusedSimpArgs false`
'AspisV8R19.R799ActiveSourceCellsChunk30.cell_d249_s0_row996_col201' depends on axioms: [propext,
 Classical.choice,
 Quot.sound]
/home/dombarker/project-offloads/aspis-r57-lean-src-20260929-a/AspisV8R19/R799ActiveSourceCellsChunk30.lean:119:34: warning: This simp argument is unused:
  if_false

Hint: Omit it from the simp argument list.
  simp only [unitVector, if_true, i̵f̵_̵f̵a̵l̵s̵e̵,̵ ̵mul_zero, zero_add, add_zero]

Note: This linter can be disabled with `set_option linter.unusedSimpArgs false`
/home/dombarker/project-offloads/aspis-r57-lean-src-20260929-a/AspisV8R19/R799ActiveSourceCellsChunk30.lean:119:44: warning: This simp argument is unused:
  mul_zero

Hint: Omit it from the simp argument list.
  simp only [unitVector, if_true, if_false, m̵u̵l̵_̵zero,̵ ̵z̵e̵r̵o̵_add, add_zero]

Note: This linter can be disabled with `set_option linter.unusedSimpArgs false`
/home/dombarker/project-offloads/aspis-r57-lean-src-20260929-a/AspisV8R19/R799ActiveSourceCellsChunk30.lean:119:54: warning: This simp argument is unused:
  zero_add

Hint: Omit it from the simp argument list.
  simp only [unitVector, if_true, if_false, mul_zero, z̵e̵r̵o̵_̵add,̵ ̵a̵d̵d̵_zero]

Note: This linter can be disabled with `set_option linter.unusedSimpArgs false`
/home/dombarker/project-offloads/aspis-r57-lean-src-20260929-a/AspisV8R19/R799ActiveSourceCellsChunk30.lean:119:64: warning: This simp argument is unused:
  add_zero

Hint: Omit it from the simp argument list.
  simp only [unitVector, if_true, if_false, mul_zero, zero_add,̵ ̵a̵d̵d̵_̵z̵e̵r̵o̵]

Note: This linter can be disabled with `set_option linter.unusedSimpArgs false`
'AspisV8R19.R799ActiveSourceCellsChunk30.cell_d249_s1_row996_col202' depends on axioms: [propext,
 Classical.choice,
 Quot.sound]
/home/dombarker/project-offloads/aspis-r57-lean-src-20260929-a/AspisV8R19/R799ActiveSourceCellsChunk30.lean:153:34: warning: This simp argument is unused:
  if_false

Hint: Omit it from the simp argument list.
  simp only [unitVector, if_true, i̵f̵_̵f̵a̵l̵s̵e̵,̵ ̵mul_zero, zero_add, add_zero]

Note: This linter can be disabled with `set_option linter.unusedSimpArgs false`
/home/dombarker/project-offloads/aspis-r57-lean-src-20260929-a/AspisV8R19/R799ActiveSourceCellsChunk30.lean:153:44: warning: This simp argument is unused:
  mul_zero

Hint: Omit it from the simp argument list.
  simp only [unitVector, if_true, if_false, m̵u̵l̵_̵zero,̵ ̵z̵e̵r̵o̵_add, add_zero]

Note: This linter can be disabled with `set_option linter.unusedSimpArgs false`
/home/dombarker/project-offloads/aspis-r57-lean-src-20260929-a/AspisV8R19/R799ActiveSourceCellsChunk30.lean:153:54: warning: This simp argument is unused:
  zero_add

Hint: Omit it from the simp argument list.
  simp only [unitVector, if_true, if_false, mul_zero, z̵e̵r̵o̵_̵add,̵ ̵a̵d̵d̵_zero]

Note: This linter can be disabled with `set_option linter.unusedSimpArgs false`
/home/dombarker/project-offloads/aspis-r57-lean-src-20260929-a/AspisV8R19/R799ActiveSourceCellsChunk30.lean:153:64: warning: This simp argument is unused:
  add_zero

Hint: Omit it from the simp argument list.
  simp only [unitVector, if_true, if_false, mul_zero, zero_add,̵ ̵a̵d̵d̵_̵z̵e̵r̵o̵]

Note: This linter can be disabled with `set_option linter.unusedSimpArgs false`
'AspisV8R19.R799ActiveSourceCellsChunk30.cell_d249_s0_row998_col201' depends on axioms: [propext,
 Classical.choice,
 Quot.sound]
/home/dombarker/project-offloads/aspis-r57-lean-src-20260929-a/AspisV8R19/R799ActiveSourceCellsChunk30.lean:187:34: warning: This simp argument is unused:
  if_false

Hint: Omit it from the simp argument list.
  simp only [unitVector, if_true, i̵f̵_̵f̵a̵l̵s̵e̵,̵ ̵mul_zero, zero_add, add_zero]

Note: This linter can be disabled with `set_option linter.unusedSimpArgs false`
/home/dombarker/project-offloads/aspis-r57-lean-src-20260929-a/AspisV8R19/R799ActiveSourceCellsChunk30.lean:187:44: warning: This simp argument is unused:
  mul_zero

Hint: Omit it from the simp argument list.
  simp only [unitVector, if_true, if_false, m̵u̵l̵_̵zero,̵ ̵z̵e̵r̵o̵_add, add_zero]

Note: This linter can be disabled with `set_option linter.unusedSimpArgs false`
/home/dombarker/project-offloads/aspis-r57-lean-src-20260929-a/AspisV8R19/R799ActiveSourceCellsChunk30.lean:187:54: warning: This simp argument is unused:
  zero_add

Hint: Omit it from the simp argument list.
  simp only [unitVector, if_true, if_false, mul_zero, z̵e̵r̵o̵_̵add,̵ ̵a̵d̵d̵_zero]

Note: This linter can be disabled with `set_option linter.unusedSimpArgs false`
/home/dombarker/project-offloads/aspis-r57-lean-src-20260929-a/AspisV8R19/R799ActiveSourceCellsChunk30.lean:187:64: warning: This simp argument is unused:
  add_zero

Hint: Omit it from the simp argument list.
  simp only [unitVector, if_true, if_false, mul_zero, zero_add,̵ ̵a̵d̵d̵_̵z̵e̵r̵o̵]

Note: This linter can be disabled with `set_option linter.unusedSimpArgs false`
'AspisV8R19.R799ActiveSourceCellsChunk30.cell_d249_s1_row998_col202' depends on axioms: [propext,
 Classical.choice,
 Quot.sound]
/home/dombarker/project-offloads/aspis-r57-lean-src-20260929-a/AspisV8R19/R799ActiveSourceCellsChunk30.lean:221:34: warning: This simp argument is unused:
  if_false

Hint: Omit it from the simp argument list.
  simp only [unitVector, if_true, i̵f̵_̵f̵a̵l̵s̵e̵,̵ ̵mul_zero, zero_add, add_zero]

Note: This linter can be disabled with `set_option linter.unusedSimpArgs false`
/home/dombarker/project-offloads/aspis-r57-lean-src-20260929-a/AspisV8R19/R799ActiveSourceCellsChunk30.lean:221:44: warning: This simp argument is unused:
  mul_zero

Hint: Omit it from the simp argument list.
  simp only [unitVector, if_true, if_false, m̵u̵l̵_̵zero,̵ ̵z̵e̵r̵o̵_add, add_zero]

Note: This linter can be disabled with `set_option linter.unusedSimpArgs false`
/home/dombarker/project-offloads/aspis-r57-lean-src-20260929-a/AspisV8R19/R799ActiveSourceCellsChunk30.lean:221:54: warning: This simp argument is unused:
  zero_add

Hint: Omit it from the simp argument list.
  simp only [unitVector, if_true, if_false, mul_zero, z̵e̵r̵o̵_̵add,̵ ̵a̵d̵d̵_zero]

Note: This linter can be disabled with `set_option linter.unusedSimpArgs false`
/home/dombarker/project-offloads/aspis-r57-lean-src-20260929-a/AspisV8R19/R799ActiveSourceCellsChunk30.lean:221:64: warning: This simp argument is unused:
  add_zero

Hint: Omit it from the simp argument list.
  simp only [unitVector, if_true, if_false, mul_zero, zero_add,̵ ̵a̵d̵d̵_̵z̵e̵r̵o̵]

Note: This linter can be disabled with `set_option linter.unusedSimpArgs false`
'AspisV8R19.R799ActiveSourceCellsChunk30.cell_d249_s0_row1000_col201' depends on axioms: [propext,
 Classical.choice,
 Quot.sound]
/home/dombarker/project-offloads/aspis-r57-lean-src-20260929-a/AspisV8R19/R799ActiveSourceCellsChunk30.lean:255:34: warning: This simp argument is unused:
  if_false

Hint: Omit it from the simp argument list.
  simp only [unitVector, if_true, i̵f̵_̵f̵a̵l̵s̵e̵,̵ ̵mul_zero, zero_add, add_zero]

Note: This linter can be disabled with `set_option linter.unusedSimpArgs false`
/home/dombarker/project-offloads/aspis-r57-lean-src-20260929-a/AspisV8R19/R799ActiveSourceCellsChunk30.lean:255:44: warning: This simp argument is unused:
  mul_zero

Hint: Omit it from the simp argument list.
  simp only [unitVector, if_true, if_false, m̵u̵l̵_̵zero,̵ ̵z̵e̵r̵o̵_add, add_zero]

Note: This linter can be disabled with `set_option linter.unusedSimpArgs false`
/home/dombarker/project-offloads/aspis-r57-lean-src-20260929-a/AspisV8R19/R799ActiveSourceCellsChunk30.lean:255:54: warning: This simp argument is unused:
  zero_add

Hint: Omit it from the simp argument list.
  simp only [unitVector, if_true, if_false, mul_zero, z̵e̵r̵o̵_̵add,̵ ̵a̵d̵d̵_zero]

Note: This linter can be disabled with `set_option linter.unusedSimpArgs false`
/home/dombarker/project-offloads/aspis-r57-lean-src-20260929-a/AspisV8R19/R799ActiveSourceCellsChunk30.lean:255:64: warning: This simp argument is unused:
  add_zero

Hint: Omit it from the simp argument list.
  simp only [unitVector, if_true, if_false, mul_zero, zero_add,̵ ̵a̵d̵d̵_̵z̵e̵r̵o̵]

Note: This linter can be disabled with `set_option linter.unusedSimpArgs false`
'AspisV8R19.R799ActiveSourceCellsChunk30.cell_d249_s1_row1000_col202' depends on axioms: [propext,
 Classical.choice,
 Quot.sound]
/home/dombarker/project-offloads/aspis-r57-lean-src-20260929-a/AspisV8R19/R799ActiveSourceCellsChunk30.lean:289:34: warning: This simp argument is unused:
  if_false

Hint: Omit it from the simp argument list.
  simp only [unitVector, if_true, i̵f̵_̵f̵a̵l̵s̵e̵,̵ ̵mul_zero, zero_add, add_zero]

Note: This linter can be disabled with `set_option linter.unusedSimpArgs false`
/home/dombarker/project-offloads/aspis-r57-lean-src-20260929-a/AspisV8R19/R799ActiveSourceCellsChunk30.lean:289:44: warning: This simp argument is unused:
  mul_zero

Hint: Omit it from the simp argument list.
  simp only [unitVector, if_true, if_false, m̵u̵l̵_̵zero,̵ ̵z̵e̵r̵o̵_add, add_zero]

Note: This linter can be disabled with `set_option linter.unusedSimpArgs false`
/home/dombarker/project-offloads/aspis-r57-lean-src-20260929-a/AspisV8R19/R799ActiveSourceCellsChunk30.lean:289:54: warning: This simp argument is unused:
  zero_add

Hint: Omit it from the simp argument list.
  simp only [unitVector, if_true, if_false, mul_zero, z̵e̵r̵o̵_̵add,̵ ̵a̵d̵d̵_zero]

Note: This linter can be disabled with `set_option linter.unusedSimpArgs false`
/home/dombarker/project-offloads/aspis-r57-lean-src-20260929-a/AspisV8R19/R799ActiveSourceCellsChunk30.lean:289:64: warning: This simp argument is unused:
  add_zero

Hint: Omit it from the simp argument list.
  simp only [unitVector, if_true, if_false, mul_zero, zero_add,̵ ̵a̵d̵d̵_̵z̵e̵r̵o̵]

Note: This linter can be disabled with `set_option linter.unusedSimpArgs false`
'AspisV8R19.R799ActiveSourceCellsChunk30.cell_d250_s0_row1000_col203' depends on axioms: [propext,
 Classical.choice,
 Quot.sound]
/home/dombarker/project-offloads/aspis-r57-lean-src-20260929-a/AspisV8R19/R799ActiveSourceCellsChunk30.lean:323:34: warning: This simp argument is unused:
  if_false

Hint: Omit it from the simp argument list.
  simp only [unitVector, if_true, i̵f̵_̵f̵a̵l̵s̵e̵,̵ ̵mul_zero, zero_add, add_zero]

Note: This linter can be disabled with `set_option linter.unusedSimpArgs false`
/home/dombarker/project-offloads/aspis-r57-lean-src-20260929-a/AspisV8R19/R799ActiveSourceCellsChunk30.lean:323:44: warning: This simp argument is unused:
  mul_zero

Hint: Omit it from the simp argument list.
  simp only [unitVector, if_true, if_false, m̵u̵l̵_̵zero,̵ ̵z̵e̵r̵o̵_add, add_zero]

Note: This linter can be disabled with `set_option linter.unusedSimpArgs false`
/home/dombarker/project-offloads/aspis-r57-lean-src-20260929-a/AspisV8R19/R799ActiveSourceCellsChunk30.lean:323:54: warning: This simp argument is unused:
  zero_add

Hint: Omit it from the simp argument list.
  simp only [unitVector, if_true, if_false, mul_zero, z̵e̵r̵o̵_̵add,̵ ̵a̵d̵d̵_zero]

Note: This linter can be disabled with `set_option linter.unusedSimpArgs false`
/home/dombarker/project-offloads/aspis-r57-lean-src-20260929-a/AspisV8R19/R799ActiveSourceCellsChunk30.lean:323:64: warning: This simp argument is unused:
  add_zero

Hint: Omit it from the simp argument list.
  simp only [unitVector, if_true, if_false, mul_zero, zero_add,̵ ̵a̵d̵d̵_̵z̵e̵r̵o̵]

Note: This linter can be disabled with `set_option linter.unusedSimpArgs false`
'AspisV8R19.R799ActiveSourceCellsChunk30.cell_d250_s1_row1000_col204' depends on axioms: [propext,
 Classical.choice,
 Quot.sound]
/home/dombarker/project-offloads/aspis-r57-lean-src-20260929-a/AspisV8R19/R799ActiveSourceCellsChunk30.lean:357:34: warning: This simp argument is unused:
  if_false

Hint: Omit it from the simp argument list.
  simp only [unitVector, if_true, i̵f̵_̵f̵a̵l̵s̵e̵,̵ ̵mul_zero, zero_add, add_zero]

Note: This linter can be disabled with `set_option linter.unusedSimpArgs false`
/home/dombarker/project-offloads/aspis-r57-lean-src-20260929-a/AspisV8R19/R799ActiveSourceCellsChunk30.lean:357:44: warning: This simp argument is unused:
  mul_zero

Hint: Omit it from the simp argument list.
  simp only [unitVector, if_true, if_false, m̵u̵l̵_̵zero,̵ ̵z̵e̵r̵o̵_add, add_zero]

Note: This linter can be disabled with `set_option linter.unusedSimpArgs false`
/home/dombarker/project-offloads/aspis-r57-lean-src-20260929-a/AspisV8R19/R799ActiveSourceCellsChunk30.lean:357:54: warning: This simp argument is unused:
  zero_add

Hint: Omit it from the simp argument list.
  simp only [unitVector, if_true, if_false, mul_zero, z̵e̵r̵o̵_̵add,̵ ̵a̵d̵d̵_zero]

Note: This linter can be disabled with `set_option linter.unusedSimpArgs false`
/home/dombarker/project-offloads/aspis-r57-lean-src-20260929-a/AspisV8R19/R799ActiveSourceCellsChunk30.lean:357:64: warning: This simp argument is unused:
  add_zero

Hint: Omit it from the simp argument list.
  simp only [unitVector, if_true, if_false, mul_zero, zero_add,̵ ̵a̵d̵d̵_̵z̵e̵r̵o̵]

Note: This linter can be disabled with `set_option linter.unusedSimpArgs false`
'AspisV8R19.R799ActiveSourceCellsChunk30.cell_d251_s0_row1000_col205' depends on axioms: [propext,
 Classical.choice,
 Quot.sound]
/home/dombarker/project-offloads/aspis-r57-lean-src-20260929-a/AspisV8R19/R799ActiveSourceCellsChunk30.lean:391:34: warning: This simp argument is unused:
  if_false

Hint: Omit it from the simp argument list.
  simp only [unitVector, if_true, i̵f̵_̵f̵a̵l̵s̵e̵,̵ ̵mul_zero, zero_add, add_zero]

Note: This linter can be disabled with `set_option linter.unusedSimpArgs false`
/home/dombarker/project-offloads/aspis-r57-lean-src-20260929-a/AspisV8R19/R799ActiveSourceCellsChunk30.lean:391:44: warning: This simp argument is unused:
  mul_zero

Hint: Omit it from the simp argument list.
  simp only [unitVector, if_true, if_false, m̵u̵l̵_̵zero,̵ ̵z̵e̵r̵o̵_add, add_zero]

Note: This linter can be disabled with `set_option linter.unusedSimpArgs false`
/home/dombarker/project-offloads/aspis-r57-lean-src-20260929-a/AspisV8R19/R799ActiveSourceCellsChunk30.lean:391:54: warning: This simp argument is unused:
  zero_add

Hint: Omit it from the simp argument list.
  simp only [unitVector, if_true, if_false, mul_zero, z̵e̵r̵o̵_̵add,̵ ̵a̵d̵d̵_zero]

Note: This linter can be disabled with `set_option linter.unusedSimpArgs false`
/home/dombarker/project-offloads/aspis-r57-lean-src-20260929-a/AspisV8R19/R799ActiveSourceCellsChunk30.lean:391:64: warning: This simp argument is unused:
  add_zero

Hint: Omit it from the simp argument list.
  simp only [unitVector, if_true, if_false, mul_zero, zero_add,̵ ̵a̵d̵d̵_̵z̵e̵r̵o̵]

Note: This linter can be disabled with `set_option linter.unusedSimpArgs false`
'AspisV8R19.R799ActiveSourceCellsChunk30.cell_d251_s1_row1000_col206' depends on axioms: [propext,
 Classical.choice,
 Quot.sound]
/home/dombarker/project-offloads/aspis-r57-lean-src-20260929-a/AspisV8R19/R799ActiveSourceCellsChunk30.lean:425:34: warning: This simp argument is unused:
  if_false

Hint: Omit it from the simp argument list.
  simp only [unitVector, if_true, i̵f̵_̵f̵a̵l̵s̵e̵,̵ ̵mul_zero, zero_add, add_zero]

Note: This linter can be disabled with `set_option linter.unusedSimpArgs false`
/home/dombarker/project-offloads/aspis-r57-lean-src-20260929-a/AspisV8R19/R799ActiveSourceCellsChunk30.lean:425:44: warning: This simp argument is unused:
  mul_zero

Hint: Omit it from the simp argument list.
  simp only [unitVector, if_true, if_false, m̵u̵l̵_̵zero,̵ ̵z̵e̵r̵o̵_add, add_zero]

Note: This linter can be disabled with `set_option linter.unusedSimpArgs false`
/home/dombarker/project-offloads/aspis-r57-lean-src-20260929-a/AspisV8R19/R799ActiveSourceCellsChunk30.lean:425:54: warning: This simp argument is unused:
  zero_add

Hint: Omit it from the simp argument list.
  simp only [unitVector, if_true, if_false, mul_zero, z̵e̵r̵o̵_̵add,̵ ̵a̵d̵d̵_zero]

Note: This linter can be disabled with `set_option linter.unusedSimpArgs false`
/home/dombarker/project-offloads/aspis-r57-lean-src-20260929-a/AspisV8R19/R799ActiveSourceCellsChunk30.lean:425:64: warning: This simp argument is unused:
  add_zero

Hint: Omit it from the simp argument list.
  simp only [unitVector, if_true, if_false, mul_zero, zero_add,̵ ̵a̵d̵d̵_̵z̵e̵r̵o̵]

Note: This linter can be disabled with `set_option linter.unusedSimpArgs false`
'AspisV8R19.R799ActiveSourceCellsChunk30.cell_d250_s0_row1002_col203' depends on axioms: [propext,
 Classical.choice,
 Quot.sound]
/home/dombarker/project-offloads/aspis-r57-lean-src-20260929-a/AspisV8R19/R799ActiveSourceCellsChunk30.lean:459:34: warning: This simp argument is unused:
  if_false

Hint: Omit it from the simp argument list.
  simp only [unitVector, if_true, i̵f̵_̵f̵a̵l̵s̵e̵,̵ ̵mul_zero, zero_add, add_zero]

Note: This linter can be disabled with `set_option linter.unusedSimpArgs false`
/home/dombarker/project-offloads/aspis-r57-lean-src-20260929-a/AspisV8R19/R799ActiveSourceCellsChunk30.lean:459:44: warning: This simp argument is unused:
  mul_zero

Hint: Omit it from the simp argument list.
  simp only [unitVector, if_true, if_false, m̵u̵l̵_̵zero,̵ ̵z̵e̵r̵o̵_add, add_zero]

Note: This linter can be disabled with `set_option linter.unusedSimpArgs false`
/home/dombarker/project-offloads/aspis-r57-lean-src-20260929-a/AspisV8R19/R799ActiveSourceCellsChunk30.lean:459:54: warning: This simp argument is unused:
  zero_add

Hint: Omit it from the simp argument list.
  simp only [unitVector, if_true, if_false, mul_zero, z̵e̵r̵o̵_̵add,̵ ̵a̵d̵d̵_zero]

Note: This linter can be disabled with `set_option linter.unusedSimpArgs false`
/home/dombarker/project-offloads/aspis-r57-lean-src-20260929-a/AspisV8R19/R799ActiveSourceCellsChunk30.lean:459:64: warning: This simp argument is unused:
  add_zero

Hint: Omit it from the simp argument list.
  simp only [unitVector, if_true, if_false, mul_zero, zero_add,̵ ̵a̵d̵d̵_̵z̵e̵r̵o̵]

Note: This linter can be disabled with `set_option linter.unusedSimpArgs false`
'AspisV8R19.R799ActiveSourceCellsChunk30.cell_d250_s1_row1002_col204' depends on axioms: [propext,
 Classical.choice,
 Quot.sound]
/home/dombarker/project-offloads/aspis-r57-lean-src-20260929-a/AspisV8R19/R799ActiveSourceCellsChunk30.lean:493:34: warning: This simp argument is unused:
  if_false

Hint: Omit it from the simp argument list.
  simp only [unitVector, if_true, i̵f̵_̵f̵a̵l̵s̵e̵,̵ ̵mul_zero, zero_add, add_zero]

Note: This linter can be disabled with `set_option linter.unusedSimpArgs false`
/home/dombarker/project-offloads/aspis-r57-lean-src-20260929-a/AspisV8R19/R799ActiveSourceCellsChunk30.lean:493:44: warning: This simp argument is unused:
  mul_zero

Hint: Omit it from the simp argument list.
  simp only [unitVector, if_true, if_false, m̵u̵l̵_̵zero,̵ ̵z̵e̵r̵o̵_add, add_zero]

Note: This linter can be disabled with `set_option linter.unusedSimpArgs false`
/home/dombarker/project-offloads/aspis-r57-lean-src-20260929-a/AspisV8R19/R799ActiveSourceCellsChunk30.lean:493:54: warning: This simp argument is unused:
  zero_add

Hint: Omit it from the simp argument list.
  simp only [unitVector, if_true, if_false, mul_zero, z̵e̵r̵o̵_̵add,̵ ̵a̵d̵d̵_zero]

Note: This linter can be disabled with `set_option linter.unusedSimpArgs false`
/home/dombarker/project-offloads/aspis-r57-lean-src-20260929-a/AspisV8R19/R799ActiveSourceCellsChunk30.lean:493:64: warning: This simp argument is unused:
  add_zero

Hint: Omit it from the simp argument list.
  simp only [unitVector, if_true, if_false, mul_zero, zero_add,̵ ̵a̵d̵d̵_̵z̵e̵r̵o̵]

Note: This linter can be disabled with `set_option linter.unusedSimpArgs false`
'AspisV8R19.R799ActiveSourceCellsChunk30.cell_d250_s0_row1004_col203' depends on axioms: [propext,
 Classical.choice,
 Quot.sound]
/home/dombarker/project-offloads/aspis-r57-lean-src-20260929-a/AspisV8R19/R799ActiveSourceCellsChunk30.lean:527:34: warning: This simp argument is unused:
  if_false

Hint: Omit it from the simp argument list.
  simp only [unitVector, if_true, i̵f̵_̵f̵a̵l̵s̵e̵,̵ ̵mul_zero, zero_add, add_zero]

Note: This linter can be disabled with `set_option linter.unusedSimpArgs false`
/home/dombarker/project-offloads/aspis-r57-lean-src-20260929-a/AspisV8R19/R799ActiveSourceCellsChunk30.lean:527:44: warning: This simp argument is unused:
  mul_zero

Hint: Omit it from the simp argument list.
  simp only [unitVector, if_true, if_false, m̵u̵l̵_̵zero,̵ ̵z̵e̵r̵o̵_add, add_zero]

Note: This linter can be disabled with `set_option linter.unusedSimpArgs false`
/home/dombarker/project-offloads/aspis-r57-lean-src-20260929-a/AspisV8R19/R799ActiveSourceCellsChunk30.lean:527:54: warning: This simp argument is unused:
  zero_add

Hint: Omit it from the simp argument list.
  simp only [unitVector, if_true, if_false, mul_zero, z̵e̵r̵o̵_̵add,̵ ̵a̵d̵d̵_zero]

Note: This linter can be disabled with `set_option linter.unusedSimpArgs false`
/home/dombarker/project-offloads/aspis-r57-lean-src-20260929-a/AspisV8R19/R799ActiveSourceCellsChunk30.lean:527:64: warning: This simp argument is unused:
  add_zero

Hint: Omit it from the simp argument list.
  simp only [unitVector, if_true, if_false, mul_zero, zero_add,̵ ̵a̵d̵d̵_̵z̵e̵r̵o̵]

Note: This linter can be disabled with `set_option linter.unusedSimpArgs false`
'AspisV8R19.R799ActiveSourceCellsChunk30.cell_d250_s1_row1004_col204' depends on axioms: [propext,
 Classical.choice,
 Quot.sound]
/home/dombarker/project-offloads/aspis-r57-lean-src-20260929-a/AspisV8R19/R799ActiveSourceCellsChunk30.lean:561:34: warning: This simp argument is unused:
  if_false

Hint: Omit it from the simp argument list.
  simp only [unitVector, if_true, i̵f̵_̵f̵a̵l̵s̵e̵,̵ ̵mul_zero, zero_add, add_zero]

Note: This linter can be disabled with `set_option linter.unusedSimpArgs false`
/home/dombarker/project-offloads/aspis-r57-lean-src-20260929-a/AspisV8R19/R799ActiveSourceCellsChunk30.lean:561:44: warning: This simp argument is unused:
  mul_zero

Hint: Omit it from the simp argument list.
  simp only [unitVector, if_true, if_false, m̵u̵l̵_̵zero,̵ ̵z̵e̵r̵o̵_add, add_zero]

Note: This linter can be disabled with `set_option linter.unusedSimpArgs false`
/home/dombarker/project-offloads/aspis-r57-lean-src-20260929-a/AspisV8R19/R799ActiveSourceCellsChunk30.lean:561:54: warning: This simp argument is unused:
  zero_add

Hint: Omit it from the simp argument list.
  simp only [unitVector, if_true, if_false, mul_zero, z̵e̵r̵o̵_̵add,̵ ̵a̵d̵d̵_zero]

Note: This linter can be disabled with `set_option linter.unusedSimpArgs false`
/home/dombarker/project-offloads/aspis-r57-lean-src-20260929-a/AspisV8R19/R799ActiveSourceCellsChunk30.lean:561:64: warning: This simp argument is unused:
  add_zero

Hint: Omit it from the simp argument list.
  simp only [unitVector, if_true, if_false, mul_zero, zero_add,̵ ̵a̵d̵d̵_̵z̵e̵r̵o̵]

Note: This linter can be disabled with `set_option linter.unusedSimpArgs false`
'AspisV8R19.R799ActiveSourceCellsChunk30.cell_d251_s0_row1004_col205' depends on axioms: [propext,
 Classical.choice,
 Quot.sound]
	Command being timed: "/home/dombarker/.elan/bin/lake --dir /home/dombarker/project-offloads/aspis-r126-release-20260930-a/focus-workspace env lean -j1 -M4500 -R /home/dombarker/project-offloads/aspis-r57-lean-src-20260929-a -o /home/dombarker/project-offloads/aspis-r126-release-20260930-a/lib/AspisV8R19/R799ActiveSourceCellsChunk30.olean /home/dombarker/project-offloads/aspis-r57-lean-src-20260929-a/AspisV8R19/R799ActiveSourceCellsChunk30.lean"
	User time (seconds): 3.88
	System time (seconds): 0.40
	Percent of CPU this job got: 100%
	Elapsed (wall clock) time (h:mm:ss or m:ss): 0:04.27
	Average shared text size (kbytes): 0
	Average unshared data size (kbytes): 0
	Average stack size (kbytes): 0
	Average total size (kbytes): 0
	Maximum resident set size (kbytes): 3331240
	Average resident set size (kbytes): 0
	Major (requiring I/O) page faults: 0
	Minor (reclaiming a frame) page faults: 84199
	Voluntary context switches: 1305
	Involuntary context switches: 74
	Swaps: 0
	File system inputs: 0
	File system outputs: 672
	Socket messages sent: 0
	Socket messages received: 0
	Signals delivered: 0
	Page size (bytes): 4096
	Exit status: 0
Finished with result: success
Main processes terminated with: code=exited/status=0
Service runtime: 4.308s
CPU time consumed: 4.327s
Memory peak: 288.0K
Memory swap peak: 0B
