'AspisR19.WitnessEntryData.wr_stage' depends on axioms: [propext, Classical.choice, Quot.sound]
'AspisR19.WitnessEntryData.wg_stage' depends on axioms: [propext, Classical.choice, Quot.sound]
'AspisR19.WitnessEntryData.padding' depends on axioms: [propext, Classical.choice, Quot.sound]
	Command being timed: "/home/dombarker/.elan/bin/lake env lean -R /home/dombarker/project-offloads/aspis-r40-lean-src-20260929-a -o /home/dombarker/project-offloads/aspis-r40-lean-20260929-b/lib/AspisV8R19/WitnessEntryInputs.olean /home/dombarker/project-offloads/aspis-r40-lean-src-20260929-a/AspisV8R19/WitnessEntryInputs.lean"
	User time (seconds): 4.72
	System time (seconds): 0.37
	Percent of CPU this job got: 103%
	Elapsed (wall clock) time (h:mm:ss or m:ss): 0:04.89
	Average shared text size (kbytes): 0
	Average unshared data size (kbytes): 0
	Average stack size (kbytes): 0
	Average total size (kbytes): 0
	Maximum resident set size (kbytes): 2830420
	Average resident set size (kbytes): 0
	Major (requiring I/O) page faults: 0
	Minor (reclaiming a frame) page faults: 60749
	Voluntary context switches: 1300
	Involuntary context switches: 85
	Swaps: 0
	File system inputs: 0
	File system outputs: 4040
	Socket messages sent: 0
	Socket messages received: 0
	Signals delivered: 0
	Page size (bytes): 4096
	Exit status: 0
