Warning: Permanently added '100.108.41.90' (ED25519) to the list of known hosts.
Running as unit: aspis-focus-1790953599062113000.service; invocation ID: c398da0a475e4532ae44ff48e0acb8f7
/home/dombarker/project-offloads/aspis-r57-lean-src-20260929-a/AspisV8R19/R384PositiveDeltaDegree.lean:33:2: error: Type mismatch: After simplification, term
  selectorPolynomial_degree Finset.univ (fun i => decide (1014 / 2 ^ (9 - ↑i) % 2 = 1)) z j
 has type
  @LE.le ℕ instLENat (selectorPolynomial Finset.univ (fun i => decide (1014 / 2 ^ (9 - ↑i) % 2 = 1)) z j).natDegree 1
but is expected to have type
  @LE.le ℕ instLENat (rowSelector z j).natDegree 1
'AspisR19.R384PositiveDeltaDegree.residual_degree' depends on axioms: [propext, Classical.choice, Quot.sound]
'AspisR19.R384PositiveDeltaDegree.rowSelector_degree' depends on axioms: [propext,
 sorryAx,
 Classical.choice,
 Quot.sound]
'AspisR19.R384PositiveDeltaDegree.delta_degree' depends on axioms: [propext, sorryAx, Classical.choice, Quot.sound]
Command exited with non-zero status 1
	Command being timed: "/home/dombarker/.elan/bin/lake --dir /home/dombarker/project-offloads/aspis-r126-release-20260930-a/focus-workspace env lean -j1 -M4500 -R /home/dombarker/project-offloads/aspis-r57-lean-src-20260929-a -o /home/dombarker/project-offloads/aspis-r126-release-20260930-a/lib/AspisV8R19/R384PositiveDeltaDegree.olean /home/dombarker/project-offloads/aspis-r57-lean-src-20260929-a/AspisV8R19/R384PositiveDeltaDegree.lean"
	User time (seconds): 6.08
	System time (seconds): 0.30
	Percent of CPU this job got: 100%
	Elapsed (wall clock) time (h:mm:ss or m:ss): 0:06.38
	Average shared text size (kbytes): 0
	Average unshared data size (kbytes): 0
	Average stack size (kbytes): 0
	Average total size (kbytes): 0
	Maximum resident set size (kbytes): 2935112
	Average resident set size (kbytes): 0
	Major (requiring I/O) page faults: 0
	Minor (reclaiming a frame) page faults: 61216
	Voluntary context switches: 504
	Involuntary context switches: 66
	Swaps: 0
	File system inputs: 0
	File system outputs: 0
	Socket messages sent: 0
	Socket messages received: 0
	Signals delivered: 0
	Page size (bytes): 4096
	Exit status: 1
Finished with result: exit-code
Main processes terminated with: code=exited/status=1
Service runtime: 6.414s
CPU time consumed: 6.421s
Memory peak: 328.0K
Memory swap peak: 0B
