Warning: Permanently added '100.108.41.90' (ED25519) to the list of known hosts.
Running as unit: aspis-focus-1791133823633340000.service; invocation ID: 849f0c8c6b644e14a74a9d139b30cbb1
/home/dombarker/project-offloads/aspis-r57-lean-src-20260929-a/AspisV8R19/R732SelectedAbcNorm.lean:24:8: error: Tactic `rewrite` failed: Did not find an occurrence of the pattern
  area ^ 2 + (x0 * x1 + y0 * y1) ^ 2
in the target expression
  area ^ 2 = 0

F : Type u_1
inst✝¹ : Field F
inst✝ : NeZero 2
x0 y0 x1 y1 : F
h0 : x0 ^ 2 + y0 ^ 2 = 1
h1 : x1 ^ 2 + y1 ^ 2 = 1
hx : x1 - x0 ≠ 0
hn : (y0 - y1) ^ 2 + (x1 - x0) ^ 2 = 0
hdot2 : 2 * (x0 * x1 + y0 * y1 - 1) = 0
hdot : x0 * x1 + y0 * y1 = 1
area : F := x0 * y1 - y0 * x1
hsum : area ^ 2 + (x0 * x1 + y0 * y1) ^ 2 = (x0 ^ 2 + y0 ^ 2) * (x1 ^ 2 + y1 ^ 2)
⊢ area ^ 2 = 0
/home/dombarker/project-offloads/aspis-r57-lean-src-20260929-a/AspisV8R19/R732SelectedAbcNorm.lean:27:10: error(lean.unknownIdentifier): Unknown identifier `pow_eq_zero`
'AspisV8R19.R732SelectedAbcNorm.selected_abc_norm_ne_zero' depends on axioms: [propext,
 sorryAx,
 Classical.choice,
 Quot.sound]
Command exited with non-zero status 1
	Command being timed: "/home/dombarker/.elan/bin/lake --dir /home/dombarker/project-offloads/aspis-r126-release-20260930-a/focus-workspace env lean -j1 -M4500 -R /home/dombarker/project-offloads/aspis-r57-lean-src-20260929-a -o /home/dombarker/project-offloads/aspis-r126-release-20260930-a/lib/AspisV8R19/R732SelectedAbcNorm.olean /home/dombarker/project-offloads/aspis-r57-lean-src-20260929-a/AspisV8R19/R732SelectedAbcNorm.lean"
	User time (seconds): 1.02
	System time (seconds): 0.32
	Percent of CPU this job got: 100%
	Elapsed (wall clock) time (h:mm:ss or m:ss): 0:01.34
	Average shared text size (kbytes): 0
	Average unshared data size (kbytes): 0
	Average stack size (kbytes): 0
	Average total size (kbytes): 0
	Maximum resident set size (kbytes): 3247452
	Average resident set size (kbytes): 0
	Major (requiring I/O) page faults: 0
	Minor (reclaiming a frame) page faults: 76621
	Voluntary context switches: 300
	Involuntary context switches: 65
	Swaps: 0
	File system inputs: 0
	File system outputs: 0
	Socket messages sent: 0
	Socket messages received: 0
	Signals delivered: 0
	Page size (bytes): 4096
	Exit status: 1
Finished with result: exit-code
Main processes terminated with: code=exited/status=1
Service runtime: 1.368s
CPU time consumed: 1.373s
Memory peak: 254.1M
Memory swap peak: 0B
