Warning: Permanently added '100.108.41.90' (ED25519) to the list of known hosts.
Running as unit: aspis-focus-1791128379754875000.service; invocation ID: 0c3dfc3cb5e24f968094d0093eae5d41
/home/dombarker/project-offloads/aspis-r57-lean-src-20260929-a/AspisV8R19/R708ClearedCircleSubstitution.lean:19:2: error: Type mismatch: After simplification, term
  natDegree_X_pow_add_C
 has type
  (X ^ 2 + 1).natDegree = 2
but is expected to have type
  (-1 + -X ^ 2).natDegree = 2
/home/dombarker/project-offloads/aspis-r57-lean-src-20260929-a/AspisV8R19/R708ClearedCircleSubstitution.lean:23:24: error: Tactic `rewrite` failed: Did not find an occurrence of the pattern
  (X ^ ?m.17 + C ?m.19).leadingCoeff
in the target expression
  -(X ^ 2 + 1).leadingCoeff = -1

F : Type u_1
inst✝ : Field F
⊢ -(X ^ 2 + 1).leadingCoeff = -1
/home/dombarker/project-offloads/aspis-r57-lean-src-20260929-a/AspisV8R19/R708ClearedCircleSubstitution.lean:44:14: error: typeclass instance problem is stuck
  Semiring ?m.143

Note: Lean will not try to resolve this typeclass instance problem because the type argument to `Semiring` is a metavariable. This argument must be fully determined before Lean will try to resolve the typeclass.

Hint: Adding type annotations and supplying implicit arguments to functions can give Lean more information for typeclass resolution. For example, if you have a variable `x` that you intend to be a `Nat`, but Lean reports it as having an unresolved type like `?m`, replacing `x` with `(x : Nat)` can get typeclass resolution un-stuck.
/home/dombarker/project-offloads/aspis-r57-lean-src-20260929-a/AspisV8R19/R708ClearedCircleSubstitution.lean:49:83: error: unsolved goals
F : Type u_1
inst✝ : Field F
P : F[X]
hP : P ≠ 0
⊢ ∀ x ∈ Finset.range (P.natDegree + 1), C (P.coeff x) * (-(X ^ 2 + 1)) ^ x * X ^ (P.natDegree - x) = ?m.42 x

F : Type u_1
inst✝ : Field F
P : F[X]
hP : P ≠ 0
⊢ ℕ → F[X]
/home/dombarker/project-offloads/aspis-r57-lean-src-20260929-a/AspisV8R19/R708ClearedCircleSubstitution.lean:59:42: error(lean.unknownIdentifier): Unknown identifier `neg_one_ne_zero`
'AspisV8R19.R708ClearedCircleSubstitution.cleared_coeff_top' depends on axioms: [propext,
 sorryAx,
 Classical.choice,
 Quot.sound]
'AspisV8R19.R708ClearedCircleSubstitution.cleared_ne_zero' depends on axioms: [propext,
 sorryAx,
 Classical.choice,
 Quot.sound]
Command exited with non-zero status 1
	Command being timed: "/home/dombarker/.elan/bin/lake --dir /home/dombarker/project-offloads/aspis-r126-release-20260930-a/focus-workspace env lean -j1 -M4500 -R /home/dombarker/project-offloads/aspis-r57-lean-src-20260929-a -o /home/dombarker/project-offloads/aspis-r126-release-20260930-a/lib/AspisV8R19/R708ClearedCircleSubstitution.olean /home/dombarker/project-offloads/aspis-r57-lean-src-20260929-a/AspisV8R19/R708ClearedCircleSubstitution.lean"
	User time (seconds): 1.47
	System time (seconds): 0.32
	Percent of CPU this job got: 101%
	Elapsed (wall clock) time (h:mm:ss or m:ss): 0:01.77
	Average shared text size (kbytes): 0
	Average unshared data size (kbytes): 0
	Average stack size (kbytes): 0
	Average total size (kbytes): 0
	Maximum resident set size (kbytes): 3243504
	Average resident set size (kbytes): 0
	Major (requiring I/O) page faults: 2
	Minor (reclaiming a frame) page faults: 76600
	Voluntary context switches: 899
	Involuntary context switches: 66
	Swaps: 0
	File system inputs: 400
	File system outputs: 0
	Socket messages sent: 0
	Socket messages received: 0
	Signals delivered: 0
	Page size (bytes): 4096
	Exit status: 1
Finished with result: exit-code
Main processes terminated with: code=exited/status=1
Service runtime: 1.806s
CPU time consumed: 1.834s
Memory peak: 328.0K
Memory swap peak: 0B
