Warning: Permanently added '100.108.41.90' (ED25519) to the list of known hosts.
Running as unit: aspis-focus-1791075782179437000.service; invocation ID: 1dede747486c469f85aa67520a6c4c56
/home/dombarker/project-offloads/aspis-r57-lean-src-20260929-a/AspisV8R19/R562ChannelTargetBoundary.lean:39:13: warning: This simp argument is unused:
  Bool.true_eq

Hint: Omit it from the simp argument list.
  simp only [̵B̵o̵o̵l̵.̵t̵r̵u̵e̵_̵e̵q̵,̵ ̵i̵f̵_̵t̵r̵u̵e̵,̵[̲i̲f̲_̲t̲r̲u̲e̲,̲ hmask, hp1, hp2, hbalance, htail, himage, mul_zero, add_zero]

Note: This linter can be disabled with `set_option linter.unusedSimpArgs false`
/home/dombarker/project-offloads/aspis-r57-lean-src-20260929-a/AspisV8R19/R562ChannelTargetBoundary.lean:37:2: warning: 'change _ = 0' tactic does nothing

Note: This linter can be disabled with `set_option linter.unusedTactic false`
/home/dombarker/project-offloads/aspis-r57-lean-src-20260929-a/AspisV8R19/R562ChannelTargetBoundary.lean:63:4: error: `dsimp` made no progress
'AspisV8R19.R562.structured_claim_zero' depends on axioms: [propext, Classical.choice, Quot.sound]
'AspisV8R19.R562.structured_sparse_claim_zero' depends on axioms: [propext, sorryAx, Classical.choice, Quot.sound]
Command exited with non-zero status 1
	Command being timed: "/home/dombarker/.elan/bin/lake --dir /home/dombarker/project-offloads/aspis-r126-release-20260930-a/focus-workspace env lean -j1 -M4500 -R /home/dombarker/project-offloads/aspis-r57-lean-src-20260929-a -o /home/dombarker/project-offloads/aspis-r126-release-20260930-a/lib/AspisV8R19/R562ChannelTargetBoundary.olean /home/dombarker/project-offloads/aspis-r57-lean-src-20260929-a/AspisV8R19/R562ChannelTargetBoundary.lean"
	User time (seconds): 0.66
	System time (seconds): 0.23
	Percent of CPU this job got: 100%
	Elapsed (wall clock) time (h:mm:ss or m:ss): 0:00.89
	Average shared text size (kbytes): 0
	Average unshared data size (kbytes): 0
	Average stack size (kbytes): 0
	Average total size (kbytes): 0
	Maximum resident set size (kbytes): 2291260
	Average resident set size (kbytes): 0
	Major (requiring I/O) page faults: 0
	Minor (reclaiming a frame) page faults: 53188
	Voluntary context switches: 366
	Involuntary context switches: 37
	Swaps: 0
	File system inputs: 0
	File system outputs: 0
	Socket messages sent: 0
	Socket messages received: 0
	Signals delivered: 0
	Page size (bytes): 4096
	Exit status: 1
Finished with result: exit-code
Main processes terminated with: code=exited/status=1
Service runtime: 920ms
CPU time consumed: 922ms
Memory peak: 512.0K
Memory swap peak: 0B
