Warning: Permanently added '100.108.41.90' (ED25519) to the list of known hosts.
Running as unit: aspis-focus-1791049785987321000.service; invocation ID: 9b66496c813a483fb5fadf8063be8523
/home/dombarker/project-offloads/aspis-r57-lean-src-20260929-a/AspisV8R19/R499ChunksConstructorArithmetic.lean:57:4: error: omega could not prove the goal:
a possible counterexample may satisfy the constraints
  d ≥ 0
  c ≥ 0
  c - d ≤ -1
  b ≥ 0
  b - c ≥ 0
  a ≥ 1
where
 a := ↑↑k
 b := ↑↑n
 c := ↑↑k * ↑(↑n / ↑k)
 d := ↑(↑n / ↑k) * ↑↑k
'AspisV8R19.R499ChunksConstructorArithmetic.chunk_partition' depends on axioms: [propext,
 sorryAx,
 Classical.choice,
 Quot.sound]
'AspisV8R19.R499ChunksConstructorArithmetic.selected_chunk_sizes_positive' depends on axioms: [propext,
 Classical.choice,
 Quot.sound]
'AspisV8R19.R499ChunksConstructorArithmetic.remainder_wrapping_sub' depends on axioms: [propext,
 Classical.choice,
 Quot.sound]
Command exited with non-zero status 1
	Command being timed: "/home/dombarker/.elan/bin/lake --dir /home/dombarker/project-offloads/aspis-r126-release-20260930-a/focus-workspace env lean -j1 -M4500 -R /home/dombarker/project-offloads/aspis-r57-lean-src-20260929-a -o /home/dombarker/project-offloads/aspis-r126-release-20260930-a/lib/AspisV8R19/R499ChunksConstructorArithmetic.olean /home/dombarker/project-offloads/aspis-r57-lean-src-20260929-a/AspisV8R19/R499ChunksConstructorArithmetic.lean"
	User time (seconds): 0.81
	System time (seconds): 0.26
	Percent of CPU this job got: 100%
	Elapsed (wall clock) time (h:mm:ss or m:ss): 0:01.07
	Average shared text size (kbytes): 0
	Average unshared data size (kbytes): 0
	Average stack size (kbytes): 0
	Average total size (kbytes): 0
	Maximum resident set size (kbytes): 2527224
	Average resident set size (kbytes): 0
	Major (requiring I/O) page faults: 0
	Minor (reclaiming a frame) page faults: 64357
	Voluntary context switches: 287
	Involuntary context switches: 44
	Swaps: 0
	File system inputs: 0
	File system outputs: 0
	Socket messages sent: 0
	Socket messages received: 0
	Signals delivered: 0
	Page size (bytes): 4096
	Exit status: 1
Finished with result: exit-code
Main processes terminated with: code=exited/status=1
Service runtime: 1.099s
CPU time consumed: 1.101s
Memory peak: 256.0K
Memory swap peak: 0B
