Warning: Permanently added '100.108.41.90' (ED25519) to the list of known hosts.
Running as unit: aspis-focus-1791049110643900000.service; invocation ID: 0c00aca4e70a4b758fe468724f46c02c
/home/dombarker/project-offloads/aspis-r57-lean-src-20260929-a/AspisV8R19/R499ChunksConstructorArithmetic.lean:35:8: error: Tactic `rewrite` failed: Did not find an occurrence of the pattern
  ↑(Usize.wrapping_sub ?x ?y)
in the target expression
  ↑(UScalar.wrapping_sub n r) = ↑n - ↑r

n k : Usize
hk : 0 < ↑k
hnonzero : ↑k ≠ 0
hspec : n % k ⦃ z => ↑z = ↑n % ↑k ⦄
r : UScalar UScalarTy.Usize
hrun : n % k = ok r
hvalue : ↑r = ↑n % ↑k
hrem : UScalar.rem n k = ok r
hr : ↑r = ↑n % ↑k
hr_le : ↑r ≤ ↑n
f : Usize := UScalar.wrapping_sub n r
hn_size : ↑n < UScalar.size UScalarTy.Usize
hr_size : ↑r < UScalar.size UScalarTy.Usize
⊢ ↑(UScalar.wrapping_sub n r) = ↑n - ↑r
'AspisV8R19.R499ChunksConstructorArithmetic.remainder_wrapping_sub' depends on axioms: [propext,
 sorryAx,
 Classical.choice,
 Quot.sound]
Command exited with non-zero status 1
	Command being timed: "/home/dombarker/.elan/bin/lake --dir /home/dombarker/project-offloads/aspis-r126-release-20260930-a/focus-workspace env lean -j1 -M4500 -R /home/dombarker/project-offloads/aspis-r57-lean-src-20260929-a -o /home/dombarker/project-offloads/aspis-r126-release-20260930-a/lib/AspisV8R19/R499ChunksConstructorArithmetic.olean /home/dombarker/project-offloads/aspis-r57-lean-src-20260929-a/AspisV8R19/R499ChunksConstructorArithmetic.lean"
	User time (seconds): 0.74
	System time (seconds): 0.26
	Percent of CPU this job got: 100%
	Elapsed (wall clock) time (h:mm:ss or m:ss): 0:01.00
	Average shared text size (kbytes): 0
	Average unshared data size (kbytes): 0
	Average stack size (kbytes): 0
	Average total size (kbytes): 0
	Maximum resident set size (kbytes): 2523736
	Average resident set size (kbytes): 0
	Major (requiring I/O) page faults: 2
	Minor (reclaiming a frame) page faults: 64317
	Voluntary context switches: 194
	Involuntary context switches: 49
	Swaps: 0
	File system inputs: 256
	File system outputs: 0
	Socket messages sent: 0
	Socket messages received: 0
	Signals delivered: 0
	Page size (bytes): 4096
	Exit status: 1
Finished with result: exit-code
Main processes terminated with: code=exited/status=1
Service runtime: 1.032s
CPU time consumed: 1.039s
Memory peak: 512.0K
Memory swap peak: 0B
