Warning: Permanently added '100.108.41.90' (ED25519) to the list of known hosts.
Running as unit: aspis-focus-1791084076972774000.service; invocation ID: 331449a0fef34f6194e7bf7a9e0b1526
/home/dombarker/project-offloads/aspis-r57-lean-src-20260929-a/AspisV8R19/R574SparseGCorePolynomialScratch.lean:35:0: warning: automatically included section variable(s) unused in theorem `AspisV8R19.R574SparseGCorePolynomial.coreMap_witness`:
  [NeZero 2]
consider restructuring your `variable` declarations so that the variables are not in scope or explicitly omit them:
  omit [NeZero 2] in theorem ...

Note: This linter can be disabled with `set_option linter.unusedSectionVars false`
/home/dombarker/project-offloads/aspis-r57-lean-src-20260929-a/AspisV8R19/R574SparseGCorePolynomialScratch.lean:48:0: warning: automatically included section variable(s) unused in theorem `AspisV8R19.R574SparseGCorePolynomial.sourceChord_components`:
  [NeZero 2]
consider restructuring your `variable` declarations so that the variables are not in scope or explicitly omit them:
  omit [NeZero 2] in theorem ...

Note: This linter can be disabled with `set_option linter.unusedSectionVars false`
/home/dombarker/project-offloads/aspis-r57-lean-src-20260929-a/AspisV8R19/R574SparseGCorePolynomialScratch.lean:59:0: warning: automatically included section variable(s) unused in theorem `AspisV8R19.R574SparseGCorePolynomial.sourceChord_linear`:
  [NeZero 2]
consider restructuring your `variable` declarations so that the variables are not in scope or explicitly omit them:
  omit [NeZero 2] in theorem ...

Note: This linter can be disabled with `set_option linter.unusedSectionVars false`
/home/dombarker/project-offloads/aspis-r57-lean-src-20260929-a/AspisV8R19/R574SparseGCorePolynomialScratch.lean:75:0: warning: automatically included section variable(s) unused in theorem `AspisV8R19.R574SparseGCorePolynomial.extend_add`:
  [NeZero 2]
consider restructuring your `variable` declarations so that the variables are not in scope or explicitly omit them:
  omit [NeZero 2] in theorem ...

Note: This linter can be disabled with `set_option linter.unusedSectionVars false`
/home/dombarker/project-offloads/aspis-r57-lean-src-20260929-a/AspisV8R19/R574SparseGCorePolynomialScratch.lean:81:0: warning: automatically included section variable(s) unused in theorem `AspisV8R19.R574SparseGCorePolynomial.extend_smul`:
  [NeZero 2]
consider restructuring your `variable` declarations so that the variables are not in scope or explicitly omit them:
  omit [NeZero 2] in theorem ...

Note: This linter can be disabled with `set_option linter.unusedSectionVars false`
/home/dombarker/project-offloads/aspis-r57-lean-src-20260929-a/AspisV8R19/R574SparseGCorePolynomialScratch.lean:87:0: warning: automatically included section variable(s) unused in theorem `AspisV8R19.R574SparseGCorePolynomial.channel_add`:
  [NeZero 2]
consider restructuring your `variable` declarations so that the variables are not in scope or explicitly omit them:
  omit [NeZero 2] in theorem ...

Note: This linter can be disabled with `set_option linter.unusedSectionVars false`
/home/dombarker/project-offloads/aspis-r57-lean-src-20260929-a/AspisV8R19/R574SparseGCorePolynomialScratch.lean:90:25: warning: 'ring' tactic does nothing

Note: This linter can be disabled with `set_option linter.unusedTactic false`
/home/dombarker/project-offloads/aspis-r57-lean-src-20260929-a/AspisV8R19/R574SparseGCorePolynomialScratch.lean:90:25: warning: this tactic is never executed

Note: This linter can be disabled with `set_option linter.unreachableTactic false`
/home/dombarker/project-offloads/aspis-r57-lean-src-20260929-a/AspisV8R19/R574SparseGCorePolynomialScratch.lean:92:0: warning: automatically included section variable(s) unused in theorem `AspisV8R19.R574SparseGCorePolynomial.channel_smul`:
  [NeZero 2]
consider restructuring your `variable` declarations so that the variables are not in scope or explicitly omit them:
  omit [NeZero 2] in theorem ...

Note: This linter can be disabled with `set_option linter.unusedSectionVars false`
/home/dombarker/project-offloads/aspis-r57-lean-src-20260929-a/AspisV8R19/R574SparseGCorePolynomialScratch.lean:95:25: warning: 'ring' tactic does nothing

Note: This linter can be disabled with `set_option linter.unusedTactic false`
/home/dombarker/project-offloads/aspis-r57-lean-src-20260929-a/AspisV8R19/R574SparseGCorePolynomialScratch.lean:95:25: warning: this tactic is never executed

Note: This linter can be disabled with `set_option linter.unreachableTactic false`
/home/dombarker/project-offloads/aspis-r57-lean-src-20260929-a/AspisV8R19/R574SparseGCorePolynomialScratch.lean:265:6: error: Tactic `rewrite` failed: Did not find an occurrence of the pattern
  sourceChord ?half (weightedQ ?alpha ?x) ?a ?b ?c ?r
in the target expression
  ![alpha, a, b, c] 1 *
          (sourceChord half (nz (basis j)) 1 0 0 (128 + 3 * ↑i) -
                (eval ![alpha, a, b, c]) (X 0 * C (sourceChord half (ch 1 (basis j)) 1 0 0 (128 + 3 * ↑i))) -
              (eval ![alpha, a, b, c]) (X 0 ^ 2 * C (sourceChord half (ch 2 (basis j)) 1 0 0 (128 + 3 * ↑i))) -
            (eval ![alpha, a, b, c]) (X 0 ^ 3 * C (sourceChord half (ch 3 (basis j)) 1 0 0 (128 + 3 * ↑i)))) +
        ![alpha, a, b, c] 2 *
          (sourceChord half (nz (basis j)) 1 0 0 (128 + 3 * ↑i) -
                (eval ![alpha, a, b, c]) (X 0 * C (sourceChord half (ch 1 (basis j)) 1 0 0 (128 + 3 * ↑i))) -
              (eval ![alpha, a, b, c]) (X 0 ^ 2 * C (sourceChord half (ch 2 (basis j)) 1 0 0 (128 + 3 * ↑i))) -
            (eval ![alpha, a, b, c]) (X 0 ^ 3 * C (sourceChord half (ch 3 (basis j)) 1 0 0 (128 + 3 * ↑i)))) +
      ![alpha, a, b, c] 3 *
        (sourceChord half (nz (basis j)) 1 0 0 (128 + 3 * ↑i) -
              (eval ![alpha, a, b, c]) (X 0 * C (sourceChord half (ch 1 (basis j)) 1 0 0 (128 + 3 * ↑i))) -
            (eval ![alpha, a, b, c]) (X 0 ^ 2 * C (sourceChord half (ch 2 (basis j)) 1 0 0 (128 + 3 * ↑i))) -
          (eval ![alpha, a, b, c]) (X 0 ^ 3 * C (sourceChord half (ch 3 (basis j)) 1 0 0 (128 + 3 * ↑i)))) =
    LinearMap.toMatrix' { toFun := fun x i => coreMap half alpha a b c x i, map_add' := ⋯, map_smul' := ⋯ } i j

F : Type u_1
inst✝¹ : Field F
inst✝ : NeZero 2
half alpha a b c : F
i j : Fin 271
⊢ ![alpha, a, b, c] 1 *
          (sourceChord half (nz (basis j)) 1 0 0 (128 + 3 * ↑i) -
                (eval ![alpha, a, b, c]) (X 0 * C (sourceChord half (ch 1 (basis j)) 1 0 0 (128 + 3 * ↑i))) -
              (eval ![alpha, a, b, c]) (X 0 ^ 2 * C (sourceChord half (ch 2 (basis j)) 1 0 0 (128 + 3 * ↑i))) -
            (eval ![alpha, a, b, c]) (X 0 ^ 3 * C (sourceChord half (ch 3 (basis j)) 1 0 0 (128 + 3 * ↑i)))) +
        ![alpha, a, b, c] 2 *
          (sourceChord half (nz (basis j)) 1 0 0 (128 + 3 * ↑i) -
                (eval ![alpha, a, b, c]) (X 0 * C (sourceChord half (ch 1 (basis j)) 1 0 0 (128 + 3 * ↑i))) -
              (eval ![alpha, a, b, c]) (X 0 ^ 2 * C (sourceChord half (ch 2 (basis j)) 1 0 0 (128 + 3 * ↑i))) -
            (eval ![alpha, a, b, c]) (X 0 ^ 3 * C (sourceChord half (ch 3 (basis j)) 1 0 0 (128 + 3 * ↑i)))) +
      ![alpha, a, b, c] 3 *
        (sourceChord half (nz (basis j)) 1 0 0 (128 + 3 * ↑i) -
              (eval ![alpha, a, b, c]) (X 0 * C (sourceChord half (ch 1 (basis j)) 1 0 0 (128 + 3 * ↑i))) -
            (eval ![alpha, a, b, c]) (X 0 ^ 2 * C (sourceChord half (ch 2 (basis j)) 1 0 0 (128 + 3 * ↑i))) -
          (eval ![alpha, a, b, c]) (X 0 ^ 3 * C (sourceChord half (ch 3 (basis j)) 1 0 0 (128 + 3 * ↑i)))) =
    LinearMap.toMatrix' { toFun := fun x i => coreMap half alpha a b c x i, map_add' := ⋯, map_smul' := ⋯ } i j

Note: The target expression is not type-correct under the `instances` transparency level, which may have triggered the failure. This is usually caused by unfolding of semireducible definitions in prior tactic steps. Use `set_option linter.tacticCheckInstances true` to investigate the source of the issue.
Full error:
  function expected
    LinearMap.toMatrix' { toFun := fun x i => coreMap half alpha a b c x i, map_add' := ⋯, map_smul' := ⋯ } i
/home/dombarker/project-offloads/aspis-r57-lean-src-20260929-a/AspisV8R19/R574SparseGCorePolynomialScratch.lean:264:29: warning: This simp argument is unused:
  coreAssignment

Hint: Omit it from the simp argument list.
  simp only [eval_C, eval_X,̵ ̵c̵o̵r̵e̵A̵s̵s̵i̵g̵n̵m̵e̵n̵t̵]

Note: This linter can be disabled with `set_option linter.unusedSimpArgs false`
/home/dombarker/project-offloads/aspis-r57-lean-src-20260929-a/AspisV8R19/R574SparseGCorePolynomialScratch.lean:296:4: warning: try 'simp' instead of 'simpa'

Note: This linter can be disabled with `set_option linter.unnecessarySimpa false`
/home/dombarker/project-offloads/aspis-r57-lean-src-20260929-a/AspisV8R19/R574SparseGCorePolynomialScratch.lean:305:40: error: Application type mismatch: The argument
  h0
has type
  ((@C F (Fin 4) Field.toSemifield.toCommSemiring) (sourceBasisValue half q0 i)).totalDegree ≤ 0
but is expected to have type
  ((@C F ℕ Field.toSemifield.toCommSemiring) (sourceBasisValue half q0 i)).totalDegree ≤ 1
in the application
  max_le h0
/home/dombarker/project-offloads/aspis-r57-lean-src-20260929-a/AspisV8R19/R574SparseGCorePolynomialScratch.lean:308:40: error: Application type mismatch: The argument
  hab
has type
  (C (sourceBasisValue half q0 i) - X 0 * C (sourceBasisValue half q1 i)).totalDegree ≤ 1
but is expected to have type
  (C (sourceBasisValue half q0 i) - X 0 * C (sourceBasisValue half q1 i)).totalDegree ≤ 2
in the application
  max_le hab
/home/dombarker/project-offloads/aspis-r57-lean-src-20260929-a/AspisV8R19/R574SparseGCorePolynomialScratch.lean:289:0: error: (deterministic) timeout at `whnf`, maximum number of heartbeats (200000) has been reached

Note: Use `set_option maxHeartbeats <num>` to set the limit.

Hint: Additional diagnostic information may be available using the `set_option diagnostics true` command.
/home/dombarker/project-offloads/aspis-r57-lean-src-20260929-a/AspisV8R19/R574SparseGCorePolynomialScratch.lean:311:8: error: (kernel) unknown constant 'AspisV8R19.R574SparseGCorePolynomial.componentPolynomial_degree'
'AspisV8R19.R574SparseGCorePolynomial.weightedQ_one' depends on axioms: [propext, Quot.sound]
'AspisV8R19.R574SparseGCorePolynomial.coreMap_witness' depends on axioms: [propext, Classical.choice, Quot.sound]
'AspisV8R19.R574SparseGCorePolynomial.sourceChord_components' depends on axioms: [propext, Classical.choice, Quot.sound]
'AspisV8R19.R574SparseGCorePolynomial.sourceChord_linear' depends on axioms: [propext, Classical.choice, Quot.sound]
'AspisV8R19.R574SparseGCorePolynomial.coreMatrix_mulVec' depends on axioms: [propext, Classical.choice, Quot.sound]
'AspisV8R19.R574SparseGCorePolynomial.coreMatrix_witness_det_ne_zero' depends on axioms: [propext,
 Classical.choice,
 Quot.sound]
'AspisV8R19.R574SparseGCorePolynomial.coreEntryPolynomial_eval' depends on axioms: [propext,
 sorryAx,
 Classical.choice,
 Quot.sound]
'AspisV8R19.R574SparseGCorePolynomial.corePolynomialDet_ne_zero' depends on axioms: [propext,
 sorryAx,
 Classical.choice,
 Quot.sound]
'AspisV8R19.R574SparseGCorePolynomial.coreEntryPolynomial_degree' depends on axioms: [propext,
 Classical.choice,
 Quot.sound,
 coreEntryPolynomial_degree]
'AspisV8R19.R574SparseGCorePolynomial.corePolynomialDet_degree' depends on axioms: [propext,
 Classical.choice,
 Quot.sound,
 coreEntryPolynomial_degree]
/home/dombarker/project-offloads/aspis-r57-lean-src-20260929-a/AspisV8R19/R574SparseGCorePolynomialScratch.lean:340:0: error: Unexpected name `AspisV8R19.R574SparseGCorePolynomial` after `end`: The current section is unnamed

Hint: Delete the name `AspisV8R19.R574SparseGCorePolynomial` to end the current unnamed scope; outer named scopes can then be closed using additional `end` command(s):
  end ̵A̵s̵p̵i̵s̵V̵8̵R̵1̵9̵.̵R̵5̵7̵4̵S̵p̵a̵r̵s̵e̵G̵C̵o̵r̵e̵P̵o̵l̵y̵n̵o̵m̵i̵a̵l̵
Command exited with non-zero status 1
	Command being timed: "/home/dombarker/.elan/bin/lake --dir /home/dombarker/project-offloads/aspis-r126-release-20260930-a/focus-workspace env lean -j1 -M4500 -R /home/dombarker/project-offloads/aspis-r57-lean-src-20260929-a -o /home/dombarker/project-offloads/aspis-r126-release-20260930-a/lib/AspisV8R19/R574SparseGCorePolynomialScratch.olean /home/dombarker/project-offloads/aspis-r57-lean-src-20260929-a/AspisV8R19/R574SparseGCorePolynomialScratch.lean"
	User time (seconds): 10.77
	System time (seconds): 0.25
	Percent of CPU this job got: 100%
	Elapsed (wall clock) time (h:mm:ss or m:ss): 0:10.97
	Average shared text size (kbytes): 0
	Average unshared data size (kbytes): 0
	Average stack size (kbytes): 0
	Average total size (kbytes): 0
	Maximum resident set size (kbytes): 2268052
	Average resident set size (kbytes): 0
	Major (requiring I/O) page faults: 0
	Minor (reclaiming a frame) page faults: 55488
	Voluntary context switches: 2227
	Involuntary context switches: 120
	Swaps: 0
	File system inputs: 0
	File system outputs: 0
	Socket messages sent: 0
	Socket messages received: 0
	Signals delivered: 0
	Page size (bytes): 4096
	Exit status: 1
Finished with result: exit-code
Main processes terminated with: code=exited/status=1
Service runtime: 10.998s
CPU time consumed: 11.056s
Memory peak: 328.0K
Memory swap peak: 0B
