Warning: Permanently added '100.108.41.90' (ED25519) to the list of known hosts.
Running as unit: aspis-focus-1791082637766017000.service; invocation ID: 499a1f2341cd4760aed404fde5cdc120
/home/dombarker/project-offloads/aspis-r57-lean-src-20260929-a/AspisV8R19/R574SparseGCorePolynomial.lean:33:0: warning: automatically included section variable(s) unused in theorem `AspisV8R19.R574SparseGCorePolynomial.coreMap_witness`:
  [NeZero 2]
consider restructuring your `variable` declarations so that the variables are not in scope or explicitly omit them:
  omit [NeZero 2] in theorem ...

Note: This linter can be disabled with `set_option linter.unusedSectionVars false`
'AspisV8R19.R574SparseGCorePolynomial.weightedQ_one' depends on axioms: [propext, Quot.sound]
'AspisV8R19.R574SparseGCorePolynomial.coreMap_witness' depends on axioms: [propext, Classical.choice, Quot.sound]
	Command being timed: "/home/dombarker/.elan/bin/lake --dir /home/dombarker/project-offloads/aspis-r126-release-20260930-a/focus-workspace env lean -j1 -M4500 -R /home/dombarker/project-offloads/aspis-r57-lean-src-20260929-a -o /home/dombarker/project-offloads/aspis-r126-release-20260930-a/lib/AspisV8R19/R574SparseGCorePolynomial.olean /home/dombarker/project-offloads/aspis-r57-lean-src-20260929-a/AspisV8R19/R574SparseGCorePolynomial.lean"
	User time (seconds): 0.73
	System time (seconds): 0.22
	Percent of CPU this job got: 100%
	Elapsed (wall clock) time (h:mm:ss or m:ss): 0:00.95
	Average shared text size (kbytes): 0
	Average unshared data size (kbytes): 0
	Average stack size (kbytes): 0
	Average total size (kbytes): 0
	Maximum resident set size (kbytes): 2252388
	Average resident set size (kbytes): 0
	Major (requiring I/O) page faults: 0
	Minor (reclaiming a frame) page faults: 52254
	Voluntary context switches: 604
	Involuntary context switches: 48
	Swaps: 0
	File system inputs: 0
	File system outputs: 336
	Socket messages sent: 0
	Socket messages received: 0
	Signals delivered: 0
	Page size (bytes): 4096
	Exit status: 0
Finished with result: success
Main processes terminated with: code=exited/status=0
Service runtime: 977ms
CPU time consumed: 979ms
Memory peak: 552.0K
Memory swap peak: 0B
