Warning: Permanently added '100.108.41.90' (ED25519) to the list of known hosts.
Running as unit: aspis-focus-1791083314387110000.service; invocation ID: c4e9b951fa6d4559b9327eaf33ea52f1
/home/dombarker/project-offloads/aspis-r57-lean-src-20260929-a/AspisV8R19/R574SparseGCorePolynomial.lean:34:0: warning: automatically included section variable(s) unused in theorem `AspisV8R19.R574SparseGCorePolynomial.coreMap_witness`:
  [NeZero 2]
consider restructuring your `variable` declarations so that the variables are not in scope or explicitly omit them:
  omit [NeZero 2] in theorem ...

Note: This linter can be disabled with `set_option linter.unusedSectionVars false`
/home/dombarker/project-offloads/aspis-r57-lean-src-20260929-a/AspisV8R19/R574SparseGCorePolynomial.lean:56:2: error: Type mismatch
  chordCoefficient_components ?m.57 ?m.58 q a b c r
has type
  chordCoefficient ?m.57 ?m.58 q a b c r =
    a * chordCoefficient ?m.57 ?m.58 q 1 0 0 r + b * chordCoefficient ?m.57 ?m.58 q 0 1 0 r +
      c * chordCoefficient ?m.57 ?m.58 q 0 0 1 r
but is expected to have type
  chordCoefficient (sourceEdges half 512) (sourceEdges half 513) (zeroExtend (2 * 512) q) a b c r =
    a * chordCoefficient (sourceEdges half 512) (sourceEdges half 513) (zeroExtend (2 * 512) q) 1 0 0 r +
        b * chordCoefficient (sourceEdges half 512) (sourceEdges half 513) (zeroExtend (2 * 512) q) 0 1 0 r +
      c * chordCoefficient (sourceEdges half 512) (sourceEdges half 513) (zeroExtend (2 * 512) q) 0 0 1 r
/home/dombarker/project-offloads/aspis-r57-lean-src-20260929-a/AspisV8R19/R574SparseGCorePolynomial.lean:58:0: warning: automatically included section variable(s) unused in theorem `AspisV8R19.R574SparseGCorePolynomial.sourceChord_linear`:
  [NeZero 2]
consider restructuring your `variable` declarations so that the variables are not in scope or explicitly omit them:
  omit [NeZero 2] in theorem ...

Note: This linter can be disabled with `set_option linter.unusedSectionVars false`
/home/dombarker/project-offloads/aspis-r57-lean-src-20260929-a/AspisV8R19/R574SparseGCorePolynomial.lean:74:0: warning: automatically included section variable(s) unused in theorem `AspisV8R19.R574SparseGCorePolynomial.extend_add`:
  [NeZero 2]
consider restructuring your `variable` declarations so that the variables are not in scope or explicitly omit them:
  omit [NeZero 2] in theorem ...

Note: This linter can be disabled with `set_option linter.unusedSectionVars false`
/home/dombarker/project-offloads/aspis-r57-lean-src-20260929-a/AspisV8R19/R574SparseGCorePolynomial.lean:80:0: warning: automatically included section variable(s) unused in theorem `AspisV8R19.R574SparseGCorePolynomial.extend_smul`:
  [NeZero 2]
consider restructuring your `variable` declarations so that the variables are not in scope or explicitly omit them:
  omit [NeZero 2] in theorem ...

Note: This linter can be disabled with `set_option linter.unusedSectionVars false`
/home/dombarker/project-offloads/aspis-r57-lean-src-20260929-a/AspisV8R19/R574SparseGCorePolynomial.lean:86:0: warning: automatically included section variable(s) unused in theorem `AspisV8R19.R574SparseGCorePolynomial.channel_add`:
  [NeZero 2]
consider restructuring your `variable` declarations so that the variables are not in scope or explicitly omit them:
  omit [NeZero 2] in theorem ...

Note: This linter can be disabled with `set_option linter.unusedSectionVars false`
/home/dombarker/project-offloads/aspis-r57-lean-src-20260929-a/AspisV8R19/R574SparseGCorePolynomial.lean:89:25: warning: 'ring' tactic does nothing

Note: This linter can be disabled with `set_option linter.unusedTactic false`
/home/dombarker/project-offloads/aspis-r57-lean-src-20260929-a/AspisV8R19/R574SparseGCorePolynomial.lean:89:25: warning: this tactic is never executed

Note: This linter can be disabled with `set_option linter.unreachableTactic false`
/home/dombarker/project-offloads/aspis-r57-lean-src-20260929-a/AspisV8R19/R574SparseGCorePolynomial.lean:91:0: warning: automatically included section variable(s) unused in theorem `AspisV8R19.R574SparseGCorePolynomial.channel_smul`:
  [NeZero 2]
consider restructuring your `variable` declarations so that the variables are not in scope or explicitly omit them:
  omit [NeZero 2] in theorem ...

Note: This linter can be disabled with `set_option linter.unusedSectionVars false`
/home/dombarker/project-offloads/aspis-r57-lean-src-20260929-a/AspisV8R19/R574SparseGCorePolynomial.lean:94:25: warning: 'ring' tactic does nothing

Note: This linter can be disabled with `set_option linter.unusedTactic false`
/home/dombarker/project-offloads/aspis-r57-lean-src-20260929-a/AspisV8R19/R574SparseGCorePolynomial.lean:94:25: warning: this tactic is never executed

Note: This linter can be disabled with `set_option linter.unreachableTactic false`
/home/dombarker/project-offloads/aspis-r57-lean-src-20260929-a/AspisV8R19/R574SparseGCorePolynomial.lean:190:71: error: unsolved goals
F : Type u_1
inst✝¹ : Field F
inst✝ : NeZero 2
half alpha a b c : F
x : Fin 271 → F
i : Fin 271
hx : x = ∑ j, x j • basis j
⊢ coreMap half alpha a b c (∑ j, x j • basis j) i = coreMap half alpha a b c (∑ j, (∑ j, x j • basis j) j • basis j) i
/home/dombarker/project-offloads/aspis-r57-lean-src-20260929-a/AspisV8R19/R574SparseGCorePolynomial.lean:192:8: error: `simp` made no progress
'AspisV8R19.R574SparseGCorePolynomial.weightedQ_one' depends on axioms: [propext, Quot.sound]
'AspisV8R19.R574SparseGCorePolynomial.coreMap_witness' depends on axioms: [propext, Classical.choice, Quot.sound]
'AspisV8R19.R574SparseGCorePolynomial.sourceChord_components' depends on axioms: [propext,
 sorryAx,
 Classical.choice,
 Quot.sound]
'AspisV8R19.R574SparseGCorePolynomial.sourceChord_linear' depends on axioms: [propext, Classical.choice, Quot.sound]
'AspisV8R19.R574SparseGCorePolynomial.coreMatrix_mulVec' depends on axioms: [propext,
 sorryAx,
 Classical.choice,
 Quot.sound]
'AspisV8R19.R574SparseGCorePolynomial.coreMatrix_witness_det_ne_zero' depends on axioms: [propext,
 sorryAx,
 Classical.choice,
 Quot.sound]
Command exited with non-zero status 1
	Command being timed: "/home/dombarker/.elan/bin/lake --dir /home/dombarker/project-offloads/aspis-r126-release-20260930-a/focus-workspace env lean -j1 -M4500 -R /home/dombarker/project-offloads/aspis-r57-lean-src-20260929-a -o /home/dombarker/project-offloads/aspis-r126-release-20260930-a/lib/AspisV8R19/R574SparseGCorePolynomial.olean /home/dombarker/project-offloads/aspis-r57-lean-src-20260929-a/AspisV8R19/R574SparseGCorePolynomial.lean"
	User time (seconds): 2.44
	System time (seconds): 0.22
	Percent of CPU this job got: 104%
	Elapsed (wall clock) time (h:mm:ss or m:ss): 0:02.55
	Average shared text size (kbytes): 0
	Average unshared data size (kbytes): 0
	Average stack size (kbytes): 0
	Average total size (kbytes): 0
	Maximum resident set size (kbytes): 2261064
	Average resident set size (kbytes): 0
	Major (requiring I/O) page faults: 0
	Minor (reclaiming a frame) page faults: 53268
	Voluntary context switches: 1443
	Involuntary context switches: 55
	Swaps: 0
	File system inputs: 0
	File system outputs: 0
	Socket messages sent: 0
	Socket messages received: 0
	Signals delivered: 0
	Page size (bytes): 4096
	Exit status: 1
Finished with result: exit-code
Main processes terminated with: code=exited/status=1
Service runtime: 2.590s
CPU time consumed: 2.715s
Memory peak: 288.0K
Memory swap peak: 0B
