Warning: Permanently added '100.108.41.90' (ED25519) to the list of known hosts.
Running as unit: aspis-focus-1791084549748639000.service; invocation ID: 7372e3488166400d85edb45370931a8d
/home/dombarker/project-offloads/aspis-r57-lean-src-20260929-a/AspisV8R19/R574SparseGCorePolynomialScratch.lean:35:0: warning: automatically included section variable(s) unused in theorem `AspisV8R19.R574SparseGCorePolynomial.coreMap_witness`:
  [NeZero 2]
consider restructuring your `variable` declarations so that the variables are not in scope or explicitly omit them:
  omit [NeZero 2] in theorem ...

Note: This linter can be disabled with `set_option linter.unusedSectionVars false`
/home/dombarker/project-offloads/aspis-r57-lean-src-20260929-a/AspisV8R19/R574SparseGCorePolynomialScratch.lean:48:0: warning: automatically included section variable(s) unused in theorem `AspisV8R19.R574SparseGCorePolynomial.sourceChord_components`:
  [NeZero 2]
consider restructuring your `variable` declarations so that the variables are not in scope or explicitly omit them:
  omit [NeZero 2] in theorem ...

Note: This linter can be disabled with `set_option linter.unusedSectionVars false`
/home/dombarker/project-offloads/aspis-r57-lean-src-20260929-a/AspisV8R19/R574SparseGCorePolynomialScratch.lean:59:0: warning: automatically included section variable(s) unused in theorem `AspisV8R19.R574SparseGCorePolynomial.sourceChord_linear`:
  [NeZero 2]
consider restructuring your `variable` declarations so that the variables are not in scope or explicitly omit them:
  omit [NeZero 2] in theorem ...

Note: This linter can be disabled with `set_option linter.unusedSectionVars false`
/home/dombarker/project-offloads/aspis-r57-lean-src-20260929-a/AspisV8R19/R574SparseGCorePolynomialScratch.lean:75:0: warning: automatically included section variable(s) unused in theorem `AspisV8R19.R574SparseGCorePolynomial.extend_add`:
  [NeZero 2]
consider restructuring your `variable` declarations so that the variables are not in scope or explicitly omit them:
  omit [NeZero 2] in theorem ...

Note: This linter can be disabled with `set_option linter.unusedSectionVars false`
/home/dombarker/project-offloads/aspis-r57-lean-src-20260929-a/AspisV8R19/R574SparseGCorePolynomialScratch.lean:81:0: warning: automatically included section variable(s) unused in theorem `AspisV8R19.R574SparseGCorePolynomial.extend_smul`:
  [NeZero 2]
consider restructuring your `variable` declarations so that the variables are not in scope or explicitly omit them:
  omit [NeZero 2] in theorem ...

Note: This linter can be disabled with `set_option linter.unusedSectionVars false`
/home/dombarker/project-offloads/aspis-r57-lean-src-20260929-a/AspisV8R19/R574SparseGCorePolynomialScratch.lean:87:0: warning: automatically included section variable(s) unused in theorem `AspisV8R19.R574SparseGCorePolynomial.channel_add`:
  [NeZero 2]
consider restructuring your `variable` declarations so that the variables are not in scope or explicitly omit them:
  omit [NeZero 2] in theorem ...

Note: This linter can be disabled with `set_option linter.unusedSectionVars false`
/home/dombarker/project-offloads/aspis-r57-lean-src-20260929-a/AspisV8R19/R574SparseGCorePolynomialScratch.lean:90:25: warning: 'ring' tactic does nothing

Note: This linter can be disabled with `set_option linter.unusedTactic false`
/home/dombarker/project-offloads/aspis-r57-lean-src-20260929-a/AspisV8R19/R574SparseGCorePolynomialScratch.lean:90:25: warning: this tactic is never executed

Note: This linter can be disabled with `set_option linter.unreachableTactic false`
/home/dombarker/project-offloads/aspis-r57-lean-src-20260929-a/AspisV8R19/R574SparseGCorePolynomialScratch.lean:92:0: warning: automatically included section variable(s) unused in theorem `AspisV8R19.R574SparseGCorePolynomial.channel_smul`:
  [NeZero 2]
consider restructuring your `variable` declarations so that the variables are not in scope or explicitly omit them:
  omit [NeZero 2] in theorem ...

Note: This linter can be disabled with `set_option linter.unusedSectionVars false`
/home/dombarker/project-offloads/aspis-r57-lean-src-20260929-a/AspisV8R19/R574SparseGCorePolynomialScratch.lean:95:25: warning: 'ring' tactic does nothing

Note: This linter can be disabled with `set_option linter.unusedTactic false`
/home/dombarker/project-offloads/aspis-r57-lean-src-20260929-a/AspisV8R19/R574SparseGCorePolynomialScratch.lean:95:25: warning: this tactic is never executed

Note: This linter can be disabled with `set_option linter.unreachableTactic false`
/home/dombarker/project-offloads/aspis-r57-lean-src-20260929-a/AspisV8R19/R574SparseGCorePolynomialScratch.lean:251:2: error: `dsimp` made no progress
/home/dombarker/project-offloads/aspis-r57-lean-src-20260929-a/AspisV8R19/R574SparseGCorePolynomialScratch.lean:250:31: warning: This simp argument is unused:
  sub_eq_add_neg

Hint: Omit it from the simp argument list.
  simp only [one_mul, neg_mul,̵ ̵s̵u̵b̵_̵e̵q̵_̵a̵d̵d̵_̵n̵e̵g̵] at h3

Note: This linter can be disabled with `set_option linter.unusedSimpArgs false`
/home/dombarker/project-offloads/aspis-r57-lean-src-20260929-a/AspisV8R19/R574SparseGCorePolynomialScratch.lean:285:32: error: Tactic `rewrite` failed: Did not find an occurrence of the pattern
  (eval (coreAssignment ?alpha ?a ?b ?c)) (componentPolynomial ?half ?q0 ?q1 ?q2 ?q3 ?i)
in the target expression
  (eval (coreAssignment alpha a b c)) (X 1) *
          sourceChord half
            (fun n =>
              nz (basis j) n - alpha * ch 1 (basis j) n - alpha ^ 2 * ch 2 (basis j) n - alpha ^ 3 * ch 3 (basis j) n)
            1 0 0 (128 + 3 * ↑i) +
        (eval (coreAssignment alpha a b c)) (X 2) *
          sourceChord half
            (fun n =>
              nz (basis j) n - alpha * ch 1 (basis j) n - alpha ^ 2 * ch 2 (basis j) n - alpha ^ 3 * ch 3 (basis j) n)
            1 0 0 (128 + 3 * ↑i) +
      (eval (coreAssignment alpha a b c)) (X 3) *
        sourceChord half
          (fun n =>
            nz (basis j) n - alpha * ch 1 (basis j) n - alpha ^ 2 * ch 2 (basis j) n - alpha ^ 3 * ch 3 (basis j) n)
          1 0 0 (128 + 3 * ↑i) =
    coreMap half alpha a b c (basis j) i

F : Type u_1
inst✝¹ : Field F
inst✝ : NeZero 2
half alpha a b c : F
i j : Fin 271
⊢ (eval (coreAssignment alpha a b c)) (X 1) *
          sourceChord half
            (fun n =>
              nz (basis j) n - alpha * ch 1 (basis j) n - alpha ^ 2 * ch 2 (basis j) n - alpha ^ 3 * ch 3 (basis j) n)
            1 0 0 (128 + 3 * ↑i) +
        (eval (coreAssignment alpha a b c)) (X 2) *
          sourceChord half
            (fun n =>
              nz (basis j) n - alpha * ch 1 (basis j) n - alpha ^ 2 * ch 2 (basis j) n - alpha ^ 3 * ch 3 (basis j) n)
            1 0 0 (128 + 3 * ↑i) +
      (eval (coreAssignment alpha a b c)) (X 3) *
        sourceChord half
          (fun n =>
            nz (basis j) n - alpha * ch 1 (basis j) n - alpha ^ 2 * ch 2 (basis j) n - alpha ^ 3 * ch 3 (basis j) n)
          1 0 0 (128 + 3 * ↑i) =
    coreMap half alpha a b c (basis j) i
/home/dombarker/project-offloads/aspis-r57-lean-src-20260929-a/AspisV8R19/R574SparseGCorePolynomialScratch.lean:316:4: warning: try 'simp' instead of 'simpa'

Note: This linter can be disabled with `set_option linter.unnecessarySimpa false`
/home/dombarker/project-offloads/aspis-r57-lean-src-20260929-a/AspisV8R19/R574SparseGCorePolynomialScratch.lean:336:50: error: Application type mismatch: The argument
  h3'
has type
  (X 0 ^ 3 * C (sourceBasisValue half q3 i)).totalDegree ≤ 3
but is expected to have type
  (X 0 ^ 3 * C (sourceBasisValue half q3 i)).totalDegree ≤ 2
in the application
  max_le habc h3'
'AspisV8R19.R574SparseGCorePolynomial.weightedQ_one' depends on axioms: [propext, Quot.sound]
'AspisV8R19.R574SparseGCorePolynomial.coreMap_witness' depends on axioms: [propext, Classical.choice, Quot.sound]
'AspisV8R19.R574SparseGCorePolynomial.sourceChord_components' depends on axioms: [propext, Classical.choice, Quot.sound]
'AspisV8R19.R574SparseGCorePolynomial.sourceChord_linear' depends on axioms: [propext, Classical.choice, Quot.sound]
'AspisV8R19.R574SparseGCorePolynomial.coreMatrix_mulVec' depends on axioms: [propext, Classical.choice, Quot.sound]
'AspisV8R19.R574SparseGCorePolynomial.coreMatrix_witness_det_ne_zero' depends on axioms: [propext,
 Classical.choice,
 Quot.sound]
'AspisV8R19.R574SparseGCorePolynomial.coreEntryPolynomial_eval' depends on axioms: [propext,
 sorryAx,
 Classical.choice,
 Quot.sound]
'AspisV8R19.R574SparseGCorePolynomial.corePolynomialDet_ne_zero' depends on axioms: [propext,
 sorryAx,
 Classical.choice,
 Quot.sound]
'AspisV8R19.R574SparseGCorePolynomial.coreEntryPolynomial_degree' depends on axioms: [propext,
 sorryAx,
 Classical.choice,
 Quot.sound]
'AspisV8R19.R574SparseGCorePolynomial.corePolynomialDet_degree' depends on axioms: [propext,
 sorryAx,
 Classical.choice,
 Quot.sound]
Command exited with non-zero status 1
	Command being timed: "/home/dombarker/.elan/bin/lake --dir /home/dombarker/project-offloads/aspis-r126-release-20260930-a/focus-workspace env lean -j1 -M4500 -R /home/dombarker/project-offloads/aspis-r57-lean-src-20260929-a -o /home/dombarker/project-offloads/aspis-r126-release-20260930-a/lib/AspisV8R19/R574SparseGCorePolynomialScratch.olean /home/dombarker/project-offloads/aspis-r57-lean-src-20260929-a/AspisV8R19/R574SparseGCorePolynomialScratch.lean"
	User time (seconds): 2.60
	System time (seconds): 0.26
	Percent of CPU this job got: 101%
	Elapsed (wall clock) time (h:mm:ss or m:ss): 0:02.83
	Average shared text size (kbytes): 0
	Average unshared data size (kbytes): 0
	Average stack size (kbytes): 0
	Average total size (kbytes): 0
	Maximum resident set size (kbytes): 2269052
	Average resident set size (kbytes): 0
	Major (requiring I/O) page faults: 0
	Minor (reclaiming a frame) page faults: 54521
	Voluntary context switches: 2241
	Involuntary context switches: 42
	Swaps: 0
	File system inputs: 0
	File system outputs: 0
	Socket messages sent: 0
	Socket messages received: 0
	Signals delivered: 0
	Page size (bytes): 4096
	Exit status: 1
Finished with result: exit-code
Main processes terminated with: code=exited/status=1
Service runtime: 2.867s
CPU time consumed: 2.899s
Memory peak: 516.0K
Memory swap peak: 0B
