Warning: Permanently added '100.108.41.90' (ED25519) to the list of known hosts.
Running as unit: aspis-focus-1791145195036881000.service; invocation ID: 3c140c4fda0c4aefa0924001897d9756
'AspisR19.R759Point1TransportLeaves.transport_leaf_0891' depends on axioms: [propext, Classical.choice, Quot.sound]
'AspisR19.R759Point1TransportLeaves.transport_leaf_0892' depends on axioms: [propext, Classical.choice, Quot.sound]
'AspisR19.R759Point1TransportLeaves.transport_leaf_0893' depends on axioms: [propext, Classical.choice, Quot.sound]
'AspisR19.R759Point1TransportLeaves.transport_leaf_0894' depends on axioms: [propext, Classical.choice, Quot.sound]
'AspisR19.R759Point1TransportLeaves.transport_leaf_0895' depends on axioms: [propext, Classical.choice, Quot.sound]
'AspisR19.R759Point1TransportLeaves.transport_leaf_0992' depends on axioms: [propext, Classical.choice, Quot.sound]
'AspisR19.R759Point1TransportLeaves.transport_leaf_0993' depends on axioms: [propext, Classical.choice, Quot.sound]
'AspisR19.R759Point1TransportLeaves.transport_leaf_0994' depends on axioms: [propext, Classical.choice, Quot.sound]
'AspisR19.R759Point1TransportLeaves.transport_leaf_0995' depends on axioms: [propext, Classical.choice, Quot.sound]
'AspisR19.R759Point1TransportLeaves.transport_leaf_0996' depends on axioms: [propext, Classical.choice, Quot.sound]
'AspisR19.R759Point1TransportLeaves.transport_leaf_0997' depends on axioms: [propext, Classical.choice, Quot.sound]
'AspisR19.R759Point1TransportLeaves.transport_leaf_0998' depends on axioms: [propext, Classical.choice, Quot.sound]
'AspisR19.R759Point1TransportLeaves.transport_leaf_0999' depends on axioms: [propext, Classical.choice, Quot.sound]
'AspisR19.R759Point1TransportLeaves.transport_leaf_1000' depends on axioms: [propext, Classical.choice, Quot.sound]
'AspisR19.R759Point1TransportLeaves.transport_leaf_1001' depends on axioms: [propext, Classical.choice, Quot.sound]
'AspisR19.R759Point1TransportLeaves.transport_leaf_1002' depends on axioms: [propext, Classical.choice, Quot.sound]
'AspisR19.R759Point1TransportLeaves.transport_leaf_1003' depends on axioms: [propext, Classical.choice, Quot.sound]
'AspisR19.R759Point1TransportLeaves.transport_leaf_1004' depends on axioms: [propext, Classical.choice, Quot.sound]
'AspisR19.R759Point1TransportLeaves.transport_leaf_1005' depends on axioms: [propext, Classical.choice, Quot.sound]
'AspisR19.R759Point1TransportLeaves.transport_leaf_1006' depends on axioms: [propext, Classical.choice, Quot.sound]
'AspisR19.R759Point1TransportLeaves.transport_leaf_1007' depends on axioms: [propext, Classical.choice, Quot.sound]
'AspisR19.R759Point1TransportLeaves.transport_leaf_1008' depends on axioms: [propext, Classical.choice, Quot.sound]
'AspisR19.R759Point1TransportLeaves.transport_leaf_1009' depends on axioms: [propext, Classical.choice, Quot.sound]
'AspisR19.R759Point1TransportLeaves.transport_leaf_1010' depends on axioms: [propext, Classical.choice, Quot.sound]
'AspisR19.R759Point1TransportLeaves.transport_leaf_1011' depends on axioms: [propext, Classical.choice, Quot.sound]
'AspisR19.R759Point1TransportLeaves.transport_leaf_1012' depends on axioms: [propext, Classical.choice, Quot.sound]
'AspisR19.R759Point1TransportLeaves.transport_leaf_1013' depends on axioms: [propext, Classical.choice, Quot.sound]
'AspisR19.R759Point1TransportLeaves.transport_leaf_1014' depends on axioms: [propext, Classical.choice, Quot.sound]
'AspisR19.R759Point1TransportLeaves.transport_leaf_1015' depends on axioms: [propext, Classical.choice, Quot.sound]
'AspisR19.R759Point1TransportLeaves.transport_leaf_1016' depends on axioms: [propext, Classical.choice, Quot.sound]
'AspisR19.R759Point1TransportLeaves.transport_leaf_1017' depends on axioms: [propext, Classical.choice, Quot.sound]
'AspisR19.R759Point1TransportLeaves.transport_leaf_1018' depends on axioms: [propext, Classical.choice, Quot.sound]
	Command being timed: "/home/dombarker/.elan/bin/lake --dir /home/dombarker/project-offloads/aspis-r126-release-20260930-a/focus-workspace env lean -j1 -M4500 -R /home/dombarker/project-offloads/aspis-r57-lean-src-20260929-a -o /home/dombarker/project-offloads/aspis-r126-release-20260930-a/lib/AspisV8R19/R759Point1TransportChunk05.olean /home/dombarker/project-offloads/aspis-r57-lean-src-20260929-a/AspisV8R19/R759Point1TransportChunk05.lean"
	User time (seconds): 2.23
	System time (seconds): 0.34
	Percent of CPU this job got: 100%
	Elapsed (wall clock) time (h:mm:ss or m:ss): 0:02.56
	Average shared text size (kbytes): 0
	Average unshared data size (kbytes): 0
	Average stack size (kbytes): 0
	Average total size (kbytes): 0
	Maximum resident set size (kbytes): 3328088
	Average resident set size (kbytes): 0
	Major (requiring I/O) page faults: 0
	Minor (reclaiming a frame) page faults: 78403
	Voluntary context switches: 1900
	Involuntary context switches: 80
	Swaps: 0
	File system inputs: 0
	File system outputs: 688
	Socket messages sent: 0
	Socket messages received: 0
	Signals delivered: 0
	Page size (bytes): 4096
	Exit status: 0
Finished with result: success
Main processes terminated with: code=exited/status=0
Service runtime: 2.586s
CPU time consumed: 2.607s
Memory peak: 324.0K
Memory swap peak: 0B
