error: current package believes it's in a workspace when it's not:
current:   /Users/dominic/ZK/.worktrees/ZK-v8-completion-fs-extraction-20260911/docs/research/v8-completion-fs-extraction-20260911/supplied/rust/Cargo.toml
workspace: /Users/dominic/ZK/.worktrees/ZK-v8-completion-fs-extraction-20260911/Cargo.toml

this may be fixable by adding `docs/research/v8-completion-fs-extraction-20260911/supplied/rust` to the `workspace.members` array of the manifest located at: /Users/dominic/ZK/.worktrees/ZK-v8-completion-fs-extraction-20260911/Cargo.toml
Alternatively, to keep it out of the workspace, add the package to the `workspace.exclude` array, or add an empty `[workspace]` table to the package's manifest.
        0.07 real         0.00 user         0.01 sys
            19251200  maximum resident set size
                   0  average shared memory size
                   0  average unshared data size
                   0  average unshared stack size
                1677  page reclaims
                 713  page faults
                   0  swaps
                   0  block input operations
                   0  block output operations
                   0  messages sent
                   0  messages received
                   0  signals received
                  37  voluntary context switches
                 455  involuntary context switches
           206883613  instructions retired
            90446084  cycles elapsed
             6226400  peak memory footprint
