Warning: Permanently added '100.108.41.90' (ED25519) to the list of known hosts.
Running as unit: aspis-focus-1791167111140393000-f4a852048117.service; invocation ID: 82a5923ebf2b4eccad651860ff155ece
/home/dombarker/project-offloads/aspis-r57-lean-src-20260929-a/AspisV8R19/R870AugmentedSemanticDeterminant.lean:53:8: error: Tactic `rewrite` failed: Did not find an occurrence of the pattern
  pointWeight halfSelected 7 5 (-5) (SourceStatementPoints.points z p) (384 + ↑1)
in the target expression
  pointWeight halfSelected 7 5 (-5) (SourceStatementPoints.points z p) 385 -
        7 * pointWeight halfSelected 7 5 (-5) (SourceStatementPoints.points z p) 384 -
      (pointWeight halfSelected 7 5 (-5) (SourceStatementPoints.points z p) 1 -
        7 * pointWeight halfSelected 7 5 (-5) (SourceStatementPoints.points z p) 0) =
    0

case inr.inl
hpoints :
  ∀ (p : Fin 3) (t : Fin 4),
    pointWeight halfSelected 7 5 (-5) (SourceStatementPoints.points z p) (384 + ↑t) =
      pointWeight halfSelected 7 5 (-5) (SourceStatementPoints.points z p) ↑t
p : Fin 3
⊢ pointWeight halfSelected 7 5 (-5) (SourceStatementPoints.points z p) 385 -
        7 * pointWeight halfSelected 7 5 (-5) (SourceStatementPoints.points z p) 384 -
      (pointWeight halfSelected 7 5 (-5) (SourceStatementPoints.points z p) 1 -
        7 * pointWeight halfSelected 7 5 (-5) (SourceStatementPoints.points z p) 0) =
    0
/home/dombarker/project-offloads/aspis-r57-lean-src-20260929-a/AspisV8R19/R870AugmentedSemanticDeterminant.lean:58:8: error: (kernel) excessive memory consumption detected
'AspisV8R19.R870AugmentedSemanticDeterminant.semantic_extra' depends on axioms: [propext, Classical.choice, Quot.sound]
'AspisV8R19.R870AugmentedSemanticDeterminant.extra_kernel_of_block_eq' depends on axioms: [propext,
 sorryAx,
 Classical.choice,
 Quot.sound]
'AspisV8R19.R870AugmentedSemanticDeterminant.augmented_det_factor' depends on axioms: [propext,
 Classical.choice,
 Quot.sound,
 augmented_det_factor]
'AspisV8R19.R870AugmentedSemanticDeterminant.augmented_det_ne_zero_of_block_eq' depends on axioms: [propext,
 sorryAx,
 Classical.choice,
 Quot.sound,
 augmented_det_factor]
Command exited with non-zero status 1
	Command being timed: "/home/dombarker/.elan/bin/lake --dir /home/dombarker/project-offloads/aspis-r126-release-20260930-a/focus-workspace env lean -j1 -M4500 -R /home/dombarker/project-offloads/aspis-r57-lean-src-20260929-a -o /home/dombarker/project-offloads/aspis-r126-release-20260930-a/lib/AspisV8R19/R870AugmentedSemanticDeterminant.olean /home/dombarker/project-offloads/aspis-r57-lean-src-20260929-a/AspisV8R19/R870AugmentedSemanticDeterminant.lean"
	User time (seconds): 5.65
	System time (seconds): 0.51
	Percent of CPU this job got: 100%
	Elapsed (wall clock) time (h:mm:ss or m:ss): 0:06.16
	Average shared text size (kbytes): 0
	Average unshared data size (kbytes): 0
	Average stack size (kbytes): 0
	Average total size (kbytes): 0
	Maximum resident set size (kbytes): 4610100
	Average resident set size (kbytes): 0
	Major (requiring I/O) page faults: 3
	Minor (reclaiming a frame) page faults: 84874
	Voluntary context switches: 619
	Involuntary context switches: 115
	Swaps: 0
	File system inputs: 264
	File system outputs: 0
	Socket messages sent: 0
	Socket messages received: 0
	Signals delivered: 0
	Page size (bytes): 4096
	Exit status: 1
Finished with result: exit-code
Main processes terminated with: code=exited/status=1
Service runtime: 6.192s
CPU time consumed: 6.201s
Memory peak: 328.0K
Memory swap peak: 0B
