Warning: Permanently added '100.108.41.90' (ED25519) to the list of known hosts.
Running as unit: aspis-focus-1791117365119451000.service; invocation ID: 6555259a403d42b284f261c2f7b90dbc
/home/dombarker/project-offloads/aspis-r57-lean-src-20260929-a/AspisV8R19/R677C1ChunkCanonical.lean:10:35: error: failed to prove index is valid, possible solutions:
  - Use `have`-expressions to prove the index is valid
  - Use `a[i]!` notation instead, runtime check is performed, and 'Panic' error message is produced if index is not valid
  - Use `a[i]?` notation instead, result is an `Option` type
  - Use `a[i]'h` notation instead, where `h` is a proof that index is valid
c1 : Std.Array U32 104#usize
slot : Fin 4
j : Fin 26
⊢ 26 * ↑slot + ↑j < (↑c1).length
/home/dombarker/project-offloads/aspis-r57-lean-src-20260929-a/AspisV8R19/R677C1ChunkCanonical.lean:17:8: warning: declaration uses `sorry`
'AspisV8R19.R677C1ChunkCanonical.c1Chunk_getElem' depends on axioms: [propext, sorryAx, Classical.choice, Quot.sound]
'AspisV8R19.R677C1ChunkCanonical.c1Chunk_pointwise' depends on axioms: [propext, sorryAx, Classical.choice, Quot.sound]
Command exited with non-zero status 1
	Command being timed: "/home/dombarker/.elan/bin/lake --dir /home/dombarker/project-offloads/aspis-r126-release-20260930-a/focus-workspace env lean -j1 -M4500 -R /home/dombarker/project-offloads/aspis-r57-lean-src-20260929-a -o /home/dombarker/project-offloads/aspis-r126-release-20260930-a/lib/AspisV8R19/R677C1ChunkCanonical.olean /home/dombarker/project-offloads/aspis-r57-lean-src-20260929-a/AspisV8R19/R677C1ChunkCanonical.lean"
	User time (seconds): 1.28
	System time (seconds): 0.40
	Percent of CPU this job got: 99%
	Elapsed (wall clock) time (h:mm:ss or m:ss): 0:01.69
	Average shared text size (kbytes): 0
	Average unshared data size (kbytes): 0
	Average stack size (kbytes): 0
	Average total size (kbytes): 0
	Maximum resident set size (kbytes): 3718684
	Average resident set size (kbytes): 0
	Major (requiring I/O) page faults: 8
	Minor (reclaiming a frame) page faults: 86245
	Voluntary context switches: 263
	Involuntary context switches: 57
	Swaps: 0
	File system inputs: 2072
	File system outputs: 0
	Socket messages sent: 0
	Socket messages received: 0
	Signals delivered: 0
	Page size (bytes): 4096
	Exit status: 1
Finished with result: exit-code
Main processes terminated with: code=exited/status=1
Service runtime: 1.737s
CPU time consumed: 1.729s
Memory peak: 256.0K
Memory swap peak: 0B
