'AspisV8A100RawSecurityLedger.research_resource_envelope_exact' depends on axioms: [propext]
'AspisV8A100RawSecurityLedger.unified_exposure_pairs_exact' depends on axioms: [propext]
'AspisV8A100RawSecurityLedger.visible_honest_work_fits_researchQ' depends on axioms: [propext,
 Classical.choice,
 Quot.sound]
'AspisV8A100RawSecurityLedger.q21_digest208_conditional_raw_error_le_two_pow_neg100' depends on axioms: [propext,
 Classical.choice,
 Quot.sound]
'AspisV8A100RawSecurityLedger.q22_digest208_conditional_raw_error_le_two_pow_neg104' depends on axioms: [propext,
 Classical.choice,
 Quot.sound]
'AspisV8A100RawSecurityLedger.q22_digest208_conditional_raw_error_not_le_two_pow_neg105' depends on axioms: [propext,
 Classical.choice,
 Quot.sound]
'AspisV8A100RawSecurityLedger.q23_digest208_conditional_raw_error_le_two_pow_neg105' depends on axioms: [propext,
 Classical.choice,
 Quot.sound]
       10.69 real         2.30 user         2.43 sys
          5585387520  maximum resident set size
                   0  average shared memory size
                   0  average unshared data size
                   0  average unshared stack size
              372642  page reclaims
               64328  page faults
                   0  swaps
                   0  block input operations
                   0  block output operations
                   0  messages sent
                   0  messages received
                   0  signals received
                 961  voluntary context switches
               80579  involuntary context switches
         40402218019  instructions retired
         17426408141  cycles elapsed
           883011440  peak memory footprint
