'AspisV8A100DirectSchedule.schedule_position_lt_domain' depends on axioms: [propext]
'AspisV8A100DirectSchedule.schedule_positions_distinct' depends on axioms: [propext]
'AspisV8A100DirectSchedule.q22_conditioned_schedule_uniform' depends on axioms: [propext, Classical.choice, Quot.sound]
'AspisV8A100DirectSchedule.q22_exhaustion_is_rejection' depends on axioms: [propext, Classical.choice, Quot.sound]
'AspisV8A100DirectSchedule.q22_source_frontier_le_296' depends on axioms: [propext, Classical.choice, Quot.sound]
'AspisV8A100DirectSchedule.maximumFixture_xor_height' depends on axioms: [propext, Classical.choice, Quot.sound]
'AspisV8A100DirectSchedule.maximumFixture_attains_296' depends on axioms: [propext, Classical.choice, Quot.sound]
'AspisV8A100DirectSchedule.maximumFixture_levelWalk_eq_296' depends on axioms: [propext, Classical.choice, Quot.sound]
'AspisV8A100DirectSchedule.q22_two_vector_body_bytes' depends on axioms: [propext]
'AspisV8A100DirectSchedule.q22_complete_pair_verifier_account_bytes' depends on axioms: [propext]
       14.27 real         3.03 user         2.52 sys
          5732073472  maximum resident set size
                   0  average shared memory size
                   0  average unshared data size
                   0  average unshared stack size
              334803  page reclaims
               96974  page faults
                   0  swaps
                   0  block input operations
                   0  block output operations
                   0  messages sent
                   0  messages received
                   0  signals received
               13057  voluntary context switches
               99405  involuntary context switches
         51630908001  instructions retired
         20456470647  cycles elapsed
           969748456  peak memory footprint
