AspisFormal/AspisFormal/V8A100FixedTupleFingerprint.lean:58:0: warning: automatically included section variable(s) unused in theorem `AspisV8A100FixedTupleFingerprint.messageCollisionParameters_card_le_1024`:
  [Algebra (ZMod AspisCircleGroupOrder.P) K]
consider restructuring your `variable` declarations so that the variables are not in scope or explicitly omit them:
  omit [Algebra (ZMod AspisCircleGroupOrder.P) K] in theorem ...

Note: This linter can be disabled with `set_option linter.unusedSectionVars false`
AspisFormal/AspisFormal/V8A100FixedTupleFingerprint.lean:148:0: warning: automatically included section variable(s) unused in theorem `AspisV8A100FixedTupleFingerprint.orderedDistinctTuplePairs_card_le_square`:
  [Field K]
  [Fintype K]
  [Algebra (ZMod AspisCircleGroupOrder.P) K]
  [NeZero 2]
consider restructuring your `variable` declarations so that the variables are not in scope or explicitly omit them:
  omit [Field K] [Fintype K] [Algebra (ZMod AspisCircleGroupOrder.P) K] [NeZero 2] in theorem ...

Note: This linter can be disabled with `set_option linter.unusedSectionVars false`
AspisFormal/AspisFormal/V8A100FixedTupleFingerprint.lean:182:0: warning: automatically included section variable(s) unused in theorem `AspisV8A100FixedTupleFingerprint.eq_of_two_component_vectors_of_not_collision`:
  [Algebra (ZMod AspisCircleGroupOrder.P) K]
  [NeZero 2]
consider restructuring your `variable` declarations so that the variables are not in scope or explicitly omit them:
  omit [Algebra (ZMod AspisCircleGroupOrder.P) K] [NeZero 2] in theorem ...

Note: This linter can be disabled with `set_option linter.unusedSectionVars false`
AspisFormal/AspisFormal/V8A100FixedTupleFingerprint.lean:230:0: warning: automatically included section variable(s) unused in theorem `AspisV8A100FixedTupleFingerprint.tupleBadGammaSet_card_le_28`:
  [Algebra (ZMod AspisCircleGroupOrder.P) K]
  [NeZero 2]
consider restructuring your `variable` declarations so that the variables are not in scope or explicitly omit them:
  omit [Algebra (ZMod AspisCircleGroupOrder.P) K] [NeZero 2] in theorem ...

Note: This linter can be disabled with `set_option linter.unusedSectionVars false`
'AspisV8A100FixedTupleFingerprint.messageCollisionParameters_card_le_1024' depends on axioms: [propext,
 Classical.choice,
 Quot.sound]
'AspisV8A100FixedTupleFingerprint.tupleCollisionParameters_card_le_1024' depends on axioms: [propext,
 Classical.choice,
 Quot.sound]
'AspisV8A100FixedTupleFingerprint.tupleTwoPointCollisions_card_le' depends on axioms: [propext,
 Classical.choice,
 Quot.sound]
'AspisV8A100FixedTupleFingerprint.familyTwoPointCollisions_card_le' depends on axioms: [propext,
 Classical.choice,
 Quot.sound]
'AspisV8A100FixedTupleFingerprint.eq_of_two_component_vectors_of_not_collision' depends on axioms: [propext,
 Classical.choice,
 Quot.sound]
'AspisV8A100FixedTupleFingerprint.tupleBadGammaSet_card_le_28' depends on axioms: [propext,
 Classical.choice,
 Quot.sound]
'AspisV8A100FixedTupleFingerprint.fixedWidth29TwoPointCollisions_card_le_10485760000' depends on axioms: [propext,
 Classical.choice,
 Quot.sound]
'AspisV8A100FixedTupleFingerprint.fixedWidth29_eq_of_two_component_vectors' depends on axioms: [propext,
 Classical.choice,
 Quot.sound]
       53.37 real         4.75 user         6.88 sys
          4538695680  maximum resident set size
                   0  average shared memory size
                   0  average unshared data size
                   0  average unshared stack size
              441207  page reclaims
              266822  page faults
                   0  swaps
                   0  block input operations
                   0  block output operations
                   0  messages sent
                   0  messages received
                   0  signals received
               24148  voluntary context switches
              423871  involuntary context switches
         82323348550  instructions retired
         40873581722  cycles elapsed
           899217064  peak memory footprint
