REMOTE_TASK=/home/dombarker/project-offloads/aspis-component-cover.ZIUqzo
TARGET=CausalOODReduction
RESEARCH_PIN=9254b2416c3f8c3c488d0475a00d812fee836e00
BORROWED_SOURCE_PIN=26a9cd4718aae9f9de7ef1c3394fb74a229085d5
Lean (version 4.32.0, x86_64-unknown-linux-gnu, commit 8c9756b28d64dab099da31a4c09229a9e6a2ef35, Release)
5433196f648ad978505b994aa662b3b335dde8d542a2f7b6190632132077885a  /home/dombarker/project-offloads/aspis-component-cover.ZIUqzo/causal-ood-reduction-nuc-v1-manifest.json
5939af256bc5ad6e7c5bc0fac9d23da59d8625d2fe6fc4ccd014ee34a88ff701  /home/dombarker/project-offloads/aspis-component-cover.ZIUqzo/overlay/CausalOODReduction.lean
3ca08461281d836d1898786dcdb2a074089dbe89421f46b9eb81e35ac255f129  /home/dombarker/project-offloads/aspis-component-cover.ZIUqzo/run_component_cover_nuc.sh
OVERLAY_PROVENANCE_PASS=713
NATIVE_PACKAGE_CACHE_BOUNDARY=pinned revisions; not a replay of package compilation
CGROUP=/user.slice/user-1000.slice/user@1000.service/app.slice/aspis-component-causal-ood-reduction-nuc-v1.scope
memory.high=8589934592
memory.max=10737418240
memory.swap.max=0
cpu.max=200000 100000
COMMAND=/home/dombarker/.elan/toolchains/leanprover--lean4---v4.32.0/bin/lean -j1 -M9500 -R /home/dombarker/project-offloads/aspis-component-cover.ZIUqzo/overlay -o /home/dombarker/project-offloads/aspis-component-cover.ZIUqzo/overlay/CausalOODReduction.olean /home/dombarker/project-offloads/aspis-component-cover.ZIUqzo/overlay/CausalOODReduction.lean
/home/dombarker/project-offloads/aspis-component-cover.ZIUqzo/overlay/CausalOODReduction.lean:91:2: error: Type mismatch: After simplification, term
  bound
 has type
  @LE.le ℚ Rat.instLE (avg Gamma fun gamma => goodSlice e gamma A G) (↑117077 / ↑(#Gamma))
but is expected to have type
  @LE.le ℚ Rat.instLE (goodProbability e A G Gamma) (117077 / ↑(#Gamma))
'AspisV8.CausalOODReduction.good_implies_gate_zero' depends on axioms: [propext, Classical.choice, Quot.sound]
'AspisV8.CausalOODReduction.good_slice_unit' depends on axioms: [propext, Classical.choice, Quot.sound]
'AspisV8.CausalOODReduction.good_slice_zero' depends on axioms: [propext, Classical.choice, Quot.sound]
'AspisV8.CausalOODReduction.nonidentity_good_bound' depends on axioms: [propext, sorryAx, Classical.choice, Quot.sound]
'AspisV8.CausalOODReduction.total_reduction' depends on axioms: [propext, sorryAx, Classical.choice, Quot.sound]
Command exited with non-zero status 1
	Command being timed: "/home/dombarker/.elan/toolchains/leanprover--lean4---v4.32.0/bin/lean -j1 -M9500 -R /home/dombarker/project-offloads/aspis-component-cover.ZIUqzo/overlay -o /home/dombarker/project-offloads/aspis-component-cover.ZIUqzo/overlay/CausalOODReduction.olean /home/dombarker/project-offloads/aspis-component-cover.ZIUqzo/overlay/CausalOODReduction.lean"
	User time (seconds): 2.14
	System time (seconds): 1.05
	Percent of CPU this job got: 99%
	Elapsed (wall clock) time (h:mm:ss or m:ss): 0:03.20
	Average shared text size (kbytes): 0
	Average unshared data size (kbytes): 0
	Average stack size (kbytes): 0
	Average total size (kbytes): 0
	Maximum resident set size (kbytes): 6844596
	Average resident set size (kbytes): 0
	Major (requiring I/O) page faults: 0
	Minor (reclaiming a frame) page faults: 143311
	Voluntary context switches: 424
	Involuntary context switches: 181
	Swaps: 0
	File system inputs: 128
	File system outputs: 0
	Socket messages sent: 0
	Socket messages received: 0
	Signals delivered: 0
	Page size (bytes): 4096
	Exit status: 1
LEAN_EXIT=1
