REMOTE_TASK=/home/dombarker/project-offloads/aspis-component-cover.ZIUqzo
TARGET=CausalOODReduction
RESEARCH_PIN=9254b2416c3f8c3c488d0475a00d812fee836e00
BORROWED_SOURCE_PIN=26a9cd4718aae9f9de7ef1c3394fb74a229085d5
Lean (version 4.32.0, x86_64-unknown-linux-gnu, commit 8c9756b28d64dab099da31a4c09229a9e6a2ef35, Release)
bb6506acf36eb95ab3987940cb03984b5170ef3ef9dc74a4b76cb609e8b2b2a3  /home/dombarker/project-offloads/aspis-component-cover.ZIUqzo/causal-ood-reduction-nuc-v2-manifest.json
aa0ce52c88872536aa9d86e96d3eb8f8259df782db2329ccb8f838eba27cc844  /home/dombarker/project-offloads/aspis-component-cover.ZIUqzo/overlay/CausalOODReduction.lean
3ca08461281d836d1898786dcdb2a074089dbe89421f46b9eb81e35ac255f129  /home/dombarker/project-offloads/aspis-component-cover.ZIUqzo/run_component_cover_nuc.sh
OVERLAY_PROVENANCE_PASS=713
NATIVE_PACKAGE_CACHE_BOUNDARY=pinned revisions; not a replay of package compilation
CGROUP=/user.slice/user-1000.slice/user@1000.service/app.slice/aspis-component-causal-ood-reduction-nuc-v2.scope
memory.high=8589934592
memory.max=10737418240
memory.swap.max=0
cpu.max=200000 100000
COMMAND=/home/dombarker/.elan/toolchains/leanprover--lean4---v4.32.0/bin/lean -j1 -M9500 -R /home/dombarker/project-offloads/aspis-component-cover.ZIUqzo/overlay -o /home/dombarker/project-offloads/aspis-component-cover.ZIUqzo/overlay/CausalOODReduction.olean /home/dombarker/project-offloads/aspis-component-cover.ZIUqzo/overlay/CausalOODReduction.lean
'AspisV8.CausalOODReduction.good_implies_gate_zero' depends on axioms: [propext, Classical.choice, Quot.sound]
'AspisV8.CausalOODReduction.good_slice_unit' depends on axioms: [propext, Classical.choice, Quot.sound]
'AspisV8.CausalOODReduction.good_slice_zero' depends on axioms: [propext, Classical.choice, Quot.sound]
'AspisV8.CausalOODReduction.nonidentity_good_bound' depends on axioms: [propext, Classical.choice, Quot.sound]
'AspisV8.CausalOODReduction.total_reduction' depends on axioms: [propext, Classical.choice, Quot.sound]
	Command being timed: "/home/dombarker/.elan/toolchains/leanprover--lean4---v4.32.0/bin/lean -j1 -M9500 -R /home/dombarker/project-offloads/aspis-component-cover.ZIUqzo/overlay -o /home/dombarker/project-offloads/aspis-component-cover.ZIUqzo/overlay/CausalOODReduction.olean /home/dombarker/project-offloads/aspis-component-cover.ZIUqzo/overlay/CausalOODReduction.lean"
	User time (seconds): 2.25
	System time (seconds): 1.06
	Percent of CPU this job got: 99%
	Elapsed (wall clock) time (h:mm:ss or m:ss): 0:03.32
	Average shared text size (kbytes): 0
	Average unshared data size (kbytes): 0
	Average stack size (kbytes): 0
	Average total size (kbytes): 0
	Maximum resident set size (kbytes): 6879464
	Average resident set size (kbytes): 0
	Major (requiring I/O) page faults: 0
	Minor (reclaiming a frame) page faults: 142853
	Voluntary context switches: 470
	Involuntary context switches: 177
	Swaps: 0
	File system inputs: 0
	File system outputs: 360
	Socket messages sent: 0
	Socket messages received: 0
	Signals delivered: 0
	Page size (bytes): 4096
	Exit status: 0
LEAN_EXIT=0
b29cbf688d1954bb1315d05051b14b28e6a7a638562270fab00e40ff3adb38a6  /home/dombarker/project-offloads/aspis-component-cover.ZIUqzo/overlay/CausalOODReduction.olean
OVERLAY_PROVENANCE_PASS=713
NATIVE_PACKAGE_CACHE_BOUNDARY=pinned revisions; not a replay of package compilation
PROVENANCE_UNCHANGED=true
