REMOTE_TASK=/home/dombarker/project-offloads/aspis-higher-y.fMoMeX
TARGET=CausalQuadraticReduction
RESEARCH_PIN=289d7356c78a4cd493fe61a54f9548f2a0c11298
BORROWED_SOURCE_PIN=26a9cd4718aae9f9de7ef1c3394fb74a229085d5
Lean (version 4.32.0, x86_64-unknown-linux-gnu, commit 8c9756b28d64dab099da31a4c09229a9e6a2ef35, Release)
0937732a35804bf90b24d0c33baf2059f603ad32d67e4b09ed93c15c7ca55447  /home/dombarker/project-offloads/aspis-higher-y.fMoMeX/causal-quadratic-reduction-nuc-v1-manifest.json
40e1e90ecf31dee7564895a02a624ceee78f892e19d2c5fdb5e2a63b880e0dfc  /home/dombarker/project-offloads/aspis-higher-y.fMoMeX/overlay/CausalQuadraticReduction.lean
40e1e90ecf31dee7564895a02a624ceee78f892e19d2c5fdb5e2a63b880e0dfc  /home/dombarker/project-offloads/aspis-higher-y.fMoMeX/causal-quadratic-reduction-nuc-v1-source.txt
5780e61b4d286905ab912bb6ab8e103a20908f78c11bea415db40a5fad110e52  /home/dombarker/project-offloads/aspis-higher-y.fMoMeX/run_higher_y_nuc.sh
OVERLAY_PROVENANCE_PASS=849
NATIVE_PACKAGE_CACHE_BOUNDARY=pinned revisions; not a replay of package compilation
CGROUP=/user.slice/user-1000.slice/user@1000.service/app.slice/aspis-higher-y-causal-quadratic-reduction-nuc-v1.scope
memory.high=8589934592
memory.max=10737418240
memory.swap.max=0
cpu.max=200000 100000
COMMAND=/home/dombarker/.elan/toolchains/leanprover--lean4---v4.32.0/bin/lean -j1 -M9500 -R /home/dombarker/project-offloads/aspis-higher-y.fMoMeX/overlay -o /home/dombarker/project-offloads/aspis-higher-y.fMoMeX/overlay/CausalQuadraticReduction.olean /home/dombarker/project-offloads/aspis-higher-y.fMoMeX/overlay/CausalQuadraticReduction.lean
'AspisV8.CausalQuadraticReduction.partition' depends on axioms: [propext, Classical.choice, Quot.sound]
'AspisV8.CausalQuadraticReduction.slice_unit' depends on axioms: [propext, Classical.choice, Quot.sound]
'AspisV8.CausalQuadraticReduction.exists_quadratic_bound' depends on axioms: [propext, Classical.choice, Quot.sound]
'AspisV8.CausalQuadraticReduction.exists_total_reduction' depends on axioms: [propext, Classical.choice, Quot.sound]
	Command being timed: "/home/dombarker/.elan/toolchains/leanprover--lean4---v4.32.0/bin/lean -j1 -M9500 -R /home/dombarker/project-offloads/aspis-higher-y.fMoMeX/overlay -o /home/dombarker/project-offloads/aspis-higher-y.fMoMeX/overlay/CausalQuadraticReduction.olean /home/dombarker/project-offloads/aspis-higher-y.fMoMeX/overlay/CausalQuadraticReduction.lean"
	User time (seconds): 2.24
	System time (seconds): 1.03
	Percent of CPU this job got: 99%
	Elapsed (wall clock) time (h:mm:ss or m:ss): 0:03.27
	Average shared text size (kbytes): 0
	Average unshared data size (kbytes): 0
	Average stack size (kbytes): 0
	Average total size (kbytes): 0
	Maximum resident set size (kbytes): 6888240
	Average resident set size (kbytes): 0
	Major (requiring I/O) page faults: 0
	Minor (reclaiming a frame) page faults: 143057
	Voluntary context switches: 605
	Involuntary context switches: 159
	Swaps: 0
	File system inputs: 0
	File system outputs: 584
	Socket messages sent: 0
	Socket messages received: 0
	Signals delivered: 0
	Page size (bytes): 4096
	Exit status: 0
LEAN_EXIT=0
4b65e124539cef9ab891fbb31cd0af0bf0e05600a24fe1deeb7330c2d6e10d76  /home/dombarker/project-offloads/aspis-higher-y.fMoMeX/overlay/CausalQuadraticReduction.olean
OVERLAY_PROVENANCE_PASS=849
NATIVE_PACKAGE_CACHE_BOUNDARY=pinned revisions; not a replay of package compilation
PROVENANCE_UNCHANGED=true
