RESEARCH_PIN=3a0b144dee108041320a23850ab4478444a74745
3a0b144dee108041320a23850ab4478444a74745
9b84a1e27d2159ca21fc4ed9dad21b5a9e87daf1
Lean (version 4.32.0, arm64-apple-darwin24.6.0, commit 8c9756b28d64dab099da31a4c09229a9e6a2ef35, Release)
c842c04c61892778d5c559e40767ba1898e414150dcec20133cbeb33862f35fc  /Users/dominic/ZK/.worktrees/ZK-v8-no-work-100-20260907/docs/research/v8-no-work-100-20260907/experiments/ChordPolynomialImage.lean
2bfae295ad1e79fec9039c529f11a9359a6a41e006ee456f11ea6ef391b618e0  /Users/dominic/ZK/.worktrees/ZK-v8-no-work-100-20260907/docs/research/v8-no-work-100-20260907/experiments/run_chord_polynomial_image.sh
bbf1448991e8e439db752fcd7c2f140dff7aeddae8c68953203b73c073e99271  /Users/dominic/ZK/AspisFormal/AspisFormal/CircleNaturalBasis.lean
a6b978a44e007a17224b9efb328bd4f3422be9055e405c769d83684b04c8ff87  /Users/dominic/ZK/AspisFormal/.lake/build/lib/lean/AspisFormal/CircleNaturalBasis.olean
127ea451736936d8fb077e065efb7d49719af776b3782dc82af4b97076be3a9a  /Users/dominic/ZK/AspisFormal/AspisFormal/CircleNaturalBasisEval.lean
a1598ab895a808862c8ae3ea786b09c961cca67c252f7f305aba7a3b638cb124  /Users/dominic/ZK/AspisFormal/.lake/build/lib/lean/AspisFormal/CircleNaturalBasisEval.olean
9c5bf984a8c4ed7c7854d68673a37a3847ff24783554f451920d4ff95d68b97e  /Users/dominic/ZK/AspisFormal/.lake/packages/mathlib/.lake/build/lib/lean/Mathlib.olean
'AspisV8.ChordPolynomialImage.chord_eval' depends on axioms: [propext, Classical.choice, Quot.sound]
'AspisV8.ChordPolynomialImage.quotient_eq_reconstruction' depends on axioms: [propext, Classical.choice, Quot.sound]
'AspisV8.ChordPolynomialImage.even_coeff' depends on axioms: [propext, Classical.choice, Quot.sound]
'AspisV8.ChordPolynomialImage.odd_coeff' depends on axioms: [propext, Classical.choice, Quot.sound]
'AspisV8.ChordPolynomialImage.image_iff' depends on axioms: [propext, Classical.choice, Quot.sound]
'AspisV8.ChordPolynomialImage.add_interpolant_iff' depends on axioms: [propext, Classical.choice, Quot.sound]
        4.35 real         2.24 user         1.60 sys
          5662801920  maximum resident set size
                   0  average shared memory size
                   0  average unshared data size
                   0  average unshared stack size
              415511  page reclaims
                8003  page faults
                   0  swaps
                   0  block input operations
                   0  block output operations
                   0  messages sent
                   0  messages received
                   0  signals received
                  83  voluntary context switches
               15400  involuntary context switches
         40637611187  instructions retired
         14718703954  cycles elapsed
           888844192  peak memory footprint
LEAN_EXIT=0
f9aac3c5c43ca0c7ec294ea9c7f0bd8704938aac4d8ddfbcdab5a510c4f99996  /Users/dominic/ZK/.worktrees/ZK-v8-no-work-100-20260907/docs/research/v8-no-work-100-20260907/experiments/ChordPolynomialImage.olean
PROVENANCE_UNCHANGED=true
