f021007879dcd9e2bca795b4758e187fa1c3b302
Lean (version 4.32.0, arm64-apple-darwin24.6.0, commit 8c9756b28d64dab099da31a4c09229a9e6a2ef35, Release)
113356f24c0da3ad67146b4a43fa5b93317ea6a54a91d9a2b5f851a05c889e77  /Users/dominic/ZK/.worktrees/ZK-v8-no-work-100-20260907/docs/research/v8-no-work-100-20260907/experiments/CommonFibreGaoRecovery.lean
1a7d4a33838f0cc2d865eced79ae10c92ef7256ea9873d79498261dd6095119e  /Users/dominic/ZK/.worktrees/ZK-v8-no-work-100-20260907/docs/research/v8-no-work-100-20260907/experiments/GaoC1Recovery.lean
4b508fc84e68b920f83512a5652002cc051bbad5ee13955c8099d0f5dfbfa1b0  /Users/dominic/ZK/.worktrees/ZK-v8-no-work-100-20260907/docs/research/v8-no-work-100-20260907/experiments/GaoRecovery.lean
f35183b9c7461f2b6e8cc4e561233eb6817225914a93c7e4ff9b71b696b7ef94  /Users/dominic/ZK/.worktrees/ZK-v8-no-work-100-20260907/docs/research/v8-no-work-100-20260907/experiments/CircleLaurentRecovery.lean
5621ac83140c560cea5753ab46cdf5118d44a32736de4fa6ad87033d2d617810  /tmp/aspis-v8-gao-lean.9dslpv/GaoRecovery.olean
959be50e0b3602c36c4bb38fe459d5a067fa7a034cbbe276f6605e919f2c93fe  /tmp/aspis-v8-gao-lean.9dslpv/CircleLaurentRecovery.olean
55ee2345729e8a4d379de3bce14ea18b14fbfdc259cf2653fadf4bf3a46876d8  /Users/dominic/ZK/AspisFormal/.lake/packages/mathlib/.lake/build/lib/lean/Mathlib/Tactic.olean
Missing cached coefficient leaf: exporting once; no dependency replay.
/Users/dominic/ZK/.worktrees/ZK-v8-no-work-100-20260907/docs/research/v8-no-work-100-20260907/experiments/GaoC1Recovery.lean:19:21: warning: Variable name `bits` is not explicitly referenced.

The binding can be removed (if unused) or named `_` (if used implicitly).

Note: This linter can be disabled with `set_option linter.unusedVariables false`
'AspisV8.GaoC1Recovery.recover_coefficients' depends on axioms: [propext, Classical.choice, Quot.sound]
        3.96 real         1.11 user         0.93 sys
          2873081856  maximum resident set size
                   0  average shared memory size
                   0  average unshared data size
                   0  average unshared stack size
              202567  page reclaims
               24617  page faults
                   0  swaps
                   0  block input operations
                   0  block output operations
                   0  messages sent
                   0  messages received
                   0  signals received
                2674  voluntary context switches
               25692  involuntary context switches
         20610112114  instructions retired
          7689667723  cycles elapsed
           468045888  peak memory footprint
0b8910e26e6be9962f6a00d20aee7c9f217b42cd990a61d1ca15da7dfe3564a9  /tmp/aspis-v8-gao-lean.9dslpv/GaoC1Recovery.olean
/Users/dominic/ZK/.worktrees/ZK-v8-no-work-100-20260907/docs/research/v8-no-work-100-20260907/experiments/CommonFibreGaoRecovery.lean:40:40: error: unsolved goals
K : Type u_1
inst✝¹ : Field K
inst✝ : DecidableEq K
m : ℕ
bad : Finset (Fin m)
left right : Fin (m * 4) → K
outside : ∀ (j : Fin (m * 4)), sampleFibre j ∉ bad → left j = right j
cover : Finset (Fin (m * 4)) := Finset.map finProdFinEquiv.toEmbedding (bad.product univ)
j : Fin (m * 4)
hj : j ∈ {j | left j ≠ right j}
hb : sampleFibre j ∈ bad
⊢ finProdFinEquiv (j.divNat, j.modNat) = j
'AspisV8.CommonFibreGaoRecovery.sampleFibre_flat' depends on axioms: [propext, Classical.choice, Quot.sound]
'AspisV8.CommonFibreGaoRecovery.flat_index' depends on axioms: [propext, Classical.choice, Quot.sound]
'AspisV8.CommonFibreGaoRecovery.scalar_error_cap' depends on axioms: [propext, sorryAx, Classical.choice, Quot.sound]
'AspisV8.CommonFibreGaoRecovery.recover_all_columns' depends on axioms: [propext, sorryAx, Classical.choice, Quot.sound]
'AspisV8.CommonFibreGaoRecovery.selected_radius' depends on axioms: [propext, Quot.sound]
'AspisV8.CommonFibreGaoRecovery.selected_failure_requires_129' depends on axioms: [propext,
 sorryAx,
 Classical.choice,
 Quot.sound]
        1.60 real         0.99 user         0.71 sys
          2820784128  maximum resident set size
                   0  average shared memory size
                   0  average unshared data size
                   0  average unshared stack size
              224147  page reclaims
                  78  page faults
                   0  swaps
                   0  block input operations
                   0  block output operations
                   0  messages sent
                   0  messages received
                   0  signals received
                   1  voluntary context switches
                5615  involuntary context switches
         17371299173  instructions retired
          6351551122  cycles elapsed
           455807040  peak memory footprint
