f589980938fc599a83fbb01b8e102f2ccbc3761d4f3dac00cc7423a975630f39  /Users/dominic/ZK/.worktrees/ZK-v8-no-work-100-20260907/docs/research/v8-no-work-100-20260907/experiments/CopyScatterCells30.lean
55ee2345729e8a4d379de3bce14ea18b14fbfdc259cf2653fadf4bf3a46876d8  /Users/dominic/ZK/AspisFormal/.lake/packages/mathlib/.lake/build/lib/lean/Mathlib/Tactic.olean
'AspisV8.CopyScatter.coordinate30' depends on axioms: [propext]
'AspisV8.CopyScatter.coordinate31' depends on axioms: [propext]
/Users/dominic/ZK/.worktrees/ZK-v8-no-work-100-20260907/docs/research/v8-no-work-100-20260907/experiments/CopyScatterCells30.lean:14:26: warning: Used `tac1 <;> tac2` where `(tac1; tac2)` would suffice

Note: This linter can be disabled with `set_option linter.unnecessarySeqFocus false`
'AspisV8.CopyScatter.coordinate32' depends on axioms: [propext]
'AspisV8.CopyScatter.coordinate33' depends on axioms: [propext]
/Users/dominic/ZK/.worktrees/ZK-v8-no-work-100-20260907/docs/research/v8-no-work-100-20260907/experiments/CopyScatterCells30.lean:22:26: warning: Used `tac1 <;> tac2` where `(tac1; tac2)` would suffice

Note: This linter can be disabled with `set_option linter.unnecessarySeqFocus false`
'AspisV8.CopyScatter.coordinate34' depends on axioms: [propext]
/Users/dominic/ZK/.worktrees/ZK-v8-no-work-100-20260907/docs/research/v8-no-work-100-20260907/experiments/CopyScatterCells30.lean:26:26: warning: Used `tac1 <;> tac2` where `(tac1; tac2)` would suffice

Note: This linter can be disabled with `set_option linter.unnecessarySeqFocus false`
'AspisV8.CopyScatter.coordinate35' depends on axioms: [propext]
/Users/dominic/ZK/.worktrees/ZK-v8-no-work-100-20260907/docs/research/v8-no-work-100-20260907/experiments/CopyScatterCells30.lean:30:62: warning: Used `tac1 <;> tac2` where `(tac1; tac2)` would suffice

Note: This linter can be disabled with `set_option linter.unnecessarySeqFocus false`
'AspisV8.CopyScatter.coordinate36' depends on axioms: [propext]
/Users/dominic/ZK/.worktrees/ZK-v8-no-work-100-20260907/docs/research/v8-no-work-100-20260907/experiments/CopyScatterCells30.lean:34:26: warning: Used `tac1 <;> tac2` where `(tac1; tac2)` would suffice

Note: This linter can be disabled with `set_option linter.unnecessarySeqFocus false`
'AspisV8.CopyScatter.coordinate37' depends on axioms: [propext]
/Users/dominic/ZK/.worktrees/ZK-v8-no-work-100-20260907/docs/research/v8-no-work-100-20260907/experiments/CopyScatterCells30.lean:38:25: warning: Used `tac1 <;> tac2` where `(tac1; tac2)` would suffice

Note: This linter can be disabled with `set_option linter.unnecessarySeqFocus false`
'AspisV8.CopyScatter.coordinate38' depends on axioms: [propext]
/Users/dominic/ZK/.worktrees/ZK-v8-no-work-100-20260907/docs/research/v8-no-work-100-20260907/experiments/CopyScatterCells30.lean:42:25: warning: Used `tac1 <;> tac2` where `(tac1; tac2)` would suffice

Note: This linter can be disabled with `set_option linter.unnecessarySeqFocus false`
'AspisV8.CopyScatter.coordinate39' depends on axioms: [propext]
/Users/dominic/ZK/.worktrees/ZK-v8-no-work-100-20260907/docs/research/v8-no-work-100-20260907/experiments/CopyScatterCells30.lean:46:25: warning: Used `tac1 <;> tac2` where `(tac1; tac2)` would suffice

Note: This linter can be disabled with `set_option linter.unnecessarySeqFocus false`
'AspisV8.CopyScatter.coordinate40' depends on axioms: [propext]
/Users/dominic/ZK/.worktrees/ZK-v8-no-work-100-20260907/docs/research/v8-no-work-100-20260907/experiments/CopyScatterCells30.lean:50:25: warning: Used `tac1 <;> tac2` where `(tac1; tac2)` would suffice

Note: This linter can be disabled with `set_option linter.unnecessarySeqFocus false`
'AspisV8.CopyScatter.coordinate41' depends on axioms: [propext]
'AspisV8.CopyScatter.coordinate42' depends on axioms: [propext]
'AspisV8.CopyScatter.coordinate43' depends on axioms: [propext]
/Users/dominic/ZK/.worktrees/ZK-v8-no-work-100-20260907/docs/research/v8-no-work-100-20260907/experiments/CopyScatterCells30.lean:62:25: warning: Used `tac1 <;> tac2` where `(tac1; tac2)` would suffice

Note: This linter can be disabled with `set_option linter.unnecessarySeqFocus false`
'AspisV8.CopyScatter.coordinate44' depends on axioms: [propext]
/Users/dominic/ZK/.worktrees/ZK-v8-no-work-100-20260907/docs/research/v8-no-work-100-20260907/experiments/CopyScatterCells30.lean:66:50: warning: Used `tac1 <;> tac2` where `(tac1; tac2)` would suffice

Note: This linter can be disabled with `set_option linter.unnecessarySeqFocus false`
'AspisV8.CopyScatter.coordinate45' depends on axioms: [propext]
/Users/dominic/ZK/.worktrees/ZK-v8-no-work-100-20260907/docs/research/v8-no-work-100-20260907/experiments/CopyScatterCells30.lean:70:25: warning: Used `tac1 <;> tac2` where `(tac1; tac2)` would suffice

Note: This linter can be disabled with `set_option linter.unnecessarySeqFocus false`
'AspisV8.CopyScatter.coordinate46' depends on axioms: [propext]
'AspisV8.CopyScatter.coordinate47' depends on axioms: [propext]
'AspisV8.CopyScatter.coordinate48' depends on axioms: [propext]
/Users/dominic/ZK/.worktrees/ZK-v8-no-work-100-20260907/docs/research/v8-no-work-100-20260907/experiments/CopyScatterCells30.lean:82:25: warning: Used `tac1 <;> tac2` where `(tac1; tac2)` would suffice

Note: This linter can be disabled with `set_option linter.unnecessarySeqFocus false`
'AspisV8.CopyScatter.coordinate49' depends on axioms: [propext]
'AspisV8.CopyScatter.coordinate50' depends on axioms: [propext]
'AspisV8.CopyScatter.coordinate51' depends on axioms: [propext]
/Users/dominic/ZK/.worktrees/ZK-v8-no-work-100-20260907/docs/research/v8-no-work-100-20260907/experiments/CopyScatterCells30.lean:94:26: warning: Used `tac1 <;> tac2` where `(tac1; tac2)` would suffice

Note: This linter can be disabled with `set_option linter.unnecessarySeqFocus false`
'AspisV8.CopyScatter.coordinate52' depends on axioms: [propext]
'AspisV8.CopyScatter.coordinate53' depends on axioms: [propext]
/Users/dominic/ZK/.worktrees/ZK-v8-no-work-100-20260907/docs/research/v8-no-work-100-20260907/experiments/CopyScatterCells30.lean:102:38: warning: Used `tac1 <;> tac2` where `(tac1; tac2)` would suffice

Note: This linter can be disabled with `set_option linter.unnecessarySeqFocus false`
'AspisV8.CopyScatter.coordinate54' depends on axioms: [propext]
        2.38 real         1.73 user         0.78 sys
          2921250816  maximum resident set size
                   0  average shared memory size
                   0  average unshared data size
                   0  average unshared stack size
              230795  page reclaims
                   2  page faults
                   0  swaps
                   0  block input operations
                   0  block output operations
                   0  messages sent
                   0  messages received
                   0  signals received
                  28  voluntary context switches
                5292  involuntary context switches
         28491323288  instructions retired
          9739908461  cycles elapsed
           518639488  peak memory footprint
01f99c75e17be29a2ea1d606cf630c253e66e06f9616d18841b6546d1ff2a54a  /Users/dominic/ZK/.worktrees/ZK-v8-no-work-100-20260907/docs/research/v8-no-work-100-20260907/experiments/CopyScatterCells30.olean
