'AspisV8.CopyTagRange.raw_product_bound' depends on axioms: [propext, Quot.sound]
'AspisV8.CopyTagRange.sum_le_length' depends on axioms: [propext, Quot.sound]
'AspisV8.CopyTagRange.seven_terms_fit' depends on axioms: [propext, Classical.choice, Quot.sound]
'AspisV8.CopyTagRange.seven_prefixes_fit' depends on axioms: [propext, Classical.choice, Quot.sound]
'AspisV8.CopyTagRange.seven_margin' depends on axioms: [propext]
'AspisV8.CopyTagRange.eight_do_not_fit' depends on axioms: [propext, Classical.choice, Quot.sound]
'AspisV8.CopyTagRange.batch_mod' depends on axioms: [propext]
        3.38 real         1.18 user         1.16 sys
          2818588672  maximum resident set size
                   0  average shared memory size
                   0  average unshared data size
                   0  average unshared stack size
              275895  page reclaims
               14534  page faults
                   0  swaps
                   0  block input operations
                   0  block output operations
                   0  messages sent
                   0  messages received
                   0  signals received
                1414  voluntary context switches
               17285  involuntary context switches
          3163521733  instructions retired
          1267020238  cycles elapsed
           132666736  peak memory footprint
