REMOTE_TASK=/home/dombarker/project-offloads/aspis-covered-family.rfQFkf
TARGET=CoveredFirstCollision
RESEARCH_PIN=f19673b4fe72cf74ae687a926eeae9d1e5a6a52e
BORROWED_SOURCE_PIN=26a9cd4718aae9f9de7ef1c3394fb74a229085d5
Lean (version 4.32.0, x86_64-unknown-linux-gnu, commit 8c9756b28d64dab099da31a4c09229a9e6a2ef35, Release)
f8a0e3919cf81d6b785c052b7ac58472a2123c2e1955ee184133534434d68760  /home/dombarker/project-offloads/aspis-covered-family.rfQFkf/covered-first-collision-nuc-v1-manifest.json
0b9bf3d04918c000830285f51410a3f394af0d05403bb25b158ce96b5096e1c2  /home/dombarker/project-offloads/aspis-covered-family.rfQFkf/overlay/CoveredFirstCollision.lean
e73b7924f7631454e4a8b7d34b25cb2012d581435181097d003a668291c26248  /home/dombarker/project-offloads/aspis-covered-family.rfQFkf/run_covered_family_nuc.sh
OVERLAY_PROVENANCE_PASS=689
NATIVE_PACKAGE_CACHE_BOUNDARY=pinned revisions; not a replay of package compilation
CGROUP=/user.slice/user-1000.slice/user@1000.service/app.slice/aspis-covered-covered-first-collision-nuc-v1.scope
memory.high=8589934592
memory.max=10737418240
memory.swap.max=0
cpu.max=200000 100000
COMMAND=/home/dombarker/.elan/toolchains/leanprover--lean4---v4.32.0/bin/lean -j1 -M9500 -R /home/dombarker/project-offloads/aspis-covered-family.rfQFkf/overlay -o /home/dombarker/project-offloads/aspis-covered-family.rfQFkf/overlay/CoveredFirstCollision.olean /home/dombarker/project-offloads/aspis-covered-family.rfQFkf/overlay/CoveredFirstCollision.lean
/home/dombarker/project-offloads/aspis-covered-family.rfQFkf/overlay/CoveredFirstCollision.lean:59:2: error: Type mismatch: After simplification, term
  bound
 has type
  @LE.le ℚ Rat.instLE
    (avg A fun alpha => if eval alpha ((r.before kappa).firstError tau (response kappa tau)) = 0 then 1 else 0)
    (↑6 / ↑(#A))
but is expected to have type
  @LE.le ℚ Rat.instLE
    (avg A fun alpha => if eval alpha ((r.before kappa).firstError tau (response kappa tau)) = 0 then 1 else 0)
    (6 / ↑(#A))
/home/dombarker/project-offloads/aspis-covered-family.rfQFkf/overlay/CoveredFirstCollision.lean:113:22: error: (deterministic) timeout at `isDefEq`, maximum number of heartbeats (100000) has been reached

Note: Use `set_option maxHeartbeats <num>` to set the limit.

Hint: Additional diagnostic information may be available using the `set_option diagnostics true` command.
/home/dombarker/project-offloads/aspis-covered-family.rfQFkf/overlay/CoveredFirstCollision.lean:107:61: error: (deterministic) timeout at `whnf`, maximum number of heartbeats (100000) has been reached

Note: Use `set_option maxHeartbeats <num>` to set the limit.

Hint: Additional diagnostic information may be available using the `set_option diagnostics true` command.
/home/dombarker/project-offloads/aspis-covered-family.rfQFkf/overlay/CoveredFirstCollision.lean:132:8: error(lean.unknownIdentifier): Unknown identifier `bad_reference_bound`
/home/dombarker/project-offloads/aspis-covered-family.rfQFkf/overlay/CoveredFirstCollision.lean:134:2: error: No goals to be solved
'AspisV8.CoveredFirstCollision.slice_unit' depends on axioms: [propext, Classical.choice, Quot.sound]
'AspisV8.CoveredFirstCollision.slice_bound' depends on axioms: [propext, sorryAx, Classical.choice, Quot.sound]
'AspisV8.CoveredFirstCollision.bad_image_bound' depends on axioms: [propext, sorryAx, Classical.choice, Quot.sound]
'AspisV8.CoveredFirstCollision.wrong_rows_bound' depends on axioms: [propext, sorryAx, Classical.choice, Quot.sound]
/home/dombarker/project-offloads/aspis-covered-family.rfQFkf/overlay/CoveredFirstCollision.lean:143:14: error(lean.unknownIdentifier): Unknown constant `bad_reference_bound`
'AspisV8.CoveredFirstCollision.strategy_bound' depends on axioms: [propext, sorryAx, Classical.choice, Quot.sound]
Command exited with non-zero status 1
	Command being timed: "/home/dombarker/.elan/toolchains/leanprover--lean4---v4.32.0/bin/lean -j1 -M9500 -R /home/dombarker/project-offloads/aspis-covered-family.rfQFkf/overlay -o /home/dombarker/project-offloads/aspis-covered-family.rfQFkf/overlay/CoveredFirstCollision.olean /home/dombarker/project-offloads/aspis-covered-family.rfQFkf/overlay/CoveredFirstCollision.lean"
	User time (seconds): 5.76
	System time (seconds): 1.02
	Percent of CPU this job got: 99%
	Elapsed (wall clock) time (h:mm:ss or m:ss): 0:06.79
	Average shared text size (kbytes): 0
	Average unshared data size (kbytes): 0
	Average stack size (kbytes): 0
	Average total size (kbytes): 0
	Maximum resident set size (kbytes): 6673196
	Average resident set size (kbytes): 0
	Major (requiring I/O) page faults: 20
	Minor (reclaiming a frame) page faults: 139511
	Voluntary context switches: 533
	Involuntary context switches: 198
	Swaps: 0
	File system inputs: 1472
	File system outputs: 0
	Socket messages sent: 0
	Socket messages received: 0
	Signals delivered: 0
	Page size (bytes): 4096
	Exit status: 1
LEAN_EXIT=1
