REMOTE_TASK=/home/dombarker/project-offloads/aspis-component-cover.ZIUqzo
TARGET=CurveOODGate
RESEARCH_PIN=9254b2416c3f8c3c488d0475a00d812fee836e00
BORROWED_SOURCE_PIN=26a9cd4718aae9f9de7ef1c3394fb74a229085d5
Lean (version 4.32.0, x86_64-unknown-linux-gnu, commit 8c9756b28d64dab099da31a4c09229a9e6a2ef35, Release)
008f4a8a21f6d036eaad9ecb5c7ce8794407f8a55417e3348f88717e02460322  /home/dombarker/project-offloads/aspis-component-cover.ZIUqzo/curve-ood-gate-nuc-v1-manifest.json
4b7297325365658f17ab7a26bf6e0bdfa2a8c3a3fd7539c0911c74d8f099d14a  /home/dombarker/project-offloads/aspis-component-cover.ZIUqzo/overlay/CurveOODGate.lean
3ca08461281d836d1898786dcdb2a074089dbe89421f46b9eb81e35ac255f129  /home/dombarker/project-offloads/aspis-component-cover.ZIUqzo/run_component_cover_nuc.sh
OVERLAY_PROVENANCE_PASS=705
NATIVE_PACKAGE_CACHE_BOUNDARY=pinned revisions; not a replay of package compilation
CGROUP=/user.slice/user-1000.slice/user@1000.service/app.slice/aspis-component-curve-ood-gate-nuc-v1.scope
memory.high=8589934592
memory.max=10737418240
memory.swap.max=0
cpu.max=200000 100000
COMMAND=/home/dombarker/.elan/toolchains/leanprover--lean4---v4.32.0/bin/lean -j1 -M9500 -R /home/dombarker/project-offloads/aspis-component-cover.ZIUqzo/overlay -o /home/dombarker/project-offloads/aspis-component-cover.ZIUqzo/overlay/CurveOODGate.olean /home/dombarker/project-offloads/aspis-component-cover.ZIUqzo/overlay/CurveOODGate.lean
'AspisV8.CurveOODGate.answerCurve_degree' depends on axioms: [propext, Classical.choice, Quot.sound]
'AspisV8.CurveOODGate.atPoint_degree' depends on axioms: [propext, Classical.choice, Quot.sound]
'AspisV8.CurveOODGate.atPoint_eval' depends on axioms: [propext, Classical.choice, Quot.sound]
'AspisV8.CurveOODGate.atPoint_zero_of_candidate' depends on axioms: [propext, Classical.choice, Quot.sound]
'AspisV8.CurveOODGate.compatible_card_le' depends on axioms: [propext, Classical.choice, Quot.sound]
'AspisV8.CurveOODGate.compatible_probability_le' depends on axioms: [propext, Classical.choice, Quot.sound]
	Command being timed: "/home/dombarker/.elan/toolchains/leanprover--lean4---v4.32.0/bin/lean -j1 -M9500 -R /home/dombarker/project-offloads/aspis-component-cover.ZIUqzo/overlay -o /home/dombarker/project-offloads/aspis-component-cover.ZIUqzo/overlay/CurveOODGate.olean /home/dombarker/project-offloads/aspis-component-cover.ZIUqzo/overlay/CurveOODGate.lean"
	User time (seconds): 1.88
	System time (seconds): 1.05
	Percent of CPU this job got: 99%
	Elapsed (wall clock) time (h:mm:ss or m:ss): 0:02.94
	Average shared text size (kbytes): 0
	Average unshared data size (kbytes): 0
	Average stack size (kbytes): 0
	Average total size (kbytes): 0
	Maximum resident set size (kbytes): 6831432
	Average resident set size (kbytes): 0
	Major (requiring I/O) page faults: 0
	Minor (reclaiming a frame) page faults: 143241
	Voluntary context switches: 356
	Involuntary context switches: 176
	Swaps: 0
	File system inputs: 4568
	File system outputs: 248
	Socket messages sent: 0
	Socket messages received: 0
	Signals delivered: 0
	Page size (bytes): 4096
	Exit status: 0
LEAN_EXIT=0
9ae9707a3c53a78154e5cf79b951b7861f9f3a3334e3823ee8981fa21e03f8d0  /home/dombarker/project-offloads/aspis-component-cover.ZIUqzo/overlay/CurveOODGate.olean
OVERLAY_PROVENANCE_PASS=705
NATIVE_PACKAGE_CACHE_BOUNDARY=pinned revisions; not a replay of package compilation
PROVENANCE_UNCHANGED=true
