RESEARCH_PIN=503332fbe747db381fc8ee67c4bbdd3631ec97cf
503332fbe747db381fc8ee67c4bbdd3631ec97cf
Lean (version 4.32.0, arm64-apple-darwin24.6.0, commit 8c9756b28d64dab099da31a4c09229a9e6a2ef35, Release)
IMPORTS=Mathlib only; pinned Mathlib source/olean checked
81a5d257c8e410db227a6665ed08f64fea08e997
9c5bf984a8c4ed7c7854d68673a37a3847ff24783554f451920d4ff95d68b97e  /Users/dominic/ZK/AspisFormal/.lake/packages/mathlib/.lake/build/lib/lean/Mathlib.olean
be3fe22d1057d7bc91d7e9e960fc563374475af4f886d0b78e311edf88c6b9f3  /Users/dominic/ZK/.worktrees/ZK-v8-no-work-100-20260907/docs/research/v8-no-work-100-20260907/experiments/DecodedIndex32.lean
COMMAND=lean -M7000 -R /Users/dominic/ZK/.worktrees/ZK-v8-no-work-100-20260907/docs/research/v8-no-work-100-20260907/experiments -o /Users/dominic/ZK/.worktrees/ZK-v8-no-work-100-20260907/docs/research/v8-no-work-100-20260907/experiments/DecodedIndex32.olean /Users/dominic/ZK/.worktrees/ZK-v8-no-work-100-20260907/docs/research/v8-no-work-100-20260907/experiments/DecodedIndex32.lean
/Users/dominic/ZK/.worktrees/ZK-v8-no-work-100-20260907/docs/research/v8-no-work-100-20260907/experiments/DecodedIndex32.lean:85:13: error: unexpected token '→'; expected term
'AspisV8.DecodedIndex32.shifted_bit_test' depends on axioms: [propext, Quot.sound]
'AspisV8.DecodedIndex32.assemble_testBit' depends on axioms: [propext, Classical.choice, Quot.sound]
'AspisV8.DecodedIndex32.shifted_bit_bound' depends on axioms: [propext, Quot.sound]
'AspisV8.DecodedIndex32.assemble_bound' depends on axioms: [propext, Classical.choice, Quot.sound]
'AspisV8.DecodedIndex32.uint32_shift_is_exact' depends on axioms: [propext, Quot.sound]
'AspisV8.DecodedIndex32.assemble32_toNat' depends on axioms: [propext, Quot.sound]
'AspisV8.DecodedIndex32.selected_index_contract' depends on axioms: [propext, sorryAx, Quot.sound]
       27.06 real         1.97 user         3.44 sys
          5448122368  maximum resident set size
                   0  average shared memory size
                   0  average unshared data size
                   0  average unshared stack size
              192620  page reclaims
              233340  page faults
                   0  swaps
                   0  block input operations
                   0  block output operations
                   0  messages sent
                   0  messages received
                   0  signals received
               46624  voluntary context switches
              188475  involuntary context switches
         49274656184  instructions retired
         20078335067  cycles elapsed
           866004752  peak memory footprint
LEAN_EXIT=1
