REMOTE_TASK=/home/dombarker/project-offloads/aspis-denominator.QNcd5G
TARGET=EarlyC1CopyCollisionCore
RESEARCH_PIN=2f6d82fef294410367aa1781fb924af7c38deab9
BORROWED_SOURCE_PIN=26a9cd4718aae9f9de7ef1c3394fb74a229085d5
Lean (version 4.32.0, x86_64-unknown-linux-gnu, commit 8c9756b28d64dab099da31a4c09229a9e6a2ef35, Release)
d61420ccc82149a80f32b56caca5c0fd44e500ddab1c5c0ac0c2cc2b9fb6729a  /home/dombarker/project-offloads/aspis-denominator.QNcd5G/early-c1-copy-collision-core-nuc-v1-manifest.json
14000d408ef960b9b4590af8f8e84568fe331474d57ace216c68c86cffc3a1e0  /home/dombarker/project-offloads/aspis-denominator.QNcd5G/overlay/EarlyC1CopyCollisionCore.lean
14000d408ef960b9b4590af8f8e84568fe331474d57ace216c68c86cffc3a1e0  /home/dombarker/project-offloads/aspis-denominator.QNcd5G/early-c1-copy-collision-core-nuc-v1-source.txt
4a9ee5f24b89642c6a323db95dde0cded2097769c141ed6eb4dcdd16ef8d8935  /home/dombarker/project-offloads/aspis-denominator.QNcd5G/run_denominator_nuc.sh
OVERLAY_PROVENANCE_PASS=757
NATIVE_PACKAGE_CACHE_BOUNDARY=pinned revisions; not a replay of package compilation
CGROUP=/user.slice/user-1000.slice/user@1000.service/app.slice/aspis-denominator-early-c1-copy-collision-core-nuc-v1.scope
memory.high=8589934592
memory.max=10737418240
memory.swap.max=0
cpu.max=200000 100000
COMMAND=/home/dombarker/.elan/toolchains/leanprover--lean4---v4.32.0/bin/lean -j1 -M9500 -R /home/dombarker/project-offloads/aspis-denominator.QNcd5G/overlay -o /home/dombarker/project-offloads/aspis-denominator.QNcd5G/overlay/EarlyC1CopyCollisionCore.olean /home/dombarker/project-offloads/aspis-denominator.QNcd5G/overlay/EarlyC1CopyCollisionCore.lean
'AspisV8.EarlyC1CopyCollisionCore.mem_rootsIn' depends on axioms: [propext, Classical.choice, Quot.sound]
'AspisV8.EarlyC1CopyCollisionCore.rootsIn_card' depends on axioms: [propext, Classical.choice, Quot.sound]
'AspisV8.EarlyC1CopyCollisionCore.mem_familyRoots' depends on axioms: [propext, Classical.choice, Quot.sound]
'AspisV8.EarlyC1CopyCollisionCore.familyRoots_card' depends on axioms: [propext, Classical.choice, Quot.sound]
'AspisV8.EarlyC1CopyCollisionCore.mem_sequentialRoots' depends on axioms: [propext, Classical.choice, Quot.sound]
'AspisV8.EarlyC1CopyCollisionCore.sequentialRoots_card' depends on axioms: [propext, Classical.choice, Quot.sound]
'AspisV8.EarlyC1CopyCollisionCore.adaptive_selection_covered' depends on axioms: [propext, Classical.choice, Quot.sound]
	Command being timed: "/home/dombarker/.elan/toolchains/leanprover--lean4---v4.32.0/bin/lean -j1 -M9500 -R /home/dombarker/project-offloads/aspis-denominator.QNcd5G/overlay -o /home/dombarker/project-offloads/aspis-denominator.QNcd5G/overlay/EarlyC1CopyCollisionCore.olean /home/dombarker/project-offloads/aspis-denominator.QNcd5G/overlay/EarlyC1CopyCollisionCore.lean"
	User time (seconds): 0.73
	System time (seconds): 0.30
	Percent of CPU this job got: 100%
	Elapsed (wall clock) time (h:mm:ss or m:ss): 0:01.03
	Average shared text size (kbytes): 0
	Average unshared data size (kbytes): 0
	Average stack size (kbytes): 0
	Average total size (kbytes): 0
	Maximum resident set size (kbytes): 2036044
	Average resident set size (kbytes): 0
	Major (requiring I/O) page faults: 0
	Minor (reclaiming a frame) page faults: 45253
	Voluntary context switches: 443
	Involuntary context switches: 55
	Swaps: 0
	File system inputs: 0
	File system outputs: 352
	Socket messages sent: 0
	Socket messages received: 0
	Signals delivered: 0
	Page size (bytes): 4096
	Exit status: 0
LEAN_EXIT=0
441a6cc5e6209a0ad2f924082d36da5613b90c836bb5b16f4901c4f55b2ad170  /home/dombarker/project-offloads/aspis-denominator.QNcd5G/overlay/EarlyC1CopyCollisionCore.olean
OVERLAY_PROVENANCE_PASS=757
NATIVE_PACKAGE_CACHE_BOUNDARY=pinned revisions; not a replay of package compilation
PROVENANCE_UNCHANGED=true
