REMOTE_TASK=/home/dombarker/project-offloads/aspis-higher-y.fMoMeX
TARGET=EarlyC1HigherYSupport
RESEARCH_PIN=289d7356c78a4cd493fe61a54f9548f2a0c11298
BORROWED_SOURCE_PIN=26a9cd4718aae9f9de7ef1c3394fb74a229085d5
Lean (version 4.32.0, x86_64-unknown-linux-gnu, commit 8c9756b28d64dab099da31a4c09229a9e6a2ef35, Release)
48382e41b6aaf9cb6174891072b04efe8d65676ebb694cf9628cbe81c822b1dc  /home/dombarker/project-offloads/aspis-higher-y.fMoMeX/early-c1-higher-y-support-nuc-v1-manifest.json
264e82bf9869ae3d28fe36dc5a2f82e24e53c1b59a35c7e04e2a44d8a2704855  /home/dombarker/project-offloads/aspis-higher-y.fMoMeX/overlay/EarlyC1HigherYSupport.lean
264e82bf9869ae3d28fe36dc5a2f82e24e53c1b59a35c7e04e2a44d8a2704855  /home/dombarker/project-offloads/aspis-higher-y.fMoMeX/early-c1-higher-y-support-nuc-v1-source.txt
5780e61b4d286905ab912bb6ab8e103a20908f78c11bea415db40a5fad110e52  /home/dombarker/project-offloads/aspis-higher-y.fMoMeX/run_higher_y_nuc.sh
OVERLAY_PROVENANCE_PASS=951
NATIVE_PACKAGE_CACHE_BOUNDARY=pinned revisions; not a replay of package compilation
CGROUP=/user.slice/user-1000.slice/user@1000.service/app.slice/aspis-higher-y-early-c1-higher-y-support-nuc-v1.scope
memory.high=8589934592
memory.max=10737418240
memory.swap.max=0
cpu.max=200000 100000
COMMAND=/home/dombarker/.elan/toolchains/leanprover--lean4---v4.32.0/bin/lean -j1 -M9500 -R /home/dombarker/project-offloads/aspis-higher-y.fMoMeX/overlay -o /home/dombarker/project-offloads/aspis-higher-y.fMoMeX/overlay/EarlyC1HigherYSupport.olean /home/dombarker/project-offloads/aspis-higher-y.fMoMeX/overlay/EarlyC1HigherYSupport.lean
/home/dombarker/project-offloads/aspis-higher-y.fMoMeX/overlay/EarlyC1HigherYSupport.lean:101:29: error: Ambiguous term
  K
Possible interpretations:
  NearGammaSelectedC1.K : Type
  
  SelectedReceivedOracle.K : Type
/home/dombarker/project-offloads/aspis-higher-y.fMoMeX/overlay/EarlyC1HigherYSupport.lean:104:58: error: Ambiguous term
  K
Possible interpretations:
  NearGammaSelectedC1.K : Type
  
  SelectedReceivedOracle.K : Type
/home/dombarker/project-offloads/aspis-higher-y.fMoMeX/overlay/EarlyC1HigherYSupport.lean:108:63: error: Ambiguous term
  K
Possible interpretations:
  NearGammaSelectedC1.K : Type
  
  SelectedReceivedOracle.K : Type
/home/dombarker/project-offloads/aspis-higher-y.fMoMeX/overlay/EarlyC1HigherYSupport.lean:116:63: error: Ambiguous term
  K
Possible interpretations:
  NearGammaSelectedC1.K : Type
  
  SelectedReceivedOracle.K : Type
/home/dombarker/project-offloads/aspis-higher-y.fMoMeX/overlay/EarlyC1HigherYSupport.lean:118:19: error: Ambiguous term
  K
Possible interpretations:
  NearGammaSelectedC1.K : Type
  
  SelectedReceivedOracle.K : Type
/home/dombarker/project-offloads/aspis-higher-y.fMoMeX/overlay/EarlyC1HigherYSupport.lean:127:73: error: Ambiguous term
  K
Possible interpretations:
  NearGammaSelectedC1.K : Type
  
  SelectedReceivedOracle.K : Type
/home/dombarker/project-offloads/aspis-higher-y.fMoMeX/overlay/EarlyC1HigherYSupport.lean:128:20: error: Ambiguous term
  K
Possible interpretations:
  NearGammaSelectedC1.K : Type
  
  SelectedReceivedOracle.K : Type
/home/dombarker/project-offloads/aspis-higher-y.fMoMeX/overlay/EarlyC1HigherYSupport.lean:128:32: error: Ambiguous term
  K
Possible interpretations:
  NearGammaSelectedC1.K : Type
  
  SelectedReceivedOracle.K : Type
/home/dombarker/project-offloads/aspis-higher-y.fMoMeX/overlay/EarlyC1HigherYSupport.lean:133:29: error(lean.unknownIdentifier): Unknown identifier `parent`
/home/dombarker/project-offloads/aspis-higher-y.fMoMeX/overlay/EarlyC1HigherYSupport.lean:136:35: error(lean.synthInstanceFailed): failed to synthesize instance of type class
  NeZero 2

Hint: Type class instance resolution failures can be inspected with the `set_option trace.Meta.synthInstance true` command.
/home/dombarker/project-offloads/aspis-higher-y.fMoMeX/overlay/EarlyC1HigherYSupport.lean:138:79: error: Ambiguous term
  K
Possible interpretations:
  NearGammaSelectedC1.K : Type
  
  SelectedReceivedOracle.K : Type
/home/dombarker/project-offloads/aspis-higher-y.fMoMeX/overlay/EarlyC1HigherYSupport.lean:140:20: error: Ambiguous term
  K
Possible interpretations:
  NearGammaSelectedC1.K : Type
  
  SelectedReceivedOracle.K : Type
/home/dombarker/project-offloads/aspis-higher-y.fMoMeX/overlay/EarlyC1HigherYSupport.lean:143:47: error(lean.unknownIdentifier): Unknown identifier `parent`
/home/dombarker/project-offloads/aspis-higher-y.fMoMeX/overlay/EarlyC1HigherYSupport.lean:147:22: error: Function expected at
  cover
but this term has type
  Covers c1 c2 Gamma messages

Note: Expected a function because this term is being applied to the argument
  (atGamma d gamma)
/home/dombarker/project-offloads/aspis-higher-y.fMoMeX/overlay/EarlyC1HigherYSupport.lean:151:17: error(lean.unknownIdentifier): Unknown identifier `parent`
/home/dombarker/project-offloads/aspis-higher-y.fMoMeX/overlay/EarlyC1HigherYSupport.lean:152:4: error: maximum recursion depth has been reached
use `set_option maxRecDepth <num>` to increase limit
use `set_option diagnostics true` to get diagnostic information
/home/dombarker/project-offloads/aspis-higher-y.fMoMeX/overlay/EarlyC1HigherYSupport.lean:166:20: error: Ambiguous term
  K
Possible interpretations:
  NearGammaSelectedC1.K : Type
  
  SelectedReceivedOracle.K : Type
/home/dombarker/project-offloads/aspis-higher-y.fMoMeX/overlay/EarlyC1HigherYSupport.lean:171:25: error: Ambiguous term
  K
Possible interpretations:
  NearGammaSelectedC1.K : Type
  
  SelectedReceivedOracle.K : Type
/home/dombarker/project-offloads/aspis-higher-y.fMoMeX/overlay/EarlyC1HigherYSupport.lean:181:20: error: Ambiguous term
  K
Possible interpretations:
  NearGammaSelectedC1.K : Type
  
  SelectedReceivedOracle.K : Type
/home/dombarker/project-offloads/aspis-higher-y.fMoMeX/overlay/EarlyC1HigherYSupport.lean:182:48: error: Ambiguous term
  K
Possible interpretations:
  NearGammaSelectedC1.K : Type
  
  SelectedReceivedOracle.K : Type
/home/dombarker/project-offloads/aspis-higher-y.fMoMeX/overlay/EarlyC1HigherYSupport.lean:184:9: error(lean.unknownIdentifier): Unknown identifier `fixed_early_dichotomy`
/home/dombarker/project-offloads/aspis-higher-y.fMoMeX/overlay/EarlyC1HigherYSupport.lean:184:2: error: Tactic `generalize` failed: result is not type correct
  ∀ (x : Type), #(highHigherGammas c1 c2 d Gamma) ≤ 117077

c1 : C1Received
p : C1Messages
c2 : C2Received
Gamma : Finset sorry
nonzero : ∀ gamma ∈ Gamma, gamma ≠ 0
found : earlyC1 c1 = some p
d : Data
checked : sorry
⊢ #(highHigherGammas c1 c2 d Gamma) ≤ 117077
'AspisV8.EarlyC1HigherYSupport.Generic.coherent_multiset_count' depends on axioms: [propext,
 Classical.choice,
 Quot.sound]
'AspisV8.EarlyC1HigherYSupport.Generic.coherent_parent_count' depends on axioms: [propext, Classical.choice, Quot.sound]
'AspisV8.EarlyC1HigherYSupport.Generic.coefficientCurve_linear_eval' depends on axioms: [propext,
 Classical.choice,
 Quot.sound]
'AspisV8.EarlyC1HigherYSupport.tupleCurve_eval' depends on axioms: [propext, sorryAx, Classical.choice, Quot.sound]
'AspisV8.EarlyC1HigherYSupport.covered_high_count' depends on axioms: [propext, sorryAx, Classical.choice, Quot.sound]
/home/dombarker/project-offloads/aspis-higher-y.fMoMeX/overlay/EarlyC1HigherYSupport.lean:200:14: error(lean.unknownIdentifier): Unknown constant `fixed_early_dichotomy`
/home/dombarker/project-offloads/aspis-higher-y.fMoMeX/overlay/EarlyC1HigherYSupport.lean:201:14: error(lean.unknownIdentifier): Unknown constant `fixed_early_high_count`
Command exited with non-zero status 1
	Command being timed: "/home/dombarker/.elan/toolchains/leanprover--lean4---v4.32.0/bin/lean -j1 -M9500 -R /home/dombarker/project-offloads/aspis-higher-y.fMoMeX/overlay -o /home/dombarker/project-offloads/aspis-higher-y.fMoMeX/overlay/EarlyC1HigherYSupport.olean /home/dombarker/project-offloads/aspis-higher-y.fMoMeX/overlay/EarlyC1HigherYSupport.lean"
	User time (seconds): 3.46
	System time (seconds): 1.33
	Percent of CPU this job got: 98%
	Elapsed (wall clock) time (h:mm:ss or m:ss): 0:04.85
	Average shared text size (kbytes): 0
	Average unshared data size (kbytes): 0
	Average stack size (kbytes): 0
	Average total size (kbytes): 0
	Maximum resident set size (kbytes): 6832320
	Average resident set size (kbytes): 0
	Major (requiring I/O) page faults: 364
	Minor (reclaiming a frame) page faults: 167418
	Voluntary context switches: 1432
	Involuntary context switches: 149
	Swaps: 0
	File system inputs: 8680
	File system outputs: 0
	Socket messages sent: 0
	Socket messages received: 0
	Signals delivered: 0
	Page size (bytes): 4096
	Exit status: 1
LEAN_EXIT=1
