REMOTE_TASK=/home/dombarker/project-offloads/aspis-higher-y.fMoMeX
TARGET=FamilyIdentityIncidence
RESEARCH_PIN=289d7356c78a4cd493fe61a54f9548f2a0c11298
BORROWED_SOURCE_PIN=26a9cd4718aae9f9de7ef1c3394fb74a229085d5
Lean (version 4.32.0, x86_64-unknown-linux-gnu, commit 8c9756b28d64dab099da31a4c09229a9e6a2ef35, Release)
b7978610bcae7975d4ee97fde0a23cd5ef0c70db9864a413088efc96ba06951f  /home/dombarker/project-offloads/aspis-higher-y.fMoMeX/family-identity-incidence-nuc-v1-manifest.json
ee03dfe4702e5c756a0b96cebadf28507e0d65548faaeaf78d81c06f8d9b0cdc  /home/dombarker/project-offloads/aspis-higher-y.fMoMeX/overlay/FamilyIdentityIncidence.lean
ee03dfe4702e5c756a0b96cebadf28507e0d65548faaeaf78d81c06f8d9b0cdc  /home/dombarker/project-offloads/aspis-higher-y.fMoMeX/family-identity-incidence-nuc-v1-source.txt
5780e61b4d286905ab912bb6ab8e103a20908f78c11bea415db40a5fad110e52  /home/dombarker/project-offloads/aspis-higher-y.fMoMeX/run_higher_y_nuc.sh
OVERLAY_PROVENANCE_PASS=905
NATIVE_PACKAGE_CACHE_BOUNDARY=pinned revisions; not a replay of package compilation
CGROUP=/user.slice/user-1000.slice/user@1000.service/app.slice/aspis-higher-y-family-identity-incidence-nuc-v1.scope
memory.high=8589934592
memory.max=10737418240
memory.swap.max=0
cpu.max=200000 100000
COMMAND=/home/dombarker/.elan/toolchains/leanprover--lean4---v4.32.0/bin/lean -j1 -M9500 -R /home/dombarker/project-offloads/aspis-higher-y.fMoMeX/overlay -o /home/dombarker/project-offloads/aspis-higher-y.fMoMeX/overlay/FamilyIdentityIncidence.olean /home/dombarker/project-offloads/aspis-higher-y.fMoMeX/overlay/FamilyIdentityIncidence.lean
'AspisV8.FamilyIdentityIncidence.ratio_monotone' depends on axioms: [propext, Quot.sound]
'AspisV8.FamilyIdentityIncidence.common_threshold' depends on axioms: [propext, Quot.sound]
'AspisV8.FamilyIdentityIncidence.family_union_bound' depends on axioms: [propext, Classical.choice, Quot.sound]
'AspisV8.FamilyIdentityIncidence.polynomial_family_bound' depends on axioms: [propext, Classical.choice, Quot.sound]
	Command being timed: "/home/dombarker/.elan/toolchains/leanprover--lean4---v4.32.0/bin/lean -j1 -M9500 -R /home/dombarker/project-offloads/aspis-higher-y.fMoMeX/overlay -o /home/dombarker/project-offloads/aspis-higher-y.fMoMeX/overlay/FamilyIdentityIncidence.olean /home/dombarker/project-offloads/aspis-higher-y.fMoMeX/overlay/FamilyIdentityIncidence.lean"
	User time (seconds): 2.20
	System time (seconds): 1.59
	Percent of CPU this job got: 97%
	Elapsed (wall clock) time (h:mm:ss or m:ss): 0:03.89
	Average shared text size (kbytes): 0
	Average unshared data size (kbytes): 0
	Average stack size (kbytes): 0
	Average total size (kbytes): 0
	Maximum resident set size (kbytes): 6642456
	Average resident set size (kbytes): 0
	Major (requiring I/O) page faults: 0
	Minor (reclaiming a frame) page faults: 224681
	Voluntary context switches: 213
	Involuntary context switches: 209
	Swaps: 0
	File system inputs: 0
	File system outputs: 448
	Socket messages sent: 0
	Socket messages received: 0
	Signals delivered: 0
	Page size (bytes): 4096
	Exit status: 0
LEAN_EXIT=0
f315cad90949d327de20539e771a617e031903def422ee2fd15545ed87a5ce5b  /home/dombarker/project-offloads/aspis-higher-y.fMoMeX/overlay/FamilyIdentityIncidence.olean
OVERLAY_PROVENANCE_PASS=905
NATIVE_PACKAGE_CACHE_BOUNDARY=pinned revisions; not a replay of package compilation
PROVENANCE_UNCHANGED=true
