REMOTE_TASK=/home/dombarker/project-offloads/aspis-higher-y.fMoMeX
TARGET=FixedLinearMapCurveReduction
RESEARCH_PIN=289d7356c78a4cd493fe61a54f9548f2a0c11298
BORROWED_SOURCE_PIN=26a9cd4718aae9f9de7ef1c3394fb74a229085d5
Lean (version 4.32.0, x86_64-unknown-linux-gnu, commit 8c9756b28d64dab099da31a4c09229a9e6a2ef35, Release)
4697ddc0fdcfb0ed8f4dec478e3827e57eca8e6d90288ab454e59827215053c1  /home/dombarker/project-offloads/aspis-higher-y.fMoMeX/fixed-linear-map-v1-manifest.json
09c064dedc3282541870a0dd50e49dc3fa9d21042a8f96ba7a7d48cd75d73d4b  /home/dombarker/project-offloads/aspis-higher-y.fMoMeX/overlay/FixedLinearMapCurveReduction.lean
09c064dedc3282541870a0dd50e49dc3fa9d21042a8f96ba7a7d48cd75d73d4b  /home/dombarker/project-offloads/aspis-higher-y.fMoMeX/fixed-linear-map-v1-source.txt
5780e61b4d286905ab912bb6ab8e103a20908f78c11bea415db40a5fad110e52  /home/dombarker/project-offloads/aspis-higher-y.fMoMeX/run_higher_y_nuc.sh
OVERLAY_PROVENANCE_PASS=1005
NATIVE_PACKAGE_CACHE_BOUNDARY=pinned revisions; not a replay of package compilation
CGROUP=/user.slice/user-1000.slice/user@1000.service/app.slice/aspis-higher-y-fixed-linear-map-v1.scope
memory.high=8589934592
memory.max=10737418240
memory.swap.max=0
cpu.max=200000 100000
COMMAND=/home/dombarker/.elan/toolchains/leanprover--lean4---v4.32.0/bin/lean -j1 -M9500 -R /home/dombarker/project-offloads/aspis-higher-y.fMoMeX/overlay -o /home/dombarker/project-offloads/aspis-higher-y.fMoMeX/overlay/FixedLinearMapCurveReduction.olean /home/dombarker/project-offloads/aspis-higher-y.fMoMeX/overlay/FixedLinearMapCurveReduction.lean
/home/dombarker/project-offloads/aspis-higher-y.fMoMeX/overlay/FixedLinearMapCurveReduction.lean:47:65: error: unsolved goals
K : Type u_1
W : Type u_3
inst✝² : Field K
inst✝¹ : AddCommGroup W
inst✝ : Module K W
d : ℕ
phi : W →ₗ[K] K
b : Fin (d + 1) → W
gamma : K
⊢ eval gamma (∑ i, (monomial ↑i) (phi (b i))) = ∑ x, gamma ^ ↑x * phi (b x)
/home/dombarker/project-offloads/aspis-higher-y.fMoMeX/overlay/FixedLinearMapCurveReduction.lean:49:33: warning: This simp argument is unused:
  mul_comm

Hint: Omit it from the simp argument list.
  simp [scalarPolynomial, curve,̵ ̵m̵u̵l̵_̵c̵o̵m̵m̵]

Note: This linter can be disabled with `set_option linter.unusedSimpArgs false`
/home/dombarker/project-offloads/aspis-higher-y.fMoMeX/overlay/FixedLinearMapCurveReduction.lean:97:10: error(lean.unknownIdentifier): Unknown constant `Submodule.mem_bot.mp`
'AspisV8.FixedLinearMapCurveReduction.scalar_coeff' depends on axioms: [propext, Classical.choice, Quot.sound]
'AspisV8.FixedLinearMapCurveReduction.scalar_degree' depends on axioms: [propext, Classical.choice, Quot.sound]
'AspisV8.FixedLinearMapCurveReduction.scalar_eval' depends on axioms: [propext, sorryAx, Classical.choice, Quot.sound]
'AspisV8.FixedLinearMapCurveReduction.curve_map' depends on axioms: [propext, Classical.choice, Quot.sound]
'AspisV8.FixedLinearMapCurveReduction.feasible_card_of_separator' depends on axioms: [propext,
 sorryAx,
 Classical.choice,
 Quot.sound]
'AspisV8.FixedLinearMapCurveReduction.feasible_card_of_coefficient_outside' depends on axioms: [propext,
 sorryAx,
 Classical.choice,
 Quot.sound]
'AspisV8.FixedLinearMapCurveReduction.solution_iff_kernel_offset' depends on axioms: [propext,
 Classical.choice,
 Quot.sound]
'AspisV8.FixedLinearMapCurveReduction.range_kernel_dichotomy' depends on axioms: [propext,
 sorryAx,
 Classical.choice,
 Quot.sound]
'AspisV8.FixedLinearMapCurveReduction.dense_feasible_particular_curve' depends on axioms: [propext,
 sorryAx,
 Classical.choice,
 Quot.sound]
Command exited with non-zero status 1
	Command being timed: "/home/dombarker/.elan/toolchains/leanprover--lean4---v4.32.0/bin/lean -j1 -M9500 -R /home/dombarker/project-offloads/aspis-higher-y.fMoMeX/overlay -o /home/dombarker/project-offloads/aspis-higher-y.fMoMeX/overlay/FixedLinearMapCurveReduction.olean /home/dombarker/project-offloads/aspis-higher-y.fMoMeX/overlay/FixedLinearMapCurveReduction.lean"
	User time (seconds): 1.04
	System time (seconds): 0.38
	Percent of CPU this job got: 100%
	Elapsed (wall clock) time (h:mm:ss or m:ss): 0:01.42
	Average shared text size (kbytes): 0
	Average unshared data size (kbytes): 0
	Average stack size (kbytes): 0
	Average total size (kbytes): 0
	Maximum resident set size (kbytes): 2239124
	Average resident set size (kbytes): 0
	Major (requiring I/O) page faults: 0
	Minor (reclaiming a frame) page faults: 49046
	Voluntary context switches: 620
	Involuntary context switches: 60
	Swaps: 0
	File system inputs: 0
	File system outputs: 0
	Socket messages sent: 0
	Socket messages received: 0
	Signals delivered: 0
	Page size (bytes): 4096
	Exit status: 1
LEAN_EXIT=1
