REMOTE_TASK=/home/dombarker/project-offloads/aspis-higher-y.fMoMeX
TARGET=FixedWordQueryTerminal
RESEARCH_PIN=289d7356c78a4cd493fe61a54f9548f2a0c11298
BORROWED_SOURCE_PIN=26a9cd4718aae9f9de7ef1c3394fb74a229085d5
Lean (version 4.32.0, x86_64-unknown-linux-gnu, commit 8c9756b28d64dab099da31a4c09229a9e6a2ef35, Release)
6fb538f2145a46116a518019e161350c4a6946aaf6de231e01792fc3f734d57e  /home/dombarker/project-offloads/aspis-higher-y.fMoMeX/fixed-word-query-terminal-bridge-v3-manifest.json
6859c7b798e4b05d1103b93bf2604e19562f6b27efbad3fa1e3720833d4b7ff7  /home/dombarker/project-offloads/aspis-higher-y.fMoMeX/overlay/FixedWordQueryTerminal.lean
6859c7b798e4b05d1103b93bf2604e19562f6b27efbad3fa1e3720833d4b7ff7  /home/dombarker/project-offloads/aspis-higher-y.fMoMeX/fixed-word-query-terminal-bridge-v3-source.txt
5780e61b4d286905ab912bb6ab8e103a20908f78c11bea415db40a5fad110e52  /home/dombarker/project-offloads/aspis-higher-y.fMoMeX/run_higher_y_nuc.sh
OVERLAY_PROVENANCE_PASS=1095
NATIVE_PACKAGE_CACHE_BOUNDARY=pinned revisions; not a replay of package compilation
CGROUP=/user.slice/user-1000.slice/user@1000.service/app.slice/aspis-higher-y-fixed-word-query-terminal-bridge-v3.scope
memory.high=8589934592
memory.max=10737418240
memory.swap.max=0
cpu.max=200000 100000
COMMAND=/home/dombarker/.elan/toolchains/leanprover--lean4---v4.32.0/bin/lean -j1 -M9500 -R /home/dombarker/project-offloads/aspis-higher-y.fMoMeX/overlay -o /home/dombarker/project-offloads/aspis-higher-y.fMoMeX/overlay/FixedWordQueryTerminal.olean /home/dombarker/project-offloads/aspis-higher-y.fMoMeX/overlay/FixedWordQueryTerminal.lean
'AspisV8.FixedWordQueryTerminal.values_source_iff' depends on axioms: [propext, Classical.choice, Quot.sound]
'AspisV8.FixedWordQueryTerminal.indexed_point' depends on axioms: [propext, Classical.choice, Quot.sound]
'AspisV8.FixedWordQueryTerminal.received_fixed' depends on axioms: [propext, Classical.choice, Quot.sound]
'AspisV8.FixedWordQueryTerminal.residual_fixed' depends on axioms: [propext, Classical.choice, Quot.sound]
'AspisV8.FixedWordQueryTerminal.acceptance_fixed' depends on axioms: [propext, Classical.choice, Quot.sound]
'AspisV8.FixedWordQueryTerminal.collision_or_acceptance' depends on axioms: [propext, Classical.choice, Quot.sound]
	Command being timed: "/home/dombarker/.elan/toolchains/leanprover--lean4---v4.32.0/bin/lean -j1 -M9500 -R /home/dombarker/project-offloads/aspis-higher-y.fMoMeX/overlay -o /home/dombarker/project-offloads/aspis-higher-y.fMoMeX/overlay/FixedWordQueryTerminal.olean /home/dombarker/project-offloads/aspis-higher-y.fMoMeX/overlay/FixedWordQueryTerminal.lean"
	User time (seconds): 2.15
	System time (seconds): 1.12
	Percent of CPU this job got: 99%
	Elapsed (wall clock) time (h:mm:ss or m:ss): 0:03.28
	Average shared text size (kbytes): 0
	Average unshared data size (kbytes): 0
	Average stack size (kbytes): 0
	Average total size (kbytes): 0
	Maximum resident set size (kbytes): 6847580
	Average resident set size (kbytes): 0
	Major (requiring I/O) page faults: 0
	Minor (reclaiming a frame) page faults: 141745
	Voluntary context switches: 491
	Involuntary context switches: 157
	Swaps: 0
	File system inputs: 0
	File system outputs: 368
	Socket messages sent: 0
	Socket messages received: 0
	Signals delivered: 0
	Page size (bytes): 4096
	Exit status: 0
LEAN_EXIT=0
8fe22cfbbe18adf14e841839f4bb9c453f37935eb7724daaf33dea224d00bdf7  /home/dombarker/project-offloads/aspis-higher-y.fMoMeX/overlay/FixedWordQueryTerminal.olean
OVERLAY_PROVENANCE_PASS=1095
NATIVE_PACKAGE_CACHE_BOUNDARY=pinned revisions; not a replay of package compilation
PROVENANCE_UNCHANGED=true
