Command: /usr/bin/time -l lake env lean /Users/dominic/ZK/.worktrees/ZK-v8-no-work-100-20260907/docs/research/v8-no-work-100-20260907/experiments/FixedTargetQuerySupport.lean
Working directory: /Users/dominic/ZK/AspisFormal
Toolchain: Lean 4.32.0, cached main bff78d6eab006dfc75c704abde824fa7c57637b1
Research parent: c69873c0d5e5b28daa583655040fb915d1e8c873
Source SHA256: 61e265e65c15bcee5f21d3aea671a734bf55657d9ca736866348396ac2b25dad
Exit: 0
'AspisV8.FixedTargetQuerySupport.foldCoefficients_injective' depends on axioms: [propext, Classical.choice, Quot.sound]
'AspisV8.FixedTargetQuerySupport.foldedPolynomial_ne_zero' depends on axioms: [propext, Classical.choice, Quot.sound]
'AspisV8.FixedTargetQuerySupport.foldedPolynomial_eval_literal' depends on axioms: [propext,
 Classical.choice,
 Quot.sound]
'AspisV8.FixedTargetQuerySupport.two_stage_count' depends on axioms: [propext, Classical.choice, Quot.sound]
'AspisV8.FixedTargetQuerySupport.common_schedule_card' depends on axioms: [propext, Classical.choice, Quot.sound]
'AspisV8.FixedTargetQuerySupport.wrong_support_count' depends on axioms: [propext, Classical.choice, Quot.sound]
'AspisV8.FixedTargetQuerySupport.fixed_target_wrong_support_count' depends on axioms: [propext,
 Classical.choice,
 Quot.sound]
'AspisV8.FixedTargetQuerySupport.normalize_wrong_support' depends on axioms: [propext, Classical.choice, Quot.sound]
'AspisV8.FixedTargetQuerySupport.total_count_from_wrong_support' depends on axioms: [propext,
 Classical.choice,
 Quot.sound]
'AspisV8.FixedTargetQuerySupport.pointwisePairCount_le' depends on axioms: [propext, Classical.choice, Quot.sound]
'AspisV8.FixedTargetQuerySupport.zeroExample_wrong_support_count' depends on axioms: [propext,
 Classical.choice,
 Quot.sound]
'AspisV8.FixedTargetQuerySupport.zeroExample_top_coefficient' depends on axioms: [propext, Classical.choice, Quot.sound]
'AspisV8.FixedTargetQuerySupport.disjoint_exceptional_gamma_card' depends on axioms: [propext,
 Classical.choice,
 Quot.sound]
'AspisV8.FixedTargetQuerySupport.same_support_recovery_impossible' depends on axioms: [propext,
 Classical.choice,
 Quot.sound]
'AspisV8.FixedTargetQuerySupport.root_label_injective' depends on axioms: [propext, Quot.sound]
'AspisV8.FixedTargetQuerySupport.root_label_range' depends on axioms: [propext, Classical.choice, Quot.sound]
'AspisV8.FixedTargetQuerySupport.shiftedBatch_root_count' depends on axioms: [propext, Classical.choice, Quot.sound]
      134.09 real         6.30 user        16.43 sys
          3250110464  maximum resident set size
                   0  average shared memory size
                   0  average unshared data size
                   0  average unshared stack size
              306162  page reclaims
              799722  page faults
                   0  swaps
                   0  block input operations
                   0  block output operations
                   0  messages sent
                   0  messages received
                   0  signals received
               54731  voluntary context switches
              837073  involuntary context switches
          4389552239  instructions retired
          2826614144  cycles elapsed
           133764560  peak memory footprint
