532ade2064e533602902fc9ae5b4dd90f9207131
rustc 1.93.0 (254b59607 2026-01-19)
2e4f615b11754126bd62c5f97cf92a9802d6de03f375ab762d49dee15d081588  /Users/dominic/ZK/.worktrees/ZK-v8-no-work-100-20260907/docs/research/v8-no-work-100-20260907/experiments/helper_far_moment.rs
15ce5a0f4618326d06fbd03b4a1c9237a57d28a8b692c0434550d7e5e28ed06c  /Users/dominic/ZK/.worktrees/ZK-v8-no-work-100-20260907/docs/research/v8-no-work-100-20260907/experiments/fork_collector_control.rs
2e34922f150d6fde0207ea5d13d1f76d0a98563d644d03654dbc8d8ffa3e0c03  /Users/dominic/ZK/.worktrees/ZK-v8-no-work-100-20260907/docs/research/v8-no-work-100-20260907/experiments/run_fork_collector_control.sh
SCOPE=8 predeclared prefixes; at most 31008 selected-policy quadruples and 17328 tied-response/support groups; expected optimized compute under10s; 1GiB RSS/90 CPU seconds; no full-search rerun
BUILD_DIRECTORY=/tmp/aspis-fork-collector.pFpJwt
        1.38 real         1.19 user         0.25 sys
           168886272  maximum resident set size
                   0  average shared memory size
                   0  average unshared data size
                   0  average unshared stack size
               16143  page reclaims
                7315  page faults
                   0  swaps
                   0  block input operations
                   0  block output operations
                   0  messages sent
                   0  messages received
                   2  signals received
                 614  voluntary context switches
                8224  involuntary context switches
         12077166640  instructions retired
          4572452991  cycles elapsed
            93127400  peak memory footprint
BUILD_EXIT=0
{"case":[0,0,1],"kappa":1,"tau":1,"inactive":2,"claim":1,"best_qualifying_alphas":10,"optimal_response_ties":5,"chosen_response":[0, 1, 0, 0, 5, 0, 0],"chosen_alphas":[4, 5, 6, 7, 8, 10, 12, 13, 15, 18],"chosen_fibre_masks":[[4, 10], [5, 6], [6, 3], [7, 10], [8, 5], [10, 9], [12, 3], [13, 6], [15, 9], [18, 12]],"chosen_final_tie_alphas":2,"four_disclosure_subsets":210,"distinct_quotients":206,"quotient_hist_imagevalid_then_supportsize":[[179, 22, 0, 0, 0], [5, 0, 0, 0, 0]],"seven_hist_imagevalid_then_supportsize":[[0, 0, 0, 0, 0], [0, 0, 0, 0, 0]],"chosen_policy_best_coherence":5,"chosen_policy_best_common_two":0,"all_optimal_ties_best_common_two":5,"all_optimal_ties_imagevalid_common_two":0,"all_optimal_ties_seven_pair_groups":0,"optimal_responses_with_seven_pair_group":0,"pair_checks":30,"image_distance":3,"oracle_reads":6832}
{"audit":"chosen_policy_best_coherence","q":[18, 8, 1, 4, 11, 7, 10, 13],"coherent_alpha_count":5,"common_fibre_mask":1,"raw_support_mask":1,"image_residual":[13, 1],"ordinary_residual":9,"combined_residual":14,"prior_polynomial":[15, 18, 5, 16, 17, 6, 0],"all_prior_zero":true}
{"audit":"all_optimal_ties_best_common_two","q":[0, 0, 8, 0, 0, 0, 2, 0],"coherent_alpha_count":5,"common_fibre_mask":12,"raw_support_mask":12,"image_residual":[0, 4],"ordinary_residual":13,"combined_residual":9,"prior_polynomial":[15, 5, 7, 11, 11, 2, 0],"all_prior_zero":true}
{"policy_case":[0,0,1],"chosen_final_records_alpha_c0_c1":[[4, 17, 2], [5, 16, 2], [6, 16, 10], [7, 1, 18], [8, 9, 10], [10, 18, 2], [12, 7, 2], [13, 1, 12], [15, 12, 14], [18, 8, 2]],"chosen_priors":[0, 0, 0, 0, 0, 0, 0, 0, 0, 0],"best_pair_response":[15, 5, 0, 0, 9, 0, 0],"best_pair_alphas":[3, 10, 15, 16, 17]}
{"case":[0,0,2],"kappa":1,"tau":1,"inactive":18,"claim":1,"best_qualifying_alphas":10,"optimal_response_ties":5,"chosen_response":[0, 1, 0, 0, 5, 0, 0],"chosen_alphas":[4, 5, 6, 7, 8, 10, 12, 13, 15, 18],"chosen_fibre_masks":[[4, 10], [5, 6], [6, 3], [7, 10], [8, 5], [10, 9], [12, 3], [13, 6], [15, 9], [18, 12]],"chosen_final_tie_alphas":2,"four_disclosure_subsets":210,"distinct_quotients":206,"quotient_hist_imagevalid_then_supportsize":[[179, 22, 0, 0, 0], [5, 0, 0, 0, 0]],"seven_hist_imagevalid_then_supportsize":[[0, 0, 0, 0, 0], [0, 0, 0, 0, 0]],"chosen_policy_best_coherence":5,"chosen_policy_best_common_two":0,"all_optimal_ties_best_common_two":5,"all_optimal_ties_imagevalid_common_two":0,"all_optimal_ties_seven_pair_groups":0,"optimal_responses_with_seven_pair_group":0,"pair_checks":30,"image_distance":3,"oracle_reads":6832}
{"audit":"chosen_policy_best_coherence","q":[18, 8, 1, 4, 11, 7, 10, 13],"coherent_alpha_count":5,"common_fibre_mask":1,"raw_support_mask":1,"image_residual":[13, 1],"ordinary_residual":9,"combined_residual":14,"prior_polynomial":[15, 18, 5, 16, 17, 6, 0],"all_prior_zero":true}
{"audit":"all_optimal_ties_best_common_two","q":[0, 0, 8, 0, 0, 0, 2, 0],"coherent_alpha_count":5,"common_fibre_mask":12,"raw_support_mask":12,"image_residual":[0, 4],"ordinary_residual":13,"combined_residual":9,"prior_polynomial":[15, 5, 7, 11, 11, 2, 0],"all_prior_zero":true}
{"policy_case":[0,0,2],"chosen_final_records_alpha_c0_c1":[[4, 17, 2], [5, 16, 2], [6, 16, 10], [7, 1, 18], [8, 9, 10], [10, 18, 2], [12, 7, 2], [13, 1, 12], [15, 12, 14], [18, 8, 2]],"chosen_priors":[0, 0, 0, 0, 0, 0, 0, 0, 0, 0],"best_pair_response":[15, 5, 0, 0, 9, 0, 0],"best_pair_alphas":[3, 10, 15, 16, 17]}
{"case":[0,1,1],"kappa":1,"tau":1,"inactive":3,"claim":2,"best_qualifying_alphas":11,"optimal_response_ties":1,"chosen_response":[6, 5, 0, 0, 4, 0, 0],"chosen_alphas":[2, 3, 5, 6, 7, 11, 14, 15, 16, 17, 18],"chosen_fibre_masks":[[2, 9], [3, 10], [5, 10], [6, 9], [7, 3], [11, 6], [14, 10], [15, 12], [16, 6], [17, 3], [18, 10]],"chosen_final_tie_alphas":0,"four_disclosure_subsets":330,"distinct_quotients":310,"quotient_hist_imagevalid_then_supportsize":[[221, 88, 1, 0, 0], [0, 0, 0, 0, 0]],"seven_hist_imagevalid_then_supportsize":[[0, 0, 0, 0, 0], [0, 0, 0, 0, 0]],"chosen_policy_best_coherence":5,"chosen_policy_best_common_two":4,"all_optimal_ties_best_common_two":4,"all_optimal_ties_imagevalid_common_two":0,"all_optimal_ties_seven_pair_groups":0,"optimal_responses_with_seven_pair_group":0,"pair_checks":6,"image_distance":3,"oracle_reads":10288}
{"audit":"chosen_policy_best_coherence","q":[7, 10, 0, 17, 13, 18, 0, 18],"coherent_alpha_count":5,"common_fibre_mask":2,"raw_support_mask":2,"image_residual":[18, 2],"ordinary_residual":11,"combined_residual":10,"prior_polynomial":[15, 14, 9, 6, 16, 13, 2],"all_prior_zero":true}
{"audit":"chosen_policy_best_common_two","q":[0, 7, 0, 0, 0, 7, 0, 0],"coherent_alpha_count":4,"common_fibre_mask":10,"raw_support_mask":10,"image_residual":[0, 5],"ordinary_residual":5,"combined_residual":0,"prior_polynomial":[6, 4, 16, 12, 13, 0, 0],"all_prior_zero":true}
{"audit":"all_optimal_ties_best_common_two","q":[0, 7, 0, 0, 0, 7, 0, 0],"coherent_alpha_count":4,"common_fibre_mask":10,"raw_support_mask":10,"image_residual":[0, 5],"ordinary_residual":5,"combined_residual":0,"prior_polynomial":[6, 4, 16, 12, 13, 0, 0],"all_prior_zero":true}
{"policy_case":[0,1,1],"chosen_final_records_alpha_c0_c1":[[2, 18, 12], [3, 2, 2], [5, 16, 16], [6, 16, 17], [7, 18, 5], [11, 13, 7], [14, 3, 3], [15, 13, 18], [16, 12, 5], [17, 3, 4], [18, 12, 12]],"chosen_priors":[0, 0, 0, 0, 0, 0, 0, 0, 0, 0, 0],"best_pair_response":[6, 5, 0, 0, 4, 0, 0],"best_pair_alphas":[3, 5, 14, 18]}
{"case":[0,1,2],"kappa":1,"tau":1,"inactive":8,"claim":2,"best_qualifying_alphas":11,"optimal_response_ties":1,"chosen_response":[6, 5, 0, 0, 4, 0, 0],"chosen_alphas":[2, 3, 5, 6, 7, 11, 14, 15, 16, 17, 18],"chosen_fibre_masks":[[2, 9], [3, 10], [5, 10], [6, 9], [7, 3], [11, 6], [14, 10], [15, 12], [16, 6], [17, 3], [18, 10]],"chosen_final_tie_alphas":0,"four_disclosure_subsets":330,"distinct_quotients":310,"quotient_hist_imagevalid_then_supportsize":[[221, 88, 1, 0, 0], [0, 0, 0, 0, 0]],"seven_hist_imagevalid_then_supportsize":[[0, 0, 0, 0, 0], [0, 0, 0, 0, 0]],"chosen_policy_best_coherence":5,"chosen_policy_best_common_two":4,"all_optimal_ties_best_common_two":4,"all_optimal_ties_imagevalid_common_two":0,"all_optimal_ties_seven_pair_groups":0,"optimal_responses_with_seven_pair_group":0,"pair_checks":6,"image_distance":3,"oracle_reads":10288}
{"audit":"chosen_policy_best_coherence","q":[7, 10, 0, 17, 13, 18, 0, 18],"coherent_alpha_count":5,"common_fibre_mask":2,"raw_support_mask":2,"image_residual":[18, 2],"ordinary_residual":11,"combined_residual":10,"prior_polynomial":[15, 14, 9, 6, 16, 13, 2],"all_prior_zero":true}
{"audit":"chosen_policy_best_common_two","q":[0, 7, 0, 0, 0, 7, 0, 0],"coherent_alpha_count":4,"common_fibre_mask":10,"raw_support_mask":10,"image_residual":[0, 5],"ordinary_residual":5,"combined_residual":0,"prior_polynomial":[6, 4, 16, 12, 13, 0, 0],"all_prior_zero":true}
{"audit":"all_optimal_ties_best_common_two","q":[0, 7, 0, 0, 0, 7, 0, 0],"coherent_alpha_count":4,"common_fibre_mask":10,"raw_support_mask":10,"image_residual":[0, 5],"ordinary_residual":5,"combined_residual":0,"prior_polynomial":[6, 4, 16, 12, 13, 0, 0],"all_prior_zero":true}
{"policy_case":[0,1,2],"chosen_final_records_alpha_c0_c1":[[2, 18, 12], [3, 2, 2], [5, 16, 16], [6, 16, 17], [7, 18, 5], [11, 13, 7], [14, 3, 3], [15, 13, 18], [16, 12, 5], [17, 3, 4], [18, 12, 12]],"chosen_priors":[0, 0, 0, 0, 0, 0, 0, 0, 0, 0, 0],"best_pair_response":[6, 5, 0, 0, 4, 0, 0],"best_pair_alphas":[3, 5, 14, 18]}
{"case":[1,0,1],"kappa":1,"tau":1,"inactive":13,"claim":12,"best_qualifying_alphas":11,"optimal_response_ties":1,"chosen_response":[17, 18, 0, 0, 5, 0, 0],"chosen_alphas":[1, 2, 5, 7, 9, 11, 12, 14, 16, 17, 18],"chosen_fibre_masks":[[1, 5], [2, 5], [5, 10], [7, 5], [9, 5], [11, 9], [12, 9], [14, 6], [16, 10], [17, 9], [18, 12]],"chosen_final_tie_alphas":1,"four_disclosure_subsets":330,"distinct_quotients":322,"quotient_hist_imagevalid_then_supportsize":[[266, 54, 1, 0, 0], [0, 1, 0, 0, 0]],"seven_hist_imagevalid_then_supportsize":[[0, 0, 0, 0, 0], [0, 0, 0, 0, 0]],"chosen_policy_best_coherence":5,"chosen_policy_best_common_two":4,"all_optimal_ties_best_common_two":4,"all_optimal_ties_imagevalid_common_two":0,"all_optimal_ties_seven_pair_groups":0,"optimal_responses_with_seven_pair_group":0,"pair_checks":6,"image_distance":3,"oracle_reads":10480}
{"audit":"chosen_policy_best_coherence","q":[12, 18, 13, 5, 1, 11, 10, 1],"coherent_alpha_count":5,"common_fibre_mask":1,"raw_support_mask":1,"image_residual":[1, 1],"ordinary_residual":5,"combined_residual":3,"prior_polynomial":[8, 4, 13, 4, 7, 13, 8],"all_prior_zero":true}
{"audit":"chosen_policy_best_common_two","q":[5, 5, 2, 17, 2, 2, 17, 2],"coherent_alpha_count":4,"common_fibre_mask":5,"raw_support_mask":5,"image_residual":[2, 15],"ordinary_residual":6,"combined_residual":8,"prior_polynomial":[18, 18, 11, 15, 3, 3, 8],"all_prior_zero":true}
{"audit":"all_optimal_ties_best_common_two","q":[5, 5, 2, 17, 2, 2, 17, 2],"coherent_alpha_count":4,"common_fibre_mask":5,"raw_support_mask":5,"image_residual":[2, 15],"ordinary_residual":6,"combined_residual":8,"prior_polynomial":[18, 18, 11, 15, 3, 3, 8],"all_prior_zero":true}
{"policy_case":[1,0,1],"chosen_final_records_alpha_c0_c1":[[1, 10, 4], [2, 7, 14], [5, 15, 0], [7, 3, 15], [9, 8, 5], [11, 2, 3], [12, 3, 17], [14, 1, 5], [16, 15, 18], [17, 7, 11], [18, 8, 2]],"chosen_priors":[0, 0, 0, 0, 0, 0, 0, 0, 0, 0, 0],"best_pair_response":[17, 18, 0, 0, 5, 0, 0],"best_pair_alphas":[1, 2, 7, 9]}
{"case":[1,0,2],"kappa":1,"tau":1,"inactive":1,"claim":16,"best_qualifying_alphas":11,"optimal_response_ties":1,"chosen_response":[15, 18, 0, 0, 8, 0, 0],"chosen_alphas":[0, 2, 3, 7, 8, 10, 11, 12, 14, 15, 18],"chosen_fibre_masks":[[0, 12], [2, 3], [3, 5], [7, 3], [8, 5], [10, 10], [11, 12], [12, 9], [14, 6], [15, 5], [18, 6]],"chosen_final_tie_alphas":1,"four_disclosure_subsets":330,"distinct_quotients":322,"quotient_hist_imagevalid_then_supportsize":[[270, 51, 0, 0, 0], [0, 1, 0, 0, 0]],"seven_hist_imagevalid_then_supportsize":[[0, 0, 0, 0, 0], [0, 0, 0, 0, 0]],"chosen_policy_best_coherence":5,"chosen_policy_best_common_two":0,"all_optimal_ties_best_common_two":4,"all_optimal_ties_imagevalid_common_two":0,"all_optimal_ties_seven_pair_groups":0,"optimal_responses_with_seven_pair_group":0,"pair_checks":6,"image_distance":3,"oracle_reads":10480}
{"audit":"chosen_policy_best_coherence","q":[11, 16, 18, 4, 4, 2, 18, 7],"coherent_alpha_count":5,"common_fibre_mask":4,"raw_support_mask":4,"image_residual":[7, 17],"ordinary_residual":9,"combined_residual":4,"prior_polynomial":[0, 5, 16, 0, 1, 3, 10],"all_prior_zero":true}
{"audit":"all_optimal_ties_best_common_two","q":[1, 1, 16, 12, 8, 8, 15, 0],"coherent_alpha_count":4,"common_fibre_mask":5,"raw_support_mask":5,"image_residual":[0, 11],"ordinary_residual":5,"combined_residual":13,"prior_polynomial":[0, 18, 4, 12, 8, 4, 8],"all_prior_zero":true}
{"policy_case":[1,0,2],"chosen_final_records_alpha_c0_c1":[[0, 11, 4], [2, 15, 2], [3, 16, 15], [7, 3, 15], [8, 14, 6], [10, 12, 5], [11, 13, 7], [12, 3, 17], [14, 11, 11], [15, 17, 7], [18, 9, 13]],"chosen_priors":[0, 0, 0, 0, 0, 0, 0, 0, 0, 0, 0],"best_pair_response":[15, 18, 0, 0, 8, 0, 0],"best_pair_alphas":[0, 3, 8, 15]}
{"case":[1,1,1],"kappa":1,"tau":1,"inactive":9,"claim":8,"best_qualifying_alphas":13,"optimal_response_ties":1,"chosen_response":[1, 4, 0, 0, 1, 0, 0],"chosen_alphas":[2, 3, 4, 5, 6, 8, 9, 11, 12, 13, 16, 17, 18],"chosen_fibre_masks":[[2, 3], [3, 3], [4, 5], [5, 12], [6, 3], [8, 6], [9, 5], [11, 6], [12, 10], [13, 12], [16, 12], [17, 5], [18, 12]],"chosen_final_tie_alphas":1,"four_disclosure_subsets":715,"distinct_quotients":675,"quotient_hist_imagevalid_then_supportsize":[[542, 131, 1, 0, 0], [1, 0, 0, 0, 0]],"seven_hist_imagevalid_then_supportsize":[[0, 0, 0, 0, 0], [0, 0, 0, 0, 0]],"chosen_policy_best_coherence":5,"chosen_policy_best_common_two":4,"all_optimal_ties_best_common_two":4,"all_optimal_ties_imagevalid_common_two":0,"all_optimal_ties_seven_pair_groups":0,"optimal_responses_with_seven_pair_group":0,"pair_checks":6,"image_distance":3,"oracle_reads":22320}
{"audit":"chosen_policy_best_coherence","q":[16, 7, 18, 3, 9, 0, 12, 15],"coherent_alpha_count":5,"common_fibre_mask":4,"raw_support_mask":4,"image_residual":[15, 0],"ordinary_residual":8,"combined_residual":12,"prior_polynomial":[16, 10, 2, 5, 6, 8, 18],"all_prior_zero":true}
{"audit":"chosen_policy_best_common_two","q":[17, 1, 17, 9, 1, 10, 1, 5],"coherent_alpha_count":4,"common_fibre_mask":12,"raw_support_mask":12,"image_residual":[5, 18],"ordinary_residual":9,"combined_residual":5,"prior_polynomial":[9, 8, 2, 8, 16, 7, 15],"all_prior_zero":true}
{"audit":"all_optimal_ties_best_common_two","q":[10, 2, 5, 6, 0, 2, 2, 10],"coherent_alpha_count":4,"common_fibre_mask":5,"raw_support_mask":5,"image_residual":[10, 15],"ordinary_residual":4,"combined_residual":17,"prior_polynomial":[1, 5, 1, 14, 8, 9, 7],"all_prior_zero":true}
{"policy_case":[1,1,1],"chosen_final_records_alpha_c0_c1":[[2, 7, 5], [3, 6, 2], [4, 7, 15], [5, 14, 17], [6, 6, 17], [8, 5, 2], [9, 0, 3], [11, 13, 13], [12, 9, 17], [13, 9, 18], [16, 0, 16], [17, 16, 0], [18, 5, 6]],"chosen_priors":[0, 0, 0, 0, 0, 0, 0, 0, 0, 0, 0, 0, 0],"best_pair_response":[1, 4, 0, 0, 1, 0, 0],"best_pair_alphas":[3, 4, 9, 17]}
{"case":[1,1,2],"kappa":1,"tau":1,"inactive":11,"claim":15,"best_qualifying_alphas":10,"optimal_response_ties":1,"chosen_response":[2, 12, 0, 0, 16, 0, 0],"chosen_alphas":[2, 3, 4, 5, 8, 9, 10, 13, 14, 15],"chosen_fibre_masks":[[2, 9], [3, 6], [4, 6], [5, 10], [8, 3], [9, 6], [10, 6], [13, 3], [14, 3], [15, 12]],"chosen_final_tie_alphas":0,"four_disclosure_subsets":210,"distinct_quotients":202,"quotient_hist_imagevalid_then_supportsize":[[135, 66, 1, 0, 0], [0, 0, 0, 0, 0]],"seven_hist_imagevalid_then_supportsize":[[0, 0, 0, 0, 0], [0, 0, 0, 0, 0]],"chosen_policy_best_coherence":5,"chosen_policy_best_common_two":4,"all_optimal_ties_best_common_two":4,"all_optimal_ties_imagevalid_common_two":0,"all_optimal_ties_seven_pair_groups":0,"optimal_responses_with_seven_pair_group":0,"pair_checks":6,"image_distance":3,"oracle_reads":6640}
{"audit":"chosen_policy_best_coherence","q":[9, 5, 10, 1, 14, 6, 14, 16],"coherent_alpha_count":5,"common_fibre_mask":2,"raw_support_mask":2,"image_residual":[16, 7],"ordinary_residual":12,"combined_residual":8,"prior_polynomial":[0, 14, 9, 11, 2, 16, 2],"all_prior_zero":true}
{"audit":"chosen_policy_best_common_two","q":[3, 11, 12, 2, 11, 9, 15, 7],"coherent_alpha_count":4,"common_fibre_mask":6,"raw_support_mask":6,"image_residual":[7, 1],"ordinary_residual":3,"combined_residual":14,"prior_polynomial":[14, 18, 0, 14, 18, 17, 1],"all_prior_zero":true}
{"audit":"all_optimal_ties_best_common_two","q":[3, 11, 12, 2, 11, 9, 15, 7],"coherent_alpha_count":4,"common_fibre_mask":6,"raw_support_mask":6,"image_residual":[7, 1],"ordinary_residual":3,"combined_residual":14,"prior_polynomial":[14, 18, 0, 14, 18, 17, 1],"all_prior_zero":true}
{"policy_case":[1,1,2],"chosen_final_records_alpha_c0_c1":[[2, 4, 0], [3, 8, 1], [4, 6, 13], [5, 10, 0], [8, 4, 11], [9, 5, 7], [10, 7, 13], [13, 14, 2], [14, 5, 11], [15, 13, 18]],"chosen_priors":[0, 0, 0, 0, 0, 0, 0, 0, 0, 0],"best_pair_response":[2, 12, 0, 0, 16, 0, 0],"best_pair_alphas":[3, 4, 9, 10]}
{"positive_control_mode":0,"all19_coherent":true,"all4_fibres":true,"image_valid":true,"actual_combined_relation":true,"collector_attempts":4,"collector_reads":16,"abort_resume_attempts":5,"negative_controls":7,"response":[11, 5, 6, 10, 15, 13, 10],"oracle_reads":48}
{"audit":"honest_image_valid_control","q":[1, 2, 3, 4, 5, 6, 0, 0],"coherent_alpha_count":19,"common_fibre_mask":15,"raw_support_mask":15,"image_residual":[0, 0],"ordinary_residual":0,"combined_residual":0,"prior_polynomial":[0, 0, 0, 0, 0, 0, 0],"all_prior_zero":true}
{"positive_control_mode":1,"all19_coherent":true,"all4_fibres":true,"image_valid":true,"actual_combined_relation":true,"collector_attempts":4,"collector_reads":16,"abort_resume_attempts":5,"negative_controls":7,"response":[17, 7, 18, 15, 15, 15, 5],"oracle_reads":48}
{"audit":"honest_image_valid_control","q":[1, 2, 3, 4, 5, 0, 7, 0],"coherent_alpha_count":19,"common_fibre_mask":15,"raw_support_mask":15,"image_residual":[0, 0],"ordinary_residual":0,"combined_residual":0,"prior_polynomial":[0, 0, 0, 0, 0, 0, 0],"all_prior_zero":true}
{"scope":"exact_predeclared_prefix_collector_control","field":19,"prefixes":8,"final_candidates":54872,"four_disclosure_subsets":2665,"tied_response_pair_checks":96,"negative_controls":14,"seconds":0.073818333,"access":"explicit full oracle, not Merkle/replay","limits":"source-enumeration-first policy coherence exhaustive; common-two-support optimum across all response/final ties exhaustive; arbitrary-support coherence across all final ties not enumerated; no QM31 probability"}
        0.51 real         0.07 user         0.00 sys
             2277376  maximum resident set size
                   0  average shared memory size
                   0  average unshared data size
                   0  average unshared stack size
                 304  page reclaims
                   2  page faults
                   0  swaps
                   0  block input operations
                   0  block output operations
                   0  messages sent
                   0  messages received
                   0  signals received
                   0  voluntary context switches
                  44  involuntary context switches
           804025345  instructions retired
           175300361  cycles elapsed
             1605944  peak memory footprint
SEARCH_EXIT=0
