Command: /usr/bin/time -l lake env lean /Users/dominic/ZK/.worktrees/ZK-v8-no-work-100-20260907/docs/research/v8-no-work-100-20260907/experiments/FullDegreeOutside.lean
Working directory: /Users/dominic/ZK/AspisFormal
Research parent: 1803896acf5d8c4ebe769b3927010031faf40e0e
Exit: 0
'AspisV8.FullDegreeOutside.ambient_endpoint_sum' depends on axioms: [propext, Classical.choice, Quot.sound]
'AspisV8.FullDegreeOutside.outside_every_constrained_polynomial' depends on axioms: [propext,
 Classical.choice,
 Quot.sound]
'AspisV8.FullDegreeOutside.adaptive_original_agreement_cap' depends on axioms: [propext, Classical.choice, Quot.sound]
'AspisV8.FullDegreeOutside.no_initial_decoder_candidate' depends on axioms: [propext, Classical.choice, Quot.sound]
       29.64 real         2.41 user         5.31 sys
          4670128128  maximum resident set size
                   0  average shared memory size
                   0  average unshared data size
                   0  average unshared stack size
              443805  page reclaims
              199382  page faults
                   0  swaps
                   0  block input operations
                   0  block output operations
                   0  messages sent
                   0  messages received
                   0  signals received
                9711  voluntary context switches
              216696  involuntary context switches
          3678615040  instructions retired
          1946709517  cycles elapsed
           135271960  peak memory footprint
