0ff9d8bee4f20b18347f966415bb7ff906d9731b2b99e5c73662a753cabe4869  /Users/dominic/ZK/.worktrees/ZK-v8-no-work-100-20260907/docs/research/v8-no-work-100-20260907/experiments/GammaOne.lean
55ee2345729e8a4d379de3bce14ea18b14fbfdc259cf2653fadf4bf3a46876d8  /Users/dominic/ZK/AspisFormal/.lake/packages/mathlib/.lake/build/lib/lean/Mathlib/Tactic.olean
/Users/dominic/ZK/.worktrees/ZK-v8-no-work-100-20260907/docs/research/v8-no-work-100-20260907/experiments/GammaOne.lean:34:66: error: unexpected token 'prefix'; expected ')'
/Users/dominic/ZK/.worktrees/ZK-v8-no-work-100-20260907/docs/research/v8-no-work-100-20260907/experiments/GammaOne.lean:34:75: error: unexpected identifier; expected prec
/Users/dominic/ZK/.worktrees/ZK-v8-no-work-100-20260907/docs/research/v8-no-work-100-20260907/experiments/GammaOne.lean:36:16: error: unexpected token '≤'; expected ':'
/Users/dominic/ZK/.worktrees/ZK-v8-no-work-100-20260907/docs/research/v8-no-work-100-20260907/experiments/GammaOne.lean:36:48: error: unexpected token '%'; expected ':'
/Users/dominic/ZK/.worktrees/ZK-v8-no-work-100-20260907/docs/research/v8-no-work-100-20260907/experiments/GammaOne.lean:36:60: error: unexpected token ':='; expected ':'
'AspisV8.GammaOne.guarded_eq_raw' depends on axioms: [propext, Classical.choice, Quot.sound]
'AspisV8.GammaOne.canonical_first_bound' depends on axioms: [propext, Classical.choice, Quot.sound]
'AspisV8.GammaOne.guarded_bound' depends on axioms: [propext, Classical.choice, Quot.sound]
/Users/dominic/ZK/.worktrees/ZK-v8-no-work-100-20260907/docs/research/v8-no-work-100-20260907/experiments/GammaOne.lean:52:14: error(lean.unknownIdentifier): Unknown constant `prefix_wrap_exact`
'AspisV8.GammaOne.carried_endpoint' depends on axioms: [propext, Classical.choice, Quot.sound]
'AspisV8.GammaOne.unguarded_counterexample' depends on axioms: [propext]
       11.88 real         1.18 user         1.42 sys
          2819276800  maximum resident set size
                   0  average shared memory size
                   0  average unshared data size
                   0  average unshared stack size
              121672  page reclaims
              106484  page faults
                   0  swaps
                   0  block input operations
                   0  block output operations
                   0  messages sent
                   0  messages received
                   0  signals received
               19457  voluntary context switches
               85078  involuntary context switches
         25744655031  instructions retired
          9866895844  cycles elapsed
           459296856  peak memory footprint
