REMOTE_TASK=/home/dombarker/project-offloads/aspis-higher-y.fMoMeX
TARGET=HigherYCurveObstruction
RESEARCH_PIN=289d7356c78a4cd493fe61a54f9548f2a0c11298
BORROWED_SOURCE_PIN=26a9cd4718aae9f9de7ef1c3394fb74a229085d5
Lean (version 4.32.0, x86_64-unknown-linux-gnu, commit 8c9756b28d64dab099da31a4c09229a9e6a2ef35, Release)
27340f96153b884294cebc22c727fd441139858dfc7596d88d55646da982d1b8  /home/dombarker/project-offloads/aspis-higher-y.fMoMeX/higher-y-curve-obstruction-nuc-v1-manifest.json
0fa957c1983d451dbaea6df8030906c3f62e032e61adda0d767910fac28dedde  /home/dombarker/project-offloads/aspis-higher-y.fMoMeX/overlay/HigherYCurveObstruction.lean
0fa957c1983d451dbaea6df8030906c3f62e032e61adda0d767910fac28dedde  /home/dombarker/project-offloads/aspis-higher-y.fMoMeX/higher-y-curve-obstruction-nuc-v1-source.txt
5780e61b4d286905ab912bb6ab8e103a20908f78c11bea415db40a5fad110e52  /home/dombarker/project-offloads/aspis-higher-y.fMoMeX/run_higher_y_nuc.sh
OVERLAY_PROVENANCE_PASS=889
NATIVE_PACKAGE_CACHE_BOUNDARY=pinned revisions; not a replay of package compilation
CGROUP=/user.slice/user-1000.slice/user@1000.service/app.slice/aspis-higher-y-higher-y-curve-obstruction-nuc-v1.scope
memory.high=8589934592
memory.max=10737418240
memory.swap.max=0
cpu.max=200000 100000
COMMAND=/home/dombarker/.elan/toolchains/leanprover--lean4---v4.32.0/bin/lean -j1 -M9500 -R /home/dombarker/project-offloads/aspis-higher-y.fMoMeX/overlay -o /home/dombarker/project-offloads/aspis-higher-y.fMoMeX/overlay/HigherYCurveObstruction.olean /home/dombarker/project-offloads/aspis-higher-y.fMoMeX/overlay/HigherYCurveObstruction.lean
/home/dombarker/project-offloads/aspis-higher-y.fMoMeX/overlay/HigherYCurveObstruction.lean:59:4: error(lean.synthInstanceFailed): failed to synthesize instance of type class
  BEq K[X][X]

Hint: Type class instance resolution failures can be inspected with the `set_option trace.Meta.synthInstance true` command.
/home/dombarker/project-offloads/aspis-higher-y.fMoMeX/overlay/HigherYCurveObstruction.lean:69:25: error: unexpected token 'in'; expected ','
'AspisV8.HigherYCurveObstruction.eval_degree_le_weight' depends on axioms: [propext, Classical.choice, Quot.sound]
'AspisV8.HigherYCurveObstruction.specialize_curve' depends on axioms: [propext, Classical.choice, Quot.sound]
/home/dombarker/project-offloads/aspis-higher-y.fMoMeX/overlay/HigherYCurveObstruction.lean:86:14: error(lean.unknownIdentifier): Unknown constant `prime_curve_nonzero`
/home/dombarker/project-offloads/aspis-higher-y.fMoMeX/overlay/HigherYCurveObstruction.lean:87:14: error(lean.unknownIdentifier): Unknown constant `coherent_specializations_card`
Command exited with non-zero status 1
	Command being timed: "/home/dombarker/.elan/toolchains/leanprover--lean4---v4.32.0/bin/lean -j1 -M9500 -R /home/dombarker/project-offloads/aspis-higher-y.fMoMeX/overlay -o /home/dombarker/project-offloads/aspis-higher-y.fMoMeX/overlay/HigherYCurveObstruction.olean /home/dombarker/project-offloads/aspis-higher-y.fMoMeX/overlay/HigherYCurveObstruction.lean"
	User time (seconds): 1.83
	System time (seconds): 1.02
	Percent of CPU this job got: 99%
	Elapsed (wall clock) time (h:mm:ss or m:ss): 0:02.86
	Average shared text size (kbytes): 0
	Average unshared data size (kbytes): 0
	Average stack size (kbytes): 0
	Average total size (kbytes): 0
	Maximum resident set size (kbytes): 6798900
	Average resident set size (kbytes): 0
	Major (requiring I/O) page faults: 0
	Minor (reclaiming a frame) page faults: 141639
	Voluntary context switches: 415
	Involuntary context switches: 145
	Swaps: 0
	File system inputs: 128
	File system outputs: 0
	Socket messages sent: 0
	Socket messages received: 0
	Signals delivered: 0
	Page size (bytes): 4096
	Exit status: 1
LEAN_EXIT=1
