REMOTE_TASK=/home/dombarker/project-offloads/aspis-higher-y.fMoMeX
TARGET=HigherYRegularRegularBranch
RESEARCH_PIN=289d7356c78a4cd493fe61a54f9548f2a0c11298
BORROWED_SOURCE_PIN=26a9cd4718aae9f9de7ef1c3394fb74a229085d5
Lean (version 4.32.0, x86_64-unknown-linux-gnu, commit 8c9756b28d64dab099da31a4c09229a9e6a2ef35, Release)
36f7d5ce9ee0ab9805571f8e7543005b50c0f43009e6b6df177895dfd3a9ccef  /home/dombarker/project-offloads/aspis-higher-y.fMoMeX/higher-y-regular-branch-nuc-v5-manifest.json
214a95a2783bab4f69a5a1b6f84ce9574153d7a4b338a2e31e59f613b27632e9  /home/dombarker/project-offloads/aspis-higher-y.fMoMeX/overlay/HigherYRegularRegularBranch.lean
214a95a2783bab4f69a5a1b6f84ce9574153d7a4b338a2e31e59f613b27632e9  /home/dombarker/project-offloads/aspis-higher-y.fMoMeX/higher-y-regular-branch-nuc-v5-source.txt
5780e61b4d286905ab912bb6ab8e103a20908f78c11bea415db40a5fad110e52  /home/dombarker/project-offloads/aspis-higher-y.fMoMeX/run_higher_y_nuc.sh
OVERLAY_PROVENANCE_PASS=899
NATIVE_PACKAGE_CACHE_BOUNDARY=pinned revisions; not a replay of package compilation
CGROUP=/user.slice/user-1000.slice/user@1000.service/app.slice/aspis-higher-y-higher-y-regular-branch-nuc-v5.scope
memory.high=8589934592
memory.max=10737418240
memory.swap.max=0
cpu.max=200000 100000
COMMAND=/home/dombarker/.elan/toolchains/leanprover--lean4---v4.32.0/bin/lean -j1 -M9500 -R /home/dombarker/project-offloads/aspis-higher-y.fMoMeX/overlay -o /home/dombarker/project-offloads/aspis-higher-y.fMoMeX/overlay/HigherYRegularRegularBranch.olean /home/dombarker/project-offloads/aspis-higher-y.fMoMeX/overlay/HigherYRegularRegularBranch.lean
/home/dombarker/project-offloads/aspis-higher-y.fMoMeX/overlay/HigherYRegularRegularBranch.lean:203:2: error: maximum recursion depth has been reached
use `set_option maxRecDepth <num>` to increase limit
use `set_option diagnostics true` to get diagnostic information
'AspisV8.HigherYRegularRegularBranch.Generic.polynomial_eq_of_values' depends on axioms: [propext,
 Classical.choice,
 Quot.sound]
'AspisV8.HigherYRegularRegularBranch.Generic.coefficientCurve_degree' depends on axioms: [propext,
 Classical.choice,
 Quot.sound]
'AspisV8.HigherYRegularRegularBranch.Generic.coefficientCurve_eval' depends on axioms: [propext,
 Classical.choice,
 Quot.sound]
'AspisV8.HigherYRegularRegularBranch.Generic.actual_curve_of_ambient' depends on axioms: [propext,
 Classical.choice,
 Quot.sound]
'AspisV8.HigherYRegularRegularBranch.Generic.branch_coefficients' depends on axioms: [propext,
 Classical.choice,
 Quot.sound]
'AspisV8.HigherYRegularRegularBranch.Generic.branch_weight' depends on axioms: [propext, Classical.choice, Quot.sound]
'AspisV8.HigherYRegularRegularBranch.Generic.parent_weight' depends on axioms: [propext, Classical.choice, Quot.sound]
'AspisV8.HigherYRegularRegularBranch.Generic.source_simple' depends on axioms: [propext, Classical.choice, Quot.sound]
'AspisV8.HigherYRegularRegularBranch.budget_formula' depends on axioms: [propext, Classical.choice, Quot.sound]
'AspisV8.HigherYRegularRegularBranch.weight_le_budget' depends on axioms: [propext, Classical.choice, Quot.sound]
'AspisV8.HigherYRegularRegularBranch.normalized_coordinate' depends on axioms: [propext, Classical.choice, Quot.sound]
'AspisV8.HigherYRegularRegularBranch.normalized_agreement' depends on axioms: [propext,
 sorryAx,
 Classical.choice,
 Quot.sound]
'AspisV8.HigherYRegularRegularBranch.regular_branch_count' depends on axioms: [propext,
 sorryAx,
 Classical.choice,
 Quot.sound]
Command exited with non-zero status 1
	Command being timed: "/home/dombarker/.elan/toolchains/leanprover--lean4---v4.32.0/bin/lean -j1 -M9500 -R /home/dombarker/project-offloads/aspis-higher-y.fMoMeX/overlay -o /home/dombarker/project-offloads/aspis-higher-y.fMoMeX/overlay/HigherYRegularRegularBranch.olean /home/dombarker/project-offloads/aspis-higher-y.fMoMeX/overlay/HigherYRegularRegularBranch.lean"
	User time (seconds): 3.17
	System time (seconds): 1.17
	Percent of CPU this job got: 99%
	Elapsed (wall clock) time (h:mm:ss or m:ss): 0:04.36
	Average shared text size (kbytes): 0
	Average unshared data size (kbytes): 0
	Average stack size (kbytes): 0
	Average total size (kbytes): 0
	Maximum resident set size (kbytes): 6814604
	Average resident set size (kbytes): 0
	Major (requiring I/O) page faults: 0
	Minor (reclaiming a frame) page faults: 164922
	Voluntary context switches: 1318
	Involuntary context switches: 215
	Swaps: 0
	File system inputs: 0
	File system outputs: 0
	Socket messages sent: 0
	Socket messages received: 0
	Signals delivered: 0
	Page size (bytes): 4096
	Exit status: 1
LEAN_EXIT=1
