REMOTE_TASK=/home/dombarker/project-offloads/aspis-higher-y.fMoMeX
TARGET=InitialInterpolationKernelDimensionV2
RESEARCH_PIN=289d7356c78a4cd493fe61a54f9548f2a0c11298
BORROWED_SOURCE_PIN=26a9cd4718aae9f9de7ef1c3394fb74a229085d5
Lean (version 4.32.0, x86_64-unknown-linux-gnu, commit 8c9756b28d64dab099da31a4c09229a9e6a2ef35, Release)
c3774ef8e78b6ff14d7c80d795a255ce010dd756b4f6883b81e4c14dce86e53e  /home/dombarker/project-offloads/aspis-higher-y.fMoMeX/initial-interpolation-kernel-dimension-v2-manifest.json
3bc730d47549c2dc70bbcd6858935cb9936b4ae478c448fe15d03359aa400106  /home/dombarker/project-offloads/aspis-higher-y.fMoMeX/overlay/InitialInterpolationKernelDimensionV2.lean
3bc730d47549c2dc70bbcd6858935cb9936b4ae478c448fe15d03359aa400106  /home/dombarker/project-offloads/aspis-higher-y.fMoMeX/initial-interpolation-kernel-dimension-v2-source.txt
5780e61b4d286905ab912bb6ab8e103a20908f78c11bea415db40a5fad110e52  /home/dombarker/project-offloads/aspis-higher-y.fMoMeX/run_higher_y_nuc.sh
OVERLAY_PROVENANCE_PASS=1019
NATIVE_PACKAGE_CACHE_BOUNDARY=pinned revisions; not a replay of package compilation
CGROUP=/user.slice/user-1000.slice/user@1000.service/app.slice/aspis-higher-y-initial-interpolation-kernel-dimension-v2.scope
memory.high=8589934592
memory.max=10737418240
memory.swap.max=0
cpu.max=200000 100000
COMMAND=/home/dombarker/.elan/toolchains/leanprover--lean4---v4.32.0/bin/lean -j1 -M9500 -R /home/dombarker/project-offloads/aspis-higher-y.fMoMeX/overlay -o /home/dombarker/project-offloads/aspis-higher-y.fMoMeX/overlay/InitialInterpolationKernelDimensionV2.olean /home/dombarker/project-offloads/aspis-higher-y.fMoMeX/overlay/InitialInterpolationKernelDimensionV2.lean
/home/dombarker/project-offloads/aspis-higher-y.fMoMeX/overlay/InitialInterpolationKernelDimensionV2.lean:28:0: warning: automatically included section variable(s) unused in theorem `AspisV8.InitialInterpolationKernelDimension.not_all_kernel_scalar`:
  [FiniteDimensional K W]
consider restructuring your `variable` declarations so that the variables are not in scope or explicitly omit them:
  omit [FiniteDimensional K W] in theorem ...

Note: This linter can be disabled with `set_option linter.unusedSectionVars false`
'AspisV8.InitialInterpolationKernelDimension.nullity_lower_bound' depends on axioms: [propext,
 Classical.choice,
 Quot.sound]
'AspisV8.InitialInterpolationKernelDimension.not_all_kernel_scalar' depends on axioms: [propext,
 Classical.choice,
 Quot.sound]
'AspisV8.InitialInterpolationKernelDimension.curve_nullity_lower_bound' depends on axioms: [propext,
 Classical.choice,
 Quot.sound]
'AspisV8.InitialInterpolationKernelDimension.initial_kernel_dimension' depends on axioms: [propext,
 Classical.choice,
 Quot.sound]
'AspisV8.InitialInterpolationKernelDimension.initial_not_projective_unique' depends on axioms: [propext,
 Classical.choice,
 Quot.sound]
	Command being timed: "/home/dombarker/.elan/toolchains/leanprover--lean4---v4.32.0/bin/lean -j1 -M9500 -R /home/dombarker/project-offloads/aspis-higher-y.fMoMeX/overlay -o /home/dombarker/project-offloads/aspis-higher-y.fMoMeX/overlay/InitialInterpolationKernelDimensionV2.olean /home/dombarker/project-offloads/aspis-higher-y.fMoMeX/overlay/InitialInterpolationKernelDimensionV2.lean"
	User time (seconds): 2.28
	System time (seconds): 1.02
	Percent of CPU this job got: 99%
	Elapsed (wall clock) time (h:mm:ss or m:ss): 0:03.31
	Average shared text size (kbytes): 0
	Average unshared data size (kbytes): 0
	Average stack size (kbytes): 0
	Average total size (kbytes): 0
	Maximum resident set size (kbytes): 6830428
	Average resident set size (kbytes): 0
	Major (requiring I/O) page faults: 0
	Minor (reclaiming a frame) page faults: 143555
	Voluntary context switches: 657
	Involuntary context switches: 180
	Swaps: 0
	File system inputs: 0
	File system outputs: 536
	Socket messages sent: 0
	Socket messages received: 0
	Signals delivered: 0
	Page size (bytes): 4096
	Exit status: 0
LEAN_EXIT=0
5eb577e07a8580c12c9b1f132fa74dab7705c55dc429877f38a0e73e6abeee5c  /home/dombarker/project-offloads/aspis-higher-y.fMoMeX/overlay/InitialInterpolationKernelDimensionV2.olean
OVERLAY_PROVENANCE_PASS=1019
NATIVE_PACKAGE_CACHE_BOUNDARY=pinned revisions; not a replay of package compilation
PROVENANCE_UNCHANGED=true
