REMOTE_TASK=/home/dombarker/project-offloads/aspis-own-support.f6NQzi
TARGET=InsufficientOwnSupport
RESEARCH_PIN=ed41b2537e7dad15ce8055d9e5524e337ee8b9a4
BORROWED_SOURCE_PIN=26a9cd4718aae9f9de7ef1c3394fb74a229085d5
Lean (version 4.32.0, x86_64-unknown-linux-gnu, commit 8c9756b28d64dab099da31a4c09229a9e6a2ef35, Release)
4bde9e3365d75a7598338ed3f2beb94591cd536c9d62808c5fa5a6ebd1960e29  /home/dombarker/project-offloads/aspis-own-support.f6NQzi/insufficient-own-support-nuc-v2-manifest.json
de451549502893a787f07677df5256129f47c27ceb7501af9a6343daa29d6915  /home/dombarker/project-offloads/aspis-own-support.f6NQzi/overlay/InsufficientOwnSupport.lean
de451549502893a787f07677df5256129f47c27ceb7501af9a6343daa29d6915  /home/dombarker/project-offloads/aspis-own-support.f6NQzi/insufficient-own-support-nuc-v2-source.txt
7841aad16e0c2b7f307038e573f16491edc1ab2b20d08843aacf36f66562d89d  /home/dombarker/project-offloads/aspis-own-support.f6NQzi/run_own_support_nuc.sh
OVERLAY_PROVENANCE_PASS=781
NATIVE_PACKAGE_CACHE_BOUNDARY=pinned revisions; not a replay of package compilation
CGROUP=/user.slice/user-1000.slice/user@1000.service/app.slice/aspis-own-support-insufficient-own-support-nuc-v2.scope
memory.high=8589934592
memory.max=10737418240
memory.swap.max=0
cpu.max=200000 100000
COMMAND=/home/dombarker/.elan/toolchains/leanprover--lean4---v4.32.0/bin/lean -j1 -M9500 -R /home/dombarker/project-offloads/aspis-own-support.f6NQzi/overlay -o /home/dombarker/project-offloads/aspis-own-support.f6NQzi/overlay/InsufficientOwnSupport.olean /home/dombarker/project-offloads/aspis-own-support.f6NQzi/overlay/InsufficientOwnSupport.lean
/home/dombarker/project-offloads/aspis-own-support.f6NQzi/overlay/InsufficientOwnSupport.lean:28:0: warning: automatically included section variable(s) unused in theorem `AspisV8.InsufficientOwnSupport.pairCount_zero`:
  [Field K]
  [DecidableEq K]
  [DecidableEq I]
consider restructuring your `variable` declarations so that the variables are not in scope or explicitly omit them:
  omit [Field K] [DecidableEq K] [DecidableEq I] in theorem ...

Note: This linter can be disabled with `set_option linter.unusedSectionVars false`
/home/dombarker/project-offloads/aspis-own-support.f6NQzi/overlay/InsufficientOwnSupport.lean:42:0: warning: automatically included section variable(s) unused in theorem `AspisV8.InsufficientOwnSupport.common_pair_count`:
  [Field K]
  [DecidableEq I]
consider restructuring your `variable` declarations so that the variables are not in scope or explicitly omit them:
  omit [Field K] [DecidableEq I] in theorem ...

Note: This linter can be disabled with `set_option linter.unusedSectionVars false`
/home/dombarker/project-offloads/aspis-own-support.f6NQzi/overlay/InsufficientOwnSupport.lean:69:0: warning: automatically included section variable(s) unused in theorem `AspisV8.InsufficientOwnSupport.pairCount_le_pointwise`:
  [DecidableEq I]
consider restructuring your `variable` declarations so that the variables are not in scope or explicitly omit them:
  omit [DecidableEq I] in theorem ...

Note: This linter can be disabled with `set_option linter.unusedSectionVars false`
'AspisV8.InsufficientOwnSupport.pairCount_zero' depends on axioms: [propext, Classical.choice, Quot.sound]
'AspisV8.InsufficientOwnSupport.common_pair_count' depends on axioms: [propext, Classical.choice, Quot.sound]
'AspisV8.InsufficientOwnSupport.pairCount_le_pointwise' depends on axioms: [propext, Classical.choice, Quot.sound]
'AspisV8.InsufficientOwnSupport.wrong_schedule_count' depends on axioms: [propext, Classical.choice, Quot.sound]
'AspisV8.InsufficientOwnSupport.fixed_tuple_count' depends on axioms: [propext, Classical.choice, Quot.sound]
'AspisV8.InsufficientOwnSupport.common_fibre_cap' depends on axioms: [propext, Quot.sound]
'AspisV8.InsufficientOwnSupport.normalized_count' depends on axioms: [propext, Classical.choice, Quot.sound]
	Command being timed: "/home/dombarker/.elan/toolchains/leanprover--lean4---v4.32.0/bin/lean -j1 -M9500 -R /home/dombarker/project-offloads/aspis-own-support.f6NQzi/overlay -o /home/dombarker/project-offloads/aspis-own-support.f6NQzi/overlay/InsufficientOwnSupport.olean /home/dombarker/project-offloads/aspis-own-support.f6NQzi/overlay/InsufficientOwnSupport.lean"
	User time (seconds): 2.28
	System time (seconds): 1.12
	Percent of CPU this job got: 99%
	Elapsed (wall clock) time (h:mm:ss or m:ss): 0:03.41
	Average shared text size (kbytes): 0
	Average unshared data size (kbytes): 0
	Average stack size (kbytes): 0
	Average total size (kbytes): 0
	Maximum resident set size (kbytes): 6688456
	Average resident set size (kbytes): 0
	Major (requiring I/O) page faults: 0
	Minor (reclaiming a frame) page faults: 140057
	Voluntary context switches: 491
	Involuntary context switches: 183
	Swaps: 0
	File system inputs: 0
	File system outputs: 560
	Socket messages sent: 0
	Socket messages received: 0
	Signals delivered: 0
	Page size (bytes): 4096
	Exit status: 0
LEAN_EXIT=0
dfe353715f05bea229c969e1b4e89cf4dc3869cca69c2db763bfbc8922d515a6  /home/dombarker/project-offloads/aspis-own-support.f6NQzi/overlay/InsufficientOwnSupport.olean
OVERLAY_PROVENANCE_PASS=781
NATIVE_PACKAGE_CACHE_BOUNDARY=pinned revisions; not a replay of package compilation
PROVENANCE_UNCHANGED=true
