RESEARCH_PIN=bc945367d6b0d9a5b4cb2dc5a9ecad8ddcfb33ee
4aaa61e679189b2cf76bfc25c2e3ff8d5c76341e
26a9cd4718aae9f9de7ef1c3394fb74a229085d5
Lean (version 4.32.0, arm64-apple-darwin24.6.0, commit 8c9756b28d64dab099da31a4c09229a9e6a2ef35, Release)
79a7a96c4b7cdf20d0fe0e38b1fb4456969e25bd0eaf3abee611ddc81064e429  /Users/dominic/ZK/.worktrees/ZK-v8-no-work-100-20260907/docs/research/v8-no-work-100-20260907/experiments/InterleavedChordPair.lean
865e67e11c2877b002ff93073521c4e43b9a8e8dacc88faa20d44815a1940aaf  /Users/dominic/ZK/.worktrees/ZK-v8-no-work-100-20260907/docs/research/v8-no-work-100-20260907/experiments/run_interleaved_chord.sh
550028cb21b580b654156a0c430da430b8b2234925c7219d808c6be4797e98d6  /Users/dominic/ZK/.worktrees/ZK-v8-no-work-100-20260907/docs/research/v8-no-work-100-20260907/experiments/InterleavedChordAlgebra.lean
ef781aab93d54e12a9371369aaa3ee5c349e34b9de4059ef16d91eeba22a046c  /Users/dominic/ZK/.worktrees/ZK-v8-no-work-100-20260907/docs/research/v8-no-work-100-20260907/experiments/InterleavedChordAlgebra.olean
ddfd2851167a99357890583380ae8ef0b74a6a76ab80a6092c28c47f3d5ad529  /Users/dominic/ZK/.worktrees/ZK-v8-no-work-100-20260907/docs/research/v8-no-work-100-20260907/experiments/NaturalChordImage.lean
ad605a6b85bf2d824b2a1812113a3ffffcfeac1896297087b15eb73fa85f639f  /Users/dominic/ZK/.worktrees/ZK-v8-no-work-100-20260907/docs/research/v8-no-work-100-20260907/experiments/NaturalChordImage.olean
4cb82649c6207f66e3c1f90546c6adce5840bc37709d4b7d4f60fa5b43b735a8  /Users/dominic/ZK/.worktrees/ZK-v8-no-work-100-20260907/docs/research/v8-no-work-100-20260907/experiments/InterleavedChordLinear.lean
bead65a4e86771fd725587b06758743e5a7c3fa8a2c908ebe89ccfd54cfb91a7  /Users/dominic/ZK/.worktrees/ZK-v8-no-work-100-20260907/docs/research/v8-no-work-100-20260907/experiments/InterleavedChordLinear.olean
efe5888c9171bb416c941cfc432bb4f549f0583512b16e961c8ec6440aad2643  /Users/dominic/ZK/.worktrees/ZK-v8-no-work-100-20260907/docs/research/v8-no-work-100-20260907/experiments/NaturalLineBoundary.lean
71ce70e070b3ab62bc4211363a111aa18dbbc017fabce96cf9ac24ae03ca1bd8  /Users/dominic/ZK/.worktrees/ZK-v8-no-work-100-20260907/docs/research/v8-no-work-100-20260907/experiments/NaturalLineBoundary.olean
42bb9c9139a679fbe6c71a0573d9e6c08ab9da740c0613c7b9275f84aaefdae6  /Users/dominic/ZK/.worktrees/ZK-v8-no-work-100-20260907/docs/research/v8-no-work-100-20260907/experiments/NaturalProjectionCore.lean
e86e3aee4d8faf0cfd866211c8e033db597f727ef094b8484c715be877eabd15  /Users/dominic/ZK/.worktrees/ZK-v8-no-work-100-20260907/docs/research/v8-no-work-100-20260907/experiments/NaturalProjectionCore.olean
2bde5263fbfae6730288883515b1689a1856ace2b428a73d6a985f256b608084  /Users/dominic/ZK/.worktrees/ZK-v8-no-work-100-20260907/AspisFormal/AspisFormal/V5FriInitialCircleEncoderIdentity.lean
b7ba0d31ffe194bf949adfbe4f3ead6d2541e2dc49063c64408e4ae48244c226  /Users/dominic/ZK/AspisFormal/.lake/build/lib/lean/AspisFormal/V5FriInitialCircleEncoderIdentity.olean
c842c04c61892778d5c559e40767ba1898e414150dcec20133cbeb33862f35fc  /Users/dominic/ZK/.worktrees/ZK-v8-no-work-100-20260907/docs/research/v8-no-work-100-20260907/experiments/ChordPolynomialImage.lean
f9aac3c5c43ca0c7ec294ea9c7f0bd8704938aac4d8ddfbcdab5a510c4f99996  /Users/dominic/ZK/.worktrees/ZK-v8-no-work-100-20260907/docs/research/v8-no-work-100-20260907/experiments/ChordPolynomialImage.olean
91d8d7a2d8e1ea832459a439482aa858e970cba1608ab7652bdfce3eede632d3  /Users/dominic/ZK/.worktrees/ZK-v8-no-work-100-20260907/AspisFormal/AspisFormal/V5FriConcreteEncoderApplicability.lean
2ed1ef913f2baaeffd2e0ad289e750ba2b1e2c7282d783de8fedb8904464d8d6  /Users/dominic/ZK/AspisFormal/.lake/build/lib/lean/AspisFormal/V5FriConcreteEncoderApplicability.olean
909dc85e736ceb7997a6f7d7d31c600531712c34015a3ab6d33beb2e66b46525  /Users/dominic/ZK/.worktrees/ZK-v8-no-work-100-20260907/AspisFormal/AspisFormal/V5FriCircleEncoderDistance.lean
ab71a34c154dce3a58019891025b09d442363eb6931ff0dcbdd299e8b86e634f  /Users/dominic/ZK/AspisFormal/.lake/build/lib/lean/AspisFormal/V5FriCircleEncoderDistance.olean
d0191bc07666c9b97739a06a8b5572c2985bee74f7902e36ec990a019c3cba8a  /Users/dominic/ZK/.worktrees/ZK-v8-no-work-100-20260907/AspisFormal/AspisFormal/V5FriBitReverse.lean
6e7bd3b88e1cb7679fe52e55a9e52473c39ca6ccb93a1ce8b176db40cb66631f  /Users/dominic/ZK/AspisFormal/.lake/build/lib/lean/AspisFormal/V5FriBitReverse.olean
cdb3335996a0978208261e45e241507735e7e376b209190783ea86eb951772de  /Users/dominic/ZK/.worktrees/ZK-v8-no-work-100-20260907/AspisFormal/AspisFormal/V5FriExactLineDomains.lean
a3fa971984cbaed849a772c3d335ffd9675c0440240b285d1699ccbbc7caa735  /Users/dominic/ZK/AspisFormal/.lake/build/lib/lean/AspisFormal/V5FriExactLineDomains.olean
bbf1448991e8e439db752fcd7c2f140dff7aeddae8c68953203b73c073e99271  /Users/dominic/ZK/.worktrees/ZK-v8-no-work-100-20260907/AspisFormal/AspisFormal/CircleNaturalBasis.lean
a6b978a44e007a17224b9efb328bd4f3422be9055e405c769d83684b04c8ff87  /Users/dominic/ZK/AspisFormal/.lake/build/lib/lean/AspisFormal/CircleNaturalBasis.olean
2fd4d5d526436d7aa34e367e0d66f3bce70c0c21382ca9ec280f825f0f191244  /Users/dominic/ZK/.worktrees/ZK-v8-no-work-100-20260907/AspisFormal/AspisFormal/V5FunctionalBatching.lean
14e39d296e473cb164a7a1353baa6e9cb28aaa3245e9ecc070001edbe8bf105c  /Users/dominic/ZK/AspisFormal/.lake/build/lib/lean/AspisFormal/V5FunctionalBatching.olean
1d91ec87e0276c06e2fa4a4cc69f8e32f2cdb9c010f5b3928a61701271623f03  /Users/dominic/ZK/.worktrees/ZK-v8-no-work-100-20260907/AspisFormal/AspisFormal/V5FriConcreteEncoderCommutation.lean
4f9abb1d140d1688584342e48d204426fd446e766f6308976bc6b421a4ab97bb  /Users/dominic/ZK/AspisFormal/.lake/build/lib/lean/AspisFormal/V5FriConcreteEncoderCommutation.olean
53740fe4db3e4e691d6fc1e368ed2f273d09cbd11768765a5c196f750df36452  /Users/dominic/ZK/.worktrees/ZK-v8-no-work-100-20260907/AspisFormal/AspisFormal/V5FriInitialListBound.lean
ce3ee8983bab47af82b65db792be432b2bd292f4fa5b6b5f648563764cd0c5da  /Users/dominic/ZK/AspisFormal/.lake/build/lib/lean/AspisFormal/V5FriInitialListBound.olean
0641318603afdaf3f1b1bf9b66c418da67049160973348468f4c3fafadefa4dd  /Users/dominic/ZK/.worktrees/ZK-v8-no-work-100-20260907/AspisFormal/AspisFormal/V5FriNaturalBasisRadix4.lean
2efab3a993a7bff289730ab47ff963bda9a94a301e6fbc89af57b9044d989f31  /Users/dominic/ZK/AspisFormal/.lake/build/lib/lean/AspisFormal/V5FriNaturalBasisRadix4.olean
ab83023be279cff61e41a734986a5a3fa311fbe309e9fda7ea866aa89fad0dd0  /Users/dominic/ZK/.worktrees/ZK-v8-no-work-100-20260907/AspisFormal/AspisFormal/CircleGroupCardinality.lean
5a44c1dbeccdee1a50afb8871bb6fe9a6921387cffc75706810ee59592204c6f  /Users/dominic/ZK/AspisFormal/.lake/build/lib/lean/AspisFormal/CircleGroupCardinality.olean
867bb6d90213c9b44caa9106538d2db8d8a55f5619934410bc632e7bd3bdf959  /Users/dominic/ZK/.worktrees/ZK-v8-no-work-100-20260907/AspisFormal/AspisFormal/CircleGroupOrder.lean
39ea3fa6eb53446ecf6cd4a3856219165b247c4175cf79a28313a55958b15597  /Users/dominic/ZK/AspisFormal/.lake/build/lib/lean/AspisFormal/CircleGroupOrder.olean
127ea451736936d8fb077e065efb7d49719af776b3782dc82af4b97076be3a9a  /Users/dominic/ZK/.worktrees/ZK-v8-no-work-100-20260907/AspisFormal/AspisFormal/CircleNaturalBasisEval.lean
a1598ab895a808862c8ae3ea786b09c961cca67c252f7f305aba7a3b638cb124  /Users/dominic/ZK/AspisFormal/.lake/build/lib/lean/AspisFormal/CircleNaturalBasisEval.olean
765578d21962840ae1f5466cdf25e0fecb81884fe4e83caafc3dbb9f56577ef0  /Users/dominic/ZK/.worktrees/ZK-v8-no-work-100-20260907/AspisFormal/AspisFormal/SoundnessLedger.lean
6357cd5e2e3dde9f3b2498b6f4051b9e007297445bd1c586d745889dcce25afb  /Users/dominic/ZK/AspisFormal/.lake/build/lib/lean/AspisFormal/SoundnessLedger.olean
a78ce6a73600105563c8274f460489463d91a7f4149ca2ce369a5373fdfe074f  /Users/dominic/ZK/.worktrees/ZK-v8-no-work-100-20260907/AspisFormal/AspisFormal/V5FriCoherentCandidateExtraction.lean
f2437d2d3f16a1f819c1a716030737d0265d3723848e2cc85e7d0d424b84b243  /Users/dominic/ZK/AspisFormal/.lake/build/lib/lean/AspisFormal/V5FriCoherentCandidateExtraction.olean
584580d477b9462f4731035aef0d44b50e4cc30008c2f4046243fefadd147021  /Users/dominic/ZK/.worktrees/ZK-v8-no-work-100-20260907/AspisFormal/AspisFormal/V5FriJohnsonListBound.lean
ae390e593dbd5ff604c3e7775719bf092012a551bfabacbd8748f8044d768ca8  /Users/dominic/ZK/AspisFormal/.lake/build/lib/lean/AspisFormal/V5FriJohnsonListBound.olean
47fe5848ecf996b47bd0241818e8620bdf2c8b270e9fa9b26d5221f256845bad  /Users/dominic/ZK/.worktrees/ZK-v8-no-work-100-20260907/AspisFormal/AspisFormal/CircleFibreRoots.lean
b6a6661a35b17b15cf824d0ab2decebf19a1084f03b8d399ddc395b9d05340e3  /Users/dominic/ZK/AspisFormal/.lake/build/lib/lean/AspisFormal/CircleFibreRoots.olean
bada16fd76a4eebeede8ef6c004db7af753966cd61b244abf2abc73470fbfbad  /Users/dominic/ZK/.worktrees/ZK-v8-no-work-100-20260907/AspisFormal/AspisFormal/V5ComponentCConcreteFoldLinearity.lean
fa7658c4f3cd058cedebe0f696246b9b933532523c60c19b18bf87361bcebc3c  /Users/dominic/ZK/AspisFormal/.lake/build/lib/lean/AspisFormal/V5ComponentCConcreteFoldLinearity.olean
c2c620a4a49918e2a98c83aa1a5e8e8d41d6955dcc7c1b95f9193116dfd2c097  /Users/dominic/ZK/.worktrees/ZK-v8-no-work-100-20260907/AspisFormal/AspisFormal/V5FriListCap.lean
20e429ca2ce279400aa2055ef206446ae36d95e31af221f4d958d9df16b756a5  /Users/dominic/ZK/AspisFormal/.lake/build/lib/lean/AspisFormal/V5FriListCap.olean
bb19968503af14c17ab76f1a91f52e92326a5f20a4da98a2f6c65bfb4a5ff0d5  /Users/dominic/ZK/.worktrees/ZK-v8-no-work-100-20260907/AspisFormal/AspisFormal/V5WithoutReplacementQuerySoundness.lean
2498f029ae406fc5f495e259979f389df65bba4cd4baca5bbb5f7d4f8a0e22b1  /Users/dominic/ZK/AspisFormal/.lake/build/lib/lean/AspisFormal/V5WithoutReplacementQuerySoundness.olean
9c5bf984a8c4ed7c7854d68673a37a3847ff24783554f451920d4ff95d68b97e  /Users/dominic/ZK/AspisFormal/.lake/packages/mathlib/.lake/build/lib/lean/Mathlib.olean
/Users/dominic/ZK/.worktrees/ZK-v8-no-work-100-20260907/docs/research/v8-no-work-100-20260907/experiments/InterleavedChordPair.lean:22:0: warning: automatically included section variable(s) unused in theorem `AspisV8.InterleavedChordRows.evenPolynomial_apply`:
  [DecidableEq K]
consider restructuring your `variable` declarations so that the variables are not in scope or explicitly omit them:
  omit [DecidableEq K] in theorem ...

Note: This linter can be disabled with `set_option linter.unusedSectionVars false`
/Users/dominic/ZK/.worktrees/ZK-v8-no-work-100-20260907/docs/research/v8-no-work-100-20260907/experiments/InterleavedChordPair.lean:26:0: warning: automatically included section variable(s) unused in theorem `AspisV8.InterleavedChordRows.oddPolynomial_apply`:
  [DecidableEq K]
consider restructuring your `variable` declarations so that the variables are not in scope or explicitly omit them:
  omit [DecidableEq K] in theorem ...

Note: This linter can be disabled with `set_option linter.unusedSectionVars false`
'AspisV8.InterleavedChordRows.evenPolynomial_apply' depends on axioms: [propext, Classical.choice, Quot.sound]
'AspisV8.InterleavedChordRows.oddPolynomial_apply' depends on axioms: [propext, Classical.choice, Quot.sound]
       11.27 real         1.83 user         2.33 sys
          5617041408  maximum resident set size
                   0  average shared memory size
                   0  average unshared data size
                   0  average unshared stack size
              343760  page reclaims
               79275  page faults
                   0  swaps
                   0  block input operations
                   0  block output operations
                   0  messages sent
                   0  messages received
                   0  signals received
               12012  voluntary context switches
               68139  involuntary context switches
         39527461787  instructions retired
         15366793339  cycles elapsed
           857518224  peak memory footprint
LEAN_EXIT=0
b92e75d876c7f41351a339c81833437867190f1b7e2775b6fe06b39b77462e5d  /Users/dominic/ZK/.worktrees/ZK-v8-no-work-100-20260907/docs/research/v8-no-work-100-20260907/experiments/InterleavedChordPair.olean
PROVENANCE_UNCHANGED=true
