1bb632c8a6a83529beb7f92be13d0baa269a2528ac3dcf9dc13526c8da392051  /Users/dominic/ZK/.worktrees/ZK-v8-no-work-100-20260907/docs/research/v8-no-work-100-20260907/experiments/JoinedInverse.lean
55ee2345729e8a4d379de3bce14ea18b14fbfdc259cf2653fadf4bf3a46876d8  /Users/dominic/ZK/AspisFormal/.lake/packages/mathlib/.lake/build/lib/lean/Mathlib/Tactic.olean
/Users/dominic/ZK/.worktrees/ZK-v8-no-work-100-20260907/docs/research/v8-no-work-100-20260907/experiments/JoinedInverse.lean:13:0: warning: automatically included section variable(s) unused in theorem `AspisV8.JoinedInverse.backward_step`:
  [DecidableEq F]
consider restructuring your `variable` declarations so that the variables are not in scope or explicitly omit them:
  omit [DecidableEq F] in theorem ...

Note: This linter can be disabled with `set_option linter.unusedSectionVars false`
/Users/dominic/ZK/.worktrees/ZK-v8-no-work-100-20260907/docs/research/v8-no-work-100-20260907/experiments/JoinedInverse.lean:29:15: warning: This simp argument is unused:
  Prod.fst

Hint: Omit it from the simp argument list.
  simp only [̵P̵r̵o̵d̵.̵f̵s̵t̵,̵P̵r̵o̵d̵.̵s̵n̵d̵]̵[̲P̲r̲o̲d̲.̲s̲n̲d̲]̲ at h1 h2

Note: This linter can be disabled with `set_option linter.unusedSimpArgs false`
/Users/dominic/ZK/.worktrees/ZK-v8-no-work-100-20260907/docs/research/v8-no-work-100-20260907/experiments/JoinedInverse.lean:29:24: warning: This simp argument is unused:
  Prod.snd

Hint: Omit it from the simp argument list.
  simp only [Prod.fst,̵P̵r̵o̵d̵.̵s̵n̵d̵] at h1 h2

Note: This linter can be disabled with `set_option linter.unusedSimpArgs false`
/Users/dominic/ZK/.worktrees/ZK-v8-no-work-100-20260907/docs/research/v8-no-work-100-20260907/experiments/JoinedInverse.lean:73:0: warning: automatically included section variable(s) unused in theorem `AspisV8.JoinedInverse.concat_zero_iff`:
  [DecidableEq F]
consider restructuring your `variable` declarations so that the variables are not in scope or explicitly omit them:
  omit [DecidableEq F] in theorem ...

Note: This linter can be disabled with `set_option linter.unusedSectionVars false`
/Users/dominic/ZK/.worktrees/ZK-v8-no-work-100-20260907/docs/research/v8-no-work-100-20260907/experiments/JoinedInverse.lean:89:17: error(lean.unknownIdentifier): Unknown constant `List.prod_ne_zero_iff.mpr`
'AspisV8.JoinedInverse.backward_step' depends on axioms: [propext, Classical.choice, Quot.sound]
'AspisV8.JoinedInverse.sweep_correct' depends on axioms: [propext, Classical.choice, Quot.sound]
'AspisV8.JoinedInverse.core_correct' depends on axioms: [propext, Classical.choice, Quot.sound]
'AspisV8.JoinedInverse.checked_correct' depends on axioms: [propext, Classical.choice, Quot.sound]
'AspisV8.JoinedInverse.joined_eq_separate' depends on axioms: [propext, Classical.choice, Quot.sound]
'AspisV8.JoinedInverse.concat_zero_iff' depends on axioms: [propext, Quot.sound]
'AspisV8.JoinedInverse.extra_products' depends on axioms: [propext]
'AspisV8.JoinedInverse.first_fold_index' depends on axioms: [propext, Classical.choice, Quot.sound]
'AspisV8.JoinedInverse.shared_seeds' depends on axioms: [propext, Classical.choice, Quot.sound]
'AspisV8.JoinedInverse.products_nonzero' depends on axioms: [propext, sorryAx, Quot.sound]
'AspisV8.JoinedInverse.shared_product_seeds' depends on axioms: [propext, sorryAx, Classical.choice, Quot.sound]
       11.60 real         1.26 user         1.45 sys
          2825404416  maximum resident set size
                   0  average shared memory size
                   0  average unshared data size
                   0  average unshared stack size
              120649  page reclaims
              106625  page faults
                   0  swaps
                   0  block input operations
                   0  block output operations
                   0  messages sent
                   0  messages received
                   0  signals received
               19475  voluntary context switches
               85590  involuntary context switches
         25481464420  instructions retired
         10126218271  cycles elapsed
           463196200  peak memory footprint
