PASS 4 legal OOD pairs, including equal-x and reversed endpoints
PASS exact coefficientwise chord division/reconstruction for precommitted T_512
PASS 1280 actual-domain nested-fold comparisons against degree<=255 final polynomials
PASS all 32 gamma-scaled overflow residuals nonzero; semantic lane 0 and mask-only lane 25; zero alpha included
PASS all 32 natural-tensor E2=512*gamma^lane residual identities (new image-gate continuation)
UNIVERSAL DERIVATION: Q is in Laurent[-511,511], f is outside W; M=T for every legal OOD pair and nonzero gamma and every alpha
This is a query-only obstruction. Required image/relation checks may reject it. NOT full verifier acceptance.
        0.86 real         0.44 user         0.00 sys
             2473984  maximum resident set size
                   0  average shared memory size
                   0  average unshared data size
                   0  average unshared stack size
                 314  page reclaims
                   1  page faults
                   0  swaps
                   0  block input operations
                   0  block output operations
                   0  messages sent
                   0  messages received
                   0  signals received
                   0  voluntary context switches
                  54  involuntary context switches
          8441974418  instructions retired
          1690087738  cycles elapsed
             1835320  peak memory footprint
