REMOTE_TASK=/home/dombarker/project-offloads/aspis-linear-factor.8SUGGL
TARGET=LinearFactorInterpolation
RESEARCH_PIN=6f1ebbe55fcc6fd008071329d5270aae0521cf9a
BORROWED_SOURCE_PIN=26a9cd4718aae9f9de7ef1c3394fb74a229085d5
Lean (version 4.32.0, x86_64-unknown-linux-gnu, commit 8c9756b28d64dab099da31a4c09229a9e6a2ef35, Release)
28abb44ab95afacb4b148553e5ce1f6188eba2eac821e134eadb8ae58d1cc2c7  /home/dombarker/project-offloads/aspis-linear-factor.8SUGGL/linear-factor-interpolation-nuc-v1-manifest.json
e82ceb9bd0c463c0fa00ef7d3d6c0a16020727d47c6cb96b9182eb72d43e8179  /home/dombarker/project-offloads/aspis-linear-factor.8SUGGL/overlay/LinearFactorInterpolation.lean
e82ceb9bd0c463c0fa00ef7d3d6c0a16020727d47c6cb96b9182eb72d43e8179  /home/dombarker/project-offloads/aspis-linear-factor.8SUGGL/linear-factor-interpolation-nuc-v1-source.txt
ff4db59289e0f873ab2892ebf6f8dcf294966ec42a457f3cff0c09bec01093bb  /home/dombarker/project-offloads/aspis-linear-factor.8SUGGL/run_linear_factor_nuc.sh
OVERLAY_PROVENANCE_PASS=737
NATIVE_PACKAGE_CACHE_BOUNDARY=pinned revisions; not a replay of package compilation
CGROUP=/user.slice/user-1000.slice/user@1000.service/app.slice/aspis-linear-linear-factor-interpolation-nuc-v1.scope
memory.high=8589934592
memory.max=10737418240
memory.swap.max=0
cpu.max=200000 100000
COMMAND=/home/dombarker/.elan/toolchains/leanprover--lean4---v4.32.0/bin/lean -j1 -M9500 -R /home/dombarker/project-offloads/aspis-linear-factor.8SUGGL/overlay -o /home/dombarker/project-offloads/aspis-linear-factor.8SUGGL/overlay/LinearFactorInterpolation.olean /home/dombarker/project-offloads/aspis-linear-factor.8SUGGL/overlay/LinearFactorInterpolation.lean
/home/dombarker/project-offloads/aspis-linear-factor.8SUGGL/overlay/LinearFactorInterpolation.lean:36:0: warning: automatically included section variable(s) unused in theorem `AspisV8.LinearFactorInterpolation.map_eval_constant`:
  [DecidableEq K]
consider restructuring your `variable` declarations so that the variables are not in scope or explicitly omit them:
  omit [DecidableEq K] in theorem ...

Note: This linter can be disabled with `set_option linter.unusedSectionVars false`
'AspisV8.LinearFactorInterpolation.map_eval_constant' depends on axioms: [propext, Classical.choice, Quot.sound]
'AspisV8.LinearFactorInterpolation.regular_root_value' depends on axioms: [propext, Classical.choice, Quot.sound]
'AspisV8.LinearFactorInterpolation.interpolation_dichotomy' depends on axioms: [propext, Classical.choice, Quot.sound]
'AspisV8.LinearFactorInterpolation.rational_29_dichotomy' depends on axioms: [propext, Classical.choice, Quot.sound]
	Command being timed: "/home/dombarker/.elan/toolchains/leanprover--lean4---v4.32.0/bin/lean -j1 -M9500 -R /home/dombarker/project-offloads/aspis-linear-factor.8SUGGL/overlay -o /home/dombarker/project-offloads/aspis-linear-factor.8SUGGL/overlay/LinearFactorInterpolation.olean /home/dombarker/project-offloads/aspis-linear-factor.8SUGGL/overlay/LinearFactorInterpolation.lean"
	User time (seconds): 0.93
	System time (seconds): 0.34
	Percent of CPU this job got: 100%
	Elapsed (wall clock) time (h:mm:ss or m:ss): 0:01.27
	Average shared text size (kbytes): 0
	Average unshared data size (kbytes): 0
	Average stack size (kbytes): 0
	Average total size (kbytes): 0
	Maximum resident set size (kbytes): 2283752
	Average resident set size (kbytes): 0
	Major (requiring I/O) page faults: 0
	Minor (reclaiming a frame) page faults: 49521
	Voluntary context switches: 482
	Involuntary context switches: 53
	Swaps: 0
	File system inputs: 0
	File system outputs: 416
	Socket messages sent: 0
	Socket messages received: 0
	Signals delivered: 0
	Page size (bytes): 4096
	Exit status: 0
LEAN_EXIT=0
51cf2ac2cd293f050baeb2a48f9cc61b705bf3cdd0d3c23aabf3a3afc98c81f3  /home/dombarker/project-offloads/aspis-linear-factor.8SUGGL/overlay/LinearFactorInterpolation.olean
OVERLAY_PROVENANCE_PASS=737
NATIVE_PACKAGE_CACHE_BOUNDARY=pinned revisions; not a replay of package compilation
PROVENANCE_UNCHANGED=true
