REMOTE_TASK=/home/dombarker/project-offloads/aspis-denominator.QNcd5G
TARGET=LinearDenominatorPrimitive
RESEARCH_PIN=2f6d82fef294410367aa1781fb924af7c38deab9
BORROWED_SOURCE_PIN=26a9cd4718aae9f9de7ef1c3394fb74a229085d5
Lean (version 4.32.0, x86_64-unknown-linux-gnu, commit 8c9756b28d64dab099da31a4c09229a9e6a2ef35, Release)
b3f5979a903d31836e138cfdcd044f6d77008ffb0b93ac4024e98be7ae2bd88f  /home/dombarker/project-offloads/aspis-denominator.QNcd5G/linear-denominator-primitive-nuc-v2-manifest.json
0725b51796024ed398bd3ef1fa8a9ee4111e70ae4de65138ee5c9b94e6c3ce9c  /home/dombarker/project-offloads/aspis-denominator.QNcd5G/overlay/LinearDenominatorPrimitive.lean
0725b51796024ed398bd3ef1fa8a9ee4111e70ae4de65138ee5c9b94e6c3ce9c  /home/dombarker/project-offloads/aspis-denominator.QNcd5G/linear-denominator-primitive-nuc-v2-source.txt
4a9ee5f24b89642c6a323db95dde0cded2097769c141ed6eb4dcdd16ef8d8935  /home/dombarker/project-offloads/aspis-denominator.QNcd5G/run_denominator_nuc.sh
OVERLAY_PROVENANCE_PASS=755
NATIVE_PACKAGE_CACHE_BOUNDARY=pinned revisions; not a replay of package compilation
CGROUP=/user.slice/user-1000.slice/user@1000.service/app.slice/aspis-denominator-linear-denominator-primitive-nuc-v2.scope
memory.high=8589934592
memory.max=10737418240
memory.swap.max=0
cpu.max=200000 100000
COMMAND=/home/dombarker/.elan/toolchains/leanprover--lean4---v4.32.0/bin/lean -j1 -M9500 -R /home/dombarker/project-offloads/aspis-denominator.QNcd5G/overlay -o /home/dombarker/project-offloads/aspis-denominator.QNcd5G/overlay/LinearDenominatorPrimitive.olean /home/dombarker/project-offloads/aspis-denominator.QNcd5G/overlay/LinearDenominatorPrimitive.lean
/home/dombarker/project-offloads/aspis-denominator.QNcd5G/overlay/LinearDenominatorPrimitive.lean:20:0: warning: automatically included section variable(s) unused in theorem `AspisV8.LinearDenominatorPrimitive.common_divisor_unit`:
  [IsDomain R]
  [NormalizedGCDMonoid R]
consider restructuring your `variable` declarations so that the variables are not in scope or explicitly omit them:
  omit [IsDomain R] [NormalizedGCDMonoid R] in theorem ...

Note: This linter can be disabled with `set_option linter.unusedSectionVars false`
'AspisV8.LinearDenominatorPrimitive.common_divisor_unit' depends on axioms: [propext, Classical.choice, Quot.sound]
'AspisV8.LinearDenominatorPrimitive.fraction_coprime' depends on axioms: [propext, Classical.choice, Quot.sound]
'AspisV8.LinearDenominatorPrimitive.resultant_ne_zero' depends on axioms: [propext, Classical.choice, Quot.sound]
	Command being timed: "/home/dombarker/.elan/toolchains/leanprover--lean4---v4.32.0/bin/lean -j1 -M9500 -R /home/dombarker/project-offloads/aspis-denominator.QNcd5G/overlay -o /home/dombarker/project-offloads/aspis-denominator.QNcd5G/overlay/LinearDenominatorPrimitive.olean /home/dombarker/project-offloads/aspis-denominator.QNcd5G/overlay/LinearDenominatorPrimitive.lean"
	User time (seconds): 0.85
	System time (seconds): 0.35
	Percent of CPU this job got: 100%
	Elapsed (wall clock) time (h:mm:ss or m:ss): 0:01.21
	Average shared text size (kbytes): 0
	Average unshared data size (kbytes): 0
	Average stack size (kbytes): 0
	Average total size (kbytes): 0
	Maximum resident set size (kbytes): 2423796
	Average resident set size (kbytes): 0
	Major (requiring I/O) page faults: 0
	Minor (reclaiming a frame) page faults: 52276
	Voluntary context switches: 419
	Involuntary context switches: 68
	Swaps: 0
	File system inputs: 0
	File system outputs: 312
	Socket messages sent: 0
	Socket messages received: 0
	Signals delivered: 0
	Page size (bytes): 4096
	Exit status: 0
LEAN_EXIT=0
3228e18c27d16b05b06eb7ad5fada178d437a30ddaa3ea6248ab624889c985da  /home/dombarker/project-offloads/aspis-denominator.QNcd5G/overlay/LinearDenominatorPrimitive.olean
OVERLAY_PROVENANCE_PASS=755
NATIVE_PACKAGE_CACHE_BOUNDARY=pinned revisions; not a replay of package compilation
PROVENANCE_UNCHANGED=true
