1a39b55789f5d8b8973b8f8354060d71b070bbd543bd0bbc4ab8caa03934f172  /Users/dominic/ZK/.worktrees/ZK-v8-no-work-100-20260907/docs/research/v8-no-work-100-20260907/experiments/LineNorm.lean
55ee2345729e8a4d379de3bce14ea18b14fbfdc259cf2653fadf4bf3a46876d8  /Users/dominic/ZK/AspisFormal/.lake/packages/mathlib/.lake/build/lib/lean/Mathlib/Tactic.olean
/Users/dominic/ZK/.worktrees/ZK-v8-no-work-100-20260907/docs/research/v8-no-work-100-20260907/experiments/LineNorm.lean:66:61: error: Type mismatch
  List.length_map
has type
  ∀ (f : ?m.16 → ?m.17), (List.map f ?m.18).length = List.length ?m.18
but is expected to have type
  (List.map (fun p => line p.1) points).length = points.length
'AspisV8.LineNorm.half_arithmetic' depends on axioms: [propext, Quot.sound]
'AspisV8.LineNorm.half_range_and_double' depends on axioms: [propext, Classical.choice, Quot.sound]
'AspisV8.LineNorm.half_word_ranges' depends on axioms: [propext, Classical.choice, Quot.sound]
'AspisV8.LineNorm.half_cast' depends on axioms: [propext, Classical.choice, Quot.sound]
'AspisV8.LineNorm.even_line' depends on axioms: [propext, Quot.sound]
'AspisV8.LineNorm.four_line' depends on axioms: [propext, Quot.sound]
'AspisV8.LineNorm.coordinate_push_loop' depends on axioms: [propext]
'AspisV8.LineNorm.line_buffer_length' depends on axioms: [propext, sorryAx]
'AspisV8.LineNorm.mismatched_line_counterexample' depends on axioms: [propext]
       11.14 real         1.15 user         1.39 sys
          2826813440  maximum resident set size
                   0  average shared memory size
                   0  average unshared data size
                   0  average unshared stack size
              124692  page reclaims
              102733  page faults
                   0  swaps
                   0  block input operations
                   0  block output operations
                   0  messages sent
                   0  messages received
                   0  signals received
               19208  voluntary context switches
               86110  involuntary context switches
         24328938885  instructions retired
          9594663447  cycles elapsed
           465342408  peak memory footprint
