REMOTE_TASK=/home/dombarker/project-offloads/aspis-denominator.QNcd5G
TARGET=LinearDenominatorRegression
RESEARCH_PIN=2f6d82fef294410367aa1781fb924af7c38deab9
BORROWED_SOURCE_PIN=26a9cd4718aae9f9de7ef1c3394fb74a229085d5
Lean (version 4.32.0, x86_64-unknown-linux-gnu, commit 8c9756b28d64dab099da31a4c09229a9e6a2ef35, Release)
2a8f2a3020d692164898714cdc6f57870a2f7ef394450f8d63fd45e04d541bfa  /home/dombarker/project-offloads/aspis-denominator.QNcd5G/linear-denominator-regression-nuc-v1-manifest.json
7c50cb84091a2293cb349c2d28b60c71006430f418b53f04bfac7bfda6c0379c  /home/dombarker/project-offloads/aspis-denominator.QNcd5G/overlay/LinearDenominatorRegression.lean
7c50cb84091a2293cb349c2d28b60c71006430f418b53f04bfac7bfda6c0379c  /home/dombarker/project-offloads/aspis-denominator.QNcd5G/linear-denominator-regression-nuc-v1-source.txt
4a9ee5f24b89642c6a323db95dde0cded2097769c141ed6eb4dcdd16ef8d8935  /home/dombarker/project-offloads/aspis-denominator.QNcd5G/run_denominator_nuc.sh
OVERLAY_PROVENANCE_PASS=773
NATIVE_PACKAGE_CACHE_BOUNDARY=pinned revisions; not a replay of package compilation
CGROUP=/user.slice/user-1000.slice/user@1000.service/app.slice/aspis-denominator-linear-denominator-regression-nuc-v1.scope
memory.high=8589934592
memory.max=10737418240
memory.swap.max=0
cpu.max=200000 100000
COMMAND=/home/dombarker/.elan/toolchains/leanprover--lean4---v4.32.0/bin/lean -j1 -M9500 -R /home/dombarker/project-offloads/aspis-denominator.QNcd5G/overlay -o /home/dombarker/project-offloads/aspis-denominator.QNcd5G/overlay/LinearDenominatorRegression.olean /home/dombarker/project-offloads/aspis-denominator.QNcd5G/overlay/LinearDenominatorRegression.lean
/home/dombarker/project-offloads/aspis-denominator.QNcd5G/overlay/LinearDenominatorRegression.lean:21:2: error: Type mismatch: After simplification, term
  evaluated
 has type
  1 = 0
but is expected to have type
  False
/home/dombarker/project-offloads/aspis-denominator.QNcd5G/overlay/LinearDenominatorRegression.lean:31:65: error: `simp` made no progress
/home/dombarker/project-offloads/aspis-denominator.QNcd5G/overlay/LinearDenominatorRegression.lean:37:23: error(lean.unknownIdentifier): Unknown constant `Polynomial.C_dvd_iff_dvd_coeff.mp`
/home/dombarker/project-offloads/aspis-denominator.QNcd5G/overlay/LinearDenominatorRegression.lean:34:60: error: unsolved goals
K : Type u_1
inst✝ : Field K
divisor : K[X][X]
divides : C divisor ∣ factor
⊢ IsUnit divisor
'AspisV8.LinearDenominatorRegression.denominator_degree' depends on axioms: [propext, Classical.choice, Quot.sound]
'AspisV8.LinearDenominatorRegression.factor_prime' depends on axioms: [propext, sorryAx, Classical.choice, Quot.sound]
'AspisV8.LinearDenominatorRegression.factor_primitive' depends on axioms: [propext,
 sorryAx,
 Classical.choice,
 Quot.sound]
'AspisV8.LinearDenominatorRegression.original_resultant' depends on axioms: [propext, Classical.choice, Quot.sound]
'AspisV8.LinearDenominatorRegression.actual_identity' depends on axioms: [propext, Classical.choice, Quot.sound]
'AspisV8.LinearDenominatorRegression.corrected_certificate_vanishes' depends on axioms: [propext,
 Classical.choice,
 Quot.sound]
Command exited with non-zero status 1
	Command being timed: "/home/dombarker/.elan/toolchains/leanprover--lean4---v4.32.0/bin/lean -j1 -M9500 -R /home/dombarker/project-offloads/aspis-denominator.QNcd5G/overlay -o /home/dombarker/project-offloads/aspis-denominator.QNcd5G/overlay/LinearDenominatorRegression.olean /home/dombarker/project-offloads/aspis-denominator.QNcd5G/overlay/LinearDenominatorRegression.lean"
	User time (seconds): 1.85
	System time (seconds): 1.05
	Percent of CPU this job got: 99%
	Elapsed (wall clock) time (h:mm:ss or m:ss): 0:02.92
	Average shared text size (kbytes): 0
	Average unshared data size (kbytes): 0
	Average stack size (kbytes): 0
	Average total size (kbytes): 0
	Maximum resident set size (kbytes): 6802748
	Average resident set size (kbytes): 0
	Major (requiring I/O) page faults: 3
	Minor (reclaiming a frame) page faults: 141634
	Voluntary context switches: 544
	Involuntary context switches: 182
	Swaps: 0
	File system inputs: 384
	File system outputs: 0
	Socket messages sent: 0
	Socket messages received: 0
	Signals delivered: 0
	Page size (bytes): 4096
	Exit status: 1
LEAN_EXIT=1
