3bfdd16f5bc94b805e335c409b74e21535a5dd32577b6c5c4eea51f3bb360ebe  /Users/dominic/ZK/.worktrees/ZK-v8-no-work-100-20260907/docs/research/v8-no-work-100-20260907/experiments/LineNorm.lean
55ee2345729e8a4d379de3bce14ea18b14fbfdc259cf2653fadf4bf3a46876d8  /Users/dominic/ZK/AspisFormal/.lake/packages/mathlib/.lake/build/lib/lean/Mathlib/Tactic.olean
'AspisV8.LineNorm.half_arithmetic' depends on axioms: [propext, Quot.sound]
'AspisV8.LineNorm.half_range_and_double' depends on axioms: [propext, Classical.choice, Quot.sound]
'AspisV8.LineNorm.half_word_ranges' depends on axioms: [propext, Classical.choice, Quot.sound]
'AspisV8.LineNorm.half_cast' depends on axioms: [propext, Classical.choice, Quot.sound]
'AspisV8.LineNorm.even_line' depends on axioms: [propext, Quot.sound]
'AspisV8.LineNorm.four_line' depends on axioms: [propext, Quot.sound]
'AspisV8.LineNorm.coordinate_push_loop' depends on axioms: [propext]
'AspisV8.LineNorm.line_buffer_length' depends on axioms: [propext]
'AspisV8.LineNorm.cm_half' depends on axioms: [propext, Classical.choice, Quot.sound]
'AspisV8.LineNorm.mismatched_line_counterexample' depends on axioms: [propext]
        4.09 real         1.20 user         0.93 sys
          2884337664  maximum resident set size
                   0  average shared memory size
                   0  average unshared data size
                   0  average unshared stack size
              201146  page reclaims
               28438  page faults
                   0  swaps
                   0  block input operations
                   0  block output operations
                   0  messages sent
                   0  messages received
                   0  signals received
                3579  voluntary context switches
               25931  involuntary context switches
         21205720671  instructions retired
          7975703620  cycles elapsed
           476614600  peak memory footprint
7a19d7df351524cfba7ddf2d314173160e65c2f2043eb8a2d94821cc7f2ced09  /Users/dominic/ZK/.worktrees/ZK-v8-no-work-100-20260907/docs/research/v8-no-work-100-20260907/experiments/LineNorm.olean
