REMOTE_TASK=/home/dombarker/project-offloads/aspis-masked-tail.SH0QtS
TARGET=MaskedCurveRepresentation
RESEARCH_PIN=b006d34ffc6d552cd5ecd9f292cf2bd095f7fdb9
BORROWED_SOURCE_PIN=26a9cd4718aae9f9de7ef1c3394fb74a229085d5
Lean (version 4.32.0, x86_64-unknown-linux-gnu, commit 8c9756b28d64dab099da31a4c09229a9e6a2ef35, Release)
7932be7fa675d7caa0ac4722df526c2d0625aeb9c00979c6c38de7ba42277fd7  /home/dombarker/project-offloads/aspis-masked-tail.SH0QtS/masked-curve-representation-nuc-v1-manifest.json
fec35b497ee7be720fcb1546928b021603663364671884a24625f2200b53c7fe  /home/dombarker/project-offloads/aspis-masked-tail.SH0QtS/overlay/MaskedCurveRepresentation.lean
d79431f9fcb9a225ae0678b05d95c976980aa6f14718330bcaaae4c6be98b26d  /home/dombarker/project-offloads/aspis-masked-tail.SH0QtS/run_masked_nuc.sh
OVERLAY_PROVENANCE_PASS=674
NATIVE_PACKAGE_CACHE_BOUNDARY=pinned revisions; not a replay of package compilation
CGROUP=/user.slice/user-1000.slice/user@1000.service/app.slice/aspis-tail-masked-curve-representation-nuc-v1.scope
memory.high=5368709120
memory.max=7516192768
memory.swap.max=0
cpu.max=200000 100000
COMMAND=/home/dombarker/.elan/toolchains/leanprover--lean4---v4.32.0/bin/lean -j1 -M6500 -R /home/dombarker/project-offloads/aspis-masked-tail.SH0QtS/overlay -o /home/dombarker/project-offloads/aspis-masked-tail.SH0QtS/overlay/MaskedCurveRepresentation.olean /home/dombarker/project-offloads/aspis-masked-tail.SH0QtS/overlay/MaskedCurveRepresentation.lean
/home/dombarker/project-offloads/aspis-masked-tail.SH0QtS/overlay/MaskedCurveRepresentation.lean:23:0: warning: automatically included section variable(s) unused in theorem `AspisV8.MaskedCurveRepresentation.lane_interleave`:
  [DecidableEq K]
consider restructuring your `variable` declarations so that the variables are not in scope or explicitly omit them:
  omit [DecidableEq K] in theorem ...

Note: This linter can be disabled with `set_option linter.unusedSectionVars false`
/home/dombarker/project-offloads/aspis-masked-tail.SH0QtS/overlay/MaskedCurveRepresentation.lean:28:0: warning: automatically included section variable(s) unused in theorem `AspisV8.MaskedCurveRepresentation.interleave_lanes`:
  [DecidableEq K]
consider restructuring your `variable` declarations so that the variables are not in scope or explicitly omit them:
  omit [DecidableEq K] in theorem ...

Note: This linter can be disabled with `set_option linter.unusedSectionVars false`
/home/dombarker/project-offloads/aspis-masked-tail.SH0QtS/overlay/MaskedCurveRepresentation.lean:109:0: warning: automatically included section variable(s) unused in theorem `AspisV8.MaskedCurveRepresentation.decoded_curve_actual`:
  [DecidableEq K]
consider restructuring your `variable` declarations so that the variables are not in scope or explicitly omit them:
  omit [DecidableEq K] in theorem ...

Note: This linter can be disabled with `set_option linter.unusedSectionVars false`
'AspisV8.MaskedCurveRepresentation.joint_eq_full' depends on axioms: [propext, Classical.choice, Quot.sound]
'AspisV8.MaskedCurveRepresentation.onCurve_iff' depends on axioms: [propext, Quot.sound]
'AspisV8.MaskedCurveRepresentation.covered_iff' depends on axioms: [propext, Classical.choice, Quot.sound]
'AspisV8.MaskedCurveRepresentation.decoded_curve_actual' depends on axioms: [propext, Classical.choice, Quot.sound]
	Command being timed: "/home/dombarker/.elan/toolchains/leanprover--lean4---v4.32.0/bin/lean -j1 -M6500 -R /home/dombarker/project-offloads/aspis-masked-tail.SH0QtS/overlay -o /home/dombarker/project-offloads/aspis-masked-tail.SH0QtS/overlay/MaskedCurveRepresentation.olean /home/dombarker/project-offloads/aspis-masked-tail.SH0QtS/overlay/MaskedCurveRepresentation.lean"
	User time (seconds): 2.07
	System time (seconds): 0.99
	Percent of CPU this job got: 100%
	Elapsed (wall clock) time (h:mm:ss or m:ss): 0:03.07
	Average shared text size (kbytes): 0
	Average unshared data size (kbytes): 0
	Average stack size (kbytes): 0
	Average total size (kbytes): 0
	Maximum resident set size (kbytes): 6686916
	Average resident set size (kbytes): 0
	Major (requiring I/O) page faults: 0
	Minor (reclaiming a frame) page faults: 139981
	Voluntary context switches: 554
	Involuntary context switches: 170
	Swaps: 0
	File system inputs: 0
	File system outputs: 680
	Socket messages sent: 0
	Socket messages received: 0
	Signals delivered: 0
	Page size (bytes): 4096
	Exit status: 0
LEAN_EXIT=0
4b05402041b1406fa672c76d586fcfcba4ba4a27cb7687f2a5c0c0a297bfffec  /home/dombarker/project-offloads/aspis-masked-tail.SH0QtS/overlay/MaskedCurveRepresentation.olean
OVERLAY_PROVENANCE_PASS=674
NATIVE_PACKAGE_CACHE_BOUNDARY=pinned revisions; not a replay of package compilation
PROVENANCE_UNCHANGED=true
