51ec8a6e0cc0c54a908ec8017ffec149519588b7da379dc9656f9f878bded1ef  /Users/dominic/ZK/.worktrees/ZK-v8-no-work-100-20260907/docs/research/v8-no-work-100-20260907/experiments/MerkleInput.lean
55ee2345729e8a4d379de3bce14ea18b14fbfdc259cf2653fadf4bf3a46876d8  /Users/dominic/ZK/AspisFormal/.lake/packages/mathlib/.lake/build/lib/lean/Mathlib/Tactic.olean
/Users/dominic/ZK/.worktrees/ZK-v8-no-work-100-20260907/docs/research/v8-no-work-100-20260907/experiments/MerkleInput.lean:14:75: error: unsolved goals
tag : Byte
left right : Fin 26 → Byte
⊢ Fin.append (fun x => tag) (Fin.append left right) 0 = tag ∧
    Fin.append (fun x => tag) (Fin.append left right) 1 = left 0 ∧
      Fin.append (fun x => tag) (Fin.append left right) 2 = left 1 ∧
        Fin.append (fun x => tag) (Fin.append left right) 3 = left 2 ∧
          Fin.append (fun x => tag) (Fin.append left right) 4 = left 3 ∧
            Fin.append (fun x => tag) (Fin.append left right) 5 = left 4 ∧
              Fin.append (fun x => tag) (Fin.append left right) 6 = left 5 ∧
                Fin.append (fun x => tag) (Fin.append left right) 7 = left 6 ∧
                  Fin.append (fun x => tag) (Fin.append left right) 8 = left 7 ∧
                    Fin.append (fun x => tag) (Fin.append left right) 9 = left 8 ∧
                      Fin.append (fun x => tag) (Fin.append left right) 10 = left 9 ∧
                        Fin.append (fun x => tag) (Fin.append left right) 11 = left 10 ∧
                          Fin.append (fun x => tag) (Fin.append left right) 12 = left 11 ∧
                            Fin.append (fun x => tag) (Fin.append left right) 13 = left 12 ∧
                              Fin.append (fun x => tag) (Fin.append left right) 14 = left 13 ∧
                                Fin.append (fun x => tag) (Fin.append left right) 15 = left 14 ∧
                                  Fin.append (fun x => tag) (Fin.append left right) 16 = left 15 ∧
                                    Fin.append (fun x => tag) (Fin.append left right) 17 = left 16 ∧
                                      Fin.append (fun x => tag) (Fin.append left right) 18 = left 17 ∧
                                        Fin.append (fun x => tag) (Fin.append left right) 19 = left 18 ∧
                                          Fin.append (fun x => tag) (Fin.append left right) 20 = left 19 ∧
                                            Fin.append (fun x => tag) (Fin.append left right) 21 = left 20 ∧
                                              Fin.append (fun x => tag) (Fin.append left right) 22 = left 21 ∧
                                                Fin.append (fun x => tag) (Fin.append left right) 23 = left 22 ∧
                                                  Fin.append (fun x => tag) (Fin.append left right) 24 = left 23 ∧
                                                    Fin.append (fun x => tag) (Fin.append left right) 25 = left 24 ∧
                                                      Fin.append (fun x => tag) (Fin.append left right) 26 = left 25 ∧
                                                        Fin.append (fun x => tag) (Fin.append left right) 27 = right 0 ∧
                                                          Fin.append (fun x => tag) (Fin.append left right) 28 =
                                                              right 1 ∧
                                                            Fin.append (fun x => tag) (Fin.append left right) 29 =
                                                                right 2 ∧
                                                              Fin.append (fun x => tag) (Fin.append left right) 30 =
                                                                  right 3 ∧
                                                                Fin.append (fun x => tag) (Fin.append left right) 31 =
                                                                    right 4 ∧
                                                                  Fin.append (fun x => tag) (Fin.append left right) 32 =
                                                                      right 5 ∧
                                                                    Fin.append (fun x => tag) (Fin.append left right)
                                                                          33 =
                                                                        right 6 ∧
                                                                      Fin.append (fun x => tag) (Fin.append left right)
                                                                            34 =
                                                                          right 7 ∧
                                                                        Fin.append (fun x => tag)
                                                                              (Fin.append left right) 35 =
                                                                            right 8 ∧
                                                                          Fin.append (fun x => tag)
                                                                                (Fin.append left right) 36 =
                                                                              right 9 ∧
                                                                            Fin.append (fun x => tag)
                                                                                  (Fin.append left right) 37 =
                                                                                right 10 ∧
                                                                              Fin.append (fun x => tag)
                                                                                    (Fin.append left right) 38 =
                                                                                  right 11 ∧
                                                                                Fin.append (fun x => tag)
                                                                                      (Fin.append left right) 39 =
                                                                                    right 12 ∧
                                                                                  Fin.append (fun x => tag)
                                                                                        (Fin.append left right) 40 =
                                                                                      right 13 ∧
                                                                                    Fin.append (fun x => tag)
                                                                                          (Fin.append left right) 41 =
                                                                                        right 14 ∧
                                                                                      Fin.append (fun x => tag)
                                                                                            (Fin.append left right) 42 =
                                                                                          right 15 ∧
                                                                                        Fin.append (fun x => tag)
                                                                                              (Fin.append left right)
                                                                                              43 =
                                                                                            right 16 ∧
                                                                                          Fin.append (fun x => tag)
                                                                                                (Fin.append left right)
                                                                                                44 =
                                                                                              right 17 ∧
                                                                                            Fin.append (fun x => tag)
                                                                                                  (Fin.append left
                                                                                                    right)
                                                                                                  45 =
                                                                                                right 18 ∧
                                                                                              Fin.append (fun x => tag)
                                                                                                    (Fin.append left
                                                                                                      right)
                                                                                                    46 =
                                                                                                  right 19 ∧
                                                                                                Fin.append
                                                                                                      (fun x => tag)
                                                                                                      (Fin.append left
                                                                                                        right)
                                                                                                      47 =
                                                                                                    right 20 ∧
                                                                                                  Fin.append
                                                                                                        (fun x => tag)
                                                                                                        (Fin.append left
                                                                                                          right)
                                                                                                        48 =
                                                                                                      right 21 ∧
                                                                                                    Fin.append
                                                                                                          (fun x => tag)
                                                                                                          (Fin.append
                                                                                                            left right)
                                                                                                          49 =
                                                                                                        right 22 ∧
                                                                                                      ⋯ ∧ ⋯
/Users/dominic/ZK/.worktrees/ZK-v8-no-work-100-20260907/docs/research/v8-no-work-100-20260907/experiments/MerkleInput.lean:15:22: warning: This simp argument is unused:
  List.ofFn_fin_append

Hint: Omit it from the simp argument list.
  simp [̵b̵u̵f̵f̵e̵r̵,̵s̵l̵i̵c̵e̵s̵,̵L̵i̵s̵t̵.̵o̵f̵F̵n̵_̵f̵i̵n̵_̵a̵p̵p̵e̵n̵d̵]̵[̲b̲u̲f̲f̲e̲r̲,̲ ̲s̲l̲i̲c̲e̲s̲]̲

Note: This linter can be disabled with `set_option linter.unusedSimpArgs false`
'AspisV8.MerkleInput.same_parent_bytes' depends on axioms: [propext, sorryAx, Quot.sound]
'AspisV8.MerkleInput.parent_length' depends on axioms: [propext, sorryAx, Quot.sound]
'AspisV8.MerkleInput.parent_digest_eq' depends on axioms: [propext, sorryAx, Quot.sound]
'AspisV8.MerkleInput.slice_cost_delta' depends on axioms: [propext, Classical.choice, Quot.sound]
       11.84 real         1.08 user         1.39 sys
          2821931008  maximum resident set size
                   0  average shared memory size
                   0  average unshared data size
                   0  average unshared stack size
              118448  page reclaims
              106173  page faults
                   0  swaps
                   0  block input operations
                   0  block output operations
                   0  messages sent
                   0  messages received
                   0  signals received
               19477  voluntary context switches
               83374  involuntary context switches
         24331106973  instructions retired
          9301756628  cycles elapsed
           463556432  peak memory footprint
