REMOTE_TASK=/home/dombarker/project-offloads/aspis-higher-y.fMoMeX
TARGET=MiddleSimplePairMassV4
RESEARCH_PIN=289d7356c78a4cd493fe61a54f9548f2a0c11298
BORROWED_SOURCE_PIN=26a9cd4718aae9f9de7ef1c3394fb74a229085d5
Lean (version 4.32.0, x86_64-unknown-linux-gnu, commit 8c9756b28d64dab099da31a4c09229a9e6a2ef35, Release)
c35d72b7de45b989df19b48902b79d519e45dfb8a066845f362dc31d1047ff66  /home/dombarker/project-offloads/aspis-higher-y.fMoMeX/middle-simple-pair-mass-v4-manifest.json
75006b35426490f43ef308ff3bf1123e34b37917ae8ac1d46bc7023a9eeb6bf3  /home/dombarker/project-offloads/aspis-higher-y.fMoMeX/overlay/MiddleSimplePairMassV4.lean
75006b35426490f43ef308ff3bf1123e34b37917ae8ac1d46bc7023a9eeb6bf3  /home/dombarker/project-offloads/aspis-higher-y.fMoMeX/middle-simple-pair-mass-v4-source.txt
5780e61b4d286905ab912bb6ab8e103a20908f78c11bea415db40a5fad110e52  /home/dombarker/project-offloads/aspis-higher-y.fMoMeX/run_higher_y_nuc.sh
OVERLAY_PROVENANCE_PASS=1033
NATIVE_PACKAGE_CACHE_BOUNDARY=pinned revisions; not a replay of package compilation
CGROUP=/user.slice/user-1000.slice/user@1000.service/app.slice/aspis-higher-y-middle-simple-pair-mass-v4.scope
memory.high=8589934592
memory.max=10737418240
memory.swap.max=0
cpu.max=200000 100000
COMMAND=/home/dombarker/.elan/toolchains/leanprover--lean4---v4.32.0/bin/lean -j1 -M9500 -R /home/dombarker/project-offloads/aspis-higher-y.fMoMeX/overlay -o /home/dombarker/project-offloads/aspis-higher-y.fMoMeX/overlay/MiddleSimplePairMassV4.olean /home/dombarker/project-offloads/aspis-higher-y.fMoMeX/overlay/MiddleSimplePairMassV4.lean
'AspisV8.MiddleSimplePairMass.Generic.root_set_card' depends on axioms: [propext, Classical.choice, Quot.sound]
'AspisV8.MiddleSimplePairMass.Generic.pair_cap_mono' depends on axioms: [propext, Classical.choice, Quot.sound]
'AspisV8.MiddleSimplePairMass.pair_mass_of_card' depends on axioms: [propext, Classical.choice, Quot.sound]
'AspisV8.MiddleSimplePairMass.fixed_cover' depends on axioms: [propext, Classical.choice, Quot.sound]
'AspisV8.MiddleSimplePairMass.exists_complete_root_set' depends on axioms: [propext, Classical.choice, Quot.sound]
'AspisV8.MiddleSimplePairMass.complete_roots_card' depends on axioms: [propext, Classical.choice, Quot.sound]
'AspisV8.MiddleSimplePairMass.pair_root_mass_numeric_le' depends on axioms: [propext, Classical.choice, Quot.sound]
'AspisV8.MiddleSimplePairMass.selected_pair_root_mass_numeric_le' depends on axioms: [propext,
 Classical.choice,
 Quot.sound]
	Command being timed: "/home/dombarker/.elan/toolchains/leanprover--lean4---v4.32.0/bin/lean -j1 -M9500 -R /home/dombarker/project-offloads/aspis-higher-y.fMoMeX/overlay -o /home/dombarker/project-offloads/aspis-higher-y.fMoMeX/overlay/MiddleSimplePairMassV4.olean /home/dombarker/project-offloads/aspis-higher-y.fMoMeX/overlay/MiddleSimplePairMassV4.lean"
	User time (seconds): 2.37
	System time (seconds): 1.04
	Percent of CPU this job got: 99%
	Elapsed (wall clock) time (h:mm:ss or m:ss): 0:03.42
	Average shared text size (kbytes): 0
	Average unshared data size (kbytes): 0
	Average stack size (kbytes): 0
	Average total size (kbytes): 0
	Maximum resident set size (kbytes): 6886612
	Average resident set size (kbytes): 0
	Major (requiring I/O) page faults: 0
	Minor (reclaiming a frame) page faults: 142915
	Voluntary context switches: 508
	Involuntary context switches: 169
	Swaps: 0
	File system inputs: 0
	File system outputs: 408
	Socket messages sent: 0
	Socket messages received: 0
	Signals delivered: 0
	Page size (bytes): 4096
	Exit status: 0
LEAN_EXIT=0
657895071b918ed0ffa7d0fffd6dd933cdb9688a9e11088ad54cdc026737dde5  /home/dombarker/project-offloads/aspis-higher-y.fMoMeX/overlay/MiddleSimplePairMassV4.olean
OVERLAY_PROVENANCE_PASS=1033
NATIVE_PACKAGE_CACHE_BOUNDARY=pinned revisions; not a replay of package compilation
PROVENANCE_UNCHANGED=true
