REMOTE_TASK=/home/dombarker/project-offloads/aspis-higher-y.fMoMeX
TARGET=MiddleSimpleRootV2
RESEARCH_PIN=289d7356c78a4cd493fe61a54f9548f2a0c11298
BORROWED_SOURCE_PIN=26a9cd4718aae9f9de7ef1c3394fb74a229085d5
Lean (version 4.32.0, x86_64-unknown-linux-gnu, commit 8c9756b28d64dab099da31a4c09229a9e6a2ef35, Release)
ab3579019f12ce4b1d010e4b4e710c797aab52c26f4f6c20d11a332b924080a8  /home/dombarker/project-offloads/aspis-higher-y.fMoMeX/middle-simple-root-v2-manifest.json
37395c68a0dc313fe1dfc655be8b35b1ee84691d4028b7bee7398b5999b43058  /home/dombarker/project-offloads/aspis-higher-y.fMoMeX/overlay/MiddleSimpleRootV2.lean
37395c68a0dc313fe1dfc655be8b35b1ee84691d4028b7bee7398b5999b43058  /home/dombarker/project-offloads/aspis-higher-y.fMoMeX/middle-simple-root-v2-source.txt
5780e61b4d286905ab912bb6ab8e103a20908f78c11bea415db40a5fad110e52  /home/dombarker/project-offloads/aspis-higher-y.fMoMeX/run_higher_y_nuc.sh
OVERLAY_PROVENANCE_PASS=1023
NATIVE_PACKAGE_CACHE_BOUNDARY=pinned revisions; not a replay of package compilation
CGROUP=/user.slice/user-1000.slice/user@1000.service/app.slice/aspis-higher-y-middle-simple-root-v2.scope
memory.high=8589934592
memory.max=10737418240
memory.swap.max=0
cpu.max=200000 100000
COMMAND=/home/dombarker/.elan/toolchains/leanprover--lean4---v4.32.0/bin/lean -j1 -M9500 -R /home/dombarker/project-offloads/aspis-higher-y.fMoMeX/overlay -o /home/dombarker/project-offloads/aspis-higher-y.fMoMeX/overlay/MiddleSimpleRootV2.olean /home/dombarker/project-offloads/aspis-higher-y.fMoMeX/overlay/MiddleSimpleRootV2.lean
/home/dombarker/project-offloads/aspis-higher-y.fMoMeX/overlay/MiddleSimpleRootV2.lean:135:73: error: maximum recursion depth has been reached
use `set_option maxRecDepth <num>` to increase limit
use `set_option diagnostics true` to get diagnostic information
/home/dombarker/project-offloads/aspis-higher-y.fMoMeX/overlay/MiddleSimpleRootV2.lean:127:0: error: linter Lean.Linter.constructorNameAsVariable failed: maximum recursion depth has been reached
use `set_option maxRecDepth <num>` to increase limit
use `set_option diagnostics true` to get diagnostic information
'AspisV8.MiddleSimpleRoot.candidate_substitute_zero' depends on axioms: [propext, Classical.choice, Quot.sound]
'AspisV8.MiddleSimpleRoot.candidate_root' depends on axioms: [propext, Classical.choice, Quot.sound]
'AspisV8.MiddleSimpleRoot.middle_root' depends on axioms: [propext, Classical.choice, Quot.sound]
'AspisV8.MiddleSimpleRoot.parent_nonzero' depends on axioms: [propext, Classical.choice, Quot.sound]
'AspisV8.MiddleSimpleRoot.parent_y_degree' depends on axioms: [propext, Classical.choice, Quot.sound]
'AspisV8.MiddleSimpleRoot.parent_x_degree' depends on axioms: [propext, Classical.choice, Quot.sound]
'AspisV8.MiddleSimpleRoot.parent_yz_weight' depends on axioms: [propext, Classical.choice, Quot.sound]
'AspisV8.MiddleSimpleRoot.positive_factor_linear_of_parent' depends on axioms: [propext, Classical.choice, Quot.sound]
/home/dombarker/project-offloads/aspis-higher-y.fMoMeX/overlay/MiddleSimpleRootV2.lean:145:14: error(lean.unknownIdentifier): Unknown constant `positive_factor_linear`
Command exited with non-zero status 1
	Command being timed: "/home/dombarker/.elan/toolchains/leanprover--lean4---v4.32.0/bin/lean -j1 -M9500 -R /home/dombarker/project-offloads/aspis-higher-y.fMoMeX/overlay -o /home/dombarker/project-offloads/aspis-higher-y.fMoMeX/overlay/MiddleSimpleRootV2.olean /home/dombarker/project-offloads/aspis-higher-y.fMoMeX/overlay/MiddleSimpleRootV2.lean"
	User time (seconds): 1.73
	System time (seconds): 1.06
	Percent of CPU this job got: 99%
	Elapsed (wall clock) time (h:mm:ss or m:ss): 0:02.79
	Average shared text size (kbytes): 0
	Average unshared data size (kbytes): 0
	Average stack size (kbytes): 0
	Average total size (kbytes): 0
	Maximum resident set size (kbytes): 6797452
	Average resident set size (kbytes): 0
	Major (requiring I/O) page faults: 0
	Minor (reclaiming a frame) page faults: 141268
	Voluntary context switches: 366
	Involuntary context switches: 168
	Swaps: 0
	File system inputs: 0
	File system outputs: 0
	Socket messages sent: 0
	Socket messages received: 0
	Signals delivered: 0
	Page size (bytes): 4096
	Exit status: 1
LEAN_EXIT=1
