REMOTE_TASK=/home/dombarker/project-offloads/aspis-higher-y.fMoMeX
TARGET=MiddleSimpleRootV7
RESEARCH_PIN=289d7356c78a4cd493fe61a54f9548f2a0c11298
BORROWED_SOURCE_PIN=26a9cd4718aae9f9de7ef1c3394fb74a229085d5
Lean (version 4.32.0, x86_64-unknown-linux-gnu, commit 8c9756b28d64dab099da31a4c09229a9e6a2ef35, Release)
c429963a6f34a534d314cfd9f7031d8cf4a2e8fed2cf9d81a06ba3c1b2b5a692  /home/dombarker/project-offloads/aspis-higher-y.fMoMeX/middle-simple-root-v7-manifest.json
ea9c23689ae1aea1229f367a4ef3fd57e00e7e79746fa585d46f6bf62888f798  /home/dombarker/project-offloads/aspis-higher-y.fMoMeX/overlay/MiddleSimpleRootV7.lean
ea9c23689ae1aea1229f367a4ef3fd57e00e7e79746fa585d46f6bf62888f798  /home/dombarker/project-offloads/aspis-higher-y.fMoMeX/middle-simple-root-v7-source.txt
5780e61b4d286905ab912bb6ab8e103a20908f78c11bea415db40a5fad110e52  /home/dombarker/project-offloads/aspis-higher-y.fMoMeX/run_higher_y_nuc.sh
OVERLAY_PROVENANCE_PASS=1025
NATIVE_PACKAGE_CACHE_BOUNDARY=pinned revisions; not a replay of package compilation
CGROUP=/user.slice/user-1000.slice/user@1000.service/app.slice/aspis-higher-y-middle-simple-root-v7.scope
memory.high=8589934592
memory.max=10737418240
memory.swap.max=0
cpu.max=200000 100000
COMMAND=/home/dombarker/.elan/toolchains/leanprover--lean4---v4.32.0/bin/lean -j1 -M9500 -R /home/dombarker/project-offloads/aspis-higher-y.fMoMeX/overlay -o /home/dombarker/project-offloads/aspis-higher-y.fMoMeX/overlay/MiddleSimpleRootV7.olean /home/dombarker/project-offloads/aspis-higher-y.fMoMeX/overlay/MiddleSimpleRootV7.lean
'AspisV8.MiddleSimpleRoot.candidate_substitute_zero' depends on axioms: [propext, Classical.choice, Quot.sound]
'AspisV8.MiddleSimpleRoot.candidate_root' depends on axioms: [propext, Classical.choice, Quot.sound]
'AspisV8.MiddleSimpleRoot.middle_root' depends on axioms: [propext, Classical.choice, Quot.sound]
'AspisV8.MiddleSimpleRoot.parent_nonzero' depends on axioms: [propext, Classical.choice, Quot.sound]
'AspisV8.MiddleSimpleRoot.parent_y_degree' depends on axioms: [propext, Classical.choice, Quot.sound]
'AspisV8.MiddleSimpleRoot.parent_x_degree' depends on axioms: [propext, Classical.choice, Quot.sound]
'AspisV8.MiddleSimpleRoot.parent_yz_weight' depends on axioms: [propext, Classical.choice, Quot.sound]
'AspisV8.MiddleSimpleRoot.positive_factor_linear_of_parent' depends on axioms: [propext, Classical.choice, Quot.sound]
	Command being timed: "/home/dombarker/.elan/toolchains/leanprover--lean4---v4.32.0/bin/lean -j1 -M9500 -R /home/dombarker/project-offloads/aspis-higher-y.fMoMeX/overlay -o /home/dombarker/project-offloads/aspis-higher-y.fMoMeX/overlay/MiddleSimpleRootV7.olean /home/dombarker/project-offloads/aspis-higher-y.fMoMeX/overlay/MiddleSimpleRootV7.lean"
	User time (seconds): 1.90
	System time (seconds): 1.08
	Percent of CPU this job got: 99%
	Elapsed (wall clock) time (h:mm:ss or m:ss): 0:02.98
	Average shared text size (kbytes): 0
	Average unshared data size (kbytes): 0
	Average stack size (kbytes): 0
	Average total size (kbytes): 0
	Maximum resident set size (kbytes): 6832004
	Average resident set size (kbytes): 0
	Major (requiring I/O) page faults: 0
	Minor (reclaiming a frame) page faults: 142046
	Voluntary context switches: 357
	Involuntary context switches: 171
	Swaps: 0
	File system inputs: 0
	File system outputs: 248
	Socket messages sent: 0
	Socket messages received: 0
	Signals delivered: 0
	Page size (bytes): 4096
	Exit status: 0
LEAN_EXIT=0
0c809759b6d55e5a59b63f81e5f3fd2a8363bc12d2888a5dbb00c184af595c53  /home/dombarker/project-offloads/aspis-higher-y.fMoMeX/overlay/MiddleSimpleRootV7.olean
OVERLAY_PROVENANCE_PASS=1025
NATIVE_PACKAGE_CACHE_BOUNDARY=pinned revisions; not a replay of package compilation
PROVENANCE_UNCHANGED=true
