REMOTE_TASK=/home/dombarker/project-offloads/aspis-higher-y.fMoMeX
TARGET=MinimalMultiproofPaths
RESEARCH_PIN=289d7356c78a4cd493fe61a54f9548f2a0c11298
BORROWED_SOURCE_PIN=26a9cd4718aae9f9de7ef1c3394fb74a229085d5
Lean (version 4.32.0, x86_64-unknown-linux-gnu, commit 8c9756b28d64dab099da31a4c09229a9e6a2ef35, Release)
36d356aa12aa30cbfc5db4aba6f2929d1e5d574c938b37761d0f248829c151db  /home/dombarker/project-offloads/aspis-higher-y.fMoMeX/minimal-multiproof-paths-nuc-v2-manifest.json
7d94c6ba5c954f1d88d30362e2fac4f8493770ca9cab2b034976a6ff593a618d  /home/dombarker/project-offloads/aspis-higher-y.fMoMeX/overlay/MinimalMultiproofPaths.lean
7d94c6ba5c954f1d88d30362e2fac4f8493770ca9cab2b034976a6ff593a618d  /home/dombarker/project-offloads/aspis-higher-y.fMoMeX/minimal-multiproof-paths-nuc-v2-source.txt
5780e61b4d286905ab912bb6ab8e103a20908f78c11bea415db40a5fad110e52  /home/dombarker/project-offloads/aspis-higher-y.fMoMeX/run_higher_y_nuc.sh
OVERLAY_PROVENANCE_PASS=955
NATIVE_PACKAGE_CACHE_BOUNDARY=pinned revisions; not a replay of package compilation
CGROUP=/user.slice/user-1000.slice/user@1000.service/app.slice/aspis-higher-y-minimal-multiproof-paths-nuc-v2.scope
memory.high=8589934592
memory.max=10737418240
memory.swap.max=0
cpu.max=200000 100000
COMMAND=/home/dombarker/.elan/toolchains/leanprover--lean4---v4.32.0/bin/lean -j1 -M9500 -R /home/dombarker/project-offloads/aspis-higher-y.fMoMeX/overlay -o /home/dombarker/project-offloads/aspis-higher-y.fMoMeX/overlay/MinimalMultiproofPaths.olean /home/dombarker/project-offloads/aspis-higher-y.fMoMeX/overlay/MinimalMultiproofPaths.lean
'AspisV8.MinimalMultiproofPaths.canPair_iff' depends on axioms: [propext, Quot.sound]
'AspisV8.MinimalMultiproofPaths.pass_parent' depends on axioms: [propext, Classical.choice, Quot.sound]
'AspisV8.MinimalMultiproofPaths.levels_paths' depends on axioms: [propext, Classical.choice, Quot.sound]
'AspisV8.MinimalMultiproofPaths.sorted_ordinals_perm' depends on axioms: [propext, Quot.sound]
'AspisV8.MinimalMultiproofPaths.sorted_entries_perm' depends on axioms: [propext, Quot.sound]
'AspisV8.MinimalMultiproofPaths.leaf_call_covered' depends on axioms: [propext, Classical.choice, Quot.sound]
'AspisV8.MinimalMultiproofPaths.accepted_q22_paths' depends on axioms: [propext, Classical.choice, Quot.sound]
	Command being timed: "/home/dombarker/.elan/toolchains/leanprover--lean4---v4.32.0/bin/lean -j1 -M9500 -R /home/dombarker/project-offloads/aspis-higher-y.fMoMeX/overlay -o /home/dombarker/project-offloads/aspis-higher-y.fMoMeX/overlay/MinimalMultiproofPaths.olean /home/dombarker/project-offloads/aspis-higher-y.fMoMeX/overlay/MinimalMultiproofPaths.lean"
	User time (seconds): 2.44
	System time (seconds): 1.13
	Percent of CPU this job got: 99%
	Elapsed (wall clock) time (h:mm:ss or m:ss): 0:03.58
	Average shared text size (kbytes): 0
	Average unshared data size (kbytes): 0
	Average stack size (kbytes): 0
	Average total size (kbytes): 0
	Maximum resident set size (kbytes): 6684904
	Average resident set size (kbytes): 0
	Major (requiring I/O) page faults: 0
	Minor (reclaiming a frame) page faults: 139704
	Voluntary context switches: 1355
	Involuntary context switches: 240
	Swaps: 0
	File system inputs: 0
	File system outputs: 1192
	Socket messages sent: 0
	Socket messages received: 0
	Signals delivered: 0
	Page size (bytes): 4096
	Exit status: 0
LEAN_EXIT=0
7d3d0021ec2e4d088ff6d8c798dabbc212a4c40bef53eb0c6760e75fcc360594  /home/dombarker/project-offloads/aspis-higher-y.fMoMeX/overlay/MinimalMultiproofPaths.olean
OVERLAY_PROVENANCE_PASS=955
NATIVE_PACKAGE_CACHE_BOUNDARY=pinned revisions; not a replay of package compilation
PROVENANCE_UNCHANGED=true
