RESEARCH_PIN=51b78cbf7fadee4ec70328c86add7678a43f21da
BORROWED_SOURCE_PIN=26a9cd4718aae9f9de7ef1c3394fb74a229085d5
51b78cbf7fadee4ec70328c86add7678a43f21da
26a9cd4718aae9f9de7ef1c3394fb74a229085d5
Lean (version 4.32.0, arm64-apple-darwin24.6.0, commit 8c9756b28d64dab099da31a4c09229a9e6a2ef35, Release)
adccfea2cd5fc04d76c35da41eac5b6dbf2a6d97e95adc4a3d3b79713fc51983  /Users/dominic/ZK/.worktrees/ZK-v8-no-work-100-20260907/docs/research/v8-no-work-100-20260907/experiments/NearGammaMessageCover.lean
2ec3fce523b1f68e24fb380970796f15dd088b0034f24e0bcb303fe983b9583e  /Users/dominic/ZK/.worktrees/ZK-v8-no-work-100-20260907/docs/research/v8-no-work-100-20260907/experiments/run_near_gamma_selected_c1.sh
55ee2345729e8a4d379de3bce14ea18b14fbfdc259cf2653fadf4bf3a46876d8  /Users/dominic/ZK/AspisFormal/.lake/packages/mathlib/.lake/build/lib/lean/Mathlib/Tactic.olean
c053bc825124a58cbf650373eb8bab59aeef6dfa942c27ced31c63cd056ea6b3  /tmp/aspis-v8-near-gamma-cache/NearGammaSupport.olean
acc5be5c1a673e25e1a09a50f77b65258921c2248d45844729604a689fffbd34  /tmp/aspis-v8-near-gamma-cache/NearGammaCover.olean
ea30125723013a668e5d8adde093f3f2887c85d7bce1a0f7866657d9f21bd55b  /tmp/aspis-v8-near-gamma-cache/NearGammaOwnSupport.olean
ab6b1e709126f8f47dceb4181cdddd9060275763321b05c0b351958ce25e1dbb  /tmp/aspis-v8-near-gamma-cache/NearGammaArithmetic.olean
30bf2d300135a692eccf26d27eec0aa978abb713004d2a83635ab662451a0d3a  /tmp/aspis-v8-near-gamma-cache/NearGammaDichotomy.olean
4eda76950026ee3690bb26984f5ae8e59cdf3d87c9ccb8a94439cb4d1be0c780  /tmp/aspis-v8-joint-cache.n3hmg5/JointImageGame.olean
a7cc0d71c4151b203a4f423276f15bc9308891de9bdf8535e25af9598233710d  /Users/dominic/ZK/.worktrees/ZK-v8-no-work-100-20260907/docs/research/v8-no-work-100-20260907/experiments/NearGammaDichotomy.lean
30bf2d300135a692eccf26d27eec0aa978abb713004d2a83635ab662451a0d3a  /tmp/aspis-v8-near-gamma-cache/NearGammaDichotomy.olean
f8d06ad65042db80ff11c7f162d5cd4a512b9a00b89c3bdbe7dedb414edf4d6d  /Users/dominic/ZK/.worktrees/ZK-v8-no-work-100-20260907/docs/research/v8-no-work-100-20260907/experiments/EarlyC1Support.lean
47157d9fa29a1d31ec97192a739bdf3b0c802b70c6636c046c840004922b758e  /Users/dominic/ZK/.worktrees/ZK-v8-no-work-100-20260907/docs/research/v8-no-work-100-20260907/experiments/EarlyC1Support.olean
2cc2022aab42449d3bf7080fdfbd254a8c491c386015f40f07c5a1efec08036c  /Users/dominic/ZK/.worktrees/ZK-v8-no-work-100-20260907/docs/research/v8-no-work-100-20260907/experiments/NearGammaSupport.lean
c053bc825124a58cbf650373eb8bab59aeef6dfa942c27ced31c63cd056ea6b3  /tmp/aspis-v8-near-gamma-cache/NearGammaSupport.olean
ec5958c6f6522f148357be61f94e19d6b4bc1f2a9d03c2c4d02bb640963b1c27  /Users/dominic/ZK/.worktrees/ZK-v8-no-work-100-20260907/docs/research/v8-no-work-100-20260907/experiments/NearGammaCover.lean
acc5be5c1a673e25e1a09a50f77b65258921c2248d45844729604a689fffbd34  /tmp/aspis-v8-near-gamma-cache/NearGammaCover.olean
791898928981d536c7680a5fd27046260a4d24567ffea0c399ec5fc5a5607a4f  /Users/dominic/ZK/.worktrees/ZK-v8-no-work-100-20260907/docs/research/v8-no-work-100-20260907/experiments/NearGammaOwnSupport.lean
ea30125723013a668e5d8adde093f3f2887c85d7bce1a0f7866657d9f21bd55b  /tmp/aspis-v8-near-gamma-cache/NearGammaOwnSupport.olean
15274ecd7c5733046b85a9996ea14327fe22d4f620a73626f6e7b4349f66f371  /Users/dominic/ZK/.worktrees/ZK-v8-no-work-100-20260907/docs/research/v8-no-work-100-20260907/experiments/NearGammaArithmetic.lean
ab6b1e709126f8f47dceb4181cdddd9060275763321b05c0b351958ce25e1dbb  /tmp/aspis-v8-near-gamma-cache/NearGammaArithmetic.olean
746b466d3b5c258be8e8670e4cac47771e4dcd9223bc5828f5d803ab72fb8c1d  /Users/dominic/ZK/.worktrees/ZK-v8-no-work-100-20260907/docs/research/v8-no-work-100-20260907/experiments/JointImageGame.lean
4eda76950026ee3690bb26984f5ae8e59cdf3d87c9ccb8a94439cb4d1be0c780  /tmp/aspis-v8-joint-cache.n3hmg5/JointImageGame.olean
91d8d7a2d8e1ea832459a439482aa858e970cba1608ab7652bdfce3eede632d3  /Users/dominic/ZK/AspisFormal/AspisFormal/V5FriConcreteEncoderApplicability.lean
2ed1ef913f2baaeffd2e0ad289e750ba2b1e2c7282d783de8fedb8904464d8d6  /Users/dominic/ZK/AspisFormal/.lake/build/lib/lean/AspisFormal/V5FriConcreteEncoderApplicability.olean
bbf1448991e8e439db752fcd7c2f140dff7aeddae8c68953203b73c073e99271  /Users/dominic/ZK/AspisFormal/AspisFormal/CircleNaturalBasis.lean
a6b978a44e007a17224b9efb328bd4f3422be9055e405c769d83684b04c8ff87  /Users/dominic/ZK/AspisFormal/.lake/build/lib/lean/AspisFormal/CircleNaturalBasis.olean
2fd4d5d526436d7aa34e367e0d66f3bce70c0c21382ca9ec280f825f0f191244  /Users/dominic/ZK/AspisFormal/AspisFormal/V5FunctionalBatching.lean
14e39d296e473cb164a7a1353baa6e9cb28aaa3245e9ecc070001edbe8bf105c  /Users/dominic/ZK/AspisFormal/.lake/build/lib/lean/AspisFormal/V5FunctionalBatching.olean
1d91ec87e0276c06e2fa4a4cc69f8e32f2cdb9c010f5b3928a61701271623f03  /Users/dominic/ZK/AspisFormal/AspisFormal/V5FriConcreteEncoderCommutation.lean
4f9abb1d140d1688584342e48d204426fd446e766f6308976bc6b421a4ab97bb  /Users/dominic/ZK/AspisFormal/.lake/build/lib/lean/AspisFormal/V5FriConcreteEncoderCommutation.olean
53740fe4db3e4e691d6fc1e368ed2f273d09cbd11768765a5c196f750df36452  /Users/dominic/ZK/AspisFormal/AspisFormal/V5FriInitialListBound.lean
ce3ee8983bab47af82b65db792be432b2bd292f4fa5b6b5f648563764cd0c5da  /Users/dominic/ZK/AspisFormal/.lake/build/lib/lean/AspisFormal/V5FriInitialListBound.olean
0641318603afdaf3f1b1bf9b66c418da67049160973348468f4c3fafadefa4dd  /Users/dominic/ZK/AspisFormal/AspisFormal/V5FriNaturalBasisRadix4.lean
2efab3a993a7bff289730ab47ff963bda9a94a301e6fbc89af57b9044d989f31  /Users/dominic/ZK/AspisFormal/.lake/build/lib/lean/AspisFormal/V5FriNaturalBasisRadix4.olean
127ea451736936d8fb077e065efb7d49719af776b3782dc82af4b97076be3a9a  /Users/dominic/ZK/AspisFormal/AspisFormal/CircleNaturalBasisEval.lean
a1598ab895a808862c8ae3ea786b09c961cca67c252f7f305aba7a3b638cb124  /Users/dominic/ZK/AspisFormal/.lake/build/lib/lean/AspisFormal/CircleNaturalBasisEval.olean
765578d21962840ae1f5466cdf25e0fecb81884fe4e83caafc3dbb9f56577ef0  /Users/dominic/ZK/AspisFormal/AspisFormal/SoundnessLedger.lean
6357cd5e2e3dde9f3b2498b6f4051b9e007297445bd1c586d745889dcce25afb  /Users/dominic/ZK/AspisFormal/.lake/build/lib/lean/AspisFormal/SoundnessLedger.olean
a78ce6a73600105563c8274f460489463d91a7f4149ca2ce369a5373fdfe074f  /Users/dominic/ZK/AspisFormal/AspisFormal/V5FriCoherentCandidateExtraction.lean
f2437d2d3f16a1f819c1a716030737d0265d3723848e2cc85e7d0d424b84b243  /Users/dominic/ZK/AspisFormal/.lake/build/lib/lean/AspisFormal/V5FriCoherentCandidateExtraction.olean
584580d477b9462f4731035aef0d44b50e4cc30008c2f4046243fefadd147021  /Users/dominic/ZK/AspisFormal/AspisFormal/V5FriJohnsonListBound.lean
ae390e593dbd5ff604c3e7775719bf092012a551bfabacbd8748f8044d768ca8  /Users/dominic/ZK/AspisFormal/.lake/build/lib/lean/AspisFormal/V5FriJohnsonListBound.olean
47fe5848ecf996b47bd0241818e8620bdf2c8b270e9fa9b26d5221f256845bad  /Users/dominic/ZK/AspisFormal/AspisFormal/CircleFibreRoots.lean
b6a6661a35b17b15cf824d0ab2decebf19a1084f03b8d399ddc395b9d05340e3  /Users/dominic/ZK/AspisFormal/.lake/build/lib/lean/AspisFormal/CircleFibreRoots.olean
867bb6d90213c9b44caa9106538d2db8d8a55f5619934410bc632e7bd3bdf959  /Users/dominic/ZK/AspisFormal/AspisFormal/CircleGroupOrder.lean
39ea3fa6eb53446ecf6cd4a3856219165b247c4175cf79a28313a55958b15597  /Users/dominic/ZK/AspisFormal/.lake/build/lib/lean/AspisFormal/CircleGroupOrder.olean
bada16fd76a4eebeede8ef6c004db7af753966cd61b244abf2abc73470fbfbad  /Users/dominic/ZK/AspisFormal/AspisFormal/V5ComponentCConcreteFoldLinearity.lean
fa7658c4f3cd058cedebe0f696246b9b933532523c60c19b18bf87361bcebc3c  /Users/dominic/ZK/AspisFormal/.lake/build/lib/lean/AspisFormal/V5ComponentCConcreteFoldLinearity.olean
c2c620a4a49918e2a98c83aa1a5e8e8d41d6955dcc7c1b95f9193116dfd2c097  /Users/dominic/ZK/AspisFormal/AspisFormal/V5FriListCap.lean
20e429ca2ce279400aa2055ef206446ae36d95e31af221f4d958d9df16b756a5  /Users/dominic/ZK/AspisFormal/.lake/build/lib/lean/AspisFormal/V5FriListCap.olean
bb19968503af14c17ab76f1a91f52e92326a5f20a4da98a2f6c65bfb4a5ff0d5  /Users/dominic/ZK/AspisFormal/AspisFormal/V5WithoutReplacementQuerySoundness.lean
2498f029ae406fc5f495e259979f389df65bba4cd4baca5bbb5f7d4f8a0e22b1  /Users/dominic/ZK/AspisFormal/.lake/build/lib/lean/AspisFormal/V5WithoutReplacementQuerySoundness.olean
/Users/dominic/ZK/.worktrees/ZK-v8-no-work-100-20260907/docs/research/v8-no-work-100-20260907/experiments/NearGammaMessageCover.lean:20:0: warning: automatically included section variable(s) unused in theorem `AspisV8.NearGammaMessageCover.curve_coeff`:
  [DecidableEq K]
  [Fintype Pos]
  [DecidableEq Pos]
  [Fintype Slot]
  [DecidableEq Slot]
consider restructuring your `variable` declarations so that the variables are not in scope or explicitly omit them:
  omit [DecidableEq K] [Fintype Pos] [DecidableEq Pos] [Fintype Slot] [DecidableEq Slot] in theorem ...

Note: This linter can be disabled with `set_option linter.unusedSectionVars false`
/Users/dominic/ZK/.worktrees/ZK-v8-no-work-100-20260907/docs/research/v8-no-work-100-20260907/experiments/NearGammaMessageCover.lean:25:0: warning: automatically included section variable(s) unused in theorem `AspisV8.NearGammaMessageCover.curve_eval`:
  [DecidableEq K]
  [Fintype Pos]
  [DecidableEq Pos]
  [Fintype Slot]
  [DecidableEq Slot]
consider restructuring your `variable` declarations so that the variables are not in scope or explicitly omit them:
  omit [DecidableEq K] [Fintype Pos] [DecidableEq Pos] [Fintype Slot] [DecidableEq Slot] in theorem ...

Note: This linter can be disabled with `set_option linter.unusedSectionVars false`
/Users/dominic/ZK/.worktrees/ZK-v8-no-work-100-20260907/docs/research/v8-no-work-100-20260907/experiments/NearGammaMessageCover.lean:34:0: warning: automatically included section variable(s) unused in theorem `AspisV8.NearGammaMessageCover.curve_degree`:
  [DecidableEq K]
  [Fintype Pos]
  [DecidableEq Pos]
  [Fintype Slot]
  [DecidableEq Slot]
consider restructuring your `variable` declarations so that the variables are not in scope or explicitly omit them:
  omit [DecidableEq K] [Fintype Pos] [DecidableEq Pos] [Fintype Slot] [DecidableEq Slot] in theorem ...

Note: This linter can be disabled with `set_option linter.unusedSectionVars false`
/Users/dominic/ZK/.worktrees/ZK-v8-no-work-100-20260907/docs/research/v8-no-work-100-20260907/experiments/NearGammaMessageCover.lean:44:0: warning: automatically included section variable(s) unused in theorem `AspisV8.NearGammaMessageCover.encode_batch`:
  [DecidableEq K]
  [Fintype Pos]
  [DecidableEq Pos]
  [Fintype Slot]
  [DecidableEq Slot]
consider restructuring your `variable` declarations so that the variables are not in scope or explicitly omit them:
  omit [DecidableEq K] [Fintype Pos] [DecidableEq Pos] [Fintype Slot] [DecidableEq Slot] in theorem ...

Note: This linter can be disabled with `set_option linter.unusedSectionVars false`
/Users/dominic/ZK/.worktrees/ZK-v8-no-work-100-20260907/docs/research/v8-no-work-100-20260907/experiments/NearGammaMessageCover.lean:54:0: warning: automatically included section variable(s) unused in theorem `AspisV8.NearGammaMessageCover.range_overlap`:
  [DecidableEq Pos]
  [DecidableEq Slot]
consider restructuring your `variable` declarations so that the variables are not in scope or explicitly omit them:
  omit [DecidableEq Pos] [DecidableEq Slot] in theorem ...

Note: This linter can be disabled with `set_option linter.unusedSectionVars false`
'AspisV8.NearGammaMessageCover.curve_coeff' depends on axioms: [propext, Classical.choice, Quot.sound]
'AspisV8.NearGammaMessageCover.curve_eval' depends on axioms: [propext, Classical.choice, Quot.sound]
'AspisV8.NearGammaMessageCover.curve_degree' depends on axioms: [propext, Classical.choice, Quot.sound]
'AspisV8.NearGammaMessageCover.encode_batch' depends on axioms: [propext, Classical.choice, Quot.sound]
'AspisV8.NearGammaMessageCover.range_overlap' depends on axioms: [propext, Classical.choice, Quot.sound]
'AspisV8.NearGammaMessageCover.message_cover_dichotomy' depends on axioms: [propext, Classical.choice, Quot.sound]
        6.24 real         2.02 user         1.84 sys
          5644795904  maximum resident set size
                   0  average shared memory size
                   0  average unshared data size
                   0  average unshared stack size
              393175  page reclaims
               31188  page faults
                   0  swaps
                   0  block input operations
                   0  block output operations
                   0  messages sent
                   0  messages received
                   0  signals received
                2041  voluntary context switches
               33986  involuntary context switches
         40272553268  instructions retired
         14659650692  cycles elapsed
           874868976  peak memory footprint
LEAN_EXIT=0
3724783c5e212f9f8f62558706661f41232e6cbe13ec906f89b6a50e11eb4b96  /Users/dominic/ZK/.worktrees/ZK-v8-no-work-100-20260907/docs/research/v8-no-work-100-20260907/experiments/NearGammaMessageCover.olean
c053bc825124a58cbf650373eb8bab59aeef6dfa942c27ced31c63cd056ea6b3  /tmp/aspis-v8-near-gamma-cache/NearGammaSupport.olean
acc5be5c1a673e25e1a09a50f77b65258921c2248d45844729604a689fffbd34  /tmp/aspis-v8-near-gamma-cache/NearGammaCover.olean
ea30125723013a668e5d8adde093f3f2887c85d7bce1a0f7866657d9f21bd55b  /tmp/aspis-v8-near-gamma-cache/NearGammaOwnSupport.olean
ab6b1e709126f8f47dceb4181cdddd9060275763321b05c0b351958ce25e1dbb  /tmp/aspis-v8-near-gamma-cache/NearGammaArithmetic.olean
30bf2d300135a692eccf26d27eec0aa978abb713004d2a83635ab662451a0d3a  /tmp/aspis-v8-near-gamma-cache/NearGammaDichotomy.olean
4eda76950026ee3690bb26984f5ae8e59cdf3d87c9ccb8a94439cb4d1be0c780  /tmp/aspis-v8-joint-cache.n3hmg5/JointImageGame.olean
a7cc0d71c4151b203a4f423276f15bc9308891de9bdf8535e25af9598233710d  /Users/dominic/ZK/.worktrees/ZK-v8-no-work-100-20260907/docs/research/v8-no-work-100-20260907/experiments/NearGammaDichotomy.lean
30bf2d300135a692eccf26d27eec0aa978abb713004d2a83635ab662451a0d3a  /tmp/aspis-v8-near-gamma-cache/NearGammaDichotomy.olean
f8d06ad65042db80ff11c7f162d5cd4a512b9a00b89c3bdbe7dedb414edf4d6d  /Users/dominic/ZK/.worktrees/ZK-v8-no-work-100-20260907/docs/research/v8-no-work-100-20260907/experiments/EarlyC1Support.lean
47157d9fa29a1d31ec97192a739bdf3b0c802b70c6636c046c840004922b758e  /Users/dominic/ZK/.worktrees/ZK-v8-no-work-100-20260907/docs/research/v8-no-work-100-20260907/experiments/EarlyC1Support.olean
2cc2022aab42449d3bf7080fdfbd254a8c491c386015f40f07c5a1efec08036c  /Users/dominic/ZK/.worktrees/ZK-v8-no-work-100-20260907/docs/research/v8-no-work-100-20260907/experiments/NearGammaSupport.lean
c053bc825124a58cbf650373eb8bab59aeef6dfa942c27ced31c63cd056ea6b3  /tmp/aspis-v8-near-gamma-cache/NearGammaSupport.olean
ec5958c6f6522f148357be61f94e19d6b4bc1f2a9d03c2c4d02bb640963b1c27  /Users/dominic/ZK/.worktrees/ZK-v8-no-work-100-20260907/docs/research/v8-no-work-100-20260907/experiments/NearGammaCover.lean
acc5be5c1a673e25e1a09a50f77b65258921c2248d45844729604a689fffbd34  /tmp/aspis-v8-near-gamma-cache/NearGammaCover.olean
791898928981d536c7680a5fd27046260a4d24567ffea0c399ec5fc5a5607a4f  /Users/dominic/ZK/.worktrees/ZK-v8-no-work-100-20260907/docs/research/v8-no-work-100-20260907/experiments/NearGammaOwnSupport.lean
ea30125723013a668e5d8adde093f3f2887c85d7bce1a0f7866657d9f21bd55b  /tmp/aspis-v8-near-gamma-cache/NearGammaOwnSupport.olean
15274ecd7c5733046b85a9996ea14327fe22d4f620a73626f6e7b4349f66f371  /Users/dominic/ZK/.worktrees/ZK-v8-no-work-100-20260907/docs/research/v8-no-work-100-20260907/experiments/NearGammaArithmetic.lean
ab6b1e709126f8f47dceb4181cdddd9060275763321b05c0b351958ce25e1dbb  /tmp/aspis-v8-near-gamma-cache/NearGammaArithmetic.olean
746b466d3b5c258be8e8670e4cac47771e4dcd9223bc5828f5d803ab72fb8c1d  /Users/dominic/ZK/.worktrees/ZK-v8-no-work-100-20260907/docs/research/v8-no-work-100-20260907/experiments/JointImageGame.lean
4eda76950026ee3690bb26984f5ae8e59cdf3d87c9ccb8a94439cb4d1be0c780  /tmp/aspis-v8-joint-cache.n3hmg5/JointImageGame.olean
91d8d7a2d8e1ea832459a439482aa858e970cba1608ab7652bdfce3eede632d3  /Users/dominic/ZK/AspisFormal/AspisFormal/V5FriConcreteEncoderApplicability.lean
2ed1ef913f2baaeffd2e0ad289e750ba2b1e2c7282d783de8fedb8904464d8d6  /Users/dominic/ZK/AspisFormal/.lake/build/lib/lean/AspisFormal/V5FriConcreteEncoderApplicability.olean
bbf1448991e8e439db752fcd7c2f140dff7aeddae8c68953203b73c073e99271  /Users/dominic/ZK/AspisFormal/AspisFormal/CircleNaturalBasis.lean
a6b978a44e007a17224b9efb328bd4f3422be9055e405c769d83684b04c8ff87  /Users/dominic/ZK/AspisFormal/.lake/build/lib/lean/AspisFormal/CircleNaturalBasis.olean
2fd4d5d526436d7aa34e367e0d66f3bce70c0c21382ca9ec280f825f0f191244  /Users/dominic/ZK/AspisFormal/AspisFormal/V5FunctionalBatching.lean
14e39d296e473cb164a7a1353baa6e9cb28aaa3245e9ecc070001edbe8bf105c  /Users/dominic/ZK/AspisFormal/.lake/build/lib/lean/AspisFormal/V5FunctionalBatching.olean
1d91ec87e0276c06e2fa4a4cc69f8e32f2cdb9c010f5b3928a61701271623f03  /Users/dominic/ZK/AspisFormal/AspisFormal/V5FriConcreteEncoderCommutation.lean
4f9abb1d140d1688584342e48d204426fd446e766f6308976bc6b421a4ab97bb  /Users/dominic/ZK/AspisFormal/.lake/build/lib/lean/AspisFormal/V5FriConcreteEncoderCommutation.olean
53740fe4db3e4e691d6fc1e368ed2f273d09cbd11768765a5c196f750df36452  /Users/dominic/ZK/AspisFormal/AspisFormal/V5FriInitialListBound.lean
ce3ee8983bab47af82b65db792be432b2bd292f4fa5b6b5f648563764cd0c5da  /Users/dominic/ZK/AspisFormal/.lake/build/lib/lean/AspisFormal/V5FriInitialListBound.olean
0641318603afdaf3f1b1bf9b66c418da67049160973348468f4c3fafadefa4dd  /Users/dominic/ZK/AspisFormal/AspisFormal/V5FriNaturalBasisRadix4.lean
2efab3a993a7bff289730ab47ff963bda9a94a301e6fbc89af57b9044d989f31  /Users/dominic/ZK/AspisFormal/.lake/build/lib/lean/AspisFormal/V5FriNaturalBasisRadix4.olean
127ea451736936d8fb077e065efb7d49719af776b3782dc82af4b97076be3a9a  /Users/dominic/ZK/AspisFormal/AspisFormal/CircleNaturalBasisEval.lean
a1598ab895a808862c8ae3ea786b09c961cca67c252f7f305aba7a3b638cb124  /Users/dominic/ZK/AspisFormal/.lake/build/lib/lean/AspisFormal/CircleNaturalBasisEval.olean
765578d21962840ae1f5466cdf25e0fecb81884fe4e83caafc3dbb9f56577ef0  /Users/dominic/ZK/AspisFormal/AspisFormal/SoundnessLedger.lean
6357cd5e2e3dde9f3b2498b6f4051b9e007297445bd1c586d745889dcce25afb  /Users/dominic/ZK/AspisFormal/.lake/build/lib/lean/AspisFormal/SoundnessLedger.olean
a78ce6a73600105563c8274f460489463d91a7f4149ca2ce369a5373fdfe074f  /Users/dominic/ZK/AspisFormal/AspisFormal/V5FriCoherentCandidateExtraction.lean
f2437d2d3f16a1f819c1a716030737d0265d3723848e2cc85e7d0d424b84b243  /Users/dominic/ZK/AspisFormal/.lake/build/lib/lean/AspisFormal/V5FriCoherentCandidateExtraction.olean
584580d477b9462f4731035aef0d44b50e4cc30008c2f4046243fefadd147021  /Users/dominic/ZK/AspisFormal/AspisFormal/V5FriJohnsonListBound.lean
ae390e593dbd5ff604c3e7775719bf092012a551bfabacbd8748f8044d768ca8  /Users/dominic/ZK/AspisFormal/.lake/build/lib/lean/AspisFormal/V5FriJohnsonListBound.olean
47fe5848ecf996b47bd0241818e8620bdf2c8b270e9fa9b26d5221f256845bad  /Users/dominic/ZK/AspisFormal/AspisFormal/CircleFibreRoots.lean
b6a6661a35b17b15cf824d0ab2decebf19a1084f03b8d399ddc395b9d05340e3  /Users/dominic/ZK/AspisFormal/.lake/build/lib/lean/AspisFormal/CircleFibreRoots.olean
867bb6d90213c9b44caa9106538d2db8d8a55f5619934410bc632e7bd3bdf959  /Users/dominic/ZK/AspisFormal/AspisFormal/CircleGroupOrder.lean
39ea3fa6eb53446ecf6cd4a3856219165b247c4175cf79a28313a55958b15597  /Users/dominic/ZK/AspisFormal/.lake/build/lib/lean/AspisFormal/CircleGroupOrder.olean
bada16fd76a4eebeede8ef6c004db7af753966cd61b244abf2abc73470fbfbad  /Users/dominic/ZK/AspisFormal/AspisFormal/V5ComponentCConcreteFoldLinearity.lean
fa7658c4f3cd058cedebe0f696246b9b933532523c60c19b18bf87361bcebc3c  /Users/dominic/ZK/AspisFormal/.lake/build/lib/lean/AspisFormal/V5ComponentCConcreteFoldLinearity.olean
c2c620a4a49918e2a98c83aa1a5e8e8d41d6955dcc7c1b95f9193116dfd2c097  /Users/dominic/ZK/AspisFormal/AspisFormal/V5FriListCap.lean
20e429ca2ce279400aa2055ef206446ae36d95e31af221f4d958d9df16b756a5  /Users/dominic/ZK/AspisFormal/.lake/build/lib/lean/AspisFormal/V5FriListCap.olean
bb19968503af14c17ab76f1a91f52e92326a5f20a4da98a2f6c65bfb4a5ff0d5  /Users/dominic/ZK/AspisFormal/AspisFormal/V5WithoutReplacementQuerySoundness.lean
2498f029ae406fc5f495e259979f389df65bba4cd4baca5bbb5f7d4f8a0e22b1  /Users/dominic/ZK/AspisFormal/.lake/build/lib/lean/AspisFormal/V5WithoutReplacementQuerySoundness.olean
