REMOTE_TASK=/home/dombarker/project-offloads/aspis-higher-y.fMoMeX
TARGET=NestedCircleRouting
RESEARCH_PIN=289d7356c78a4cd493fe61a54f9548f2a0c11298
BORROWED_SOURCE_PIN=26a9cd4718aae9f9de7ef1c3394fb74a229085d5
Lean (version 4.32.0, x86_64-unknown-linux-gnu, commit 8c9756b28d64dab099da31a4c09229a9e6a2ef35, Release)
287b58fe497d7ab9890f2d04b16e1dcceba34ac694234e7599618e2ecdec3216  /home/dombarker/project-offloads/aspis-higher-y.fMoMeX/nested-circle-routing-nuc-v2-manifest.json
3ccf50c5385a54157804382f0ae921ed0cc2c3db246a86cd1c72f22c8e442813  /home/dombarker/project-offloads/aspis-higher-y.fMoMeX/overlay/NestedCircleRouting.lean
3ccf50c5385a54157804382f0ae921ed0cc2c3db246a86cd1c72f22c8e442813  /home/dombarker/project-offloads/aspis-higher-y.fMoMeX/nested-circle-routing-nuc-v2-source.txt
5780e61b4d286905ab912bb6ab8e103a20908f78c11bea415db40a5fad110e52  /home/dombarker/project-offloads/aspis-higher-y.fMoMeX/run_higher_y_nuc.sh
OVERLAY_PROVENANCE_PASS=869
NATIVE_PACKAGE_CACHE_BOUNDARY=pinned revisions; not a replay of package compilation
CGROUP=/user.slice/user-1000.slice/user@1000.service/app.slice/aspis-higher-y-nested-circle-routing-nuc-v2.scope
memory.high=8589934592
memory.max=10737418240
memory.swap.max=0
cpu.max=200000 100000
COMMAND=/home/dombarker/.elan/toolchains/leanprover--lean4---v4.32.0/bin/lean -j1 -M9500 -R /home/dombarker/project-offloads/aspis-higher-y.fMoMeX/overlay -o /home/dombarker/project-offloads/aspis-higher-y.fMoMeX/overlay/NestedCircleRouting.olean /home/dombarker/project-offloads/aspis-higher-y.fMoMeX/overlay/NestedCircleRouting.lean
/home/dombarker/project-offloads/aspis-higher-y.fMoMeX/overlay/NestedCircleRouting.lean:153:26: error: Tactic `rfl` failed: The left-hand side
  some value✝
is not definitionally equal to the right-hand side
  if
      0 < blocksNeededForWords value✝¹.wordsUsed ∧
        blocksNeededForWords value✝¹.wordsUsed ≤ 4 ∧ blocksNeededForWords value✝¹.wordsUsed ≤ rest.length + 1 then
    some
      { value := encodeQm31Limbs value✝¹.limbs, limbs := value✝¹.limbs, wordsUsed := value✝¹.wordsUsed,
        blocksUsed := blocksNeededForWords value✝¹.wordsUsed,
        remainingBlocks := List.drop (blocksNeededForWords value✝¹.wordsUsed) (block :: rest) }
  else none

case h_1
block : Digest256
rest : List Digest256
value✝¹ : FourLimbDecode
status : limbsStatus 4 (flattenedWords (block :: rest)) = PrefixStatus.accepted value✝¹
limbs : some value✝¹ = decodeLimbs 4 (flattenedWords (block :: rest))
x✝ : PrefixStatus OrdinaryPrefixDecode
value✝ : OrdinaryPrefixDecode
heq✝ :
  (if
        0 < blocksNeededForWords value✝¹.wordsUsed ∧
          blocksNeededForWords value✝¹.wordsUsed ≤ 4 ∧ blocksNeededForWords value✝¹.wordsUsed ≤ rest.length + 1 then
      PrefixStatus.accepted
        { value := encodeQm31Limbs value✝¹.limbs, limbs := value✝¹.limbs, wordsUsed := value✝¹.wordsUsed,
          blocksUsed := blocksNeededForWords value✝¹.wordsUsed,
          remainingBlocks := List.drop (blocksNeededForWords value✝¹.wordsUsed) (block :: rest) }
    else PrefixStatus.layoutFailure) =
    PrefixStatus.accepted value✝
⊢ some value✝ =
    if
        0 < blocksNeededForWords value✝¹.wordsUsed ∧
          blocksNeededForWords value✝¹.wordsUsed ≤ 4 ∧ blocksNeededForWords value✝¹.wordsUsed ≤ rest.length + 1 then
      some
        { value := encodeQm31Limbs value✝¹.limbs, limbs := value✝¹.limbs, wordsUsed := value✝¹.wordsUsed,
          blocksUsed := blocksNeededForWords value✝¹.wordsUsed,
          remainingBlocks := List.drop (blocksNeededForWords value✝¹.wordsUsed) (block :: rest) }
    else none
/home/dombarker/project-offloads/aspis-higher-y.fMoMeX/overlay/NestedCircleRouting.lean:153:26: error: Tactic `rfl` failed: The left-hand side
  none
is not definitionally equal to the right-hand side
  if
      0 < blocksNeededForWords value✝.wordsUsed ∧
        blocksNeededForWords value✝.wordsUsed ≤ 4 ∧ blocksNeededForWords value✝.wordsUsed ≤ rest.length + 1 then
    some
      { value := encodeQm31Limbs value✝.limbs, limbs := value✝.limbs, wordsUsed := value✝.wordsUsed,
        blocksUsed := blocksNeededForWords value✝.wordsUsed,
        remainingBlocks := List.drop (blocksNeededForWords value✝.wordsUsed) (block :: rest) }
  else none

case h_2
block : Digest256
rest : List Digest256
value✝ : FourLimbDecode
status : limbsStatus 4 (flattenedWords (block :: rest)) = PrefixStatus.accepted value✝
limbs : some value✝ = decodeLimbs 4 (flattenedWords (block :: rest))
x✝¹ : PrefixStatus OrdinaryPrefixDecode
x✝ :
  ∀ (value : OrdinaryPrefixDecode),
    (if
            0 < blocksNeededForWords value✝.wordsUsed ∧
              blocksNeededForWords value✝.wordsUsed ≤ 4 ∧ blocksNeededForWords value✝.wordsUsed ≤ rest.length + 1 then
          PrefixStatus.accepted
            { value := encodeQm31Limbs value✝.limbs, limbs := value✝.limbs, wordsUsed := value✝.wordsUsed,
              blocksUsed := blocksNeededForWords value✝.wordsUsed,
              remainingBlocks := List.drop (blocksNeededForWords value✝.wordsUsed) (block :: rest) }
        else PrefixStatus.layoutFailure) =
        PrefixStatus.accepted value →
      False
⊢ none =
    if
        0 < blocksNeededForWords value✝.wordsUsed ∧
          blocksNeededForWords value✝.wordsUsed ≤ 4 ∧ blocksNeededForWords value✝.wordsUsed ≤ rest.length + 1 then
      some
        { value := encodeQm31Limbs value✝.limbs, limbs := value✝.limbs, wordsUsed := value✝.wordsUsed,
          blocksUsed := blocksNeededForWords value✝.wordsUsed,
          remainingBlocks := List.drop (blocksNeededForWords value✝.wordsUsed) (block :: rest) }
    else none
'AspisV8.NestedCircleRouting.limbStatus_forget' depends on axioms: [propext]
'AspisV8.NestedCircleRouting.limb_hard_failure_append' depends on axioms: [propext]
'AspisV8.NestedCircleRouting.limbsStatus_forget' depends on axioms: [propext]
'AspisV8.NestedCircleRouting.ordinaryStatus_forget' depends on axioms: [propext, sorryAx, Quot.sound]
'AspisV8.NestedCircleRouting.ordinary_source_tail' depends on axioms: [propext, Quot.sound]
'AspisV8.NestedCircleRouting.ordinary_cursor_tail' depends on axioms: [propext, Quot.sound]
'AspisV8.NestedCircleRouting.slot_card' depends on axioms: [propext, Classical.choice, Quot.sound]
'AspisV8.NestedCircleRouting.hard_failure_aborts_first' depends on axioms: [propext, Classical.choice, Quot.sound]
'AspisV8.NestedCircleRouting.hard_failure_aborts_second' depends on axioms: [propext, Classical.choice, Quot.sound]
'AspisV8.NestedCircleRouting.halted_padding' depends on axioms: [propext, Classical.choice, Quot.sound]
Command exited with non-zero status 1
	Command being timed: "/home/dombarker/.elan/toolchains/leanprover--lean4---v4.32.0/bin/lean -j1 -M9500 -R /home/dombarker/project-offloads/aspis-higher-y.fMoMeX/overlay -o /home/dombarker/project-offloads/aspis-higher-y.fMoMeX/overlay/NestedCircleRouting.olean /home/dombarker/project-offloads/aspis-higher-y.fMoMeX/overlay/NestedCircleRouting.lean"
	User time (seconds): 2.42
	System time (seconds): 0.99
	Percent of CPU this job got: 100%
	Elapsed (wall clock) time (h:mm:ss or m:ss): 0:03.39
	Average shared text size (kbytes): 0
	Average unshared data size (kbytes): 0
	Average stack size (kbytes): 0
	Average total size (kbytes): 0
	Maximum resident set size (kbytes): 6658732
	Average resident set size (kbytes): 0
	Major (requiring I/O) page faults: 0
	Minor (reclaiming a frame) page faults: 139784
	Voluntary context switches: 1263
	Involuntary context switches: 160
	Swaps: 0
	File system inputs: 0
	File system outputs: 0
	Socket messages sent: 0
	Socket messages received: 0
	Signals delivered: 0
	Page size (bytes): 4096
	Exit status: 1
LEAN_EXIT=1
