REMOTE_TASK=/home/dombarker/project-offloads/aspis-higher-y.fMoMeX
TARGET=NestedCircleRunRefinement
RESEARCH_PIN=289d7356c78a4cd493fe61a54f9548f2a0c11298
BORROWED_SOURCE_PIN=26a9cd4718aae9f9de7ef1c3394fb74a229085d5
Lean (version 4.32.0, x86_64-unknown-linux-gnu, commit 8c9756b28d64dab099da31a4c09229a9e6a2ef35, Release)
bc22d17b3850134b4cfd297bf29fdb055fe0aa8a2199bb19ebae5b274c240fd9  /home/dombarker/project-offloads/aspis-higher-y.fMoMeX/nested-circle-run-refinement-nuc-v2-manifest.json
eb96292716d7113f21a8ccaa22f1605f12a9d4a8595670a5db963d52ab8348bd  /home/dombarker/project-offloads/aspis-higher-y.fMoMeX/overlay/NestedCircleRunRefinement.lean
eb96292716d7113f21a8ccaa22f1605f12a9d4a8595670a5db963d52ab8348bd  /home/dombarker/project-offloads/aspis-higher-y.fMoMeX/nested-circle-run-refinement-nuc-v2-source.txt
5780e61b4d286905ab912bb6ab8e103a20908f78c11bea415db40a5fad110e52  /home/dombarker/project-offloads/aspis-higher-y.fMoMeX/run_higher_y_nuc.sh
OVERLAY_PROVENANCE_PASS=883
NATIVE_PACKAGE_CACHE_BOUNDARY=pinned revisions; not a replay of package compilation
CGROUP=/user.slice/user-1000.slice/user@1000.service/app.slice/aspis-higher-y-nested-circle-run-refinement-nuc-v2.scope
memory.high=8589934592
memory.max=10737418240
memory.swap.max=0
cpu.max=200000 100000
COMMAND=/home/dombarker/.elan/toolchains/leanprover--lean4---v4.32.0/bin/lean -j1 -M9500 -R /home/dombarker/project-offloads/aspis-higher-y.fMoMeX/overlay -o /home/dombarker/project-offloads/aspis-higher-y.fMoMeX/overlay/NestedCircleRunRefinement.olean /home/dombarker/project-offloads/aspis-higher-y.fMoMeX/overlay/NestedCircleRunRefinement.lean
'AspisV8.NestedCircleRunRefinement.secondSource_succ' depends on axioms: [propext, Classical.choice, Quot.sound]
'AspisV8.NestedCircleRunRefinement.firstSource_failure' depends on axioms: [propext, Classical.choice, Quot.sound]
'AspisV8.NestedCircleRunRefinement.innerSource_failure' depends on axioms: [propext, Classical.choice, Quot.sound]
'AspisV8.NestedCircleRunRefinement.firstSource_step' depends on axioms: [propext, Classical.choice, Quot.sound]
'AspisV8.NestedCircleRunRefinement.innerSource_step' depends on axioms: [propext, Classical.choice, Quot.sound]
'AspisV8.NestedCircleRunRefinement.first_ordinary_step' depends on axioms: [propext, Classical.choice, Quot.sound]
'AspisV8.NestedCircleRunRefinement.second_ordinary_step' depends on axioms: [propext, Classical.choice, Quot.sound]
'AspisV8.NestedCircleRunRefinement.afterOrdinary_remaining' depends on axioms: [propext, Classical.choice, Quot.sound]
'AspisV8.NestedCircleRunRefinement.afterOrdinary_ready' depends on axioms: [propext, Classical.choice, Quot.sound]
'AspisV8.NestedCircleRunRefinement.afterAnswer_ready' depends on axioms: [propext, Classical.choice, Quot.sound]
'AspisV8.NestedCircleRunRefinement.hard_on_unread' depends on axioms: [propext, Quot.sound]
'AspisV8.NestedCircleRunRefinement.accepted_on_unread' depends on axioms: [propext, Classical.choice, Quot.sound]
'AspisV8.NestedCircleRunRefinement.one_block_preserves' depends on axioms: [propext, Classical.choice, Quot.sound]
'AspisV8.NestedCircleRunRefinement.empty_interpret' depends on axioms: [propext, Classical.choice, Quot.sound]
'AspisV8.NestedCircleRunRefinement.run_refines' depends on axioms: [propext, Classical.choice, Quot.sound]
'AspisV8.NestedCircleRunRefinement.source_pair_refines' depends on axioms: [propext, Classical.choice, Quot.sound]
'AspisV8.NestedCircleRunRefinement.accepted_iff' depends on axioms: [propext, Classical.choice, Quot.sound]
'AspisV8.NestedCircleRunRefinement.abort_implies_source_none' depends on axioms: [propext, Classical.choice, Quot.sound]
	Command being timed: "/home/dombarker/.elan/toolchains/leanprover--lean4---v4.32.0/bin/lean -j1 -M9500 -R /home/dombarker/project-offloads/aspis-higher-y.fMoMeX/overlay -o /home/dombarker/project-offloads/aspis-higher-y.fMoMeX/overlay/NestedCircleRunRefinement.olean /home/dombarker/project-offloads/aspis-higher-y.fMoMeX/overlay/NestedCircleRunRefinement.lean"
	User time (seconds): 2.70
	System time (seconds): 1.03
	Percent of CPU this job got: 100%
	Elapsed (wall clock) time (h:mm:ss or m:ss): 0:03.73
	Average shared text size (kbytes): 0
	Average unshared data size (kbytes): 0
	Average stack size (kbytes): 0
	Average total size (kbytes): 0
	Maximum resident set size (kbytes): 6691184
	Average resident set size (kbytes): 0
	Major (requiring I/O) page faults: 0
	Minor (reclaiming a frame) page faults: 140229
	Voluntary context switches: 1177
	Involuntary context switches: 174
	Swaps: 0
	File system inputs: 0
	File system outputs: 1416
	Socket messages sent: 0
	Socket messages received: 0
	Signals delivered: 0
	Page size (bytes): 4096
	Exit status: 0
LEAN_EXIT=0
6207695054996c0d73f35873fc4453d68eba082ef7bce7e332dbb1175ea4e170  /home/dombarker/project-offloads/aspis-higher-y.fMoMeX/overlay/NestedCircleRunRefinement.olean
OVERLAY_PROVENANCE_PASS=883
NATIVE_PACKAGE_CACHE_BOUNDARY=pinned revisions; not a replay of package compilation
PROVENANCE_UNCHANGED=true
