REMOTE_TASK=/home/dombarker/project-offloads/aspis-higher-y.fMoMeX
TARGET=NestedCircleStatusRefinement
RESEARCH_PIN=289d7356c78a4cd493fe61a54f9548f2a0c11298
BORROWED_SOURCE_PIN=26a9cd4718aae9f9de7ef1c3394fb74a229085d5
Lean (version 4.32.0, x86_64-unknown-linux-gnu, commit 8c9756b28d64dab099da31a4c09229a9e6a2ef35, Release)
9963e355a2cdfb618a2173042489a65338ec85abef880112f04f78d3f85ca08c  /home/dombarker/project-offloads/aspis-higher-y.fMoMeX/nested-circle-status-refinement-nuc-v2-manifest.json
4864d2cda4e7ec3196d2c4ca4b084e17a59e66c9ab4800e4747bc8612d2f3c21  /home/dombarker/project-offloads/aspis-higher-y.fMoMeX/overlay/NestedCircleStatusRefinement.lean
4864d2cda4e7ec3196d2c4ca4b084e17a59e66c9ab4800e4747bc8612d2f3c21  /home/dombarker/project-offloads/aspis-higher-y.fMoMeX/nested-circle-status-refinement-nuc-v2-source.txt
5780e61b4d286905ab912bb6ab8e103a20908f78c11bea415db40a5fad110e52  /home/dombarker/project-offloads/aspis-higher-y.fMoMeX/run_higher_y_nuc.sh
OVERLAY_PROVENANCE_PASS=879
NATIVE_PACKAGE_CACHE_BOUNDARY=pinned revisions; not a replay of package compilation
CGROUP=/user.slice/user-1000.slice/user@1000.service/app.slice/aspis-higher-y-nested-circle-status-refinement-nuc-v2.scope
memory.high=8589934592
memory.max=10737418240
memory.swap.max=0
cpu.max=200000 100000
COMMAND=/home/dombarker/.elan/toolchains/leanprover--lean4---v4.32.0/bin/lean -j1 -M9500 -R /home/dombarker/project-offloads/aspis-higher-y.fMoMeX/overlay -o /home/dombarker/project-offloads/aspis-higher-y.fMoMeX/overlay/NestedCircleStatusRefinement.olean /home/dombarker/project-offloads/aspis-higher-y.fMoMeX/overlay/NestedCircleStatusRefinement.lean
'AspisV8.NestedCircleStatusRefinement.accepted_of_forget' depends on axioms: [propext]
'AspisV8.NestedCircleStatusRefinement.limb_no_layout' depends on axioms: [propext]
'AspisV8.NestedCircleStatusRefinement.limb_needMore_short' depends on axioms: [propext, Classical.choice, Quot.sound]
'AspisV8.NestedCircleStatusRefinement.limb_success_append' depends on axioms: [propext]
'AspisV8.NestedCircleStatusRefinement.limbs_no_layout' depends on axioms: [propext]
'AspisV8.NestedCircleStatusRefinement.limbs_hard_failure_append' depends on axioms: [propext]
'AspisV8.NestedCircleStatusRefinement.limbs_needMore_short' depends on axioms: [propext, Classical.choice, Quot.sound]
'AspisV8.NestedCircleStatusRefinement.ordinary_guard_of_limbs' depends on axioms: [propext,
 Classical.choice,
 Quot.sound]
'AspisV8.NestedCircleStatusRefinement.ordinary_no_layout' depends on axioms: [propext, Classical.choice, Quot.sound]
'AspisV8.NestedCircleStatusRefinement.ordinary_hard_failure_append' depends on axioms: [propext, Quot.sound]
'AspisV8.NestedCircleStatusRefinement.ordinary_needMore_short' depends on axioms: [propext,
 Classical.choice,
 Quot.sound]
'AspisV8.NestedCircleStatusRefinement.ordinary_strict_prefix_needMore' depends on axioms: [propext,
 Classical.choice,
 Quot.sound]
'AspisV8.NestedCircleStatusRefinement.ordinary_next_accept_empty' depends on axioms: [propext,
 Classical.choice,
 Quot.sound]
'AspisV8.NestedCircleStatusRefinement.ordinary_four_blocks_decisive' depends on axioms: [propext,
 Classical.choice,
 Quot.sound]
	Command being timed: "/home/dombarker/.elan/toolchains/leanprover--lean4---v4.32.0/bin/lean -j1 -M9500 -R /home/dombarker/project-offloads/aspis-higher-y.fMoMeX/overlay -o /home/dombarker/project-offloads/aspis-higher-y.fMoMeX/overlay/NestedCircleStatusRefinement.olean /home/dombarker/project-offloads/aspis-higher-y.fMoMeX/overlay/NestedCircleStatusRefinement.lean"
	User time (seconds): 2.06
	System time (seconds): 0.98
	Percent of CPU this job got: 99%
	Elapsed (wall clock) time (h:mm:ss or m:ss): 0:03.05
	Average shared text size (kbytes): 0
	Average unshared data size (kbytes): 0
	Average stack size (kbytes): 0
	Average total size (kbytes): 0
	Maximum resident set size (kbytes): 6678708
	Average resident set size (kbytes): 0
	Major (requiring I/O) page faults: 0
	Minor (reclaiming a frame) page faults: 139839
	Voluntary context switches: 503
	Involuntary context switches: 164
	Swaps: 0
	File system inputs: 0
	File system outputs: 760
	Socket messages sent: 0
	Socket messages received: 0
	Signals delivered: 0
	Page size (bytes): 4096
	Exit status: 0
LEAN_EXIT=0
637eeb7721c1b77841feb5de21f597418476b14cf3a3c990e249e000d7a297c7  /home/dombarker/project-offloads/aspis-higher-y.fMoMeX/overlay/NestedCircleStatusRefinement.olean
OVERLAY_PROVENANCE_PASS=879
NATIVE_PACKAGE_CACHE_BOUNDARY=pinned revisions; not a replay of package compilation
PROVENANCE_UNCHANGED=true
