REMOTE_TASK=/home/dombarker/project-offloads/aspis-higher-y.fMoMeX
TARGET=NestedCircleMass
RESEARCH_PIN=289d7356c78a4cd493fe61a54f9548f2a0c11298
BORROWED_SOURCE_PIN=26a9cd4718aae9f9de7ef1c3394fb74a229085d5
Lean (version 4.32.0, x86_64-unknown-linux-gnu, commit 8c9756b28d64dab099da31a4c09229a9e6a2ef35, Release)
ee44fb9f67f13908cf6a5fbcd57f1faeb76fbb6c69e95abea6f17de8a08aa64c  /home/dombarker/project-offloads/aspis-higher-y.fMoMeX/nested-circle-mass-nuc-v1-manifest.json
06caedc498e9bdc148d1078bf8223e4b8508c013696c57304152223b35093f18  /home/dombarker/project-offloads/aspis-higher-y.fMoMeX/overlay/NestedCircleMass.lean
06caedc498e9bdc148d1078bf8223e4b8508c013696c57304152223b35093f18  /home/dombarker/project-offloads/aspis-higher-y.fMoMeX/nested-circle-mass-nuc-v1-source.txt
5780e61b4d286905ab912bb6ab8e103a20908f78c11bea415db40a5fad110e52  /home/dombarker/project-offloads/aspis-higher-y.fMoMeX/run_higher_y_nuc.sh
OVERLAY_PROVENANCE_PASS=877
NATIVE_PACKAGE_CACHE_BOUNDARY=pinned revisions; not a replay of package compilation
CGROUP=/user.slice/user-1000.slice/user@1000.service/app.slice/aspis-higher-y-nested-circle-mass-nuc-v1.scope
memory.high=8589934592
memory.max=10737418240
memory.swap.max=0
cpu.max=200000 100000
COMMAND=/home/dombarker/.elan/toolchains/leanprover--lean4---v4.32.0/bin/lean -j1 -M9500 -R /home/dombarker/project-offloads/aspis-higher-y.fMoMeX/overlay -o /home/dombarker/project-offloads/aspis-higher-y.fMoMeX/overlay/NestedCircleMass.olean /home/dombarker/project-offloads/aspis-higher-y.fMoMeX/overlay/NestedCircleMass.lean
/home/dombarker/project-offloads/aspis-higher-y.fMoMeX/overlay/NestedCircleMass.lean:44:0: warning: automatically included section variable(s) unused in theorem `AspisV8.NestedCircleMass.Generic.pay_congr`:
  [DecidableEq V]
consider restructuring your `variable` declarations so that the variables are not in scope or explicitly omit them:
  omit [DecidableEq V] in theorem ...

Note: This linter can be disabled with `set_option linter.unusedSectionVars false`
/home/dombarker/project-offloads/aspis-higher-y.fMoMeX/overlay/NestedCircleMass.lean:51:0: warning: automatically included section variable(s) unused in theorem `AspisV8.NestedCircleMass.Generic.pay_add`:
  [DecidableEq V]
consider restructuring your `variable` declarations so that the variables are not in scope or explicitly omit them:
  omit [DecidableEq V] in theorem ...

Note: This linter can be disabled with `set_option linter.unusedSectionVars false`
/home/dombarker/project-offloads/aspis-higher-y.fMoMeX/overlay/NestedCircleMass.lean:69:0: warning: automatically included section variable(s) unused in theorem `AspisV8.NestedCircleMass.Generic.pay_scale`:
  [DecidableEq V]
consider restructuring your `variable` declarations so that the variables are not in scope or explicitly omit them:
  omit [DecidableEq V] in theorem ...

Note: This linter can be disabled with `set_option linter.unusedSectionVars false`
/home/dombarker/project-offloads/aspis-higher-y.fMoMeX/overlay/NestedCircleMass.lean:103:0: warning: automatically included section variable(s) unused in theorem `AspisV8.NestedCircleMass.Generic.avg_sum`:
  [DecidableEq V]
consider restructuring your `variable` declarations so that the variables are not in scope or explicitly omit them:
  omit [DecidableEq V] in theorem ...

Note: This linter can be disabled with `set_option linter.unusedSectionVars false`
/home/dombarker/project-offloads/aspis-higher-y.fMoMeX/overlay/NestedCircleMass.lean:125:2: error: `simp` made no progress
/home/dombarker/project-offloads/aspis-higher-y.fMoMeX/overlay/NestedCircleMass.lean:123:28: warning: This simp argument is unused:
  eq_comm

Hint: Omit it from the simp argument list.
  simp [atom, result,̵ ̵e̵q̵_̵c̵o̵m̵m̵]

Note: This linter can be disabled with `set_option linter.unusedSimpArgs false`
/home/dombarker/project-offloads/aspis-higher-y.fMoMeX/overlay/NestedCircleMass.lean:138:14: error: Tactic `rfl` failed: The left-hand side
  reject draw accept h coin
is not definitionally equal to the right-hand side
  match none with
  | none => 0
  | some (v, snd) => if v ∈ {v | ¬accept v} then 1 else 0

case none
O : Type u_1
H : Type u_2
V : Type u_3
inst✝² : DecidableEq V
inst✝¹ : Fintype V
coins : Finset O
draw : H → O → Option (V × H)
accept : V → Prop
inst✝ : DecidablePred accept
u : ℚ
law : Uniform coins draw u
h : H
bound :
  (avg coins fun coin =>
      match draw h coin with
      | none => 0
      | some (v, snd) => if v ∈ {v | ¬accept v} then 1 else 0) =
    ↑(#{v | ¬accept v}) * u
coin : O
result : draw h coin = none
⊢ reject draw accept h coin =
    match none with
    | none => 0
    | some (v, snd) => if v ∈ {v | ¬accept v} then 1 else 0
/home/dombarker/project-offloads/aspis-higher-y.fMoMeX/overlay/NestedCircleMass.lean:152:14: error: Tactic `rfl` failed: The left-hand side
  hit draw accept h target coin
is not definitionally equal to the right-hand side
  atom draw h target coin

case none
O : Type u_1
H : Type u_2
V : Type u_3
inst✝¹ : DecidableEq V
coins : Finset O
draw : H → O → Option (V × H)
accept : V → Prop
inst✝ : DecidablePred accept
target : V
accepted : accept target
u : ℚ
law : Uniform coins draw u
h : H
coin : O
result : draw h coin = none
⊢ hit draw accept h target coin = atom draw h target coin
/home/dombarker/project-offloads/aspis-higher-y.fMoMeX/overlay/NestedCircleMass.lean:187:10: error: unsolved goals
case pos
O : Type u_1
H : Type u_2
V : Type u_3
inst✝¹ : DecidableEq V
coins : Finset O
draw : H → O → Option (V × H)
accept : V → Prop
inst✝ : DecidablePred accept
first target : V
different : first ≠ target
w : ℚ
firstLaw : ∀ (h : H), mass coins draw accept 3 h first = w
targetLaw : ∀ (h : H), mass coins draw accept 3 h target = w
n : ℕ
ih : ∀ (h : H), distinct coins draw accept first target n h = w * geometric n w
h next : H
⊢ (if True then w * geometric n w else 0) = (if True then 1 else 0) * (w * geometric n w)
/home/dombarker/project-offloads/aspis-higher-y.fMoMeX/overlay/NestedCircleMass.lean:187:32: warning: This simp argument is unused:
  if_pos rfl

Hint: Omit it from the simp argument list.
  simp only [if_p̵o̵s̵ ̵r̵f̵l̵,̵ ̵i̵f̵_̵neg different, zero_add, one_mul, ih]

Note: This linter can be disabled with `set_option linter.unusedSimpArgs false`
/home/dombarker/project-offloads/aspis-higher-y.fMoMeX/overlay/NestedCircleMass.lean:187:72: warning: This simp argument is unused:
  one_mul

Hint: Omit it from the simp argument list.
  simp only [if_pos rfl, if_neg different, zero_add, o̵n̵e̵_̵m̵u̵l̵,̵ ̵ih]

Note: This linter can be disabled with `set_option linter.unusedSimpArgs false`
/home/dombarker/project-offloads/aspis-higher-y.fMoMeX/overlay/NestedCircleMass.lean:305:44: error(lean.unknownIdentifier): Unknown constant `Option.none_ne_some`
/home/dombarker/project-offloads/aspis-higher-y.fMoMeX/overlay/NestedCircleMass.lean:305:44: error(lean.unknownIdentifier): Unknown constant `Option.none_ne_some`
/home/dombarker/project-offloads/aspis-higher-y.fMoMeX/overlay/NestedCircleMass.lean:301:82: error: unsolved goals
case none
H : Type u_2
update : H → OrdinaryPrefixMass.FourBlocks → QM31Exact → H
h : H
target : QM31Exact
coin : OrdinaryPrefixMass.FourBlocks
result : OrdinaryPrefixMass.value coin = none
⊢ 0 = if none = some target then 1 else 0
/home/dombarker/project-offloads/aspis-higher-y.fMoMeX/overlay/NestedCircleMass.lean:305:65: warning: This simp argument is unused:
  if_false

Hint: Omit it from the simp argument list.
  simp only [Generic.atom, decodedOrdinary, result, Option.map_none,
  ̵  ̵ ̵ ̵ ̵ ̵ ̵ ̵Option.map_some,
  ̲  ̲ ̲ ̲ ̲ ̲ ̲ ̲Option.some.injEq, Option.none_ne_some,̵ ̵i̵f̵_̵f̵a̵l̵s̵e̵]

Note: This linter can be disabled with `set_option linter.unusedSimpArgs false`
'AspisV8.NestedCircleMass.Generic.pay_target' depends on axioms: [propext, Classical.choice, Quot.sound]
'AspisV8.NestedCircleMass.Generic.event_mass' depends on axioms: [propext, sorryAx, Classical.choice, Quot.sound]
'AspisV8.NestedCircleMass.Generic.reject_mass' depends on axioms: [propext, sorryAx, Classical.choice, Quot.sound]
'AspisV8.NestedCircleMass.Generic.distinct_eq' depends on axioms: [propext, sorryAx, Classical.choice, Quot.sound]
'AspisV8.NestedCircleMass.Generic.ordered_pair_eq' depends on axioms: [propext, sorryAx, Classical.choice, Quot.sound]
'AspisV8.NestedCircleMass.excluded_card' depends on axioms: [propext, Classical.choice, Quot.sound]
'AspisV8.NestedCircleMass.circle_mass' depends on axioms: [propext, sorryAx, Classical.choice, Quot.sound]
'AspisV8.NestedCircleMass.ordered_parameter_mass' depends on axioms: [propext, sorryAx, Classical.choice, Quot.sound]
'AspisV8.NestedCircleMass.ordered_pair_mass_constant' depends on axioms: [propext,
 sorryAx,
 Classical.choice,
 Quot.sound]
'AspisV8.NestedCircleMass.successful_point_eq_iff' depends on axioms: [propext, Classical.choice, Quot.sound]
'AspisV8.NestedCircleMass.decoded_ordinary_uniform' depends on axioms: [propext, sorryAx, Classical.choice, Quot.sound]
Command exited with non-zero status 1
	Command being timed: "/home/dombarker/.elan/toolchains/leanprover--lean4---v4.32.0/bin/lean -j1 -M9500 -R /home/dombarker/project-offloads/aspis-higher-y.fMoMeX/overlay -o /home/dombarker/project-offloads/aspis-higher-y.fMoMeX/overlay/NestedCircleMass.olean /home/dombarker/project-offloads/aspis-higher-y.fMoMeX/overlay/NestedCircleMass.lean"
	User time (seconds): 2.15
	System time (seconds): 1.01
	Percent of CPU this job got: 100%
	Elapsed (wall clock) time (h:mm:ss or m:ss): 0:03.15
	Average shared text size (kbytes): 0
	Average unshared data size (kbytes): 0
	Average stack size (kbytes): 0
	Average total size (kbytes): 0
	Maximum resident set size (kbytes): 6821956
	Average resident set size (kbytes): 0
	Major (requiring I/O) page faults: 0
	Minor (reclaiming a frame) page faults: 141455
	Voluntary context switches: 1061
	Involuntary context switches: 192
	Swaps: 0
	File system inputs: 0
	File system outputs: 0
	Socket messages sent: 0
	Socket messages received: 0
	Signals delivered: 0
	Page size (bytes): 4096
	Exit status: 1
LEAN_EXIT=1
