REMOTE_TASK=/home/dombarker/project-offloads/aspis-higher-y.fMoMeX
TARGET=NestedCircleTermination
RESEARCH_PIN=289d7356c78a4cd493fe61a54f9548f2a0c11298
BORROWED_SOURCE_PIN=26a9cd4718aae9f9de7ef1c3394fb74a229085d5
Lean (version 4.32.0, x86_64-unknown-linux-gnu, commit 8c9756b28d64dab099da31a4c09229a9e6a2ef35, Release)
0d2a686a1a201d4f0ec38bedff3c33182ba3524ff8505b7ae0e11ae0902a4e6e  /home/dombarker/project-offloads/aspis-higher-y.fMoMeX/nested-circle-termination-nuc-v2-manifest.json
21f1c5cdd66868e6c86deda0a5b01c34b303cd08240dec9b1c04defac81860a2  /home/dombarker/project-offloads/aspis-higher-y.fMoMeX/overlay/NestedCircleTermination.lean
21f1c5cdd66868e6c86deda0a5b01c34b303cd08240dec9b1c04defac81860a2  /home/dombarker/project-offloads/aspis-higher-y.fMoMeX/nested-circle-termination-nuc-v2-source.txt
5780e61b4d286905ab912bb6ab8e103a20908f78c11bea415db40a5fad110e52  /home/dombarker/project-offloads/aspis-higher-y.fMoMeX/run_higher_y_nuc.sh
OVERLAY_PROVENANCE_PASS=885
NATIVE_PACKAGE_CACHE_BOUNDARY=pinned revisions; not a replay of package compilation
CGROUP=/user.slice/user-1000.slice/user@1000.service/app.slice/aspis-higher-y-nested-circle-termination-nuc-v2.scope
memory.high=8589934592
memory.max=10737418240
memory.swap.max=0
cpu.max=200000 100000
COMMAND=/home/dombarker/.elan/toolchains/leanprover--lean4---v4.32.0/bin/lean -j1 -M9500 -R /home/dombarker/project-offloads/aspis-higher-y.fMoMeX/overlay -o /home/dombarker/project-offloads/aspis-higher-y.fMoMeX/overlay/NestedCircleTermination.olean /home/dombarker/project-offloads/aspis-higher-y.fMoMeX/overlay/NestedCircleTermination.lean
'AspisV8.NestedCircleTermination.initial_budget' depends on axioms: [propext, Quot.sound]
'AspisV8.NestedCircleTermination.live_budget_positive' depends on axioms: [propext, Classical.choice, Quot.sound]
'AspisV8.NestedCircleTermination.ordinary_budget_decreases' depends on axioms: [propext, Classical.choice, Quot.sound]
'AspisV8.NestedCircleTermination.answer_budget_decreases' depends on axioms: [propext, Classical.choice, Quot.sound]
'AspisV8.NestedCircleTermination.halted_afterAnswer' depends on axioms: [propext, Classical.choice, Quot.sound]
'AspisV8.NestedCircleTermination.halted_run' depends on axioms: [propext, Classical.choice, Quot.sound]
'AspisV8.NestedCircleTermination.run_halts_of_budget' depends on axioms: [propext, Classical.choice, Quot.sound]
'AspisV8.NestedCircleTermination.forty_eight_blocks_halt' depends on axioms: [propext, Classical.choice, Quot.sound]
'AspisV8.NestedCircleTermination.source_none_iff_abort' depends on axioms: [propext, Classical.choice, Quot.sound]
	Command being timed: "/home/dombarker/.elan/toolchains/leanprover--lean4---v4.32.0/bin/lean -j1 -M9500 -R /home/dombarker/project-offloads/aspis-higher-y.fMoMeX/overlay -o /home/dombarker/project-offloads/aspis-higher-y.fMoMeX/overlay/NestedCircleTermination.olean /home/dombarker/project-offloads/aspis-higher-y.fMoMeX/overlay/NestedCircleTermination.lean"
	User time (seconds): 3.28
	System time (seconds): 1.11
	Percent of CPU this job got: 99%
	Elapsed (wall clock) time (h:mm:ss or m:ss): 0:04.40
	Average shared text size (kbytes): 0
	Average unshared data size (kbytes): 0
	Average stack size (kbytes): 0
	Average total size (kbytes): 0
	Maximum resident set size (kbytes): 6687196
	Average resident set size (kbytes): 0
	Major (requiring I/O) page faults: 0
	Minor (reclaiming a frame) page faults: 141066
	Voluntary context switches: 800
	Involuntary context switches: 180
	Swaps: 0
	File system inputs: 0
	File system outputs: 1216
	Socket messages sent: 0
	Socket messages received: 0
	Signals delivered: 0
	Page size (bytes): 4096
	Exit status: 0
LEAN_EXIT=0
7cc55284aa2ace49a734363c24566807731f6b4ceee19cc822497630534663c9  /home/dombarker/project-offloads/aspis-higher-y.fMoMeX/overlay/NestedCircleTermination.olean
OVERLAY_PROVENANCE_PASS=885
NATIVE_PACKAGE_CACHE_BOUNDARY=pinned revisions; not a replay of package compilation
PROVENANCE_UNCHANGED=true
