REMOTE_TASK=/home/dombarker/project-offloads/aspis-higher-y.fMoMeX
TARGET=NestedCircleContinuation
RESEARCH_PIN=289d7356c78a4cd493fe61a54f9548f2a0c11298
BORROWED_SOURCE_PIN=26a9cd4718aae9f9de7ef1c3394fb74a229085d5
Lean (version 4.32.0, x86_64-unknown-linux-gnu, commit 8c9756b28d64dab099da31a4c09229a9e6a2ef35, Release)
4abe6da1d7bb6e02c1ec128962358a4f6cd7b53677aa6b706ebbb2922a499fc6  /home/dombarker/project-offloads/aspis-higher-y.fMoMeX/nested-circle-continuation-nuc-v1-manifest.json
665b423d3f692267bc00a5751d0c18678254aa068d7a8221771f9d05136e6b6f  /home/dombarker/project-offloads/aspis-higher-y.fMoMeX/overlay/NestedCircleContinuation.lean
665b423d3f692267bc00a5751d0c18678254aa068d7a8221771f9d05136e6b6f  /home/dombarker/project-offloads/aspis-higher-y.fMoMeX/nested-circle-continuation-nuc-v1-source.txt
5780e61b4d286905ab912bb6ab8e103a20908f78c11bea415db40a5fad110e52  /home/dombarker/project-offloads/aspis-higher-y.fMoMeX/run_higher_y_nuc.sh
OVERLAY_PROVENANCE_PASS=1037
NATIVE_PACKAGE_CACHE_BOUNDARY=pinned revisions; not a replay of package compilation
CGROUP=/user.slice/user-1000.slice/user@1000.service/app.slice/aspis-higher-y-nested-circle-continuation-nuc-v1.scope
memory.high=8589934592
memory.max=10737418240
memory.swap.max=0
cpu.max=200000 100000
COMMAND=/home/dombarker/.elan/toolchains/leanprover--lean4---v4.32.0/bin/lean -j1 -M9500 -R /home/dombarker/project-offloads/aspis-higher-y.fMoMeX/overlay -o /home/dombarker/project-offloads/aspis-higher-y.fMoMeX/overlay/NestedCircleContinuation.olean /home/dombarker/project-offloads/aspis-higher-y.fMoMeX/overlay/NestedCircleContinuation.lean
/home/dombarker/project-offloads/aspis-higher-y.fMoMeX/overlay/NestedCircleContinuation.lean:22:0: warning: automatically included section variable(s) unused in theorem `AspisV8.NestedCircleContinuation.Generic.pay_zero`:
  [DecidableEq V]
consider restructuring your `variable` declarations so that the variables are not in scope or explicitly omit them:
  omit [DecidableEq V] in theorem ...

Note: This linter can be disabled with `set_option linter.unusedSectionVars false`
/home/dombarker/project-offloads/aspis-higher-y.fMoMeX/overlay/NestedCircleContinuation.lean:28:0: warning: automatically included section variable(s) unused in theorem `AspisV8.NestedCircleContinuation.Generic.pay_mono`:
  [DecidableEq V]
consider restructuring your `variable` declarations so that the variables are not in scope or explicitly omit them:
  omit [DecidableEq V] in theorem ...

Note: This linter can be disabled with `set_option linter.unusedSectionVars false`
/home/dombarker/project-offloads/aspis-higher-y.fMoMeX/overlay/NestedCircleContinuation.lean:38:27: warning: This simp argument is unused:
  result

Hint: Omit it from the simp argument list.
  simp only [̵r̵e̵s̵u̵l̵t̵,̵ ̵l̵e̵_̵r̵e̵f̵l̵]̵[̲l̲e̲_̲r̲e̲f̲l̲]̲

Note: This linter can be disabled with `set_option linter.unusedSimpArgs false`
/home/dombarker/project-offloads/aspis-higher-y.fMoMeX/overlay/NestedCircleContinuation.lean:45:0: warning: automatically included section variable(s) unused in theorem `AspisV8.NestedCircleContinuation.Generic.pay_le_constant`:
  [DecidableEq V]
consider restructuring your `variable` declarations so that the variables are not in scope or explicitly omit them:
  omit [DecidableEq V] in theorem ...

Note: This linter can be disabled with `set_option linter.unusedSectionVars false`
/home/dombarker/project-offloads/aspis-higher-y.fMoMeX/overlay/NestedCircleContinuation.lean:208:2: error: unsolved goals
case pos
O : Type u_1
H : Type u_2
V : Type u_3
inst✝¹ : DecidableEq V
coins : Finset O
draw : H → O → Option (V × H)
accept : V → Prop
inst✝ : DecidablePred accept
between : V → H → H
first target : V
h next : H
⊢ distinct coins draw accept first target 3 (between first next) =
    if True then distinct coins draw accept first target 3 (between first next) else 0
/home/dombarker/project-offloads/aspis-higher-y.fMoMeX/overlay/NestedCircleContinuation.lean:209:25: warning: This simp argument is unused:
  if_pos rfl

Hint: Omit it from the simp argument list.
  simp only [true_and, i̵f̵_̵p̵o̵s̵ ̵r̵f̵l̵,̵ ̵distinctPay_target]

Note: This linter can be disabled with `set_option linter.unusedSimpArgs false`
/home/dombarker/project-offloads/aspis-higher-y.fMoMeX/overlay/NestedCircleContinuation.lean:210:60: warning: This simp argument is unused:
  if_neg same

Hint: Omit it from the simp argument list.
  simp only [same, false_and, if_false, distinctPay_zero,̵ ̵i̵f̵_̵n̵e̵g̵ ̵s̵a̵m̵e̵]

Note: This linter can be disabled with `set_option linter.unusedSimpArgs false`
/home/dombarker/project-offloads/aspis-higher-y.fMoMeX/overlay/NestedCircleContinuation.lean:267:20: error: Application type mismatch: The argument
  add_le_add_left constant ?m.128
has type
  pairPay coins draw accept between (fun x x_1 x_2 => b) h + ?m.128 ≤ b + ?m.128
but is expected to have type
  ∑ pair ∈ S.offDiag, orderedPair coins draw accept between pair.1 pair.2 h +
      pairPay coins draw accept between (fun first second next => b) h ≤
    ∑ pair ∈ S.offDiag, orderedPair coins draw accept between pair.1 pair.2 h + b
in the application
  LE.le.trans bound (add_le_add_left constant ?m.128)
'AspisV8.NestedCircleContinuation.Generic.pay_mono' depends on axioms: [propext, Classical.choice, Quot.sound]
'AspisV8.NestedCircleContinuation.Generic.pairPay_mono' depends on axioms: [propext, Classical.choice, Quot.sound]
'AspisV8.NestedCircleContinuation.Generic.pairPay_le_constant' depends on axioms: [propext,
 Classical.choice,
 Quot.sound]
'AspisV8.NestedCircleContinuation.Generic.pairPay_indicator' depends on axioms: [propext,
 sorryAx,
 Classical.choice,
 Quot.sound]
'AspisV8.NestedCircleContinuation.Generic.pairPay_root_domination' depends on axioms: [propext,
 sorryAx,
 Classical.choice,
 Quot.sound]
'AspisV8.NestedCircleContinuation.Generic.pairPay_exception_bound' depends on axioms: [propext,
 sorryAx,
 Classical.choice,
 Quot.sound]
'AspisV8.NestedCircleContinuation.actual_root_domination' depends on axioms: [propext,
 sorryAx,
 Classical.choice,
 Quot.sound]
'AspisV8.NestedCircleContinuation.actual_exception_bound' depends on axioms: [propext,
 sorryAx,
 Classical.choice,
 Quot.sound]
Command exited with non-zero status 1
	Command being timed: "/home/dombarker/.elan/toolchains/leanprover--lean4---v4.32.0/bin/lean -j1 -M9500 -R /home/dombarker/project-offloads/aspis-higher-y.fMoMeX/overlay -o /home/dombarker/project-offloads/aspis-higher-y.fMoMeX/overlay/NestedCircleContinuation.olean /home/dombarker/project-offloads/aspis-higher-y.fMoMeX/overlay/NestedCircleContinuation.lean"
	User time (seconds): 5.57
	System time (seconds): 1.01
	Percent of CPU this job got: 100%
	Elapsed (wall clock) time (h:mm:ss or m:ss): 0:06.58
	Average shared text size (kbytes): 0
	Average unshared data size (kbytes): 0
	Average stack size (kbytes): 0
	Average total size (kbytes): 0
	Maximum resident set size (kbytes): 6816876
	Average resident set size (kbytes): 0
	Major (requiring I/O) page faults: 0
	Minor (reclaiming a frame) page faults: 141540
	Voluntary context switches: 686
	Involuntary context switches: 179
	Swaps: 0
	File system inputs: 0
	File system outputs: 0
	Socket messages sent: 0
	Socket messages received: 0
	Signals delivered: 0
	Page size (bytes): 4096
	Exit status: 1
LEAN_EXIT=1
