f021007879dcd9e2bca795b4758e187fa1c3b302
782f2d509a7e36efa01d89194c9c813fac84fd3b
Lean (version 4.32.0, arm64-apple-darwin24.6.0, commit 8c9756b28d64dab099da31a4c09229a9e6a2ef35, Release)
ffdb97e463ba029cb78b698c8533a1ce1f12c27964f68550bac51b9fbf7fdab8  /Users/dominic/ZK/.worktrees/ZK-v8-no-work-100-20260907/docs/research/v8-no-work-100-20260907/experiments/OptimizedRelationRefinement.lean
4eda76950026ee3690bb26984f5ae8e59cdf3d87c9ccb8a94439cb4d1be0c780  /tmp/aspis-v8-joint-cache.n3hmg5/JointImageGame.olean
/Users/dominic/ZK/.worktrees/ZK-v8-no-work-100-20260907/docs/research/v8-no-work-100-20260907/experiments/OptimizedRelationRefinement.lean:22:0: warning: automatically included section variable(s) unused in theorem `AspisV8.OptimizedRelationRefinement.inverse_quarter_exact`:
  [DecidableEq K]
consider restructuring your `variable` declarations so that the variables are not in scope or explicitly omit them:
  omit [DecidableEq K] in theorem ...

Note: This linter can be disabled with `set_option linter.unusedSectionVars false`
/Users/dominic/ZK/.worktrees/ZK-v8-no-work-100-20260907/docs/research/v8-no-work-100-20260907/experiments/OptimizedRelationRefinement.lean:36:0: warning: automatically included section variable(s) unused in theorem `AspisV8.OptimizedRelationRefinement.nextClaim_source_horner`:
  [DecidableEq K]
consider restructuring your `variable` declarations so that the variables are not in scope or explicitly omit them:
  omit [DecidableEq K] in theorem ...

Note: This linter can be disabled with `set_option linter.unusedSectionVars false`
/Users/dominic/ZK/.worktrees/ZK-v8-no-work-100-20260907/docs/research/v8-no-work-100-20260907/experiments/OptimizedRelationRefinement.lean:42:0: warning: automatically included section variable(s) unused in theorem `AspisV8.OptimizedRelationRefinement.compact_sent_not_omitted`:
  [DecidableEq K]
consider restructuring your `variable` declarations so that the variables are not in scope or explicitly omit them:
  omit [DecidableEq K] in theorem ...

Note: This linter can be disabled with `set_option linter.unusedSectionVars false`
/Users/dominic/ZK/.worktrees/ZK-v8-no-work-100-20260907/docs/research/v8-no-work-100-20260907/experiments/OptimizedRelationRefinement.lean:46:0: warning: automatically included section variable(s) unused in theorem `AspisV8.OptimizedRelationRefinement.claimed_eval`:
  [DecidableEq K]
consider restructuring your `variable` declarations so that the variables are not in scope or explicitly omit them:
  omit [DecidableEq K] in theorem ...

Note: This linter can be disabled with `set_option linter.unusedSectionVars false`
/Users/dominic/ZK/.worktrees/ZK-v8-no-work-100-20260907/docs/research/v8-no-work-100-20260907/experiments/OptimizedRelationRefinement.lean:50:0: warning: automatically included section variable(s) unused in theorem `AspisV8.OptimizedRelationRefinement.boundary_represented`:
  [DecidableEq K]
consider restructuring your `variable` declarations so that the variables are not in scope or explicitly omit them:
  omit [DecidableEq K] in theorem ...

Note: This linter can be disabled with `set_option linter.unusedSectionVars false`
/Users/dominic/ZK/.worktrees/ZK-v8-no-work-100-20260907/docs/research/v8-no-work-100-20260907/experiments/OptimizedRelationRefinement.lean:66:0: warning: automatically included section variable(s) unused in theorem `AspisV8.OptimizedRelationRefinement.discrepancy_degree`:
  [DecidableEq K]
consider restructuring your `variable` declarations so that the variables are not in scope or explicitly omit them:
  omit [DecidableEq K] in theorem ...

Note: This linter can be disabled with `set_option linter.unusedSectionVars false`
/Users/dominic/ZK/.worktrees/ZK-v8-no-work-100-20260907/docs/research/v8-no-work-100-20260907/experiments/OptimizedRelationRefinement.lean:153:10: error: Type mismatch: After simplification, term
  ih a (dualWeightFoldLayer n a weights) ((coefficientFoldLayer n a) values) (nextClaim quarter claim sent a) as
 has type
  RawRounds.accepts quarter (next a) (dualWeightFoldLayer n a weights) ((coefficientFoldLayer n a) values)
      (nextClaim quarter claim sent a) as ↔
    terminalZero
      (RawRounds.toGame quarter hq (next a) (dualWeightFoldLayer n a weights) ((coefficientFoldLayer n a) values)
        (nextClaim quarter claim sent a))
      as
but is expected to have type
  RawRounds.accepts quarter (next a) (dualWeightFoldLayer n a weights) ((coefficientFoldLayer n a) values)
      (nextClaim quarter claim sent a) as ↔
    terminalZero
      (⋯ ▸
        RawRounds.toGame quarter hq (next a) (dualWeightFoldLayer n a weights) ((coefficientFoldLayer n a) values)
          (nextClaim quarter claim sent a))
      as
'AspisV8.OptimizedRelationRefinement.claimed_eval' depends on axioms: [propext, Classical.choice, Quot.sound]
'AspisV8.OptimizedRelationRefinement.inverse_quarter_exact' depends on axioms: [propext, Classical.choice, Quot.sound]
'AspisV8.OptimizedRelationRefinement.nextClaim_source_horner' depends on axioms: [propext, Classical.choice, Quot.sound]
'AspisV8.OptimizedRelationRefinement.compact_sent_not_omitted' depends on axioms: [propext,
 Classical.choice,
 Quot.sound]
'AspisV8.OptimizedRelationRefinement.claimed_boundary' depends on axioms: [propext, Classical.choice, Quot.sound]
'AspisV8.OptimizedRelationRefinement.discrepancy_degree' depends on axioms: [propext, Classical.choice, Quot.sound]
'AspisV8.OptimizedRelationRefinement.discrepancy_boundary' depends on axioms: [propext, Classical.choice, Quot.sound]
'AspisV8.OptimizedRelationRefinement.discrepancy_eval' depends on axioms: [propext, Classical.choice, Quot.sound]
'AspisV8.OptimizedRelationRefinement.compactStep' depends on axioms: [propext, Classical.choice, Quot.sound]
'AspisV8.OptimizedRelationRefinement.RawRounds.toGame' depends on axioms: [propext, Classical.choice, Quot.sound]
'AspisV8.OptimizedRelationRefinement.raw_acceptance_iff_terminal_zero' depends on axioms: [propext,
 sorryAx,
 Classical.choice,
 Quot.sound]
'AspisV8.OptimizedRelationRefinement.compact_tail_wrong_bound' depends on axioms: [propext,
 Classical.choice,
 Quot.sound]
        3.86 real         2.60 user         1.77 sys
          5537234944  maximum resident set size
                   0  average shared memory size
                   0  average unshared data size
                   0  average unshared stack size
              416590  page reclaims
                 179  page faults
                   0  swaps
                   0  block input operations
                   0  block output operations
                   0  messages sent
                   0  messages received
                   0  signals received
                 215  voluntary context switches
               12060  involuntary context switches
         43519975671  instructions retired
         16070041610  cycles elapsed
           882733416  peak memory footprint
