RESEARCH_PIN=5e26df14ad5fc674d5ea43d02431f1dc9ef682fa
5e26df14ad5fc674d5ea43d02431f1dc9ef682fa
94459d0f9700388431c26c1261fbfa6974118af0
Lean (version 4.32.0, arm64-apple-darwin24.6.0, commit 8c9756b28d64dab099da31a4c09229a9e6a2ef35, Release)
e6bd80e583804a26306d8b22f3f72e6ebcea01d15f548c5770e4568ef13b290f  /Users/dominic/ZK/.worktrees/ZK-v8-no-work-100-20260907/docs/research/v8-no-work-100-20260907/experiments/OrderedPostQueryGame.lean
67df110663383366922558129e18b54196bb9e03a31563887639faa36d5bc870  /Users/dominic/ZK/.worktrees/ZK-v8-no-work-100-20260907/docs/research/v8-no-work-100-20260907/experiments/run_ordered_query_game.sh
4eda76950026ee3690bb26984f5ae8e59cdf3d87c9ccb8a94439cb4d1be0c780  /tmp/aspis-v8-joint-cache.n3hmg5/JointImageGame.olean
2fd4faa53c37f63576d934ff1070793558dd359749bd262bf695891b1daa79ad  /Users/dominic/ZK/AspisFormal/.lake/packages/mathlib/.lake/build/lib/lean/Mathlib/Data/Fintype/CardEmbedding.olean
123f92dbdcd2fb986d12fe2a394d7377d4304bb48714e1319e1dcf07ea8935df  /Users/dominic/ZK/.worktrees/ZK-v8-no-work-100-20260907/docs/research/v8-no-work-100-20260907/experiments/PostQueryFunctional.lean
1e4129d9a643b5812c1a64fb893a4bbccbcc45c7c28a9509ff20878ae6355294  /Users/dominic/ZK/.worktrees/ZK-v8-no-work-100-20260907/docs/research/v8-no-work-100-20260907/experiments/PostQueryFunctional.olean
98b861e3d8a4d06d2a9ffc01bb394314353dc3dbbf55efeaa4f7390d8d8e8304  /Users/dominic/ZK/.worktrees/ZK-v8-no-work-100-20260907/docs/research/v8-no-work-100-20260907/experiments/OptimizedRelationRefinement.lean
4aaf5ff39ddecd665d0593d57f8459c629a7cb3ee7c873798af80aac4cd4941d  /Users/dominic/ZK/.worktrees/ZK-v8-no-work-100-20260907/docs/research/v8-no-work-100-20260907/experiments/OptimizedRelationRefinement.olean
5d6d1f5be0a0351c1288c975355f944a9ea447d90c8c40d0b57898138ec6cdd8  /Users/dominic/ZK/.worktrees/ZK-v8-no-work-100-20260907/docs/research/v8-no-work-100-20260907/experiments/ImageCallbackInterfaces.lean
33b837a6e80e0697281a0195ea87dc5419852b91653523503e228cd79d2535b5  /Users/dominic/ZK/.worktrees/ZK-v8-no-work-100-20260907/docs/research/v8-no-work-100-20260907/experiments/ImageCallbackInterfaces.olean
05b7d763b6fe7b123134e720b9bc370da3eed07762f7217578b37cbbce754d7e  /Users/dominic/ZK/.worktrees/ZK-v8-no-work-100-20260907/docs/research/v8-no-work-100-20260907/experiments/OrderedQueryGame.lean
0038965f44136724073d6584d559eb42f58761a5f5914f565d7e31610a648e52  /Users/dominic/ZK/.worktrees/ZK-v8-no-work-100-20260907/docs/research/v8-no-work-100-20260907/experiments/OrderedQueryGame.olean
91d8d7a2d8e1ea832459a439482aa858e970cba1608ab7652bdfce3eede632d3  /Users/dominic/ZK/AspisFormal/AspisFormal/V5FriConcreteEncoderApplicability.lean
2ed1ef913f2baaeffd2e0ad289e750ba2b1e2c7282d783de8fedb8904464d8d6  /Users/dominic/ZK/AspisFormal/.lake/build/lib/lean/AspisFormal/V5FriConcreteEncoderApplicability.olean
1d72d79ae170a8791744fe25e66a7dea19e1bd8750d212c21c05c784c85f52f4  /Users/dominic/ZK/AspisFormal/AspisFormal/V6RelationFold.lean
24ef5d29a92b3fd142fc7fb3c6c9ce8dc1a824f49beb433ad62adf73a33cf01c  /Users/dominic/ZK/AspisFormal/.lake/build/lib/lean/AspisFormal/V6RelationFold.olean
e584b3b6aa73d862326a0ca3bceedff2488bec3fffd394884f2a42c049b3c8e2  /Users/dominic/ZK/AspisFormal/AspisFormal/V6TranscriptRelationGrammar.lean
f76f8fa9807928637b9aa4af1919026c1b810a94228ec6064c67c52ef23a9b24  /Users/dominic/ZK/AspisFormal/.lake/build/lib/lean/AspisFormal/V6TranscriptRelationGrammar.olean
60eb390e89f9ad82537b784a7c328a8fa1ab76e328dd7b5c836c8d587cf42d98  /Users/dominic/ZK/AspisFormal/AspisFormal/V7ExactOneFoldDomains.lean
a6ceb7039b7eb00e4d9315518ea84ed2081dc9cc437bc9f2164ed9d50a184443  /Users/dominic/ZK/AspisFormal/.lake/build/lib/lean/AspisFormal/V7ExactOneFoldDomains.olean
bbf1448991e8e439db752fcd7c2f140dff7aeddae8c68953203b73c073e99271  /Users/dominic/ZK/AspisFormal/AspisFormal/CircleNaturalBasis.lean
a6b978a44e007a17224b9efb328bd4f3422be9055e405c769d83684b04c8ff87  /Users/dominic/ZK/AspisFormal/.lake/build/lib/lean/AspisFormal/CircleNaturalBasis.olean
2fd4d5d526436d7aa34e367e0d66f3bce70c0c21382ca9ec280f825f0f191244  /Users/dominic/ZK/AspisFormal/AspisFormal/V5FunctionalBatching.lean
14e39d296e473cb164a7a1353baa6e9cb28aaa3245e9ecc070001edbe8bf105c  /Users/dominic/ZK/AspisFormal/.lake/build/lib/lean/AspisFormal/V5FunctionalBatching.olean
1d91ec87e0276c06e2fa4a4cc69f8e32f2cdb9c010f5b3928a61701271623f03  /Users/dominic/ZK/AspisFormal/AspisFormal/V5FriConcreteEncoderCommutation.lean
4f9abb1d140d1688584342e48d204426fd446e766f6308976bc6b421a4ab97bb  /Users/dominic/ZK/AspisFormal/.lake/build/lib/lean/AspisFormal/V5FriConcreteEncoderCommutation.olean
53740fe4db3e4e691d6fc1e368ed2f273d09cbd11768765a5c196f750df36452  /Users/dominic/ZK/AspisFormal/AspisFormal/V5FriInitialListBound.lean
ce3ee8983bab47af82b65db792be432b2bd292f4fa5b6b5f648563764cd0c5da  /Users/dominic/ZK/AspisFormal/.lake/build/lib/lean/AspisFormal/V5FriInitialListBound.olean
0641318603afdaf3f1b1bf9b66c418da67049160973348468f4c3fafadefa4dd  /Users/dominic/ZK/AspisFormal/AspisFormal/V5FriNaturalBasisRadix4.lean
2efab3a993a7bff289730ab47ff963bda9a94a301e6fbc89af57b9044d989f31  /Users/dominic/ZK/AspisFormal/.lake/build/lib/lean/AspisFormal/V5FriNaturalBasisRadix4.olean
14166cddb9736ea7c737b6d2dd9623f5647e7abecb612685ef6f818ad9e4049d  /Users/dominic/ZK/AspisFormal/AspisFormal/V5FriRelationCandidateBridge.lean
9a7464778703e38c71c0ca3a555f95ae1963a293288cbd62f7b4af5835b56eaa  /Users/dominic/ZK/AspisFormal/.lake/build/lib/lean/AspisFormal/V5FriRelationCandidateBridge.olean
2bde5263fbfae6730288883515b1689a1856ace2b428a73d6a985f256b608084  /Users/dominic/ZK/AspisFormal/AspisFormal/V5FriInitialCircleEncoderIdentity.lean
b7ba0d31ffe194bf949adfbe4f3ead6d2541e2dc49063c64408e4ae48244c226  /Users/dominic/ZK/AspisFormal/.lake/build/lib/lean/AspisFormal/V5FriInitialCircleEncoderIdentity.olean
36ee79a60cb5e7909beb4da3ebba1af63fd9a2ad35dcdd1ff74f516aa153e196  /Users/dominic/ZK/AspisFormal/AspisFormal/V6EncoderDistance.lean
2fe4cfa0bc44213b3f50ab2f911a526cd85cbaaeb4fb330517358082a9be4324  /Users/dominic/ZK/AspisFormal/.lake/build/lib/lean/AspisFormal/V6EncoderDistance.olean
127ea451736936d8fb077e065efb7d49719af776b3782dc82af4b97076be3a9a  /Users/dominic/ZK/AspisFormal/AspisFormal/CircleNaturalBasisEval.lean
a1598ab895a808862c8ae3ea786b09c961cca67c252f7f305aba7a3b638cb124  /Users/dominic/ZK/AspisFormal/.lake/build/lib/lean/AspisFormal/CircleNaturalBasisEval.olean
765578d21962840ae1f5466cdf25e0fecb81884fe4e83caafc3dbb9f56577ef0  /Users/dominic/ZK/AspisFormal/AspisFormal/SoundnessLedger.lean
6357cd5e2e3dde9f3b2498b6f4051b9e007297445bd1c586d745889dcce25afb  /Users/dominic/ZK/AspisFormal/.lake/build/lib/lean/AspisFormal/SoundnessLedger.olean
a78ce6a73600105563c8274f460489463d91a7f4149ca2ce369a5373fdfe074f  /Users/dominic/ZK/AspisFormal/AspisFormal/V5FriCoherentCandidateExtraction.lean
f2437d2d3f16a1f819c1a716030737d0265d3723848e2cc85e7d0d424b84b243  /Users/dominic/ZK/AspisFormal/.lake/build/lib/lean/AspisFormal/V5FriCoherentCandidateExtraction.olean
584580d477b9462f4731035aef0d44b50e4cc30008c2f4046243fefadd147021  /Users/dominic/ZK/AspisFormal/AspisFormal/V5FriJohnsonListBound.lean
ae390e593dbd5ff604c3e7775719bf092012a551bfabacbd8748f8044d768ca8  /Users/dominic/ZK/AspisFormal/.lake/build/lib/lean/AspisFormal/V5FriJohnsonListBound.olean
cd46d222f4e90dc6a46c3dba15c1b0de96f19d0100770f24f0706c409176a22f  /Users/dominic/ZK/AspisFormal/AspisFormal/V5RelationSumcheckSoundness.lean
c71edc1274b1e9a5b0b6b06f80e411ea30d5734fde797b322bdbe3ba33b853c4  /Users/dominic/ZK/AspisFormal/.lake/build/lib/lean/AspisFormal/V5RelationSumcheckSoundness.olean
9aed9ae1744ac09c0aed8db332fb501bac7d545f7b401e8b29a131edbbf648e9  /Users/dominic/ZK/AspisFormal/AspisFormal/V5ComponentCRelationRowLinearity.lean
04df913e3b693927d2d2e448d0d9ecb4ba59051dabde522c6bc25c9acf174fb4  /Users/dominic/ZK/AspisFormal/.lake/build/lib/lean/AspisFormal/V5ComponentCRelationRowLinearity.olean
909dc85e736ceb7997a6f7d7d31c600531712c34015a3ab6d33beb2e66b46525  /Users/dominic/ZK/AspisFormal/AspisFormal/V5FriCircleEncoderDistance.lean
ab71a34c154dce3a58019891025b09d442363eb6931ff0dcbdd299e8b86e634f  /Users/dominic/ZK/AspisFormal/.lake/build/lib/lean/AspisFormal/V5FriCircleEncoderDistance.olean
d0191bc07666c9b97739a06a8b5572c2985bee74f7902e36ec990a019c3cba8a  /Users/dominic/ZK/AspisFormal/AspisFormal/V5FriBitReverse.lean
6e7bd3b88e1cb7679fe52e55a9e52473c39ca6ccb93a1ce8b176db40cb66631f  /Users/dominic/ZK/AspisFormal/.lake/build/lib/lean/AspisFormal/V5FriBitReverse.olean
cdb3335996a0978208261e45e241507735e7e376b209190783ea86eb951772de  /Users/dominic/ZK/AspisFormal/AspisFormal/V5FriExactLineDomains.lean
a3fa971984cbaed849a772c3d335ffd9675c0440240b285d1699ccbbc7caa735  /Users/dominic/ZK/AspisFormal/.lake/build/lib/lean/AspisFormal/V5FriExactLineDomains.olean
c5b0e705f36b2961c5c2e7edb251fd026edd780a9a3f6c5982d2ac8a124fe8c3  /Users/dominic/ZK/AspisFormal/AspisFormal/V6OneFoldCandidateExtraction.lean
943fbccaacc54fdc274dbde1f933f690e99ed98505d5675b06df34afa892919f  /Users/dominic/ZK/AspisFormal/.lake/build/lib/lean/AspisFormal/V6OneFoldCandidateExtraction.olean
47fe5848ecf996b47bd0241818e8620bdf2c8b270e9fa9b26d5221f256845bad  /Users/dominic/ZK/AspisFormal/AspisFormal/CircleFibreRoots.lean
b6a6661a35b17b15cf824d0ab2decebf19a1084f03b8d399ddc395b9d05340e3  /Users/dominic/ZK/AspisFormal/.lake/build/lib/lean/AspisFormal/CircleFibreRoots.olean
867bb6d90213c9b44caa9106538d2db8d8a55f5619934410bc632e7bd3bdf959  /Users/dominic/ZK/AspisFormal/AspisFormal/CircleGroupOrder.lean
39ea3fa6eb53446ecf6cd4a3856219165b247c4175cf79a28313a55958b15597  /Users/dominic/ZK/AspisFormal/.lake/build/lib/lean/AspisFormal/CircleGroupOrder.olean
bada16fd76a4eebeede8ef6c004db7af753966cd61b244abf2abc73470fbfbad  /Users/dominic/ZK/AspisFormal/AspisFormal/V5ComponentCConcreteFoldLinearity.lean
fa7658c4f3cd058cedebe0f696246b9b933532523c60c19b18bf87361bcebc3c  /Users/dominic/ZK/AspisFormal/.lake/build/lib/lean/AspisFormal/V5ComponentCConcreteFoldLinearity.olean
c2c620a4a49918e2a98c83aa1a5e8e8d41d6955dcc7c1b95f9193116dfd2c097  /Users/dominic/ZK/AspisFormal/AspisFormal/V5FriListCap.lean
20e429ca2ce279400aa2055ef206446ae36d95e31af221f4d958d9df16b756a5  /Users/dominic/ZK/AspisFormal/.lake/build/lib/lean/AspisFormal/V5FriListCap.olean
bb19968503af14c17ab76f1a91f52e92326a5f20a4da98a2f6c65bfb4a5ff0d5  /Users/dominic/ZK/AspisFormal/AspisFormal/V5WithoutReplacementQuerySoundness.lean
2498f029ae406fc5f495e259979f389df65bba4cd4baca5bbb5f7d4f8a0e22b1  /Users/dominic/ZK/AspisFormal/.lake/build/lib/lean/AspisFormal/V5WithoutReplacementQuerySoundness.olean
ab83023be279cff61e41a734986a5a3fa311fbe309e9fda7ea866aa89fad0dd0  /Users/dominic/ZK/AspisFormal/AspisFormal/CircleGroupCardinality.lean
5a44c1dbeccdee1a50afb8871bb6fe9a6921387cffc75706810ee59592204c6f  /Users/dominic/ZK/AspisFormal/.lake/build/lib/lean/AspisFormal/CircleGroupCardinality.olean
d0cb3212d36dfdefcf5083e51ff91d2d60a0a8d53ad1d11584eb07eded3380c1  /Users/dominic/ZK/AspisFormal/AspisFormal/V6OneFoldParameterAudit.lean
d6f3f019080e47720e2ca2f5dace06834da8a0919046382ed9809f6e5e33f6db  /Users/dominic/ZK/AspisFormal/.lake/build/lib/lean/AspisFormal/V6OneFoldParameterAudit.olean
/Users/dominic/ZK/.worktrees/ZK-v8-no-work-100-20260907/docs/research/v8-no-work-100-20260907/experiments/OrderedPostQueryGame.lean:72:2: error: maximum recursion depth has been reached
use `set_option maxRecDepth <num>` to increase limit
use `set_option diagnostics true` to get diagnostic information
'AspisV8.OrderedPostQueryGame.fromPrefix' depends on axioms: [propext, Classical.choice, Quot.sound]
'AspisV8.OrderedPostQueryGame.actual_tail_acceptance_iff' depends on axioms: [propext, Classical.choice, Quot.sound]
'AspisV8.OrderedPostQueryGame.wrong_reference_bound' depends on axioms: [propext, Classical.choice, Quot.sound]
'AspisV8.OrderedPostQueryGame.different_final_bound' depends on axioms: [propext, sorryAx, Classical.choice, Quot.sound]
       20.60 real         1.84 user         2.88 sys
          5489704960  maximum resident set size
                   0  average shared memory size
                   0  average unshared data size
                   0  average unshared stack size
              239971  page reclaims
              174998  page faults
                   0  swaps
                   0  block input operations
                   0  block output operations
                   0  messages sent
                   0  messages received
                   0  signals received
               27813  voluntary context switches
              147176  involuntary context switches
         45430578303  instructions retired
         17634687636  cycles elapsed
           857338456  peak memory footprint
LEAN_EXIT=1
