{
  "schema": "aspis-ordinary-raw-cache-append-v1",
  "status": "metadata_append_verified",
  "source_parent": "15700387af1d52af4b7ddff8de92541ec2891ff2",
  "borrowed": "26a9cd4718aae9f9de7ef1c3394fb74a229085d5",
  "overlay_parent": "289d7356c78a4cd493fe61a54f9548f2a0c11298",
  "task": "/home/dombarker/project-offloads/aspis-higher-y.fMoMeX",
  "staging": "/home/dombarker/project-offloads/aspis-ordinary-raw-cache.gqikCY",
  "helper_sha256": "311563e24b7c15f286cb550c0b0aaebd1b6e3be618b2ff0facfe00d6603f1da2",
  "network": {
    "endpoint": "dombarker@100.108.41.90",
    "transport": "Tailscale",
    "host_key_alias": "nuc.local",
    "alias_is_network_endpoint": false
  },
  "before_manifest_sha256": "46c0485b661719d093fa8392783e36f42f5f446fa95d54525f3e0438ff232ab1",
  "after_manifest_sha256": "7881b518c94f594a25674ad83e74b22298bcf547567df53b21b6efc5802144cc",
  "unchanged_green_state_sha256": "979f1f2d26543b494a62876235b73ee44133da3354c631a88a9ea99feb6a9ecd",
  "unchanged_run_manifest_sha256": "d3a5a4d89c41f017deaee039f799d65dbff84e6d94b81e1dbe2803cb90d8f6e9",
  "before_base_entries": 794,
  "after_base_entries": 798,
  "unchanged_run_entries_verified": 859,
  "unchanged_green_targets_verified": 33,
  "added": [
    {
      "module": "AspisFormal.V5ComponentCStoppingTimeSampler",
      "category": "borrowed",
      "kind": "source",
      "package": null,
      "local": "/Users/dominic/ZK/AspisFormal/AspisFormal/V5ComponentCStoppingTimeSampler.lean",
      "overlay": "AspisFormal/V5ComponentCStoppingTimeSampler.lean",
      "remote_cache": null,
      "sha256": "5ebfb82a9187f1f32ba9579677f47e553cc3040cd93d90f809c6472b6389b3fb",
      "bytes": 28831
    },
    {
      "module": "AspisFormal.V5ComponentCStoppingTimeSampler",
      "category": "borrowed",
      "kind": "olean",
      "package": null,
      "local": "/Users/dominic/ZK/AspisFormal/.lake/build/lib/lean/AspisFormal/V5ComponentCStoppingTimeSampler.olean",
      "overlay": "AspisFormal/V5ComponentCStoppingTimeSampler.olean",
      "remote_cache": null,
      "sha256": "e0185f92a37fac9d175144fced2e629298b0bf95bd3b01c85e5f4177025a08ae",
      "bytes": 639296
    },
    {
      "module": "AspisFormal.K1.V7Tag73EightRetrySamplerLaw",
      "category": "borrowed",
      "kind": "source",
      "package": null,
      "local": "/Users/dominic/ZK/AspisFormal/AspisFormal/K1/V7Tag73EightRetrySamplerLaw.lean",
      "overlay": "AspisFormal/K1/V7Tag73EightRetrySamplerLaw.lean",
      "remote_cache": null,
      "sha256": "dfb490b1bfbce4abe894e1809ec8d933acb55dbc5f6e5eb1de5b6942e5b5941e",
      "bytes": 22915
    },
    {
      "module": "AspisFormal.K1.V7Tag73EightRetrySamplerLaw",
      "category": "borrowed",
      "kind": "olean",
      "package": null,
      "local": "/Users/dominic/ZK/AspisFormal/.lake/build/lib/lean/AspisFormal/K1/V7Tag73EightRetrySamplerLaw.olean",
      "overlay": "AspisFormal/K1/V7Tag73EightRetrySamplerLaw.olean",
      "remote_cache": null,
      "sha256": "6a662071ccbf95c37771fc4d49c512ecc29b8335e52112fd164fc5de63ec053f",
      "bytes": 624816
    }
  ],
  "retained_local_traces": [
    {
      "module": "AspisFormal.V5ComponentCStoppingTimeSampler",
      "path": "/home/dombarker/project-offloads/aspis-ordinary-raw-cache.gqikCY/V5ComponentCStoppingTimeSampler.trace",
      "sha256": "f4021d4c0bae77f7c8daa86fb1bab840d724415e09a531651488c13818c620e9",
      "recorded_standard_axiom_audits": 10,
      "new_axiom_credit": 0
    },
    {
      "module": "AspisFormal.K1.V7Tag73EightRetrySamplerLaw",
      "path": "/home/dombarker/project-offloads/aspis-ordinary-raw-cache.gqikCY/V7Tag73EightRetrySamplerLaw.trace",
      "sha256": "e98c7636fce12560a948e076b946b2e724a82ce18c0be0c9267935e2be96bf41",
      "recorded_standard_axiom_audits": 4,
      "new_axiom_credit": 0
    }
  ],
  "boundary": [
    {
      "module": "AspisFormal.V5ComponentCRejectionSampler",
      "source_sha256": "3605064a7da5267b2b1ba347f84663f57136adf07a4f8e1a3bacfe46ca72901e",
      "olean_sha256": "9956a145ac168248f7407c279de45bfd6a4b0512b970c5dd9b67b224c5ed8d11"
    },
    {
      "module": "AspisFormal.V5ComponentCQM31TowerExact",
      "source_sha256": "75404d16b5a71f67146b91ca35739b111f81bb730beb77432267f2b5385cebe5",
      "olean_sha256": "5d0e1ba16ff7cc29fca900249aa75b0011402cd4b84b8766aaf8346d854d04e9"
    },
    {
      "module": "AspisFormal.K1.V7Tag73DeployedDecoderFiberCap",
      "source_sha256": "c6ccdaf7284edccbac0cce77088f547f33bc7568a2ddea8bd00041e315468c53",
      "olean_sha256": "cdada5008486bf4d58ef1f4ca777dd8de99513d5fccb455606dc95c994bc275a"
    },
    {
      "module": "AspisFormal.K1.V7Tag73SamplerDecoderExact",
      "source_sha256": "b4bfdf70bf94fec863454edf05e0d31342c0a83db2a123f9ecd5aaa961ee1db8",
      "olean_sha256": "1134465da320635cb21479c3e0dd3daae7cff534b8b143bcd03daba06eeed41c"
    }
  ],
  "compiler_launched": false,
  "native_variant_replacements": 0,
  "scope": "Two missing local cached V7 pairs only; first changed-leaf NUC import remains the environment-compatibility check. No package or unchanged theorem-suite replay."
}
ORDINARY_RAW_CACHE_APPEND_PASS=4
