5e26df14ad5fc674d5ea43d02431f1dc9ef682fa
94459d0f9700388431c26c1261fbfa6974118af0
Lean (version 4.32.0, arm64-apple-darwin24.6.0, commit 8c9756b28d64dab099da31a4c09229a9e6a2ef35, Release)
4157277dbb660e3464c5616a2a78ecdccab54cb13d3c5cd613027ad934491c29  /Users/dominic/ZK/.worktrees/ZK-v8-no-work-100-20260907/docs/research/v8-no-work-100-20260907/experiments/PostQueryFunctional.lean
4eda76950026ee3690bb26984f5ae8e59cdf3d87c9ccb8a94439cb4d1be0c780  /tmp/aspis-v8-joint-cache.n3hmg5/JointImageGame.olean
33b837a6e80e0697281a0195ea87dc5419852b91653523503e228cd79d2535b5  /Users/dominic/ZK/.worktrees/ZK-v8-no-work-100-20260907/docs/research/v8-no-work-100-20260907/experiments/ImageCallbackInterfaces.olean
/Users/dominic/ZK/.worktrees/ZK-v8-no-work-100-20260907/docs/research/v8-no-work-100-20260907/experiments/PostQueryFunctional.lean:23:0: warning: automatically included section variable(s) unused in theorem `AspisV8.PostQueryFunctional.lineEval_dot`:
  [DecidableEq K]
consider restructuring your `variable` declarations so that the variables are not in scope or explicitly omit them:
  omit [DecidableEq K] in theorem ...

Note: This linter can be disabled with `set_option linter.unusedSectionVars false`
/Users/dominic/ZK/.worktrees/ZK-v8-no-work-100-20260907/docs/research/v8-no-work-100-20260907/experiments/PostQueryFunctional.lean:36:86: error: unsolved goals
K : Type u
inst✝² : Field K
inst✝¹ : DecidableEq K
inst✝ : NeZero 2
Q : Fin 1024 → K
a x : K
⊢ { toFun := fun v => lineEval v x, map_add' := ⋯, map_smul' := ⋯ } ((coefficientLane 256 0) Q) +
          a * { toFun := fun v => lineEval v x, map_add' := ⋯, map_smul' := ⋯ } ((coefficientLane 256 1) Q) +
        a ^ 2 * { toFun := fun v => lineEval v x, map_add' := ⋯, map_smul' := ⋯ } ((coefficientLane 256 2) Q) +
      a ^ 3 * { toFun := fun v => lineEval v x, map_add' := ⋯, map_smul' := ⋯ } ((coefficientLane 256 3) Q) =
    lineEval ((coefficientLane 256 0) Q) x + a * lineEval ((coefficientLane 256 1) Q) x +
        a ^ 2 * lineEval ((coefficientLane 256 2) Q) x +
      a ^ 3 * lineEval ((coefficientLane 256 3) Q) x
/Users/dominic/ZK/.worktrees/ZK-v8-no-work-100-20260907/docs/research/v8-no-work-100-20260907/experiments/PostQueryFunctional.lean:48:0: warning: automatically included section variable(s) unused in theorem `AspisV8.PostQueryFunctional.circleFibre_radix4`:
  [DecidableEq K]
consider restructuring your `variable` declarations so that the variables are not in scope or explicitly omit them:
  omit [DecidableEq K] in theorem ...

Note: This linter can be disabled with `set_option linter.unusedSectionVars false`
/Users/dominic/ZK/.worktrees/ZK-v8-no-work-100-20260907/docs/research/v8-no-work-100-20260907/experiments/PostQueryFunctional.lean:73:24: error(lean.inferBinderTypeFailed): Failed to infer type of binder `alpha0`
/Users/dominic/ZK/.worktrees/ZK-v8-no-work-100-20260907/docs/research/v8-no-work-100-20260907/experiments/PostQueryFunctional.lean:73:22: error(lean.inferBinderTypeFailed): Failed to infer type of binder `c`
/Users/dominic/ZK/.worktrees/ZK-v8-no-work-100-20260907/docs/research/v8-no-work-100-20260907/experiments/PostQueryFunctional.lean:73:20: error(lean.inferBinderTypeFailed): Failed to infer type of binder `b`
/Users/dominic/ZK/.worktrees/ZK-v8-no-work-100-20260907/docs/research/v8-no-work-100-20260907/experiments/PostQueryFunctional.lean:73:16: error(lean.inferBinderTypeFailed): Failed to infer type of binder `tau`
/Users/dominic/ZK/.worktrees/ZK-v8-no-work-100-20260907/docs/research/v8-no-work-100-20260907/experiments/PostQueryFunctional.lean:73:8: error(lean.inferBinderTypeFailed): Failed to infer type of binder `quarter`
/Users/dominic/ZK/.worktrees/ZK-v8-no-work-100-20260907/docs/research/v8-no-work-100-20260907/experiments/PostQueryFunctional.lean:76:28: error(lean.unknownIdentifier): Unknown identifier `Prefix`

Note: It is not possible to treat `Prefix` as an implicitly bound variable here because the `autoImplicit` option is set to `false`.
/Users/dominic/ZK/.worktrees/ZK-v8-no-work-100-20260907/docs/research/v8-no-work-100-20260907/experiments/PostQueryFunctional.lean:79:27: error(lean.unknownIdentifier): Unknown identifier `Prefix`

Note: It is not possible to treat `Prefix` as an implicitly bound variable here because the `autoImplicit` option is set to `false`.
/Users/dominic/ZK/.worktrees/ZK-v8-no-work-100-20260907/docs/research/v8-no-work-100-20260907/experiments/PostQueryFunctional.lean:81:31: error(lean.unknownIdentifier): Unknown identifier `Prefix`

Note: It is not possible to treat `Prefix` as an implicitly bound variable here because the `autoImplicit` option is set to `false`.
/Users/dominic/ZK/.worktrees/ZK-v8-no-work-100-20260907/docs/research/v8-no-work-100-20260907/experiments/PostQueryFunctional.lean:83:24: error(lean.unknownIdentifier): Unknown identifier `Prefix`

Note: It is not possible to treat `Prefix` as an implicitly bound variable here because the `autoImplicit` option is set to `false`.
/Users/dominic/ZK/.worktrees/ZK-v8-no-work-100-20260907/docs/research/v8-no-work-100-20260907/experiments/PostQueryFunctional.lean:85:40: error(lean.unknownIdentifier): Unknown identifier `Prefix`

Note: It is not possible to treat `Prefix` as an implicitly bound variable here because the `autoImplicit` option is set to `false`.
/Users/dominic/ZK/.worktrees/ZK-v8-no-work-100-20260907/docs/research/v8-no-work-100-20260907/experiments/PostQueryFunctional.lean:87:22: error(lean.unknownIdentifier): Unknown identifier `Prefix`

Note: It is not possible to treat `Prefix` as an implicitly bound variable here because the `autoImplicit` option is set to `false`.
/Users/dominic/ZK/.worktrees/ZK-v8-no-work-100-20260907/docs/research/v8-no-work-100-20260907/experiments/PostQueryFunctional.lean:89:41: error(lean.unknownIdentifier): Unknown identifier `Prefix`

Note: It is not possible to treat `Prefix` as an implicitly bound variable here because the `autoImplicit` option is set to `false`.
/Users/dominic/ZK/.worktrees/ZK-v8-no-work-100-20260907/docs/research/v8-no-work-100-20260907/experiments/PostQueryFunctional.lean:92:31: error(lean.unknownIdentifier): Unknown identifier `Prefix`

Note: It is not possible to treat `Prefix` as an implicitly bound variable here because the `autoImplicit` option is set to `false`.
/Users/dominic/ZK/.worktrees/ZK-v8-no-work-100-20260907/docs/research/v8-no-work-100-20260907/experiments/PostQueryFunctional.lean:94:8: error(lean.unknownIdentifier): Unknown constant `Polynomial.natDegree_sub_le.trans`
/Users/dominic/ZK/.worktrees/ZK-v8-no-work-100-20260907/docs/research/v8-no-work-100-20260907/experiments/PostQueryFunctional.lean:95:2: error: No goals to be solved
/Users/dominic/ZK/.worktrees/ZK-v8-no-work-100-20260907/docs/research/v8-no-work-100-20260907/experiments/PostQueryFunctional.lean:100:33: error(lean.unknownIdentifier): Unknown identifier `Prefix`

Note: It is not possible to treat `Prefix` as an implicitly bound variable here because the `autoImplicit` option is set to `false`.
/Users/dominic/ZK/.worktrees/ZK-v8-no-work-100-20260907/docs/research/v8-no-work-100-20260907/experiments/PostQueryFunctional.lean:106:24: error(lean.unknownIdentifier): Unknown identifier `Prefix`

Note: It is not possible to treat `Prefix` as an implicitly bound variable here because the `autoImplicit` option is set to `false`.
/Users/dominic/ZK/.worktrees/ZK-v8-no-work-100-20260907/docs/research/v8-no-work-100-20260907/experiments/PostQueryFunctional.lean:107:65: error: unsolved goals
K : Type u
inst✝² : Field K
inst✝¹ : DecidableEq K
inst✝ : NeZero 2
p : sorry
final : Fin 256 → K
same : sorry = 0
⊢ sorry = sorry
/Users/dominic/ZK/.worktrees/ZK-v8-no-work-100-20260907/docs/research/v8-no-work-100-20260907/experiments/PostQueryFunctional.lean:114:31: error(lean.unknownIdentifier): Unknown identifier `Prefix`

Note: It is not possible to treat `Prefix` as an implicitly bound variable here because the `autoImplicit` option is set to `false`.
/Users/dominic/ZK/.worktrees/ZK-v8-no-work-100-20260907/docs/research/v8-no-work-100-20260907/experiments/PostQueryFunctional.lean:119:29: error(lean.unknownIdentifier): Unknown identifier `Prefix`

Note: It is not possible to treat `Prefix` as an implicitly bound variable here because the `autoImplicit` option is set to `false`.
/Users/dominic/ZK/.worktrees/ZK-v8-no-work-100-20260907/docs/research/v8-no-work-100-20260907/experiments/PostQueryFunctional.lean:124:29: error(lean.unknownIdentifier): Unknown identifier `Prefix`

Note: It is not possible to treat `Prefix` as an implicitly bound variable here because the `autoImplicit` option is set to `false`.
/Users/dominic/ZK/.worktrees/ZK-v8-no-work-100-20260907/docs/research/v8-no-work-100-20260907/experiments/PostQueryFunctional.lean:130:40: error(lean.unknownIdentifier): Unknown identifier `Prefix`

Note: It is not possible to treat `Prefix` as an implicitly bound variable here because the `autoImplicit` option is set to `false`.
/Users/dominic/ZK/.worktrees/ZK-v8-no-work-100-20260907/docs/research/v8-no-work-100-20260907/experiments/PostQueryFunctional.lean:140:14: warning: declaration uses `sorry`
/Users/dominic/ZK/.worktrees/ZK-v8-no-work-100-20260907/docs/research/v8-no-work-100-20260907/experiments/PostQueryFunctional.lean:140:36: warning: declaration uses `sorry`
/Users/dominic/ZK/.worktrees/ZK-v8-no-work-100-20260907/docs/research/v8-no-work-100-20260907/experiments/PostQueryFunctional.lean:140:65: warning: declaration uses `sorry`
/Users/dominic/ZK/.worktrees/ZK-v8-no-work-100-20260907/docs/research/v8-no-work-100-20260907/experiments/PostQueryFunctional.lean:147:41: error(lean.unknownIdentifier): Unknown identifier `Prefix`

Note: It is not possible to treat `Prefix` as an implicitly bound variable here because the `autoImplicit` option is set to `false`.
/Users/dominic/ZK/.worktrees/ZK-v8-no-work-100-20260907/docs/research/v8-no-work-100-20260907/experiments/PostQueryFunctional.lean:150:79: error: unsolved goals
K : Type u
inst✝² : Field K
inst✝¹ : DecidableEq K
inst✝ : NeZero 2
q : ℕ
p : sorry
final : Fin 256 → K
points : Fin q → K
received : K → K
⊢ (∀ (x : Fin q), eval (points x) (naturalCoefficientPolynomial final) = received (points x)) ↔
    ∀ (j : Fin q), sorry = received (points j) - eval (points j) (naturalCoefficientPolynomial sorry)
/Users/dominic/ZK/.worktrees/ZK-v8-no-work-100-20260907/docs/research/v8-no-work-100-20260907/experiments/PostQueryFunctional.lean:151:63: warning: declaration uses `sorry`
/Users/dominic/ZK/.worktrees/ZK-v8-no-work-100-20260907/docs/research/v8-no-work-100-20260907/experiments/PostQueryFunctional.lean:152:25: warning: declaration uses `sorry`
/Users/dominic/ZK/.worktrees/ZK-v8-no-work-100-20260907/docs/research/v8-no-work-100-20260907/experiments/PostQueryFunctional.lean:151:63: warning: This simp argument is unused:
  Prefix.difference

Hint: Omit it from the simp argument list.
  simp only [funext_iff, residual, Pi.zero_apply, sub_eq_zero, P̵r̵e̵f̵i̵x̵.̵d̵i̵f̵f̵e̵r̵e̵n̵c̵e̵,̵Polynomial.eval_sub, noise, lineEval,
  ̲  ̲ ̲ ̲sub_left_inj]

Note: This linter can be disabled with `set_option linter.unusedSimpArgs false`
/Users/dominic/ZK/.worktrees/ZK-v8-no-work-100-20260907/docs/research/v8-no-work-100-20260907/experiments/PostQueryFunctional.lean:152:4: warning: This simp argument is unused:
  Polynomial.eval_sub

Hint: Omit it from the simp argument list.
  simp only [funext_iff, residual, Pi.zero_apply, sub_eq_zero, Prefix.difference, P̵o̵l̵y̵n̵o̵m̵i̵a̵l̵.̵e̵v̵a̵l̵_̵s̵u̵b̵,̵ ̵noise, lineEval,
  ̲  ̲ ̲ ̲sub_left_inj]

Note: This linter can be disabled with `set_option linter.unusedSimpArgs false`
/Users/dominic/ZK/.worktrees/ZK-v8-no-work-100-20260907/docs/research/v8-no-work-100-20260907/experiments/PostQueryFunctional.lean:152:42: warning: This simp argument is unused:
  sub_left_inj

Hint: Omit it from the simp argument list.
  simp only [funext_iff, residual, Pi.zero_apply, sub_eq_zero, Prefix.difference,
      Polynomial.eval_sub, noise, lineEval,̵ ̵s̵u̵b̵_̵l̵e̵f̵t̵_̵i̵n̵j̵]

Note: This linter can be disabled with `set_option linter.unusedSimpArgs false`
/Users/dominic/ZK/.worktrees/ZK-v8-no-work-100-20260907/docs/research/v8-no-work-100-20260907/experiments/PostQueryFunctional.lean:154:50: error(lean.unknownIdentifier): Unknown identifier `Prefix`

Note: It is not possible to treat `Prefix` as an implicitly bound variable here because the `autoImplicit` option is set to `false`.
/Users/dominic/ZK/.worktrees/ZK-v8-no-work-100-20260907/docs/research/v8-no-work-100-20260907/experiments/PostQueryFunctional.lean:168:47: error(lean.unknownIdentifier): Unknown identifier `Prefix`

Note: It is not possible to treat `Prefix` as an implicitly bound variable here because the `autoImplicit` option is set to `false`.
/Users/dominic/ZK/.worktrees/ZK-v8-no-work-100-20260907/docs/research/v8-no-work-100-20260907/experiments/PostQueryFunctional.lean:172:14: warning: declaration uses `sorry`
/Users/dominic/ZK/.worktrees/ZK-v8-no-work-100-20260907/docs/research/v8-no-work-100-20260907/experiments/PostQueryFunctional.lean:178:38: error(lean.unknownIdentifier): Unknown identifier `Prefix`

Note: It is not possible to treat `Prefix` as an implicitly bound variable here because the `autoImplicit` option is set to `false`.
/Users/dominic/ZK/.worktrees/ZK-v8-no-work-100-20260907/docs/research/v8-no-work-100-20260907/experiments/PostQueryFunctional.lean:185:43: error(lean.unknownIdentifier): Unknown identifier `Prefix`

Note: It is not possible to treat `Prefix` as an implicitly bound variable here because the `autoImplicit` option is set to `false`.
/Users/dominic/ZK/.worktrees/ZK-v8-no-work-100-20260907/docs/research/v8-no-work-100-20260907/experiments/PostQueryFunctional.lean:190:14: warning: declaration uses `sorry`
/Users/dominic/ZK/.worktrees/ZK-v8-no-work-100-20260907/docs/research/v8-no-work-100-20260907/experiments/PostQueryFunctional.lean:202:0: warning: automatically included section variable(s) unused in theorem `AspisV8.PostQueryFunctional.storedPoint_injective`:
  [DecidableEq K]
  [NeZero 2]
consider restructuring your `variable` declarations so that the variables are not in scope or explicitly omit them:
  omit [DecidableEq K] [NeZero 2] in theorem ...

Note: This linter can be disabled with `set_option linter.unusedSectionVars false`
/Users/dominic/ZK/.worktrees/ZK-v8-no-work-100-20260907/docs/research/v8-no-work-100-20260907/experiments/PostQueryFunctional.lean:207:0: warning: automatically included section variable(s) unused in theorem `AspisV8.PostQueryFunctional.storedPoint_source_pi`:
  [DecidableEq K]
  [NeZero 2]
consider restructuring your `variable` declarations so that the variables are not in scope or explicitly omit them:
  omit [DecidableEq K] [NeZero 2] in theorem ...

Note: This linter can be disabled with `set_option linter.unusedSectionVars false`
'AspisV8.PostQueryFunctional.lineEval_dot' depends on axioms: [propext, Classical.choice, Quot.sound]
'AspisV8.PostQueryFunctional.lineEval_coefficient_fold' depends on axioms: [propext,
 sorryAx,
 Classical.choice,
 Quot.sound]
'AspisV8.PostQueryFunctional.circleFibre_radix4' depends on axioms: [propext, Classical.choice, Quot.sound]
'AspisV8.PostQueryFunctional.circleFibre_fold' depends on axioms: [propext, sorryAx, Classical.choice, Quot.sound]
'AspisV8.PostQueryFunctional.difference_degree' depends on axioms: [propext, sorryAx, Quot.sound]
'AspisV8.PostQueryFunctional.difference_zero_iff' depends on axioms: [propext, sorryAx, Quot.sound]
/Users/dominic/ZK/.worktrees/ZK-v8-no-work-100-20260907/docs/research/v8-no-work-100-20260907/experiments/PostQueryFunctional.lean:225:14: error(lean.unknownIdentifier): Unknown constant `same_prior`
'AspisV8.PostQueryFunctional.post_discrepancy' depends on axioms: [propext, sorryAx, Classical.choice, Quot.sound]
'AspisV8.PostQueryFunctional.residual_zero_iff' depends on axioms: [propext, sorryAx, Classical.choice, Quot.sound]
'AspisV8.PostQueryFunctional.residual_zero_iff_on_image' depends on axioms: [propext,
 sorryAx,
 Classical.choice,
 Quot.sound]
/Users/dominic/ZK/.worktrees/ZK-v8-no-work-100-20260907/docs/research/v8-no-work-100-20260907/experiments/PostQueryFunctional.lean:229:14: error(lean.unknownIdentifier): Unknown constant `exact_residual_zero_iff`
'AspisV8.PostQueryFunctional.tail' depends on axioms: [propext, sorryAx, Classical.choice, Quot.sound]
'AspisV8.PostQueryFunctional.tail_acceptance_iff' depends on axioms: [propext, sorryAx, Classical.choice, Quot.sound]
'AspisV8.PostQueryFunctional.storedPoint_injective' depends on axioms: [propext, Classical.choice, Quot.sound]
'AspisV8.PostQueryFunctional.storedPoint_source_pi' depends on axioms: [propext, Classical.choice, Quot.sound]
'AspisV8.PostQueryFunctional.ordered_stored_points_distinct' depends on axioms: [propext, Classical.choice, Quot.sound]
        8.95 real         2.85 user         2.07 sys
          5524340736  maximum resident set size
                   0  average shared memory size
                   0  average unshared data size
                   0  average unshared stack size
              371596  page reclaims
               45070  page faults
                   0  swaps
                   0  block input operations
                   0  block output operations
                   0  messages sent
                   0  messages received
                   0  signals received
                8509  voluntary context switches
               53826  involuntary context switches
         48963088444  instructions retired
         18708211363  cycles elapsed
           873329120  peak memory footprint
