5e26df14ad5fc674d5ea43d02431f1dc9ef682fa
94459d0f9700388431c26c1261fbfa6974118af0
Lean (version 4.32.0, arm64-apple-darwin24.6.0, commit 8c9756b28d64dab099da31a4c09229a9e6a2ef35, Release)
5d6d1f5be0a0351c1288c975355f944a9ea447d90c8c40d0b57898138ec6cdd8  /Users/dominic/ZK/.worktrees/ZK-v8-no-work-100-20260907/docs/research/v8-no-work-100-20260907/experiments/ImageCallbackInterfaces.lean
4eda76950026ee3690bb26984f5ae8e59cdf3d87c9ccb8a94439cb4d1be0c780  /tmp/aspis-v8-joint-cache.n3hmg5/JointImageGame.olean
/Users/dominic/ZK/.worktrees/ZK-v8-no-work-100-20260907/docs/research/v8-no-work-100-20260907/experiments/ImageCallbackInterfaces.lean:28:0: warning: automatically included section variable(s) unused in theorem `AspisV8.ImageCallbackInterfaces.image_boundary`:
  [DecidableEq K]
consider restructuring your `variable` declarations so that the variables are not in scope or explicitly omit them:
  omit [DecidableEq K] in theorem ...

Note: This linter can be disabled with `set_option linter.unusedSectionVars false`
/Users/dominic/ZK/.worktrees/ZK-v8-no-work-100-20260907/docs/research/v8-no-work-100-20260907/experiments/ImageCallbackInterfaces.lean:36:0: warning: automatically included section variable(s) unused in theorem `AspisV8.ImageCallbackInterfaces.sent_boundary`:
  [DecidableEq K]
consider restructuring your `variable` declarations so that the variables are not in scope or explicitly omit them:
  omit [DecidableEq K] in theorem ...

Note: This linter can be disabled with `set_option linter.unusedSectionVars false`
/Users/dominic/ZK/.worktrees/ZK-v8-no-work-100-20260907/docs/research/v8-no-work-100-20260907/experiments/ImageCallbackInterfaces.lean:40:6: warning: this tactic is never executed

Note: This linter can be disabled with `set_option linter.unreachableTactic false`
/Users/dominic/ZK/.worktrees/ZK-v8-no-work-100-20260907/docs/research/v8-no-work-100-20260907/experiments/ImageCallbackInterfaces.lean:40:6: warning: 'ring' tactic does nothing

Note: This linter can be disabled with `set_option linter.unusedTactic false`
/Users/dominic/ZK/.worktrees/ZK-v8-no-work-100-20260907/docs/research/v8-no-work-100-20260907/experiments/ImageCallbackInterfaces.lean:42:0: warning: automatically included section variable(s) unused in theorem `AspisV8.ImageCallbackInterfaces.game_boundary`:
  [DecidableEq K]
consider restructuring your `variable` declarations so that the variables are not in scope or explicitly omit them:
  omit [DecidableEq K] in theorem ...

Note: This linter can be disabled with `set_option linter.unusedSectionVars false`
/Users/dominic/ZK/.worktrees/ZK-v8-no-work-100-20260907/docs/research/v8-no-work-100-20260907/experiments/ImageCallbackInterfaces.lean:57:0: warning: automatically included section variable(s) unused in theorem `AspisV8.ImageCallbackInterfaces.compact_error_degree`:
  [DecidableEq K]
consider restructuring your `variable` declarations so that the variables are not in scope or explicitly omit them:
  omit [DecidableEq K] in theorem ...

Note: This linter can be disabled with `set_option linter.unusedSectionVars false`
/Users/dominic/ZK/.worktrees/ZK-v8-no-work-100-20260907/docs/research/v8-no-work-100-20260907/experiments/ImageCallbackInterfaces.lean:63:0: warning: automatically included section variable(s) unused in theorem `AspisV8.ImageCallbackInterfaces.compact_error_eval`:
  [DecidableEq K]
consider restructuring your `variable` declarations so that the variables are not in scope or explicitly omit them:
  omit [DecidableEq K] in theorem ...

Note: This linter can be disabled with `set_option linter.unusedSectionVars false`
/Users/dominic/ZK/.worktrees/ZK-v8-no-work-100-20260907/docs/research/v8-no-work-100-20260907/experiments/ImageCallbackInterfaces.lean:76:0: warning: automatically included section variable(s) unused in theorem `AspisV8.ImageCallbackInterfaces.query_injection`:
  [DecidableEq K]
consider restructuring your `variable` declarations so that the variables are not in scope or explicitly omit them:
  omit [DecidableEq K] in theorem ...

Note: This linter can be disabled with `set_option linter.unusedSectionVars false`
/Users/dominic/ZK/.worktrees/ZK-v8-no-work-100-20260907/docs/research/v8-no-work-100-20260907/experiments/ImageCallbackInterfaces.lean:100:0: warning: automatically included section variable(s) unused in theorem `AspisV8.ImageCallbackInterfaces.sparse_image_terminal`:
  [DecidableEq K]
consider restructuring your `variable` declarations so that the variables are not in scope or explicitly omit them:
  omit [DecidableEq K] in theorem ...

Note: This linter can be disabled with `set_option linter.unusedSectionVars false`
/Users/dominic/ZK/.worktrees/ZK-v8-no-work-100-20260907/docs/research/v8-no-work-100-20260907/experiments/ImageCallbackInterfaces.lean:108:0: warning: automatically included section variable(s) unused in theorem `AspisV8.ImageCallbackInterfaces.terminal_zero`:
  [DecidableEq K]
consider restructuring your `variable` declarations so that the variables are not in scope or explicitly omit them:
  omit [DecidableEq K] in theorem ...

Note: This linter can be disabled with `set_option linter.unusedSectionVars false`
'AspisV8.ImageCallbackInterfaces.sent_boundary' depends on axioms: [propext, Classical.choice, Quot.sound]
'AspisV8.ImageCallbackInterfaces.image_boundary' depends on axioms: [propext, Classical.choice, Quot.sound]
'AspisV8.ImageCallbackInterfaces.game_boundary' depends on axioms: [propext, Classical.choice, Quot.sound]
'AspisV8.ImageCallbackInterfaces.compact_error_boundary' depends on axioms: [propext, Classical.choice, Quot.sound]
'AspisV8.ImageCallbackInterfaces.compact_error_degree' depends on axioms: [propext, Classical.choice, Quot.sound]
'AspisV8.ImageCallbackInterfaces.compact_error_eval' depends on axioms: [propext, Classical.choice, Quot.sound]
'AspisV8.ImageCallbackInterfaces.query_injection' depends on axioms: [propext, Classical.choice, Quot.sound]
'AspisV8.ImageCallbackInterfaces.sparse_image_terminal' depends on axioms: [propext, Classical.choice, Quot.sound]
'AspisV8.ImageCallbackInterfaces.terminal_zero' depends on axioms: [propext, Classical.choice, Quot.sound]
        4.05 real         2.54 user         1.73 sys
          5673254912  maximum resident set size
                   0  average shared memory size
                   0  average unshared data size
                   0  average unshared stack size
              421976  page reclaims
                4153  page faults
                   0  swaps
                   0  block input operations
                   0  block output operations
                   0  messages sent
                   0  messages received
                   0  signals received
                 390  voluntary context switches
               15784  involuntary context switches
         44490737006  instructions retired
         16175023192  cycles elapsed
           886141264  peak memory footprint
33b837a6e80e0697281a0195ea87dc5419852b91653523503e228cd79d2535b5  /Users/dominic/ZK/.worktrees/ZK-v8-no-work-100-20260907/docs/research/v8-no-work-100-20260907/experiments/ImageCallbackInterfaces.olean
