RESEARCH_PIN=bbca32e0e30be2c489c6437dd670da164e6d852f
BORROWED_SOURCE_PIN=26a9cd4718aae9f9de7ef1c3394fb74a229085d5
bbca32e0e30be2c489c6437dd670da164e6d852f
26a9cd4718aae9f9de7ef1c3394fb74a229085d5
Lean (version 4.32.0, arm64-apple-darwin24.6.0, commit 8c9756b28d64dab099da31a4c09229a9e6a2ef35, Release)
1f93d5d2d8a5ea9ea98160cab52abc8c8f75abc49bd1cf578eda6a96586debca  /Users/dominic/ZK/.worktrees/ZK-v8-no-work-100-20260907/docs/research/v8-no-work-100-20260907/experiments/PreAnchorEligibility.lean
1bd8c111c1dce4d1b452b64ea23bcfd66653f711e7b012579c21838b2f0d6f10  /Users/dominic/ZK/.worktrees/ZK-v8-no-work-100-20260907/docs/research/v8-no-work-100-20260907/experiments/run_pre_anchor_joint.sh
3a540b9f1fc205bd8dbbb9676413a45e983c564c27f6abb97bcb1fed0859c0e9  /Users/dominic/ZK/.worktrees/ZK-v8-no-work-100-20260907/docs/research/v8-no-work-100-20260907/experiments/PartialFoldRecovery.lean
ac4e4bb059de77d954a24de343d9282ca22ea1a94bf2e5968a7f4344918d28ee  /Users/dominic/ZK/.worktrees/ZK-v8-no-work-100-20260907/docs/research/v8-no-work-100-20260907/experiments/PartialFoldRecovery.olean
cec5a14467730d504a1d907a97171c629695a378266d701296c0d0206fbf64a6  /Users/dominic/ZK/.worktrees/ZK-v8-no-work-100-20260907/docs/research/v8-no-work-100-20260907/experiments/ExactFoldRecovery.lean
a04a1ef54343ab2b884302a71883c1f789ff9dddd9b5dbb696b43406465dc7d6  /Users/dominic/ZK/.worktrees/ZK-v8-no-work-100-20260907/docs/research/v8-no-work-100-20260907/experiments/ExactFoldRecovery.olean
91d8d7a2d8e1ea832459a439482aa858e970cba1608ab7652bdfce3eede632d3  /Users/dominic/ZK/AspisFormal/AspisFormal/V5FriConcreteEncoderApplicability.lean
2ed1ef913f2baaeffd2e0ad289e750ba2b1e2c7282d783de8fedb8904464d8d6  /Users/dominic/ZK/AspisFormal/.lake/build/lib/lean/AspisFormal/V5FriConcreteEncoderApplicability.olean
bbf1448991e8e439db752fcd7c2f140dff7aeddae8c68953203b73c073e99271  /Users/dominic/ZK/AspisFormal/AspisFormal/CircleNaturalBasis.lean
a6b978a44e007a17224b9efb328bd4f3422be9055e405c769d83684b04c8ff87  /Users/dominic/ZK/AspisFormal/.lake/build/lib/lean/AspisFormal/CircleNaturalBasis.olean
2fd4d5d526436d7aa34e367e0d66f3bce70c0c21382ca9ec280f825f0f191244  /Users/dominic/ZK/AspisFormal/AspisFormal/V5FunctionalBatching.lean
14e39d296e473cb164a7a1353baa6e9cb28aaa3245e9ecc070001edbe8bf105c  /Users/dominic/ZK/AspisFormal/.lake/build/lib/lean/AspisFormal/V5FunctionalBatching.olean
1d91ec87e0276c06e2fa4a4cc69f8e32f2cdb9c010f5b3928a61701271623f03  /Users/dominic/ZK/AspisFormal/AspisFormal/V5FriConcreteEncoderCommutation.lean
4f9abb1d140d1688584342e48d204426fd446e766f6308976bc6b421a4ab97bb  /Users/dominic/ZK/AspisFormal/.lake/build/lib/lean/AspisFormal/V5FriConcreteEncoderCommutation.olean
53740fe4db3e4e691d6fc1e368ed2f273d09cbd11768765a5c196f750df36452  /Users/dominic/ZK/AspisFormal/AspisFormal/V5FriInitialListBound.lean
ce3ee8983bab47af82b65db792be432b2bd292f4fa5b6b5f648563764cd0c5da  /Users/dominic/ZK/AspisFormal/.lake/build/lib/lean/AspisFormal/V5FriInitialListBound.olean
0641318603afdaf3f1b1bf9b66c418da67049160973348468f4c3fafadefa4dd  /Users/dominic/ZK/AspisFormal/AspisFormal/V5FriNaturalBasisRadix4.lean
2efab3a993a7bff289730ab47ff963bda9a94a301e6fbc89af57b9044d989f31  /Users/dominic/ZK/AspisFormal/.lake/build/lib/lean/AspisFormal/V5FriNaturalBasisRadix4.olean
127ea451736936d8fb077e065efb7d49719af776b3782dc82af4b97076be3a9a  /Users/dominic/ZK/AspisFormal/AspisFormal/CircleNaturalBasisEval.lean
a1598ab895a808862c8ae3ea786b09c961cca67c252f7f305aba7a3b638cb124  /Users/dominic/ZK/AspisFormal/.lake/build/lib/lean/AspisFormal/CircleNaturalBasisEval.olean
765578d21962840ae1f5466cdf25e0fecb81884fe4e83caafc3dbb9f56577ef0  /Users/dominic/ZK/AspisFormal/AspisFormal/SoundnessLedger.lean
6357cd5e2e3dde9f3b2498b6f4051b9e007297445bd1c586d745889dcce25afb  /Users/dominic/ZK/AspisFormal/.lake/build/lib/lean/AspisFormal/SoundnessLedger.olean
a78ce6a73600105563c8274f460489463d91a7f4149ca2ce369a5373fdfe074f  /Users/dominic/ZK/AspisFormal/AspisFormal/V5FriCoherentCandidateExtraction.lean
f2437d2d3f16a1f819c1a716030737d0265d3723848e2cc85e7d0d424b84b243  /Users/dominic/ZK/AspisFormal/.lake/build/lib/lean/AspisFormal/V5FriCoherentCandidateExtraction.olean
584580d477b9462f4731035aef0d44b50e4cc30008c2f4046243fefadd147021  /Users/dominic/ZK/AspisFormal/AspisFormal/V5FriJohnsonListBound.lean
ae390e593dbd5ff604c3e7775719bf092012a551bfabacbd8748f8044d768ca8  /Users/dominic/ZK/AspisFormal/.lake/build/lib/lean/AspisFormal/V5FriJohnsonListBound.olean
47fe5848ecf996b47bd0241818e8620bdf2c8b270e9fa9b26d5221f256845bad  /Users/dominic/ZK/AspisFormal/AspisFormal/CircleFibreRoots.lean
b6a6661a35b17b15cf824d0ab2decebf19a1084f03b8d399ddc395b9d05340e3  /Users/dominic/ZK/AspisFormal/.lake/build/lib/lean/AspisFormal/CircleFibreRoots.olean
867bb6d90213c9b44caa9106538d2db8d8a55f5619934410bc632e7bd3bdf959  /Users/dominic/ZK/AspisFormal/AspisFormal/CircleGroupOrder.lean
39ea3fa6eb53446ecf6cd4a3856219165b247c4175cf79a28313a55958b15597  /Users/dominic/ZK/AspisFormal/.lake/build/lib/lean/AspisFormal/CircleGroupOrder.olean
bada16fd76a4eebeede8ef6c004db7af753966cd61b244abf2abc73470fbfbad  /Users/dominic/ZK/AspisFormal/AspisFormal/V5ComponentCConcreteFoldLinearity.lean
fa7658c4f3cd058cedebe0f696246b9b933532523c60c19b18bf87361bcebc3c  /Users/dominic/ZK/AspisFormal/.lake/build/lib/lean/AspisFormal/V5ComponentCConcreteFoldLinearity.olean
c2c620a4a49918e2a98c83aa1a5e8e8d41d6955dcc7c1b95f9193116dfd2c097  /Users/dominic/ZK/AspisFormal/AspisFormal/V5FriListCap.lean
20e429ca2ce279400aa2055ef206446ae36d95e31af221f4d958d9df16b756a5  /Users/dominic/ZK/AspisFormal/.lake/build/lib/lean/AspisFormal/V5FriListCap.olean
bb19968503af14c17ab76f1a91f52e92326a5f20a4da98a2f6c65bfb4a5ff0d5  /Users/dominic/ZK/AspisFormal/AspisFormal/V5WithoutReplacementQuerySoundness.lean
2498f029ae406fc5f495e259979f389df65bba4cd4baca5bbb5f7d4f8a0e22b1  /Users/dominic/ZK/AspisFormal/.lake/build/lib/lean/AspisFormal/V5WithoutReplacementQuerySoundness.olean
9c5bf984a8c4ed7c7854d68673a37a3847ff24783554f451920d4ff95d68b97e  /Users/dominic/ZK/AspisFormal/.lake/packages/mathlib/.lake/build/lib/lean/Mathlib.olean
'AspisV8.PreAnchorEligibility.eligible_subset' depends on axioms: [propext, Classical.choice, Quot.sound]
'AspisV8.PreAnchorEligibility.eligible_mem' depends on axioms: [propext, Classical.choice, Quot.sound]
       21.86 real         1.85 user         3.02 sys
          5569216512  maximum resident set size
                   0  average shared memory size
                   0  average unshared data size
                   0  average unshared stack size
              261702  page reclaims
              163993  page faults
                   0  swaps
                   0  block input operations
                   0  block output operations
                   0  messages sent
                   0  messages received
                   0  signals received
               42221  voluntary context switches
              142412  involuntary context switches
         44790775733  instructions retired
         18226787115  cycles elapsed
           862531632  peak memory footprint
LEAN_EXIT=0
20399ebcf9642ea935d12e78b8f2933efad04ed4ea2dfb0b30086a3bfc311185  /Users/dominic/ZK/.worktrees/ZK-v8-no-work-100-20260907/docs/research/v8-no-work-100-20260907/experiments/PreAnchorEligibility.olean
PROVENANCE_UNCHANGED=true
