REMOTE_TASK=/home/dombarker/project-offloads/aspis-higher-y.fMoMeX
TARGET=QuadraticParitySeparable
RESEARCH_PIN=289d7356c78a4cd493fe61a54f9548f2a0c11298
BORROWED_SOURCE_PIN=26a9cd4718aae9f9de7ef1c3394fb74a229085d5
Lean (version 4.32.0, x86_64-unknown-linux-gnu, commit 8c9756b28d64dab099da31a4c09229a9e6a2ef35, Release)
1442b947611aaf55b9dd53fe736f2cac24b2a3519bf4f3c3b873085a0f3d4263  /home/dombarker/project-offloads/aspis-higher-y.fMoMeX/quadratic-parity-separable-nuc-v1-manifest.json
e44368ab0015f669a15f1860d9c2100e0a9ab368adb6102595b95a029bda88fc  /home/dombarker/project-offloads/aspis-higher-y.fMoMeX/overlay/QuadraticParitySeparable.lean
e44368ab0015f669a15f1860d9c2100e0a9ab368adb6102595b95a029bda88fc  /home/dombarker/project-offloads/aspis-higher-y.fMoMeX/quadratic-parity-separable-nuc-v1-source.txt
5780e61b4d286905ab912bb6ab8e103a20908f78c11bea415db40a5fad110e52  /home/dombarker/project-offloads/aspis-higher-y.fMoMeX/run_higher_y_nuc.sh
OVERLAY_PROVENANCE_PASS=817
NATIVE_PACKAGE_CACHE_BOUNDARY=pinned revisions; not a replay of package compilation
CGROUP=/user.slice/user-1000.slice/user@1000.service/app.slice/aspis-higher-y-quadratic-parity-separable-nuc-v1.scope
memory.high=8589934592
memory.max=10737418240
memory.swap.max=0
cpu.max=200000 100000
COMMAND=/home/dombarker/.elan/toolchains/leanprover--lean4---v4.32.0/bin/lean -j1 -M9500 -R /home/dombarker/project-offloads/aspis-higher-y.fMoMeX/overlay -o /home/dombarker/project-offloads/aspis-higher-y.fMoMeX/overlay/QuadraticParitySeparable.olean /home/dombarker/project-offloads/aspis-higher-y.fMoMeX/overlay/QuadraticParitySeparable.lean
/home/dombarker/project-offloads/aspis-higher-y.fMoMeX/overlay/QuadraticParitySeparable.lean:38:54: error: Application type mismatch: The argument
  derivativeDivides
has type
  P ∣ derivative P * S + P * derivative S
but is expected to have type
  P ∣ P * derivative S + derivative P * S
in the application
  (dvd_add_right (dvd_mul_right P (derivative S))).mp derivativeDivides
'AspisV8.QuadraticParitySeparable.separable_of_squarefree_of_factor_derivatives' depends on axioms: [propext,
 sorryAx,
 Classical.choice,
 Quot.sound]
'AspisV8.QuadraticParitySeparable.resultant_nonzero_of_squarefree_of_factor_derivatives' depends on axioms: [propext,
 sorryAx,
 Classical.choice,
 Quot.sound]
Command exited with non-zero status 1
	Command being timed: "/home/dombarker/.elan/toolchains/leanprover--lean4---v4.32.0/bin/lean -j1 -M9500 -R /home/dombarker/project-offloads/aspis-higher-y.fMoMeX/overlay -o /home/dombarker/project-offloads/aspis-higher-y.fMoMeX/overlay/QuadraticParitySeparable.olean /home/dombarker/project-offloads/aspis-higher-y.fMoMeX/overlay/QuadraticParitySeparable.lean"
	User time (seconds): 4.10
	System time (seconds): 0.34
	Percent of CPU this job got: 99%
	Elapsed (wall clock) time (h:mm:ss or m:ss): 0:04.44
	Average shared text size (kbytes): 0
	Average unshared data size (kbytes): 0
	Average stack size (kbytes): 0
	Average total size (kbytes): 0
	Maximum resident set size (kbytes): 2408632
	Average resident set size (kbytes): 0
	Major (requiring I/O) page faults: 0
	Minor (reclaiming a frame) page faults: 51563
	Voluntary context switches: 281
	Involuntary context switches: 61
	Swaps: 0
	File system inputs: 0
	File system outputs: 0
	Socket messages sent: 0
	Socket messages received: 0
	Signals delivered: 0
	Page size (bytes): 4096
	Exit status: 1
LEAN_EXIT=1
