REMOTE_TASK=/home/dombarker/project-offloads/aspis-higher-y.fMoMeX
TARGET=QuadraticSpecializationTotal
RESEARCH_PIN=289d7356c78a4cd493fe61a54f9548f2a0c11298
BORROWED_SOURCE_PIN=26a9cd4718aae9f9de7ef1c3394fb74a229085d5
Lean (version 4.32.0, x86_64-unknown-linux-gnu, commit 8c9756b28d64dab099da31a4c09229a9e6a2ef35, Release)
a62fc243fc627ca7fa482c625d76981e4dd2a81d85a104aba25f42f4cab88335  /home/dombarker/project-offloads/aspis-higher-y.fMoMeX/quadratic-specialization-total-nuc-v1-manifest.json
c2a834141a04514bfb992984eff75b9730896582c3ac24d1a970ae4eb5d69238  /home/dombarker/project-offloads/aspis-higher-y.fMoMeX/overlay/QuadraticSpecializationTotal.lean
c2a834141a04514bfb992984eff75b9730896582c3ac24d1a970ae4eb5d69238  /home/dombarker/project-offloads/aspis-higher-y.fMoMeX/quadratic-specialization-total-nuc-v1-source.txt
5780e61b4d286905ab912bb6ab8e103a20908f78c11bea415db40a5fad110e52  /home/dombarker/project-offloads/aspis-higher-y.fMoMeX/run_higher_y_nuc.sh
OVERLAY_PROVENANCE_PASS=829
NATIVE_PACKAGE_CACHE_BOUNDARY=pinned revisions; not a replay of package compilation
CGROUP=/user.slice/user-1000.slice/user@1000.service/app.slice/aspis-higher-y-quadratic-specialization-total-nuc-v1.scope
memory.high=8589934592
memory.max=10737418240
memory.swap.max=0
cpu.max=200000 100000
COMMAND=/home/dombarker/.elan/toolchains/leanprover--lean4---v4.32.0/bin/lean -j1 -M9500 -R /home/dombarker/project-offloads/aspis-higher-y.fMoMeX/overlay -o /home/dombarker/project-offloads/aspis-higher-y.fMoMeX/overlay/QuadraticSpecializationTotal.olean /home/dombarker/project-offloads/aspis-higher-y.fMoMeX/overlay/QuadraticSpecializationTotal.lean
'AspisV8.QuadraticSpecializationTotal.zero_specialization_forces_fixed_root' depends on axioms: [propext,
 Classical.choice,
 Quot.sound]
'AspisV8.QuadraticSpecializationTotal.zero_specializations_card_le' depends on axioms: [propext,
 Classical.choice,
 Quot.sound]
'AspisV8.QuadraticSpecializationTotal.total_even_roots_card_le' depends on axioms: [propext,
 Classical.choice,
 Quot.sound]
'AspisV8.QuadraticSpecializationTotal.total_odd_roots_card_le' depends on axioms: [propext,
 Classical.choice,
 Quot.sound]
	Command being timed: "/home/dombarker/.elan/toolchains/leanprover--lean4---v4.32.0/bin/lean -j1 -M9500 -R /home/dombarker/project-offloads/aspis-higher-y.fMoMeX/overlay -o /home/dombarker/project-offloads/aspis-higher-y.fMoMeX/overlay/QuadraticSpecializationTotal.olean /home/dombarker/project-offloads/aspis-higher-y.fMoMeX/overlay/QuadraticSpecializationTotal.lean"
	User time (seconds): 2.01
	System time (seconds): 1.06
	Percent of CPU this job got: 99%
	Elapsed (wall clock) time (h:mm:ss or m:ss): 0:03.08
	Average shared text size (kbytes): 0
	Average unshared data size (kbytes): 0
	Average stack size (kbytes): 0
	Average total size (kbytes): 0
	Maximum resident set size (kbytes): 6833212
	Average resident set size (kbytes): 0
	Major (requiring I/O) page faults: 0
	Minor (reclaiming a frame) page faults: 142116
	Voluntary context switches: 394
	Involuntary context switches: 187
	Swaps: 0
	File system inputs: 0
	File system outputs: 328
	Socket messages sent: 0
	Socket messages received: 0
	Signals delivered: 0
	Page size (bytes): 4096
	Exit status: 0
LEAN_EXIT=0
a6b0261c9e3ea944713ac51caae9b05e8c0130cdbb1a34a46c24a431cfc982f3  /home/dombarker/project-offloads/aspis-higher-y.fMoMeX/overlay/QuadraticSpecializationTotal.olean
OVERLAY_PROVENANCE_PASS=829
NATIVE_PACKAGE_CACHE_BOUNDARY=pinned revisions; not a replay of package compilation
PROVENANCE_UNCHANGED=true
