REMOTE_TASK=/home/dombarker/project-offloads/aspis-higher-y.fMoMeX
TARGET=QuadraticSelectedDegree
RESEARCH_PIN=289d7356c78a4cd493fe61a54f9548f2a0c11298
BORROWED_SOURCE_PIN=26a9cd4718aae9f9de7ef1c3394fb74a229085d5
Lean (version 4.32.0, x86_64-unknown-linux-gnu, commit 8c9756b28d64dab099da31a4c09229a9e6a2ef35, Release)
63b0471963b59a82efb866cdc1c4f39333b9c04d703702e8ae7d4f7ce1cdef96  /home/dombarker/project-offloads/aspis-higher-y.fMoMeX/quadratic-selected-degree-nuc-v3-manifest.json
40f8774161e674af6cbfc6ad72ee40bbffc8df63b50539c7346e9e58119c9e6e  /home/dombarker/project-offloads/aspis-higher-y.fMoMeX/overlay/QuadraticSelectedDegree.lean
40f8774161e674af6cbfc6ad72ee40bbffc8df63b50539c7346e9e58119c9e6e  /home/dombarker/project-offloads/aspis-higher-y.fMoMeX/quadratic-selected-degree-nuc-v3-source.txt
5780e61b4d286905ab912bb6ab8e103a20908f78c11bea415db40a5fad110e52  /home/dombarker/project-offloads/aspis-higher-y.fMoMeX/run_higher_y_nuc.sh
OVERLAY_PROVENANCE_PASS=839
NATIVE_PACKAGE_CACHE_BOUNDARY=pinned revisions; not a replay of package compilation
CGROUP=/user.slice/user-1000.slice/user@1000.service/app.slice/aspis-higher-y-quadratic-selected-degree-nuc-v3.scope
memory.high=8589934592
memory.max=10737418240
memory.swap.max=0
cpu.max=200000 100000
COMMAND=/home/dombarker/.elan/toolchains/leanprover--lean4---v4.32.0/bin/lean -j1 -M9500 -R /home/dombarker/project-offloads/aspis-higher-y.fMoMeX/overlay -o /home/dombarker/project-offloads/aspis-higher-y.fMoMeX/overlay/QuadraticSelectedDegree.olean /home/dombarker/project-offloads/aspis-higher-y.fMoMeX/overlay/QuadraticSelectedDegree.lean
/home/dombarker/project-offloads/aspis-higher-y.fMoMeX/overlay/QuadraticSelectedDegree.lean:71:2: error: omega could not prove the goal:
a possible counterexample may satisfy the constraints
  d ≥ 229375
  0 ≤ c ≤ 114687
  b ≥ 0
  2*b - d ≥ 0
  a ≥ 0
  a - b ≥ 0
where
 a := ↑((trivariateXOuterEquiv K) (parent c1 c2)).natDegree
 b := ↑((trivariateXOuterEquiv K) F).natDegree
 c := ↑((trivariateXOuterEquiv SelectedReceivedOracle.K) (parent c1 c2)).natDegree
 d := ↑(QuadraticFactorSource.discriminant F).natDegree
'AspisV8.QuadraticSelectedDegree.coefficient_x_degree_le' depends on axioms: [propext, Classical.choice, Quot.sound]
'AspisV8.QuadraticSelectedDegree.discriminant_x_degree_le' depends on axioms: [propext, Classical.choice, Quot.sound]
'AspisV8.QuadraticSelectedDegree.selected_discriminant_x_degree_le' depends on axioms: [propext,
 sorryAx,
 Classical.choice,
 Quot.sound]
'AspisV8.QuadraticSelectedDegree.selected_discriminant_lt_characteristic' depends on axioms: [propext,
 sorryAx,
 Classical.choice,
 Quot.sound]
Command exited with non-zero status 1
	Command being timed: "/home/dombarker/.elan/toolchains/leanprover--lean4---v4.32.0/bin/lean -j1 -M9500 -R /home/dombarker/project-offloads/aspis-higher-y.fMoMeX/overlay -o /home/dombarker/project-offloads/aspis-higher-y.fMoMeX/overlay/QuadraticSelectedDegree.olean /home/dombarker/project-offloads/aspis-higher-y.fMoMeX/overlay/QuadraticSelectedDegree.lean"
	User time (seconds): 1.73
	System time (seconds): 1.06
	Percent of CPU this job got: 99%
	Elapsed (wall clock) time (h:mm:ss or m:ss): 0:02.80
	Average shared text size (kbytes): 0
	Average unshared data size (kbytes): 0
	Average stack size (kbytes): 0
	Average total size (kbytes): 0
	Maximum resident set size (kbytes): 6828576
	Average resident set size (kbytes): 0
	Major (requiring I/O) page faults: 0
	Minor (reclaiming a frame) page faults: 141894
	Voluntary context switches: 357
	Involuntary context switches: 157
	Swaps: 0
	File system inputs: 0
	File system outputs: 0
	Socket messages sent: 0
	Socket messages received: 0
	Signals delivered: 0
	Page size (bytes): 4096
	Exit status: 1
LEAN_EXIT=1
