REMOTE_TASK=/home/dombarker/project-offloads/aspis-higher-y.fMoMeX
TARGET=QuadraticSpecializationKernel
RESEARCH_PIN=289d7356c78a4cd493fe61a54f9548f2a0c11298
BORROWED_SOURCE_PIN=26a9cd4718aae9f9de7ef1c3394fb74a229085d5
Lean (version 4.32.0, x86_64-unknown-linux-gnu, commit 8c9756b28d64dab099da31a4c09229a9e6a2ef35, Release)
2979ed78bf4c98d04a7cfd78ba8832c5671b5d5a5d395d5f8933b9a0139595f3  /home/dombarker/project-offloads/aspis-higher-y.fMoMeX/quadratic-specialization-kernel-nuc-v2-manifest.json
9f1dab542bfe667989bc5dc9db2699e737030f45146eb6337587562b694dc380  /home/dombarker/project-offloads/aspis-higher-y.fMoMeX/overlay/QuadraticSpecializationKernel.lean
9f1dab542bfe667989bc5dc9db2699e737030f45146eb6337587562b694dc380  /home/dombarker/project-offloads/aspis-higher-y.fMoMeX/quadratic-specialization-kernel-nuc-v2-source.txt
5780e61b4d286905ab912bb6ab8e103a20908f78c11bea415db40a5fad110e52  /home/dombarker/project-offloads/aspis-higher-y.fMoMeX/run_higher_y_nuc.sh
OVERLAY_PROVENANCE_PASS=803
NATIVE_PACKAGE_CACHE_BOUNDARY=pinned revisions; not a replay of package compilation
CGROUP=/user.slice/user-1000.slice/user@1000.service/app.slice/aspis-higher-y-quadratic-specialization-kernel-nuc-v2.scope
memory.high=8589934592
memory.max=10737418240
memory.swap.max=0
cpu.max=200000 100000
COMMAND=/home/dombarker/.elan/toolchains/leanprover--lean4---v4.32.0/bin/lean -j1 -M9500 -R /home/dombarker/project-offloads/aspis-higher-y.fMoMeX/overlay -o /home/dombarker/project-offloads/aspis-higher-y.fMoMeX/overlay/QuadraticSpecializationKernel.olean /home/dombarker/project-offloads/aspis-higher-y.fMoMeX/overlay/QuadraticSpecializationKernel.lean
'AspisV8.QuadraticSpecializationKernel.discriminant_square_of_root' depends on axioms: [propext]
'AspisV8.QuadraticSpecializationKernel.square_kernel_identity' depends on axioms: [propext,
 Classical.choice,
 Quot.sound]
'AspisV8.QuadraticSpecializationKernel.square_kernel_pair_injective' depends on axioms: [propext,
 Classical.choice,
 Quot.sound]
'AspisV8.QuadraticSpecializationKernel.square_kernel_pair_add' depends on axioms: [propext,
 Classical.choice,
 Quot.sound]
'AspisV8.QuadraticSpecializationKernel.square_kernel_pair_smul' depends on axioms: [propext,
 Classical.choice,
 Quot.sound]
'AspisV8.QuadraticSpecializationKernel.square_kernel_pair_degree' depends on axioms: [propext,
 Classical.choice,
 Quot.sound]
'AspisV8.QuadraticSpecializationKernel.square_degree_bounds' depends on axioms: [propext, Classical.choice, Quot.sound]
'AspisV8.QuadraticSpecializationKernel.actual_sylvester_map_zero' depends on axioms: [propext,
 Classical.choice,
 Quot.sound]
	Command being timed: "/home/dombarker/.elan/toolchains/leanprover--lean4---v4.32.0/bin/lean -j1 -M9500 -R /home/dombarker/project-offloads/aspis-higher-y.fMoMeX/overlay -o /home/dombarker/project-offloads/aspis-higher-y.fMoMeX/overlay/QuadraticSpecializationKernel.olean /home/dombarker/project-offloads/aspis-higher-y.fMoMeX/overlay/QuadraticSpecializationKernel.lean"
	User time (seconds): 1.06
	System time (seconds): 0.34
	Percent of CPU this job got: 100%
	Elapsed (wall clock) time (h:mm:ss or m:ss): 0:01.40
	Average shared text size (kbytes): 0
	Average unshared data size (kbytes): 0
	Average stack size (kbytes): 0
	Average total size (kbytes): 0
	Maximum resident set size (kbytes): 2423732
	Average resident set size (kbytes): 0
	Major (requiring I/O) page faults: 0
	Minor (reclaiming a frame) page faults: 52295
	Voluntary context switches: 506
	Involuntary context switches: 63
	Swaps: 0
	File system inputs: 0
	File system outputs: 648
	Socket messages sent: 0
	Socket messages received: 0
	Signals delivered: 0
	Page size (bytes): 4096
	Exit status: 0
LEAN_EXIT=0
217c4bdf127cc6350208331e64fec8b19c9f6c19a9d240b300f897791a83cbf0  /home/dombarker/project-offloads/aspis-higher-y.fMoMeX/overlay/QuadraticSpecializationKernel.olean
OVERLAY_PROVENANCE_PASS=803
NATIVE_PACKAGE_CACHE_BOUNDARY=pinned revisions; not a replay of package compilation
PROVENANCE_UNCHANGED=true
