REMOTE_TASK=/home/dombarker/project-offloads/aspis-higher-y.fMoMeX
TARGET=QuadraticSpecializationDeterminant
RESEARCH_PIN=289d7356c78a4cd493fe61a54f9548f2a0c11298
BORROWED_SOURCE_PIN=26a9cd4718aae9f9de7ef1c3394fb74a229085d5
Lean (version 4.32.0, x86_64-unknown-linux-gnu, commit 8c9756b28d64dab099da31a4c09229a9e6a2ef35, Release)
b79801f7962588f410450dbd7e9b42cc5045a904439607db7fb17b15a66c32b2  /home/dombarker/project-offloads/aspis-higher-y.fMoMeX/quadratic-specialization-determinant-nuc-v3-manifest.json
dd39aa552da3353ad081ecc26ac3df14cde9a5afc5a4604860ea2eddf1f9aa23  /home/dombarker/project-offloads/aspis-higher-y.fMoMeX/overlay/QuadraticSpecializationDeterminant.lean
dd39aa552da3353ad081ecc26ac3df14cde9a5afc5a4604860ea2eddf1f9aa23  /home/dombarker/project-offloads/aspis-higher-y.fMoMeX/quadratic-specialization-determinant-nuc-v3-source.txt
5780e61b4d286905ab912bb6ab8e103a20908f78c11bea415db40a5fad110e52  /home/dombarker/project-offloads/aspis-higher-y.fMoMeX/run_higher_y_nuc.sh
OVERLAY_PROVENANCE_PASS=799
NATIVE_PACKAGE_CACHE_BOUNDARY=pinned revisions; not a replay of package compilation
CGROUP=/user.slice/user-1000.slice/user@1000.service/app.slice/aspis-higher-y-quadratic-specialization-determinant-nuc-v3.scope
memory.high=8589934592
memory.max=10737418240
memory.swap.max=0
cpu.max=200000 100000
COMMAND=/home/dombarker/.elan/toolchains/leanprover--lean4---v4.32.0/bin/lean -j1 -M9500 -R /home/dombarker/project-offloads/aspis-higher-y.fMoMeX/overlay -o /home/dombarker/project-offloads/aspis-higher-y.fMoMeX/overlay/QuadraticSpecializationDeterminant.olean /home/dombarker/project-offloads/aspis-higher-y.fMoMeX/overlay/QuadraticSpecializationDeterminant.lean
'AspisV8.QuadraticSpecializationDeterminant.selected_product_divisibility' depends on axioms: [propext, Quot.sound]
'AspisV8.QuadraticSpecializationDeterminant.selected_columns_pow_dvd_det' depends on axioms: [propext,
 Classical.choice,
 Quot.sound]
'AspisV8.QuadraticSpecializationDeterminant.eval_mul_constant' depends on axioms: [propext,
 Classical.choice,
 Quot.sound]
'AspisV8.QuadraticSpecializationDeterminant.kernel_columns_pow_dvd_det' depends on axioms: [propext,
 Classical.choice,
 Quot.sound]
'AspisV8.QuadraticSpecializationDeterminant.multiplicity_card_bound' depends on axioms: [propext,
 Classical.choice,
 Quot.sound]
	Command being timed: "/home/dombarker/.elan/toolchains/leanprover--lean4---v4.32.0/bin/lean -j1 -M9500 -R /home/dombarker/project-offloads/aspis-higher-y.fMoMeX/overlay -o /home/dombarker/project-offloads/aspis-higher-y.fMoMeX/overlay/QuadraticSpecializationDeterminant.olean /home/dombarker/project-offloads/aspis-higher-y.fMoMeX/overlay/QuadraticSpecializationDeterminant.lean"
	User time (seconds): 0.75
	System time (seconds): 0.33
	Percent of CPU this job got: 100%
	Elapsed (wall clock) time (h:mm:ss or m:ss): 0:01.08
	Average shared text size (kbytes): 0
	Average unshared data size (kbytes): 0
	Average stack size (kbytes): 0
	Average total size (kbytes): 0
	Maximum resident set size (kbytes): 2182204
	Average resident set size (kbytes): 0
	Major (requiring I/O) page faults: 0
	Minor (reclaiming a frame) page faults: 47864
	Voluntary context switches: 360
	Involuntary context switches: 46
	Swaps: 0
	File system inputs: 0
	File system outputs: 288
	Socket messages sent: 0
	Socket messages received: 0
	Signals delivered: 0
	Page size (bytes): 4096
	Exit status: 0
LEAN_EXIT=0
c6911ac8f4e0a8f402cacaf0cbb80c0411a938b3a064da03c58a3b3dce9395af  /home/dombarker/project-offloads/aspis-higher-y.fMoMeX/overlay/QuadraticSpecializationDeterminant.olean
OVERLAY_PROVENANCE_PASS=799
NATIVE_PACKAGE_CACHE_BOUNDARY=pinned revisions; not a replay of package compilation
PROVENANCE_UNCHANGED=true
