REMOTE_TASK=/home/dombarker/project-offloads/aspis-masked-tail.m4IQIB
TARGET=QuotientFamilyCore
RESEARCH_PIN=bc23dfeb647320c4fbf09012cd92da1a6a5fa95a
BORROWED_SOURCE_PIN=26a9cd4718aae9f9de7ef1c3394fb74a229085d5
Lean (version 4.32.0, x86_64-unknown-linux-gnu, commit 8c9756b28d64dab099da31a4c09229a9e6a2ef35, Release)
275763974478c4a4b8683ce733d689f9db5e796633c6d98508209312af12f3ee  /home/dombarker/project-offloads/aspis-masked-tail.m4IQIB/quotient-family-core-nuc-v2-manifest.json
a6e3a839415cb7365e982242bd526b0735c95e9f1cd6e1632f571ff6e0d68dfd  /home/dombarker/project-offloads/aspis-masked-tail.m4IQIB/overlay/QuotientFamilyCore.lean
6aa01af0af9b1b70aa1218c125b49118d95ff12b56b4dc00f3b0c054b348ba70  /home/dombarker/project-offloads/aspis-masked-tail.m4IQIB/run_quotient_family_nuc.sh
OVERLAY_PROVENANCE_PASS=683
NATIVE_PACKAGE_CACHE_BOUNDARY=pinned revisions; not a replay of package compilation
CGROUP=/user.slice/user-1000.slice/user@1000.service/app.slice/aspis-tail-quotient-family-core-nuc-v2.scope
memory.high=8589934592
memory.max=10737418240
memory.swap.max=0
cpu.max=200000 100000
COMMAND=/home/dombarker/.elan/toolchains/leanprover--lean4---v4.32.0/bin/lean -j1 -M9500 -R /home/dombarker/project-offloads/aspis-masked-tail.m4IQIB/overlay -o /home/dombarker/project-offloads/aspis-masked-tail.m4IQIB/overlay/QuotientFamilyCore.olean /home/dombarker/project-offloads/aspis-masked-tail.m4IQIB/overlay/QuotientFamilyCore.lean
'AspisV8.QuotientFamilyCore.fullSupport_eq_joint' depends on axioms: [propext, Classical.choice, Quot.sound]
'AspisV8.QuotientFamilyCore.fullSupport_intersection_le' depends on axioms: [propext, Classical.choice, Quot.sound]
'AspisV8.QuotientFamilyCore.finite_subfamily_card_le_99' depends on axioms: [propext, Classical.choice, Quot.sound]
'AspisV8.QuotientFamilyCore.exact_finite_family' depends on axioms: [propext, Classical.choice, Quot.sound]
	Command being timed: "/home/dombarker/.elan/toolchains/leanprover--lean4---v4.32.0/bin/lean -j1 -M9500 -R /home/dombarker/project-offloads/aspis-masked-tail.m4IQIB/overlay -o /home/dombarker/project-offloads/aspis-masked-tail.m4IQIB/overlay/QuotientFamilyCore.olean /home/dombarker/project-offloads/aspis-masked-tail.m4IQIB/overlay/QuotientFamilyCore.lean"
	User time (seconds): 1.92
	System time (seconds): 1.03
	Percent of CPU this job got: 99%
	Elapsed (wall clock) time (h:mm:ss or m:ss): 0:02.96
	Average shared text size (kbytes): 0
	Average unshared data size (kbytes): 0
	Average stack size (kbytes): 0
	Average total size (kbytes): 0
	Maximum resident set size (kbytes): 6684452
	Average resident set size (kbytes): 0
	Major (requiring I/O) page faults: 0
	Minor (reclaiming a frame) page faults: 139834
	Voluntary context switches: 302
	Involuntary context switches: 184
	Swaps: 0
	File system inputs: 0
	File system outputs: 352
	Socket messages sent: 0
	Socket messages received: 0
	Signals delivered: 0
	Page size (bytes): 4096
	Exit status: 0
LEAN_EXIT=0
3a78e164994d8ba84200fea9936eb3c41a7d00fe29b2c630f02899099a8df3e3  /home/dombarker/project-offloads/aspis-masked-tail.m4IQIB/overlay/QuotientFamilyCore.olean
OVERLAY_PROVENANCE_PASS=683
NATIVE_PACKAGE_CACHE_BOUNDARY=pinned revisions; not a replay of package compilation
PROVENANCE_UNCHANGED=true
