REMOTE_TASK=/home/dombarker/project-offloads/aspis-masked-tail.m4IQIB
TARGET=QuotientFamilyCore
RESEARCH_PIN=bc23dfeb647320c4fbf09012cd92da1a6a5fa95a
BORROWED_SOURCE_PIN=26a9cd4718aae9f9de7ef1c3394fb74a229085d5
Lean (version 4.32.0, x86_64-unknown-linux-gnu, commit 8c9756b28d64dab099da31a4c09229a9e6a2ef35, Release)
9beeaca27f6403a1ed613f067e3341159e3a7bd5f6840684c68a4271219a8cff  /home/dombarker/project-offloads/aspis-masked-tail.m4IQIB/quotient-family-core-nuc-v1-manifest.json
117139c7cc240565435d9cf684f90a0f37da981e26cf05d57ea7e8747b739729  /home/dombarker/project-offloads/aspis-masked-tail.m4IQIB/overlay/QuotientFamilyCore.lean
6aa01af0af9b1b70aa1218c125b49118d95ff12b56b4dc00f3b0c054b348ba70  /home/dombarker/project-offloads/aspis-masked-tail.m4IQIB/run_quotient_family_nuc.sh
OVERLAY_PROVENANCE_PASS=683
NATIVE_PACKAGE_CACHE_BOUNDARY=pinned revisions; not a replay of package compilation
CGROUP=/user.slice/user-1000.slice/user@1000.service/app.slice/aspis-tail-quotient-family-core-nuc-v1.scope
memory.high=8589934592
memory.max=10737418240
memory.swap.max=0
cpu.max=200000 100000
COMMAND=/home/dombarker/.elan/toolchains/leanprover--lean4---v4.32.0/bin/lean -j1 -M9500 -R /home/dombarker/project-offloads/aspis-masked-tail.m4IQIB/overlay -o /home/dombarker/project-offloads/aspis-masked-tail.m4IQIB/overlay/QuotientFamilyCore.olean /home/dombarker/project-offloads/aspis-masked-tail.m4IQIB/overlay/QuotientFamilyCore.lean
/home/dombarker/project-offloads/aspis-masked-tail.m4IQIB/overlay/QuotientFamilyCore.lean:23:20: error(lean.unknownIdentifier): Unknown identifier `coefficientLane`

Note: It is not possible to treat `coefficientLane` as an implicitly bound variable here because the `autoImplicit` option is set to `false`.
/home/dombarker/project-offloads/aspis-masked-tail.m4IQIB/overlay/QuotientFamilyCore.lean:23:45: error(lean.unknownIdentifier): Unknown identifier `coefficientLane`

Note: It is not possible to treat `coefficientLane` as an implicitly bound variable here because the `autoImplicit` option is set to `false`.
/home/dombarker/project-offloads/aspis-masked-tail.m4IQIB/overlay/QuotientFamilyCore.lean:42:21: error(lean.unknownIdentifier): Unknown identifier `coefficientLane`

Note: It is not possible to treat `coefficientLane` as an implicitly bound variable here because the `autoImplicit` option is set to `false`.
/home/dombarker/project-offloads/aspis-masked-tail.m4IQIB/overlay/QuotientFamilyCore.lean:56:27: error(lean.unknownIdentifier): Unknown identifier `different_lane`
/home/dombarker/project-offloads/aspis-masked-tail.m4IQIB/overlay/QuotientFamilyCore.lean:56:9: error: Tactic `rcases` failed: `x✝ : ?m.97` is not an inductive datatype
'AspisV8.QuotientFamilyCore.fullSupport_eq_joint' depends on axioms: [propext, sorryAx, Classical.choice, Quot.sound]
'AspisV8.QuotientFamilyCore.fullSupport_intersection_le' depends on axioms: [propext,
 sorryAx,
 Classical.choice,
 Quot.sound]
'AspisV8.QuotientFamilyCore.finite_subfamily_card_le_99' depends on axioms: [propext,
 sorryAx,
 Classical.choice,
 Quot.sound]
'AspisV8.QuotientFamilyCore.exact_finite_family' depends on axioms: [propext, Classical.choice, Quot.sound]
Command exited with non-zero status 1
	Command being timed: "/home/dombarker/.elan/toolchains/leanprover--lean4---v4.32.0/bin/lean -j1 -M9500 -R /home/dombarker/project-offloads/aspis-masked-tail.m4IQIB/overlay -o /home/dombarker/project-offloads/aspis-masked-tail.m4IQIB/overlay/QuotientFamilyCore.olean /home/dombarker/project-offloads/aspis-masked-tail.m4IQIB/overlay/QuotientFamilyCore.lean"
	User time (seconds): 1.65
	System time (seconds): 1.00
	Percent of CPU this job got: 99%
	Elapsed (wall clock) time (h:mm:ss or m:ss): 0:02.65
	Average shared text size (kbytes): 0
	Average unshared data size (kbytes): 0
	Average stack size (kbytes): 0
	Average total size (kbytes): 0
	Maximum resident set size (kbytes): 6648032
	Average resident set size (kbytes): 0
	Major (requiring I/O) page faults: 0
	Minor (reclaiming a frame) page faults: 138768
	Voluntary context switches: 286
	Involuntary context switches: 178
	Swaps: 0
	File system inputs: 0
	File system outputs: 0
	Socket messages sent: 0
	Socket messages received: 0
	Signals delivered: 0
	Page size (bytes): 4096
	Exit status: 1
LEAN_EXIT=1
