REMOTE_TASK=/home/dombarker/project-offloads/aspis-linear-factor.8SUGGL
TARGET=RationalHelperSpecialization
RESEARCH_PIN=6f1ebbe55fcc6fd008071329d5270aae0521cf9a
BORROWED_SOURCE_PIN=26a9cd4718aae9f9de7ef1c3394fb74a229085d5
Lean (version 4.32.0, x86_64-unknown-linux-gnu, commit 8c9756b28d64dab099da31a4c09229a9e6a2ef35, Release)
8398a09182776e258533df20f857d72a227862eec83bc8652a09ad60083ebc24  /home/dombarker/project-offloads/aspis-linear-factor.8SUGGL/rational-specialization-v1-manifest.json
1fe777f5c3a1964ff2f7dd91f6d37a6b836c416e0534e2e2f40865526d7f9e7d  /home/dombarker/project-offloads/aspis-linear-factor.8SUGGL/overlay/RationalHelperSpecialization.lean
1fe777f5c3a1964ff2f7dd91f6d37a6b836c416e0534e2e2f40865526d7f9e7d  /home/dombarker/project-offloads/aspis-linear-factor.8SUGGL/rational-specialization-v1-source.txt
ff4db59289e0f873ab2892ebf6f8dcf294966ec42a457f3cff0c09bec01093bb  /home/dombarker/project-offloads/aspis-linear-factor.8SUGGL/run_linear_factor_nuc.sh
OVERLAY_PROVENANCE_PASS=745
NATIVE_PACKAGE_CACHE_BOUNDARY=pinned revisions; not a replay of package compilation
CGROUP=/user.slice/user-1000.slice/user@1000.service/app.slice/aspis-linear-rational-specialization-v1.scope
memory.high=8589934592
memory.max=10737418240
memory.swap.max=0
cpu.max=200000 100000
COMMAND=/home/dombarker/.elan/toolchains/leanprover--lean4---v4.32.0/bin/lean -j1 -M9500 -R /home/dombarker/project-offloads/aspis-linear-factor.8SUGGL/overlay -o /home/dombarker/project-offloads/aspis-linear-factor.8SUGGL/overlay/RationalHelperSpecialization.olean /home/dombarker/project-offloads/aspis-linear-factor.8SUGGL/overlay/RationalHelperSpecialization.lean
/home/dombarker/project-offloads/aspis-linear-factor.8SUGGL/overlay/RationalHelperSpecialization.lean:27:27: error: Application type mismatch: The argument
  Or.resolve_left (mul_eq_zero.mp numeratorZero) (pow_ne_zero 26 nonzero)
has type
  eval gamma X - b = 0
but is expected to have type
  gamma - b = 0
in the application
  sub_eq_zero.mp (Or.resolve_left (mul_eq_zero.mp numeratorZero) (pow_ne_zero 26 nonzero))
'AspisV8.RationalHelperSpecialization.polynomial_root_iff' depends on axioms: [propext,
 sorryAx,
 Classical.choice,
 Quot.sound]
'AspisV8.RationalHelperSpecialization.good_nonzero_card_le_one' depends on axioms: [propext,
 sorryAx,
 Classical.choice,
 Quot.sound]
Command exited with non-zero status 1
	Command being timed: "/home/dombarker/.elan/toolchains/leanprover--lean4---v4.32.0/bin/lean -j1 -M9500 -R /home/dombarker/project-offloads/aspis-linear-factor.8SUGGL/overlay -o /home/dombarker/project-offloads/aspis-linear-factor.8SUGGL/overlay/RationalHelperSpecialization.olean /home/dombarker/project-offloads/aspis-linear-factor.8SUGGL/overlay/RationalHelperSpecialization.lean"
	User time (seconds): 0.61
	System time (seconds): 0.29
	Percent of CPU this job got: 99%
	Elapsed (wall clock) time (h:mm:ss or m:ss): 0:00.91
	Average shared text size (kbytes): 0
	Average unshared data size (kbytes): 0
	Average stack size (kbytes): 0
	Average total size (kbytes): 0
	Maximum resident set size (kbytes): 2019536
	Average resident set size (kbytes): 0
	Major (requiring I/O) page faults: 0
	Minor (reclaiming a frame) page faults: 44949
	Voluntary context switches: 253
	Involuntary context switches: 50
	Swaps: 0
	File system inputs: 0
	File system outputs: 0
	Socket messages sent: 0
	Socket messages received: 0
	Signals delivered: 0
	Page size (bytes): 4096
	Exit status: 1
LEAN_EXIT=1
