REMOTE_TASK=/home/dombarker/project-offloads/aspis-higher-y.fMoMeX
TARGET=RetryMassArithmetic
RESEARCH_PIN=289d7356c78a4cd493fe61a54f9548f2a0c11298
BORROWED_SOURCE_PIN=26a9cd4718aae9f9de7ef1c3394fb74a229085d5
Lean (version 4.32.0, x86_64-unknown-linux-gnu, commit 8c9756b28d64dab099da31a4c09229a9e6a2ef35, Release)
26bdee0aaa2a9ab4dc490d491e484c7ace6680529001d8e322bbb4897902f6fc  /home/dombarker/project-offloads/aspis-higher-y.fMoMeX/retry-mass-arithmetic-nuc-v2-manifest.json
089af987a928f39a32bc97eec2777b34a2d1cb707836b8196704371471743a8d  /home/dombarker/project-offloads/aspis-higher-y.fMoMeX/overlay/RetryMassArithmetic.lean
089af987a928f39a32bc97eec2777b34a2d1cb707836b8196704371471743a8d  /home/dombarker/project-offloads/aspis-higher-y.fMoMeX/retry-mass-arithmetic-nuc-v2-source.txt
5780e61b4d286905ab912bb6ab8e103a20908f78c11bea415db40a5fad110e52  /home/dombarker/project-offloads/aspis-higher-y.fMoMeX/run_higher_y_nuc.sh
OVERLAY_PROVENANCE_PASS=873
NATIVE_PACKAGE_CACHE_BOUNDARY=pinned revisions; not a replay of package compilation
CGROUP=/user.slice/user-1000.slice/user@1000.service/app.slice/aspis-higher-y-retry-mass-arithmetic-nuc-v2.scope
memory.high=8589934592
memory.max=10737418240
memory.swap.max=0
cpu.max=200000 100000
COMMAND=/home/dombarker/.elan/toolchains/leanprover--lean4---v4.32.0/bin/lean -j1 -M9500 -R /home/dombarker/project-offloads/aspis-higher-y.fMoMeX/overlay -o /home/dombarker/project-offloads/aspis-higher-y.fMoMeX/overlay/RetryMassArithmetic.olean /home/dombarker/project-offloads/aspis-higher-y.fMoMeX/overlay/RetryMassArithmetic.lean
'AspisV8.RetryMassArithmetic.ordered_pair_mass_le_one' depends on axioms: [propext, Classical.choice, Quot.sound]
'AspisV8.RetryMassArithmetic.target_pair_mass_le' depends on axioms: [propext, Classical.choice, Quot.sound]
	Command being timed: "/home/dombarker/.elan/toolchains/leanprover--lean4---v4.32.0/bin/lean -j1 -M9500 -R /home/dombarker/project-offloads/aspis-higher-y.fMoMeX/overlay -o /home/dombarker/project-offloads/aspis-higher-y.fMoMeX/overlay/RetryMassArithmetic.olean /home/dombarker/project-offloads/aspis-higher-y.fMoMeX/overlay/RetryMassArithmetic.lean"
	User time (seconds): 2.30
	System time (seconds): 1.02
	Percent of CPU this job got: 99%
	Elapsed (wall clock) time (h:mm:ss or m:ss): 0:03.34
	Average shared text size (kbytes): 0
	Average unshared data size (kbytes): 0
	Average stack size (kbytes): 0
	Average total size (kbytes): 0
	Maximum resident set size (kbytes): 6705408
	Average resident set size (kbytes): 0
	Major (requiring I/O) page faults: 0
	Minor (reclaiming a frame) page faults: 140448
	Voluntary context switches: 249
	Involuntary context switches: 161
	Swaps: 0
	File system inputs: 0
	File system outputs: 512
	Socket messages sent: 0
	Socket messages received: 0
	Signals delivered: 0
	Page size (bytes): 4096
	Exit status: 0
LEAN_EXIT=0
d7fc096153c20a9cb781feebe5f6b1195165b76367d5311c35491a27b31e0a7d  /home/dombarker/project-offloads/aspis-higher-y.fMoMeX/overlay/RetryMassArithmetic.olean
OVERLAY_PROVENANCE_PASS=873
NATIVE_PACKAGE_CACHE_BOUNDARY=pinned revisions; not a replay of package compilation
PROVENANCE_UNCHANGED=true
