REMOTE_TASK=/home/dombarker/project-offloads/aspis-higher-y.fMoMeX
TARGET=RootSetPairMass
RESEARCH_PIN=289d7356c78a4cd493fe61a54f9548f2a0c11298
BORROWED_SOURCE_PIN=26a9cd4718aae9f9de7ef1c3394fb74a229085d5
Lean (version 4.32.0, x86_64-unknown-linux-gnu, commit 8c9756b28d64dab099da31a4c09229a9e6a2ef35, Release)
cf110ad6f04521aeb202dba363328819109d658babeb28adf2db97815367976b  /home/dombarker/project-offloads/aspis-higher-y.fMoMeX/root-set-pair-mass-nuc-v2-manifest.json
ef29448ea6d80d02fda0a6fef662b9e28ce2962454a9063088cbf7ca8b0c30f1  /home/dombarker/project-offloads/aspis-higher-y.fMoMeX/overlay/RootSetPairMass.lean
ef29448ea6d80d02fda0a6fef662b9e28ce2962454a9063088cbf7ca8b0c30f1  /home/dombarker/project-offloads/aspis-higher-y.fMoMeX/root-set-pair-mass-nuc-v2-source.txt
5780e61b4d286905ab912bb6ab8e103a20908f78c11bea415db40a5fad110e52  /home/dombarker/project-offloads/aspis-higher-y.fMoMeX/run_higher_y_nuc.sh
OVERLAY_PROVENANCE_PASS=881
NATIVE_PACKAGE_CACHE_BOUNDARY=pinned revisions; not a replay of package compilation
CGROUP=/user.slice/user-1000.slice/user@1000.service/app.slice/aspis-higher-y-root-set-pair-mass-nuc-v2.scope
memory.high=8589934592
memory.max=10737418240
memory.swap.max=0
cpu.max=200000 100000
COMMAND=/home/dombarker/.elan/toolchains/leanprover--lean4---v4.32.0/bin/lean -j1 -M9500 -R /home/dombarker/project-offloads/aspis-higher-y.fMoMeX/overlay -o /home/dombarker/project-offloads/aspis-higher-y.fMoMeX/overlay/RootSetPairMass.olean /home/dombarker/project-offloads/aspis-higher-y.fMoMeX/overlay/RootSetPairMass.lean
'AspisV8.RootSetPairMass.Arithmetic.circle_success' depends on axioms: [propext, Classical.choice, Quot.sound]
'AspisV8.RootSetPairMass.Arithmetic.pair_count' depends on axioms: [propext, Classical.choice, Quot.sound]
'AspisV8.RootSetPairMass.circle_total_success' depends on axioms: [propext, Classical.choice, Quot.sound]
'AspisV8.RootSetPairMass.target_mass_eq' depends on axioms: [propext, Classical.choice, Quot.sound]
'AspisV8.RootSetPairMass.target_mass_le' depends on axioms: [propext, Classical.choice, Quot.sound]
'AspisV8.RootSetPairMass.actual_ordinary_success_bounds' depends on axioms: [propext, Classical.choice, Quot.sound]
'AspisV8.RootSetPairMass.actual_one_call_target_bound' depends on axioms: [propext, Classical.choice, Quot.sound]
	Command being timed: "/home/dombarker/.elan/toolchains/leanprover--lean4---v4.32.0/bin/lean -j1 -M9500 -R /home/dombarker/project-offloads/aspis-higher-y.fMoMeX/overlay -o /home/dombarker/project-offloads/aspis-higher-y.fMoMeX/overlay/RootSetPairMass.olean /home/dombarker/project-offloads/aspis-higher-y.fMoMeX/overlay/RootSetPairMass.lean"
	User time (seconds): 2.36
	System time (seconds): 1.06
	Percent of CPU this job got: 99%
	Elapsed (wall clock) time (h:mm:ss or m:ss): 0:03.42
	Average shared text size (kbytes): 0
	Average unshared data size (kbytes): 0
	Average stack size (kbytes): 0
	Average total size (kbytes): 0
	Maximum resident set size (kbytes): 6857952
	Average resident set size (kbytes): 0
	Major (requiring I/O) page faults: 0
	Minor (reclaiming a frame) page faults: 142736
	Voluntary context switches: 598
	Involuntary context switches: 178
	Swaps: 0
	File system inputs: 0
	File system outputs: 760
	Socket messages sent: 0
	Socket messages received: 0
	Signals delivered: 0
	Page size (bytes): 4096
	Exit status: 0
LEAN_EXIT=0
857c7c6ab7ad22898aff5df5baa6297089cf353e2fbc0a5f14e609b5ff759cdc  /home/dombarker/project-offloads/aspis-higher-y.fMoMeX/overlay/RootSetPairMass.olean
OVERLAY_PROVENANCE_PASS=881
NATIVE_PACKAGE_CACHE_BOUNDARY=pinned revisions; not a replay of package compilation
PROVENANCE_UNCHANGED=true
