REMOTE_TASK=/home/dombarker/project-offloads/aspis-higher-y.fMoMeX
TARGET=SecureCircleParameterInverse
RESEARCH_PIN=289d7356c78a4cd493fe61a54f9548f2a0c11298
BORROWED_SOURCE_PIN=26a9cd4718aae9f9de7ef1c3394fb74a229085d5
Lean (version 4.32.0, x86_64-unknown-linux-gnu, commit 8c9756b28d64dab099da31a4c09229a9e6a2ef35, Release)
d4bd6a4debc8f2896e3d6368aed7673ef82b94de03b4c438bbe208c7af4f0f63  /home/dombarker/project-offloads/aspis-higher-y.fMoMeX/secure-circle-parameter-inverse-nuc-v5-manifest.json
116d1dd25562b7a0b121e9a116f6112797972d25eaa1979b5efd04ccca24941c  /home/dombarker/project-offloads/aspis-higher-y.fMoMeX/overlay/SecureCircleParameterInverse.lean
116d1dd25562b7a0b121e9a116f6112797972d25eaa1979b5efd04ccca24941c  /home/dombarker/project-offloads/aspis-higher-y.fMoMeX/secure-circle-parameter-inverse-nuc-v5-source.txt
5780e61b4d286905ab912bb6ab8e103a20908f78c11bea415db40a5fad110e52  /home/dombarker/project-offloads/aspis-higher-y.fMoMeX/run_higher_y_nuc.sh
OVERLAY_PROVENANCE_PASS=857
NATIVE_PACKAGE_CACHE_BOUNDARY=pinned revisions; not a replay of package compilation
CGROUP=/user.slice/user-1000.slice/user@1000.service/app.slice/aspis-higher-y-secure-circle-parameter-inverse-nuc-v5.scope
memory.high=8589934592
memory.max=10737418240
memory.swap.max=0
cpu.max=200000 100000
COMMAND=/home/dombarker/.elan/toolchains/leanprover--lean4---v4.32.0/bin/lean -j1 -M9500 -R /home/dombarker/project-offloads/aspis-higher-y.fMoMeX/overlay -o /home/dombarker/project-offloads/aspis-higher-y.fMoMeX/overlay/SecureCircleParameterInverse.olean /home/dombarker/project-offloads/aspis-higher-y.fMoMeX/overlay/SecureCircleParameterInverse.lean
/home/dombarker/project-offloads/aspis-higher-y.fMoMeX/overlay/SecureCircleParameterInverse.lean:19:0: warning: automatically included section variable(s) unused in theorem `AspisV8.SecureCircleParameterInverse.Generic.one_add_x`:
  [NeZero 2]
consider restructuring your `variable` declarations so that the variables are not in scope or explicitly omit them:
  omit [NeZero 2] in theorem ...

Note: This linter can be disabled with `set_option linter.unusedSectionVars false`
/home/dombarker/project-offloads/aspis-higher-y.fMoMeX/overlay/SecureCircleParameterInverse.lean:22:2: warning: Used `tac1 <;> tac2` where `(tac1; tac2)` would suffice

Note: This linter can be disabled with `set_option linter.unnecessarySeqFocus false`
/home/dombarker/project-offloads/aspis-higher-y.fMoMeX/overlay/SecureCircleParameterInverse.lean:28:2: warning: Used `tac1 <;> tac2` where `(tac1; tac2)` would suffice

Note: This linter can be disabled with `set_option linter.unnecessarySeqFocus false`
/home/dombarker/project-offloads/aspis-higher-y.fMoMeX/overlay/SecureCircleParameterInverse.lean:150:4: warning: Try `simp at invertible` instead of `simpa using invertible`

Note: This linter can be disabled with `set_option linter.unnecessarySimpa false`
/home/dombarker/project-offloads/aspis-higher-y.fMoMeX/overlay/SecureCircleParameterInverse.lean:158:8: error: maximum recursion depth has been reached
use `set_option maxRecDepth <num>` to increase limit
use `set_option diagnostics true` to get diagnostic information
/home/dombarker/project-offloads/aspis-higher-y.fMoMeX/overlay/SecureCircleParameterInverse.lean:155:43: warning: This simp argument is unused:
  Option.bind_some

Hint: Omit it from the simp argument list.
  simp only [recoverParameter, decode_encodeExactSecureCirclePoint_x,
      decode_encodeExactSecureCirclePoint_y, O̵pt̵i̵o̵n̵.̵b̵i̵n̵d̵_̵s̵o̵m̵e̵,̵ ̵p̵ure,
  ̵  ̵ ̵ ̵qm31Karatsuba_eq_mul, inverseEq, qm31Square_eq_sq,
  ̲  ̲ ̲ ̲← pow_two]

Note: This linter can be disabled with `set_option linter.unusedSimpArgs false`
'AspisV8.SecureCircleParameterInverse.Generic.one_add_x' depends on axioms: [propext, Classical.choice, Quot.sound]
'AspisV8.SecureCircleParameterInverse.Generic.parameter_inverse' depends on axioms: [propext,
 Classical.choice,
 Quot.sound]
'AspisV8.SecureCircleParameterInverse.Generic.parameter_inverse_mul' depends on axioms: [propext,
 Classical.choice,
 Quot.sound]
'AspisV8.SecureCircleParameterInverse.Generic.coordinate_injective' depends on axioms: [propext,
 Classical.choice,
 Quot.sound]
'AspisV8.SecureCircleParameterInverse.Quadratic.parameter_inverse_mul' depends on axioms: [propext,
 Classical.choice,
 Quot.sound]
'AspisV8.SecureCircleParameterInverse.Codec.encodeWordLE_decodeWordLE' depends on axioms: [propext,
 Classical.choice,
 Quot.sound]
'AspisV8.SecureCircleParameterInverse.Codec.encodeQM31LE_of_decodeQM31LE' depends on axioms: [propext,
 Classical.choice,
 Quot.sound]
'AspisV8.SecureCircleParameterInverse.Codec.encodeTagQM31ExactLE_of_decode' depends on axioms: [propext,
 Classical.choice,
 Quot.sound]
'AspisV8.SecureCircleParameterInverse.Codec.decodeTagQM31ExactLE_injective_on_success' depends on axioms: [propext,
 Classical.choice,
 Quot.sound]
'AspisV8.SecureCircleParameterInverse.recover_encoded_output' depends on axioms: [propext,
 sorryAx,
 Classical.choice,
 Quot.sound]
'AspisV8.SecureCircleParameterInverse.recover_success' depends on axioms: [propext,
 sorryAx,
 Classical.choice,
 Quot.sound]
'AspisV8.SecureCircleParameterInverse.successful_decoded_parameters_equal' depends on axioms: [propext,
 sorryAx,
 Classical.choice,
 Quot.sound]
'AspisV8.SecureCircleParameterInverse.successful_map_recovers' depends on axioms: [propext,
 sorryAx,
 Classical.choice,
 Quot.sound]
'AspisV8.SecureCircleParameterInverse.successful_points_eq_iff' depends on axioms: [propext,
 sorryAx,
 Classical.choice,
 Quot.sound]
'AspisV8.SecureCircleParameterInverse.successful_points_ne_iff' depends on axioms: [propext,
 sorryAx,
 Classical.choice,
 Quot.sound]
Command exited with non-zero status 1
	Command being timed: "/home/dombarker/.elan/toolchains/leanprover--lean4---v4.32.0/bin/lean -j1 -M9500 -R /home/dombarker/project-offloads/aspis-higher-y.fMoMeX/overlay -o /home/dombarker/project-offloads/aspis-higher-y.fMoMeX/overlay/SecureCircleParameterInverse.olean /home/dombarker/project-offloads/aspis-higher-y.fMoMeX/overlay/SecureCircleParameterInverse.lean"
	User time (seconds): 3.06
	System time (seconds): 1.03
	Percent of CPU this job got: 100%
	Elapsed (wall clock) time (h:mm:ss or m:ss): 0:04.10
	Average shared text size (kbytes): 0
	Average unshared data size (kbytes): 0
	Average stack size (kbytes): 0
	Average total size (kbytes): 0
	Maximum resident set size (kbytes): 6807784
	Average resident set size (kbytes): 0
	Major (requiring I/O) page faults: 0
	Minor (reclaiming a frame) page faults: 141669
	Voluntary context switches: 857
	Involuntary context switches: 180
	Swaps: 0
	File system inputs: 0
	File system outputs: 0
	Socket messages sent: 0
	Socket messages received: 0
	Signals delivered: 0
	Page size (bytes): 4096
	Exit status: 1
LEAN_EXIT=1
