REMOTE_TASK=/home/dombarker/project-offloads/aspis-higher-y.fMoMeX
TARGET=SecureCircleParameterDomain
RESEARCH_PIN=289d7356c78a4cd493fe61a54f9548f2a0c11298
BORROWED_SOURCE_PIN=26a9cd4718aae9f9de7ef1c3394fb74a229085d5
Lean (version 4.32.0, x86_64-unknown-linux-gnu, commit 8c9756b28d64dab099da31a4c09229a9e6a2ef35, Release)
8c88a2ee679fbb9844fd0d9824e9440b2f7a191c5b3086189f5bc7fbb903d729  /home/dombarker/project-offloads/aspis-higher-y.fMoMeX/secure-circle-parameter-domain-nuc-v1-manifest.json
14dfaa71629ca1c160e040f5f2abc7294fe8bb61e67bdc4cb6544c07f148d566  /home/dombarker/project-offloads/aspis-higher-y.fMoMeX/overlay/SecureCircleParameterDomain.lean
14dfaa71629ca1c160e040f5f2abc7294fe8bb61e67bdc4cb6544c07f148d566  /home/dombarker/project-offloads/aspis-higher-y.fMoMeX/secure-circle-parameter-domain-nuc-v1-source.txt
5780e61b4d286905ab912bb6ab8e103a20908f78c11bea415db40a5fad110e52  /home/dombarker/project-offloads/aspis-higher-y.fMoMeX/run_higher_y_nuc.sh
OVERLAY_PROVENANCE_PASS=851
NATIVE_PACKAGE_CACHE_BOUNDARY=pinned revisions; not a replay of package compilation
CGROUP=/user.slice/user-1000.slice/user@1000.service/app.slice/aspis-higher-y-secure-circle-parameter-domain-nuc-v1.scope
memory.high=8589934592
memory.max=10737418240
memory.swap.max=0
cpu.max=200000 100000
COMMAND=/home/dombarker/.elan/toolchains/leanprover--lean4---v4.32.0/bin/lean -j1 -M9500 -R /home/dombarker/project-offloads/aspis-higher-y.fMoMeX/overlay -o /home/dombarker/project-offloads/aspis-higher-y.fMoMeX/overlay/SecureCircleParameterDomain.olean /home/dombarker/project-offloads/aspis-higher-y.fMoMeX/overlay/SecureCircleParameterDomain.lean
/home/dombarker/project-offloads/aspis-higher-y.fMoMeX/overlay/SecureCircleParameterDomain.lean:64:2: error: Type mismatch: After simplification, term
  admissible_iff t
 has type
  Iff (Admissible t) (t.im ≠ 0)
but is expected to have type
  Iff (exactSecureCirclePointFromDecoded t ≠ none) (t.im ≠ 0)
'AspisV8.SecureCircleParameterDomain.imaginaryUnit_sq' depends on axioms: [propext, Classical.choice, Quot.sound]
'AspisV8.SecureCircleParameterDomain.singular_iff' depends on axioms: [propext, Classical.choice, Quot.sound]
'AspisV8.SecureCircleParameterDomain.singular_im_zero' depends on axioms: [propext, Classical.choice, Quot.sound]
'AspisV8.SecureCircleParameterDomain.denominator_nonzero' depends on axioms: [propext, Classical.choice, Quot.sound]
'AspisV8.SecureCircleParameterDomain.admissible_iff' depends on axioms: [propext, Classical.choice, Quot.sound]
'AspisV8.SecureCircleParameterDomain.encoded_admissible_iff' depends on axioms: [propext,
 sorryAx,
 Classical.choice,
 Quot.sound]
'AspisV8.SecureCircleParameterDomain.cm31_card' depends on axioms: [propext, Classical.choice, Quot.sound]
'AspisV8.SecureCircleParameterDomain.zero_imaginary_card' depends on axioms: [propext, Classical.choice, Quot.sound]
'AspisV8.SecureCircleParameterDomain.admissible_card' depends on axioms: [propext, Classical.choice, Quot.sound]
Command exited with non-zero status 1
	Command being timed: "/home/dombarker/.elan/toolchains/leanprover--lean4---v4.32.0/bin/lean -j1 -M9500 -R /home/dombarker/project-offloads/aspis-higher-y.fMoMeX/overlay -o /home/dombarker/project-offloads/aspis-higher-y.fMoMeX/overlay/SecureCircleParameterDomain.olean /home/dombarker/project-offloads/aspis-higher-y.fMoMeX/overlay/SecureCircleParameterDomain.lean"
	User time (seconds): 2.02
	System time (seconds): 1.01
	Percent of CPU this job got: 99%
	Elapsed (wall clock) time (h:mm:ss or m:ss): 0:03.04
	Average shared text size (kbytes): 0
	Average unshared data size (kbytes): 0
	Average stack size (kbytes): 0
	Average total size (kbytes): 0
	Maximum resident set size (kbytes): 6659120
	Average resident set size (kbytes): 0
	Major (requiring I/O) page faults: 0
	Minor (reclaiming a frame) page faults: 139219
	Voluntary context switches: 634
	Involuntary context switches: 174
	Swaps: 0
	File system inputs: 0
	File system outputs: 0
	Socket messages sent: 0
	Socket messages received: 0
	Signals delivered: 0
	Page size (bytes): 4096
	Exit status: 1
LEAN_EXIT=1
