REMOTE_TASK=/home/dombarker/project-offloads/aspis-symbolic-ood.zZbNpg
TARGET=SelectedCopyLinkBalance
RESEARCH_PIN=f0f46ffede8812252ac7cee9edf5547f228533d5
BORROWED_SOURCE_PIN=26a9cd4718aae9f9de7ef1c3394fb74a229085d5
Lean (version 4.32.0, x86_64-unknown-linux-gnu, commit 8c9756b28d64dab099da31a4c09229a9e6a2ef35, Release)
5c5761ea9f69debaec60d8091485803b169de296e080b86dcbaa88a17c7393b8  /home/dombarker/project-offloads/aspis-symbolic-ood.zZbNpg/selected-copy-link-balance-nuc-v2-manifest.json
78235569a8cf7ad34f2e9d2e3907bfc17b26b19b0016df7ab86c78620024b06c  /home/dombarker/project-offloads/aspis-symbolic-ood.zZbNpg/overlay/SelectedCopyLinkBalance.lean
78235569a8cf7ad34f2e9d2e3907bfc17b26b19b0016df7ab86c78620024b06c  /home/dombarker/project-offloads/aspis-symbolic-ood.zZbNpg/selected-copy-link-balance-nuc-v2-source.txt
7ed329de2a9fa09f7c0d41589c3a466156081bf0d392357262883667388c80ad  /home/dombarker/project-offloads/aspis-symbolic-ood.zZbNpg/run_symbolic_ood_nuc.sh
OVERLAY_PROVENANCE_PASS=715
NATIVE_PACKAGE_CACHE_BOUNDARY=pinned revisions; not a replay of package compilation
CGROUP=/user.slice/user-1000.slice/user@1000.service/app.slice/aspis-symbolic-selected-copy-link-balance-nuc-v2.scope
memory.high=8589934592
memory.max=10737418240
memory.swap.max=0
cpu.max=200000 100000
COMMAND=/home/dombarker/.elan/toolchains/leanprover--lean4---v4.32.0/bin/lean -j1 -M9500 -R /home/dombarker/project-offloads/aspis-symbolic-ood.zZbNpg/overlay -o /home/dombarker/project-offloads/aspis-symbolic-ood.zZbNpg/overlay/SelectedCopyLinkBalance.olean /home/dombarker/project-offloads/aspis-symbolic-ood.zZbNpg/overlay/SelectedCopyLinkBalance.lean
'AspisV8.SelectedCopyLinkBalance.producer_key_left_inverse' depends on axioms: [propext]
'AspisV8.SelectedCopyLinkBalance.consumer_key_left_inverse' depends on axioms: [propext]
'AspisV8.SelectedCopyLinkBalance.producer_placement_injective' depends on axioms: [propext]
'AspisV8.SelectedCopyLinkBalance.consumer_placement_injective' depends on axioms: [propext]
'AspisV8.SelectedCopyLinkBalance.gather_at_placement' depends on axioms: [propext, Classical.choice, Quot.sound]
'AspisV8.SelectedCopyLinkBalance.gather_unoccupied' depends on axioms: [propext, Classical.choice, Quot.sound]
'AspisV8.SelectedCopyLinkBalance.weighted_slot_eq_gather' depends on axioms: [propext, Classical.choice, Quot.sound]
'AspisV8.SelectedCopyLinkBalance.sum_gather' depends on axioms: [propext, Classical.choice, Quot.sound]
'AspisV8.SelectedCopyLinkBalance.sum_weighted_slots' depends on axioms: [propext, Classical.choice, Quot.sound]
'AspisV8.SelectedCopyLinkBalance.linkBalance_eq_active' depends on axioms: [propext, Classical.choice, Quot.sound]
'AspisV8.SelectedCopyLinkBalance.source_rows_eq_link_balance' depends on axioms: [propext, Classical.choice, Quot.sound]
'AspisV8.SelectedCopyLinkBalance.source_active_links_zero' depends on axioms: [propext, Classical.choice, Quot.sound]
	Command being timed: "/home/dombarker/.elan/toolchains/leanprover--lean4---v4.32.0/bin/lean -j1 -M9500 -R /home/dombarker/project-offloads/aspis-symbolic-ood.zZbNpg/overlay -o /home/dombarker/project-offloads/aspis-symbolic-ood.zZbNpg/overlay/SelectedCopyLinkBalance.olean /home/dombarker/project-offloads/aspis-symbolic-ood.zZbNpg/overlay/SelectedCopyLinkBalance.lean"
	User time (seconds): 5.72
	System time (seconds): 0.30
	Percent of CPU this job got: 99%
	Elapsed (wall clock) time (h:mm:ss or m:ss): 0:06.02
	Average shared text size (kbytes): 0
	Average unshared data size (kbytes): 0
	Average stack size (kbytes): 0
	Average total size (kbytes): 0
	Maximum resident set size (kbytes): 1995332
	Average resident set size (kbytes): 0
	Major (requiring I/O) page faults: 0
	Minor (reclaiming a frame) page faults: 49923
	Voluntary context switches: 611
	Involuntary context switches: 69
	Swaps: 0
	File system inputs: 0
	File system outputs: 1224
	Socket messages sent: 0
	Socket messages received: 0
	Signals delivered: 0
	Page size (bytes): 4096
	Exit status: 0
LEAN_EXIT=0
897b1b0df7f5f0102d5877a264dda5ac17b1bcf8e4b34580df5c540aa0d91ab7  /home/dombarker/project-offloads/aspis-symbolic-ood.zZbNpg/overlay/SelectedCopyLinkBalance.olean
OVERLAY_PROVENANCE_PASS=715
NATIVE_PACKAGE_CACHE_BOUNDARY=pinned revisions; not a replay of package compilation
PROVENANCE_UNCHANGED=true
