REMOTE_TASK=/home/dombarker/project-offloads/aspis-higher-y.fMoMeX
TARGET=SelectedSimpleRootRigidity
RESEARCH_PIN=289d7356c78a4cd493fe61a54f9548f2a0c11298
BORROWED_SOURCE_PIN=26a9cd4718aae9f9de7ef1c3394fb74a229085d5
Lean (version 4.32.0, x86_64-unknown-linux-gnu, commit 8c9756b28d64dab099da31a4c09229a9e6a2ef35, Release)
310033f60de58ff4d68237675bd31e841719f78c6eb0563f18d7f833186e3fda  /home/dombarker/project-offloads/aspis-higher-y.fMoMeX/selected-simple-root-rigidity-nuc-v3-manifest.json
8328580e952cbb574f9b823187ac503d546f154b0b95f29cbdf64e5213fb46eb  /home/dombarker/project-offloads/aspis-higher-y.fMoMeX/overlay/SelectedSimpleRootRigidity.lean
8328580e952cbb574f9b823187ac503d546f154b0b95f29cbdf64e5213fb46eb  /home/dombarker/project-offloads/aspis-higher-y.fMoMeX/selected-simple-root-rigidity-nuc-v3-source.txt
5780e61b4d286905ab912bb6ab8e103a20908f78c11bea415db40a5fad110e52  /home/dombarker/project-offloads/aspis-higher-y.fMoMeX/run_higher_y_nuc.sh
OVERLAY_PROVENANCE_PASS=797
NATIVE_PACKAGE_CACHE_BOUNDARY=pinned revisions; not a replay of package compilation
CGROUP=/user.slice/user-1000.slice/user@1000.service/app.slice/aspis-higher-y-selected-simple-root-rigidity-nuc-v3.scope
memory.high=8589934592
memory.max=10737418240
memory.swap.max=0
cpu.max=200000 100000
COMMAND=/home/dombarker/.elan/toolchains/leanprover--lean4---v4.32.0/bin/lean -j1 -M9500 -R /home/dombarker/project-offloads/aspis-higher-y.fMoMeX/overlay -o /home/dombarker/project-offloads/aspis-higher-y.fMoMeX/overlay/SelectedSimpleRootRigidity.olean /home/dombarker/project-offloads/aspis-higher-y.fMoMeX/overlay/SelectedSimpleRootRigidity.lean
'AspisV8.SelectedSimpleRootRigidity.Generic.derivative_at_point' depends on axioms: [propext,
 Classical.choice,
 Quot.sound]
'AspisV8.SelectedSimpleRootRigidity.Generic.candidate_unique' depends on axioms: [propext, Classical.choice, Quot.sound]
'AspisV8.SelectedSimpleRootRigidity.original_unique' depends on axioms: [propext, Classical.choice, Quot.sound]
'AspisV8.SelectedSimpleRootRigidity.adaptive_original_unique' depends on axioms: [propext, Classical.choice, Quot.sound]
	Command being timed: "/home/dombarker/.elan/toolchains/leanprover--lean4---v4.32.0/bin/lean -j1 -M9500 -R /home/dombarker/project-offloads/aspis-higher-y.fMoMeX/overlay -o /home/dombarker/project-offloads/aspis-higher-y.fMoMeX/overlay/SelectedSimpleRootRigidity.olean /home/dombarker/project-offloads/aspis-higher-y.fMoMeX/overlay/SelectedSimpleRootRigidity.lean"
	User time (seconds): 3.79
	System time (seconds): 1.56
	Percent of CPU this job got: 99%
	Elapsed (wall clock) time (h:mm:ss or m:ss): 0:05.37
	Average shared text size (kbytes): 0
	Average unshared data size (kbytes): 0
	Average stack size (kbytes): 0
	Average total size (kbytes): 0
	Maximum resident set size (kbytes): 6815616
	Average resident set size (kbytes): 0
	Major (requiring I/O) page faults: 0
	Minor (reclaiming a frame) page faults: 239808
	Voluntary context switches: 366
	Involuntary context switches: 192
	Swaps: 0
	File system inputs: 0
	File system outputs: 224
	Socket messages sent: 0
	Socket messages received: 0
	Signals delivered: 0
	Page size (bytes): 4096
	Exit status: 0
LEAN_EXIT=0
a5e2e5561c205f1a632f7e70f396de6c5c680adc0a6204c7e0a3360df4e9d825  /home/dombarker/project-offloads/aspis-higher-y.fMoMeX/overlay/SelectedSimpleRootRigidity.olean
OVERLAY_PROVENANCE_PASS=797
NATIVE_PACKAGE_CACHE_BOUNDARY=pinned revisions; not a replay of package compilation
PROVENANCE_UNCHANGED=true
