REMOTE_TASK=/home/dombarker/project-offloads/aspis-own-support.f6NQzi
TARGET=SelectedOwnSupportGame
RESEARCH_PIN=ed41b2537e7dad15ce8055d9e5524e337ee8b9a4
BORROWED_SOURCE_PIN=26a9cd4718aae9f9de7ef1c3394fb74a229085d5
Lean (version 4.32.0, x86_64-unknown-linux-gnu, commit 8c9756b28d64dab099da31a4c09229a9e6a2ef35, Release)
cbb102bb15816b7fc15d686ae6980078c4ce2b5efaa8e67f50d849b7fb6ae2ff  /home/dombarker/project-offloads/aspis-own-support.f6NQzi/selected-own-support-game-nuc-v4-manifest.json
b9996753800478809ddc21002c714e722c7254bfa631d708d22c22779dad188f  /home/dombarker/project-offloads/aspis-own-support.f6NQzi/overlay/SelectedOwnSupportGame.lean
b9996753800478809ddc21002c714e722c7254bfa631d708d22c22779dad188f  /home/dombarker/project-offloads/aspis-own-support.f6NQzi/selected-own-support-game-nuc-v4-source.txt
7841aad16e0c2b7f307038e573f16491edc1ab2b20d08843aacf36f66562d89d  /home/dombarker/project-offloads/aspis-own-support.f6NQzi/run_own_support_nuc.sh
OVERLAY_PROVENANCE_PASS=793
NATIVE_PACKAGE_CACHE_BOUNDARY=pinned revisions; not a replay of package compilation
CGROUP=/user.slice/user-1000.slice/user@1000.service/app.slice/aspis-own-support-selected-own-support-game-nuc-v4.scope
memory.high=8589934592
memory.max=10737418240
memory.swap.max=0
cpu.max=200000 100000
COMMAND=/home/dombarker/.elan/toolchains/leanprover--lean4---v4.32.0/bin/lean -j1 -M9500 -R /home/dombarker/project-offloads/aspis-own-support.f6NQzi/overlay -o /home/dombarker/project-offloads/aspis-own-support.f6NQzi/overlay/SelectedOwnSupportGame.olean /home/dombarker/project-offloads/aspis-own-support.f6NQzi/overlay/SelectedOwnSupportGame.lean
/home/dombarker/project-offloads/aspis-own-support.f6NQzi/overlay/SelectedOwnSupportGame.lean:135:25: error: Tactic `rewrite` failed: Did not find an occurrence of the pattern
  Fintype.card (Fin ?n)
in the target expression
  Fintype.card (Fin 262144) = 262144

c1 : C1Received
c2 : C2Received
data : Data
checked : data.Checked
family : Finset Tuple
size : #family ≤ 111
q : ℕ
G A : Finset K
gammaSize : 28 ≤ #G
alphaSize : 3 ≤ #A
fine :
  totalCount univ q G A (actual c1 c2 data family) ≤
    ∑ m ∈ badFamily c1 c2 family,
      ((#(SelectedOwnSymbol.common c1 c2 m)).choose q * (#(SelectedOwnSymbol.badGamma c1 c2 m G) * #A) +
        ((#univ).choose q - (#(SelectedOwnSymbol.common c1 c2 m)).choose q) * (28 * #A + (#G - 28) * 3))
coarse :
  totalCount univ q G A (actual c1 c2 data family) ≤
    111 * (Nat.choose 9556 q * (29360128 * #A) + (#univ).choose q * (28 * #A + (#G - 28) * 3))
⊢ Fintype.card (Fin 262144) = 262144
'AspisV8.SelectedOwnSupportGame.of_actual_final' depends on axioms: [propext, Classical.choice, Quot.sound]
'AspisV8.SelectedOwnSupportGame.event_pointwise' depends on axioms: [propext, Classical.choice, Quot.sound]
'AspisV8.SelectedOwnSupportGame.event_poles' depends on axioms: [propext, Classical.choice, Quot.sound]
'AspisV8.SelectedOwnSupportGame.event_exception' depends on axioms: [propext, Classical.choice, Quot.sound]
'AspisV8.SelectedOwnSupportGame.capture' depends on axioms: [propext, Classical.choice, Quot.sound]
'AspisV8.SelectedOwnSupportGame.selected_count' depends on axioms: [propext, sorryAx, Classical.choice, Quot.sound]
'AspisV8.SelectedOwnSupportGame.literal_family_count' depends on axioms: [propext,
 sorryAx,
 Classical.choice,
 Quot.sound]
Command exited with non-zero status 1
	Command being timed: "/home/dombarker/.elan/toolchains/leanprover--lean4---v4.32.0/bin/lean -j1 -M9500 -R /home/dombarker/project-offloads/aspis-own-support.f6NQzi/overlay -o /home/dombarker/project-offloads/aspis-own-support.f6NQzi/overlay/SelectedOwnSupportGame.olean /home/dombarker/project-offloads/aspis-own-support.f6NQzi/overlay/SelectedOwnSupportGame.lean"
	User time (seconds): 2.02
	System time (seconds): 1.04
	Percent of CPU this job got: 99%
	Elapsed (wall clock) time (h:mm:ss or m:ss): 0:03.07
	Average shared text size (kbytes): 0
	Average unshared data size (kbytes): 0
	Average stack size (kbytes): 0
	Average total size (kbytes): 0
	Maximum resident set size (kbytes): 6828352
	Average resident set size (kbytes): 0
	Major (requiring I/O) page faults: 0
	Minor (reclaiming a frame) page faults: 141995
	Voluntary context switches: 387
	Involuntary context switches: 174
	Swaps: 0
	File system inputs: 0
	File system outputs: 0
	Socket messages sent: 0
	Socket messages received: 0
	Signals delivered: 0
	Page size (bytes): 4096
	Exit status: 1
LEAN_EXIT=1
