REMOTE_TASK=/home/dombarker/project-offloads/aspis-higher-y.fMoMeX
TARGET=SelectedRegularLowSupport
RESEARCH_PIN=289d7356c78a4cd493fe61a54f9548f2a0c11298
BORROWED_SOURCE_PIN=26a9cd4718aae9f9de7ef1c3394fb74a229085d5
Lean (version 4.32.0, x86_64-unknown-linux-gnu, commit 8c9756b28d64dab099da31a4c09229a9e6a2ef35, Release)
da8bb967d332cbec11b4782fdf98e3e979e960cc9cbb2dfb838fccc98ff56ce5  /home/dombarker/project-offloads/aspis-higher-y.fMoMeX/selected-regular-low-support-nuc-v1-manifest.json
a53c1f7492f67b86d17e5fa2d237a78f02f686f4832df0fe7583a43f99453499  /home/dombarker/project-offloads/aspis-higher-y.fMoMeX/overlay/SelectedRegularLowSupport.lean
a53c1f7492f67b86d17e5fa2d237a78f02f686f4832df0fe7583a43f99453499  /home/dombarker/project-offloads/aspis-higher-y.fMoMeX/selected-regular-low-support-nuc-v1-source.txt
5780e61b4d286905ab912bb6ab8e103a20908f78c11bea415db40a5fad110e52  /home/dombarker/project-offloads/aspis-higher-y.fMoMeX/run_higher_y_nuc.sh
OVERLAY_PROVENANCE_PASS=961
NATIVE_PACKAGE_CACHE_BOUNDARY=pinned revisions; not a replay of package compilation
CGROUP=/user.slice/user-1000.slice/user@1000.service/app.slice/aspis-higher-y-selected-regular-low-support-nuc-v1.scope
memory.high=8589934592
memory.max=10737418240
memory.swap.max=0
cpu.max=200000 100000
COMMAND=/home/dombarker/.elan/toolchains/leanprover--lean4---v4.32.0/bin/lean -j1 -M9500 -R /home/dombarker/project-offloads/aspis-higher-y.fMoMeX/overlay -o /home/dombarker/project-offloads/aspis-higher-y.fMoMeX/overlay/SelectedRegularLowSupport.olean /home/dombarker/project-offloads/aspis-higher-y.fMoMeX/overlay/SelectedRegularLowSupport.lean
/home/dombarker/project-offloads/aspis-higher-y.fMoMeX/overlay/SelectedRegularLowSupport.lean:61:43: error(lean.unknownIdentifier): Unknown identifier `storedPoint`
/home/dombarker/project-offloads/aspis-higher-y.fMoMeX/overlay/SelectedRegularLowSupport.lean:66:48: error: (deterministic) timeout at `whnf`, maximum number of heartbeats (250000) has been reached

Note: Use `set_option maxHeartbeats <num>` to set the limit.

Hint: Additional diagnostic information may be available using the `set_option diagnostics true` command.
/home/dombarker/project-offloads/aspis-higher-y.fMoMeX/overlay/SelectedRegularLowSupport.lean:64:4: error: (deterministic) timeout at `whnf`, maximum number of heartbeats (250000) has been reached

Note: Use `set_option maxHeartbeats <num>` to set the limit.

Hint: Additional diagnostic information may be available using the `set_option diagnostics true` command.
/home/dombarker/project-offloads/aspis-higher-y.fMoMeX/overlay/SelectedRegularLowSupport.lean:75:2: error: (deterministic) timeout at `«tactic execution»`, maximum number of heartbeats (250000) has been reached

Note: Use `set_option maxHeartbeats <num>` to set the limit.

Hint: Additional diagnostic information may be available using the `set_option diagnostics true` command.
/home/dombarker/project-offloads/aspis-higher-y.fMoMeX/overlay/SelectedRegularLowSupport.lean:126:43: error: omega could not prove the goal:
a possible counterexample may satisfy the constraints
  d ≥ 0
  c ≥ 0
  c - 4*d ≥ -2
  b ≥ 1
  b ≥ 1
  4*b - c ≥ 3
  a ≥ 0
  a - b ≥ 0
where
 a := ↑(fibreCount (e.raw gamma) Q)
 b := ↑m
 c := ↑(#(originalSupport e.c1 e.c2 e.data gamma Q))
 d := ↑(fibreCount (SelectedComponentGame.received e.c1 e.c2 e.data gamma) Q)
'AspisV8.SelectedRegularLowSupport.full_bad_card' depends on axioms: [propext, Classical.choice, Quot.sound]
'AspisV8.SelectedRegularLowSupport.full_query_mass' depends on axioms: [propext, sorryAx, Classical.choice, Quot.sound]
'AspisV8.SelectedRegularLowSupport.fibre_to_original_support' depends on axioms: [propext, Classical.choice, Quot.sound]
'AspisV8.SelectedRegularLowSupport.low_regular_witness' depends on axioms: [propext, Classical.choice, Quot.sound]
'AspisV8.SelectedRegularLowSupport.regular_fibre_tail_mem' depends on axioms: [propext,
 sorryAx,
 Classical.choice,
 Quot.sound]
'AspisV8.SelectedRegularLowSupport.low_regular_moment' depends on axioms: [propext, Classical.choice, Quot.sound]
'AspisV8.SelectedRegularLowSupport.shared_suffix' depends on axioms: [propext, Classical.choice, Quot.sound]
Command exited with non-zero status 1
	Command being timed: "/home/dombarker/.elan/toolchains/leanprover--lean4---v4.32.0/bin/lean -j1 -M9500 -R /home/dombarker/project-offloads/aspis-higher-y.fMoMeX/overlay -o /home/dombarker/project-offloads/aspis-higher-y.fMoMeX/overlay/SelectedRegularLowSupport.olean /home/dombarker/project-offloads/aspis-higher-y.fMoMeX/overlay/SelectedRegularLowSupport.lean"
	User time (seconds): 15.14
	System time (seconds): 1.06
	Percent of CPU this job got: 99%
	Elapsed (wall clock) time (h:mm:ss or m:ss): 0:16.27
	Average shared text size (kbytes): 0
	Average unshared data size (kbytes): 0
	Average stack size (kbytes): 0
	Average total size (kbytes): 0
	Maximum resident set size (kbytes): 6842868
	Average resident set size (kbytes): 0
	Major (requiring I/O) page faults: 0
	Minor (reclaiming a frame) page faults: 142894
	Voluntary context switches: 642
	Involuntary context switches: 315
	Swaps: 0
	File system inputs: 0
	File system outputs: 0
	Socket messages sent: 0
	Socket messages received: 0
	Signals delivered: 0
	Page size (bytes): 4096
	Exit status: 1
LEAN_EXIT=1
