REMOTE_TASK=/home/dombarker/project-offloads/aspis-higher-y.fMoMeX
TARGET=SelectedEarlyC1InputPair
RESEARCH_PIN=289d7356c78a4cd493fe61a54f9548f2a0c11298
BORROWED_SOURCE_PIN=26a9cd4718aae9f9de7ef1c3394fb74a229085d5
Lean (version 4.32.0, x86_64-unknown-linux-gnu, commit 8c9756b28d64dab099da31a4c09229a9e6a2ef35, Release)
4d12b2a305d3e735544a4aa980b83b9d1248dade0147b55a1d98e55c19b4cd66  /home/dombarker/project-offloads/aspis-higher-y.fMoMeX/selected-early-c1-input-pair-nuc-v2-manifest.json
09628c1bd00108b93516b9b02bf65fd0d5f81ee02f12fa5e9939df4ca22697b6  /home/dombarker/project-offloads/aspis-higher-y.fMoMeX/overlay/SelectedEarlyC1InputPair.lean
09628c1bd00108b93516b9b02bf65fd0d5f81ee02f12fa5e9939df4ca22697b6  /home/dombarker/project-offloads/aspis-higher-y.fMoMeX/selected-early-c1-input-pair-nuc-v2-source.txt
5780e61b4d286905ab912bb6ab8e103a20908f78c11bea415db40a5fad110e52  /home/dombarker/project-offloads/aspis-higher-y.fMoMeX/run_higher_y_nuc.sh
OVERLAY_PROVENANCE_PASS=995
NATIVE_PACKAGE_CACHE_BOUNDARY=pinned revisions; not a replay of package compilation
CGROUP=/user.slice/user-1000.slice/user@1000.service/app.slice/aspis-higher-y-selected-early-c1-input-pair-nuc-v2.scope
memory.high=8589934592
memory.max=10737418240
memory.swap.max=0
cpu.max=200000 100000
COMMAND=/home/dombarker/.elan/toolchains/leanprover--lean4---v4.32.0/bin/lean -j1 -M9500 -R /home/dombarker/project-offloads/aspis-higher-y.fMoMeX/overlay -o /home/dombarker/project-offloads/aspis-higher-y.fMoMeX/overlay/SelectedEarlyC1InputPair.olean /home/dombarker/project-offloads/aspis-higher-y.fMoMeX/overlay/SelectedEarlyC1InputPair.lean
/home/dombarker/project-offloads/aspis-higher-y.fMoMeX/overlay/SelectedEarlyC1InputPair.lean:46:21: error: failed to synthesize
  Decidable
    (selectedKind (pairLink ((fun i => i) ⟨0, ⋯⟩)) = WeightKind.one ∧
      ↑(producer (pairLink ((fun i => i) ⟨0, ⋯⟩))).row = pairSourceRow ((fun i => i) ⟨0, ⋯⟩) ∧
        ↑(consumer (pairLink ((fun i => i) ⟨0, ⋯⟩))).row = pairTargetRow ((fun i => i) ⟨0, ⋯⟩) ∧
          sourcePatterns (producer (pairLink ((fun i => i) ⟨0, ⋯⟩))).pattern =
              { width := pairWidth ((fun i => i) ⟨0, ⋯⟩), start := pairSourceStart ((fun i => i) ⟨0, ⋯⟩),
                lastOffset := pairSourceOffset ((fun i => i) ⟨0, ⋯⟩) } ∧
            sourcePatterns (consumer (pairLink ((fun i => i) ⟨0, ⋯⟩))).pattern =
              { width := pairWidth ((fun i => i) ⟨0, ⋯⟩), start := pairTargetStart ((fun i => i) ⟨0, ⋯⟩),
                lastOffset := pairTargetOffset ((fun i => i) ⟨0, ⋯⟩) })

Hint: Additional diagnostic information may be available using the `set_option diagnostics true` command.
/home/dombarker/project-offloads/aspis-higher-y.fMoMeX/overlay/SelectedEarlyC1InputPair.lean:46:21: error: failed to synthesize
  Decidable
    (selectedKind (pairLink ((fun i => i) ⟨1, ⋯⟩)) = WeightKind.one ∧
      ↑(producer (pairLink ((fun i => i) ⟨1, ⋯⟩))).row = pairSourceRow ((fun i => i) ⟨1, ⋯⟩) ∧
        ↑(consumer (pairLink ((fun i => i) ⟨1, ⋯⟩))).row = pairTargetRow ((fun i => i) ⟨1, ⋯⟩) ∧
          sourcePatterns (producer (pairLink ((fun i => i) ⟨1, ⋯⟩))).pattern =
              { width := pairWidth ((fun i => i) ⟨1, ⋯⟩), start := pairSourceStart ((fun i => i) ⟨1, ⋯⟩),
                lastOffset := pairSourceOffset ((fun i => i) ⟨1, ⋯⟩) } ∧
            sourcePatterns (consumer (pairLink ((fun i => i) ⟨1, ⋯⟩))).pattern =
              { width := pairWidth ((fun i => i) ⟨1, ⋯⟩), start := pairTargetStart ((fun i => i) ⟨1, ⋯⟩),
                lastOffset := pairTargetOffset ((fun i => i) ⟨1, ⋯⟩) })

Hint: Additional diagnostic information may be available using the `set_option diagnostics true` command.
/home/dombarker/project-offloads/aspis-higher-y.fMoMeX/overlay/SelectedEarlyC1InputPair.lean:46:21: error: failed to synthesize
  Decidable
    (selectedKind (pairLink ((fun i => i) ⟨2, ⋯⟩)) = WeightKind.one ∧
      ↑(producer (pairLink ((fun i => i) ⟨2, ⋯⟩))).row = pairSourceRow ((fun i => i) ⟨2, ⋯⟩) ∧
        ↑(consumer (pairLink ((fun i => i) ⟨2, ⋯⟩))).row = pairTargetRow ((fun i => i) ⟨2, ⋯⟩) ∧
          sourcePatterns (producer (pairLink ((fun i => i) ⟨2, ⋯⟩))).pattern =
              { width := pairWidth ((fun i => i) ⟨2, ⋯⟩), start := pairSourceStart ((fun i => i) ⟨2, ⋯⟩),
                lastOffset := pairSourceOffset ((fun i => i) ⟨2, ⋯⟩) } ∧
            sourcePatterns (consumer (pairLink ((fun i => i) ⟨2, ⋯⟩))).pattern =
              { width := pairWidth ((fun i => i) ⟨2, ⋯⟩), start := pairTargetStart ((fun i => i) ⟨2, ⋯⟩),
                lastOffset := pairTargetOffset ((fun i => i) ⟨2, ⋯⟩) })

Hint: Additional diagnostic information may be available using the `set_option diagnostics true` command.
'AspisV8.SelectedEarlyC1InputPair.pair_link_shape' depends on axioms: [propext, sorryAx, Classical.choice, Quot.sound]
'AspisV8.SelectedEarlyC1InputPair.pair_alias_count' depends on axioms: [propext, Classical.choice, Quot.sound]
'AspisV8.SelectedEarlyC1InputPair.literal_right_offset_cancels' depends on axioms: [propext,
 Classical.choice,
 Quot.sound]
'AspisV8.SelectedEarlyC1InputPair.project_add_offset' depends on axioms: [propext, Classical.choice, Quot.sound]
'AspisV8.SelectedEarlyC1InputPair.project_pattern_limb' depends on axioms: [propext, Classical.choice, Quot.sound]
'AspisV8.SelectedEarlyC1InputPair.weighted_aliases_supply_pair_limb' depends on axioms: [propext,
 sorryAx,
 Classical.choice,
 Quot.sound]
'AspisV8.SelectedEarlyC1InputPair.input_pair_copies' depends on axioms: [propext, sorryAx, Classical.choice, Quot.sound]
'AspisV8.SelectedEarlyC1InputPair.input_pair_residuals_from_selected_copy' depends on axioms: [propext,
 sorryAx,
 Classical.choice,
 Quot.sound]
'AspisV8.SelectedEarlyC1InputPair.input_pair_facts_of_aliases' depends on axioms: [propext,
 sorryAx,
 Classical.choice,
 Quot.sound]
'AspisV8.SelectedEarlyC1InputPair.member_input_pair_or_copy_collision' depends on axioms: [propext,
 sorryAx,
 Classical.choice,
 Quot.sound]
Command exited with non-zero status 1
	Command being timed: "/home/dombarker/.elan/toolchains/leanprover--lean4---v4.32.0/bin/lean -j1 -M9500 -R /home/dombarker/project-offloads/aspis-higher-y.fMoMeX/overlay -o /home/dombarker/project-offloads/aspis-higher-y.fMoMeX/overlay/SelectedEarlyC1InputPair.olean /home/dombarker/project-offloads/aspis-higher-y.fMoMeX/overlay/SelectedEarlyC1InputPair.lean"
	User time (seconds): 2.12
	System time (seconds): 1.02
	Percent of CPU this job got: 100%
	Elapsed (wall clock) time (h:mm:ss or m:ss): 0:03.13
	Average shared text size (kbytes): 0
	Average unshared data size (kbytes): 0
	Average stack size (kbytes): 0
	Average total size (kbytes): 0
	Maximum resident set size (kbytes): 6692676
	Average resident set size (kbytes): 0
	Major (requiring I/O) page faults: 0
	Minor (reclaiming a frame) page faults: 140094
	Voluntary context switches: 771
	Involuntary context switches: 184
	Swaps: 0
	File system inputs: 0
	File system outputs: 0
	Socket messages sent: 0
	Socket messages received: 0
	Signals delivered: 0
	Page size (bytes): 4096
	Exit status: 1
LEAN_EXIT=1
