REMOTE_TASK=/home/dombarker/project-offloads/aspis-higher-y.fMoMeX
TARGET=SelectedEarlyC1Inputs
RESEARCH_PIN=289d7356c78a4cd493fe61a54f9548f2a0c11298
BORROWED_SOURCE_PIN=26a9cd4718aae9f9de7ef1c3394fb74a229085d5
Lean (version 4.32.0, x86_64-unknown-linux-gnu, commit 8c9756b28d64dab099da31a4c09229a9e6a2ef35, Release)
7fac24990acfa6e1acf61b6cfc5a8784b209f398f9dc5b03878e9b60e616fa35  /home/dombarker/project-offloads/aspis-higher-y.fMoMeX/selected-early-c1-inputs-nuc-v2-manifest.json
d7736c3eb78fb25ce6776c5e10d055aa036a8bf16c25d6d63572f9dd1c629c4e  /home/dombarker/project-offloads/aspis-higher-y.fMoMeX/overlay/SelectedEarlyC1Inputs.lean
d7736c3eb78fb25ce6776c5e10d055aa036a8bf16c25d6d63572f9dd1c629c4e  /home/dombarker/project-offloads/aspis-higher-y.fMoMeX/selected-early-c1-inputs-nuc-v2-source.txt
5780e61b4d286905ab912bb6ab8e103a20908f78c11bea415db40a5fad110e52  /home/dombarker/project-offloads/aspis-higher-y.fMoMeX/run_higher_y_nuc.sh
OVERLAY_PROVENANCE_PASS=957
NATIVE_PACKAGE_CACHE_BOUNDARY=pinned revisions; not a replay of package compilation
CGROUP=/user.slice/user-1000.slice/user@1000.service/app.slice/aspis-higher-y-selected-early-c1-inputs-nuc-v2.scope
memory.high=8589934592
memory.max=10737418240
memory.swap.max=0
cpu.max=200000 100000
COMMAND=/home/dombarker/.elan/toolchains/leanprover--lean4---v4.32.0/bin/lean -j1 -M9500 -R /home/dombarker/project-offloads/aspis-higher-y.fMoMeX/overlay -o /home/dombarker/project-offloads/aspis-higher-y.fMoMeX/overlay/SelectedEarlyC1Inputs.olean /home/dombarker/project-offloads/aspis-higher-y.fMoMeX/overlay/SelectedEarlyC1Inputs.lean
'AspisV8.SelectedEarlyC1Inputs.input_link_shape' depends on axioms: [propext, Classical.choice, Quot.sound]
'AspisV8.SelectedEarlyC1Inputs.input_alias_count' depends on axioms: [propext, Classical.choice, Quot.sound]
'AspisV8.SelectedEarlyC1Inputs.weighted_aliases_supply_input_limb' depends on axioms: [propext,
 Classical.choice,
 Quot.sound]
'AspisV8.SelectedEarlyC1Inputs.input_copy_aliases' depends on axioms: [propext, Classical.choice, Quot.sound]
'AspisV8.SelectedEarlyC1Inputs.input_residuals_from_selected_copy' depends on axioms: [propext,
 Classical.choice,
 Quot.sound]
'AspisV8.SelectedEarlyC1Inputs.input_hashes_of_aliases' depends on axioms: [propext, Classical.choice, Quot.sound]
'AspisV8.SelectedEarlyC1Inputs.public_input_facts_of_aliases' depends on axioms: [propext, Classical.choice, Quot.sound]
'AspisV8.SelectedEarlyC1Inputs.member_inputs_or_copy_collision' depends on axioms: [propext,
 Classical.choice,
 Quot.sound]
	Command being timed: "/home/dombarker/.elan/toolchains/leanprover--lean4---v4.32.0/bin/lean -j1 -M9500 -R /home/dombarker/project-offloads/aspis-higher-y.fMoMeX/overlay -o /home/dombarker/project-offloads/aspis-higher-y.fMoMeX/overlay/SelectedEarlyC1Inputs.olean /home/dombarker/project-offloads/aspis-higher-y.fMoMeX/overlay/SelectedEarlyC1Inputs.lean"
	User time (seconds): 2.58
	System time (seconds): 1.05
	Percent of CPU this job got: 99%
	Elapsed (wall clock) time (h:mm:ss or m:ss): 0:03.64
	Average shared text size (kbytes): 0
	Average unshared data size (kbytes): 0
	Average stack size (kbytes): 0
	Average total size (kbytes): 0
	Maximum resident set size (kbytes): 6724788
	Average resident set size (kbytes): 0
	Major (requiring I/O) page faults: 0
	Minor (reclaiming a frame) page faults: 140194
	Voluntary context switches: 635
	Involuntary context switches: 178
	Swaps: 0
	File system inputs: 8
	File system outputs: 824
	Socket messages sent: 0
	Socket messages received: 0
	Signals delivered: 0
	Page size (bytes): 4096
	Exit status: 0
LEAN_EXIT=0
ce579fff0ad056b6f86f522fe05ca742c06d1a802e6f8420f79bcb8fea98f473  /home/dombarker/project-offloads/aspis-higher-y.fMoMeX/overlay/SelectedEarlyC1Inputs.olean
OVERLAY_PROVENANCE_PASS=957
NATIVE_PACKAGE_CACHE_BOUNDARY=pinned revisions; not a replay of package compilation
PROVENANCE_UNCHANGED=true
