REMOTE_TASK=/home/dombarker/project-offloads/aspis-own-support.f6NQzi
TARGET=SelectedOwnSupportGame
RESEARCH_PIN=ed41b2537e7dad15ce8055d9e5524e337ee8b9a4
BORROWED_SOURCE_PIN=26a9cd4718aae9f9de7ef1c3394fb74a229085d5
Lean (version 4.32.0, x86_64-unknown-linux-gnu, commit 8c9756b28d64dab099da31a4c09229a9e6a2ef35, Release)
a7c821cbbfb479eef4eda360e2319fb149491159c6b9747597425472d9955874  /home/dombarker/project-offloads/aspis-own-support.f6NQzi/selected-own-support-game-nuc-v1-manifest.json
b9ef019cdd9628074d58aad39e4ff3aceaa7d668965687250cf9c40885837191  /home/dombarker/project-offloads/aspis-own-support.f6NQzi/overlay/SelectedOwnSupportGame.lean
b9ef019cdd9628074d58aad39e4ff3aceaa7d668965687250cf9c40885837191  /home/dombarker/project-offloads/aspis-own-support.f6NQzi/selected-own-support-game-nuc-v1-source.txt
7841aad16e0c2b7f307038e573f16491edc1ab2b20d08843aacf36f66562d89d  /home/dombarker/project-offloads/aspis-own-support.f6NQzi/run_own_support_nuc.sh
OVERLAY_PROVENANCE_PASS=793
NATIVE_PACKAGE_CACHE_BOUNDARY=pinned revisions; not a replay of package compilation
CGROUP=/user.slice/user-1000.slice/user@1000.service/app.slice/aspis-own-support-selected-own-support-game-nuc-v1.scope
memory.high=8589934592
memory.max=10737418240
memory.swap.max=0
cpu.max=200000 100000
COMMAND=/home/dombarker/.elan/toolchains/leanprover--lean4---v4.32.0/bin/lean -j1 -M9500 -R /home/dombarker/project-offloads/aspis-own-support.f6NQzi/overlay -o /home/dombarker/project-offloads/aspis-own-support.f6NQzi/overlay/SelectedOwnSupportGame.olean /home/dombarker/project-offloads/aspis-own-support.f6NQzi/overlay/SelectedOwnSupportGame.lean
/home/dombarker/project-offloads/aspis-own-support.f6NQzi/overlay/SelectedOwnSupportGame.lean:71:49: error: Application type mismatch: The argument
  checked
has type
  @Data.Checked K QuadraticAlgebra.instField instDecidableEqK data
but is expected to have type
  @Data.Checked TupleQueryTransport.K QuadraticAlgebra.instField (fun a b => instDecidableEqQuadraticAlgebra a b) data
in the application
  fold_zero_iff c1 c2 p data checked
/home/dombarker/project-offloads/aspis-own-support.f6NQzi/overlay/SelectedOwnSupportGame.lean:71:77: error: maximum recursion depth has been reached
use `set_option maxRecDepth <num>` to increase limit
use `set_option diagnostics true` to get diagnostic information
/home/dombarker/project-offloads/aspis-own-support.f6NQzi/overlay/SelectedOwnSupportGame.lean:86:9: error: maximum recursion depth has been reached
use `set_option maxRecDepth <num>` to increase limit
use `set_option diagnostics true` to get diagnostic information
/home/dombarker/project-offloads/aspis-own-support.f6NQzi/overlay/SelectedOwnSupportGame.lean:124:41: error: maximum recursion depth has been reached
use `set_option maxRecDepth <num>` to increase limit
use `set_option diagnostics true` to get diagnostic information
'AspisV8.SelectedOwnSupportGame.of_actual_final' depends on axioms: [propext, Classical.choice, Quot.sound]
'AspisV8.SelectedOwnSupportGame.event_pointwise' depends on axioms: [propext, sorryAx, Classical.choice, Quot.sound]
'AspisV8.SelectedOwnSupportGame.event_poles' depends on axioms: [propext, Classical.choice, Quot.sound]
'AspisV8.SelectedOwnSupportGame.event_exception' depends on axioms: [propext, sorryAx, Classical.choice, Quot.sound]
'AspisV8.SelectedOwnSupportGame.capture' depends on axioms: [propext, Classical.choice, Quot.sound]
'AspisV8.SelectedOwnSupportGame.selected_count' depends on axioms: [propext, sorryAx, Classical.choice, Quot.sound]
'AspisV8.SelectedOwnSupportGame.literal_family_count' depends on axioms: [propext,
 sorryAx,
 Classical.choice,
 Quot.sound]
Command exited with non-zero status 1
	Command being timed: "/home/dombarker/.elan/toolchains/leanprover--lean4---v4.32.0/bin/lean -j1 -M9500 -R /home/dombarker/project-offloads/aspis-own-support.f6NQzi/overlay -o /home/dombarker/project-offloads/aspis-own-support.f6NQzi/overlay/SelectedOwnSupportGame.olean /home/dombarker/project-offloads/aspis-own-support.f6NQzi/overlay/SelectedOwnSupportGame.lean"
	User time (seconds): 2.26
	System time (seconds): 1.00
	Percent of CPU this job got: 99%
	Elapsed (wall clock) time (h:mm:ss or m:ss): 0:03.27
	Average shared text size (kbytes): 0
	Average unshared data size (kbytes): 0
	Average stack size (kbytes): 0
	Average total size (kbytes): 0
	Maximum resident set size (kbytes): 6827548
	Average resident set size (kbytes): 0
	Major (requiring I/O) page faults: 0
	Minor (reclaiming a frame) page faults: 142306
	Voluntary context switches: 410
	Involuntary context switches: 147
	Swaps: 0
	File system inputs: 0
	File system outputs: 0
	Socket messages sent: 0
	Socket messages received: 0
	Signals delivered: 0
	Page size (bytes): 4096
	Exit status: 1
LEAN_EXIT=1
