REMOTE_TASK=/home/dombarker/project-offloads/aspis-higher-y.fMoMeX
TARGET=SelectedWireBytes
RESEARCH_PIN=289d7356c78a4cd493fe61a54f9548f2a0c11298
BORROWED_SOURCE_PIN=26a9cd4718aae9f9de7ef1c3394fb74a229085d5
Lean (version 4.32.0, x86_64-unknown-linux-gnu, commit 8c9756b28d64dab099da31a4c09229a9e6a2ef35, Release)
6be1e115dd99757dc722604f1ee4de596533d9629a53b376f28951e68aa3f4d8  /home/dombarker/project-offloads/aspis-higher-y.fMoMeX/selected-wire-bytes-nuc-v1-manifest.json
e27d4d4a6bd555b835188ef91ef25004dfa054b452cafb227b1dff512cfff76c  /home/dombarker/project-offloads/aspis-higher-y.fMoMeX/overlay/SelectedWireBytes.lean
e27d4d4a6bd555b835188ef91ef25004dfa054b452cafb227b1dff512cfff76c  /home/dombarker/project-offloads/aspis-higher-y.fMoMeX/selected-wire-bytes-nuc-v1-source.txt
5780e61b4d286905ab912bb6ab8e103a20908f78c11bea415db40a5fad110e52  /home/dombarker/project-offloads/aspis-higher-y.fMoMeX/run_higher_y_nuc.sh
OVERLAY_PROVENANCE_PASS=1103
NATIVE_PACKAGE_CACHE_BOUNDARY=pinned revisions; not a replay of package compilation
CGROUP=/user.slice/user-1000.slice/user@1000.service/app.slice/aspis-higher-y-selected-wire-bytes-nuc-v1.scope
memory.high=8589934592
memory.max=10737418240
memory.swap.max=0
cpu.max=200000 100000
COMMAND=/home/dombarker/.elan/toolchains/leanprover--lean4---v4.32.0/bin/lean -j1 -M9500 -R /home/dombarker/project-offloads/aspis-higher-y.fMoMeX/overlay -o /home/dombarker/project-offloads/aspis-higher-y.fMoMeX/overlay/SelectedWireBytes.olean /home/dombarker/project-offloads/aspis-higher-y.fMoMeX/overlay/SelectedWireBytes.lean
/home/dombarker/project-offloads/aspis-higher-y.fMoMeX/overlay/SelectedWireBytes.lean:76:13: error: Application type mismatch: The argument
  fixed
has type
  CanonicalRelationInput.parseFixed body = some values
but is expected to have type
  some values = some (assemble body values).values
in the application
  And.intro fixed
/home/dombarker/project-offloads/aspis-higher-y.fMoMeX/overlay/SelectedWireBytes.lean:115:6: error: Tactic `rewrite` failed: motive is not type correct:
  fun _a => _a.roots phase byte = body[11152 + 26 * ↑phase + ↑byte]
Error: Application type mismatch: The argument
  success
has type
  parse body = some wire
but is expected to have type
  parse body = some _a
in the application
  root_in_bounds body _a success

Explanation: The rewrite tactic rewrites an expression 'e' using an equality 'a = b' by the following process. First, it looks for all 'a' in 'e'. Second, it tries to abstract these occurrences of 'a' to create a function 'm := fun _a => ...', called the *motive*, with the property that 'm a' is definitionally equal to 'e'. Third, we observe that 'congrArg' implies that 'm a = m b', which can be used with lemmas such as 'Eq.mpr' to change the goal. However, if 'e' depends on specific properties of 'a', then the motive 'm' might not typecheck.

Possible solutions: use rewrite's 'occs' configuration option to limit which occurrences are rewritten, or use 'simp' or 'conv' mode, which have strategies for certain kinds of dependencies (these tactics can handle proofs and 'Decidable' instances whose types depend on the rewritten term, and 'simp' can apply user-defined '@[congr]' theorems as well).

body : List Byte
wire : Wire
success : parse body = some wire
phase : Fin 2
byte : Fin 26
⊢ wire.roots phase byte = body[11152 + 26 * ↑phase + ↑byte]
/home/dombarker/project-offloads/aspis-higher-y.fMoMeX/overlay/SelectedWireBytes.lean:136:2: error: Type mismatch: After simplification, term
  slice_byte body 11204 24 (8 * ↑nonce + ↑byte)
    (Decidable.byContradiction fun a => nonce_byte._proof_1 body nonce byte count left✝ shape a)
    (Decidable.byContradiction fun a => nonce_byte._proof_2 body nonce byte count hn hb a)
 has type
  @Eq Byte ((slice body 11204 24).getD (8 * ↑nonce + ↑byte) 0) (body.getD (11204 + (8 * ↑nonce + ↑byte)) 0)
but is expected to have type
  @Eq Byte ((assemble body wire.values).nonces.getD (8 * ↑nonce + ↑byte) 0) (body.getD (11204 + (8 * ↑nonce + ↑byte)) 0)
/home/dombarker/project-offloads/aspis-higher-y.fMoMeX/overlay/SelectedWireBytes.lean:151:2: error: Type mismatch: After simplification, term
  slice_byte body 11228 13662 (621 * ↑query + ↑byte)
    (Decidable.byContradiction fun a => record_byte._proof_1 body query byte count left✝ shape a)
    (Decidable.byContradiction fun a => record_byte._proof_2 body query byte count hq hb a)
 has type
  @Eq Byte ((slice body 11228 13662).getD (621 * ↑query + ↑byte) 0) (body.getD (11228 + (621 * ↑query + ↑byte)) 0)
but is expected to have type
  @Eq Byte ((assemble body wire.values).records.getD (621 * ↑query + ↑byte) 0)
    (body.getD (11228 + (621 * ↑query + ↑byte)) 0)
/home/dombarker/project-offloads/aspis-higher-y.fMoMeX/overlay/SelectedWireBytes.lean:181:35: warning: This simp argument is unused:
  Fin.val_zero

Hint: Omit it from the simp argument list.
  simp only [̵F̵i̵n̵.̵v̵a̵l̵_̵z̵e̵r̵o̵,̵ ̵F̵i̵n̵.̵v̵a̵l̵_̵o̵n̵e̵,̵[̲F̲i̲n̲.̲v̲a̲l̲_̲o̲n̲e̲,̲ zero_mul, one_mul, Nat.add_zero]

Note: This linter can be disabled with `set_option linter.unusedSimpArgs false`
/home/dombarker/project-offloads/aspis-higher-y.fMoMeX/overlay/SelectedWireBytes.lean:181:49: warning: This simp argument is unused:
  Fin.val_one

Hint: Omit it from the simp argument list.
  simp only [Fin.val_zero, F̵i̵n̵.̵v̵a̵l̵_̵o̵n̵e̵,̵ ̵zero_mul, one_mul, Nat.add_zero]

Note: This linter can be disabled with `set_option linter.unusedSimpArgs false`
/home/dombarker/project-offloads/aspis-higher-y.fMoMeX/overlay/SelectedWireBytes.lean:207:35: warning: This simp argument is unused:
  Fin.val_zero

Hint: Omit it from the simp argument list.
  simp only [̵F̵i̵n̵.̵v̵a̵l̵_̵z̵e̵r̵o̵,̵ ̵F̵i̵n̵.̵v̵a̵l̵_̵o̵n̵e̵,̵[̲F̲i̲n̲.̲v̲a̲l̲_̲o̲n̲e̲,̲ zero_mul, one_mul, Nat.add_zero]

Note: This linter can be disabled with `set_option linter.unusedSimpArgs false`
/home/dombarker/project-offloads/aspis-higher-y.fMoMeX/overlay/SelectedWireBytes.lean:207:49: warning: This simp argument is unused:
  Fin.val_one

Hint: Omit it from the simp argument list.
  simp only [Fin.val_zero, F̵i̵n̵.̵v̵a̵l̵_̵o̵n̵e̵,̵ ̵zero_mul, one_mul, Nat.add_zero]

Note: This linter can be disabled with `set_option linter.unusedSimpArgs false`
/home/dombarker/project-offloads/aspis-higher-y.fMoMeX/overlay/SelectedWireBytes.lean:227:87: error: unexpected identifier; expected ')', ',' or ':'
'AspisV8.SelectedWireBytes.slice_length' depends on axioms: [propext, Quot.sound]
'AspisV8.SelectedWireBytes.slice_byte' depends on axioms: [propext, Classical.choice, Quot.sound]
'AspisV8.SelectedWireBytes.parse_success' depends on axioms: [propext, sorryAx, Classical.choice, Quot.sound]
'AspisV8.SelectedWireBytes.malformed_length' depends on axioms: [propext, Classical.choice, Quot.sound]
'AspisV8.SelectedWireBytes.successful_length' depends on axioms: [propext, sorryAx, Classical.choice, Quot.sound]
'AspisV8.SelectedWireBytes.fixed_fields' depends on axioms: [propext, sorryAx, Classical.choice, Quot.sound]
'AspisV8.SelectedWireBytes.roots_exact' depends on axioms: [propext, sorryAx, Classical.choice, Quot.sound]
'AspisV8.SelectedWireBytes.fixed_slice_lengths' depends on axioms: [propext, sorryAx, Classical.choice, Quot.sound]
'AspisV8.SelectedWireBytes.nonce_byte' depends on axioms: [propext, sorryAx, Classical.choice, Quot.sound]
'AspisV8.SelectedWireBytes.record_eq_bodyRecord' depends on axioms: [propext, sorryAx, Classical.choice, Quot.sound]
'AspisV8.SelectedWireBytes.record_bytes_exact' depends on axioms: [propext, sorryAx, Classical.choice, Quot.sound]
'AspisV8.SelectedWireBytes.frontier_lengths' depends on axioms: [propext, sorryAx, Classical.choice, Quot.sound]
'AspisV8.SelectedWireBytes.second_frontier_to_end' depends on axioms: [propext, sorryAx, Classical.choice, Quot.sound]
'AspisV8.SelectedWireBytes.frontier_byte' depends on axioms: [propext, sorryAx, Classical.choice, Quot.sound]
'AspisV8.SelectedWireBytes.frontier_pairs_length' depends on axioms: [propext, sorryAx, Classical.choice, Quot.sound]
/home/dombarker/project-offloads/aspis-higher-y.fMoMeX/overlay/SelectedWireBytes.lean:253:14: error(lean.unknownIdentifier): Unknown constant `frontier_pair_byte`
Command exited with non-zero status 1
	Command being timed: "/home/dombarker/.elan/toolchains/leanprover--lean4---v4.32.0/bin/lean -j1 -M9500 -R /home/dombarker/project-offloads/aspis-higher-y.fMoMeX/overlay -o /home/dombarker/project-offloads/aspis-higher-y.fMoMeX/overlay/SelectedWireBytes.olean /home/dombarker/project-offloads/aspis-higher-y.fMoMeX/overlay/SelectedWireBytes.lean"
	User time (seconds): 2.12
	System time (seconds): 1.02
	Percent of CPU this job got: 100%
	Elapsed (wall clock) time (h:mm:ss or m:ss): 0:03.13
	Average shared text size (kbytes): 0
	Average unshared data size (kbytes): 0
	Average stack size (kbytes): 0
	Average total size (kbytes): 0
	Maximum resident set size (kbytes): 6681976
	Average resident set size (kbytes): 0
	Major (requiring I/O) page faults: 0
	Minor (reclaiming a frame) page faults: 139366
	Voluntary context switches: 698
	Involuntary context switches: 170
	Swaps: 0
	File system inputs: 0
	File system outputs: 0
	Socket messages sent: 0
	Socket messages received: 0
	Signals delivered: 0
	Page size (bytes): 4096
	Exit status: 1
LEAN_EXIT=1
