REMOTE_TASK=/home/dombarker/project-offloads/aspis-higher-y.fMoMeX
TARGET=SelectedRegularLowProbability
RESEARCH_PIN=289d7356c78a4cd493fe61a54f9548f2a0c11298
BORROWED_SOURCE_PIN=26a9cd4718aae9f9de7ef1c3394fb74a229085d5
Lean (version 4.32.0, x86_64-unknown-linux-gnu, commit 8c9756b28d64dab099da31a4c09229a9e6a2ef35, Release)
f47128148125d02eb1f11712a6e965ebfba59d370a436d25d8c400956e4900f2  /home/dombarker/project-offloads/aspis-higher-y.fMoMeX/selected-regular-low-probability-nuc-v3-manifest.json
e386342223f1e32419104ce62c2d5e367d8cbf64129c572bc10b31d37d92fa2c  /home/dombarker/project-offloads/aspis-higher-y.fMoMeX/overlay/SelectedRegularLowProbability.lean
e386342223f1e32419104ce62c2d5e367d8cbf64129c572bc10b31d37d92fa2c  /home/dombarker/project-offloads/aspis-higher-y.fMoMeX/selected-regular-low-probability-nuc-v3-source.txt
5780e61b4d286905ab912bb6ab8e103a20908f78c11bea415db40a5fad110e52  /home/dombarker/project-offloads/aspis-higher-y.fMoMeX/run_higher_y_nuc.sh
OVERLAY_PROVENANCE_PASS=969
NATIVE_PACKAGE_CACHE_BOUNDARY=pinned revisions; not a replay of package compilation
CGROUP=/user.slice/user-1000.slice/user@1000.service/app.slice/aspis-higher-y-selected-regular-low-probability-nuc-v3.scope
memory.high=8589934592
memory.max=10737418240
memory.swap.max=0
cpu.max=200000 100000
COMMAND=/home/dombarker/.elan/toolchains/leanprover--lean4---v4.32.0/bin/lean -j1 -M9500 -R /home/dombarker/project-offloads/aspis-higher-y.fMoMeX/overlay -o /home/dombarker/project-offloads/aspis-higher-y.fMoMeX/overlay/SelectedRegularLowProbability.olean /home/dombarker/project-offloads/aspis-higher-y.fMoMeX/overlay/SelectedRegularLowProbability.lean
'AspisV8.SelectedRegularLowProbability.low_slice_unit' depends on axioms: [propext, Classical.choice, Quot.sound]
'AspisV8.SelectedRegularLowProbability.moment_slice_nonneg' depends on axioms: [propext, Classical.choice, Quot.sound]
'AspisV8.SelectedRegularLowProbability.nonroot_slice_bound' depends on axioms: [propext, Classical.choice, Quot.sound]
'AspisV8.SelectedRegularLowProbability.moment_average_bound' depends on axioms: [propext, Classical.choice, Quot.sound]
'AspisV8.SelectedRegularLowProbability.low_probability_bound' depends on axioms: [propext, Classical.choice, Quot.sound]
	Command being timed: "/home/dombarker/.elan/toolchains/leanprover--lean4---v4.32.0/bin/lean -j1 -M9500 -R /home/dombarker/project-offloads/aspis-higher-y.fMoMeX/overlay -o /home/dombarker/project-offloads/aspis-higher-y.fMoMeX/overlay/SelectedRegularLowProbability.olean /home/dombarker/project-offloads/aspis-higher-y.fMoMeX/overlay/SelectedRegularLowProbability.lean"
	User time (seconds): 2.39
	System time (seconds): 1.05
	Percent of CPU this job got: 99%
	Elapsed (wall clock) time (h:mm:ss or m:ss): 0:03.44
	Average shared text size (kbytes): 0
	Average unshared data size (kbytes): 0
	Average stack size (kbytes): 0
	Average total size (kbytes): 0
	Maximum resident set size (kbytes): 6894792
	Average resident set size (kbytes): 0
	Major (requiring I/O) page faults: 0
	Minor (reclaiming a frame) page faults: 143092
	Voluntary context switches: 571
	Involuntary context switches: 170
	Swaps: 0
	File system inputs: 0
	File system outputs: 488
	Socket messages sent: 0
	Socket messages received: 0
	Signals delivered: 0
	Page size (bytes): 4096
	Exit status: 0
LEAN_EXIT=0
19c91eed8d23af13ec62fd5240b647c9a20e50c1ee1c8260f29103fa2c55aee0  /home/dombarker/project-offloads/aspis-higher-y.fMoMeX/overlay/SelectedRegularLowProbability.olean
OVERLAY_PROVENANCE_PASS=969
NATIVE_PACKAGE_CACHE_BOUNDARY=pinned revisions; not a replay of package compilation
PROVENANCE_UNCHANGED=true
