REMOTE_TASK=/home/dombarker/project-offloads/aspis-higher-y.fMoMeX
TARGET=SelectedSemanticTerminalAlternativeV3
RESEARCH_PIN=289d7356c78a4cd493fe61a54f9548f2a0c11298
BORROWED_SOURCE_PIN=26a9cd4718aae9f9de7ef1c3394fb74a229085d5
Lean (version 4.32.0, x86_64-unknown-linux-gnu, commit 8c9756b28d64dab099da31a4c09229a9e6a2ef35, Release)
cd4bc0991738796ada755053b78ac396acefb2e60017d1f6099f7f935da72069  /home/dombarker/project-offloads/aspis-higher-y.fMoMeX/selected-semantic-terminal-alternative-v3-nuc-v3-manifest.json
37dac7fb48c27ac8dcae29409703aab92fd2173f65888fb39ee680deca728a8b  /home/dombarker/project-offloads/aspis-higher-y.fMoMeX/overlay/SelectedSemanticTerminalAlternativeV3.lean
37dac7fb48c27ac8dcae29409703aab92fd2173f65888fb39ee680deca728a8b  /home/dombarker/project-offloads/aspis-higher-y.fMoMeX/selected-semantic-terminal-alternative-v3-nuc-v3-source.txt
5780e61b4d286905ab912bb6ab8e103a20908f78c11bea415db40a5fad110e52  /home/dombarker/project-offloads/aspis-higher-y.fMoMeX/run_higher_y_nuc.sh
OVERLAY_PROVENANCE_PASS=1065
NATIVE_PACKAGE_CACHE_BOUNDARY=pinned revisions; not a replay of package compilation
CGROUP=/user.slice/user-1000.slice/user@1000.service/app.slice/aspis-higher-y-selected-semantic-terminal-alternative-v3-nuc-v3.scope
memory.high=8589934592
memory.max=10737418240
memory.swap.max=0
cpu.max=200000 100000
COMMAND=/home/dombarker/.elan/toolchains/leanprover--lean4---v4.32.0/bin/lean -j1 -M9500 -R /home/dombarker/project-offloads/aspis-higher-y.fMoMeX/overlay -o /home/dombarker/project-offloads/aspis-higher-y.fMoMeX/overlay/SelectedSemanticTerminalAlternativeV3.olean /home/dombarker/project-offloads/aspis-higher-y.fMoMeX/overlay/SelectedSemanticTerminalAlternativeV3.lean
/home/dombarker/project-offloads/aspis-higher-y.fMoMeX/overlay/SelectedSemanticTerminalAlternativeV3.lean:99:6: error: Type mismatch
  add_le_add_right count (↑n * ↑d / ↑(#S))
has type
  ↑n * ↑d / ↑(#S) + ↑(#(bad history)) / ↑(#S) ≤ ↑n * ↑d / ↑(#S) + ↑d / ↑(#S)
but is expected to have type
  ↑(#(bad history)) / ↑(#S) + ↑n * ↑d / ↑(#S) ≤ ↑d / ↑(#S) + ↑n * ↑d / ↑(#S)
/home/dombarker/project-offloads/aspis-higher-y.fMoMeX/overlay/SelectedSemanticTerminalAlternativeV3.lean:152:14: error: maximum recursion depth has been reached
use `set_option maxRecDepth <num>` to increase limit
use `set_option diagnostics true` to get diagnostic information
'AspisV8.SelectedSemanticTerminalAlternative.FiniteMean.bound' depends on axioms: [propext,
 sorryAx,
 Classical.choice,
 Quot.sound]
'AspisV8.SelectedSemanticTerminalAlternative.Plan.bad_card' depends on axioms: [propext, Classical.choice, Quot.sound]
'AspisV8.SelectedSemanticTerminalAlternative.failure_unit' depends on axioms: [propext, Classical.choice, Quot.sound]
'AspisV8.SelectedSemanticTerminalAlternative.ten_round_bound' depends on axioms: [propext,
 sorryAx,
 Classical.choice,
 Quot.sound]
'AspisV8.SelectedSemanticTerminalAlternative.repair_hits_plan' depends on axioms: [propext,
 sorryAx,
 Classical.choice,
 Quot.sound]
'AspisV8.SelectedSemanticTerminalAlternative.compact_alternative' depends on axioms: [propext,
 sorryAx,
 Classical.choice,
 Quot.sound]
'AspisV8.SelectedSemanticTerminalAlternative.selected_terminal_alternative' depends on axioms: [propext,
 sorryAx,
 Classical.choice,
 Quot.sound]
Command exited with non-zero status 1
	Command being timed: "/home/dombarker/.elan/toolchains/leanprover--lean4---v4.32.0/bin/lean -j1 -M9500 -R /home/dombarker/project-offloads/aspis-higher-y.fMoMeX/overlay -o /home/dombarker/project-offloads/aspis-higher-y.fMoMeX/overlay/SelectedSemanticTerminalAlternativeV3.olean /home/dombarker/project-offloads/aspis-higher-y.fMoMeX/overlay/SelectedSemanticTerminalAlternativeV3.lean"
	User time (seconds): 2.00
	System time (seconds): 1.06
	Percent of CPU this job got: 100%
	Elapsed (wall clock) time (h:mm:ss or m:ss): 0:03.07
	Average shared text size (kbytes): 0
	Average unshared data size (kbytes): 0
	Average stack size (kbytes): 0
	Average total size (kbytes): 0
	Maximum resident set size (kbytes): 6679168
	Average resident set size (kbytes): 0
	Major (requiring I/O) page faults: 0
	Minor (reclaiming a frame) page faults: 139859
	Voluntary context switches: 814
	Involuntary context switches: 168
	Swaps: 0
	File system inputs: 0
	File system outputs: 0
	Socket messages sent: 0
	Socket messages received: 0
	Signals delivered: 0
	Page size (bytes): 4096
	Exit status: 1
LEAN_EXIT=1
