REMOTE_TASK=/home/dombarker/project-offloads/aspis-covered-family.rfQFkf
TARGET=SelectedWeightedCopyCore
RESEARCH_PIN=f19673b4fe72cf74ae687a926eeae9d1e5a6a52e
BORROWED_SOURCE_PIN=26a9cd4718aae9f9de7ef1c3394fb74a229085d5
Lean (version 4.32.0, x86_64-unknown-linux-gnu, commit 8c9756b28d64dab099da31a4c09229a9e6a2ef35, Release)
b98a85420ab0993cb3a3f948ee7779760c211de7a515cdda1f32fa1cc2d891d9  /home/dombarker/project-offloads/aspis-covered-family.rfQFkf/selected-weighted-copy-core-nuc-v1-manifest.json
b4621e1dd2dcb29cf933957b7142d8d726084b0f3eafb1fe75106889c1b41abd  /home/dombarker/project-offloads/aspis-covered-family.rfQFkf/overlay/SelectedWeightedCopyCore.lean
e73b7924f7631454e4a8b7d34b25cb2012d581435181097d003a668291c26248  /home/dombarker/project-offloads/aspis-covered-family.rfQFkf/run_covered_family_nuc.sh
OVERLAY_PROVENANCE_PASS=691
NATIVE_PACKAGE_CACHE_BOUNDARY=pinned revisions; not a replay of package compilation
CGROUP=/user.slice/user-1000.slice/user@1000.service/app.slice/aspis-covered-selected-weighted-copy-core-nuc-v1.scope
memory.high=8589934592
memory.max=10737418240
memory.swap.max=0
cpu.max=200000 100000
COMMAND=/home/dombarker/.elan/toolchains/leanprover--lean4---v4.32.0/bin/lean -j1 -M9500 -R /home/dombarker/project-offloads/aspis-covered-family.rfQFkf/overlay -o /home/dombarker/project-offloads/aspis-covered-family.rfQFkf/overlay/SelectedWeightedCopyCore.olean /home/dombarker/project-offloads/aspis-covered-family.rfQFkf/overlay/SelectedWeightedCopyCore.lean
'AspisV8.SelectedWeightedCopyCore.publicWeight_binary' depends on axioms: [propext]
'AspisV8.SelectedWeightedCopyCore.append_weights_sum' depends on axioms: [propext]
'AspisV8.SelectedWeightedCopyCore.sourceResidual_eq_expanded' depends on axioms: [propext, Quot.sound]
'AspisV8.SelectedWeightedCopyCore.helper_eq_rational_of_source_zero' depends on axioms: [propext,
 Classical.choice,
 Quot.sound]
'AspisV8.SelectedWeightedCopyCore.zero_weight_pole_regression' depends on axioms: [propext,
 Classical.choice,
 Quot.sound]
'AspisV8.SelectedWeightedCopyCore.active_balance_zero_of_rows' depends on axioms: [propext,
 Classical.choice,
 Quot.sound]
'AspisV8.SelectedWeightedCopyCore.whole_balance_zero_of_rows' depends on axioms: [propext, Classical.choice, Quot.sound]
	Command being timed: "/home/dombarker/.elan/toolchains/leanprover--lean4---v4.32.0/bin/lean -j1 -M9500 -R /home/dombarker/project-offloads/aspis-covered-family.rfQFkf/overlay -o /home/dombarker/project-offloads/aspis-covered-family.rfQFkf/overlay/SelectedWeightedCopyCore.olean /home/dombarker/project-offloads/aspis-covered-family.rfQFkf/overlay/SelectedWeightedCopyCore.lean"
	User time (seconds): 1.11
	System time (seconds): 0.26
	Percent of CPU this job got: 99%
	Elapsed (wall clock) time (h:mm:ss or m:ss): 0:01.38
	Average shared text size (kbytes): 0
	Average unshared data size (kbytes): 0
	Average stack size (kbytes): 0
	Average total size (kbytes): 0
	Maximum resident set size (kbytes): 1761188
	Average resident set size (kbytes): 0
	Major (requiring I/O) page faults: 5
	Minor (reclaiming a frame) page faults: 40681
	Voluntary context switches: 906
	Involuntary context switches: 48
	Swaps: 0
	File system inputs: 472
	File system outputs: 2152
	Socket messages sent: 0
	Socket messages received: 0
	Signals delivered: 0
	Page size (bytes): 4096
	Exit status: 0
LEAN_EXIT=0
b7f771868a677fa0a6b2387a5d7fc950d25aeb8409d136c80cbac6124fe1ab46  /home/dombarker/project-offloads/aspis-covered-family.rfQFkf/overlay/SelectedWeightedCopyCore.olean
OVERLAY_PROVENANCE_PASS=691
NATIVE_PACKAGE_CACHE_BOUNDARY=pinned revisions; not a replay of package compilation
PROVENANCE_UNCHANGED=true
