REMOTE_TASK=/home/dombarker/project-offloads/aspis-own-support.f6NQzi
TARGET=SelectedOwnSymbol
RESEARCH_PIN=ed41b2537e7dad15ce8055d9e5524e337ee8b9a4
BORROWED_SOURCE_PIN=26a9cd4718aae9f9de7ef1c3394fb74a229085d5
Lean (version 4.32.0, x86_64-unknown-linux-gnu, commit 8c9756b28d64dab099da31a4c09229a9e6a2ef35, Release)
141a0edf2b46eac4a966fda6c3c9f5dfe5ba6865f61fa7a5ebd1c5419a5dcadb  /home/dombarker/project-offloads/aspis-own-support.f6NQzi/selected-own-symbol-nuc-v14-manifest.json
ee385c7ed79dca2a0745b5d0dd7cb604eba4969b1917bd3924407241b98cc223  /home/dombarker/project-offloads/aspis-own-support.f6NQzi/overlay/SelectedOwnSymbol.lean
ee385c7ed79dca2a0745b5d0dd7cb604eba4969b1917bd3924407241b98cc223  /home/dombarker/project-offloads/aspis-own-support.f6NQzi/selected-own-symbol-nuc-v14-source.txt
7841aad16e0c2b7f307038e573f16491edc1ab2b20d08843aacf36f66562d89d  /home/dombarker/project-offloads/aspis-own-support.f6NQzi/run_own_support_nuc.sh
OVERLAY_PROVENANCE_PASS=791
NATIVE_PACKAGE_CACHE_BOUNDARY=pinned revisions; not a replay of package compilation
CGROUP=/user.slice/user-1000.slice/user@1000.service/app.slice/aspis-own-support-selected-own-symbol-nuc-v14.scope
memory.high=8589934592
memory.max=10737418240
memory.swap.max=0
cpu.max=200000 100000
COMMAND=/home/dombarker/.elan/toolchains/leanprover--lean4---v4.32.0/bin/lean -j1 -M9500 -R /home/dombarker/project-offloads/aspis-own-support.f6NQzi/overlay -o /home/dombarker/project-offloads/aspis-own-support.f6NQzi/overlay/SelectedOwnSymbol.olean /home/dombarker/project-offloads/aspis-own-support.f6NQzi/overlay/SelectedOwnSymbol.lean
'AspisV8.SelectedOwnSymbol.Generic.excess_charged' depends on axioms: [propext, Classical.choice, Quot.sound]
'AspisV8.SelectedOwnSymbol.badGamma_eq_charged' depends on axioms: [propext, Classical.choice, Quot.sound]
'AspisV8.SelectedOwnSymbol.own_eq_joint' depends on axioms: [propext, Classical.choice, Quot.sound]
'AspisV8.SelectedOwnSymbol.common_cap' depends on axioms: [propext, Classical.choice, Quot.sound]
'AspisV8.SelectedOwnSymbol.common_iff' depends on axioms: [propext, Classical.choice, Quot.sound]
'AspisV8.SelectedOwnSymbol.badGamma_subset' depends on axioms: [propext, Classical.choice, Quot.sound]
'AspisV8.SelectedOwnSymbol.badGamma_card' depends on axioms: [propext, Classical.choice, Quot.sound]
'AspisV8.SelectedOwnSymbol.badGamma_coarse' depends on axioms: [propext, Classical.choice, Quot.sound]
'AspisV8.SelectedOwnSymbol.matching_eq_symbols' depends on axioms: [propext, Classical.choice, Quot.sound]
'AspisV8.SelectedOwnSymbol.covered_forces_exception' depends on axioms: [propext, Classical.choice, Quot.sound]
'AspisV8.SelectedOwnSymbol.own_supported_early_member' depends on axioms: [propext, Classical.choice, Quot.sound]
	Command being timed: "/home/dombarker/.elan/toolchains/leanprover--lean4---v4.32.0/bin/lean -j1 -M9500 -R /home/dombarker/project-offloads/aspis-own-support.f6NQzi/overlay -o /home/dombarker/project-offloads/aspis-own-support.f6NQzi/overlay/SelectedOwnSymbol.olean /home/dombarker/project-offloads/aspis-own-support.f6NQzi/overlay/SelectedOwnSymbol.lean"
	User time (seconds): 2.18
	System time (seconds): 1.06
	Percent of CPU this job got: 99%
	Elapsed (wall clock) time (h:mm:ss or m:ss): 0:03.25
	Average shared text size (kbytes): 0
	Average unshared data size (kbytes): 0
	Average stack size (kbytes): 0
	Average total size (kbytes): 0
	Maximum resident set size (kbytes): 6862180
	Average resident set size (kbytes): 0
	Major (requiring I/O) page faults: 0
	Minor (reclaiming a frame) page faults: 142532
	Voluntary context switches: 810
	Involuntary context switches: 177
	Swaps: 0
	File system inputs: 0
	File system outputs: 416
	Socket messages sent: 0
	Socket messages received: 0
	Signals delivered: 0
	Page size (bytes): 4096
	Exit status: 0
LEAN_EXIT=0
b1c82866a284471d2ae5c93de99cf6b01a28155c0ed426b236e0083f857192ea  /home/dombarker/project-offloads/aspis-own-support.f6NQzi/overlay/SelectedOwnSymbol.olean
OVERLAY_PROVENANCE_PASS=791
NATIVE_PACKAGE_CACHE_BOUNDARY=pinned revisions; not a replay of package compilation
PROVENANCE_UNCHANGED=true
