REMOTE_TASK=/home/dombarker/project-offloads/aspis-higher-y.fMoMeX
TARGET=SelectedSemanticTerminalAlternativeV4
RESEARCH_PIN=289d7356c78a4cd493fe61a54f9548f2a0c11298
BORROWED_SOURCE_PIN=26a9cd4718aae9f9de7ef1c3394fb74a229085d5
Lean (version 4.32.0, x86_64-unknown-linux-gnu, commit 8c9756b28d64dab099da31a4c09229a9e6a2ef35, Release)
eba4e59ffc95551e23cd860db8246e36b6802bc3eb1822a2e615a975bfb6eb82  /home/dombarker/project-offloads/aspis-higher-y.fMoMeX/selected-semantic-terminal-alternative-v4-nuc-v1-manifest.json
7463386a70e2658c554c7684161fb68dd99ac732b68fcef05ba473fabbe04cf9  /home/dombarker/project-offloads/aspis-higher-y.fMoMeX/overlay/SelectedSemanticTerminalAlternativeV4.lean
7463386a70e2658c554c7684161fb68dd99ac732b68fcef05ba473fabbe04cf9  /home/dombarker/project-offloads/aspis-higher-y.fMoMeX/selected-semantic-terminal-alternative-v4-nuc-v1-source.txt
5780e61b4d286905ab912bb6ab8e103a20908f78c11bea415db40a5fad110e52  /home/dombarker/project-offloads/aspis-higher-y.fMoMeX/run_higher_y_nuc.sh
OVERLAY_PROVENANCE_PASS=1065
NATIVE_PACKAGE_CACHE_BOUNDARY=pinned revisions; not a replay of package compilation
CGROUP=/user.slice/user-1000.slice/user@1000.service/app.slice/aspis-higher-y-selected-semantic-terminal-alternative-v4-nuc-v1.scope
memory.high=8589934592
memory.max=10737418240
memory.swap.max=0
cpu.max=200000 100000
COMMAND=/home/dombarker/.elan/toolchains/leanprover--lean4---v4.32.0/bin/lean -j1 -M9500 -R /home/dombarker/project-offloads/aspis-higher-y.fMoMeX/overlay -o /home/dombarker/project-offloads/aspis-higher-y.fMoMeX/overlay/SelectedSemanticTerminalAlternativeV4.olean /home/dombarker/project-offloads/aspis-higher-y.fMoMeX/overlay/SelectedSemanticTerminalAlternativeV4.lean
/home/dombarker/project-offloads/aspis-higher-y.fMoMeX/overlay/SelectedSemanticTerminalAlternativeV4.lean:161:52: error: maximum recursion depth has been reached
use `set_option maxRecDepth <num>` to increase limit
use `set_option diagnostics true` to get diagnostic information
/home/dombarker/project-offloads/aspis-higher-y.fMoMeX/overlay/SelectedSemanticTerminalAlternativeV4.lean:146:0: error: linter Lean.Linter.constructorNameAsVariable failed: maximum recursion depth has been reached
use `set_option maxRecDepth <num>` to increase limit
use `set_option diagnostics true` to get diagnostic information
'AspisV8.SelectedSemanticTerminalAlternative.FiniteMean.bound' depends on axioms: [propext,
 Classical.choice,
 Quot.sound]
'AspisV8.SelectedSemanticTerminalAlternative.Plan.bad_card' depends on axioms: [propext, Classical.choice, Quot.sound]
'AspisV8.SelectedSemanticTerminalAlternative.failure_unit' depends on axioms: [propext, Classical.choice, Quot.sound]
'AspisV8.SelectedSemanticTerminalAlternative.ten_round_bound' depends on axioms: [propext, Classical.choice, Quot.sound]
'AspisV8.SelectedSemanticTerminalAlternative.repair_hits_plan' depends on axioms: [propext,
 sorryAx,
 Classical.choice,
 Quot.sound]
'AspisV8.SelectedSemanticTerminalAlternative.compact_alternative' depends on axioms: [propext,
 sorryAx,
 Classical.choice,
 Quot.sound]
'AspisV8.SelectedSemanticTerminalAlternative.selected_terminal_alternative' depends on axioms: [propext,
 sorryAx,
 Classical.choice,
 Quot.sound]
Command exited with non-zero status 1
	Command being timed: "/home/dombarker/.elan/toolchains/leanprover--lean4---v4.32.0/bin/lean -j1 -M9500 -R /home/dombarker/project-offloads/aspis-higher-y.fMoMeX/overlay -o /home/dombarker/project-offloads/aspis-higher-y.fMoMeX/overlay/SelectedSemanticTerminalAlternativeV4.olean /home/dombarker/project-offloads/aspis-higher-y.fMoMeX/overlay/SelectedSemanticTerminalAlternativeV4.lean"
	User time (seconds): 2.63
	System time (seconds): 1.01
	Percent of CPU this job got: 99%
	Elapsed (wall clock) time (h:mm:ss or m:ss): 0:03.65
	Average shared text size (kbytes): 0
	Average unshared data size (kbytes): 0
	Average stack size (kbytes): 0
	Average total size (kbytes): 0
	Maximum resident set size (kbytes): 6679292
	Average resident set size (kbytes): 0
	Major (requiring I/O) page faults: 0
	Minor (reclaiming a frame) page faults: 139916
	Voluntary context switches: 830
	Involuntary context switches: 186
	Swaps: 0
	File system inputs: 0
	File system outputs: 0
	Socket messages sent: 0
	Socket messages received: 0
	Signals delivered: 0
	Page size (bytes): 4096
	Exit status: 1
LEAN_EXIT=1
