REMOTE_TASK=/home/dombarker/project-offloads/aspis-linear-factor.8SUGGL
TARGET=SelectedCopyAliasCore
RESEARCH_PIN=6f1ebbe55fcc6fd008071329d5270aae0521cf9a
BORROWED_SOURCE_PIN=26a9cd4718aae9f9de7ef1c3394fb74a229085d5
Lean (version 4.32.0, x86_64-unknown-linux-gnu, commit 8c9756b28d64dab099da31a4c09229a9e6a2ef35, Release)
138bd0d450ee7c59c7c7c16b699ac15c36b2c7189bc895eb525497389c776148  /home/dombarker/project-offloads/aspis-linear-factor.8SUGGL/selected-copy-alias-core-nuc-v2-manifest.json
157dfc32c9735108121aa468cb25c2a9cf58c1c3015b1150ea14957e60c90749  /home/dombarker/project-offloads/aspis-linear-factor.8SUGGL/overlay/SelectedCopyAliasCore.lean
157dfc32c9735108121aa468cb25c2a9cf58c1c3015b1150ea14957e60c90749  /home/dombarker/project-offloads/aspis-linear-factor.8SUGGL/selected-copy-alias-core-nuc-v2-source.txt
ff4db59289e0f873ab2892ebf6f8dcf294966ec42a457f3cff0c09bec01093bb  /home/dombarker/project-offloads/aspis-linear-factor.8SUGGL/run_linear_factor_nuc.sh
OVERLAY_PROVENANCE_PASS=731
NATIVE_PACKAGE_CACHE_BOUNDARY=pinned revisions; not a replay of package compilation
CGROUP=/user.slice/user-1000.slice/user@1000.service/app.slice/aspis-linear-selected-copy-alias-core-nuc-v2.scope
memory.high=8589934592
memory.max=10737418240
memory.swap.max=0
cpu.max=200000 100000
COMMAND=/home/dombarker/.elan/toolchains/leanprover--lean4---v4.32.0/bin/lean -j1 -M9500 -R /home/dombarker/project-offloads/aspis-linear-factor.8SUGGL/overlay -o /home/dombarker/project-offloads/aspis-linear-factor.8SUGGL/overlay/SelectedCopyAliasCore.olean /home/dombarker/project-offloads/aspis-linear-factor.8SUGGL/overlay/SelectedCopyAliasCore.lean
'AspisV8.SelectedCopyAliasCore.natDegree_eq_zero_of_derivative_eq_zero_of_lt_char' depends on axioms: [propext,
 Classical.choice,
 Quot.sound]
'AspisV8.SelectedCopyAliasCore.wronskian_ne_zero_of_distinct_monic_same_small_degree' depends on axioms: [propext,
 Classical.choice,
 Quot.sound]
'AspisV8.SelectedCopyAliasCore.multisetCharacteristicPolynomial_injective' depends on axioms: [propext,
 Classical.choice,
 Quot.sound]
'AspisV8.SelectedCopyAliasCore.eval_derivative_div_eval_multisetCharacteristicPolynomial' depends on axioms: [propext,
 Classical.choice,
 Quot.sound]
'AspisV8.SelectedCopyAliasCore.multisetCharacteristicPolynomial_coeff_natDegree_le' depends on axioms: [propext,
 Classical.choice,
 Quot.sound]
'AspisV8.SelectedCopyAliasCore.chiError_eval_zero' depends on axioms: [propext, Classical.choice, Quot.sound]
'AspisV8.SelectedCopyAliasCore.chiError_nonzero' depends on axioms: [propext, Classical.choice, Quot.sound]
'AspisV8.SelectedCopyAliasCore.chiError_degree' depends on axioms: [propext, Classical.choice, Quot.sound]
'AspisV8.SelectedCopyAliasCore.chi_root_or_equal' depends on axioms: [propext, Classical.choice, Quot.sound]
'AspisV8.SelectedCopyAliasCore.lambdaError_nonzero' depends on axioms: [propext, Classical.choice, Quot.sound]
'AspisV8.SelectedCopyAliasCore.lambdaError_degree' depends on axioms: [propext, Classical.choice, Quot.sound]
'AspisV8.SelectedCopyAliasCore.lambdaError_eval_zero' depends on axioms: [propext, Classical.choice, Quot.sound]
	Command being timed: "/home/dombarker/.elan/toolchains/leanprover--lean4---v4.32.0/bin/lean -j1 -M9500 -R /home/dombarker/project-offloads/aspis-linear-factor.8SUGGL/overlay -o /home/dombarker/project-offloads/aspis-linear-factor.8SUGGL/overlay/SelectedCopyAliasCore.olean /home/dombarker/project-offloads/aspis-linear-factor.8SUGGL/overlay/SelectedCopyAliasCore.lean"
	User time (seconds): 1.29
	System time (seconds): 0.35
	Percent of CPU this job got: 100%
	Elapsed (wall clock) time (h:mm:ss or m:ss): 0:01.64
	Average shared text size (kbytes): 0
	Average unshared data size (kbytes): 0
	Average stack size (kbytes): 0
	Average total size (kbytes): 0
	Maximum resident set size (kbytes): 2193508
	Average resident set size (kbytes): 0
	Major (requiring I/O) page faults: 0
	Minor (reclaiming a frame) page faults: 48240
	Voluntary context switches: 928
	Involuntary context switches: 55
	Swaps: 0
	File system inputs: 0
	File system outputs: 992
	Socket messages sent: 0
	Socket messages received: 0
	Signals delivered: 0
	Page size (bytes): 4096
	Exit status: 0
LEAN_EXIT=0
59c824b2e45e0262d85e5fea8abb57d7831f97e42823a4bf28153988d98bba0a  /home/dombarker/project-offloads/aspis-linear-factor.8SUGGL/overlay/SelectedCopyAliasCore.olean
OVERLAY_PROVENANCE_PASS=731
NATIVE_PACKAGE_CACHE_BOUNDARY=pinned revisions; not a replay of package compilation
PROVENANCE_UNCHANGED=true
