REMOTE_TASK=/home/dombarker/project-offloads/aspis-covered-family.rfQFkf
TARGET=SelectedWeightedCopyRows
RESEARCH_PIN=f19673b4fe72cf74ae687a926eeae9d1e5a6a52e
BORROWED_SOURCE_PIN=26a9cd4718aae9f9de7ef1c3394fb74a229085d5
Lean (version 4.32.0, x86_64-unknown-linux-gnu, commit 8c9756b28d64dab099da31a4c09229a9e6a2ef35, Release)
03c27d05b6431c5b7ff5d5edfc64ce789d1597a04e72a10cddcd083cb9eab98a  /home/dombarker/project-offloads/aspis-covered-family.rfQFkf/selected-weighted-copy-rows-nuc-v1-manifest.json
86ee33175d8411465b82f69229681ed54278ce2a52403d9908ec695c58e4fd00  /home/dombarker/project-offloads/aspis-covered-family.rfQFkf/overlay/SelectedWeightedCopyRows.lean
e73b7924f7631454e4a8b7d34b25cb2012d581435181097d003a668291c26248  /home/dombarker/project-offloads/aspis-covered-family.rfQFkf/run_covered_family_nuc.sh
OVERLAY_PROVENANCE_PASS=693
NATIVE_PACKAGE_CACHE_BOUNDARY=pinned revisions; not a replay of package compilation
CGROUP=/user.slice/user-1000.slice/user@1000.service/app.slice/aspis-covered-selected-weighted-copy-rows-nuc-v1.scope
memory.high=8589934592
memory.max=10737418240
memory.swap.max=0
cpu.max=200000 100000
COMMAND=/home/dombarker/.elan/toolchains/leanprover--lean4---v4.32.0/bin/lean -j1 -M9500 -R /home/dombarker/project-offloads/aspis-covered-family.rfQFkf/overlay -o /home/dombarker/project-offloads/aspis-covered-family.rfQFkf/overlay/SelectedWeightedCopyRows.olean /home/dombarker/project-offloads/aspis-covered-family.rfQFkf/overlay/SelectedWeightedCopyRows.lean
/home/dombarker/project-offloads/aspis-covered-family.rfQFkf/overlay/SelectedWeightedCopyRows.lean:33:67: error(lean.synthInstanceFailed): failed to synthesize instance of type class
  Decidable (rowActive x✝)

Hint: Type class instance resolution failures can be inspected with the `set_option trace.Meta.synthInstance true` command.
'AspisV8.SelectedWeightedCopyRows.selectedTag_injective' depends on axioms: [propext]
'AspisV8.SelectedWeightedCopyRows.selectedWeight_binary' depends on axioms: [propext, Quot.sound]
'AspisV8.SelectedWeightedCopyRows.selectedBooleanResidual_eq_gated' depends on axioms: [propext, sorryAx, Quot.sound]
'AspisV8.SelectedWeightedCopyRows.selected_active_balance_zero' depends on axioms: [propext,
 sorryAx,
 Classical.choice,
 Quot.sound]
'AspisV8.SelectedWeightedCopyRows.selected_whole_balance_zero' depends on axioms: [propext,
 sorryAx,
 Classical.choice,
 Quot.sound]
Command exited with non-zero status 1
	Command being timed: "/home/dombarker/.elan/toolchains/leanprover--lean4---v4.32.0/bin/lean -j1 -M9500 -R /home/dombarker/project-offloads/aspis-covered-family.rfQFkf/overlay -o /home/dombarker/project-offloads/aspis-covered-family.rfQFkf/overlay/SelectedWeightedCopyRows.olean /home/dombarker/project-offloads/aspis-covered-family.rfQFkf/overlay/SelectedWeightedCopyRows.lean"
	User time (seconds): 0.56
	System time (seconds): 0.27
	Percent of CPU this job got: 100%
	Elapsed (wall clock) time (h:mm:ss or m:ss): 0:00.83
	Average shared text size (kbytes): 0
	Average unshared data size (kbytes): 0
	Average stack size (kbytes): 0
	Average total size (kbytes): 0
	Maximum resident set size (kbytes): 1723944
	Average resident set size (kbytes): 0
	Major (requiring I/O) page faults: 0
	Minor (reclaiming a frame) page faults: 39612
	Voluntary context switches: 334
	Involuntary context switches: 47
	Swaps: 0
	File system inputs: 0
	File system outputs: 0
	Socket messages sent: 0
	Socket messages received: 0
	Signals delivered: 0
	Page size (bytes): 4096
	Exit status: 1
LEAN_EXIT=1
