REMOTE_TASK=/home/dombarker/project-offloads/aspis-higher-y.fMoMeX
TARGET=SelectedOriginalInjectivity
RESEARCH_PIN=289d7356c78a4cd493fe61a54f9548f2a0c11298
BORROWED_SOURCE_PIN=26a9cd4718aae9f9de7ef1c3394fb74a229085d5
Lean (version 4.32.0, x86_64-unknown-linux-gnu, commit 8c9756b28d64dab099da31a4c09229a9e6a2ef35, Release)
4c33a38ccabbe4986c40488848bb00564dad86074867b5f2140b6bde93ff61ec  /home/dombarker/project-offloads/aspis-higher-y.fMoMeX/selected-original-injectivity-nuc-v1-manifest.json
8a6f2cad13ef6d4510da470b67d2fc5993c9ec27e44b18cac7c265c4ab37a684  /home/dombarker/project-offloads/aspis-higher-y.fMoMeX/overlay/SelectedOriginalInjectivity.lean
8a6f2cad13ef6d4510da470b67d2fc5993c9ec27e44b18cac7c265c4ab37a684  /home/dombarker/project-offloads/aspis-higher-y.fMoMeX/selected-original-injectivity-nuc-v1-source.txt
5780e61b4d286905ab912bb6ab8e103a20908f78c11bea415db40a5fad110e52  /home/dombarker/project-offloads/aspis-higher-y.fMoMeX/run_higher_y_nuc.sh
OVERLAY_PROVENANCE_PASS=901
NATIVE_PACKAGE_CACHE_BOUNDARY=pinned revisions; not a replay of package compilation
CGROUP=/user.slice/user-1000.slice/user@1000.service/app.slice/aspis-higher-y-selected-original-injectivity-nuc-v1.scope
memory.high=8589934592
memory.max=10737418240
memory.swap.max=0
cpu.max=200000 100000
COMMAND=/home/dombarker/.elan/toolchains/leanprover--lean4---v4.32.0/bin/lean -j1 -M9500 -R /home/dombarker/project-offloads/aspis-higher-y.fMoMeX/overlay -o /home/dombarker/project-offloads/aspis-higher-y.fMoMeX/overlay/SelectedOriginalInjectivity.olean /home/dombarker/project-offloads/aspis-higher-y.fMoMeX/overlay/SelectedOriginalInjectivity.lean
/home/dombarker/project-offloads/aspis-higher-y.fMoMeX/overlay/SelectedOriginalInjectivity.lean:40:8: error: Tactic `rewrite` failed: Did not find an occurrence of the pattern
  eval ?x (?p - ?q)
in the target expression
  (P - Q).IsRoot (points i)

k : Type u_1
I : Type u_2
inst✝¹ : Field k
inst✝ : DecidableEq I
points : I → k
injective : Function.Injective points
S : Finset I
P Q : k[X]
D : ℕ
left : P.natDegree ≤ D
right : Q.natDegree ≤ D
many : D < #S
values : ∀ i ∈ S, eval (points i) P = eval (points i) Q
different : ¬P = Q
nonzero : P - Q ≠ 0
i : I
inside : i ∈ S
member : points i ∈ image points S
⊢ (P - Q).IsRoot (points i)
'AspisV8.SelectedOriginalInjectivity.Generic.polynomial_eq_of_many_values' depends on axioms: [propext,
 sorryAx,
 Classical.choice,
 Quot.sound]
'AspisV8.SelectedOriginalInjectivity.encoded_eq_on_nonpole' depends on axioms: [propext, Classical.choice, Quot.sound]
'AspisV8.SelectedOriginalInjectivity.grs_eval_eq_of_encoded_eq' depends on axioms: [propext,
 Classical.choice,
 Quot.sound]
'AspisV8.SelectedOriginalInjectivity.original_injective_on_image' depends on axioms: [propext,
 sorryAx,
 Classical.choice,
 Quot.sound]
'AspisV8.SelectedOriginalInjectivity.regular_qualified_unique' depends on axioms: [propext,
 sorryAx,
 Classical.choice,
 Quot.sound]
Command exited with non-zero status 1
	Command being timed: "/home/dombarker/.elan/toolchains/leanprover--lean4---v4.32.0/bin/lean -j1 -M9500 -R /home/dombarker/project-offloads/aspis-higher-y.fMoMeX/overlay -o /home/dombarker/project-offloads/aspis-higher-y.fMoMeX/overlay/SelectedOriginalInjectivity.olean /home/dombarker/project-offloads/aspis-higher-y.fMoMeX/overlay/SelectedOriginalInjectivity.lean"
	User time (seconds): 3.31
	System time (seconds): 1.66
	Percent of CPU this job got: 96%
	Elapsed (wall clock) time (h:mm:ss or m:ss): 0:05.17
	Average shared text size (kbytes): 0
	Average unshared data size (kbytes): 0
	Average stack size (kbytes): 0
	Average total size (kbytes): 0
	Maximum resident set size (kbytes): 6802460
	Average resident set size (kbytes): 0
	Major (requiring I/O) page faults: 0
	Minor (reclaiming a frame) page faults: 230065
	Voluntary context switches: 512
	Involuntary context switches: 201
	Swaps: 0
	File system inputs: 0
	File system outputs: 0
	Socket messages sent: 0
	Socket messages received: 0
	Signals delivered: 0
	Page size (bytes): 4096
	Exit status: 1
LEAN_EXIT=1
