REMOTE_TASK=/home/dombarker/project-offloads/aspis-denominator.QNcd5G
TARGET=SelectedLinearCover
RESEARCH_PIN=2f6d82fef294410367aa1781fb924af7c38deab9
BORROWED_SOURCE_PIN=26a9cd4718aae9f9de7ef1c3394fb74a229085d5
Lean (version 4.32.0, x86_64-unknown-linux-gnu, commit 8c9756b28d64dab099da31a4c09229a9e6a2ef35, Release)
8304488f7494e2fa37810e812e937be5f1d6b50a12e695d2b3d58f3e65d5731f  /home/dombarker/project-offloads/aspis-denominator.QNcd5G/selected-linear-cover-nuc-v1-manifest.json
49f1af29e19ff0ddf8a09ab20a964e1829c5e3255010386749e77435d5a48253  /home/dombarker/project-offloads/aspis-denominator.QNcd5G/overlay/SelectedLinearCover.lean
49f1af29e19ff0ddf8a09ab20a964e1829c5e3255010386749e77435d5a48253  /home/dombarker/project-offloads/aspis-denominator.QNcd5G/selected-linear-cover-nuc-v1-source.txt
4a9ee5f24b89642c6a323db95dde0cded2097769c141ed6eb4dcdd16ef8d8935  /home/dombarker/project-offloads/aspis-denominator.QNcd5G/run_denominator_nuc.sh
OVERLAY_PROVENANCE_PASS=771
NATIVE_PACKAGE_CACHE_BOUNDARY=pinned revisions; not a replay of package compilation
CGROUP=/user.slice/user-1000.slice/user@1000.service/app.slice/aspis-denominator-selected-linear-cover-nuc-v1.scope
memory.high=8589934592
memory.max=10737418240
memory.swap.max=0
cpu.max=200000 100000
COMMAND=/home/dombarker/.elan/toolchains/leanprover--lean4---v4.32.0/bin/lean -j1 -M9500 -R /home/dombarker/project-offloads/aspis-denominator.QNcd5G/overlay -o /home/dombarker/project-offloads/aspis-denominator.QNcd5G/overlay/SelectedLinearCover.olean /home/dombarker/project-offloads/aspis-denominator.QNcd5G/overlay/SelectedLinearCover.lean
/home/dombarker/project-offloads/aspis-denominator.QNcd5G/overlay/SelectedLinearCover.lean:113:6: error: maximum recursion depth has been reached
use `set_option maxRecDepth <num>` to increase limit
use `set_option diagnostics true` to get diagnostic information
/home/dombarker/project-offloads/aspis-denominator.QNcd5G/overlay/SelectedLinearCover.lean:72:0: error: linter Lean.Linter.constructorNameAsVariable failed: maximum recursion depth has been reached
use `set_option maxRecDepth <num>` to increase limit
use `set_option diagnostics true` to get diagnostic information
'AspisV8.SelectedLinearCover.Generic.classify_root' depends on axioms: [propext, Classical.choice, Quot.sound]
'AspisV8.SelectedLinearCover.parent_y_degree' depends on axioms: [propext, Classical.choice, Quot.sound]
'AspisV8.SelectedLinearCover.exists_selected_classification' depends on axioms: [propext,
 sorryAx,
 Classical.choice,
 Quot.sound]
Command exited with non-zero status 1
	Command being timed: "/home/dombarker/.elan/toolchains/leanprover--lean4---v4.32.0/bin/lean -j1 -M9500 -R /home/dombarker/project-offloads/aspis-denominator.QNcd5G/overlay -o /home/dombarker/project-offloads/aspis-denominator.QNcd5G/overlay/SelectedLinearCover.olean /home/dombarker/project-offloads/aspis-denominator.QNcd5G/overlay/SelectedLinearCover.lean"
	User time (seconds): 1.86
	System time (seconds): 1.04
	Percent of CPU this job got: 99%
	Elapsed (wall clock) time (h:mm:ss or m:ss): 0:02.91
	Average shared text size (kbytes): 0
	Average unshared data size (kbytes): 0
	Average stack size (kbytes): 0
	Average total size (kbytes): 0
	Maximum resident set size (kbytes): 6830196
	Average resident set size (kbytes): 0
	Major (requiring I/O) page faults: 0
	Minor (reclaiming a frame) page faults: 142008
	Voluntary context switches: 356
	Involuntary context switches: 176
	Swaps: 0
	File system inputs: 0
	File system outputs: 0
	Socket messages sent: 0
	Socket messages received: 0
	Signals delivered: 0
	Page size (bytes): 4096
	Exit status: 1
LEAN_EXIT=1
