REMOTE_TASK=/home/dombarker/project-offloads/aspis-higher-y.fMoMeX
TARGET=SelectedSemanticAfterstateChecks
RESEARCH_PIN=289d7356c78a4cd493fe61a54f9548f2a0c11298
BORROWED_SOURCE_PIN=26a9cd4718aae9f9de7ef1c3394fb74a229085d5
Lean (version 4.32.0, x86_64-unknown-linux-gnu, commit 8c9756b28d64dab099da31a4c09229a9e6a2ef35, Release)
82d7f54f71e1f3e840a5c2606067a2625625d88f3a5a2bdeaae44baf6b47fba0  /home/dombarker/project-offloads/aspis-higher-y.fMoMeX/selected-semantic-afterstate-checks-nuc-v1-manifest.json
2c0b4c53e50a08035776869d864da53873c7c63f7733f95b97c6c358fc950c56  /home/dombarker/project-offloads/aspis-higher-y.fMoMeX/overlay/SelectedSemanticAfterstateChecks.lean
2c0b4c53e50a08035776869d864da53873c7c63f7733f95b97c6c358fc950c56  /home/dombarker/project-offloads/aspis-higher-y.fMoMeX/selected-semantic-afterstate-checks-nuc-v1-source.txt
5780e61b4d286905ab912bb6ab8e103a20908f78c11bea415db40a5fad110e52  /home/dombarker/project-offloads/aspis-higher-y.fMoMeX/run_higher_y_nuc.sh
OVERLAY_PROVENANCE_PASS=1059
NATIVE_PACKAGE_CACHE_BOUNDARY=pinned revisions; not a replay of package compilation
CGROUP=/user.slice/user-1000.slice/user@1000.service/app.slice/aspis-higher-y-selected-semantic-afterstate-checks-nuc-v1.scope
memory.high=8589934592
memory.max=10737418240
memory.swap.max=0
cpu.max=200000 100000
COMMAND=/home/dombarker/.elan/toolchains/leanprover--lean4---v4.32.0/bin/lean -j1 -M9500 -R /home/dombarker/project-offloads/aspis-higher-y.fMoMeX/overlay -o /home/dombarker/project-offloads/aspis-higher-y.fMoMeX/overlay/SelectedSemanticAfterstateChecks.olean /home/dombarker/project-offloads/aspis-higher-y.fMoMeX/overlay/SelectedSemanticAfterstateChecks.lean
/home/dombarker/project-offloads/aspis-higher-y.fMoMeX/overlay/SelectedSemanticAfterstateChecks.lean:43:15: warning: This simp argument is unused:
  bit

Hint: Omit it from the simp argument list.
  simp only [b̵i̵t̵,̵ ̵Bool.false_eq_true, if_false, if_true, gate,
  ̵  ̵ ̵ ̵ ̵ ̵if_neg notLive, if_neg notEmpty]

Note: This linter can be disabled with `set_option linter.unusedSimpArgs false`
/home/dombarker/project-offloads/aspis-higher-y.fMoMeX/overlay/SelectedSemanticAfterstateChecks.lean:65:94: error: unsolved goals
pub : Public
t : BaseTable
within : SelectedAppendAfterstate.carryIndex pub.appendIndex < 20
limb : Fin 8
row : ℕ := 16 * (33 + SelectedAppendAfterstate.carryIndex pub.appendIndex) + 11
localRow : row % 16 = 11
notAnchor : row ≠ 907
notNullifier : row ≠ 427
notOutput0 : row ≠ 475
notOutput1 : row ≠ 523
notRoot : row ≠ 859
⊢ (if row = 16 * (33 + SelectedAppendAfterstate.carryIndex pub.appendIndex) + 11 then
      t row ↑limb - pub.nextFrontier ⟨SelectedAppendAfterstate.carryIndex pub.appendIndex, ⋯⟩ limb
    else 0) =
    t row ↑limb - pub.nextFrontier ⟨SelectedAppendAfterstate.carryIndex pub.appendIndex, within⟩ limb
/home/dombarker/project-offloads/aspis-higher-y.fMoMeX/overlay/SelectedSemanticAfterstateChecks.lean:78:55: warning: This simp argument is unused:
  if_true

Hint: Omit it from the simp argument list.
  simp only [gate, if_neg notAnchor, if_neg notNullifier, if_neg notOutput0,
  ̵  ̵ ̵ ̵if_neg notOutput1,
  ̲  ̲ ̲ ̲if_neg notRoot, dif_pos within, i̵f̵_̵t̵r̵u̵e̵,̵ ̵zero_add]

Note: This linter can be disabled with `set_option linter.unusedSimpArgs false`
'AspisV8.SelectedSemanticAfterstateChecks.sibling_sum_at_eleven' depends on axioms: [propext,
 Classical.choice,
 Quot.sound]
'AspisV8.SelectedSemanticAfterstateChecks.digest_at_root' depends on axioms: [propext, Classical.choice, Quot.sound]
'AspisV8.SelectedSemanticAfterstateChecks.digest_at_carry' depends on axioms: [propext,
 sorryAx,
 Classical.choice,
 Quot.sound]
'AspisV8.SelectedSemanticAfterstateChecks.dynamic_bindings' depends on axioms: [propext,
 sorryAx,
 Classical.choice,
 Quot.sound]
'AspisV8.SelectedSemanticAfterstateChecks.afterstate_checks' depends on axioms: [propext,
 sorryAx,
 Classical.choice,
 Quot.sound]
'AspisV8.SelectedSemanticAfterstateChecks.semantic_transfer_transition' depends on axioms: [propext,
 sorryAx,
 Classical.choice,
 Quot.sound]
'AspisV8.SelectedSemanticAfterstateChecks.zero_index_carry' depends on axioms: [propext, Quot.sound]
'AspisV8.SelectedSemanticAfterstateChecks.source_comparisons_do_not_force_table_binding' depends on axioms: [propext,
 Classical.choice,
 Quot.sound]
Command exited with non-zero status 1
	Command being timed: "/home/dombarker/.elan/toolchains/leanprover--lean4---v4.32.0/bin/lean -j1 -M9500 -R /home/dombarker/project-offloads/aspis-higher-y.fMoMeX/overlay -o /home/dombarker/project-offloads/aspis-higher-y.fMoMeX/overlay/SelectedSemanticAfterstateChecks.olean /home/dombarker/project-offloads/aspis-higher-y.fMoMeX/overlay/SelectedSemanticAfterstateChecks.lean"
	User time (seconds): 2.10
	System time (seconds): 1.02
	Percent of CPU this job got: 99%
	Elapsed (wall clock) time (h:mm:ss or m:ss): 0:03.12
	Average shared text size (kbytes): 0
	Average unshared data size (kbytes): 0
	Average stack size (kbytes): 0
	Average total size (kbytes): 0
	Maximum resident set size (kbytes): 6693480
	Average resident set size (kbytes): 0
	Major (requiring I/O) page faults: 0
	Minor (reclaiming a frame) page faults: 140250
	Voluntary context switches: 467
	Involuntary context switches: 167
	Swaps: 0
	File system inputs: 0
	File system outputs: 0
	Socket messages sent: 0
	Socket messages received: 0
	Signals delivered: 0
	Page size (bytes): 4096
	Exit status: 1
LEAN_EXIT=1
