REMOTE_TASK=/home/dombarker/project-offloads/aspis-higher-y.fMoMeX
TARGET=SelectedMiddleImageRecovery
RESEARCH_PIN=289d7356c78a4cd493fe61a54f9548f2a0c11298
BORROWED_SOURCE_PIN=26a9cd4718aae9f9de7ef1c3394fb74a229085d5
Lean (version 4.32.0, x86_64-unknown-linux-gnu, commit 8c9756b28d64dab099da31a4c09229a9e6a2ef35, Release)
9acb5fb59d777b300ee9212a8e0303cd26608e0a58339ffa332a4b835d629890  /home/dombarker/project-offloads/aspis-higher-y.fMoMeX/selected-middle-image-recovery-nuc-v1-manifest.json
4a0631929e5d411ad53a3fb1962ab9bcda62117df39c07f1c87fe10a15a01c59  /home/dombarker/project-offloads/aspis-higher-y.fMoMeX/overlay/SelectedMiddleImageRecovery.lean
4a0631929e5d411ad53a3fb1962ab9bcda62117df39c07f1c87fe10a15a01c59  /home/dombarker/project-offloads/aspis-higher-y.fMoMeX/selected-middle-image-recovery-nuc-v1-source.txt
5780e61b4d286905ab912bb6ab8e103a20908f78c11bea415db40a5fad110e52  /home/dombarker/project-offloads/aspis-higher-y.fMoMeX/run_higher_y_nuc.sh
OVERLAY_PROVENANCE_PASS=1067
NATIVE_PACKAGE_CACHE_BOUNDARY=pinned revisions; not a replay of package compilation
CGROUP=/user.slice/user-1000.slice/user@1000.service/app.slice/aspis-higher-y-selected-middle-image-recovery-nuc-v1.scope
memory.high=8589934592
memory.max=10737418240
memory.swap.max=0
cpu.max=200000 100000
COMMAND=/home/dombarker/.elan/toolchains/leanprover--lean4---v4.32.0/bin/lean -j1 -M9500 -R /home/dombarker/project-offloads/aspis-higher-y.fMoMeX/overlay -o /home/dombarker/project-offloads/aspis-higher-y.fMoMeX/overlay/SelectedMiddleImageRecovery.olean /home/dombarker/project-offloads/aspis-higher-y.fMoMeX/overlay/SelectedMiddleImageRecovery.lean
/home/dombarker/project-offloads/aspis-higher-y.fMoMeX/overlay/SelectedMiddleImageRecovery.lean:34:36: error: Application type mismatch: The argument
  each
has type
  ∀ p ∈ family, #(hits p) ≤ 36
of sort `Prop` but is expected to have type
  Finset ?m.52
of sort `Type ?u.67` in the application
  card_biUnion_le_card_mul each
/home/dombarker/project-offloads/aspis-higher-y.fMoMeX/overlay/SelectedMiddleImageRecovery.lean:154:22: error: maximum recursion depth has been reached
use `set_option maxRecDepth <num>` to increase limit
use `set_option diagnostics true` to get diagnostic information
'AspisV8.SelectedMiddleImageRecovery.Generic.small_family_union' depends on axioms: [propext,
 sorryAx,
 Classical.choice,
 Quot.sound]
'AspisV8.SelectedMiddleImageRecovery.Generic.matching_set_card' depends on axioms: [propext,
 Classical.choice,
 Quot.sound]
'AspisV8.SelectedMiddleImageRecovery.insufficientHits_card' depends on axioms: [propext, Classical.choice, Quot.sound]
'AspisV8.SelectedMiddleImageRecovery.insufficientHits_subset' depends on axioms: [propext, Classical.choice, Quot.sound]
'AspisV8.SelectedMiddleImageRecovery.matching_of_image' depends on axioms: [propext, Classical.choice, Quot.sound]
'AspisV8.SelectedMiddleImageRecovery.image_points' depends on axioms: [propext, Classical.choice, Quot.sound]
'AspisV8.SelectedMiddleImageRecovery.exists_recovery' depends on axioms: [propext,
 sorryAx,
 Classical.choice,
 Quot.sound]
Command exited with non-zero status 1
	Command being timed: "/home/dombarker/.elan/toolchains/leanprover--lean4---v4.32.0/bin/lean -j1 -M9500 -R /home/dombarker/project-offloads/aspis-higher-y.fMoMeX/overlay -o /home/dombarker/project-offloads/aspis-higher-y.fMoMeX/overlay/SelectedMiddleImageRecovery.olean /home/dombarker/project-offloads/aspis-higher-y.fMoMeX/overlay/SelectedMiddleImageRecovery.lean"
	User time (seconds): 2.91
	System time (seconds): 1.03
	Percent of CPU this job got: 99%
	Elapsed (wall clock) time (h:mm:ss or m:ss): 0:03.94
	Average shared text size (kbytes): 0
	Average unshared data size (kbytes): 0
	Average stack size (kbytes): 0
	Average total size (kbytes): 0
	Maximum resident set size (kbytes): 6848852
	Average resident set size (kbytes): 0
	Major (requiring I/O) page faults: 0
	Minor (reclaiming a frame) page faults: 142860
	Voluntary context switches: 524
	Involuntary context switches: 165
	Swaps: 0
	File system inputs: 0
	File system outputs: 0
	Socket messages sent: 0
	Socket messages received: 0
	Signals delivered: 0
	Page size (bytes): 4096
	Exit status: 1
LEAN_EXIT=1
