REMOTE_TASK=/home/dombarker/project-offloads/aspis-masked-tail.SH0QtS
TARGET=SelectedMaskedCurveTail
RESEARCH_PIN=b006d34ffc6d552cd5ecd9f292cf2bd095f7fdb9
BORROWED_SOURCE_PIN=26a9cd4718aae9f9de7ef1c3394fb74a229085d5
Lean (version 4.32.0, x86_64-unknown-linux-gnu, commit 8c9756b28d64dab099da31a4c09229a9e6a2ef35, Release)
2cd16949824baeca5a8a00615f48a1c6f90ad70e1d835b202ca61740f11e210a  /home/dombarker/project-offloads/aspis-masked-tail.SH0QtS/selected-masked-curve-tail-nuc-v2-manifest.json
5e2e487d04ad5029ded257c001c889ce548bf6d61fc0f8af2380bca0c89c7547  /home/dombarker/project-offloads/aspis-masked-tail.SH0QtS/overlay/SelectedMaskedCurveTail.lean
3cc0df9496329e9c373823966e9fda164dc0feae62083156d8dc90493ff0d6c1  /home/dombarker/project-offloads/aspis-masked-tail.SH0QtS/run_masked_nuc_selected.sh
OVERLAY_PROVENANCE_PASS=679
NATIVE_PACKAGE_CACHE_BOUNDARY=pinned revisions; not a replay of package compilation
CGROUP=/user.slice/user-1000.slice/user@1000.service/app.slice/aspis-tail-selected-masked-curve-tail-nuc-v2.scope
memory.high=8589934592
memory.max=10737418240
memory.swap.max=0
cpu.max=200000 100000
COMMAND=/home/dombarker/.elan/toolchains/leanprover--lean4---v4.32.0/bin/lean -j1 -M9500 -R /home/dombarker/project-offloads/aspis-masked-tail.SH0QtS/overlay -o /home/dombarker/project-offloads/aspis-masked-tail.SH0QtS/overlay/SelectedMaskedCurveTail.olean /home/dombarker/project-offloads/aspis-masked-tail.SH0QtS/overlay/SelectedMaskedCurveTail.lean
/home/dombarker/project-offloads/aspis-masked-tail.SH0QtS/overlay/SelectedMaskedCurveTail.lean:113:83: error: maximum recursion depth has been reached
use `set_option maxRecDepth <num>` to increase limit
use `set_option diagnostics true` to get diagnostic information
/home/dombarker/project-offloads/aspis-masked-tail.SH0QtS/overlay/SelectedMaskedCurveTail.lean:97:0: error: linter Lean.Linter.constructorNameAsVariable failed: maximum recursion depth has been reached
use `set_option maxRecDepth <num>` to increase limit
use `set_option diagnostics true` to get diagnostic information
'AspisV8.SelectedMaskedCurveTail.actual_curve' depends on axioms: [propext, Classical.choice, Quot.sound]
'AspisV8.SelectedMaskedCurveTail.actual_covered_iff' depends on axioms: [propext, Classical.choice, Quot.sound]
'AspisV8.SelectedMaskedCurveTail.actual_valid_iff' depends on axioms: [propext, Classical.choice, Quot.sound]
'AspisV8.SelectedMaskedCurveTail.actual_tail_card_le' depends on axioms: [propext,
 sorryAx,
 Classical.choice,
 Quot.sound]
Command exited with non-zero status 1
	Command being timed: "/home/dombarker/.elan/toolchains/leanprover--lean4---v4.32.0/bin/lean -j1 -M9500 -R /home/dombarker/project-offloads/aspis-masked-tail.SH0QtS/overlay -o /home/dombarker/project-offloads/aspis-masked-tail.SH0QtS/overlay/SelectedMaskedCurveTail.olean /home/dombarker/project-offloads/aspis-masked-tail.SH0QtS/overlay/SelectedMaskedCurveTail.lean"
	User time (seconds): 2.68
	System time (seconds): 1.01
	Percent of CPU this job got: 99%
	Elapsed (wall clock) time (h:mm:ss or m:ss): 0:03.70
	Average shared text size (kbytes): 0
	Average unshared data size (kbytes): 0
	Average stack size (kbytes): 0
	Average total size (kbytes): 0
	Maximum resident set size (kbytes): 6809092
	Average resident set size (kbytes): 0
	Major (requiring I/O) page faults: 0
	Minor (reclaiming a frame) page faults: 141667
	Voluntary context switches: 316
	Involuntary context switches: 139
	Swaps: 0
	File system inputs: 8
	File system outputs: 0
	Socket messages sent: 0
	Socket messages received: 0
	Signals delivered: 0
	Page size (bytes): 4096
	Exit status: 1
LEAN_EXIT=1
