REMOTE_TASK=/home/dombarker/project-offloads/aspis-higher-y.fMoMeX
TARGET=SelectedSemanticRows
RESEARCH_PIN=289d7356c78a4cd493fe61a54f9548f2a0c11298
BORROWED_SOURCE_PIN=26a9cd4718aae9f9de7ef1c3394fb74a229085d5
Lean (version 4.32.0, x86_64-unknown-linux-gnu, commit 8c9756b28d64dab099da31a4c09229a9e6a2ef35, Release)
c53194178d60ed505e52e0736d7958d70d9aaf9b8bf31a1f608ca80733898c33  /home/dombarker/project-offloads/aspis-higher-y.fMoMeX/selected-semantic-rows-nuc-v2-manifest.json
b9d5925f7ced2d86be9d72e008ff60e291cff8d80bbbe72593728563a2375e8c  /home/dombarker/project-offloads/aspis-higher-y.fMoMeX/overlay/SelectedSemanticRows.lean
b9d5925f7ced2d86be9d72e008ff60e291cff8d80bbbe72593728563a2375e8c  /home/dombarker/project-offloads/aspis-higher-y.fMoMeX/selected-semantic-rows-nuc-v2-source.txt
5780e61b4d286905ab912bb6ab8e103a20908f78c11bea415db40a5fad110e52  /home/dombarker/project-offloads/aspis-higher-y.fMoMeX/run_higher_y_nuc.sh
OVERLAY_PROVENANCE_PASS=1041
NATIVE_PACKAGE_CACHE_BOUNDARY=pinned revisions; not a replay of package compilation
CGROUP=/user.slice/user-1000.slice/user@1000.service/app.slice/aspis-higher-y-selected-semantic-rows-nuc-v2.scope
memory.high=8589934592
memory.max=10737418240
memory.swap.max=0
cpu.max=200000 100000
COMMAND=/home/dombarker/.elan/toolchains/leanprover--lean4---v4.32.0/bin/lean -j1 -M9500 -R /home/dombarker/project-offloads/aspis-higher-y.fMoMeX/overlay -o /home/dombarker/project-offloads/aspis-higher-y.fMoMeX/overlay/SelectedSemanticRows.olean /home/dombarker/project-offloads/aspis-higher-y.fMoMeX/overlay/SelectedSemanticRows.lean
/home/dombarker/project-offloads/aspis-higher-y.fMoMeX/overlay/SelectedSemanticRows.lean:161:26: error: unexpected token 'public'; expected '_' or identifier
/home/dombarker/project-offloads/aspis-higher-y.fMoMeX/overlay/SelectedSemanticRows.lean:161:32: error: unexpected token ':'; expected 'lemma'
/home/dombarker/project-offloads/aspis-higher-y.fMoMeX/overlay/SelectedSemanticRows.lean:178:20: error: unexpected token 'public'; expected '_' or identifier
/home/dombarker/project-offloads/aspis-higher-y.fMoMeX/overlay/SelectedSemanticRows.lean:178:26: error: unexpected token ':'; expected 'lemma'
/home/dombarker/project-offloads/aspis-higher-y.fMoMeX/overlay/SelectedSemanticRows.lean:184:29: error: unexpected identifier; expected 'lemma'
/home/dombarker/project-offloads/aspis-higher-y.fMoMeX/overlay/SelectedSemanticRows.lean:186:20: error: unexpected token 'public'; expected '_' or identifier
/home/dombarker/project-offloads/aspis-higher-y.fMoMeX/overlay/SelectedSemanticRows.lean:186:26: error: unexpected token ':'; expected 'lemma'
/home/dombarker/project-offloads/aspis-higher-y.fMoMeX/overlay/SelectedSemanticRows.lean:223:62: error: maximum recursion depth has been reached
use `set_option maxRecDepth <num>` to increase limit
use `set_option diagnostics true` to get diagnostic information
/home/dombarker/project-offloads/aspis-higher-y.fMoMeX/overlay/SelectedSemanticRows.lean:232:14: error: unexpected token 'public'; expected '_' or identifier
/home/dombarker/project-offloads/aspis-higher-y.fMoMeX/overlay/SelectedSemanticRows.lean:232:20: error: unexpected token ':'; expected 'lemma'
/home/dombarker/project-offloads/aspis-higher-y.fMoMeX/overlay/SelectedSemanticRows.lean:245:46: error: unexpected identifier; expected 'lemma'
/home/dombarker/project-offloads/aspis-higher-y.fMoMeX/overlay/SelectedSemanticRows.lean:246:47: error: unexpected identifier; expected 'lemma'
/home/dombarker/project-offloads/aspis-higher-y.fMoMeX/overlay/SelectedSemanticRows.lean:269:10: error: unexpected token 'public'; expected '_' or identifier
/home/dombarker/project-offloads/aspis-higher-y.fMoMeX/overlay/SelectedSemanticRows.lean:269:16: error: unexpected token ':'; expected 'lemma'
/home/dombarker/project-offloads/aspis-higher-y.fMoMeX/overlay/SelectedSemanticRows.lean:272:69: error: unexpected identifier; expected 'lemma'
/home/dombarker/project-offloads/aspis-higher-y.fMoMeX/overlay/SelectedSemanticRows.lean:274:28: error: unexpected token 'public'; expected '_' or identifier
/home/dombarker/project-offloads/aspis-higher-y.fMoMeX/overlay/SelectedSemanticRows.lean:274:34: error: unexpected token ':'; expected 'lemma'
/home/dombarker/project-offloads/aspis-higher-y.fMoMeX/overlay/SelectedSemanticRows.lean:276:15: error: unexpected identifier; expected 'lemma'
/home/dombarker/project-offloads/aspis-higher-y.fMoMeX/overlay/SelectedSemanticRows.lean:277:21: error: unexpected identifier; expected 'lemma'
/home/dombarker/project-offloads/aspis-higher-y.fMoMeX/overlay/SelectedSemanticRows.lean:290:16: error: unexpected token 'public'; expected '_' or identifier
/home/dombarker/project-offloads/aspis-higher-y.fMoMeX/overlay/SelectedSemanticRows.lean:290:22: error: unexpected token ':'; expected 'lemma'
/home/dombarker/project-offloads/aspis-higher-y.fMoMeX/overlay/SelectedSemanticRows.lean:291:31: error: unexpected identifier; expected 'lemma'
/home/dombarker/project-offloads/aspis-higher-y.fMoMeX/overlay/SelectedSemanticRows.lean:293:25: error: unexpected token 'public'; expected '_' or identifier
/home/dombarker/project-offloads/aspis-higher-y.fMoMeX/overlay/SelectedSemanticRows.lean:293:31: error: unexpected token ':'; expected 'lemma'
/home/dombarker/project-offloads/aspis-higher-y.fMoMeX/overlay/SelectedSemanticRows.lean:294:31: error: unexpected identifier; expected 'lemma'
/home/dombarker/project-offloads/aspis-higher-y.fMoMeX/overlay/SelectedSemanticRows.lean:295:19: error: unexpected identifier; expected 'lemma'
/home/dombarker/project-offloads/aspis-higher-y.fMoMeX/overlay/SelectedSemanticRows.lean:300:16: error: unexpected token 'public'; expected '_' or identifier
/home/dombarker/project-offloads/aspis-higher-y.fMoMeX/overlay/SelectedSemanticRows.lean:300:22: error: unexpected token ':'; expected 'lemma'
/home/dombarker/project-offloads/aspis-higher-y.fMoMeX/overlay/SelectedSemanticRows.lean:301:48: error: unexpected identifier; expected 'lemma'
/home/dombarker/project-offloads/aspis-higher-y.fMoMeX/overlay/SelectedSemanticRows.lean:303:29: error: unexpected token 'public'; expected '_' or identifier
/home/dombarker/project-offloads/aspis-higher-y.fMoMeX/overlay/SelectedSemanticRows.lean:303:35: error: unexpected token ':'; expected 'lemma'
/home/dombarker/project-offloads/aspis-higher-y.fMoMeX/overlay/SelectedSemanticRows.lean:304:35: error: unexpected identifier; expected 'lemma'
/home/dombarker/project-offloads/aspis-higher-y.fMoMeX/overlay/SelectedSemanticRows.lean:304:72: error: unexpected identifier; expected 'lemma'
'AspisV8.SelectedSemanticRows.pathMask_source' depends on axioms: [propext, Classical.choice, Quot.sound]
'AspisV8.SelectedSemanticRows.reconstructAt_source' depends on axioms: [propext, Classical.choice, Quot.sound]
'AspisV8.SelectedSemanticRows.coordinate_count' depends on axioms: [propext, sorryAx, Classical.choice, Quot.sound]
'AspisV8.SelectedSemanticRows.position_lt' depends on axioms: [propext, Quot.sound]
'AspisV8.SelectedSemanticRows.position_injective' depends on axioms: [propext, Quot.sound]
'AspisV8.SelectedSemanticRows.packed_recovers_position' depends on axioms: [propext, Quot.sound]
'AspisV8.SelectedSemanticRows.packedLocation_injective' depends on axioms: [propext, Quot.sound]
/home/dombarker/project-offloads/aspis-higher-y.fMoMeX/overlay/SelectedSemanticRows.lean:334:14: error(lean.unknownIdentifier): Unknown constant `rows_at_coordinate`
/home/dombarker/project-offloads/aspis-higher-y.fMoMeX/overlay/SelectedSemanticRows.lean:335:14: error(lean.unknownIdentifier): Unknown constant `coordinate_zero`
/home/dombarker/project-offloads/aspis-higher-y.fMoMeX/overlay/SelectedSemanticRows.lean:336:14: error(lean.unknownIdentifier): Unknown constant `packedRows_zero_iff`
Command exited with non-zero status 1
	Command being timed: "/home/dombarker/.elan/toolchains/leanprover--lean4---v4.32.0/bin/lean -j1 -M9500 -R /home/dombarker/project-offloads/aspis-higher-y.fMoMeX/overlay -o /home/dombarker/project-offloads/aspis-higher-y.fMoMeX/overlay/SelectedSemanticRows.olean /home/dombarker/project-offloads/aspis-higher-y.fMoMeX/overlay/SelectedSemanticRows.lean"
	User time (seconds): 4.95
	System time (seconds): 1.07
	Percent of CPU this job got: 99%
	Elapsed (wall clock) time (h:mm:ss or m:ss): 0:06.03
	Average shared text size (kbytes): 0
	Average unshared data size (kbytes): 0
	Average stack size (kbytes): 0
	Average total size (kbytes): 0
	Maximum resident set size (kbytes): 6710524
	Average resident set size (kbytes): 0
	Major (requiring I/O) page faults: 1
	Minor (reclaiming a frame) page faults: 142104
	Voluntary context switches: 2024
	Involuntary context switches: 209
	Swaps: 0
	File system inputs: 120
	File system outputs: 0
	Socket messages sent: 0
	Socket messages received: 0
	Signals delivered: 0
	Page size (bytes): 4096
	Exit status: 1
LEAN_EXIT=1
