REMOTE_TASK=/home/dombarker/project-offloads/aspis-higher-y.fMoMeX
TARGET=SelectedRegularQueryBridge
RESEARCH_PIN=289d7356c78a4cd493fe61a54f9548f2a0c11298
BORROWED_SOURCE_PIN=26a9cd4718aae9f9de7ef1c3394fb74a229085d5
Lean (version 4.32.0, x86_64-unknown-linux-gnu, commit 8c9756b28d64dab099da31a4c09229a9e6a2ef35, Release)
6f90c71d57ddf8368a217145808c757fe11802df656efb6d16c7f0e717ef646c  /home/dombarker/project-offloads/aspis-higher-y.fMoMeX/selected-regular-query-bridge-nuc-v6-manifest.json
041de4c33c264fb108eb163bcfdda90e97908963e341ee8cde58489002a69120  /home/dombarker/project-offloads/aspis-higher-y.fMoMeX/overlay/SelectedRegularQueryBridge.lean
041de4c33c264fb108eb163bcfdda90e97908963e341ee8cde58489002a69120  /home/dombarker/project-offloads/aspis-higher-y.fMoMeX/selected-regular-query-bridge-nuc-v6-source.txt
5780e61b4d286905ab912bb6ab8e103a20908f78c11bea415db40a5fad110e52  /home/dombarker/project-offloads/aspis-higher-y.fMoMeX/run_higher_y_nuc.sh
OVERLAY_PROVENANCE_PASS=923
NATIVE_PACKAGE_CACHE_BOUNDARY=pinned revisions; not a replay of package compilation
CGROUP=/user.slice/user-1000.slice/user@1000.service/app.slice/aspis-higher-y-selected-regular-query-bridge-nuc-v6.scope
memory.high=8589934592
memory.max=10737418240
memory.swap.max=0
cpu.max=200000 100000
COMMAND=/home/dombarker/.elan/toolchains/leanprover--lean4---v4.32.0/bin/lean -j1 -M9500 -R /home/dombarker/project-offloads/aspis-higher-y.fMoMeX/overlay -o /home/dombarker/project-offloads/aspis-higher-y.fMoMeX/overlay/SelectedRegularQueryBridge.olean /home/dombarker/project-offloads/aspis-higher-y.fMoMeX/overlay/SelectedRegularQueryBridge.lean
/home/dombarker/project-offloads/aspis-higher-y.fMoMeX/overlay/SelectedRegularQueryBridge.lean:81:11: error(lean.unknownIdentifier): Unknown identifier `exactFinalLinear`
/home/dombarker/project-offloads/aspis-higher-y.fMoMeX/overlay/SelectedRegularQueryBridge.lean:90:11: error(lean.unknownIdentifier): Unknown identifier `exactFinalLinear`
'AspisV8.SelectedRegularQueryBridge.fixed_regular_final' depends on axioms: [propext, Classical.choice, Quot.sound]
'AspisV8.SelectedRegularQueryBridge.exists_fixed_regular_final' depends on axioms: [propext,
 Classical.choice,
 Quot.sound]
'AspisV8.SelectedRegularQueryBridge.actual_query_matches_iff' depends on axioms: [propext,
 sorryAx,
 Classical.choice,
 Quot.sound]
'AspisV8.SelectedRegularQueryBridge.nonfull_schedule_alphas_le_three' depends on axioms: [propext,
 Classical.choice,
 Quot.sound]
'AspisV8.SelectedRegularQueryBridge.regular_nonfull_schedule_alphas_le_three' depends on axioms: [propext,
 sorryAx,
 Classical.choice,
 Quot.sound]
'AspisV8.SelectedRegularQueryBridge.regular_matching_moment_bound' depends on axioms: [propext,
 Classical.choice,
 Quot.sound]
'AspisV8.SelectedRegularQueryBridge.fixed_regular_suffix_bound' depends on axioms: [propext,
 Classical.choice,
 Quot.sound]
Command exited with non-zero status 1
	Command being timed: "/home/dombarker/.elan/toolchains/leanprover--lean4---v4.32.0/bin/lean -j1 -M9500 -R /home/dombarker/project-offloads/aspis-higher-y.fMoMeX/overlay -o /home/dombarker/project-offloads/aspis-higher-y.fMoMeX/overlay/SelectedRegularQueryBridge.olean /home/dombarker/project-offloads/aspis-higher-y.fMoMeX/overlay/SelectedRegularQueryBridge.lean"
	User time (seconds): 3.21
	System time (seconds): 1.31
	Percent of CPU this job got: 99%
	Elapsed (wall clock) time (h:mm:ss or m:ss): 0:04.53
	Average shared text size (kbytes): 0
	Average unshared data size (kbytes): 0
	Average stack size (kbytes): 0
	Average total size (kbytes): 0
	Maximum resident set size (kbytes): 6834288
	Average resident set size (kbytes): 0
	Major (requiring I/O) page faults: 0
	Minor (reclaiming a frame) page faults: 178221
	Voluntary context switches: 573
	Involuntary context switches: 152
	Swaps: 0
	File system inputs: 0
	File system outputs: 0
	Socket messages sent: 0
	Socket messages received: 0
	Signals delivered: 0
	Page size (bytes): 4096
	Exit status: 1
LEAN_EXIT=1
