REMOTE_TASK=/home/dombarker/project-offloads/aspis-higher-y.fMoMeX
TARGET=SelectedSemanticRowsV2
RESEARCH_PIN=289d7356c78a4cd493fe61a54f9548f2a0c11298
BORROWED_SOURCE_PIN=26a9cd4718aae9f9de7ef1c3394fb74a229085d5
Lean (version 4.32.0, x86_64-unknown-linux-gnu, commit 8c9756b28d64dab099da31a4c09229a9e6a2ef35, Release)
7d63a88d241a8dac13fc451aeb45bbf824f5c542b5d5ebc42ac02bdf210dab43  /home/dombarker/project-offloads/aspis-higher-y.fMoMeX/selected-semantic-rows-v2-nuc-v1-manifest.json
399a6785117463d3978fbd01b8ac636a1069e24316236bfd997a9c31a5dd05cf  /home/dombarker/project-offloads/aspis-higher-y.fMoMeX/overlay/SelectedSemanticRowsV2.lean
399a6785117463d3978fbd01b8ac636a1069e24316236bfd997a9c31a5dd05cf  /home/dombarker/project-offloads/aspis-higher-y.fMoMeX/selected-semantic-rows-v2-nuc-v1-source.txt
5780e61b4d286905ab912bb6ab8e103a20908f78c11bea415db40a5fad110e52  /home/dombarker/project-offloads/aspis-higher-y.fMoMeX/run_higher_y_nuc.sh
OVERLAY_PROVENANCE_PASS=1045
NATIVE_PACKAGE_CACHE_BOUNDARY=pinned revisions; not a replay of package compilation
CGROUP=/user.slice/user-1000.slice/user@1000.service/app.slice/aspis-higher-y-selected-semantic-rows-v2-nuc-v1.scope
memory.high=8589934592
memory.max=10737418240
memory.swap.max=0
cpu.max=200000 100000
COMMAND=/home/dombarker/.elan/toolchains/leanprover--lean4---v4.32.0/bin/lean -j1 -M9500 -R /home/dombarker/project-offloads/aspis-higher-y.fMoMeX/overlay -o /home/dombarker/project-offloads/aspis-higher-y.fMoMeX/overlay/SelectedSemanticRowsV2.olean /home/dombarker/project-offloads/aspis-higher-y.fMoMeX/overlay/SelectedSemanticRowsV2.lean
/home/dombarker/project-offloads/aspis-higher-y.fMoMeX/overlay/SelectedSemanticRowsV2.lean:346:12: error: maximum recursion depth has been reached
use `set_option maxRecDepth <num>` to increase limit
use `set_option diagnostics true` to get diagnostic information
/home/dombarker/project-offloads/aspis-higher-y.fMoMeX/overlay/SelectedSemanticRowsV2.lean:347:12: error: maximum recursion depth has been reached
use `set_option maxRecDepth <num>` to increase limit
use `set_option diagnostics true` to get diagnostic information
/home/dombarker/project-offloads/aspis-higher-y.fMoMeX/overlay/SelectedSemanticRowsV2.lean:348:12: error: maximum recursion depth has been reached
use `set_option maxRecDepth <num>` to increase limit
use `set_option diagnostics true` to get diagnostic information
/home/dombarker/project-offloads/aspis-higher-y.fMoMeX/overlay/SelectedSemanticRowsV2.lean:349:12: error: maximum recursion depth has been reached
use `set_option maxRecDepth <num>` to increase limit
use `set_option diagnostics true` to get diagnostic information
'AspisV8.SelectedSemanticRows.pathMask_source' depends on axioms: [propext, Classical.choice, Quot.sound]
'AspisV8.SelectedSemanticRows.reconstructAt_source' depends on axioms: [propext, Classical.choice, Quot.sound]
'AspisV8.SelectedSemanticRows.coordinate_count' depends on axioms: [propext, Classical.choice, Quot.sound]
'AspisV8.SelectedSemanticRows.position_lt' depends on axioms: [propext, Quot.sound]
'AspisV8.SelectedSemanticRows.position_injective' depends on axioms: [propext, Quot.sound]
'AspisV8.SelectedSemanticRows.packed_recovers_position' depends on axioms: [propext, Quot.sound]
'AspisV8.SelectedSemanticRows.packedLocation_injective' depends on axioms: [propext, Quot.sound]
'AspisV8.SelectedSemanticRows.rows_at_coordinate' depends on axioms: [propext, Classical.choice, Quot.sound]
'AspisV8.SelectedSemanticRows.coordinate_zero' depends on axioms: [propext, Classical.choice, Quot.sound]
'AspisV8.SelectedSemanticRows.packedRows_zero_iff' depends on axioms: [propext, sorryAx, Classical.choice, Quot.sound]
Command exited with non-zero status 1
	Command being timed: "/home/dombarker/.elan/toolchains/leanprover--lean4---v4.32.0/bin/lean -j1 -M9500 -R /home/dombarker/project-offloads/aspis-higher-y.fMoMeX/overlay -o /home/dombarker/project-offloads/aspis-higher-y.fMoMeX/overlay/SelectedSemanticRowsV2.olean /home/dombarker/project-offloads/aspis-higher-y.fMoMeX/overlay/SelectedSemanticRowsV2.lean"
	User time (seconds): 5.44
	System time (seconds): 1.04
	Percent of CPU this job got: 100%
	Elapsed (wall clock) time (h:mm:ss or m:ss): 0:06.48
	Average shared text size (kbytes): 0
	Average unshared data size (kbytes): 0
	Average stack size (kbytes): 0
	Average total size (kbytes): 0
	Maximum resident set size (kbytes): 6719372
	Average resident set size (kbytes): 0
	Major (requiring I/O) page faults: 1
	Minor (reclaiming a frame) page faults: 142265
	Voluntary context switches: 2119
	Involuntary context switches: 202
	Swaps: 0
	File system inputs: 32
	File system outputs: 0
	Socket messages sent: 0
	Socket messages received: 0
	Signals delivered: 0
	Page size (bytes): 4096
	Exit status: 1
LEAN_EXIT=1
