RESEARCH_PIN=e90e7338656f221c9a1bbde90d533ba94d002014
e90e7338656f221c9a1bbde90d533ba94d002014
Lean (version 4.32.0, arm64-apple-darwin24.6.0, commit 8c9756b28d64dab099da31a4c09229a9e6a2ef35, Release)
f1e40eac2a8971119e827777e0581292a11467a30f6529a08c2cebdbe08e687a  /Users/dominic/ZK/.worktrees/ZK-v8-no-work-100-20260907/AspisFormal/AspisFormal/V7PairForestGatedMerkle.lean
f832d8a65a4eae27cceb5843a46942f017dd76495e562413f51e7be9f1b138b2  /Users/dominic/ZK/.worktrees/ZK-v8-no-work-100-20260907/docs/research/v8-no-work-100-20260907/experiments/.selected-forest-cache/AspisFormal/V7PairForestGatedMerkle.olean
114b0140eeb440e538493e424456bf08f67ef4bcf0935b9c17fc503c174a588a  /Users/dominic/ZK/.worktrees/ZK-v8-no-work-100-20260907/AspisFormal/AspisFormal/HashMerkleModel.lean
131bf128f7dd9f6f13182c6e390672d26679f3f9084fcd9598d138d17dfbc4f5  /Users/dominic/ZK/.worktrees/ZK-v8-no-work-100-20260907/docs/research/v8-no-work-100-20260907/experiments/.selected-forest-cache/AspisFormal/HashMerkleModel.olean
87238dadc0a8925ccbbbd337e4eee71f1f56acad6c65626b1b70d9bd58095efd  /Users/dominic/ZK/.worktrees/ZK-v8-no-work-100-20260907/AspisFormal/AspisFormal/ArithmetizationCore.lean
6ab5f3738e8018b86409fd1ec394527d1e6eded5816817f11385529e0c579300  /Users/dominic/ZK/.worktrees/ZK-v8-no-work-100-20260907/docs/research/v8-no-work-100-20260907/experiments/.selected-forest-cache/AspisFormal/ArithmetizationCore.olean
2b3ebca0fe5ec333c0471336fac8df41c869cc8b04f1eced02f5a1822c8b8d3e  /Users/dominic/ZK/.worktrees/ZK-v8-no-work-100-20260907/AspisFormal/AspisFormal/ValueConservation.lean
332f6aca6ab9b69eccb050d31895abf1f51ccfc9c97fa9015ab196bee634eaa1  /Users/dominic/ZK/.worktrees/ZK-v8-no-work-100-20260907/docs/research/v8-no-work-100-20260907/experiments/.selected-forest-cache/AspisFormal/ValueConservation.olean
9f88b1892795872733f24183e5455caf320a7a439368dada78facdd99fe147f7  /Users/dominic/ZK/.worktrees/ZK-v8-no-work-100-20260907/AspisFormal/AspisFormal/V5AcceptedSpendRelation.lean
b8beb1c0d7150de1b1a663c43b01aaaf08d46fda93cbe4ff64531533018306f1  /Users/dominic/ZK/.worktrees/ZK-v8-no-work-100-20260907/docs/research/v8-no-work-100-20260907/experiments/.selected-forest-cache/AspisFormal/V5AcceptedSpendRelation.olean
802642e33637a97e5636ae953bcdc02d892194a4b212f84d62c42dc1fbd5e4db  /Users/dominic/ZK/.worktrees/ZK-v8-no-work-100-20260907/AspisFormal/AspisFormal/V5SelectedGoodVerifierRelation.lean
213b7b62cab491e74fe9b829b7136d2f8a24b3e23359cf869ee1b676dad0f75b  /Users/dominic/ZK/.worktrees/ZK-v8-no-work-100-20260907/docs/research/v8-no-work-100-20260907/experiments/.selected-forest-cache/AspisFormal/V5SelectedGoodVerifierRelation.olean
378b1d5dcfb193a1694bbe5a7eb48d1d6ff43a7f448234d0b365f4562c6fc350  /Users/dominic/ZK/.worktrees/ZK-v8-no-work-100-20260907/AspisFormal/AspisFormal/V5SelectionHidingAbort.lean
c1b8da1ef58f0dbed4636501e196d81abaa2e659c44a51bcbf94a2ca10284212  /Users/dominic/ZK/.worktrees/ZK-v8-no-work-100-20260907/docs/research/v8-no-work-100-20260907/experiments/.selected-forest-cache/AspisFormal/V5SelectionHidingAbort.olean
6022a1c92aafdcb505a05c1b1eecd73f7a1d84edf2c7f8a9a09671b5544226b9  /Users/dominic/ZK/.worktrees/ZK-v8-no-work-100-20260907/AspisFormal/AspisFormal/CoreHidingPMF.lean
560bbd9c9a1262e92aeeee55338caacdf5e94933a6b2e8a657ae5fd1d1d6f445  /Users/dominic/ZK/.worktrees/ZK-v8-no-work-100-20260907/docs/research/v8-no-work-100-20260907/experiments/.selected-forest-cache/AspisFormal/CoreHidingPMF.olean
1e08b5ee518708b3572969400900ff9752ec9170682be0f6e6eb86b93a050e09  /Users/dominic/ZK/.worktrees/ZK-v8-no-work-100-20260907/AspisFormal/AspisFormal/CoreHiding.lean
6f9c39eed715262954e87c000e182350e3aa7f48c2016cd0d267f9d82cf50683  /Users/dominic/ZK/.worktrees/ZK-v8-no-work-100-20260907/docs/research/v8-no-work-100-20260907/experiments/.selected-forest-cache/AspisFormal/CoreHiding.olean
6886e8b4a2ffb829c3811e0cc48a443bd635b9402198a4f3c311193e3e7ffe72  /Users/dominic/ZK/.worktrees/ZK-v8-no-work-100-20260907/AspisFormal/AspisFormal/SoundnessWorkNormalizedEndpoint.lean
14c739a08795d23f94b45b5d78d391e65bb7926713d07b89eed258202e78deb7  /Users/dominic/ZK/.worktrees/ZK-v8-no-work-100-20260907/docs/research/v8-no-work-100-20260907/experiments/.selected-forest-cache/AspisFormal/SoundnessWorkNormalizedEndpoint.olean
765578d21962840ae1f5466cdf25e0fecb81884fe4e83caafc3dbb9f56577ef0  /Users/dominic/ZK/.worktrees/ZK-v8-no-work-100-20260907/AspisFormal/AspisFormal/SoundnessLedger.lean
6357cd5e2e3dde9f3b2498b6f4051b9e007297445bd1c586d745889dcce25afb  /Users/dominic/ZK/.worktrees/ZK-v8-no-work-100-20260907/docs/research/v8-no-work-100-20260907/experiments/.selected-forest-cache/AspisFormal/SoundnessLedger.olean
47fe5848ecf996b47bd0241818e8620bdf2c8b270e9fa9b26d5221f256845bad  /Users/dominic/ZK/.worktrees/ZK-v8-no-work-100-20260907/AspisFormal/AspisFormal/CircleFibreRoots.lean
b6a6661a35b17b15cf824d0ab2decebf19a1084f03b8d399ddc395b9d05340e3  /Users/dominic/ZK/.worktrees/ZK-v8-no-work-100-20260907/docs/research/v8-no-work-100-20260907/experiments/.selected-forest-cache/AspisFormal/CircleFibreRoots.olean
867bb6d90213c9b44caa9106538d2db8d8a55f5619934410bc632e7bd3bdf959  /Users/dominic/ZK/.worktrees/ZK-v8-no-work-100-20260907/AspisFormal/AspisFormal/CircleGroupOrder.lean
39ea3fa6eb53446ecf6cd4a3856219165b247c4175cf79a28313a55958b15597  /Users/dominic/ZK/.worktrees/ZK-v8-no-work-100-20260907/docs/research/v8-no-work-100-20260907/experiments/.selected-forest-cache/AspisFormal/CircleGroupOrder.olean
eaf609988c11ce5feceac03a7771a143eaccbad8f1025cee0cf0be89c3b350c1  /Users/dominic/ZK/.worktrees/ZK-v8-no-work-100-20260907/AspisFormal/AspisFormal/Pool/V7PairLeafOccupancy.lean
a483f5baa7101d3c3a3ca6ceb86b7f40993f3fa4f68bfb20d372c05aa5437e6a  /Users/dominic/ZK/.worktrees/ZK-v8-no-work-100-20260907/docs/research/v8-no-work-100-20260907/experiments/.selected-forest-cache/AspisFormal/Pool/V7PairLeafOccupancy.olean
3f1d60cf5feb48e56fa3c9379a74f2ccb9b2a7ea78365abf0e06e36e562d54cb  /Users/dominic/ZK/.worktrees/ZK-v8-no-work-100-20260907/crates/aspis-statement/src/poseidon2.rs
1cee5f45331207c1841106838daea76126f85b1c97b1066bc39089a6cb623ee9  /Users/dominic/ZK/.worktrees/ZK-v8-no-work-100-20260907/crates/aspis-statement/src/spend.rs
80290c5af3e8102da8e43efbadccfde745af272c2bfb046a919d5ce4da9f9371  /Users/dominic/ZK/.worktrees/ZK-v8-no-work-100-20260907/crates/aspis-statement/src/pool_v1/pair_trace.rs
209bf45ab1fbf03fa6a5b524e6b2079068537368b02837e320d708ca5128f88d  /Users/dominic/ZK/.worktrees/ZK-v8-no-work-100-20260907/crates/aspis-statement/src/pool_v1/format.rs
8b543d3de5aa29d1e510e8ca18bd2bc6dae6c405b7d6f97402c572dfdbab2588  /Users/dominic/ZK/.worktrees/ZK-v8-no-work-100-20260907/crates/aspis-statement/src/pool_v1/payment_relation.rs
0a97cbba7740acf44e3b85082ff917e6fb60b81a26662a2d7f96acaf0e72309d  /Users/dominic/ZK/.worktrees/ZK-v8-no-work-100-20260907/crates/aspis-statement/src/pool_v1/pair_forest_trace.rs
c59a9033e814781b90f67c2dd6d91ddc3b7d4a0ea4a5af9a11f8be70db990e95  /Users/dominic/ZK/.worktrees/ZK-v8-no-work-100-20260907/crates/aspis-statement/src/pool_v1/pair_constraint_residuals.rs
efbc5be87e271419d7b09e1bb6e3a83984d42795bc20067ea039814fb89ffa58  /Users/dominic/ZK/.worktrees/ZK-v8-no-work-100-20260907/crates/aspis-statement/src/pool_v1/pair_forest_semantic_terminal.rs
cfce7ec499d3cfd54cf91eb88675e45d89ada5ce073fe00c78be5211204fbc50  /Users/dominic/ZK/.worktrees/ZK-v8-no-work-100-20260907/crates/aspis-statement/src/pool_v1/pair_forest_copy_terminal_constants.rs
56760c46ed56ace2756949efabc09f1a2b8880087c1b4dbb7da394a1cc54132f  /Users/dominic/ZK/.worktrees/ZK-v8-no-work-100-20260907/docs/research/v8-no-work-100-20260907/experiments/recovered_witness.rs
0c281c1e59a538bc80c9aa88cf8d92f321b140050e9b5e410436696bc7f5a5d3  /Users/dominic/ZK/.worktrees/ZK-v8-no-work-100-20260907/docs/research/v8-no-work-100-20260907/experiments/SelectedNoteRecovery.lean
5fbfa077b05a1d961995621bb763973946ade7b8a10eecaed07b70013c5df33a  /Users/dominic/ZK/.worktrees/ZK-v8-no-work-100-20260907/docs/research/v8-no-work-100-20260907/experiments/SelectedNoteRecovery.olean
8f0248edf14e711cc50f5038c3968ae5e90fc9b6ba01aba2e5ad94a8ece8e409  /Users/dominic/ZK/.worktrees/ZK-v8-no-work-100-20260907/docs/research/v8-no-work-100-20260907/experiments/SelectedForestPath.lean
771e1c180ba3345f6e4579fed3bf7b03c308dc5004effcbd46105d2100537311  /Users/dominic/ZK/.worktrees/ZK-v8-no-work-100-20260907/docs/research/v8-no-work-100-20260907/experiments/SelectedForestPath.olean
3f670127e035a4ea7f532decb2127386975d2a39e188761dcc9c3eaad55c249e  /Users/dominic/ZK/.worktrees/ZK-v8-no-work-100-20260907/docs/research/v8-no-work-100-20260907/experiments/SelectedPairDecoder.lean
abb67f4a8ec702e4a605a7048081122e5c9ad4462a7449063761ab6aa715c6f8  /Users/dominic/ZK/.worktrees/ZK-v8-no-work-100-20260907/docs/research/v8-no-work-100-20260907/experiments/SelectedPairDecoder.olean
e7a51e542c33f0c90db5330d43ad02d3dbe405e4c89cd1f01f02e30963e9b2bb  /Users/dominic/ZK/.worktrees/ZK-v8-no-work-100-20260907/docs/research/v8-no-work-100-20260907/experiments/SelectedOutputNotes.lean
COMMAND=lean -M7000 -R /Users/dominic/ZK/.worktrees/ZK-v8-no-work-100-20260907/docs/research/v8-no-work-100-20260907/experiments -o /Users/dominic/ZK/.worktrees/ZK-v8-no-work-100-20260907/docs/research/v8-no-work-100-20260907/experiments/SelectedOutputNotes.olean /Users/dominic/ZK/.worktrees/ZK-v8-no-work-100-20260907/docs/research/v8-no-work-100-20260907/experiments/SelectedOutputNotes.lean
/Users/dominic/ZK/.worktrees/ZK-v8-no-work-100-20260907/docs/research/v8-no-work-100-20260907/experiments/SelectedOutputNotes.lean:52:6: warning: This simp argument is unused:
  ZMod.natCast_zmod_val

Hint: Omit it from the simp argument list.
  simp [̵c̵h̵u̵n̵k̵,̵d̵e̵c̵o̵d̵e̵N̵o̵t̵e̵,̵o̵w̵n̵e̵r̵R̵o̵w̵,̵a̵m̵o̵u̵n̵t̵R̵o̵w̵,̵s̵a̵l̵t̵C̵e̵l̵l̵,̵n̵o̵t̵e̵C̵h̵u̵n̵k̵1̵,̵
  ̵ ̵ ̵ ̵ ̵ ̵ ̵Z̵M̵o̵d̵.̵n̵a̵t̵C̵a̵s̵t̵_̵z̵m̵o̵d̵_̵v̵a̵l̵]̵[̲c̲h̲u̲n̲k̲,̲ ̲d̲e̲c̲o̲d̲e̲N̲o̲t̲e̲,̲ ̲o̲w̲n̲e̲r̲R̲o̲w̲,̲ ̲a̲m̲o̲u̲n̲t̲R̲o̲w̲,̲ ̲s̲a̲l̲t̲C̲e̲l̲l̲,̲ ̲n̲o̲t̲e̲C̲h̲u̲n̲k̲1̲]̲

Note: This linter can be disabled with `set_option linter.unusedSimpArgs false`
'AspisV8.SelectedOutputNotes.first_chunk_is_decoded' does not depend on any axioms
'AspisV8.SelectedOutputNotes.second_chunk_is_decoded' depends on axioms: [propext, Classical.choice, Quot.sound]
'AspisV8.SelectedOutputNotes.third_chunk_is_decoded' depends on axioms: [propext, Classical.choice, Quot.sound]
'AspisV8.SelectedOutputNotes.decoded_output_opening' depends on axioms: [propext, Classical.choice, Quot.sound]
'AspisV8.SelectedOutputNotes.public_output_opening' depends on axioms: [propext, Classical.choice, Quot.sound]
'AspisV8.SelectedOutputNotes.both_transfer_output_openings' depends on axioms: [propext, Classical.choice, Quot.sound]
'AspisV8.SelectedOutputNotes.note_cells_of_canonical_table' depends on axioms: [propext, Quot.sound]
'AspisV8.SelectedOutputNotes.canonical_decoder_fields' depends on axioms: [propext, Classical.choice, Quot.sound]
'AspisV8.SelectedOutputNotes.canonical_digest_representatives' depends on axioms: [propext,
 Classical.choice,
 Quot.sound]
'AspisV8.SelectedOutputNotes.raw_public_output_opening' depends on axioms: [propext, Classical.choice, Quot.sound]
'AspisV8.SelectedOutputNotes.both_raw_transfer_output_openings' depends on axioms: [propext,
 Classical.choice,
 Quot.sound]
'AspisV8.SelectedOutputNotes.selected_output_cells' depends on axioms: [propext, Quot.sound]
       21.22 real         2.47 user         3.04 sys
          5541314560  maximum resident set size
                   0  average shared memory size
                   0  average unshared data size
                   0  average unshared stack size
              265420  page reclaims
              166284  page faults
                   0  swaps
                   0  block input operations
                   0  block output operations
                   0  messages sent
                   0  messages received
                   0  signals received
               25283  voluntary context switches
              150013  involuntary context switches
         49959196368  instructions retired
         20505434803  cycles elapsed
           887484608  peak memory footprint
LEAN_EXIT=0
00da269fe397e50fcefc17623ebc012a7e8fc3bd081390b67e157f861e41982a  /Users/dominic/ZK/.worktrees/ZK-v8-no-work-100-20260907/docs/research/v8-no-work-100-20260907/experiments/SelectedOutputNotes.olean
