REMOTE_TASK=/home/dombarker/project-offloads/aspis-symbolic-ood.zZbNpg
TARGET=SelectedFactorCoherence
RESEARCH_PIN=f0f46ffede8812252ac7cee9edf5547f228533d5
BORROWED_SOURCE_PIN=26a9cd4718aae9f9de7ef1c3394fb74a229085d5
Lean (version 4.32.0, x86_64-unknown-linux-gnu, commit 8c9756b28d64dab099da31a4c09229a9e6a2ef35, Release)
6f8c334284b2a1a49e2beb74c0c71521c039b78ab7d67a32a7ce82cef2c29ee5  /home/dombarker/project-offloads/aspis-symbolic-ood.zZbNpg/selected-factor-coherence-nuc-v1-manifest.json
f39b1715436e71c9e01686f4117d3d85051d9bca1205757417cc98021de5ce34  /home/dombarker/project-offloads/aspis-symbolic-ood.zZbNpg/overlay/SelectedFactorCoherence.lean
f39b1715436e71c9e01686f4117d3d85051d9bca1205757417cc98021de5ce34  /home/dombarker/project-offloads/aspis-symbolic-ood.zZbNpg/selected-factor-coherence-nuc-v1-source.txt
7ed329de2a9fa09f7c0d41589c3a466156081bf0d392357262883667388c80ad  /home/dombarker/project-offloads/aspis-symbolic-ood.zZbNpg/run_symbolic_ood_nuc.sh
OVERLAY_PROVENANCE_PASS=721
NATIVE_PACKAGE_CACHE_BOUNDARY=pinned revisions; not a replay of package compilation
CGROUP=/user.slice/user-1000.slice/user@1000.service/app.slice/aspis-symbolic-selected-factor-coherence-nuc-v1.scope
memory.high=8589934592
memory.max=10737418240
memory.swap.max=0
cpu.max=200000 100000
COMMAND=/home/dombarker/.elan/toolchains/leanprover--lean4---v4.32.0/bin/lean -j1 -M9500 -R /home/dombarker/project-offloads/aspis-symbolic-ood.zZbNpg/overlay -o /home/dombarker/project-offloads/aspis-symbolic-ood.zZbNpg/overlay/SelectedFactorCoherence.olean /home/dombarker/project-offloads/aspis-symbolic-ood.zZbNpg/overlay/SelectedFactorCoherence.lean
Try this:
  [apply] ring_nf
  
  The `ring` tactic failed to close the goal. Use `ring_nf` to obtain a normal form.
    
  Note that `ring` works primarily in *commutative* rings. If you have a noncommutative ring, abelian group or module, consider using `noncomm_ring`, `abel` or `module` instead.
/home/dombarker/project-offloads/aspis-symbolic-ood.zZbNpg/overlay/SelectedFactorCoherence.lean:30:67: error: unsolved goals
K : Type u_1
inst✝ : Field K
maximumDegree curveDegree xBound yRows zBound : ℕ
coefficients : CurveMonomialIndex maximumDegree curveDegree xBound yRows zBound → K
x : K
answers : Fin (curveDegree + 1) → K
m : CurveMonomialIndex maximumDegree curveDegree xBound yRows zBound
a✝ : m ∈ univ
⊢ (monomial ↑m.snd.2) (coefficients m * x ^ ↑m.snd.1) *
      receivedCurvePolynomial (fun lane x => answers lane) 0 ^ ↑m.fst =
    receivedCurvePolynomial (fun lane x => answers lane) 0 ^ ↑m.fst * C (coefficients m) * C x ^ ↑m.snd.1 * X ^ ↑m.snd.2
/home/dombarker/project-offloads/aspis-symbolic-ood.zZbNpg/overlay/SelectedFactorCoherence.lean:59:30: error(lean.unknownIdentifier): Unknown constant `Polynomial.C_natCast`
Try this:
  [apply] ring_nf
  
  The `ring` tactic failed to close the goal. Use `ring_nf` to obtain a normal form.
    
  Note that `ring` works primarily in *commutative* rings. If you have a noncommutative ring, abelian group or module, consider using `noncomm_ring`, `abel` or `module` instead.
/home/dombarker/project-offloads/aspis-symbolic-ood.zZbNpg/overlay/SelectedFactorCoherence.lean:48:59: error: unsolved goals
K : Type u_1
inst✝ : Field K
maximumDegree curveDegree xBound yRows zBound : ℕ
coefficients : CurveMonomialIndex maximumDegree curveDegree xBound yRows zBound → K
x : K
answers : Fin (curveDegree + 1) → K
m : CurveMonomialIndex maximumDegree curveDegree xBound yRows zBound
a✝ : m ∈ univ
⊢ (monomial ↑m.snd.2) (coefficients m * x ^ ↑m.snd.1) * Polynomial.map (evalRingHom x) ↑↑m.fst *
      answerCurve answers ^ (↑m.fst - 1) =
    answerCurve answers ^ (↑m.fst - 1) * C (coefficients m) * C (x ^ ↑m.snd.1) * C ↑↑m.fst * X ^ ↑m.snd.2
/home/dombarker/project-offloads/aspis-symbolic-ood.zZbNpg/overlay/SelectedFactorCoherence.lean:56:23: warning: This simp argument is unused:
  map_natCast

Hint: Omit it from the simp argument list.
  simp only [̵d̵e̵r̵i̵v̵a̵t̵i̵v̵e̵C̵u̵r̵v̵e̵,̵p̵o̵i̵n̵t̵S̵u̵b̵s̵t̵i̵t̵u̵t̵i̵o̵n̵,̵R̵i̵n̵g̵H̵o̵m̵.̵c̵o̵e̵_̵c̵o̵m̵p̵,̵F̵u̵n̵c̵t̵i̵o̵n̵.̵c̵o̵m̵p̵_̵a̵p̵p̵l̵y̵,̵
  ̵ ̵ ̵ ̵ ̵s̵p̵e̵c̵i̵a̵l̵i̵z̵e̵E̵v̵a̵l̵u̵a̵t̵i̵o̵n̵P̵o̵i̵n̵t̵,̵e̵v̵a̵l̵u̵a̵t̵e̵I̵n̵n̵e̵r̵V̵a̵r̵i̵a̵b̵l̵e̵,̵c̵u̵r̵v̵e̵T̵r̵i̵v̵a̵r̵i̵a̵t̵e̵P̵o̵l̵y̵n̵o̵m̵i̵a̵l̵,̵
  ̵ ̵ ̵ ̵ ̵P̵o̵l̵y̵n̵o̵m̵i̵a̵l̵.̵d̵e̵r̵i̵v̵a̵t̵i̵v̵e̵_̵s̵u̵m̵,̵P̵o̵l̵y̵n̵o̵m̵i̵a̵l̵.̵d̵e̵r̵i̵v̵a̵t̵i̵v̵e̵_̵m̵o̵n̵o̵m̵i̵a̵l̵,̵
  ̵ ̵ ̵ ̵ ̵P̵o̵l̵y̵n̵o̵m̵i̵a̵l̵.̵c̵o̵e̵_̵m̵a̵p̵R̵i̵n̵g̵H̵o̵m̵,̵P̵o̵l̵y̵n̵o̵m̵i̵a̵l̵.̵m̵a̵p̵_̵s̵u̵m̵,̵P̵o̵l̵y̵n̵o̵m̵i̵a̵l̵.̵m̵a̵p̵_̵m̵o̵n̵o̵m̵i̵a̵l̵,̵
  ̵ ̵ ̵ ̵ ̵P̵o̵l̵y̵n̵o̵m̵i̵a̵l̵.̵c̵o̵e̵_̵e̵v̵a̵l̵R̵i̵n̵g̵H̵o̵m̵,̵P̵o̵l̵y̵n̵o̵m̵i̵a̵l̵.̵e̵v̵a̵l̵_̵f̵i̵n̵s̵e̵t̵S̵u̵m̵,̵P̵o̵l̵y̵n̵o̵m̵i̵a̵l̵.̵e̵v̵a̵l̵_̵m̵o̵n̵o̵m̵i̵a̵l̵,̵
  ̵ ̵ ̵ ̵ ̵P̵o̵l̵y̵n̵o̵m̵i̵a̵l̵.̵m̵a̵p̵_̵m̵u̵l̵,̵m̵a̵p̵_̵n̵a̵t̵C̵a̵s̵t̵,̵P̵o̵l̵y̵n̵o̵m̵i̵a̵l̵.̵e̵v̵a̵l̵_̵m̵u̵l̵,̵P̵o̵l̵y̵n̵o̵m̵i̵a̵l̵.̵e̵v̵a̵l̵_̵n̵a̵t̵C̵a̵s̵t̵]̵[̲d̲e̲r̲i̲v̲a̲t̲i̲v̲e̲C̲u̲r̲v̲e̲,̲ ̲p̲o̲i̲n̲t̲S̲u̲b̲s̲t̲i̲t̲u̲t̲i̲o̲n̲,̲ ̲R̲i̲n̲g̲H̲o̲m̲.̲c̲o̲e̲_̲c̲o̲m̲p̲,̲ ̲F̲u̲n̲c̲t̲i̲o̲n̲.̲c̲o̲m̲p̲_̲a̲p̲p̲l̲y̲,̲
  ̲ ̲ ̲ ̲ ̲s̲p̲e̲c̲i̲a̲l̲i̲z̲e̲E̲v̲a̲l̲u̲a̲t̲i̲o̲n̲P̲o̲i̲n̲t̲,̲ ̲e̲v̲a̲l̲u̲a̲t̲e̲I̲n̲n̲e̲r̲V̲a̲r̲i̲a̲b̲l̲e̲,̲ ̲c̲u̲r̲v̲e̲T̲r̲i̲v̲a̲r̲i̲a̲t̲e̲P̲o̲l̲y̲n̲o̲m̲i̲a̲l̲,̲
  ̲ ̲ ̲ ̲ ̲P̲o̲l̲y̲n̲o̲m̲i̲a̲l̲.̲d̲e̲r̲i̲v̲a̲t̲i̲v̲e̲_̲s̲u̲m̲,̲ ̲P̲o̲l̲y̲n̲o̲m̲i̲a̲l̲.̲d̲e̲r̲i̲v̲a̲t̲i̲v̲e̲_̲m̲o̲n̲o̲m̲i̲a̲l̲,̲ ̲P̲o̲l̲y̲n̲o̲m̲i̲a̲l̲.̲c̲o̲e̲_̲m̲a̲p̲R̲i̲n̲g̲H̲o̲m̲,̲
  ̲ ̲ ̲ ̲ ̲P̲o̲l̲y̲n̲o̲m̲i̲a̲l̲.̲m̲a̲p̲_̲s̲u̲m̲,̲ ̲P̲o̲l̲y̲n̲o̲m̲i̲a̲l̲.̲m̲a̲p̲_̲m̲o̲n̲o̲m̲i̲a̲l̲,̲ ̲P̲o̲l̲y̲n̲o̲m̲i̲a̲l̲.̲c̲o̲e̲_̲e̲v̲a̲l̲R̲i̲n̲g̲H̲o̲m̲,̲
  ̲ ̲ ̲ ̲ ̲P̲o̲l̲y̲n̲o̲m̲i̲a̲l̲.̲e̲v̲a̲l̲_̲f̲i̲n̲s̲e̲t̲S̲u̲m̲,̲ ̲P̲o̲l̲y̲n̲o̲m̲i̲a̲l̲.̲e̲v̲a̲l̲_̲m̲o̲n̲o̲m̲i̲a̲l̲,̲ ̲P̲o̲l̲y̲n̲o̲m̲i̲a̲l̲.̲m̲a̲p̲_̲m̲u̲l̲,̲ ̲P̲o̲l̲y̲n̲o̲m̲i̲a̲l̲.̲e̲v̲a̲l̲_̲m̲u̲l̲,̲
  ̲ ̲ ̲ ̲ ̲P̲o̲l̲y̲n̲o̲m̲i̲a̲l̲.̲e̲v̲a̲l̲_̲n̲a̲t̲C̲a̲s̲t̲]̲

Note: This linter can be disabled with `set_option linter.unusedSimpArgs false`
/home/dombarker/project-offloads/aspis-symbolic-ood.zZbNpg/overlay/SelectedFactorCoherence.lean:56:35: warning: This simp argument is unused:
  Polynomial.eval_mul

Hint: Omit it from the simp argument list.
  simp only [derivativeCurve, ̲pointSubstitution, ̲RingHom.coe_comp, ̲Function.comp_apply,
      specializeEvaluationPoint, ̲evaluateInnerVariable, ̲curveTrivariatePolynomial,
      Polynomial.derivative_sum, ̲Polynomial.derivative_monomial,
  ̵  ̵ ̵ ̵Polynomial.coe_mapRingHom,
  ̲ ̲ ̲ ̲ ̲Polynomial.map_sum, ̲Polynomial.map_monomial,
  ̵  ̵ ̵ ̵Polynomial.coe_evalRingHom,
  ̲ ̲ ̲ ̲ ̲Polynomial.eval_finsetSum, ̲Polynomial.eval_monomial,
  ̵  ̵ ̵ ̵Polynomial.map_mul, ̲map_natCast,
  ̲ ̲ ̲ ̲ ̲Polynomial.eval_m̵u̵l̵,̵P̵o̵l̵y̵no̵m̵i̵al̵.̵e̵v̵a̵l̵_̵n̵a̵tCast]

Note: This linter can be disabled with `set_option linter.unusedSimpArgs false`
/home/dombarker/project-offloads/aspis-symbolic-ood.zZbNpg/overlay/SelectedFactorCoherence.lean:56:55: warning: This simp argument is unused:
  Polynomial.eval_natCast

Hint: Omit it from the simp argument list.
  simp only [̵d̵e̵r̵i̵v̵a̵t̵i̵v̵e̵C̵u̵r̵v̵e̵,̵p̵o̵i̵n̵t̵S̵u̵b̵s̵t̵i̵t̵u̵t̵i̵o̵n̵,̵R̵i̵n̵g̵H̵o̵m̵.̵c̵o̵e̵_̵c̵o̵m̵p̵,̵F̵u̵n̵c̵t̵i̵o̵n̵.̵c̵o̵m̵p̵_̵a̵p̵p̵l̵y̵,̵
  ̵ ̵ ̵ ̵ ̵s̵p̵e̵c̵i̵a̵l̵i̵z̵e̵E̵v̵a̵l̵u̵a̵t̵i̵o̵n̵P̵o̵i̵n̵t̵,̵e̵v̵a̵l̵u̵a̵t̵e̵I̵n̵n̵e̵r̵V̵a̵r̵i̵a̵b̵l̵e̵,̵c̵u̵r̵v̵e̵T̵r̵i̵v̵a̵r̵i̵a̵t̵e̵P̵o̵l̵y̵n̵o̵m̵i̵a̵l̵,̵
  ̵ ̵ ̵ ̵ ̵P̵o̵l̵y̵n̵o̵m̵i̵a̵l̵.̵d̵e̵r̵i̵v̵a̵t̵i̵v̵e̵_̵s̵u̵m̵,̵P̵o̵l̵y̵n̵o̵m̵i̵a̵l̵.̵d̵e̵r̵i̵v̵a̵t̵i̵v̵e̵_̵m̵o̵n̵o̵m̵i̵a̵l̵,̵
  ̵ ̵ ̵ ̵ ̵P̵o̵l̵y̵n̵o̵m̵i̵a̵l̵.̵c̵o̵e̵_̵m̵a̵p̵R̵i̵n̵g̵H̵o̵m̵,̵P̵o̵l̵y̵n̵o̵m̵i̵a̵l̵.̵m̵a̵p̵_̵s̵u̵m̵,̵P̵o̵l̵y̵n̵o̵m̵i̵a̵l̵.̵m̵a̵p̵_̵m̵o̵n̵o̵m̵i̵a̵l̵,̵
  ̵ ̵ ̵ ̵ ̵P̵o̵l̵y̵n̵o̵m̵i̵a̵l̵.̵c̵o̵e̵_̵e̵v̵a̵l̵R̵i̵n̵g̵H̵o̵m̵,̵P̵o̵l̵y̵n̵o̵m̵i̵a̵l̵.̵e̵v̵a̵l̵_̵f̵i̵n̵s̵e̵t̵S̵u̵m̵,̵P̵o̵l̵y̵n̵o̵m̵i̵a̵l̵.̵e̵v̵a̵l̵_̵m̵o̵n̵o̵m̵i̵a̵l̵,̵
  ̵ ̵ ̵ ̵ ̵P̵o̵l̵y̵n̵o̵m̵i̵a̵l̵.̵m̵a̵p̵_̵m̵u̵l̵,̵m̵a̵p̵_̵n̵a̵t̵C̵a̵s̵t̵,̵P̵o̵l̵y̵n̵o̵m̵i̵a̵l̵.̵e̵v̵a̵l̵_̵m̵u̵l̵,̵P̵o̵l̵y̵n̵o̵m̵i̵a̵l̵.̵e̵v̵a̵l̵_̵n̵a̵t̵C̵a̵s̵t̵]̵[̲d̲e̲r̲i̲v̲a̲t̲i̲v̲e̲C̲u̲r̲v̲e̲,̲ ̲p̲o̲i̲n̲t̲S̲u̲b̲s̲t̲i̲t̲u̲t̲i̲o̲n̲,̲ ̲R̲i̲n̲g̲H̲o̲m̲.̲c̲o̲e̲_̲c̲o̲m̲p̲,̲ ̲F̲u̲n̲c̲t̲i̲o̲n̲.̲c̲o̲m̲p̲_̲a̲p̲p̲l̲y̲,̲
  ̲ ̲ ̲ ̲ ̲s̲p̲e̲c̲i̲a̲l̲i̲z̲e̲E̲v̲a̲l̲u̲a̲t̲i̲o̲n̲P̲o̲i̲n̲t̲,̲ ̲e̲v̲a̲l̲u̲a̲t̲e̲I̲n̲n̲e̲r̲V̲a̲r̲i̲a̲b̲l̲e̲,̲ ̲c̲u̲r̲v̲e̲T̲r̲i̲v̲a̲r̲i̲a̲t̲e̲P̲o̲l̲y̲n̲o̲m̲i̲a̲l̲,̲
  ̲ ̲ ̲ ̲ ̲P̲o̲l̲y̲n̲o̲m̲i̲a̲l̲.̲d̲e̲r̲i̲v̲a̲t̲i̲v̲e̲_̲s̲u̲m̲,̲ ̲P̲o̲l̲y̲n̲o̲m̲i̲a̲l̲.̲d̲e̲r̲i̲v̲a̲t̲i̲v̲e̲_̲m̲o̲n̲o̲m̲i̲a̲l̲,̲ ̲P̲o̲l̲y̲n̲o̲m̲i̲a̲l̲.̲c̲o̲e̲_̲m̲a̲p̲R̲i̲n̲g̲H̲o̲m̲,̲
  ̲ ̲ ̲ ̲ ̲P̲o̲l̲y̲n̲o̲m̲i̲a̲l̲.̲m̲a̲p̲_̲s̲u̲m̲,̲ ̲P̲o̲l̲y̲n̲o̲m̲i̲a̲l̲.̲m̲a̲p̲_̲m̲o̲n̲o̲m̲i̲a̲l̲,̲ ̲P̲o̲l̲y̲n̲o̲m̲i̲a̲l̲.̲c̲o̲e̲_̲e̲v̲a̲l̲R̲i̲n̲g̲H̲o̲m̲,̲
  ̲ ̲ ̲ ̲ ̲P̲o̲l̲y̲n̲o̲m̲i̲a̲l̲.̲e̲v̲a̲l̲_̲f̲i̲n̲s̲e̲t̲S̲u̲m̲,̲ ̲P̲o̲l̲y̲n̲o̲m̲i̲a̲l̲.̲e̲v̲a̲l̲_̲m̲o̲n̲o̲m̲i̲a̲l̲,̲ ̲P̲o̲l̲y̲n̲o̲m̲i̲a̲l̲.̲m̲a̲p̲_̲m̲u̲l̲,̲ ̲m̲a̲p̲_̲n̲a̲t̲C̲a̲s̲t̲,̲
  ̲ ̲ ̲ ̲ ̲P̲o̲l̲y̲n̲o̲m̲i̲a̲l̲.̲e̲v̲a̲l̲_̲m̲u̲l̲]̲

Note: This linter can be disabled with `set_option linter.unusedSimpArgs false`
/home/dombarker/project-offloads/aspis-symbolic-ood.zZbNpg/overlay/SelectedFactorCoherence.lean:69:17: error(lean.unknownIdentifier): Unknown identifier `C1Received`

Note: It is not possible to treat `C1Received` as an implicitly bound variable here because the `autoImplicit` option is set to `false`.
/home/dombarker/project-offloads/aspis-symbolic-ood.zZbNpg/overlay/SelectedFactorCoherence.lean:69:35: error(lean.unknownIdentifier): Unknown identifier `C2Received`

Note: It is not possible to treat `C2Received` as an implicitly bound variable here because the `autoImplicit` option is set to `false`.
/home/dombarker/project-offloads/aspis-symbolic-ood.zZbNpg/overlay/SelectedFactorCoherence.lean:72:25: error(lean.unknownIdentifier): Unknown identifier `C1Received`

Note: It is not possible to treat `C1Received` as an implicitly bound variable here because the `autoImplicit` option is set to `false`.
/home/dombarker/project-offloads/aspis-symbolic-ood.zZbNpg/overlay/SelectedFactorCoherence.lean:72:43: error(lean.unknownIdentifier): Unknown identifier `C2Received`

Note: It is not possible to treat `C2Received` as an implicitly bound variable here because the `autoImplicit` option is set to `false`.
/home/dombarker/project-offloads/aspis-symbolic-ood.zZbNpg/overlay/SelectedFactorCoherence.lean:80:10: error(lean.unknownIdentifier): Unknown identifier `C1Received`

Note: It is not possible to treat `C1Received` as an implicitly bound variable here because the `autoImplicit` option is set to `false`.
/home/dombarker/project-offloads/aspis-symbolic-ood.zZbNpg/overlay/SelectedFactorCoherence.lean:80:28: error(lean.unknownIdentifier): Unknown identifier `C2Received`

Note: It is not possible to treat `C2Received` as an implicitly bound variable here because the `autoImplicit` option is set to `false`.
/home/dombarker/project-offloads/aspis-symbolic-ood.zZbNpg/overlay/SelectedFactorCoherence.lean:111:16: error: maximum recursion depth has been reached
use `set_option maxRecDepth <num>` to increase limit
use `set_option diagnostics true` to get diagnostic information
/home/dombarker/project-offloads/aspis-symbolic-ood.zZbNpg/overlay/SelectedFactorCoherence.lean:76:0: error: linter Lean.Linter.constructorNameAsVariable failed: maximum recursion depth has been reached
use `set_option maxRecDepth <num>` to increase limit
use `set_option diagnostics true` to get diagnostic information
/home/dombarker/project-offloads/aspis-symbolic-ood.zZbNpg/overlay/SelectedFactorCoherence.lean:99:8: warning: declaration uses `sorry`
'AspisV8.SelectedFactorCoherence.pointSubstitution_eq_gate' depends on axioms: [propext,
 sorryAx,
 Classical.choice,
 Quot.sound]
'AspisV8.SelectedFactorCoherence.derivativeCurve_eq_gate' depends on axioms: [propext,
 sorryAx,
 Classical.choice,
 Quot.sound]
'AspisV8.SelectedFactorCoherence.selected_fixed_factor' depends on axioms: [propext,
 sorryAx,
 Classical.choice,
 Quot.sound]
Command exited with non-zero status 1
	Command being timed: "/home/dombarker/.elan/toolchains/leanprover--lean4---v4.32.0/bin/lean -j1 -M9500 -R /home/dombarker/project-offloads/aspis-symbolic-ood.zZbNpg/overlay -o /home/dombarker/project-offloads/aspis-symbolic-ood.zZbNpg/overlay/SelectedFactorCoherence.olean /home/dombarker/project-offloads/aspis-symbolic-ood.zZbNpg/overlay/SelectedFactorCoherence.lean"
	User time (seconds): 2.60
	System time (seconds): 1.21
	Percent of CPU this job got: 100%
	Elapsed (wall clock) time (h:mm:ss or m:ss): 0:03.82
	Average shared text size (kbytes): 0
	Average unshared data size (kbytes): 0
	Average stack size (kbytes): 0
	Average total size (kbytes): 0
	Maximum resident set size (kbytes): 6832524
	Average resident set size (kbytes): 0
	Major (requiring I/O) page faults: 2
	Minor (reclaiming a frame) page faults: 142531
	Voluntary context switches: 693
	Involuntary context switches: 162
	Swaps: 0
	File system inputs: 264
	File system outputs: 0
	Socket messages sent: 0
	Socket messages received: 0
	Signals delivered: 0
	Page size (bytes): 4096
	Exit status: 1
LEAN_EXIT=1
