REMOTE_TASK=/home/dombarker/project-offloads/aspis-symbolic-ood.zZbNpg
TARGET=SelectedCopyLinkBalance
RESEARCH_PIN=f0f46ffede8812252ac7cee9edf5547f228533d5
BORROWED_SOURCE_PIN=26a9cd4718aae9f9de7ef1c3394fb74a229085d5
Lean (version 4.32.0, x86_64-unknown-linux-gnu, commit 8c9756b28d64dab099da31a4c09229a9e6a2ef35, Release)
8e7f3bee12e1588d04538e83f7d28bbff1eaad58f2bc9506531a4eda5506b517  /home/dombarker/project-offloads/aspis-symbolic-ood.zZbNpg/selected-copy-link-balance-nuc-v1-manifest.json
8a21376d89a4e70b278fcf3fc653d4b35b93d96f6444ab70b04930d3065cac9d  /home/dombarker/project-offloads/aspis-symbolic-ood.zZbNpg/overlay/SelectedCopyLinkBalance.lean
8a21376d89a4e70b278fcf3fc653d4b35b93d96f6444ab70b04930d3065cac9d  /home/dombarker/project-offloads/aspis-symbolic-ood.zZbNpg/selected-copy-link-balance-nuc-v1-source.txt
7ed329de2a9fa09f7c0d41589c3a466156081bf0d392357262883667388c80ad  /home/dombarker/project-offloads/aspis-symbolic-ood.zZbNpg/run_symbolic_ood_nuc.sh
OVERLAY_PROVENANCE_PASS=715
NATIVE_PACKAGE_CACHE_BOUNDARY=pinned revisions; not a replay of package compilation
CGROUP=/user.slice/user-1000.slice/user@1000.service/app.slice/aspis-symbolic-selected-copy-link-balance-nuc-v1.scope
memory.high=8589934592
memory.max=10737418240
memory.swap.max=0
cpu.max=200000 100000
COMMAND=/home/dombarker/.elan/toolchains/leanprover--lean4---v4.32.0/bin/lean -j1 -M9500 -R /home/dombarker/project-offloads/aspis-symbolic-ood.zZbNpg/overlay -o /home/dombarker/project-offloads/aspis-symbolic-ood.zZbNpg/overlay/SelectedCopyLinkBalance.olean /home/dombarker/project-offloads/aspis-symbolic-ood.zZbNpg/overlay/SelectedCopyLinkBalance.lean
/home/dombarker/project-offloads/aspis-symbolic-ood.zZbNpg/overlay/SelectedCopyLinkBalance.lean:30:2: error: maximum recursion depth has been reached
use `set_option maxRecDepth <num>` to increase limit
use `set_option diagnostics true` to get diagnostic information
/home/dombarker/project-offloads/aspis-symbolic-ood.zZbNpg/overlay/SelectedCopyLinkBalance.lean:34:2: error: maximum recursion depth has been reached
use `set_option maxRecDepth <num>` to increase limit
use `set_option diagnostics true` to get diagnostic information
/home/dombarker/project-offloads/aspis-symbolic-ood.zZbNpg/overlay/SelectedCopyLinkBalance.lean:78:2: error: unsolved goals
case neg
K : Type u_1
inst✝ : Field K
endpoint : Fin 136 → Endpoint
unique : Function.Injective fun index => placement (endpoint index)
value weight : Fin 136 → K
chi : K
row : Fin 1024
slot : Fin 2
occupied : ¬∃ index, (endpoint index).row = row ∧ (endpoint index).slot = slot
⊢ 0 = gather endpoint (fun index => weight index * (chi - value index)⁻¹) row slot
'AspisV8.SelectedCopyLinkBalance.producer_placement_injective' depends on axioms: [propext, sorryAx]
'AspisV8.SelectedCopyLinkBalance.consumer_placement_injective' depends on axioms: [propext, sorryAx]
'AspisV8.SelectedCopyLinkBalance.gather_at_placement' depends on axioms: [propext, Classical.choice, Quot.sound]
'AspisV8.SelectedCopyLinkBalance.gather_unoccupied' depends on axioms: [propext, Classical.choice, Quot.sound]
'AspisV8.SelectedCopyLinkBalance.weighted_slot_eq_gather' depends on axioms: [propext,
 sorryAx,
 Classical.choice,
 Quot.sound]
'AspisV8.SelectedCopyLinkBalance.sum_gather' depends on axioms: [propext, Classical.choice, Quot.sound]
'AspisV8.SelectedCopyLinkBalance.sum_weighted_slots' depends on axioms: [propext, sorryAx, Classical.choice, Quot.sound]
'AspisV8.SelectedCopyLinkBalance.linkBalance_eq_active' depends on axioms: [propext, Classical.choice, Quot.sound]
'AspisV8.SelectedCopyLinkBalance.source_rows_eq_link_balance' depends on axioms: [propext,
 sorryAx,
 Classical.choice,
 Quot.sound]
'AspisV8.SelectedCopyLinkBalance.source_active_links_zero' depends on axioms: [propext,
 sorryAx,
 Classical.choice,
 Quot.sound]
Command exited with non-zero status 1
	Command being timed: "/home/dombarker/.elan/toolchains/leanprover--lean4---v4.32.0/bin/lean -j1 -M9500 -R /home/dombarker/project-offloads/aspis-symbolic-ood.zZbNpg/overlay -o /home/dombarker/project-offloads/aspis-symbolic-ood.zZbNpg/overlay/SelectedCopyLinkBalance.olean /home/dombarker/project-offloads/aspis-symbolic-ood.zZbNpg/overlay/SelectedCopyLinkBalance.lean"
	User time (seconds): 0.68
	System time (seconds): 0.26
	Percent of CPU this job got: 100%
	Elapsed (wall clock) time (h:mm:ss or m:ss): 0:00.94
	Average shared text size (kbytes): 0
	Average unshared data size (kbytes): 0
	Average stack size (kbytes): 0
	Average total size (kbytes): 0
	Maximum resident set size (kbytes): 1729116
	Average resident set size (kbytes): 0
	Major (requiring I/O) page faults: 0
	Minor (reclaiming a frame) page faults: 40011
	Voluntary context switches: 472
	Involuntary context switches: 46
	Swaps: 0
	File system inputs: 0
	File system outputs: 0
	Socket messages sent: 0
	Socket messages received: 0
	Signals delivered: 0
	Page size (bytes): 4096
	Exit status: 1
LEAN_EXIT=1
