REMOTE_TASK=/home/dombarker/project-offloads/aspis-higher-y.fMoMeX
TARGET=SelectedSingularPairMass
RESEARCH_PIN=289d7356c78a4cd493fe61a54f9548f2a0c11298
BORROWED_SOURCE_PIN=26a9cd4718aae9f9de7ef1c3394fb74a229085d5
Lean (version 4.32.0, x86_64-unknown-linux-gnu, commit 8c9756b28d64dab099da31a4c09229a9e6a2ef35, Release)
0089d80eee37e9d4c983b1a1f9ddcf03d99b123000696eeaef42b6decc713d55  /home/dombarker/project-offloads/aspis-higher-y.fMoMeX/selected-singular-pair-mass-nuc-v10-manifest.json
f64abece8c41bd3e8972c279d9aec0541b0bbdd0b22ee752597cd7307c02cf5d  /home/dombarker/project-offloads/aspis-higher-y.fMoMeX/overlay/SelectedSingularPairMass.lean
f64abece8c41bd3e8972c279d9aec0541b0bbdd0b22ee752597cd7307c02cf5d  /home/dombarker/project-offloads/aspis-higher-y.fMoMeX/selected-singular-pair-mass-nuc-v10-source.txt
5780e61b4d286905ab912bb6ab8e103a20908f78c11bea415db40a5fad110e52  /home/dombarker/project-offloads/aspis-higher-y.fMoMeX/run_higher_y_nuc.sh
OVERLAY_PROVENANCE_PASS=947
NATIVE_PACKAGE_CACHE_BOUNDARY=pinned revisions; not a replay of package compilation
CGROUP=/user.slice/user-1000.slice/user@1000.service/app.slice/aspis-higher-y-selected-singular-pair-mass-nuc-v10.scope
memory.high=8589934592
memory.max=10737418240
memory.swap.max=0
cpu.max=200000 100000
COMMAND=/home/dombarker/.elan/toolchains/leanprover--lean4---v4.32.0/bin/lean -j1 -M9500 -R /home/dombarker/project-offloads/aspis-higher-y.fMoMeX/overlay -o /home/dombarker/project-offloads/aspis-higher-y.fMoMeX/overlay/SelectedSingularPairMass.olean /home/dombarker/project-offloads/aspis-higher-y.fMoMeX/overlay/SelectedSingularPairMass.lean
/home/dombarker/project-offloads/aspis-higher-y.fMoMeX/overlay/SelectedSingularPairMass.lean:48:8: error: maximum recursion depth has been reached
use `set_option maxRecDepth <num>` to increase limit
use `set_option diagnostics true` to get diagnostic information
/home/dombarker/project-offloads/aspis-higher-y.fMoMeX/overlay/SelectedSingularPairMass.lean:69:24: error: maximum recursion depth has been reached
use `set_option maxRecDepth <num>` to increase limit
use `set_option diagnostics true` to get diagnostic information
/home/dombarker/project-offloads/aspis-higher-y.fMoMeX/overlay/SelectedSingularPairMass.lean:54:0: error: linter Lean.Linter.constructorNameAsVariable failed: maximum recursion depth has been reached
use `set_option maxRecDepth <num>` to increase limit
use `set_option diagnostics true` to get diagnostic information
'AspisV8.SelectedSingularPairMass.admissibleRoots_card_le' depends on axioms: [propext, Classical.choice, Quot.sound]
'AspisV8.SelectedSingularPairMass.pair_mem_offDiag' depends on axioms: [propext, sorryAx, Classical.choice, Quot.sound]
'AspisV8.SelectedSingularPairMass.selected_pair_root_mass_le' depends on axioms: [propext,
 sorryAx,
 Classical.choice,
 Quot.sound]
'AspisV8.SelectedSingularPairMass.selected_pair_root_mass_numeric_le' depends on axioms: [propext,
 sorryAx,
 Classical.choice,
 Quot.sound]
Command exited with non-zero status 1
	Command being timed: "/home/dombarker/.elan/toolchains/leanprover--lean4---v4.32.0/bin/lean -j1 -M9500 -R /home/dombarker/project-offloads/aspis-higher-y.fMoMeX/overlay -o /home/dombarker/project-offloads/aspis-higher-y.fMoMeX/overlay/SelectedSingularPairMass.olean /home/dombarker/project-offloads/aspis-higher-y.fMoMeX/overlay/SelectedSingularPairMass.lean"
	User time (seconds): 1.81
	System time (seconds): 1.07
	Percent of CPU this job got: 99%
	Elapsed (wall clock) time (h:mm:ss or m:ss): 0:02.89
	Average shared text size (kbytes): 0
	Average unshared data size (kbytes): 0
	Average stack size (kbytes): 0
	Average total size (kbytes): 0
	Maximum resident set size (kbytes): 6839584
	Average resident set size (kbytes): 0
	Major (requiring I/O) page faults: 0
	Minor (reclaiming a frame) page faults: 153743
	Voluntary context switches: 323
	Involuntary context switches: 179
	Swaps: 0
	File system inputs: 0
	File system outputs: 0
	Socket messages sent: 0
	Socket messages received: 0
	Signals delivered: 0
	Page size (bytes): 4096
	Exit status: 1
LEAN_EXIT=1
