REMOTE_TASK=/home/dombarker/project-offloads/aspis-linear-factor.8SUGGL
TARGET=SelectedCopyAliasQM31
RESEARCH_PIN=6f1ebbe55fcc6fd008071329d5270aae0521cf9a
BORROWED_SOURCE_PIN=26a9cd4718aae9f9de7ef1c3394fb74a229085d5
Lean (version 4.32.0, x86_64-unknown-linux-gnu, commit 8c9756b28d64dab099da31a4c09229a9e6a2ef35, Release)
57bc6ef76d0649f4391d5a9ce3253ef5d8a2d3238fd0147d1606bcfd17de858a  /home/dombarker/project-offloads/aspis-linear-factor.8SUGGL/selected-copy-alias-qm31-nuc-v1-manifest.json
b1e7aed4a963932c2cd8765a4b7e3a98290244ddb320dfaed38a9484be0c620c  /home/dombarker/project-offloads/aspis-linear-factor.8SUGGL/overlay/SelectedCopyAliasQM31.lean
b1e7aed4a963932c2cd8765a4b7e3a98290244ddb320dfaed38a9484be0c620c  /home/dombarker/project-offloads/aspis-linear-factor.8SUGGL/selected-copy-alias-qm31-nuc-v1-source.txt
ff4db59289e0f873ab2892ebf6f8dcf294966ec42a457f3cff0c09bec01093bb  /home/dombarker/project-offloads/aspis-linear-factor.8SUGGL/run_linear_factor_nuc.sh
OVERLAY_PROVENANCE_PASS=743
NATIVE_PACKAGE_CACHE_BOUNDARY=pinned revisions; not a replay of package compilation
CGROUP=/user.slice/user-1000.slice/user@1000.service/app.slice/aspis-linear-selected-copy-alias-qm31-nuc-v1.scope
memory.high=8589934592
memory.max=10737418240
memory.swap.max=0
cpu.max=200000 100000
COMMAND=/home/dombarker/.elan/toolchains/leanprover--lean4---v4.32.0/bin/lean -j1 -M9500 -R /home/dombarker/project-offloads/aspis-linear-factor.8SUGGL/overlay -o /home/dombarker/project-offloads/aspis-linear-factor.8SUGGL/overlay/SelectedCopyAliasQM31.olean /home/dombarker/project-offloads/aspis-linear-factor.8SUGGL/overlay/SelectedCopyAliasQM31.lean
/home/dombarker/project-offloads/aspis-linear-factor.8SUGGL/overlay/SelectedCopyAliasQM31.lean:104:41: warning: Possibly looping simp theorem: `producer.eq_1`

Note: Possibly caused by: `sourceLinks` and `Fin.isValue`

Hint: You can disable a simp theorem from the default simp set by passing `- theoremName` to `simp`.
/home/dombarker/project-offloads/aspis-linear-factor.8SUGGL/overlay/SelectedCopyAliasQM31.lean:104:50: warning: Possibly looping simp theorem: `consumer.eq_1`

Note: Possibly caused by: `sourceLinks` and `Fin.isValue`

Hint: You can disable a simp theorem from the default simp set by passing `- theoremName` to `simp`.
/home/dombarker/project-offloads/aspis-linear-factor.8SUGGL/overlay/SelectedCopyAliasQM31.lean:104:59: warning: Possibly looping simp theorem: `sourceLinks.eq_1`

Note: Possibly caused by: `Fin.isValue`

Hint: You can disable a simp theorem from the default simp set by passing `- theoremName` to `simp`.
/home/dombarker/project-offloads/aspis-linear-factor.8SUGGL/overlay/SelectedCopyAliasQM31.lean:103:4: error: Tactic `simp` failed with a nested error:
maximum recursion depth has been reached
use `set_option maxRecDepth <num>` to increase limit
use `set_option diagnostics true` to get diagnostic information
'AspisV8.SelectedCopyAliasQM31.selectedTag_small' depends on axioms: [propext, Quot.sound]
'AspisV8.SelectedCopyAliasQM31.qm31_tag_injective' depends on axioms: [propext, Classical.choice, Quot.sound]
'AspisV8.SelectedCopyAliasQM31.qm31_small_casts' depends on axioms: [propext, Classical.choice, Quot.sound]
'AspisV8.SelectedCopyAliasQM31.active_count_le' depends on axioms: [propext, Classical.choice, Quot.sound]
'AspisV8.SelectedCopyAliasQM31.qm31_source_roots_or_aliases' depends on axioms: [propext, Classical.choice, Quot.sound]
'AspisV8.SelectedCopyAliasQM31.amount_link_lookup' depends on axioms: [propext, sorryAx, Classical.choice, Quot.sound]
'AspisV8.SelectedCopyAliasQM31.transfer_amount_aliases' depends on axioms: [propext,
 sorryAx,
 Classical.choice,
 Quot.sound]
Command exited with non-zero status 1
	Command being timed: "/home/dombarker/.elan/toolchains/leanprover--lean4---v4.32.0/bin/lean -j1 -M9500 -R /home/dombarker/project-offloads/aspis-linear-factor.8SUGGL/overlay -o /home/dombarker/project-offloads/aspis-linear-factor.8SUGGL/overlay/SelectedCopyAliasQM31.olean /home/dombarker/project-offloads/aspis-linear-factor.8SUGGL/overlay/SelectedCopyAliasQM31.lean"
	User time (seconds): 2.26
	System time (seconds): 1.05
	Percent of CPU this job got: 100%
	Elapsed (wall clock) time (h:mm:ss or m:ss): 0:03.31
	Average shared text size (kbytes): 0
	Average unshared data size (kbytes): 0
	Average stack size (kbytes): 0
	Average total size (kbytes): 0
	Maximum resident set size (kbytes): 6667476
	Average resident set size (kbytes): 0
	Major (requiring I/O) page faults: 0
	Minor (reclaiming a frame) page faults: 139785
	Voluntary context switches: 759
	Involuntary context switches: 186
	Swaps: 0
	File system inputs: 0
	File system outputs: 0
	Socket messages sent: 0
	Socket messages received: 0
	Signals delivered: 0
	Page size (bytes): 4096
	Exit status: 1
LEAN_EXIT=1
