REMOTE_TASK=/home/dombarker/project-offloads/aspis-higher-y.fMoMeX
TARGET=SelectedHigherYNoEarlySupport
RESEARCH_PIN=289d7356c78a4cd493fe61a54f9548f2a0c11298
BORROWED_SOURCE_PIN=26a9cd4718aae9f9de7ef1c3394fb74a229085d5
Lean (version 4.32.0, x86_64-unknown-linux-gnu, commit 8c9756b28d64dab099da31a4c09229a9e6a2ef35, Release)
5a136394268c00da85bbf7768e3bbf37fb3f233803521f4b1f879aab46950f52  /home/dombarker/project-offloads/aspis-higher-y.fMoMeX/selected-higher-y-no-early-support-nuc-v1-manifest.json
c46e1bd6966d79123e423af01b624fa390287237b1daac2c51a7bbf723141165  /home/dombarker/project-offloads/aspis-higher-y.fMoMeX/overlay/SelectedHigherYNoEarlySupport.lean
c46e1bd6966d79123e423af01b624fa390287237b1daac2c51a7bbf723141165  /home/dombarker/project-offloads/aspis-higher-y.fMoMeX/selected-higher-y-no-early-support-nuc-v1-source.txt
5780e61b4d286905ab912bb6ab8e103a20908f78c11bea415db40a5fad110e52  /home/dombarker/project-offloads/aspis-higher-y.fMoMeX/run_higher_y_nuc.sh
OVERLAY_PROVENANCE_PASS=973
NATIVE_PACKAGE_CACHE_BOUNDARY=pinned revisions; not a replay of package compilation
CGROUP=/user.slice/user-1000.slice/user@1000.service/app.slice/aspis-higher-y-selected-higher-y-no-early-support-nuc-v1.scope
memory.high=8589934592
memory.max=10737418240
memory.swap.max=0
cpu.max=200000 100000
COMMAND=/home/dombarker/.elan/toolchains/leanprover--lean4---v4.32.0/bin/lean -j1 -M9500 -R /home/dombarker/project-offloads/aspis-higher-y.fMoMeX/overlay -o /home/dombarker/project-offloads/aspis-higher-y.fMoMeX/overlay/SelectedHigherYNoEarlySupport.olean /home/dombarker/project-offloads/aspis-higher-y.fMoMeX/overlay/SelectedHigherYNoEarlySupport.lean
/home/dombarker/project-offloads/aspis-higher-y.fMoMeX/overlay/SelectedHigherYNoEarlySupport.lean:35:7: error(lean.unknownIdentifier): Unknown identifier `atGamma`

Note: It is not possible to treat `atGamma` as an implicitly bound variable here because the `autoImplicit` option is set to `false`.
/home/dombarker/project-offloads/aspis-higher-y.fMoMeX/overlay/SelectedHigherYNoEarlySupport.lean:35:39: error(lean.unknownIdentifier): Unknown identifier `atGamma`

Note: It is not possible to treat `atGamma` as an implicitly bound variable here because the `autoImplicit` option is set to `false`.
/home/dombarker/project-offloads/aspis-higher-y.fMoMeX/overlay/SelectedHigherYNoEarlySupport.lean:51:7: error(lean.unknownIdentifier): Unknown identifier `atGamma`

Note: It is not possible to treat `atGamma` as an implicitly bound variable here because the `autoImplicit` option is set to `false`.
/home/dombarker/project-offloads/aspis-higher-y.fMoMeX/overlay/SelectedHigherYNoEarlySupport.lean:51:39: error(lean.unknownIdentifier): Unknown identifier `atGamma`

Note: It is not possible to treat `atGamma` as an implicitly bound variable here because the `autoImplicit` option is set to `false`.
/home/dombarker/project-offloads/aspis-higher-y.fMoMeX/overlay/SelectedHigherYNoEarlySupport.lean:66:11: error(lean.unknownIdentifier): Unknown identifier `atGamma`

Note: It is not possible to treat `atGamma` as an implicitly bound variable here because the `autoImplicit` option is set to `false`.
/home/dombarker/project-offloads/aspis-higher-y.fMoMeX/overlay/SelectedHigherYNoEarlySupport.lean:66:43: error(lean.unknownIdentifier): Unknown identifier `atGamma`

Note: It is not possible to treat `atGamma` as an implicitly bound variable here because the `autoImplicit` option is set to `false`.
'AspisV8.SelectedHigherYNoEarlySupport.large_support_mem_good' depends on axioms: [propext,
 sorryAx,
 Classical.choice,
 Quot.sound]
'AspisV8.SelectedHigherYNoEarlySupport.outside_good_support_cap' depends on axioms: [propext,
 sorryAx,
 Classical.choice,
 Quot.sound]
'AspisV8.SelectedHigherYNoEarlySupport.no_early_support_cover' depends on axioms: [propext,
 sorryAx,
 Classical.choice,
 Quot.sound]
Command exited with non-zero status 1
	Command being timed: "/home/dombarker/.elan/toolchains/leanprover--lean4---v4.32.0/bin/lean -j1 -M9500 -R /home/dombarker/project-offloads/aspis-higher-y.fMoMeX/overlay -o /home/dombarker/project-offloads/aspis-higher-y.fMoMeX/overlay/SelectedHigherYNoEarlySupport.olean /home/dombarker/project-offloads/aspis-higher-y.fMoMeX/overlay/SelectedHigherYNoEarlySupport.lean"
	User time (seconds): 2.54
	System time (seconds): 1.06
	Percent of CPU this job got: 99%
	Elapsed (wall clock) time (h:mm:ss or m:ss): 0:03.61
	Average shared text size (kbytes): 0
	Average unshared data size (kbytes): 0
	Average stack size (kbytes): 0
	Average total size (kbytes): 0
	Maximum resident set size (kbytes): 6831640
	Average resident set size (kbytes): 0
	Major (requiring I/O) page faults: 0
	Minor (reclaiming a frame) page faults: 141878
	Voluntary context switches: 207
	Involuntary context switches: 170
	Swaps: 0
	File system inputs: 0
	File system outputs: 0
	Socket messages sent: 0
	Socket messages received: 0
	Signals delivered: 0
	Page size (bytes): 4096
	Exit status: 1
LEAN_EXIT=1
