81cec5786c2492ce0c113d492083653de89dda519a0d0fb423980154d170971b  /Users/dominic/ZK/.worktrees/ZK-v8-no-work-100-20260907/docs/research/v8-no-work-100-20260907/experiments/SemanticBoundary.lean
5853394263e336cc2cddfd860ca7e157acb207b08deed3fe20669946ae62718d  /Users/dominic/ZK/.worktrees/ZK-v8-no-work-100-20260907/docs/research/v8-no-work-100-20260907/experiments/AffinePrimal.lean
e788b85338eb0a5e8e388cad6cbe5309f3475181439f46d3889bdfea22de1f74  /Users/dominic/ZK/.worktrees/ZK-v8-no-work-100-20260907/docs/research/v8-no-work-100-20260907/experiments/AffinePrimal.olean
55ee2345729e8a4d379de3bce14ea18b14fbfdc259cf2653fadf4bf3a46876d8  /Users/dominic/ZK/AspisFormal/.lake/packages/mathlib/.lake/build/lib/lean/Mathlib/Tactic.olean
/Users/dominic/ZK/.worktrees/ZK-v8-no-work-100-20260907/docs/research/v8-no-work-100-20260907/experiments/SemanticBoundary.lean:43:58: error: unsolved goals
xs : List ℕ
⊢ (List.map Nat.cast xs).sum = (List.flatMap (fun a => [↑a]) xs).sum
'AspisV8.SemanticBoundary.sum_range' depends on axioms: [propext, Classical.choice, Quot.sound]
'AspisV8.SemanticBoundary.tail_prefix' depends on axioms: [propext, Classical.choice, Quot.sound]
'AspisV8.SemanticBoundary.subtract_ranges' depends on axioms: [propext, Classical.choice, Quot.sound]
'AspisV8.SemanticBoundary.literal_wrapping' depends on axioms: [propext, Classical.choice, Quot.sound]
'AspisV8.SemanticBoundary.reduced_result' depends on axioms: [propext, Classical.choice, Quot.sound]
'AspisV8.SemanticBoundary.actual_boundary' depends on axioms: [propext, Classical.choice, Quot.sound]
'AspisV8.SemanticBoundary.list_cast' depends on axioms: [propext, sorryAx, Quot.sound]
'AspisV8.SemanticBoundary.missing_from_terms' depends on axioms: [propext, sorryAx, Classical.choice, Quot.sound]
        2.27 real         1.39 user         0.78 sys
          2855550976  maximum resident set size
                   0  average shared memory size
                   0  average unshared data size
                   0  average unshared stack size
              222219  page reclaims
                6104  page faults
                   0  swaps
                   0  block input operations
                   0  block output operations
                   0  messages sent
                   0  messages received
                   0  signals received
                 854  voluntary context switches
                9083  involuntary context switches
         22056513184  instructions retired
          8137925063  cycles elapsed
           491491368  peak memory footprint
