7ebf0342663458fe7a6bca1302a3f58ca073e4e5b095a49e144e6ca5d8ddc4dd  /Users/dominic/ZK/.worktrees/ZK-v8-no-work-100-20260907/docs/research/v8-no-work-100-20260907/experiments/SemanticBoundary.lean
5853394263e336cc2cddfd860ca7e157acb207b08deed3fe20669946ae62718d  /Users/dominic/ZK/.worktrees/ZK-v8-no-work-100-20260907/docs/research/v8-no-work-100-20260907/experiments/AffinePrimal.lean
e788b85338eb0a5e8e388cad6cbe5309f3475181439f46d3889bdfea22de1f74  /Users/dominic/ZK/.worktrees/ZK-v8-no-work-100-20260907/docs/research/v8-no-work-100-20260907/experiments/AffinePrimal.olean
55ee2345729e8a4d379de3bce14ea18b14fbfdc259cf2653fadf4bf3a46876d8  /Users/dominic/ZK/AspisFormal/.lake/packages/mathlib/.lake/build/lib/lean/Mathlib/Tactic.olean
'AspisV8.SemanticBoundary.sum_range' depends on axioms: [propext, Classical.choice, Quot.sound]
'AspisV8.SemanticBoundary.tail_prefix' depends on axioms: [propext, Classical.choice, Quot.sound]
'AspisV8.SemanticBoundary.subtract_ranges' depends on axioms: [propext, Classical.choice, Quot.sound]
'AspisV8.SemanticBoundary.literal_wrapping' depends on axioms: [propext, Classical.choice, Quot.sound]
'AspisV8.SemanticBoundary.reduced_result' depends on axioms: [propext, Classical.choice, Quot.sound]
'AspisV8.SemanticBoundary.actual_boundary' depends on axioms: [propext, Classical.choice, Quot.sound]
'AspisV8.SemanticBoundary.list_cast' depends on axioms: [propext, Quot.sound]
'AspisV8.SemanticBoundary.missing_from_terms' depends on axioms: [propext, Classical.choice, Quot.sound]
        9.65 real         1.48 user         1.33 sys
          2901803008  maximum resident set size
                   0  average shared memory size
                   0  average unshared data size
                   0  average unshared stack size
              141347  page reclaims
               91103  page faults
                   0  swaps
                   0  block input operations
                   0  block output operations
                   0  messages sent
                   0  messages received
                   0  signals received
               11848  voluntary context switches
               72233  involuntary context switches
         27039305879  instructions retired
         10526431411  cycles elapsed
           505810984  peak memory footprint
d6f2c51b366a2785cd93fe493c2ff0dc5ddf0cafaa62cf92d75acdb530ef8e3e  /Users/dominic/ZK/.worktrees/ZK-v8-no-work-100-20260907/docs/research/v8-no-work-100-20260907/experiments/SemanticBoundary.olean
