be975aa4fa3f7d79c002186a783d27aeb0800a1474e442ecd1b3ec37cd9ea5a0  /Users/dominic/ZK/.worktrees/ZK-v8-no-work-100-20260907/docs/research/v8-no-work-100-20260907/experiments/SharedGammaDots.lean
717b4bfcef6e1517780f1052d6961c7c0c02809c247606c92262b30916177d54  /Users/dominic/ZK/.worktrees/ZK-v8-no-work-100-20260907/docs/research/v8-no-work-100-20260907/experiments/SemanticCarry.lean
f90b84321f2ca2620a6963fa362af7521485bf0ced54109e084f58c05ce13ea2  /Users/dominic/ZK/.worktrees/ZK-v8-no-work-100-20260907/docs/research/v8-no-work-100-20260907/experiments/SemanticCarry.olean
cb06024066b66778a8e3de356871d4766ce2d6b17a7b698890195f8a9329f409  /Users/dominic/ZK/.worktrees/ZK-v8-no-work-100-20260907/docs/research/v8-no-work-100-20260907/experiments/QmCrossRange.lean
55ee2345729e8a4d379de3bce14ea18b14fbfdc259cf2653fadf4bf3a46876d8  /Users/dominic/ZK/AspisFormal/.lake/packages/mathlib/.lake/build/lib/lean/Mathlib/Tactic.olean
b305936b5137a85f5015d363bcb0d416a2de9e4da2ba3d4d4453ec589718f064  /Users/dominic/ZK/.worktrees/ZK-v8-no-work-100-20260907/docs/research/v8-no-work-100-20260907/experiments/QmCrossRange.olean
'AspisV8.SharedGammaDots.four_product_prefix' depends on axioms: [propext, Classical.choice, Quot.sound]
'AspisV8.SharedGammaDots.outer_prefix' depends on axioms: [propext, Classical.choice, Quot.sound]
'AspisV8.SharedGammaDots.partial_cast' depends on axioms: [propext, Quot.sound]
'AspisV8.SharedGammaDots.cast_partial_add' depends on axioms: [propext, Quot.sound]
'AspisV8.SharedGammaDots.outer_cast' depends on axioms: [propext, Quot.sound]
'AspisV8.SharedGammaDots.groups_reconstruct' depends on axioms: [propext, Classical.choice, Quot.sound]
'AspisV8.SharedGammaDots.structural_unit' depends on axioms: [propext, Classical.choice, Quot.sound]
'AspisV8.SharedGammaDots.grouping' depends on axioms: [propext, Classical.choice, Quot.sound]
'AspisV8.SharedGammaDots.source_indices' depends on axioms: [propext, Classical.choice, Quot.sound]
'AspisV8.SharedGammaDots.canonical_parts' depends on axioms: [propext, Classical.choice, Quot.sound]
'AspisV8.SharedGammaDots.raw_product_cast' depends on axioms: [propext, Classical.choice, Quot.sound]
'AspisV8.SharedGammaDots.cast_raw_fold' depends on axioms: [propext, Classical.choice, Quot.sound]
'AspisV8.SharedGammaDots.fold_seed' depends on axioms: [propext]
'AspisV8.SharedGammaDots.one_group' depends on axioms: [propext, Classical.choice, Quot.sound]
'AspisV8.SharedGammaDots.kernel_result' depends on axioms: [propext, Classical.choice, Quot.sound]
        1.85 real         1.89 user         0.79 sys
          2908192768  maximum resident set size
                   0  average shared memory size
                   0  average unshared data size
                   0  average unshared stack size
              232491  page reclaims
                  97  page faults
                   0  swaps
                   0  block input operations
                   0  block output operations
                   0  messages sent
                   0  messages received
                   0  signals received
                   0  voluntary context switches
               10872  involuntary context switches
         25914701291  instructions retired
          9969542268  cycles elapsed
           494702632  peak memory footprint
bbd233019d79bc1fe55ef714840f6ba9a27814b48ca75d9d66f76fd3782fdc35  /Users/dominic/ZK/.worktrees/ZK-v8-no-work-100-20260907/docs/research/v8-no-work-100-20260907/experiments/SharedGammaDots.olean
