REMOTE_TASK=/home/dombarker/project-offloads/aspis-higher-y.fMoMeX
TARGET=SingularOODFamily
RESEARCH_PIN=289d7356c78a4cd493fe61a54f9548f2a0c11298
BORROWED_SOURCE_PIN=26a9cd4718aae9f9de7ef1c3394fb74a229085d5
Lean (version 4.32.0, x86_64-unknown-linux-gnu, commit 8c9756b28d64dab099da31a4c09229a9e6a2ef35, Release)
6d845dcad3c5722457b7ed7d3a18ee0e3c5267a19732dda406111463daad2d22  /home/dombarker/project-offloads/aspis-higher-y.fMoMeX/singular-ood-family-nuc-v3-manifest.json
cd082283d5bc55a63767907f1500ac222df589390dc6de1b344de189dbdba0f1  /home/dombarker/project-offloads/aspis-higher-y.fMoMeX/overlay/SingularOODFamily.lean
cd082283d5bc55a63767907f1500ac222df589390dc6de1b344de189dbdba0f1  /home/dombarker/project-offloads/aspis-higher-y.fMoMeX/singular-ood-family-nuc-v3-source.txt
5780e61b4d286905ab912bb6ab8e103a20908f78c11bea415db40a5fad110e52  /home/dombarker/project-offloads/aspis-higher-y.fMoMeX/run_higher_y_nuc.sh
OVERLAY_PROVENANCE_PASS=919
NATIVE_PACKAGE_CACHE_BOUNDARY=pinned revisions; not a replay of package compilation
CGROUP=/user.slice/user-1000.slice/user@1000.service/app.slice/aspis-higher-y-singular-ood-family-nuc-v3.scope
memory.high=8589934592
memory.max=10737418240
memory.swap.max=0
cpu.max=200000 100000
COMMAND=/home/dombarker/.elan/toolchains/leanprover--lean4---v4.32.0/bin/lean -j1 -M9500 -R /home/dombarker/project-offloads/aspis-higher-y.fMoMeX/overlay -o /home/dombarker/project-offloads/aspis-higher-y.fMoMeX/overlay/SingularOODFamily.olean /home/dombarker/project-offloads/aspis-higher-y.fMoMeX/overlay/SingularOODFamily.lean
/home/dombarker/project-offloads/aspis-higher-y.fMoMeX/overlay/SingularOODFamily.lean:116:29: error: synthesized type class instance is not definitionally equal to expression inferred by typing rules, synthesized
  fun a => Nat.decLe 3 (natDegree a)
inferred
  fun F => decision (3 ≤ natDegree F)
/home/dombarker/project-offloads/aspis-higher-y.fMoMeX/overlay/SingularOODFamily.lean:118:20: error: synthesized type class instance is not definitionally equal to expression inferred by typing rules, synthesized
  fun a => Nat.decLe 3 (natDegree a)
inferred
  fun F => decision (3 ≤ natDegree F)
/home/dombarker/project-offloads/aspis-higher-y.fMoMeX/overlay/SingularOODFamily.lean:127:31: error: synthesized type class instance is not definitionally equal to expression inferred by typing rules, synthesized
  fun a => Nat.decLe 3 (natDegree a)
inferred
  fun F => decision (3 ≤ natDegree F)
/home/dombarker/project-offloads/aspis-higher-y.fMoMeX/overlay/SingularOODFamily.lean:214:29: error: synthesized type class instance is not definitionally equal to expression inferred by typing rules, synthesized
  fun a => Nat.decLe 3 (natDegree a)
inferred
  fun F => decision (3 ≤ natDegree F)
'AspisV8.SingularOODFamily.positive_weight' depends on axioms: [propext, Classical.choice, Quot.sound]
'AspisV8.SingularOODFamily.parent_obstruction_nonzero' depends on axioms: [propext, Classical.choice, Quot.sound]
'AspisV8.SingularOODFamily.parent_obstruction_degree' depends on axioms: [propext, Classical.choice, Quot.sound]
'AspisV8.SingularOODFamily.retained_derivative_cover' depends on axioms: [propext, Classical.choice, Quot.sound]
'AspisV8.SingularOODFamily.singular_count_or' depends on axioms: [propext, Classical.choice, Quot.sound]
'AspisV8.SingularOODFamily.exactV7_parent_obstruction_nonzero' depends on axioms: [propext,
 Classical.choice,
 Quot.sound]
'AspisV8.SingularOODFamily.exactV7_fixed_cover' depends on axioms: [propext, Classical.choice, Quot.sound]
Command exited with non-zero status 1
	Command being timed: "/home/dombarker/.elan/toolchains/leanprover--lean4---v4.32.0/bin/lean -j1 -M9500 -R /home/dombarker/project-offloads/aspis-higher-y.fMoMeX/overlay -o /home/dombarker/project-offloads/aspis-higher-y.fMoMeX/overlay/SingularOODFamily.olean /home/dombarker/project-offloads/aspis-higher-y.fMoMeX/overlay/SingularOODFamily.lean"
	User time (seconds): 2.20
	System time (seconds): 1.04
	Percent of CPU this job got: 100%
	Elapsed (wall clock) time (h:mm:ss or m:ss): 0:03.25
	Average shared text size (kbytes): 0
	Average unshared data size (kbytes): 0
	Average stack size (kbytes): 0
	Average total size (kbytes): 0
	Maximum resident set size (kbytes): 6810024
	Average resident set size (kbytes): 0
	Major (requiring I/O) page faults: 0
	Minor (reclaiming a frame) page faults: 141632
	Voluntary context switches: 773
	Involuntary context switches: 138
	Swaps: 0
	File system inputs: 0
	File system outputs: 0
	Socket messages sent: 0
	Socket messages received: 0
	Signals delivered: 0
	Page size (bytes): 4096
	Exit status: 1
LEAN_EXIT=1
