REMOTE_TASK=/home/dombarker/project-offloads/aspis-higher-y.fMoMeX
TARGET=SingularOODFamily
RESEARCH_PIN=289d7356c78a4cd493fe61a54f9548f2a0c11298
BORROWED_SOURCE_PIN=26a9cd4718aae9f9de7ef1c3394fb74a229085d5
Lean (version 4.32.0, x86_64-unknown-linux-gnu, commit 8c9756b28d64dab099da31a4c09229a9e6a2ef35, Release)
73459ab77af4c0bb648ff1492292044e1a961ad034b3b548e84b3db9804f8f0b  /home/dombarker/project-offloads/aspis-higher-y.fMoMeX/singular-ood-family-nuc-v4-manifest.json
7b143fd57b39c35e17e4b21ca61adb0fde7e37f916cc0d4c4801494bb8cf1d75  /home/dombarker/project-offloads/aspis-higher-y.fMoMeX/overlay/SingularOODFamily.lean
7b143fd57b39c35e17e4b21ca61adb0fde7e37f916cc0d4c4801494bb8cf1d75  /home/dombarker/project-offloads/aspis-higher-y.fMoMeX/singular-ood-family-nuc-v4-source.txt
5780e61b4d286905ab912bb6ab8e103a20908f78c11bea415db40a5fad110e52  /home/dombarker/project-offloads/aspis-higher-y.fMoMeX/run_higher_y_nuc.sh
OVERLAY_PROVENANCE_PASS=919
NATIVE_PACKAGE_CACHE_BOUNDARY=pinned revisions; not a replay of package compilation
CGROUP=/user.slice/user-1000.slice/user@1000.service/app.slice/aspis-higher-y-singular-ood-family-nuc-v4.scope
memory.high=8589934592
memory.max=10737418240
memory.swap.max=0
cpu.max=200000 100000
COMMAND=/home/dombarker/.elan/toolchains/leanprover--lean4---v4.32.0/bin/lean -j1 -M9500 -R /home/dombarker/project-offloads/aspis-higher-y.fMoMeX/overlay -o /home/dombarker/project-offloads/aspis-higher-y.fMoMeX/overlay/SingularOODFamily.olean /home/dombarker/project-offloads/aspis-higher-y.fMoMeX/overlay/SingularOODFamily.lean
/home/dombarker/project-offloads/aspis-higher-y.fMoMeX/overlay/SingularOODFamily.lean:205:55: error(lean.synthInstanceFailed): failed to synthesize instance of type class
  DecidablePred fun gamma =>
    ∃ F ∈ higherFactors P,
      Retained points answers F ∧ ∀ (r : Fin 2), eval gamma (derivativeCurve F (points r) (answers r)) = 0

Hint: Type class instance resolution failures can be inspected with the `set_option trace.Meta.synthInstance true` command.
'AspisV8.SingularOODFamily.positive_weight' depends on axioms: [propext, Classical.choice, Quot.sound]
'AspisV8.SingularOODFamily.parent_obstruction_nonzero' depends on axioms: [propext, Classical.choice, Quot.sound]
'AspisV8.SingularOODFamily.parent_obstruction_degree' depends on axioms: [propext, Classical.choice, Quot.sound]
'AspisV8.SingularOODFamily.retained_derivative_cover' depends on axioms: [propext, Classical.choice, Quot.sound]
'AspisV8.SingularOODFamily.singular_count_or' depends on axioms: [propext, Classical.choice, Quot.sound]
'AspisV8.SingularOODFamily.exactV7_parent_obstruction_nonzero' depends on axioms: [propext,
 Classical.choice,
 Quot.sound]
'AspisV8.SingularOODFamily.exactV7_fixed_cover' depends on axioms: [propext, Classical.choice, Quot.sound]
Command exited with non-zero status 1
	Command being timed: "/home/dombarker/.elan/toolchains/leanprover--lean4---v4.32.0/bin/lean -j1 -M9500 -R /home/dombarker/project-offloads/aspis-higher-y.fMoMeX/overlay -o /home/dombarker/project-offloads/aspis-higher-y.fMoMeX/overlay/SingularOODFamily.olean /home/dombarker/project-offloads/aspis-higher-y.fMoMeX/overlay/SingularOODFamily.lean"
	User time (seconds): 2.23
	System time (seconds): 1.04
	Percent of CPU this job got: 99%
	Elapsed (wall clock) time (h:mm:ss or m:ss): 0:03.28
	Average shared text size (kbytes): 0
	Average unshared data size (kbytes): 0
	Average stack size (kbytes): 0
	Average total size (kbytes): 0
	Maximum resident set size (kbytes): 6809980
	Average resident set size (kbytes): 0
	Major (requiring I/O) page faults: 0
	Minor (reclaiming a frame) page faults: 141869
	Voluntary context switches: 749
	Involuntary context switches: 127
	Swaps: 0
	File system inputs: 0
	File system outputs: 0
	Socket messages sent: 0
	Socket messages received: 0
	Signals delivered: 0
	Page size (bytes): 4096
	Exit status: 1
LEAN_EXIT=1
