REMOTE_TASK=/home/dombarker/project-offloads/aspis-higher-y.fMoMeX
TARGET=SupportQualifiedRootIncidence
RESEARCH_PIN=289d7356c78a4cd493fe61a54f9548f2a0c11298
BORROWED_SOURCE_PIN=26a9cd4718aae9f9de7ef1c3394fb74a229085d5
Lean (version 4.32.0, x86_64-unknown-linux-gnu, commit 8c9756b28d64dab099da31a4c09229a9e6a2ef35, Release)
c0d6287ab4ae34011752c27385fddca1e1c41e815e1cc5b15e40c07a8f4ec3d0  /home/dombarker/project-offloads/aspis-higher-y.fMoMeX/support-qualified-root-incidence-nuc-v2-manifest.json
369b651e5975c59b3cd7222dc36c73c940ba025f144b8d276f90099f475efcb4  /home/dombarker/project-offloads/aspis-higher-y.fMoMeX/overlay/SupportQualifiedRootIncidence.lean
369b651e5975c59b3cd7222dc36c73c940ba025f144b8d276f90099f475efcb4  /home/dombarker/project-offloads/aspis-higher-y.fMoMeX/support-qualified-root-incidence-nuc-v2-source.txt
5780e61b4d286905ab912bb6ab8e103a20908f78c11bea415db40a5fad110e52  /home/dombarker/project-offloads/aspis-higher-y.fMoMeX/run_higher_y_nuc.sh
OVERLAY_PROVENANCE_PASS=893
NATIVE_PACKAGE_CACHE_BOUNDARY=pinned revisions; not a replay of package compilation
CGROUP=/user.slice/user-1000.slice/user@1000.service/app.slice/aspis-higher-y-support-qualified-root-incidence-nuc-v2.scope
memory.high=8589934592
memory.max=10737418240
memory.swap.max=0
cpu.max=200000 100000
COMMAND=/home/dombarker/.elan/toolchains/leanprover--lean4---v4.32.0/bin/lean -j1 -M9500 -R /home/dombarker/project-offloads/aspis-higher-y.fMoMeX/overlay -o /home/dombarker/project-offloads/aspis-higher-y.fMoMeX/overlay/SupportQualifiedRootIncidence.olean /home/dombarker/project-offloads/aspis-higher-y.fMoMeX/overlay/SupportQualifiedRootIncidence.lean
/home/dombarker/project-offloads/aspis-higher-y.fMoMeX/overlay/SupportQualifiedRootIncidence.lean:26:0: warning: automatically included section variable(s) unused in theorem `AspisV8.SupportQualifiedRootIncidence.adaptive_support_bound`:
  [DecidableEq J]
consider restructuring your `variable` declarations so that the variables are not in scope or explicitly omit them:
  omit [DecidableEq J] in theorem ...

Note: This linter can be disabled with `set_option linter.unusedSectionVars false`
'AspisV8.SupportQualifiedRootIncidence.adaptive_support_bound' depends on axioms: [propext,
 Classical.choice,
 Quot.sound]
'AspisV8.SupportQualifiedRootIncidence.adaptive_support_additive' depends on axioms: [propext,
 Classical.choice,
 Quot.sound]
'AspisV8.SupportQualifiedRootIncidence.adaptive_polynomial_bound' depends on axioms: [propext,
 Classical.choice,
 Quot.sound]
'AspisV8.SupportQualifiedRootIncidence.qualifying_gammas_bound' depends on axioms: [propext,
 Classical.choice,
 Quot.sound]
'AspisV8.SupportQualifiedRootIncidence.degree84_card_le_2303' depends on axioms: [propext, Classical.choice, Quot.sound]
	Command being timed: "/home/dombarker/.elan/toolchains/leanprover--lean4---v4.32.0/bin/lean -j1 -M9500 -R /home/dombarker/project-offloads/aspis-higher-y.fMoMeX/overlay -o /home/dombarker/project-offloads/aspis-higher-y.fMoMeX/overlay/SupportQualifiedRootIncidence.olean /home/dombarker/project-offloads/aspis-higher-y.fMoMeX/overlay/SupportQualifiedRootIncidence.lean"
	User time (seconds): 1.88
	System time (seconds): 1.06
	Percent of CPU this job got: 99%
	Elapsed (wall clock) time (h:mm:ss or m:ss): 0:02.94
	Average shared text size (kbytes): 0
	Average unshared data size (kbytes): 0
	Average stack size (kbytes): 0
	Average total size (kbytes): 0
	Maximum resident set size (kbytes): 6683348
	Average resident set size (kbytes): 0
	Major (requiring I/O) page faults: 0
	Minor (reclaiming a frame) page faults: 139346
	Voluntary context switches: 312
	Involuntary context switches: 162
	Swaps: 0
	File system inputs: 0
	File system outputs: 376
	Socket messages sent: 0
	Socket messages received: 0
	Signals delivered: 0
	Page size (bytes): 4096
	Exit status: 0
LEAN_EXIT=0
9a48e2a85c1f460c2f712a25f9eeff954debfece51a6cafde5d416dfd5608644  /home/dombarker/project-offloads/aspis-higher-y.fMoMeX/overlay/SupportQualifiedRootIncidence.olean
OVERLAY_PROVENANCE_PASS=893
NATIVE_PACKAGE_CACHE_BOUNDARY=pinned revisions; not a replay of package compilation
PROVENANCE_UNCHANGED=true
