REMOTE_TASK=/home/dombarker/project-offloads/aspis-higher-y.fMoMeX
TARGET=SupportQualifiedRootIncidence
RESEARCH_PIN=289d7356c78a4cd493fe61a54f9548f2a0c11298
BORROWED_SOURCE_PIN=26a9cd4718aae9f9de7ef1c3394fb74a229085d5
Lean (version 4.32.0, x86_64-unknown-linux-gnu, commit 8c9756b28d64dab099da31a4c09229a9e6a2ef35, Release)
6c87738458fb31a63309265e5f088d64b8322e5e6efd908ab764034b4d768f2e  /home/dombarker/project-offloads/aspis-higher-y.fMoMeX/support-qualified-root-incidence-nuc-v1-manifest.json
cca45565b97538f18dcc86504cd2617faae3bd674f5991afd2b4a60f71cc4e0f  /home/dombarker/project-offloads/aspis-higher-y.fMoMeX/overlay/SupportQualifiedRootIncidence.lean
cca45565b97538f18dcc86504cd2617faae3bd674f5991afd2b4a60f71cc4e0f  /home/dombarker/project-offloads/aspis-higher-y.fMoMeX/support-qualified-root-incidence-nuc-v1-source.txt
5780e61b4d286905ab912bb6ab8e103a20908f78c11bea415db40a5fad110e52  /home/dombarker/project-offloads/aspis-higher-y.fMoMeX/run_higher_y_nuc.sh
OVERLAY_PROVENANCE_PASS=893
NATIVE_PACKAGE_CACHE_BOUNDARY=pinned revisions; not a replay of package compilation
CGROUP=/user.slice/user-1000.slice/user@1000.service/app.slice/aspis-higher-y-support-qualified-root-incidence-nuc-v1.scope
memory.high=8589934592
memory.max=10737418240
memory.swap.max=0
cpu.max=200000 100000
COMMAND=/home/dombarker/.elan/toolchains/leanprover--lean4---v4.32.0/bin/lean -j1 -M9500 -R /home/dombarker/project-offloads/aspis-higher-y.fMoMeX/overlay -o /home/dombarker/project-offloads/aspis-higher-y.fMoMeX/overlay/SupportQualifiedRootIncidence.olean /home/dombarker/project-offloads/aspis-higher-y.fMoMeX/overlay/SupportQualifiedRootIncidence.lean
/home/dombarker/project-offloads/aspis-higher-y.fMoMeX/overlay/SupportQualifiedRootIncidence.lean:38:34: error: unsolved goals
I : Type u_1
J : Type u_2
inst✝¹ : DecidableEq I
inst✝ : DecidableEq J
D C : Finset I
G : Finset J
S : J → Finset I
a W : ℕ
subset : C ⊆ D
inside : ∀ g ∈ G, S g ⊆ D
large : ∀ g ∈ G, a ≤ #(S g)
loads : ∀ i ∈ D \ C, #({g ∈ G | i ∈ S g}) ≤ W
double : ∑ g ∈ G, #({i ∈ D \ C | i ∈ S g}) = ∑ i ∈ D \ C, #({g ∈ G | i ∈ S g})
⊢ #G * (a - #C) = #G * a - #C
/home/dombarker/project-offloads/aspis-higher-y.fMoMeX/overlay/SupportQualifiedRootIncidence.lean:47:12: error: Tactic `rewrite` failed: Did not find an occurrence of the pattern
  {i ∈ D \ C | i ∈ S g}
in the target expression
  ?m.153 g ≤ ?m.154 g

I : Type u_1
J : Type u_2
inst✝¹ : DecidableEq I
inst✝ : DecidableEq J
D C : Finset I
G : Finset J
S : J → Finset I
a W : ℕ
subset : C ⊆ D
inside : ∀ g ∈ G, S g ⊆ D
large : ∀ g ∈ G, a ≤ #(S g)
loads : ∀ i ∈ D \ C, #({g ∈ G | i ∈ S g}) ≤ W
double : ∑ g ∈ G, #({i ∈ D \ C | i ∈ S g}) = ∑ i ∈ D \ C, #({g ∈ G | i ∈ S g})
g : J
hg : g ∈ G
equal : {i ∈ D \ C | i ∈ S g} = S g \ C
⊢ ?m.153 g ≤ ?m.154 g
/home/dombarker/project-offloads/aspis-higher-y.fMoMeX/overlay/SupportQualifiedRootIncidence.lean:78:4: error(lean.dependsOnNoncomputable): failed to compile definition, consider marking it as 'noncomputable' because it depends on 'instZero', which is 'noncomputable'
'AspisV8.SupportQualifiedRootIncidence.adaptive_support_bound' depends on axioms: [propext,
 sorryAx,
 Classical.choice,
 Quot.sound]
'AspisV8.SupportQualifiedRootIncidence.adaptive_support_additive' depends on axioms: [propext,
 sorryAx,
 Classical.choice,
 Quot.sound]
'AspisV8.SupportQualifiedRootIncidence.adaptive_polynomial_bound' depends on axioms: [propext,
 sorryAx,
 Classical.choice,
 Quot.sound]
'AspisV8.SupportQualifiedRootIncidence.qualifying_gammas_bound' depends on axioms: [propext,
 sorryAx,
 Classical.choice,
 Quot.sound]
'AspisV8.SupportQualifiedRootIncidence.degree84_card_le_2303' depends on axioms: [propext,
 sorryAx,
 Classical.choice,
 Quot.sound]
Command exited with non-zero status 1
	Command being timed: "/home/dombarker/.elan/toolchains/leanprover--lean4---v4.32.0/bin/lean -j1 -M9500 -R /home/dombarker/project-offloads/aspis-higher-y.fMoMeX/overlay -o /home/dombarker/project-offloads/aspis-higher-y.fMoMeX/overlay/SupportQualifiedRootIncidence.olean /home/dombarker/project-offloads/aspis-higher-y.fMoMeX/overlay/SupportQualifiedRootIncidence.lean"
	User time (seconds): 1.73
	System time (seconds): 1.03
	Percent of CPU this job got: 99%
	Elapsed (wall clock) time (h:mm:ss or m:ss): 0:02.76
	Average shared text size (kbytes): 0
	Average unshared data size (kbytes): 0
	Average stack size (kbytes): 0
	Average total size (kbytes): 0
	Maximum resident set size (kbytes): 6651048
	Average resident set size (kbytes): 0
	Major (requiring I/O) page faults: 0
	Minor (reclaiming a frame) page faults: 139268
	Voluntary context switches: 318
	Involuntary context switches: 169
	Swaps: 0
	File system inputs: 0
	File system outputs: 0
	Socket messages sent: 0
	Socket messages received: 0
	Signals delivered: 0
	Page size (bytes): 4096
	Exit status: 1
LEAN_EXIT=1
