ec022ab03a47f23dc9abe97a6a291ae04056d529a0764bc7ab8af189df1f9a9f  /Users/dominic/ZK/.worktrees/ZK-v8-no-work-100-20260907/docs/research/v8-no-work-100-20260907/experiments/CopyTagOffsetModel.lean
55ee2345729e8a4d379de3bce14ea18b14fbfdc259cf2653fadf4bf3a46876d8  /Users/dominic/ZK/AspisFormal/.lake/packages/mathlib/.lake/build/lib/lean/Mathlib/Tactic.olean
'AspisV8.CopyTagOffset.zero_plan' does not depend on any axioms
'AspisV8.CopyTagOffset.machine_eq_mod' depends on axioms: [propext]
'AspisV8.CopyTagOffset.eval_bound' depends on axioms: [propext, Quot.sound]
'AspisV8.CopyTagOffset.complete_raw_bound' depends on axioms: [propext, Quot.sound]
'AspisV8.CopyTagOffset.machine_exact' depends on axioms: [propext, Quot.sound]
'AspisV8.CopyTagOffset.all_intermediates_bounded' depends on axioms: [propext, Quot.sound]
       10.86 real         1.08 user         1.35 sys
          2879569920  maximum resident set size
                   0  average shared memory size
                   0  average unshared data size
                   0  average unshared stack size
              129553  page reclaims
               98221  page faults
                   0  swaps
                   0  block input operations
                   0  block output operations
                   0  messages sent
                   0  messages received
                   0  signals received
               18118  voluntary context switches
               79503  involuntary context switches
         23979342052  instructions retired
          9221350407  cycles elapsed
           469340128  peak memory footprint
df6a3b2f773b3e706030378a107228e077e07f209fd0891e31e9ad839618ac6e  /Users/dominic/ZK/.worktrees/ZK-v8-no-work-100-20260907/docs/research/v8-no-work-100-20260907/experiments/CopyTagOffsetModel.olean
