RETAINED_BINARY=/tmp/aspis-two-regular-branch.k7TXdw/control
PASS field=65537 truncation_length=17 hensel_exponent=31 both_regular_derivatives=-1
PASS exact_formal_parameter_series=true reflected_coefficients=17 center_discrepancies_identical=true
PASS parameter_discrepancy_degree=15 b_degree=37 composed_discrepancy_degree=555 exact_b_divisor=true common_roots=37
SCOPE algebraic retained cubic and finite Hensel discrepancies; irreducibility proof in report; NOT literal canonical parent, selected encoder, middle support, earlyC1-none, semantic acceptance, or probability
        1.33 real         0.25 user         0.21 sys
           118439936  maximum resident set size
                   0  average shared memory size
                   0  average unshared data size
                   0  average unshared stack size
               11017  page reclaims
                8146  page faults
                   0  swaps
                   0  block input operations
                   0  block output operations
                   0  messages sent
                   0  messages received
                   2  signals received
                 224  voluntary context switches
                6051  involuntary context switches
            27206714  instructions retired
            13986370  cycles elapsed
             1229112  peak memory footprint
