REMOTE_TASK=/home/dombarker/project-offloads/aspis-higher-y.fMoMeX
TARGET=TypedRelationTerminalV2
RESEARCH_PIN=289d7356c78a4cd493fe61a54f9548f2a0c11298
BORROWED_SOURCE_PIN=26a9cd4718aae9f9de7ef1c3394fb74a229085d5
Lean (version 4.32.0, x86_64-unknown-linux-gnu, commit 8c9756b28d64dab099da31a4c09229a9e6a2ef35, Release)
ae22767a386deedee2c066eef6c8b8f9e3ead25ee297f93c95379d99097395b7  /home/dombarker/project-offloads/aspis-higher-y.fMoMeX/typed-relation-terminal-v2-nuc-v1-manifest.json
3a3bf56bec3c7ca2b9d0ba0476a0136a4b50b620148c7eb5f61518f69a0d4376  /home/dombarker/project-offloads/aspis-higher-y.fMoMeX/overlay/TypedRelationTerminalV2.lean
3a3bf56bec3c7ca2b9d0ba0476a0136a4b50b620148c7eb5f61518f69a0d4376  /home/dombarker/project-offloads/aspis-higher-y.fMoMeX/typed-relation-terminal-v2-nuc-v1-source.txt
5780e61b4d286905ab912bb6ab8e103a20908f78c11bea415db40a5fad110e52  /home/dombarker/project-offloads/aspis-higher-y.fMoMeX/run_higher_y_nuc.sh
OVERLAY_PROVENANCE_PASS=1053
NATIVE_PACKAGE_CACHE_BOUNDARY=pinned revisions; not a replay of package compilation
CGROUP=/user.slice/user-1000.slice/user@1000.service/app.slice/aspis-higher-y-typed-relation-terminal-v2-nuc-v1.scope
memory.high=8589934592
memory.max=10737418240
memory.swap.max=0
cpu.max=200000 100000
COMMAND=/home/dombarker/.elan/toolchains/leanprover--lean4---v4.32.0/bin/lean -j1 -M9500 -R /home/dombarker/project-offloads/aspis-higher-y.fMoMeX/overlay -o /home/dombarker/project-offloads/aspis-higher-y.fMoMeX/overlay/TypedRelationTerminalV2.olean /home/dombarker/project-offloads/aspis-higher-y.fMoMeX/overlay/TypedRelationTerminalV2.lean
/home/dombarker/project-offloads/aspis-higher-y.fMoMeX/overlay/TypedRelationTerminalV2.lean:24:0: warning: automatically included section variable(s) unused in theorem `AspisV8.TypedRelationTerminal.fold_add`:
  [DecidableEq K]
consider restructuring your `variable` declarations so that the variables are not in scope or explicitly omit them:
  omit [DecidableEq K] in theorem ...

Note: This linter can be disabled with `set_option linter.unusedSectionVars false`
/home/dombarker/project-offloads/aspis-higher-y.fMoMeX/overlay/TypedRelationTerminalV2.lean:35:0: warning: automatically included section variable(s) unused in theorem `AspisV8.TypedRelationTerminal.last_fold`:
  [DecidableEq K]
consider restructuring your `variable` declarations so that the variables are not in scope or explicitly omit them:
  omit [DecidableEq K] in theorem ...

Note: This linter can be disabled with `set_option linter.unusedSectionVars false`
/home/dombarker/project-offloads/aspis-higher-y.fMoMeX/overlay/TypedRelationTerminalV2.lean:67:54: error: omega could not prove the goal:
a possible counterexample may satisfy the constraints
  0 ≤ a ≤ 254
where
 a := ↑↑⟨255, ⋯⟩
/home/dombarker/project-offloads/aspis-higher-y.fMoMeX/overlay/TypedRelationTerminalV2.lean:109:0: warning: automatically included section variable(s) unused in theorem `AspisV8.TypedRelationTerminal.candidate_add`:
  [DecidableEq K]
consider restructuring your `variable` declarations so that the variables are not in scope or explicitly omit them:
  omit [DecidableEq K] in theorem ...

Note: This linter can be disabled with `set_option linter.unusedSectionVars false`
/home/dombarker/project-offloads/aspis-higher-y.fMoMeX/overlay/TypedRelationTerminalV2.lean:113:0: warning: automatically included section variable(s) unused in theorem `AspisV8.TypedRelationTerminal.last_dot`:
  [DecidableEq K]
consider restructuring your `variable` declarations so that the variables are not in scope or explicitly omit them:
  omit [DecidableEq K] in theorem ...

Note: This linter can be disabled with `set_option linter.unusedSectionVars false`
/home/dombarker/project-offloads/aspis-higher-y.fMoMeX/overlay/TypedRelationTerminalV2.lean:212:0: warning: automatically included section variable(s) unused in theorem `AspisV8.TypedRelationTerminal.source_accepts_iff`:
  [NeZero 2]
consider restructuring your `variable` declarations so that the variables are not in scope or explicitly omit them:
  omit [NeZero 2] in theorem ...

Note: This linter can be disabled with `set_option linter.unusedSectionVars false`
'AspisV8.TypedRelationTerminal.last_fold' depends on axioms: [propext, Classical.choice, Quot.sound]
'AspisV8.TypedRelationTerminal.image_first_fold' depends on axioms: [propext, sorryAx, Classical.choice, Quot.sound]
'AspisV8.TypedRelationTerminal.post_terminal' depends on axioms: [propext, sorryAx, Classical.choice, Quot.sound]
'AspisV8.TypedRelationTerminal.first_claim_horner' depends on axioms: [propext, Classical.choice, Quot.sound]
'AspisV8.TypedRelationTerminal.tail_accepts_iff' depends on axioms: [propext, sorryAx, Classical.choice, Quot.sound]
'AspisV8.TypedRelationTerminal.source_accepts_iff' depends on axioms: [propext, sorryAx, Classical.choice, Quot.sound]
'AspisV8.TypedRelationTerminal.Decoded.response_fields' depends on axioms: [propext, Classical.choice, Quot.sound]
'AspisV8.TypedRelationTerminal.Decoded.compact_boundary' depends on axioms: [propext, Classical.choice, Quot.sound]
Command exited with non-zero status 1
	Command being timed: "/home/dombarker/.elan/toolchains/leanprover--lean4---v4.32.0/bin/lean -j1 -M9500 -R /home/dombarker/project-offloads/aspis-higher-y.fMoMeX/overlay -o /home/dombarker/project-offloads/aspis-higher-y.fMoMeX/overlay/TypedRelationTerminalV2.olean /home/dombarker/project-offloads/aspis-higher-y.fMoMeX/overlay/TypedRelationTerminalV2.lean"
	User time (seconds): 2.42
	System time (seconds): 1.01
	Percent of CPU this job got: 100%
	Elapsed (wall clock) time (h:mm:ss or m:ss): 0:03.44
	Average shared text size (kbytes): 0
	Average unshared data size (kbytes): 0
	Average stack size (kbytes): 0
	Average total size (kbytes): 0
	Maximum resident set size (kbytes): 6696172
	Average resident set size (kbytes): 0
	Major (requiring I/O) page faults: 0
	Minor (reclaiming a frame) page faults: 140253
	Voluntary context switches: 1043
	Involuntary context switches: 177
	Swaps: 0
	File system inputs: 0
	File system outputs: 0
	Socket messages sent: 0
	Socket messages received: 0
	Signals delivered: 0
	Page size (bytes): 4096
	Exit status: 1
LEAN_EXIT=1
