Warning: Permanently added '100.108.41.90' (ED25519) to the list of known hosts.
Running as unit: aspis-focus-1791157561846602000-cc31705d73ca.service; invocation ID: f85b8dfa44054362b409d16345f34700
'AspisV8R19.R811SourceLowerZeroChunk20.rowFlat95_lower_zero' depends on axioms: [propext, Classical.choice, Quot.sound]
'AspisV8R19.R811SourceLowerZeroChunk20.rowFlat96_lower_zero' depends on axioms: [propext, Classical.choice, Quot.sound]
'AspisV8R19.R811SourceLowerZeroChunk20.rowFlat97_lower_zero' depends on axioms: [propext, Classical.choice, Quot.sound]
'AspisV8R19.R811SourceLowerZeroChunk20.rowFlat98_lower_zero' depends on axioms: [propext, Classical.choice, Quot.sound]
	Command being timed: "/home/dombarker/.elan/bin/lake --dir /home/dombarker/project-offloads/aspis-r126-release-20260930-a/focus-workspace env lean -j1 -M4500 -R /home/dombarker/project-offloads/aspis-r57-lean-src-20260929-a -o /home/dombarker/project-offloads/aspis-r126-release-20260930-a/lib/AspisV8R19/R811SourceLowerZeroChunk20.olean /home/dombarker/project-offloads/aspis-r57-lean-src-20260929-a/AspisV8R19/R811SourceLowerZeroChunk20.lean"
	User time (seconds): 12.84
	System time (seconds): 0.61
	Percent of CPU this job got: 99%
	Elapsed (wall clock) time (h:mm:ss or m:ss): 0:13.46
	Average shared text size (kbytes): 0
	Average unshared data size (kbytes): 0
	Average stack size (kbytes): 0
	Average total size (kbytes): 0
	Maximum resident set size (kbytes): 3631256
	Average resident set size (kbytes): 0
	Major (requiring I/O) page faults: 0
	Minor (reclaiming a frame) page faults: 163755
	Voluntary context switches: 410
	Involuntary context switches: 129
	Swaps: 0
	File system inputs: 0
	File system outputs: 136
	Socket messages sent: 0
	Socket messages received: 0
	Signals delivered: 0
	Page size (bytes): 4096
	Exit status: 0
Finished with result: success
Main processes terminated with: code=exited/status=0
Service runtime: 13.510s
CPU time consumed: 13.509s
Memory peak: 552.0K
Memory swap peak: 0B
