Warning: Permanently added '100.108.41.90' (ED25519) to the list of known hosts.
Running as unit: aspis-focus-1791048695346913000.service; invocation ID: baa64ab620ce48d9bd51f3133b5aad5e
'AspisV8R19.R496AlignOffsetsExecution.align_to_offsets_success_exact' depends on axioms: [propext,
 Classical.choice,
 Quot.sound]
'AspisV8R19.R496AlignOffsetsExecution.align_to_offsets_no_error' depends on axioms: [propext,
 Classical.choice,
 Quot.sound]
'AspisV8R19.R496AlignOffsetsExecution.align_to_offsets_complete' depends on axioms: [propext,
 Classical.choice,
 Quot.sound]
'AspisR490AlignOffsets.core.slice.SliceU8.align_to_offsets_mono_4c96ec488904b27cff1cab4fcd1cc6b4' depends on axioms: [propext,
 Classical.choice,
 Quot.sound]
'AspisR490AlignOffsets.core.mem.SizedTypeProperties.SIZE.default_mono_e9319eea2781deb4b1add44e36347b0b' depends on axioms: [propext,
 Classical.choice,
 Quot.sound]
'AspisR490AlignOffsets.core.mem.SizedTypeProperties.SIZE.default_mono_28ce8d95b2593a4923576aa3ad2ebabc' depends on axioms: [propext,
 Classical.choice,
 Quot.sound]
	Command being timed: "/home/dombarker/.elan/bin/lake --dir /home/dombarker/project-offloads/aspis-r126-release-20260930-a/focus-workspace env lean -j1 -M4500 -R /home/dombarker/project-offloads/aspis-r57-lean-src-20260929-a -o /home/dombarker/project-offloads/aspis-r126-release-20260930-a/lib/AspisV8R19/R496AlignOffsetsExecution.olean /home/dombarker/project-offloads/aspis-r57-lean-src-20260929-a/AspisV8R19/R496AlignOffsetsExecution.lean"
	User time (seconds): 0.82
	System time (seconds): 0.26
	Percent of CPU this job got: 100%
	Elapsed (wall clock) time (h:mm:ss or m:ss): 0:01.09
	Average shared text size (kbytes): 0
	Average unshared data size (kbytes): 0
	Average stack size (kbytes): 0
	Average total size (kbytes): 0
	Maximum resident set size (kbytes): 2534804
	Average resident set size (kbytes): 0
	Major (requiring I/O) page faults: 0
	Minor (reclaiming a frame) page faults: 64301
	Voluntary context switches: 427
	Involuntary context switches: 51
	Swaps: 0
	File system inputs: 0
	File system outputs: 224
	Socket messages sent: 0
	Socket messages received: 0
	Signals delivered: 0
	Page size (bytes): 4096
	Exit status: 0
Finished with result: success
Main processes terminated with: code=exited/status=0
Service runtime: 1.125s
CPU time consumed: 1.128s
Memory peak: 552.0K
Memory swap peak: 0B
