Warning: Permanently added '100.108.41.90' (ED25519) to the list of known hosts.
Running as unit: aspis-focus-1791094125004910000.service; invocation ID: d85b3fa0baab4a909bcab5e912f35adf
/home/dombarker/project-offloads/aspis-r57-lean-src-20260929-a/AspisV8R19/R598NativeOrdinarySampler.lean:172:16: warning: This simp argument is unused:
  R577NativeInnerSamplerExecution.toCurrentTranscript

Hint: Omit it from the simp argument list.
  simp [bind_tc_ok, finishedNativeOuter, fromCurrentTranscript,
                  R577NativeInnerSamplerExecution.finishedNative,
                  R577NativeInnerSamplerExecution.fromCurrentTranscript, R̵5̵7̵7̵N̵a̵t̵i̵v̵e̵I̵n̵n̵e̵r̵S̵a̵m̵p̵l̵e̵r̵E̵x̵e̵c̵u̵t̵i̵o̵n̵.̵t̵o̵C̵u̵r̵r̵e̵n̵t̵T̵r̵a̵n̵s̵c̵r̵i̵p̵t̵,̵toCurrentTranscript,
                  nativeOutcome]

Note: This linter can be disabled with `set_option linter.unusedSimpArgs false`
/home/dombarker/project-offloads/aspis-r57-lean-src-20260929-a/AspisV8R19/R598NativeOrdinarySampler.lean:173:16: warning: This simp argument is unused:
  toCurrentTranscript

Hint: Omit it from the simp argument list.
  simp [bind_tc_ok, finishedNativeOuter, fromCurrentTranscript,
                  R577NativeInnerSamplerExecution.finishedNative,
                  R577NativeInnerSamplerExecution.fromCurrentTranscript,
                  R577NativeInnerSamplerExecution.toCurrentTranscript,
  ̵  ̵ ̵ ̵ ̵ ̵ ̵ ̵ ̵ ̵ ̵ ̵ ̵ ̵ ̵ ̵t̵o̵C̵u̵r̵r̵e̵nt̵T̵r̵an̵s̵c̵r̵i̵p̵t,̵ ̵n̵a̵t̵iveOutcome]

Note: This linter can be disabled with `set_option linter.unusedSimpArgs false`
/home/dombarker/project-offloads/aspis-r57-lean-src-20260929-a/AspisV8R19/R598NativeOrdinarySampler.lean:188:16: warning: This simp argument is unused:
  R577NativeInnerSamplerExecution.toCurrentTranscript

Hint: Omit it from the simp argument list.
  simp only [bind_tc_ok, finishedNativeOuter,
                  R577NativeInnerSamplerExecution.finishedNative,
                  R577NativeInnerSamplerExecution.fromCurrentTranscript, R̵5̵7̵7̵N̵a̵t̵i̵v̵e̵I̵n̵n̵e̵r̵S̵a̵m̵p̵l̵e̵r̵E̵x̵e̵c̵u̵t̵i̵o̵n̵.̵t̵o̵C̵u̵r̵r̵e̵n̵t̵T̵r̵a̵n̵s̵c̵r̵i̵p̵t̵,̵ ̵if_true]

Note: This linter can be disabled with `set_option linter.unusedSimpArgs false`
/home/dombarker/project-offloads/aspis-r57-lean-src-20260929-a/AspisV8R19/R598NativeOrdinarySampler.lean:245:6: error: `simp` made no progress

Note: The target expression is not type-correct under the `instances` transparency level, which may have triggered the failure. This is usually caused by unfolding of semireducible definitions in prior tactic steps. Use `set_option linter.tacticCheckInstances true` to investigate the source of the issue.
Full error:
  Application type mismatch: The argument
    Eq.refl true
  has type
    @Eq Bool true true
  but is expected to have type
    @Eq Bool (decide (32 ≤ UScalar.cMax UScalarTy.Usize)) true
  in the application
    id (Eq.refl true)
/home/dombarker/project-offloads/aspis-r57-lean-src-20260929-a/AspisV8R19/R598NativeOrdinarySampler.lean:241:34: warning: This simp argument is unused:
  Prod.fst

Hint: Omit it from the simp argument list.
  simp only [hs', bind_tc_ok, P̵r̵o̵d̵.̵f̵s̵t̵,̵ ̵Prod.snd]

Note: This linter can be disabled with `set_option linter.unusedSimpArgs false`
/home/dombarker/project-offloads/aspis-r57-lean-src-20260929-a/AspisV8R19/R598NativeOrdinarySampler.lean:241:44: warning: This simp argument is unused:
  Prod.snd

Hint: Omit it from the simp argument list.
  simp only [hs', bind_tc_ok, Prod.fst,̵ ̵P̵r̵o̵d̵.̵s̵n̵d̵]

Note: This linter can be disabled with `set_option linter.unusedSimpArgs false`
Command exited with non-zero status 1
	Command being timed: "/home/dombarker/.elan/bin/lake --dir /home/dombarker/project-offloads/aspis-r126-release-20260930-a/focus-workspace env lean -j1 -M4500 -R /home/dombarker/project-offloads/aspis-r57-lean-src-20260929-a -o /home/dombarker/project-offloads/aspis-r126-release-20260930-a/lib/AspisV8R19/R598NativeOrdinarySampler.olean /home/dombarker/project-offloads/aspis-r57-lean-src-20260929-a/AspisV8R19/R598NativeOrdinarySampler.lean"
	User time (seconds): 1.61
	System time (seconds): 0.39
	Percent of CPU this job got: 100%
	Elapsed (wall clock) time (h:mm:ss or m:ss): 0:01.99
	Average shared text size (kbytes): 0
	Average unshared data size (kbytes): 0
	Average stack size (kbytes): 0
	Average total size (kbytes): 0
	Maximum resident set size (kbytes): 3752836
	Average resident set size (kbytes): 0
	Major (requiring I/O) page faults: 0
	Minor (reclaiming a frame) page faults: 86285
	Voluntary context switches: 789
	Involuntary context switches: 59
	Swaps: 0
	File system inputs: 0
	File system outputs: 0
	Socket messages sent: 0
	Socket messages received: 0
	Signals delivered: 0
	Page size (bytes): 4096
	Exit status: 1
Finished with result: exit-code
Main processes terminated with: code=exited/status=1
Service runtime: 2.025s
CPU time consumed: 2.030s
Memory peak: 512.0K
Memory swap peak: 0B
