Warning: Permanently added '100.108.41.90' (ED25519) to the list of known hosts.
Running as unit: aspis-focus-1791091863053891000.service; invocation ID: 20187aca9e0946fdbea72ce74e0129d3
/home/dombarker/project-offloads/aspis-r57-lean-src-20260929-a/AspisV8R19/R598NativeOrdinarySampler.lean:169:18: error: Tactic `rewrite` failed: Did not find an occurrence of the pattern
  AspisR156FullFreeze.aspis_core.transcript.Transcript.challenge_qm31_loop0_loop0
    { start := 0#u32, «end» := AspisR156FullFreeze.aspis_core.transcript.CHALLENGE_RETRY_LIMIT }
    { state := s.state, hash := s.hash } b j it.slice[it.i]
in the target expression
  (match do
      let __x ←
        do
          let v ←
            AspisR156FullFreeze.aspis_core.transcript.Transcript.challenge_qm31_loop0_loop0
                { start := 0#u32, «end» := AspisR156FullFreeze.aspis_core.transcript.CHALLENGE_RETRY_LIMIT }
                (R577NativeInnerSamplerExecution.toCurrentTranscript s) b j it.slice[it.i]
          ok (R577NativeInnerSamplerExecution.finishedNative v)
      if __x.2.2.2.2 = true then
          ok
            (cont
              ({ slice := it.slice, i := it.i + 1 }, fun im =>
                back { slice := im.slice.setAtNat it.i __x.2.2.2.1, i := im.i }, __x.1, __x.2.1, __x.2.2.1))
        else
          ok
            (done
              (__x.1, some (core.result.Result.Err ()),
                back { slice := it.slice.setAtNat it.i __x.2.2.2.1, i := it.i + 1 })) with
    | ok r =>
      match r with
      | cont x =>
        loop
          (fun x => do
            let __x ←
              if h : x.1.i < ↑x.1.slice.len then
                  ok
                    (some x.1.slice[x.1.i], { slice := x.1.slice, i := x.1.i + 1 }, fun it' x_1 =>
                      match x_1 with
                      | none => it'
                      | some x_2 => { slice := it'.slice.setAtNat x.1.i x_2, i := it'.i })
                else ok (none, x.1, fun it x => it)
            match __x.1 with
              | none => ok (done (x.2.2.1, none, x.2.1 (__x.2.2 __x.2.1 none)))
              | some limb => do
                let __x_1 ←
                  AspisR569MaskedClaimCompleteConsts.aspis_core.transcript.Transcript.challenge_qm31_loop0_loop0
                      { start := 0#u32,
                        «end» := AspisR569MaskedClaimCompleteConsts.aspis_core.transcript.CHALLENGE_RETRY_LIMIT }
                      x.2.2.1 x.2.2.2.1 x.2.2.2.2 limb
                if __x_1.2.2.2.2 = true then
                    ok
                      (cont
                        (__x.2.1, fun im => x.2.1 (__x.2.2 im (some __x_1.2.2.2.1)), __x_1.1, __x_1.2.1, __x_1.2.2.1))
                  else
                    ok (done (__x_1.1, some (core.result.Result.Err ()), x.2.1 (__x.2.2 __x.2.1 (some __x_1.2.2.2.1)))))
          x
      | done x => ok x
    | fail e => fail e
    | div => div) =
    do
    let v ←
      match do
          let __x ← ok (s1, b1, j1, value, false)
          if __x.2.2.2.2 = true then
              ok
                (cont
                  ({ slice := it.slice, i := it.i + 1 }, fun im =>
                    back { slice := im.slice.setAtNat it.i __x.2.2.2.1, i := im.i }, __x.1, __x.2.1, __x.2.2.1))
            else
              ok
                (done
                  (__x.1, some (core.result.Result.Err ()),
                    back { slice := it.slice.setAtNat it.i __x.2.2.2.1, i := it.i + 1 })) with
        | ok r =>
          match r with
          | cont x =>
            loop
              (fun x => do
                let __x ←
                  if h : x.1.i < ↑x.1.slice.len then
                      ok
                        (some x.1.slice[x.1.i], { slice := x.1.slice, i := x.1.i + 1 }, fun it' x_1 =>
                          match x_1 with
                          | none => it'
                          | some x_2 => { slice := it'.slice.setAtNat x.1.i x_2, i := it'.i })
                    else ok (none, x.1, fun it x => it)
                match __x.1 with
                  | none => ok (done (x.2.2.1, none, x.2.1 (__x.2.2 __x.2.1 none)))
                  | some limb => do
                    let __x_1 ←
                      AspisR156FullFreeze.aspis_core.transcript.Transcript.challenge_qm31_loop0_loop0
                          { start := 0#u32, «end» := AspisR156FullFreeze.aspis_core.transcript.CHALLENGE_RETRY_LIMIT }
                          x.2.2.1 x.2.2.2.1 x.2.2.2.2 limb
                    if __x_1.2.2.2.2 = true then
                        ok
                          (cont
                            (__x.2.1, fun im => x.2.1 (__x.2.2 im (some __x_1.2.2.2.1)), __x_1.1, __x_1.2.1,
                              __x_1.2.2.1))
                      else
                        ok
                          (done
                            (__x_1.1, some (core.result.Result.Err ()), x.2.1 (__x.2.2 __x.2.1 (some __x_1.2.2.2.1)))))
              x
          | done x => ok x
        | fail e => fail e
        | div => div
    ok (finishedNativeOuter v)

case succ.ok.false
n : ℕ
ih :
  ∀ (it : NIter) (back : NIter → NIter) (s : NTranscript) (b : Std.Array U8 32#usize) (j : Usize),
    ↑j ≤ 8 →
      ↑it.slice.len - it.i = n →
        AspisR569MaskedClaimCompleteConsts.aspis_core.transcript.Transcript.challenge_qm31_loop0 it back s b j = do
          let v ←
            AspisR156FullFreeze.aspis_core.transcript.Transcript.challenge_qm31_loop0 it back (toCurrentTranscript s) b
                j
          ok (finishedNativeOuter v)
it : NIter
back : NIter → NIter
s : NTranscript
b : Std.Array U8 32#usize
j : Usize
hj : ↑j ≤ 8
hn : ↑it.slice.len - it.i = n + 1
h : it.i < ↑it.slice.len
hn' : ↑it.slice.len - (it.i + 1) = n
s1 : AspisR156FullFreeze.aspis_core.transcript.Transcript
b1 : Std.Array U8 32#usize
j1 : Usize
value : AspisR156FullFreeze.aspis_core.field.M31
hc :
  AspisR156FullFreeze.aspis_core.transcript.Transcript.challenge_qm31_loop0_loop0
      { start := 0#u32, «end» := AspisR156FullFreeze.aspis_core.transcript.CHALLENGE_RETRY_LIMIT }
      (toCurrentTranscript s) b j it.slice[it.i] =
    ok (s1, b1, j1, value, false)
hc' :
  AspisR156FullFreeze.aspis_core.transcript.Transcript.challenge_qm31_loop0_loop0
      { start := 0#u32, «end» := AspisR156FullFreeze.aspis_core.transcript.CHALLENGE_RETRY_LIMIT }
      (R577NativeInnerSamplerExecution.toCurrentTranscript s) b j it.slice[it.i] =
    ok (s1, b1, j1, value, false)
hc'' :
  AspisR156FullFreeze.aspis_core.transcript.Transcript.challenge_qm31_loop0_loop0
      { start := 0#u32, «end» := AspisR156FullFreeze.aspis_core.transcript.CHALLENGE_RETRY_LIMIT }
      { state := s.state, hash := s.hash } b j it.slice[it.i] =
    ok (s1, b1, j1, value, false)
⊢ (match do
      let __x ←
        do
          let v ←
            AspisR156FullFreeze.aspis_core.transcript.Transcript.challenge_qm31_loop0_loop0
                { start := 0#u32, «end» := AspisR156FullFreeze.aspis_core.transcript.CHALLENGE_RETRY_LIMIT }
                (R577NativeInnerSamplerExecution.toCurrentTranscript s) b j it.slice[it.i]
          ok (R577NativeInnerSamplerExecution.finishedNative v)
      if __x.2.2.2.2 = true then
          ok
            (cont
              ({ slice := it.slice, i := it.i + 1 }, fun im =>
                back { slice := im.slice.setAtNat it.i __x.2.2.2.1, i := im.i }, __x.1, __x.2.1, __x.2.2.1))
        else
          ok
            (done
              (__x.1, some (core.result.Result.Err ()),
                back { slice := it.slice.setAtNat it.i __x.2.2.2.1, i := it.i + 1 })) with
    | ok r =>
      match r with
      | cont x =>
        loop
          (fun x => do
            let __x ←
              if h : x.1.i < ↑x.1.slice.len then
                  ok
                    (some x.1.slice[x.1.i], { slice := x.1.slice, i := x.1.i + 1 }, fun it' x_1 =>
                      match x_1 with
                      | none => it'
                      | some x_2 => { slice := it'.slice.setAtNat x.1.i x_2, i := it'.i })
                else ok (none, x.1, fun it x => it)
            match __x.1 with
              | none => ok (done (x.2.2.1, none, x.2.1 (__x.2.2 __x.2.1 none)))
              | some limb => do
                let __x_1 ←
                  AspisR569MaskedClaimCompleteConsts.aspis_core.transcript.Transcript.challenge_qm31_loop0_loop0
                      { start := 0#u32,
                        «end» := AspisR569MaskedClaimCompleteConsts.aspis_core.transcript.CHALLENGE_RETRY_LIMIT }
                      x.2.2.1 x.2.2.2.1 x.2.2.2.2 limb
                if __x_1.2.2.2.2 = true then
                    ok
                      (cont
                        (__x.2.1, fun im => x.2.1 (__x.2.2 im (some __x_1.2.2.2.1)), __x_1.1, __x_1.2.1, __x_1.2.2.1))
                  else
                    ok (done (__x_1.1, some (core.result.Result.Err ()), x.2.1 (__x.2.2 __x.2.1 (some __x_1.2.2.2.1)))))
          x
      | done x => ok x
    | fail e => fail e
    | div => div) =
    do
    let v ←
      match do
          let __x ← ok (s1, b1, j1, value, false)
          if __x.2.2.2.2 = true then
              ok
                (cont
                  ({ slice := it.slice, i := it.i + 1 }, fun im =>
                    back { slice := im.slice.setAtNat it.i __x.2.2.2.1, i := im.i }, __x.1, __x.2.1, __x.2.2.1))
            else
              ok
                (done
                  (__x.1, some (core.result.Result.Err ()),
                    back { slice := it.slice.setAtNat it.i __x.2.2.2.1, i := it.i + 1 })) with
        | ok r =>
          match r with
          | cont x =>
            loop
              (fun x => do
                let __x ←
                  if h : x.1.i < ↑x.1.slice.len then
                      ok
                        (some x.1.slice[x.1.i], { slice := x.1.slice, i := x.1.i + 1 }, fun it' x_1 =>
                          match x_1 with
                          | none => it'
                          | some x_2 => { slice := it'.slice.setAtNat x.1.i x_2, i := it'.i })
                    else ok (none, x.1, fun it x => it)
                match __x.1 with
                  | none => ok (done (x.2.2.1, none, x.2.1 (__x.2.2 __x.2.1 none)))
                  | some limb => do
                    let __x_1 ←
                      AspisR156FullFreeze.aspis_core.transcript.Transcript.challenge_qm31_loop0_loop0
                          { start := 0#u32, «end» := AspisR156FullFreeze.aspis_core.transcript.CHALLENGE_RETRY_LIMIT }
                          x.2.2.1 x.2.2.2.1 x.2.2.2.2 limb
                    if __x_1.2.2.2.2 = true then
                        ok
                          (cont
                            (__x.2.1, fun im => x.2.1 (__x.2.2 im (some __x_1.2.2.2.1)), __x_1.1, __x_1.2.1,
                              __x_1.2.2.1))
                      else
                        ok
                          (done
                            (__x_1.1, some (core.result.Result.Err ()), x.2.1 (__x.2.2 __x.2.1 (some __x_1.2.2.2.1)))))
              x
          | done x => ok x
        | fail e => fail e
        | div => div
    ok (finishedNativeOuter v)

Note: The target expression is not type-correct under the `instances` transparency level, which may have triggered the failure. This is usually caused by unfolding of semireducible definitions in prior tactic steps. Use `set_option linter.tacticCheckInstances true` to investigate the source of the issue.
Full error:
  Application type mismatch: The argument
    Eq.refl true
  has type
    @Eq Bool true true
  but is expected to have type
    @Eq Bool (decide (32 ≤ UScalar.cMax UScalarTy.Usize)) true
  in the application
    id (Eq.refl true)
/home/dombarker/project-offloads/aspis-r57-lean-src-20260929-a/AspisV8R19/R598NativeOrdinarySampler.lean:178:14: error: Type mismatch: After simplification, term
  ih { slice := it.slice, i := it.i + 1 } (fun out => back { slice := out.slice.setAtNat it.i value, i := out.i })
    (fromCurrentTranscript s1) b1 j1 hj' hn'
 has type
  loop
      (fun x => do
        let __x ←
          if h : x.1.i < ↑x.1.slice.len then
              ok
                (some x.1.slice[x.1.i], { slice := x.1.slice, i := x.1.i + 1 }, fun it' x_1 =>
                  match x_1 with
                  | none => it'
                  | some x_2 => { slice := it'.slice.setAtNat x.1.i x_2, i := it'.i })
            else ok (none, x.1, fun it x => it)
        match __x.1 with
          | none => ok (done (x.2.2.1, none, x.2.1 (__x.2.2 __x.2.1 none)))
          | some limb => do
            let __x_1 ←
              AspisR569MaskedClaimCompleteConsts.aspis_core.transcript.Transcript.challenge_qm31_loop0_loop0
                  { start := 0#u32,
                    «end» := AspisR569MaskedClaimCompleteConsts.aspis_core.transcript.CHALLENGE_RETRY_LIMIT }
                  x.2.2.1 x.2.2.2.1 x.2.2.2.2 limb
            if __x_1.2.2.2.2 = true then
                ok (cont (__x.2.1, fun im => x.2.1 (__x.2.2 im (some __x_1.2.2.2.1)), __x_1.1, __x_1.2.1, __x_1.2.2.1))
              else ok (done (__x_1.1, some (core.result.Result.Err ()), x.2.1 (__x.2.2 __x.2.1 (some __x_1.2.2.2.1)))))
      ({ slice := it.slice, i := it.i + 1 }, fun out => back { slice := out.slice.setAtNat it.i value, i := out.i },
        { state := s1.state, hash := s1.hash }, b1, j1) =
    do
    let v ←
      loop
          (fun x => do
            let __x ←
              if h : x.1.i < ↑x.1.slice.len then
                  ok
                    (some x.1.slice[x.1.i], { slice := x.1.slice, i := x.1.i + 1 }, fun it' x_1 =>
                      match x_1 with
                      | none => it'
                      | some x_2 => { slice := it'.slice.setAtNat x.1.i x_2, i := it'.i })
                else ok (none, x.1, fun it x => it)
            match __x.1 with
              | none => ok (done (x.2.2.1, none, x.2.1 (__x.2.2 __x.2.1 none)))
              | some limb => do
                let __x_1 ←
                  AspisR156FullFreeze.aspis_core.transcript.Transcript.challenge_qm31_loop0_loop0
                      { start := 0#u32, «end» := AspisR156FullFreeze.aspis_core.transcript.CHALLENGE_RETRY_LIMIT }
                      x.2.2.1 x.2.2.2.1 x.2.2.2.2 limb
                if __x_1.2.2.2.2 = true then
                    ok
                      (cont
                        (__x.2.1, fun im => x.2.1 (__x.2.2 im (some __x_1.2.2.2.1)), __x_1.1, __x_1.2.1, __x_1.2.2.1))
                  else
                    ok (done (__x_1.1, some (core.result.Result.Err ()), x.2.1 (__x.2.2 __x.2.1 (some __x_1.2.2.2.1)))))
          ({ slice := it.slice, i := it.i + 1 }, fun out => back { slice := out.slice.setAtNat it.i value, i := out.i },
            { state := s1.state, hash := s1.hash }, b1, j1)
    ok (finishedNativeOuter v)
but is expected to have type
  (match do
      let __x ←
        do
          let v ←
            AspisR156FullFreeze.aspis_core.transcript.Transcript.challenge_qm31_loop0_loop0
                { start := 0#u32, «end» := AspisR156FullFreeze.aspis_core.transcript.CHALLENGE_RETRY_LIMIT }
                (R577NativeInnerSamplerExecution.toCurrentTranscript s) b j it.slice[it.i]
          ok (R577NativeInnerSamplerExecution.finishedNative v)
      if __x.2.2.2.2 = true then
          ok
            (cont
              ({ slice := it.slice, i := it.i + 1 }, fun im =>
                back { slice := im.slice.setAtNat it.i __x.2.2.2.1, i := im.i }, __x.1, __x.2.1, __x.2.2.1))
        else
          ok
            (done
              (__x.1, some (core.result.Result.Err ()),
                back { slice := it.slice.setAtNat it.i __x.2.2.2.1, i := it.i + 1 })) with
    | ok r =>
      match r with
      | cont x =>
        loop
          (fun x => do
            let __x ←
              if h : x.1.i < ↑x.1.slice.len then
                  ok
                    (some x.1.slice[x.1.i], { slice := x.1.slice, i := x.1.i + 1 }, fun it' x_1 =>
                      match x_1 with
                      | none => it'
                      | some x_2 => { slice := it'.slice.setAtNat x.1.i x_2, i := it'.i })
                else ok (none, x.1, fun it x => it)
            match __x.1 with
              | none => ok (done (x.2.2.1, none, x.2.1 (__x.2.2 __x.2.1 none)))
              | some limb => do
                let __x_1 ←
                  AspisR569MaskedClaimCompleteConsts.aspis_core.transcript.Transcript.challenge_qm31_loop0_loop0
                      { start := 0#u32,
                        «end» := AspisR569MaskedClaimCompleteConsts.aspis_core.transcript.CHALLENGE_RETRY_LIMIT }
                      x.2.2.1 x.2.2.2.1 x.2.2.2.2 limb
                if __x_1.2.2.2.2 = true then
                    ok
                      (cont
                        (__x.2.1, fun im => x.2.1 (__x.2.2 im (some __x_1.2.2.2.1)), __x_1.1, __x_1.2.1, __x_1.2.2.1))
                  else
                    ok (done (__x_1.1, some (core.result.Result.Err ()), x.2.1 (__x.2.2 __x.2.1 (some __x_1.2.2.2.1)))))
          x
      | done x => ok x
    | fail e => fail e
    | div => div) =
    do
    let v ←
      match
          if True then
            ok
              (cont
                ({ slice := it.slice, i := it.i + 1 }, fun im =>
                  back { slice := im.slice.setAtNat it.i value, i := im.i }, s1, b1, j1))
          else
            ok
              (done
                (s1, some (core.result.Result.Err ()),
                  back { slice := it.slice.setAtNat it.i value, i := it.i + 1 })) with
        | ok r =>
          match r with
          | cont x =>
            loop
              (fun x => do
                let __x ←
                  if h : x.1.i < ↑x.1.slice.len then
                      ok
                        (some x.1.slice[x.1.i], { slice := x.1.slice, i := x.1.i + 1 }, fun it' x_1 =>
                          match x_1 with
                          | none => it'
                          | some x_2 => { slice := it'.slice.setAtNat x.1.i x_2, i := it'.i })
                    else ok (none, x.1, fun it x => it)
                match __x.1 with
                  | none => ok (done (x.2.2.1, none, x.2.1 (__x.2.2 __x.2.1 none)))
                  | some limb => do
                    let __x_1 ←
                      AspisR156FullFreeze.aspis_core.transcript.Transcript.challenge_qm31_loop0_loop0
                          { start := 0#u32, «end» := AspisR156FullFreeze.aspis_core.transcript.CHALLENGE_RETRY_LIMIT }
                          x.2.2.1 x.2.2.2.1 x.2.2.2.2 limb
                    if __x_1.2.2.2.2 = true then
                        ok
                          (cont
                            (__x.2.1, fun im => x.2.1 (__x.2.2 im (some __x_1.2.2.2.1)), __x_1.1, __x_1.2.1,
                              __x_1.2.2.1))
                      else
                        ok
                          (done
                            (__x_1.1, some (core.result.Result.Err ()), x.2.1 (__x.2.2 __x.2.1 (some __x_1.2.2.2.1)))))
              x
          | done x => ok x
        | fail e => fail e
        | div => div
    ok ({ state := v.1.state, hash := v.1.hash }, Option.map nativeOutcome v.2.1, v.2.2)
Command exited with non-zero status 1
	Command being timed: "/home/dombarker/.elan/bin/lake --dir /home/dombarker/project-offloads/aspis-r126-release-20260930-a/focus-workspace env lean -j1 -M4500 -R /home/dombarker/project-offloads/aspis-r57-lean-src-20260929-a -o /home/dombarker/project-offloads/aspis-r126-release-20260930-a/lib/AspisV8R19/R598NativeOrdinarySampler.olean /home/dombarker/project-offloads/aspis-r57-lean-src-20260929-a/AspisV8R19/R598NativeOrdinarySampler.lean"
	User time (seconds): 1.65
	System time (seconds): 0.38
	Percent of CPU this job got: 101%
	Elapsed (wall clock) time (h:mm:ss or m:ss): 0:02.00
	Average shared text size (kbytes): 0
	Average unshared data size (kbytes): 0
	Average stack size (kbytes): 0
	Average total size (kbytes): 0
	Maximum resident set size (kbytes): 3751480
	Average resident set size (kbytes): 0
	Major (requiring I/O) page faults: 0
	Minor (reclaiming a frame) page faults: 86747
	Voluntary context switches: 590
	Involuntary context switches: 73
	Swaps: 0
	File system inputs: 0
	File system outputs: 0
	Socket messages sent: 0
	Socket messages received: 0
	Signals delivered: 0
	Page size (bytes): 4096
	Exit status: 1
Finished with result: exit-code
Main processes terminated with: code=exited/status=1
Service runtime: 2.028s
CPU time consumed: 2.068s
Memory peak: 292.0K
Memory swap peak: 0B
