Warning: Permanently added '100.108.41.90' (ED25519) to the list of known hosts.
Running as unit: aspis-focus-1791090790823531000.service; invocation ID: 8d18ba1f69364d83afaa6373619cb9cd
/home/dombarker/project-offloads/aspis-r57-lean-src-20260929-a/AspisV8R19/R598NativeOrdinarySampler.lean:25:4: error(lean.unknownIdentifier): Unknown constant `Aeneas.Std.core.result.Result.ok`

Note: Inferred this name from the expected resulting type of `.ok`:
  core.result.Result CQM31 Unit
/home/dombarker/project-offloads/aspis-r57-lean-src-20260929-a/AspisV8R19/R598NativeOrdinarySampler.lean:70:33: error: unexpected identifier; expected '}'
/home/dombarker/project-offloads/aspis-r57-lean-src-20260929-a/AspisV8R19/R598NativeOrdinarySampler.lean:64:6: error(lean.unknownIdentifier): Unknown identifier `r`
/home/dombarker/project-offloads/aspis-r57-lean-src-20260929-a/AspisV8R19/R598NativeOrdinarySampler.lean:65:14: error: `simp` made no progress
/home/dombarker/project-offloads/aspis-r57-lean-src-20260929-a/AspisV8R19/R598NativeOrdinarySampler.lean:66:11: error: `simp` made no progress
/home/dombarker/project-offloads/aspis-r57-lean-src-20260929-a/AspisV8R19/R598NativeOrdinarySampler.lean:70:17: error: invalid {...} notation, expected type is not of the form (C ...)
  Sort ?u.45
/home/dombarker/project-offloads/aspis-r57-lean-src-20260929-a/AspisV8R19/R598NativeOrdinarySampler.lean:67:11: error: unsolved goals
case hn
s : CTranscript
b : Std.Array U8 32#usize
j : Usize
limb value : AspisR156FullFreeze.aspis_core.field.M31
s1 : CTranscript
b1 : Std.Array U8 32#usize
j1 : Usize
hj : ↑j ≤ 8
sourceState : AspisR137Transcript.transcript.Transcript := R167TranscriptPrimitiveExecution.toR137 s
h :
  (do
      let v ←
        AspisR137Transcript.transcript.Transcript.challenge_qm31_loop0_loop0
            { start := 0#u32, «end» := AspisR137Transcript.transcript.CHALLENGE_RETRY_LIMIT } sourceState b j limb
      ok (R167TranscriptPrimitiveExecution.fromR137 v.1, v.2.1, v.2.2.1, v.2.2.2.1, v.2.2.2.2)) =
    ok (s1, b1, j1, value, true)
hround : R167TranscriptPrimitiveExecution.fromR137 sourceState = s
hmap :
  AspisR156FullFreeze.aspis_core.transcript.Transcript.challenge_qm31_loop0_loop0
      { start := 0#u32, «end» := AspisR156FullFreeze.aspis_core.transcript.CHALLENGE_RETRY_LIMIT }
      (R167TranscriptPrimitiveExecution.fromR137 sourceState) b j limb =
    do
    let v ←
      AspisR137Transcript.transcript.Transcript.challenge_qm31_loop0_loop0
          { start := 0#u32, «end» := AspisR137Transcript.transcript.CHALLENGE_RETRY_LIMIT } sourceState b j limb
    ok (R169InnerSamplerExecution.finished v)
sr : AspisR137Transcript.transcript.Transcript
br : Std.Array U8 32#usize
jr : Usize
vr : AspisR137Transcript.field.M31
accepted : Bool
hs :
  AspisR137Transcript.transcript.Transcript.challenge_qm31_loop0_loop0 sorry sourceState b j limb =
    ok (sr, br, jr, vr, accepted)
⊢ sorry

case ok
s : CTranscript
b : Std.Array U8 32#usize
j : Usize
limb value : AspisR156FullFreeze.aspis_core.field.M31
s1 : CTranscript
b1 : Std.Array U8 32#usize
j1 : Usize
hj : ↑j ≤ 8
sourceState : AspisR137Transcript.transcript.Transcript := R167TranscriptPrimitiveExecution.toR137 s
h :
  (do
      let v ←
        AspisR137Transcript.transcript.Transcript.challenge_qm31_loop0_loop0
            { start := 0#u32, «end» := AspisR137Transcript.transcript.CHALLENGE_RETRY_LIMIT } sourceState b j limb
      ok (R167TranscriptPrimitiveExecution.fromR137 v.1, v.2.1, v.2.2.1, v.2.2.2.1, v.2.2.2.2)) =
    ok (s1, b1, j1, value, true)
hround : R167TranscriptPrimitiveExecution.fromR137 sourceState = s
hmap :
  AspisR156FullFreeze.aspis_core.transcript.Transcript.challenge_qm31_loop0_loop0
      { start := 0#u32, «end» := AspisR156FullFreeze.aspis_core.transcript.CHALLENGE_RETRY_LIMIT }
      (R167TranscriptPrimitiveExecution.fromR137 sourceState) b j limb =
    do
    let v ←
      AspisR137Transcript.transcript.Transcript.challenge_qm31_loop0_loop0
          { start := 0#u32, «end» := AspisR137Transcript.transcript.CHALLENGE_RETRY_LIMIT } sourceState b j limb
    ok (R169InnerSamplerExecution.finished v)
sr : AspisR137Transcript.transcript.Transcript
br : Std.Array U8 32#usize
jr : Usize
vr : AspisR137Transcript.field.M31
accepted : Bool
hs :
  AspisR137Transcript.transcript.Transcript.challenge_qm31_loop0_loop0 sorry sourceState b j limb =
    ok (sr, br, jr, vr, accepted)
hn : sorry
⊢ ↑j1 ≤ 8
Command exited with non-zero status 1
	Command being timed: "/home/dombarker/.elan/bin/lake --dir /home/dombarker/project-offloads/aspis-r126-release-20260930-a/focus-workspace env lean -j1 -M4500 -R /home/dombarker/project-offloads/aspis-r57-lean-src-20260929-a -o /home/dombarker/project-offloads/aspis-r126-release-20260930-a/lib/AspisV8R19/R598NativeOrdinarySampler.olean /home/dombarker/project-offloads/aspis-r57-lean-src-20260929-a/AspisV8R19/R598NativeOrdinarySampler.lean"
	User time (seconds): 1.01
	System time (seconds): 0.37
	Percent of CPU this job got: 99%
	Elapsed (wall clock) time (h:mm:ss or m:ss): 0:01.39
	Average shared text size (kbytes): 0
	Average unshared data size (kbytes): 0
	Average stack size (kbytes): 0
	Average total size (kbytes): 0
	Maximum resident set size (kbytes): 3736008
	Average resident set size (kbytes): 0
	Major (requiring I/O) page faults: 1
	Minor (reclaiming a frame) page faults: 86147
	Voluntary context switches: 295
	Involuntary context switches: 67
	Swaps: 0
	File system inputs: 120
	File system outputs: 0
	Socket messages sent: 0
	Socket messages received: 0
	Signals delivered: 0
	Page size (bytes): 4096
	Exit status: 1
Finished with result: exit-code
Main processes terminated with: code=exited/status=1
Service runtime: 1.420s
CPU time consumed: 1.417s
Memory peak: 552.0K
Memory swap peak: 0B
