Warning: Permanently added '100.108.41.90' (ED25519) to the list of known hosts.
Running as unit: aspis-focus-1791095274537378000.service; invocation ID: ab9750d86be04680ae7f031d705a6a43
/home/dombarker/project-offloads/aspis-r57-lean-src-20260929-a/AspisV8R19/R598NativeOrdinarySampler.lean:172:16: warning: This simp argument is unused:
  R577NativeInnerSamplerExecution.toCurrentTranscript

Hint: Omit it from the simp argument list.
  simp [bind_tc_ok, finishedNativeOuter, fromCurrentTranscript,
                  R577NativeInnerSamplerExecution.finishedNative,
                  R577NativeInnerSamplerExecution.fromCurrentTranscript, R̵5̵7̵7̵N̵a̵t̵i̵v̵e̵I̵n̵n̵e̵r̵S̵a̵m̵p̵l̵e̵r̵E̵x̵e̵c̵u̵t̵i̵o̵n̵.̵t̵o̵C̵u̵r̵r̵e̵n̵t̵T̵r̵a̵n̵s̵c̵r̵i̵p̵t̵,̵toCurrentTranscript,
                  nativeOutcome]

Note: This linter can be disabled with `set_option linter.unusedSimpArgs false`
/home/dombarker/project-offloads/aspis-r57-lean-src-20260929-a/AspisV8R19/R598NativeOrdinarySampler.lean:173:16: warning: This simp argument is unused:
  toCurrentTranscript

Hint: Omit it from the simp argument list.
  simp [bind_tc_ok, finishedNativeOuter, fromCurrentTranscript,
                  R577NativeInnerSamplerExecution.finishedNative,
                  R577NativeInnerSamplerExecution.fromCurrentTranscript,
                  R577NativeInnerSamplerExecution.toCurrentTranscript,
  ̵  ̵ ̵ ̵ ̵ ̵ ̵ ̵ ̵ ̵ ̵ ̵ ̵ ̵ ̵ ̵t̵o̵C̵u̵r̵r̵e̵nt̵T̵r̵an̵s̵c̵r̵i̵p̵t,̵ ̵n̵a̵t̵iveOutcome]

Note: This linter can be disabled with `set_option linter.unusedSimpArgs false`
/home/dombarker/project-offloads/aspis-r57-lean-src-20260929-a/AspisV8R19/R598NativeOrdinarySampler.lean:188:16: warning: This simp argument is unused:
  R577NativeInnerSamplerExecution.toCurrentTranscript

Hint: Omit it from the simp argument list.
  simp only [bind_tc_ok, finishedNativeOuter,
                  R577NativeInnerSamplerExecution.finishedNative,
                  R577NativeInnerSamplerExecution.fromCurrentTranscript, R̵5̵7̵7̵N̵a̵t̵i̵v̵e̵I̵n̵n̵e̵r̵S̵a̵m̵p̵l̵e̵r̵E̵x̵e̵c̵u̵t̵i̵o̵n̵.̵t̵o̵C̵u̵r̵r̵e̵n̵t̵T̵r̵a̵n̵s̵c̵r̵i̵p̵t̵,̵ ̵if_true]

Note: This linter can be disabled with `set_option linter.unusedSimpArgs false`
/home/dombarker/project-offloads/aspis-r57-lean-src-20260929-a/AspisV8R19/R598NativeOrdinarySampler.lean:204:60: error: expected ';' or line break
/home/dombarker/project-offloads/aspis-r57-lean-src-20260929-a/AspisV8R19/R598NativeOrdinarySampler.lean:293:6: error: 'change' tactic failed, pattern
  (do
      let out ←
        AspisR569MaskedClaimCompleteConsts.aspis_core.transcript.Transcript.challenge_qm31_loop0 nativeInitialIter
            (fun it => it) (R577NativeInnerSamplerExecution.fromCurrentTranscript s1) b 0#usize
      nativeFinishChallenge out) =
    ?m.127
is not definitionally equal to target
  (do
      let __x ←
        let (b, t) := (b, s1)
          ok (b, R577NativeInnerSamplerExecution.fromCurrentTranscript t)
      let __x ←
        AspisR569MaskedClaimCompleteConsts.aspis_core.transcript.Transcript.challenge_qm31_loop0
            { slice := limbs.to_slice } (fun im => im) __x.2 __x.1 0#usize
      match __x.2.1 with
        | none => do
          let m ← (limbs.from_slice __x.2.2.slice).index_usize 0#usize
          let m1 ← (limbs.from_slice __x.2.2.slice).index_usize 1#usize
          let m2 ← (limbs.from_slice __x.2.2.slice).index_usize 2#usize
          let m3 ← (limbs.from_slice __x.2.2.slice).index_usize 3#usize
          ok (core.result.Result.Ok { c0 := { a := m, b := m1 }, c1 := { a := m2, b := m3 } }, __x.1)
        | some r => ok (r, __x.1)) =
    do
    let x ←
      AspisR156FullFreeze.aspis_core.transcript.Transcript.challenge_qm31_loop0 { slice := limbs.to_slice }
          (fun im => im) s1 b 0#usize
    let v ←
      match x.2.1 with
        | none => do
          let m ← (limbs.from_slice x.2.2.slice).index_usize 0#usize
          let m1 ← (limbs.from_slice x.2.2.slice).index_usize 1#usize
          let m2 ← (limbs.from_slice x.2.2.slice).index_usize 2#usize
          let m3 ← (limbs.from_slice x.2.2.slice).index_usize 3#usize
          ok (core.result.Result.Ok { c0 := { a := m, b := m1 }, c1 := { a := m2, b := m3 } }, x.1)
        | some r => ok (r, x.1)
    ok (returnedChallenge v)
/home/dombarker/project-offloads/aspis-r57-lean-src-20260929-a/AspisV8R19/R598NativeOrdinarySampler.lean:270:4: warning: This simp argument is unused:
  lift

Hint: Omit it from the simp argument list.
  simp only [Array.to_slice_mut, core.slice.Slice.iter_mut,
  ̵  ̵ ̵ ̵l̵i̵f̵t̵,̵ ̵bind_tc_ok]

Note: This linter can be disabled with `set_option linter.unusedSimpArgs false`
/home/dombarker/project-offloads/aspis-r57-lean-src-20260929-a/AspisV8R19/R598NativeOrdinarySampler.lean:291:53: warning: This simp argument is unused:
  map_squeezed_pair

Hint: Omit it from the simp argument list.
  simp only [hs', bind_tc_ok, m̵a̵p̵_̵s̵q̵u̵e̵e̵z̵e̵d̵_̵p̵a̵i̵r̵,̵
  ̵ ̵ ̵ ̵ ̵ ̵ ̵ ̵ ̵Prod.fst, Prod.snd]

Note: This linter can be disabled with `set_option linter.unusedSimpArgs false`
/home/dombarker/project-offloads/aspis-r57-lean-src-20260929-a/AspisV8R19/R598NativeOrdinarySampler.lean:292:8: warning: This simp argument is unused:
  Prod.fst

Hint: Omit it from the simp argument list.
  simp only [hs', bind_tc_ok, map_squeezed_pair, P̵r̵o̵d̵.̵f̵s̵t̵,̵ ̵Prod.snd]

Note: This linter can be disabled with `set_option linter.unusedSimpArgs false`
/home/dombarker/project-offloads/aspis-r57-lean-src-20260929-a/AspisV8R19/R598NativeOrdinarySampler.lean:292:18: warning: This simp argument is unused:
  Prod.snd

Hint: Omit it from the simp argument list.
  simp only [hs', bind_tc_ok, map_squeezed_pair, P̵r̵o̵d̵.̵f̵s̵t̵,̵ ̵P̵r̵o̵d̵.̵s̵n̵d̵]̵P̲r̲o̲d̲.̲f̲s̲t̲]̲

Note: This linter can be disabled with `set_option linter.unusedSimpArgs false`
Command exited with non-zero status 1
	Command being timed: "/home/dombarker/.elan/bin/lake --dir /home/dombarker/project-offloads/aspis-r126-release-20260930-a/focus-workspace env lean -j1 -M4500 -R /home/dombarker/project-offloads/aspis-r57-lean-src-20260929-a -o /home/dombarker/project-offloads/aspis-r126-release-20260930-a/lib/AspisV8R19/R598NativeOrdinarySampler.olean /home/dombarker/project-offloads/aspis-r57-lean-src-20260929-a/AspisV8R19/R598NativeOrdinarySampler.lean"
	User time (seconds): 1.68
	System time (seconds): 0.37
	Percent of CPU this job got: 100%
	Elapsed (wall clock) time (h:mm:ss or m:ss): 0:02.04
	Average shared text size (kbytes): 0
	Average unshared data size (kbytes): 0
	Average stack size (kbytes): 0
	Average total size (kbytes): 0
	Maximum resident set size (kbytes): 3754936
	Average resident set size (kbytes): 0
	Major (requiring I/O) page faults: 0
	Minor (reclaiming a frame) page faults: 86994
	Voluntary context switches: 916
	Involuntary context switches: 76
	Swaps: 0
	File system inputs: 0
	File system outputs: 0
	Socket messages sent: 0
	Socket messages received: 0
	Signals delivered: 0
	Page size (bytes): 4096
	Exit status: 1
Finished with result: exit-code
Main processes terminated with: code=exited/status=1
Service runtime: 2.078s
CPU time consumed: 2.088s
Memory peak: 328.0K
Memory swap peak: 0B
