Warning: Permanently added '100.108.41.90' (ED25519) to the list of known hosts.
Running as unit: aspis-focus-1791092582624995000.service; invocation ID: 2ff3a680bd5c40aebd2caae9dcdf8984
/home/dombarker/project-offloads/aspis-r57-lean-src-20260929-a/AspisV8R19/R598NativeOrdinarySampler.lean:172:16: warning: This simp argument is unused:
  R577NativeInnerSamplerExecution.toCurrentTranscript

Hint: Omit it from the simp argument list.
  simp [bind_tc_ok, finishedNativeOuter, fromCurrentTranscript,
                  R577NativeInnerSamplerExecution.finishedNative,
                  R577NativeInnerSamplerExecution.fromCurrentTranscript, R̵5̵7̵7̵N̵a̵t̵i̵v̵e̵I̵n̵n̵e̵r̵S̵a̵m̵p̵l̵e̵r̵E̵x̵e̵c̵u̵t̵i̵o̵n̵.̵t̵o̵C̵u̵r̵r̵e̵n̵t̵T̵r̵a̵n̵s̵c̵r̵i̵p̵t̵,̵toCurrentTranscript,
                  nativeOutcome]

Note: This linter can be disabled with `set_option linter.unusedSimpArgs false`
/home/dombarker/project-offloads/aspis-r57-lean-src-20260929-a/AspisV8R19/R598NativeOrdinarySampler.lean:173:16: warning: This simp argument is unused:
  toCurrentTranscript

Hint: Omit it from the simp argument list.
  simp [bind_tc_ok, finishedNativeOuter, fromCurrentTranscript,
                  R577NativeInnerSamplerExecution.finishedNative,
                  R577NativeInnerSamplerExecution.fromCurrentTranscript,
                  R577NativeInnerSamplerExecution.toCurrentTranscript,
  ̵  ̵ ̵ ̵ ̵ ̵ ̵ ̵ ̵ ̵ ̵ ̵ ̵ ̵ ̵ ̵t̵o̵C̵u̵r̵r̵e̵nt̵T̵r̵an̵s̵c̵r̵i̵p̵t,̵ ̵n̵a̵t̵iveOutcome]

Note: This linter can be disabled with `set_option linter.unusedSimpArgs false`
/home/dombarker/project-offloads/aspis-r57-lean-src-20260929-a/AspisV8R19/R598NativeOrdinarySampler.lean:188:16: warning: This simp argument is unused:
  R577NativeInnerSamplerExecution.toCurrentTranscript

Hint: Omit it from the simp argument list.
  simp only [bind_tc_ok, finishedNativeOuter,
                  R577NativeInnerSamplerExecution.finishedNative,
                  R577NativeInnerSamplerExecution.fromCurrentTranscript, R̵5̵7̵7̵N̵a̵t̵i̵v̵e̵I̵n̵n̵e̵r̵S̵a̵m̵p̵l̵e̵r̵E̵x̵e̵c̵u̵t̵i̵o̵n̵.̵t̵o̵C̵u̵r̵r̵e̵n̵t̵T̵r̵a̵n̵s̵c̵r̵i̵p̵t̵,̵ ̵if_true]

Note: This linter can be disabled with `set_option linter.unusedSimpArgs false`
/home/dombarker/project-offloads/aspis-r57-lean-src-20260929-a/AspisV8R19/R598NativeOrdinarySampler.lean:218:11: error: unsolved goals
case fail
s : NTranscript
e : Error
hs : AspisR156FullFreeze.aspis_core.transcript.Transcript.squeeze_block (toCurrentTranscript s) = fail e
⊢ (do
      let x ←
        AspisR156FullFreeze.aspis_core.transcript.Transcript.squeeze_block
            (R577NativeInnerSamplerExecution.toCurrentTranscript s)
      let __x ←
        let (b, t) := x
          ok (b, R577NativeInnerSamplerExecution.fromCurrentTranscript t)
      let __x ←
        AspisR569MaskedClaimCompleteConsts.aspis_core.transcript.Transcript.challenge_qm31_loop0
            { slice := (Array.repeat 4#usize 0#u32).to_slice } (fun im => im) __x.2 __x.1 0#usize
      match __x.2.1 with
        | none => do
          let m ← ((Array.repeat 4#usize 0#u32).from_slice __x.2.2.slice).index_usize 0#usize
          let m1 ← ((Array.repeat 4#usize 0#u32).from_slice __x.2.2.slice).index_usize 1#usize
          let m2 ← ((Array.repeat 4#usize 0#u32).from_slice __x.2.2.slice).index_usize 2#usize
          let m3 ← ((Array.repeat 4#usize 0#u32).from_slice __x.2.2.slice).index_usize 3#usize
          ok (core.result.Result.Ok { c0 := { a := m, b := m1 }, c1 := { a := m2, b := m3 } }, __x.1)
        | some r => ok (r, __x.1)) =
    fail e
/home/dombarker/project-offloads/aspis-r57-lean-src-20260929-a/AspisV8R19/R598NativeOrdinarySampler.lean:219:8: error: unsolved goals
case div
s : NTranscript
hs : AspisR156FullFreeze.aspis_core.transcript.Transcript.squeeze_block (toCurrentTranscript s) = div
⊢ (do
      let x ←
        AspisR156FullFreeze.aspis_core.transcript.Transcript.squeeze_block
            (R577NativeInnerSamplerExecution.toCurrentTranscript s)
      let __x ←
        let (b, t) := x
          ok (b, R577NativeInnerSamplerExecution.fromCurrentTranscript t)
      let __x ←
        AspisR569MaskedClaimCompleteConsts.aspis_core.transcript.Transcript.challenge_qm31_loop0
            { slice := (Array.repeat 4#usize 0#u32).to_slice } (fun im => im) __x.2 __x.1 0#usize
      match __x.2.1 with
        | none => do
          let m ← ((Array.repeat 4#usize 0#u32).from_slice __x.2.2.slice).index_usize 0#usize
          let m1 ← ((Array.repeat 4#usize 0#u32).from_slice __x.2.2.slice).index_usize 1#usize
          let m2 ← ((Array.repeat 4#usize 0#u32).from_slice __x.2.2.slice).index_usize 2#usize
          let m3 ← ((Array.repeat 4#usize 0#u32).from_slice __x.2.2.slice).index_usize 3#usize
          ok (core.result.Result.Ok { c0 := { a := m, b := m1 }, c1 := { a := m2, b := m3 } }, __x.1)
        | some r => ok (r, __x.1)) =
    div
/home/dombarker/project-offloads/aspis-r57-lean-src-20260929-a/AspisV8R19/R598NativeOrdinarySampler.lean:223:10: error: Tactic `rewrite` failed: Did not find an occurrence of the pattern
  AspisR569MaskedClaimCompleteConsts.aspis_core.transcript.Transcript.challenge_qm31_loop0 ?m.73 ?m.74
    (fromCurrentTranscript s1) b 0#usize
in the target expression
  (do
      let x ←
        AspisR156FullFreeze.aspis_core.transcript.Transcript.squeeze_block
            (R577NativeInnerSamplerExecution.toCurrentTranscript s)
      let __x ←
        let (b, t) := x
          ok (b, R577NativeInnerSamplerExecution.fromCurrentTranscript t)
      let __x ←
        AspisR569MaskedClaimCompleteConsts.aspis_core.transcript.Transcript.challenge_qm31_loop0
            { slice := (Array.repeat 4#usize 0#u32).to_slice } (fun im => im) __x.2 __x.1 0#usize
      match __x.2.1 with
        | none => do
          let m ← ((Array.repeat 4#usize 0#u32).from_slice __x.2.2.slice).index_usize 0#usize
          let m1 ← ((Array.repeat 4#usize 0#u32).from_slice __x.2.2.slice).index_usize 1#usize
          let m2 ← ((Array.repeat 4#usize 0#u32).from_slice __x.2.2.slice).index_usize 2#usize
          let m3 ← ((Array.repeat 4#usize 0#u32).from_slice __x.2.2.slice).index_usize 3#usize
          ok (core.result.Result.Ok { c0 := { a := m, b := m1 }, c1 := { a := m2, b := m3 } }, __x.1)
        | some r => ok (r, __x.1)) =
    do
    let x ←
      AspisR156FullFreeze.aspis_core.transcript.Transcript.challenge_qm31_loop0
          { slice := (Array.repeat 4#usize 0#u32).to_slice } (fun im => im) s1 b 0#usize
    let v ←
      match x.2.1 with
        | none => do
          let m ← ((Array.repeat 4#usize 0#u32).from_slice x.2.2.slice).index_usize 0#usize
          let m1 ← ((Array.repeat 4#usize 0#u32).from_slice x.2.2.slice).index_usize 1#usize
          let m2 ← ((Array.repeat 4#usize 0#u32).from_slice x.2.2.slice).index_usize 2#usize
          let m3 ← ((Array.repeat 4#usize 0#u32).from_slice x.2.2.slice).index_usize 3#usize
          ok (core.result.Result.Ok { c0 := { a := m, b := m1 }, c1 := { a := m2, b := m3 } }, x.1)
        | some r => ok (r, x.1)
    ok (returnedChallenge v)

case ok
s : NTranscript
b : Std.Array U8 32#usize
s1 : AspisR156FullFreeze.aspis_core.transcript.Transcript
hs : AspisR156FullFreeze.aspis_core.transcript.Transcript.squeeze_block (toCurrentTranscript s) = ok (b, s1)
⊢ (do
      let x ←
        AspisR156FullFreeze.aspis_core.transcript.Transcript.squeeze_block
            (R577NativeInnerSamplerExecution.toCurrentTranscript s)
      let __x ←
        let (b, t) := x
          ok (b, R577NativeInnerSamplerExecution.fromCurrentTranscript t)
      let __x ←
        AspisR569MaskedClaimCompleteConsts.aspis_core.transcript.Transcript.challenge_qm31_loop0
            { slice := (Array.repeat 4#usize 0#u32).to_slice } (fun im => im) __x.2 __x.1 0#usize
      match __x.2.1 with
        | none => do
          let m ← ((Array.repeat 4#usize 0#u32).from_slice __x.2.2.slice).index_usize 0#usize
          let m1 ← ((Array.repeat 4#usize 0#u32).from_slice __x.2.2.slice).index_usize 1#usize
          let m2 ← ((Array.repeat 4#usize 0#u32).from_slice __x.2.2.slice).index_usize 2#usize
          let m3 ← ((Array.repeat 4#usize 0#u32).from_slice __x.2.2.slice).index_usize 3#usize
          ok (core.result.Result.Ok { c0 := { a := m, b := m1 }, c1 := { a := m2, b := m3 } }, __x.1)
        | some r => ok (r, __x.1)) =
    do
    let x ←
      AspisR156FullFreeze.aspis_core.transcript.Transcript.challenge_qm31_loop0
          { slice := (Array.repeat 4#usize 0#u32).to_slice } (fun im => im) s1 b 0#usize
    let v ←
      match x.2.1 with
        | none => do
          let m ← ((Array.repeat 4#usize 0#u32).from_slice x.2.2.slice).index_usize 0#usize
          let m1 ← ((Array.repeat 4#usize 0#u32).from_slice x.2.2.slice).index_usize 1#usize
          let m2 ← ((Array.repeat 4#usize 0#u32).from_slice x.2.2.slice).index_usize 2#usize
          let m3 ← ((Array.repeat 4#usize 0#u32).from_slice x.2.2.slice).index_usize 3#usize
          ok (core.result.Result.Ok { c0 := { a := m, b := m1 }, c1 := { a := m2, b := m3 } }, x.1)
        | some r => ok (r, x.1)
    ok (returnedChallenge v)

Note: The target expression is not type-correct under the `instances` transparency level, which may have triggered the failure. This is usually caused by unfolding of semireducible definitions in prior tactic steps. Use `set_option linter.tacticCheckInstances true` to investigate the source of the issue.
Full error:
  Application type mismatch: The argument
    Eq.refl true
  has type
    @Eq Bool true true
  but is expected to have type
    @Eq Bool (decide (32 ≤ UScalar.cMax UScalarTy.Usize)) true
  in the application
    id (Eq.refl true)
/home/dombarker/project-offloads/aspis-r57-lean-src-20260929-a/AspisV8R19/R598NativeOrdinarySampler.lean:224:12: error: omega could not prove the goal:
a possible counterexample may satisfy the constraints
  a ≥ 9
where
 a := ↑↑0#usize
/home/dombarker/project-offloads/aspis-r57-lean-src-20260929-a/AspisV8R19/R598NativeOrdinarySampler.lean:224:23: error: Tactic `rfl` failed: The left-hand side
  ↑(core.slice.iter.IterMut.slice ?m.73).len - core.slice.iter.IterMut.i ?m.73
is not definitionally equal to the right-hand side
  4

s : NTranscript
b : Std.Array U8 32#usize
s1 : AspisR156FullFreeze.aspis_core.transcript.Transcript
hs : AspisR156FullFreeze.aspis_core.transcript.Transcript.squeeze_block (toCurrentTranscript s) = ok (b, s1)
⊢ ↑(core.slice.iter.IterMut.slice ?m.73).len - core.slice.iter.IterMut.i ?m.73 = 4
/home/dombarker/project-offloads/aspis-r57-lean-src-20260929-a/AspisV8R19/R598NativeOrdinarySampler.lean:218:20: warning: This simp argument is unused:
  hs

Hint: Omit it from the simp argument list.
  simp ̵[̵h̵s̵]̵

Note: This linter can be disabled with `set_option linter.unusedSimpArgs false`
/home/dombarker/project-offloads/aspis-r57-lean-src-20260929-a/AspisV8R19/R598NativeOrdinarySampler.lean:219:17: warning: This simp argument is unused:
  hs

Hint: Omit it from the simp argument list.
  simp ̵[̵h̵s̵]̵

Note: This linter can be disabled with `set_option linter.unusedSimpArgs false`
Command exited with non-zero status 1
	Command being timed: "/home/dombarker/.elan/bin/lake --dir /home/dombarker/project-offloads/aspis-r126-release-20260930-a/focus-workspace env lean -j1 -M4500 -R /home/dombarker/project-offloads/aspis-r57-lean-src-20260929-a -o /home/dombarker/project-offloads/aspis-r126-release-20260930-a/lib/AspisV8R19/R598NativeOrdinarySampler.olean /home/dombarker/project-offloads/aspis-r57-lean-src-20260929-a/AspisV8R19/R598NativeOrdinarySampler.lean"
	User time (seconds): 1.64
	System time (seconds): 0.38
	Percent of CPU this job got: 100%
	Elapsed (wall clock) time (h:mm:ss or m:ss): 0:02.02
	Average shared text size (kbytes): 0
	Average unshared data size (kbytes): 0
	Average stack size (kbytes): 0
	Average total size (kbytes): 0
	Maximum resident set size (kbytes): 3752424
	Average resident set size (kbytes): 0
	Major (requiring I/O) page faults: 0
	Minor (reclaiming a frame) page faults: 86395
	Voluntary context switches: 784
	Involuntary context switches: 80
	Swaps: 0
	File system inputs: 0
	File system outputs: 0
	Socket messages sent: 0
	Socket messages received: 0
	Signals delivered: 0
	Page size (bytes): 4096
	Exit status: 1
Finished with result: exit-code
Main processes terminated with: code=exited/status=1
Service runtime: 2.048s
CPU time consumed: 2.054s
Memory peak: 256.0K
Memory swap peak: 0B
