   Compiling aspis-core v0.1.0 (/tmp/aspis-v7-one-tx-release.r5kd9u/source-a/crates/aspis-core)
warning: unused imports: `begin_payment_zerocheck` and `verify_payment_sumcheck_messages`
  --> crates/aspis-core/src/circle_prefix.rs:17:5
   |
17 |     begin_payment_zerocheck, decode_wire, verify_payment_sumcheck_messages,
   |     ^^^^^^^^^^^^^^^^^^^^^^^               ^^^^^^^^^^^^^^^^^^^^^^^^^^^^^^^^
   |
   = note: `#[warn(unused_imports)]` on by default

warning: function `verify_circle_layer0_opening_from_proof_deferred_canonical_for_depth_and_c2_leaf_bytes` is never used
   --> crates/aspis-core/src/circle_merkle.rs:419:15
    |
419 | pub(crate) fn verify_circle_layer0_opening_from_proof_deferred_canonical_for_depth_and_c2_leaf_bytes<
    |               ^^^^^^^^^^^^^^^^^^^^^^^^^^^^^^^^^^^^^^^^^^^^^^^^^^^^^^^^^^^^^^^^^^^^^^^^^^^^^^^^^^^^^^
    |
    = note: `#[warn(dead_code)]` on by default

warning: function `verify_circle_openings_deferred_canonical` is never used
   --> crates/aspis-core/src/circle_openings.rs:993:15
    |
993 | pub(crate) fn verify_circle_openings_deferred_canonical<'a>(
    |               ^^^^^^^^^^^^^^^^^^^^^^^^^^^^^^^^^^^^^^^^^

warning: function `verify_radix4_minimal_subtree_prevalidated_in_place` is never used
   --> crates/aspis-core/src/merkle.rs:329:15
    |
329 | pub(crate) fn verify_radix4_minimal_subtree_prevalidated_in_place(
    |               ^^^^^^^^^^^^^^^^^^^^^^^^^^^^^^^^^^^^^^^^^^^^^^^^^^^

warning: `aspis-core` (lib) generated 4 warnings (run `cargo fix --lib -p aspis-core` to apply 1 suggestion)
   Compiling aspis-statement v0.1.0 (/tmp/aspis-v7-one-tx-release.r5kd9u/source-a/crates/aspis-statement)
warning: unused imports: `copy_logup_residual` and `range_logup_residual`
  --> crates/aspis-statement/src/constraints_v4.rs:21:56
   |
21 |     build_copy_logup_helper, build_range_logup_helper, copy_logup_residual, range_logup_residual,
   |                                                        ^^^^^^^^^^^^^^^^^^^  ^^^^^^^^^^^^^^^^^^^^
   |
   = note: `#[warn(unused_imports)]` on by default

warning: unused import: `evaluate_trace_round`
  --> crates/aspis-statement/src/constraints_v4.rs:26:5
   |
26 |     evaluate_trace_round, trace_round_constant, DIGEST_ELEMS, POSEIDON2_WIDTH, RATE,
   |     ^^^^^^^^^^^^^^^^^^^^

warning: unused imports: `is_poseidon_active_row`, `is_poseidon_padding_row`, `merkle_boundary_layout`, `visit_copy_exceptional_terminal_links`, and `visit_copy_terminal_links`
  --> crates/aspis-statement/src/constraints_v4.rs:30:47
   |
30 |     copy_terminal_pattern, has_carry_payload, is_poseidon_active_row, is_poseidon_padding_row,
   |                                               ^^^^^^^^^^^^^^^^^^^^^^  ^^^^^^^^^^^^^^^^^^^^^^^
31 |     merkle_boundary_layout, permutation_block_schedule, source_relation_layout,
   |     ^^^^^^^^^^^^^^^^^^^^^^
32 |     visit_copy_exceptional_terminal_links, visit_copy_links, visit_copy_terminal_links,
   |     ^^^^^^^^^^^^^^^^^^^^^^^^^^^^^^^^^^^^^                    ^^^^^^^^^^^^^^^^^^^^^^^^^

warning: unused imports: `POOL_V1_PAIR_FOREST_ALL_LANES_MASK` and `decode_pool_v1_pair_late_public_statement_v1`
  --> crates/aspis-statement/src/pool_v1/pair_forest_terminal.rs:15:5
   |
15 |     decode_pool_v1_pair_late_public_statement_v1, decode_pool_v1_pair_verified_afterstate_v1,
   |     ^^^^^^^^^^^^^^^^^^^^^^^^^^^^^^^^^^^^^^^^^^^^
...
24 |     PoolV1WithdrawalPublicV1, POOL_V1_DIGEST_ENCODING_VERSION, POOL_V1_PAIR_FOREST_ALL_LANES_MASK,
   |                                                                ^^^^^^^^^^^^^^^^^^^^^^^^^^^^^^^^^^

warning: unused imports: `trace_round_constant` and `trace_round_descriptor`
  --> crates/aspis-statement/src/state_only_poseidon.rs:18:5
   |
18 |     trace_round_constant, trace_round_descriptor, EXTERNAL_FINAL, EXTERNAL_INITIAL, INTERNAL,
   |     ^^^^^^^^^^^^^^^^^^^^  ^^^^^^^^^^^^^^^^^^^^^^

warning: type `CompiledCopyLink` is more private than the item `COMPILED_COPY_LINKS`
   --> crates/aspis-statement/src/state_only_terminal_constants.rs:850:1
    |
850 | pub(crate) const COMPILED_COPY_LINKS: [CompiledCopyLink; 102] = [
    | ^^^^^^^^^^^^^^^^^^^^^^^^^^^^^^^^^^^^^^^^^^^^^^^^^^^^^^^^^^^^^ constant `COMPILED_COPY_LINKS` is reachable at visibility `pub(crate)`
    |
note: but type `CompiledCopyLink` is only usable at visibility `pub(self)`
   --> crates/aspis-statement/src/state_only_terminal.rs:88:1
    |
88  | struct CompiledCopyLink {
    | ^^^^^^^^^^^^^^^^^^^^^^^
    = note: `#[warn(private_interfaces)]` on by default

warning: constant `PINNED_ATOMIC_STATE_ONLY_REGISTRY_FINGERPRINT_V3` is never used
  --> crates/aspis-statement/src/atomic_state_only_terminal.rs:30:7
   |
30 | const PINNED_ATOMIC_STATE_ONLY_REGISTRY_FINGERPRINT_V3: u64 = 0xa524_9dda_67f7_5888;
   |       ^^^^^^^^^^^^^^^^^^^^^^^^^^^^^^^^^^^^^^^^^^^^^^^^
   |
   = note: `#[warn(dead_code)]` on by default

warning: constant `ATOMIC_SOURCE_SEMANTIC_LANES` is never used
  --> crates/aspis-statement/src/atomic_state_only_terminal.rs:32:7
   |
32 | const ATOMIC_SOURCE_SEMANTIC_LANES: usize = 77;
   |       ^^^^^^^^^^^^^^^^^^^^^^^^^^^^

warning: fields `kinds`, `columns`, and `scales` are never read
  --> crates/aspis-statement/src/atomic_state_only_terminal.rs:59:5
   |
57 | struct CompiledAtomicPattern {
   |        --------------------- fields in this struct
58 |     /// 0 = zero, 1 = constant, 2 = affine local cell.
59 |     kinds: [u8; 16],
   |     ^^^^^
60 |     columns: [u8; 16],
   |     ^^^^^^^
61 |     scales: [u32; 16],
   |     ^^^^^^
   |
   = note: `CompiledAtomicPattern` has a derived impl for the trait `Clone`, but this is intentionally ignored during dead code analysis

warning: fields `row`, `slot`, and `pattern` are never read
  --> crates/aspis-statement/src/atomic_state_only_terminal.rs:67:5
   |
66 | struct CompiledAtomicCopyEndpoint {
   |        -------------------------- fields in this struct
67 |     row: u16,
   |     ^^^
68 |     slot: u8,
   |     ^^^^
69 |     pattern: u8,
   |     ^^^^^^^
   |
   = note: `CompiledAtomicCopyEndpoint` has a derived impl for the trait `Clone`, but this is intentionally ignored during dead code analysis

warning: fields `tag`, `producer`, and `consumer` are never read
  --> crates/aspis-statement/src/atomic_state_only_terminal.rs:74:5
   |
73 | struct CompiledAtomicCopyLink {
   |        ---------------------- fields in this struct
74 |     tag: u32,
   |     ^^^
75 |     producer: CompiledAtomicCopyEndpoint,
   |     ^^^^^^^^
76 |     consumer: CompiledAtomicCopyEndpoint,
   |     ^^^^^^^^
   |
   = note: `CompiledAtomicCopyLink` has a derived impl for the trait `Clone`, but this is intentionally ignored during dead code analysis

warning: struct `AtomicSemanticSelectors` is never constructed
   --> crates/aspis-statement/src/atomic_state_only_terminal.rs:297:8
    |
297 | struct AtomicSemanticSelectors {
    |        ^^^^^^^^^^^^^^^^^^^^^^^

warning: associated items `at_point`, `row`, and `poseidon` are never used
   --> crates/aspis-statement/src/atomic_state_only_terminal.rs:305:8
    |
304 | impl AtomicSemanticSelectors {
    | ---------------------------- associated items in this implementation
305 |     fn at_point(point: &[QM31; 10]) -> Self {
    |        ^^^^^^^^
...
327 |     fn row(&self, row: usize) -> QM31 {
    |        ^^^
...
331 |     fn poseidon(&self) -> StateOnlyPoseidonSelectors {
    |        ^^^^^^^^

warning: constant `COMPILED_ATOMIC_REGISTRY_FINGERPRINT` is never used
 --> crates/aspis-statement/src/atomic_state_only_terminal_constants.rs:4:18
  |
4 | pub(crate) const COMPILED_ATOMIC_REGISTRY_FINGERPRINT: u64 = 0xa5249dda67f75888;
  |                  ^^^^^^^^^^^^^^^^^^^^^^^^^^^^^^^^^^^^

warning: constant `COMPILED_ATOMIC_REGISTRY_FINGERPRINT` is never used
 --> crates/aspis-statement/src/atomic_state_only_terminal_constants_legacy_partition.rs:4:18
  |
4 | pub(crate) const COMPILED_ATOMIC_REGISTRY_FINGERPRINT: u64 = 0xa5249dda67f75888;
  |                  ^^^^^^^^^^^^^^^^^^^^^^^^^^^^^^^^^^^^

warning: constant `ATOMIC_COPY_ROUTING_LOW_ROW_BITS` is never used
 --> crates/aspis-statement/src/atomic_state_only_terminal_constants_legacy_partition.rs:5:18
  |
5 | pub(crate) const ATOMIC_COPY_ROUTING_LOW_ROW_BITS: u16 = 0x000f;
  |                  ^^^^^^^^^^^^^^^^^^^^^^^^^^^^^^^^

warning: constant `COMPILED_ATOMIC_COPY_ACTIVE_ROWS` is never used
 --> crates/aspis-statement/src/atomic_state_only_terminal_constants_legacy_partition.rs:6:18
  |
6 | pub(crate) const COMPILED_ATOMIC_COPY_ACTIVE_ROWS: [u16; 210] = [11, 12, 27, 28, 32, 43, 44, 48, 59, 60, 64, 75, 76, 80, 91, 92, 96, 107,...
  |                  ^^^^^^^^^^^^^^^^^^^^^^^^^^^^^^^^

warning: constant `COMPILED_ATOMIC_COPY_ACTIVE_ROWS_FINGERPRINT` is never used
 --> crates/aspis-statement/src/atomic_state_only_terminal_constants_legacy_partition.rs:7:18
  |
7 | pub(crate) const COMPILED_ATOMIC_COPY_ACTIVE_ROWS_FINGERPRINT: u64 = 0xfc90f89be110b6f5;
  |                  ^^^^^^^^^^^^^^^^^^^^^^^^^^^^^^^^^^^^^^^^^^^^

warning: constant `ATOMIC_COPY_PATTERNS` is never used
  --> crates/aspis-statement/src/atomic_state_only_terminal_constants_legacy_partition.rs:16:18
   |
16 | pub(crate) const ATOMIC_COPY_PATTERNS: [CompiledAtomicPattern; 15] = [
   |                  ^^^^^^^^^^^^^^^^^^^^

warning: constant `ATOMIC_COPY_ROUTING_RANK` is never used
  --> crates/aspis-statement/src/atomic_state_only_terminal_constants_legacy_partition.rs:33:18
   |
33 | pub(crate) const ATOMIC_COPY_ROUTING_RANK: usize = 103;
   |                  ^^^^^^^^^^^^^^^^^^^^^^^^

warning: constant `COMPILED_ATOMIC_COPY_LINKS` is never used
  --> crates/aspis-statement/src/atomic_state_only_terminal_constants_legacy_partition.rs:40:18
   |
40 | pub(crate) const COMPILED_ATOMIC_COPY_LINKS: [CompiledAtomicCopyLink; 183] = [
   |                  ^^^^^^^^^^^^^^^^^^^^^^^^^^

warning: function `compose_randomized_residuals` is never used
   --> crates/aspis-statement/src/constraints_v4.rs:275:4
    |
275 | fn compose_randomized_residuals(
    |    ^^^^^^^^^^^^^^^^^^^^^^^^^^^^

warning: function `compose_direct_range_randomized_residuals` is never used
   --> crates/aspis-statement/src/constraints_v4.rs:317:4
    |
317 | fn compose_direct_range_randomized_residuals(
    |    ^^^^^^^^^^^^^^^^^^^^^^^^^^^^^^^^^^^^^^^^^

warning: function `compose_direct_range_terminal_packed_residuals` is never used
   --> crates/aspis-statement/src/constraints_v4.rs:371:4
    |
371 | fn compose_direct_range_terminal_packed_residuals(
    |    ^^^^^^^^^^^^^^^^^^^^^^^^^^^^^^^^^^^^^^^^^^^^^^

warning: function `eq_row` is never used
   --> crates/aspis-statement/src/constraints_v4.rs:588:4
    |
588 | fn eq_row(point: &[QM31; 10], row: usize) -> QM31 {
    |    ^^^^^^

warning: constant `POSEIDON_PREPROCESSED_INDIVIDUAL_DEGREE` is never used
   --> crates/aspis-statement/src/constraints_v4.rs:980:7
    |
980 | const POSEIDON_PREPROCESSED_INDIVIDUAL_DEGREE: usize = 6;
    |       ^^^^^^^^^^^^^^^^^^^^^^^^^^^^^^^^^^^^^^^

warning: function `compress_opened_tuple` is never used
    --> crates/aspis-statement/src/constraints_v4.rs:1184:4
     |
1184 | fn compress_opened_tuple(
     |    ^^^^^^^^^^^^^^^^^^^^^

warning: constant `COPY_ROUTING_EXPANDED_FACTOR_SUPPORT` is never used
    --> crates/aspis-statement/src/constraints_v4.rs:1203:7
     |
1203 | const COPY_ROUTING_EXPANDED_FACTOR_SUPPORT: usize = 674;
     |       ^^^^^^^^^^^^^^^^^^^^^^^^^^^^^^^^^^^^

warning: function `evaluate_exceptional_copy_routing_direct` is never used
    --> crates/aspis-statement/src/constraints_v4.rs:1717:4
     |
1717 | fn evaluate_exceptional_copy_routing_direct(
     |    ^^^^^^^^^^^^^^^^^^^^^^^^^^^^^^^^^^^^^^^^

warning: function `absorption_column_must_be_zero` is never used
    --> crates/aspis-statement/src/constraints_v4.rs:2586:4
     |
2586 | fn absorption_column_must_be_zero(block: usize, column: usize) -> bool {
     |    ^^^^^^^^^^^^^^^^^^^^^^^^^^^^^^

warning: function `lift` is never used
  --> crates/aspis-statement/src/direct_range_hiding_v4.rs:67:4
   |
67 | fn lift(value: M31) -> QM31 {
   |    ^^^^

warning: struct `CompiledPoolV1PairForestPattern` is never constructed
  --> crates/aspis-statement/src/pool_v1/pair_forest_copy_terminal.rs:80:8
   |
80 | struct CompiledPoolV1PairForestPattern {
   |        ^^^^^^^^^^^^^^^^^^^^^^^^^^^^^^^

warning: function `add_binary_weight` is never used
   --> crates/aspis-statement/src/pool_v1/pair_forest_copy_terminal.rs:384:4
    |
384 | fn add_binary_weight(sum: QM31, selector: QM31, weight: M31) -> QM31 {
    |    ^^^^^^^^^^^^^^^^^

warning: struct `EndpointSelectorCache` is never constructed
   --> crates/aspis-statement/src/pool_v1/pair_forest_copy_terminal.rs:396:8
    |
396 | struct EndpointSelectorCache {
    |        ^^^^^^^^^^^^^^^^^^^^^

warning: associated items `new` and `selector` are never used
   --> crates/aspis-statement/src/pool_v1/pair_forest_copy_terminal.rs:403:8
    |
402 | impl EndpointSelectorCache {
    | -------------------------- associated items in this implementation
403 |     fn new() -> Self {
    |        ^^^
...
411 |     fn selector(&mut self, row: u16, selectors: &Selectors) -> QM31 {
    |        ^^^^^^^^

warning: function `accumulate_endpoint` is never used
   --> crates/aspis-statement/src/pool_v1/pair_forest_copy_terminal.rs:424:4
    |
424 | fn accumulate_endpoint(
    |    ^^^^^^^^^^^^^^^^^^^

warning: constant `COPY_PATTERN_GROUP_SUPPORT` is never used
   --> crates/aspis-statement/src/pool_v1/pair_forest_copy_terminal.rs:456:7
    |
456 | const COPY_PATTERN_GROUP_SUPPORT: [u16; 4] = [0x0ed7, 0x2042, 0x1dcb, 0x01e2];
    |       ^^^^^^^^^^^^^^^^^^^^^^^^^^

warning: constant `COPY_PATTERN_COORDINATES` is never used
   --> crates/aspis-statement/src/pool_v1/pair_forest_copy_terminal.rs:458:7
    |
458 | const COPY_PATTERN_COORDINATES: [[u8; POOL_V1_PAIR_FOREST_COPY_TERMINAL_PATTERNS_V1]; 4] = [
    |       ^^^^^^^^^^^^^^^^^^^^^^^^

warning: constant `COPY_SELECTOR_TENSOR_TAG_OFFSET` is never used
   --> crates/aspis-statement/src/pool_v1/pair_forest_copy_terminal.rs:593:7
    |
593 | const COPY_SELECTOR_TENSOR_TAG_OFFSET: usize = 0;
    |       ^^^^^^^^^^^^^^^^^^^^^^^^^^^^^^^

warning: function `accumulate_endpoint_pattern_basis` is never used
   --> crates/aspis-statement/src/pool_v1/pair_forest_copy_terminal.rs:742:4
    |
742 | fn accumulate_endpoint_pattern_basis(
    |    ^^^^^^^^^^^^^^^^^^^^^^^^^^^^^^^^^

warning: constant `COPY_PATTERNS` is never used
  --> crates/aspis-statement/src/pool_v1/pair_forest_copy_terminal_constants.rs:10:18
   |
10 | pub(crate) const COPY_PATTERNS: [CompiledPoolV1PairForestPattern; 14] = [
   |                  ^^^^^^^^^^^^^

warning: function `add_digest_binding_packed` is never used
   --> crates/aspis-statement/src/pool_v1/pair_forest_semantic_terminal.rs:705:4
    |
705 | fn add_digest_binding_packed(
    |    ^^^^^^^^^^^^^^^^^^^^^^^^^

warning: constant `AUXILIARY_USED_COLUMN_MASKS` is never used
 --> crates/aspis-statement/src/pool_v1/payment_semantic_terminal_constants.rs:7:18
  |
7 | pub(crate) const AUXILIARY_USED_COLUMN_MASKS: [u16; 96] = [511, 65535, 511, 65535, 511, 65535, 511, 65535, 255, 0, 255, 0, 255, 0, 255, 0...
  |                  ^^^^^^^^^^^^^^^^^^^^^^^^^^^

warning: function `evaluate_trace_round_pair` is never used
   --> crates/aspis-statement/src/poseidon2.rs:239:15
    |
239 | pub(crate) fn evaluate_trace_round_pair(
    |               ^^^^^^^^^^^^^^^^^^^^^^^^^

warning: function `evaluate_trace_round` is never used
   --> crates/aspis-statement/src/poseidon2.rs:256:15
    |
256 | pub(crate) fn evaluate_trace_round(
    |               ^^^^^^^^^^^^^^^^^^^^

warning: function `apply_round_by_index` is never used
   --> crates/aspis-statement/src/poseidon2.rs:268:4
    |
268 | fn apply_round_by_index(state: &mut [M31; POSEIDON2_WIDTH], round: usize) -> Option<()> {
    |    ^^^^^^^^^^^^^^^^^^^^

warning: function `merkle_node_sponge_v2` is never used
   --> crates/aspis-statement/src/poseidon2.rs:480:15
    |
480 | pub(crate) fn merkle_node_sponge_v2(left: &Digest, right: &Digest) -> Digest {
    |               ^^^^^^^^^^^^^^^^^^^^^

warning: function `lift` is never used
   --> crates/aspis-statement/src/state_only_poseidon.rs:119:4
    |
119 | fn lift(value: M31) -> QM31 {
    |    ^^^^

warning: function `multilinear_evaluate` is never used
   --> crates/aspis-statement/src/state_only_poseidon.rs:619:4
    |
619 | fn multilinear_evaluate(column: &[M31], point: &[QM31; 10]) -> Option<QM31> {
    |    ^^^^^^^^^^^^^^^^^^^^

warning: struct `CompiledCopyEndpoint` is never constructed
  --> crates/aspis-statement/src/state_only_terminal.rs:80:8
   |
80 | struct CompiledCopyEndpoint {
   |        ^^^^^^^^^^^^^^^^^^^^

warning: struct `CompiledCopyLink` is never constructed
  --> crates/aspis-statement/src/state_only_terminal.rs:88:8
   |
88 | struct CompiledCopyLink {
   |        ^^^^^^^^^^^^^^^^

warning: constant `COMPILED_COPY_LINKS` is never used
   --> crates/aspis-statement/src/state_only_terminal_constants.rs:850:18
    |
850 | pub(crate) const COMPILED_COPY_LINKS: [CompiledCopyLink; 102] = [
    |                  ^^^^^^^^^^^^^^^^^^^

warning: function `append_link` is never used
    --> crates/aspis-statement/src/trace_v4.rs:1017:4
     |
1017 | fn append_link(
     |    ^^^^^^^^^^^

warning: function `append_intra_permutation_links` is never used
    --> crates/aspis-statement/src/trace_v4.rs:1048:4
     |
1048 | fn append_intra_permutation_links(layout: &mut CopyLayout) {
     |    ^^^^^^^^^^^^^^^^^^^^^^^^^^^^^^

warning: function `append_sponge_continuation_links` is never used
    --> crates/aspis-statement/src/trace_v4.rs:1067:4
     |
1067 | fn append_sponge_continuation_links(layout: &mut CopyLayout) {
     |    ^^^^^^^^^^^^^^^^^^^^^^^^^^^^^^^^

warning: function `append_merkle_level_links` is never used
    --> crates/aspis-statement/src/trace_v4.rs:1090:4
     |
1090 | fn append_merkle_level_links(layout: &mut CopyLayout) {
     |    ^^^^^^^^^^^^^^^^^^^^^^^^^

warning: function `append_semantic_ingress_links` is never used
    --> crates/aspis-statement/src/trace_v4.rs:1107:4
     |
1107 | fn append_semantic_ingress_links(layout: &mut CopyLayout) {
     |    ^^^^^^^^^^^^^^^^^^^^^^^^^^^^^

warning: function `append_absorption_links` is never used
    --> crates/aspis-statement/src/trace_v4.rs:1163:4
     |
1163 | fn append_absorption_links(layout: &mut CopyLayout) {
     |    ^^^^^^^^^^^^^^^^^^^^^^^

warning: function `append_value_reconstruction_links` is never used
    --> crates/aspis-statement/src/trace_v4.rs:1190:4
     |
1190 | fn append_value_reconstruction_links(layout: &mut CopyLayout) {
     |    ^^^^^^^^^^^^^^^^^^^^^^^^^^^^^^^^^

warning: `aspis-statement` (lib) generated 59 warnings (run `cargo fix --lib -p aspis-statement` to apply 5 suggestions)
   Compiling aspis-verifier v0.1.0 (/tmp/aspis-v7-one-tx-release.r5kd9u/source-a/programs/aspis-verifier)
warning: unused import: `V7_COMPACT_BODY_WITHOUT_FRONTIERS`
  --> programs/aspis-verifier/src/v7_pair_forest_dispatch.rs:16:5
   |
16 |     V7_COMPACT_BODY_WITHOUT_FRONTIERS, V7_COMPACT_DIGEST_BYTES, V7_COMPACT_FRONTIER_CAP_PER_TREE,
   |     ^^^^^^^^^^^^^^^^^^^^^^^^^^^^^^^^^
   |
   = note: `#[warn(unused_imports)]` on by default

warning: unused imports: `POOL_V1_PAIR_FOREST_TERMINAL_STATEMENT_BYTES`, `decode_pool_v1_pair_forest_lane_state_v1`, and `decode_pool_v1_pair_forest_terminal_statement_v1`
  --> programs/aspis-verifier/src/v7_pair_forest_dispatch.rs:21:47
   |
21 |     decode_pool_v1_pair_forest_checkpoint_v1, decode_pool_v1_pair_forest_lane_state_v1,
   |                                               ^^^^^^^^^^^^^^^^^^^^^^^^^^^^^^^^^^^^^^^^
22 |     decode_pool_v1_pair_forest_master_v1, decode_pool_v1_pair_forest_terminal_request_v1,
23 |     decode_pool_v1_pair_forest_terminal_statement_v1, decode_pool_v1_pair_verified_afterstate_v1,
   |     ^^^^^^^^^^^^^^^^^^^^^^^^^^^^^^^^^^^^^^^^^^^^^^^^
...
33 |     POOL_V1_PAIR_FOREST_TERMINAL_STATEMENT_BYTES, POOL_V1_PAIR_VERIFIED_AFTERSTATE_BYTES,
   |     ^^^^^^^^^^^^^^^^^^^^^^^^^^^^^^^^^^^^^^^^^^^^

warning: use of deprecated module `solana_program::system_instruction`: Use `solana_system_interface` crate instead
  --> programs/aspis-verifier/src/atomic_payment.rs:15:5
   |
15 |     system_instruction, system_program,
   |     ^^^^^^^^^^^^^^^^^^
   |
   = note: `#[warn(deprecated)]` on by default

warning: use of deprecated module `solana_program::system_program`: Use `solana_sdk_ids::system_program` instead
  --> programs/aspis-verifier/src/atomic_payment.rs:15:25
   |
15 |     system_instruction, system_program,
   |                         ^^^^^^^^^^^^^^

warning: struct `AcceptedV7StagedPairAfterstateV1` is never constructed
   --> programs/aspis-verifier/src/v7_staged_pair_profile.rs:113:19
    |
113 | pub(crate) struct AcceptedV7StagedPairAfterstateV1 {
    |                   ^^^^^^^^^^^^^^^^^^^^^^^^^^^^^^^^
    |
    = note: `#[warn(dead_code)]` on by default

warning: function `accept_v7_staged_pair_after_full_verification_v1` is never used
   --> programs/aspis-verifier/src/v7_staged_pair_profile.rs:121:15
    |
121 | pub(crate) fn accept_v7_staged_pair_after_full_verification_v1(
    |               ^^^^^^^^^^^^^^^^^^^^^^^^^^^^^^^^^^^^^^^^^^^^^^^^

warning: function `encode_accepted_v7_staged_pair_result_v1` is never used
   --> programs/aspis-verifier/src/v7_staged_pair_profile.rs:129:15
    |
129 | pub(crate) fn encode_accepted_v7_staged_pair_result_v1(
    |               ^^^^^^^^^^^^^^^^^^^^^^^^^^^^^^^^^^^^^^^^

warning: function `emit_accepted_v7_staged_pair_result_v1` is never used
   --> programs/aspis-verifier/src/v7_staged_pair_profile.rs:140:15
    |
140 | pub(crate) fn emit_accepted_v7_staged_pair_result_v1(
    |               ^^^^^^^^^^^^^^^^^^^^^^^^^^^^^^^^^^^^^^

warning: `aspis-verifier` (lib) generated 8 warnings (run `cargo fix --lib -p aspis-verifier` to apply 2 suggestions)
    Finished `release` profile [optimized] target(s) in 39.06s
