/home/dombarker/project-offloads/aspis-r57-lean-src-20260929-a/AspisV8R19/R430ReadonlyConstantGraph.lean:50:4: warning: Variable name `fuel` is not explicitly referenced.

The binding can be removed (if unused) or named `_` (if used implicitly).

Note: This linter can be disabled with `set_option linter.unusedVariables false`
/home/dombarker/project-offloads/aspis-r57-lean-src-20260929-a/AspisV8R19/R430ReadonlyConstantGraph.lean:51:4: warning: Variable name `fuel` is not explicitly referenced.

The binding can be removed (if unused) or named `_` (if used implicitly).

Note: This linter can be disabled with `set_option linter.unusedVariables false`
/home/dombarker/project-offloads/aspis-r57-lean-src-20260929-a/AspisV8R19/R430ReadonlyConstantGraph.lean:66:46: warning: This simp argument is unused:
  Nat.add_assoc

Hint: Omit it from the simp argument list.
  simp [eval, functionBody, targetLayoutSize,̵ ̵N̵a̵t̵.̵a̵d̵d̵_̵a̵s̵s̵o̵c̵]

Note: This linter can be disabled with `set_option linter.unusedSimpArgs false`
/home/dombarker/project-offloads/aspis-r57-lean-src-20260929-a/AspisV8R19/R430ReadonlyConstantGraph.lean:70:65: warning: This simp argument is unused:
  Nat.add_assoc

Hint: Omit it from the simp argument list.
  simp [eval, globalInitializer, functionBody, targetLayoutSize,̵ ̵N̵a̵t̵.̵a̵d̵d̵_̵a̵s̵s̵o̵c̵]

Note: This linter can be disabled with `set_option linter.unusedSimpArgs false`
/home/dombarker/project-offloads/aspis-r57-lean-src-20260929-a/AspisV8R19/R430ReadonlyConstantGraph.lean:75:4: warning: This simp argument is unused:
  Nat.add_assoc

Hint: Omit it from the simp argument list.
  simp [eval, globalInitializer, functionBody, targetLayoutSize, valueEq,̵
  ̵ ̵ ̵ ̵ ̵N̵a̵t̵.̵a̵d̵d̵_̵a̵s̵s̵o̵c̵]

Note: This linter can be disabled with `set_option linter.unusedSimpArgs false`
/home/dombarker/project-offloads/aspis-r57-lean-src-20260929-a/AspisV8R19/R430ReadonlyConstantGraph.lean:80:4: warning: This simp argument is unused:
  Nat.add_assoc

Hint: Omit it from the simp argument list.
  simp [eval, globalInitializer, functionBody, targetLayoutSize, valueEq,̵
  ̵ ̵ ̵ ̵ ̵N̵a̵t̵.̵a̵d̵d̵_̵a̵s̵s̵o̵c̵]

Note: This linter can be disabled with `set_option linter.unusedSimpArgs false`
'AspisV8R19.R430ReadonlyConstantGraph.targetLayoutSize' depends on axioms: [propext, Classical.choice, Quot.sound]
'AspisV8R19.R430ReadonlyConstantGraph.functionBody' depends on axioms: [propext, Classical.choice, Quot.sound]
'AspisV8R19.R430ReadonlyConstantGraph.globalInitializer' does not depend on any axioms
'AspisV8R19.R430ReadonlyConstantGraph.valueEq' depends on axioms: [propext]
'AspisV8R19.R430ReadonlyConstantGraph.eval' depends on axioms: [propext, Classical.choice, Quot.sound]
'AspisV8R19.R430ReadonlyConstantGraph.sizeof_qm31' depends on axioms: [propext, Classical.choice, Quot.sound]
'AspisV8R19.R430ReadonlyConstantGraph.size_initializer' depends on axioms: [propext, Classical.choice, Quot.sound]
'AspisV8R19.R430ReadonlyConstantGraph.size_global' depends on axioms: [propext, Classical.choice, Quot.sound]
'AspisV8R19.R430ReadonlyConstantGraph.is_zst_initializer' depends on axioms: [propext, Classical.choice, Quot.sound]
'AspisV8R19.R430ReadonlyConstantGraph.is_zst_global' depends on axioms: [propext, Classical.choice, Quot.sound]
'AspisV8R19.R430ReadonlyConstantGraph.size_read_context' depends on axioms: [propext, Classical.choice, Quot.sound]
'AspisV8R19.R430ReadonlyConstantGraph.is_zst_read_context' depends on axioms: [propext, Classical.choice, Quot.sound]
