{"command": ["/home/dombarker/.cargo/bin/cargo", "test", "--manifest-path", "/home/dombarker/project-offloads/aspis-r20-digest-check-20260922-a/crates/aspis-statement/Cargo.toml", "--release", "--offline", "--locked", "--jobs", "2", "--lib", "--features", "aspis-core/v7-gamma-four-slot-block-audit,pool-v1-pair-forest-packed-digest-selector-tensor-audit,pool-v1-pair-forest-binary-copy-weights-audit,pool-v1-pair-forest-endpoint-selector-cache-audit,pool-v1-pair-forest-semantic-factor-audit,pool-v1-pair-forest-pattern-window-audit,pool-v1-pair-forest-copy-tag-dot-basis-audit,pool-v1-pair-forest-copy-finish-dot-basis-audit,pool-v1-pair-forest-packed-range-audit,pool-v1-pair-forest-active-mask-basis-audit,spend-dynamic-rate512,pool-v1-kernel", "r20_digest_candidate_matches_literal_and_tensor", "--", "--nocapture", "--test-threads=1"], "rustflags": "--cfg v8_positive_transfer --cfg v8_complete --cfg v8_performance_fast --cfg v8_structured --cfg v8_fine_profile --cfg v8_batch_m --cfg v8_tower_batch --cfg v8_query_kernels --cfg v8_fused_rows --cfg v8_shared_weights --cfg v8_block_horner --cfg v8_gamma_wrap --cfg v8_reuse_gamma --cfg v8_grouped_linear --cfg v8_query_shared --cfg v8_range_m31 --cfg v8_range_cm31 --cfg v8_sparse_groups --cfg v8_range_dots --cfg v8_cm_schoolbook --cfg v8_prepared_schoolbook --cfg v8_quiet_profile --cfg v8_payment_extraction --cfg v8_performance --cfg v8_qm_hybrid --cfg v8_qm_lazy_c0 --cfg v8_gamma_partial -A dead_code -A unexpected_cfgs --cfg v8_circle_norm --cfg v8_chord_norm --cfg v8_joined_inverse --cfg v8_split_inverse --cfg v8_line_norm --cfg v8_quotient_fused --cfg v8_affine_primal --cfg v8_compact_workspace", "phase": "compilation then 1440 digest helper comparisons; no proof generation"}
error: failed to load manifest for workspace member `/home/dombarker/project-offloads/aspis-r20-digest-check-20260922-a/audit/poseidon-pair-probe/program`
referenced by workspace at `/home/dombarker/project-offloads/aspis-r20-digest-check-20260922-a/Cargo.toml`

Caused by:
  failed to read `/home/dombarker/project-offloads/aspis-r20-digest-check-20260922-a/audit/poseidon-pair-probe/program/Cargo.toml`

Caused by:
  No such file or directory (os error 2)
Command exited with non-zero status 101
	Command being timed: "/home/dombarker/.cargo/bin/cargo test --manifest-path /home/dombarker/project-offloads/aspis-r20-digest-check-20260922-a/crates/aspis-statement/Cargo.toml --release --offline --locked --jobs 2 --lib --features aspis-core/v7-gamma-four-slot-block-audit,pool-v1-pair-forest-packed-digest-selector-tensor-audit,pool-v1-pair-forest-binary-copy-weights-audit,pool-v1-pair-forest-endpoint-selector-cache-audit,pool-v1-pair-forest-semantic-factor-audit,pool-v1-pair-forest-pattern-window-audit,pool-v1-pair-forest-copy-tag-dot-basis-audit,pool-v1-pair-forest-copy-finish-dot-basis-audit,pool-v1-pair-forest-packed-range-audit,pool-v1-pair-forest-active-mask-basis-audit,spend-dynamic-rate512,pool-v1-kernel r20_digest_candidate_matches_literal_and_tensor -- --nocapture --test-threads=1"
	User time (seconds): 0.01
	System time (seconds): 0.00
	Percent of CPU this job got: 100%
	Elapsed (wall clock) time (h:mm:ss or m:ss): 0:00.02
	Average shared text size (kbytes): 0
	Average unshared data size (kbytes): 0
	Average stack size (kbytes): 0
	Average total size (kbytes): 0
	Maximum resident set size (kbytes): 20748
	Average resident set size (kbytes): 0
	Major (requiring I/O) page faults: 0
	Minor (reclaiming a frame) page faults: 2133
	Voluntary context switches: 34
	Involuntary context switches: 3
	Swaps: 0
	File system inputs: 0
	File system outputs: 0
	Socket messages sent: 0
	Socket messages received: 0
	Signals delivered: 0
	Page size (bytes): 4096
	Exit status: 101
