Warning: Permanently added '100.108.41.90' (ED25519) to the list of known hosts.
Running as unit: aspis-focus-1791039481524716000.service; invocation ID: acbbfee22c744eb5a6074cc6999bbc9f
/home/dombarker/project-offloads/aspis-r57-lean-src-20260929-a/AspisV8R19/R486ParserCanonicalMask.lean:33:55: error: failed to synthesize
  Decidable (accepted 0)

Hint: Additional diagnostic information may be available using the `set_option diagnostics true` command.
/home/dombarker/project-offloads/aspis-r57-lean-src-20260929-a/AspisV8R19/R486ParserCanonicalMask.lean:40:67: error: failed to synthesize
  Decidable ¬canonical 2147483647

Hint: Additional diagnostic information may be available using the `set_option diagnostics true` command.
/home/dombarker/project-offloads/aspis-r57-lean-src-20260929-a/AspisV8R19/R486ParserCanonicalMask.lean:41:70: error: failed to synthesize
  Decidable ¬canonical 2147483648

Hint: Additional diagnostic information may be available using the `set_option diagnostics true` command.
/home/dombarker/project-offloads/aspis-r57-lean-src-20260929-a/AspisV8R19/R486ParserCanonicalMask.lean:42:65: error: failed to synthesize
  Decidable ¬canonical 4294967295

Hint: Additional diagnostic information may be available using the `set_option diagnostics true` command.
'AspisV8R19.R486ParserCanonicalMask.step' depends on axioms: [propext, Quot.sound]
'AspisV8R19.R486ParserCanonicalMask.step_accepted' depends on axioms: [propext,
 Classical.choice,
 Quot.sound,
 step_accepted._native.bv_decide.ax_1_5]
'AspisV8R19.R486ParserCanonicalMask.accumulated_accepted' depends on axioms: [propext,
 Classical.choice,
 Quot.sound,
 step_accepted._native.bv_decide.ax_1_5]
'AspisV8R19.R486ParserCanonicalMask.complete_mask' depends on axioms: [propext,
 sorryAx,
 Classical.choice,
 Quot.sound,
 step_accepted._native.bv_decide.ax_1_5]
'AspisV8R19.R486ParserCanonicalMask.rejects_prime' depends on axioms: [sorryAx]
'AspisV8R19.R486ParserCanonicalMask.rejects_high_bit' depends on axioms: [sorryAx]
'AspisV8R19.R486ParserCanonicalMask.rejects_max' depends on axioms: [sorryAx]
Command exited with non-zero status 1
	Command being timed: "/home/dombarker/.elan/bin/lake --dir /home/dombarker/project-offloads/aspis-r126-release-20260930-a/focus-workspace env lean -j1 -M4500 -R /home/dombarker/project-offloads/aspis-r57-lean-src-20260929-a -o /home/dombarker/project-offloads/aspis-r126-release-20260930-a/lib/AspisV8R19/R486ParserCanonicalMask.olean /home/dombarker/project-offloads/aspis-r57-lean-src-20260929-a/AspisV8R19/R486ParserCanonicalMask.lean"
	User time (seconds): 1.09
	System time (seconds): 0.44
	Percent of CPU this job got: 98%
	Elapsed (wall clock) time (h:mm:ss or m:ss): 0:01.57
	Average shared text size (kbytes): 0
	Average unshared data size (kbytes): 0
	Average stack size (kbytes): 0
	Average total size (kbytes): 0
	Maximum resident set size (kbytes): 3709280
	Average resident set size (kbytes): 0
	Major (requiring I/O) page faults: 2
	Minor (reclaiming a frame) page faults: 87436
	Voluntary context switches: 839
	Involuntary context switches: 66
	Swaps: 0
	File system inputs: 304
	File system outputs: 32
	Socket messages sent: 0
	Socket messages received: 0
	Signals delivered: 0
	Page size (bytes): 4096
	Exit status: 1
Finished with result: exit-code
Main processes terminated with: code=exited/status=1
Service runtime: 1.595s
CPU time consumed: 1.566s
Memory peak: 516.0K
Memory swap peak: 0B
