Warning: Permanently added '100.108.41.90' (ED25519) to the list of known hosts.
Running as unit: aspis-focus-1791109321973122000.service; invocation ID: 4bd4eb6e4ae04fb68b12aca40ddaab72
/home/dombarker/project-offloads/aspis-r57-lean-src-20260929-a/AspisV8R19/R637PackedBitExtraction.lean:22:35: warning: Used `tac1 <;> tac2` where `(tac1; tac2)` would suffice

Note: This linter can be disabled with `set_option linter.unnecessarySeqFocus false`
/home/dombarker/project-offloads/aspis-r57-lean-src-20260929-a/AspisV8R19/R637PackedBitExtraction.lean:53:8: error: maximum recursion depth has been reached
use `set_option maxRecDepth <num>` to increase limit
use `set_option diagnostics true` to get diagnostic information
/home/dombarker/project-offloads/aspis-r57-lean-src-20260929-a/AspisV8R19/R637PackedBitExtraction.lean:43:12: warning: This simp argument is unused:
  h0

Hint: Omit it from the simp argument list.
  simp [h0̵,̵ ̵h̵1a, h128]

Note: This linter can be disabled with `set_option linter.unusedSimpArgs false`
/home/dombarker/project-offloads/aspis-r57-lean-src-20260929-a/AspisV8R19/R637PackedBitExtraction.lean:45:17: warning: This simp argument is unused:
  h0

Hint: Omit it from the simp argument list.
  simp only [h0̵,̵ ̵h̵128, if_false, if_neg h1a]

Note: This linter can be disabled with `set_option linter.unusedSimpArgs false`
/home/dombarker/project-offloads/aspis-r57-lean-src-20260929-a/AspisV8R19/R637PackedBitExtraction.lean:49:14: warning: This simp argument is unused:
  h0

Hint: Omit it from the simp argument list.
  simp [h0̵,̵ ̵h̵128, h1a, h2a, h192]

Note: This linter can be disabled with `set_option linter.unusedSimpArgs false`
/home/dombarker/project-offloads/aspis-r57-lean-src-20260929-a/AspisV8R19/R637PackedBitExtraction.lean:49:18: warning: This simp argument is unused:
  h128

Hint: Omit it from the simp argument list.
  simp [h0, h12̵8̵,̵ ̵h̵1̵a, h2a, h192]

Note: This linter can be disabled with `set_option linter.unusedSimpArgs false`
/home/dombarker/project-offloads/aspis-r57-lean-src-20260929-a/AspisV8R19/R637PackedBitExtraction.lean:49:24: warning: This simp argument is unused:
  h1a

Hint: Omit it from the simp argument list.
  simp [h0, h128, h1̵a̵,̵ ̵h̵2a, h192]

Note: This linter can be disabled with `set_option linter.unusedSimpArgs false`
/home/dombarker/project-offloads/aspis-r57-lean-src-20260929-a/AspisV8R19/R637PackedBitExtraction.lean:52:19: warning: This simp argument is unused:
  h0

Hint: Omit it from the simp argument list.
  simp only [h0̵,̵ ̵h̵128, h1a, h2a, h192, if_false]

Note: This linter can be disabled with `set_option linter.unusedSimpArgs false`
/home/dombarker/project-offloads/aspis-r57-lean-src-20260929-a/AspisV8R19/R637PackedBitExtraction.lean:52:23: warning: This simp argument is unused:
  h128

Hint: Omit it from the simp argument list.
  simp only [h0, h12̵8̵,̵ ̵h̵1̵a, h2a, h192, if_false]

Note: This linter can be disabled with `set_option linter.unusedSimpArgs false`
/home/dombarker/project-offloads/aspis-r57-lean-src-20260929-a/AspisV8R19/R637PackedBitExtraction.lean:52:29: warning: This simp argument is unused:
  h1a

Hint: Omit it from the simp argument list.
  simp only [h0, h128, h1̵a̵,̵ ̵h̵2a, h192, if_false]

Note: This linter can be disabled with `set_option linter.unusedSimpArgs false`
'AspisV8R19.R637PackedBitExtraction.packed_lsbD' depends on axioms: [propext, sorryAx, Quot.sound]
'AspisV8R19.R637PackedBitExtraction.mask_bit' depends on axioms: [propext, Classical.choice, Quot.sound]
'AspisV8R19.R637PackedBitExtraction.getLsbD_false_of_ge' depends on axioms: [propext, Quot.sound]
/home/dombarker/project-offloads/aspis-r57-lean-src-20260929-a/AspisV8R19/R637PackedBitExtraction.lean:59:14: error(lean.unknownIdentifier): Unknown constant `source_word_masked_extract`
Command exited with non-zero status 1
	Command being timed: "/home/dombarker/.elan/bin/lake --dir /home/dombarker/project-offloads/aspis-r126-release-20260930-a/focus-workspace env lean -j1 -M4500 -R /home/dombarker/project-offloads/aspis-r57-lean-src-20260929-a -o /home/dombarker/project-offloads/aspis-r126-release-20260930-a/lib/AspisV8R19/R637PackedBitExtraction.olean /home/dombarker/project-offloads/aspis-r57-lean-src-20260929-a/AspisV8R19/R637PackedBitExtraction.lean"
	User time (seconds): 1.14
	System time (seconds): 0.38
	Percent of CPU this job got: 100%
	Elapsed (wall clock) time (h:mm:ss or m:ss): 0:01.52
	Average shared text size (kbytes): 0
	Average unshared data size (kbytes): 0
	Average stack size (kbytes): 0
	Average total size (kbytes): 0
	Maximum resident set size (kbytes): 3741880
	Average resident set size (kbytes): 0
	Major (requiring I/O) page faults: 0
	Minor (reclaiming a frame) page faults: 86673
	Voluntary context switches: 504
	Involuntary context switches: 57
	Swaps: 0
	File system inputs: 0
	File system outputs: 0
	Socket messages sent: 0
	Socket messages received: 0
	Signals delivered: 0
	Page size (bytes): 4096
	Exit status: 1
Finished with result: exit-code
Main processes terminated with: code=exited/status=1
Service runtime: 1.548s
CPU time consumed: 1.550s
Memory peak: 512.0K
Memory swap peak: 0B
