Warning: Permanently added '100.108.41.90' (ED25519) to the list of known hosts.
Running as unit: aspis-focus-1791075454546584000.service; invocation ID: 6be80cd251ae45b097dfcb7f440022fd
/home/dombarker/project-offloads/aspis-r57-lean-src-20260929-a/AspisV8R19/R561SparseGPairing.lean:26:6: error: invalid 'calc' step, left-hand side is
  ∑ j, if order (coinIndex j) = order (coinIndex i) then weights j else 0 : F
but is expected to be
  weights i : F
/home/dombarker/project-offloads/aspis-r57-lean-src-20260929-a/AspisV8R19/R561SparseGPairing.lean:37:6: error: invalid 'calc' step, right-hand side is
  weights i : F
but is expected to be
  ∑ i_1, if order (coinIndex i_1) = order (coinIndex i) then weights i_1 else 0 : F
/home/dombarker/project-offloads/aspis-r57-lean-src-20260929-a/AspisV8R19/R561SparseGPairing.lean:77:10: error: unsolved goals
case h₀
F : Type u_1
inst✝ : Field F
weights : Fin 271 → F
m : Fin 1024 → F
i : Fin 271
a✝¹ : i ∈ Finset.univ
r : Fin 1024
a✝ : r ∈ Finset.univ
hr : r ≠ order (coinIndex i)
⊢ order (coinIndex i) = r → weights i = 0 ∨ m r = 0
/home/dombarker/project-offloads/aspis-r57-lean-src-20260929-a/AspisV8R19/R561SparseGPairing.lean:78:18: warning: This simp argument is unused:
  hr

Hint: Omit it from the simp argument list.
  simp ̵[̵h̵r̵]̵

Note: This linter can be disabled with `set_option linter.unusedSimpArgs false`
'AspisV8R19.R561.original_pairing' depends on axioms: [propext, sorryAx, Classical.choice, Quot.sound]
'AspisV8R19.R561.maskWeights_sparse_pairing' depends on axioms: [propext, sorryAx, Classical.choice, Quot.sound]
Command exited with non-zero status 1
	Command being timed: "/home/dombarker/.elan/bin/lake --dir /home/dombarker/project-offloads/aspis-r126-release-20260930-a/focus-workspace env lean -j1 -M4500 -R /home/dombarker/project-offloads/aspis-r57-lean-src-20260929-a -o /home/dombarker/project-offloads/aspis-r126-release-20260930-a/lib/AspisV8R19/R561SparseGPairing.olean /home/dombarker/project-offloads/aspis-r57-lean-src-20260929-a/AspisV8R19/R561SparseGPairing.lean"
	User time (seconds): 0.73
	System time (seconds): 0.23
	Percent of CPU this job got: 100%
	Elapsed (wall clock) time (h:mm:ss or m:ss): 0:00.96
	Average shared text size (kbytes): 0
	Average unshared data size (kbytes): 0
	Average stack size (kbytes): 0
	Average total size (kbytes): 0
	Maximum resident set size (kbytes): 2294732
	Average resident set size (kbytes): 0
	Major (requiring I/O) page faults: 0
	Minor (reclaiming a frame) page faults: 53496
	Voluntary context switches: 501
	Involuntary context switches: 39
	Swaps: 0
	File system inputs: 0
	File system outputs: 0
	Socket messages sent: 0
	Socket messages received: 0
	Signals delivered: 0
	Page size (bytes): 4096
	Exit status: 1
Finished with result: exit-code
Main processes terminated with: code=exited/status=1
Service runtime: 995ms
CPU time consumed: 1.002s
Memory peak: 552.0K
Memory swap peak: 0B
