Warning: Permanently added '100.108.41.90' (ED25519) to the list of known hosts.
Running as unit: aspis-focus-1790953553697817000.service; invocation ID: 280bf2aaf80242199318ba4294839c8f
/home/dombarker/project-offloads/aspis-r57-lean-src-20260929-a/AspisV8R19/R382SelectedMaskDegree.lean:88:4: error: Type mismatch
  natDegree_pow_le_of_le (c1Exponent i) hlinear
has type
  (familyLinear z j 0 ^ c1Exponent i).natDegree ≤ c1Exponent i * 1
but is expected to have type
  (familyLinear z j 0 ^ c1Exponent i).natDegree ≤ c1Exponent i
/home/dombarker/project-offloads/aspis-r57-lean-src-20260929-a/AspisV8R19/R382SelectedMaskDegree.lean:94:17: error: omega could not prove the goal:
a possible counterexample may satisfy the constraints
  e ≥ 0
  d ≥ 27
  d - e ≥ 0
  0 ≤ c ≤ 1
  0 ≤ b ≤ 1
  0 ≤ a ≤ 1
where
 a := ↑(claimPolynomial (tables (c1TableIndex i)) z j 0).natDegree
 b := ↑(C (basis (c1TableIndex i)) * claimPolynomial (tables (c1TableIndex i)) z j 0).natDegree
 c := ↑(familyLinear z j 0).natDegree
 d := ↑(c1Exponent i)
 e := ↑(familyLinear z j 0 ^ c1Exponent i).natDegree
/home/dombarker/project-offloads/aspis-r57-lean-src-20260929-a/AspisV8R19/R382SelectedMaskDegree.lean:110:4: error: Type mismatch
  natDegree_pow_le_of_le (maskOnlyExponent i) hlinear
has type
  (familyLinear z j 0 ^ maskOnlyExponent i).natDegree ≤ maskOnlyExponent i * 1
but is expected to have type
  (familyLinear z j 0 ^ maskOnlyExponent i).natDegree ≤ maskOnlyExponent i
/home/dombarker/project-offloads/aspis-r57-lean-src-20260929-a/AspisV8R19/R382SelectedMaskDegree.lean:116:17: error: omega could not prove the goal:
a possible counterexample may satisfy the constraints
  e ≥ 0
  d ≥ 27
  d - e ≥ 0
  0 ≤ c ≤ 1
  0 ≤ b ≤ 1
  0 ≤ a ≤ 1
where
 a := ↑(claimPolynomial (tables (maskOnlyTableIndex i)) z j 2).natDegree
 b := ↑(C (basis (maskOnlyTableIndex i)) * claimPolynomial (tables (maskOnlyTableIndex i)) z j 2).natDegree
 c := ↑(familyLinear z j 0).natDegree
 d := ↑(maskOnlyExponent i)
 e := ↑(familyLinear z j 0 ^ maskOnlyExponent i).natDegree
/home/dombarker/project-offloads/aspis-r57-lean-src-20260929-a/AspisV8R19/R382SelectedMaskDegree.lean:146:64: error: maximum recursion depth has been reached
use `set_option maxRecDepth <num>` to increase limit
use `set_option diagnostics true` to get diagnostic information
/home/dombarker/project-offloads/aspis-r57-lean-src-20260929-a/AspisV8R19/R382SelectedMaskDegree.lean:174:4: error: Type mismatch
  simple_claim_degree gTable z j 0 (of_decide_eq_true (id (Eq.refl true)))
has type
  (claimPolynomial gTable z j 0).natDegree ≤ 1
but is expected to have type
  (claimPolynomial gTable z j 0).natDegree ≤ 27
'AspisR19.R382SelectedMaskDegree.familyLinear_degree' depends on axioms: [propext, Classical.choice, Quot.sound]
'AspisR19.R382SelectedMaskDegree.c1_exponent_le' depends on axioms: [propext, Quot.sound]
'AspisR19.R382SelectedMaskDegree.mask_only_exponent_le' depends on axioms: [propext, Quot.sound]
'AspisR19.R382SelectedMaskDegree.c1Term_degree' depends on axioms: [propext, sorryAx, Classical.choice, Quot.sound]
'AspisR19.R382SelectedMaskDegree.maskOnlyTerm_degree' depends on axioms: [propext,
 sorryAx,
 Classical.choice,
 Quot.sound]
'AspisR19.R382SelectedMaskDegree.selectedShared_degree' depends on axioms: [propext,
 sorryAx,
 Classical.choice,
 Quot.sound]
'AspisR19.R382SelectedMaskDegree.explicitG_factor_degree' depends on axioms: [propext, Classical.choice, Quot.sound]
'AspisR19.R382SelectedMaskDegree.explicitG_term_degree' depends on axioms: [propext,
 sorryAx,
 Classical.choice,
 Quot.sound]
'AspisR19.R382SelectedMaskDegree.selectedMaskModel_degree' depends on axioms: [propext,
 sorryAx,
 Classical.choice,
 Quot.sound]
'AspisR19.R382SelectedMaskDegree.selectedMaskWrapperModel_eq' depends on axioms: [propext, Classical.choice, Quot.sound]
'AspisR19.R382SelectedMaskDegree.selectedMaskWrapperModel_degree' depends on axioms: [propext,
 sorryAx,
 Classical.choice,
 Quot.sound]
Command exited with non-zero status 1
	Command being timed: "/home/dombarker/.elan/bin/lake --dir /home/dombarker/project-offloads/aspis-r126-release-20260930-a/focus-workspace env lean -j1 -M4500 -R /home/dombarker/project-offloads/aspis-r57-lean-src-20260929-a -o /home/dombarker/project-offloads/aspis-r126-release-20260930-a/lib/AspisV8R19/R382SelectedMaskDegree.olean /home/dombarker/project-offloads/aspis-r57-lean-src-20260929-a/AspisV8R19/R382SelectedMaskDegree.lean"
	User time (seconds): 25.73
	System time (seconds): 0.51
	Percent of CPU this job got: 100%
	Elapsed (wall clock) time (h:mm:ss or m:ss): 0:26.23
	Average shared text size (kbytes): 0
	Average unshared data size (kbytes): 0
	Average stack size (kbytes): 0
	Average total size (kbytes): 0
	Maximum resident set size (kbytes): 3933096
	Average resident set size (kbytes): 0
	Major (requiring I/O) page faults: 0
	Minor (reclaiming a frame) page faults: 106199
	Voluntary context switches: 1200
	Involuntary context switches: 178
	Swaps: 0
	File system inputs: 0
	File system outputs: 0
	Socket messages sent: 0
	Socket messages received: 0
	Signals delivered: 0
	Page size (bytes): 4096
	Exit status: 1
Finished with result: exit-code
Main processes terminated with: code=exited/status=1
Service runtime: 26.258s
CPU time consumed: 26.279s
Memory peak: 552.0K
Memory swap peak: 0B
