Warning: Permanently added '100.108.41.90' (ED25519) to the list of known hosts.
Running as unit: aspis-focus-1790953849208662000.service; invocation ID: 42233210edeb4914867ed40744e01397
'AspisR19.R382SelectedMaskDegree.familyLinear_degree' depends on axioms: [propext, Classical.choice, Quot.sound]
'AspisR19.R382SelectedMaskDegree.c1_exponent_le' depends on axioms: [propext, Quot.sound]
'AspisR19.R382SelectedMaskDegree.mask_only_exponent_le' depends on axioms: [propext, Quot.sound]
'AspisR19.R382SelectedMaskDegree.c1Term_degree' depends on axioms: [propext, Classical.choice, Quot.sound]
'AspisR19.R382SelectedMaskDegree.maskOnlyTerm_degree' depends on axioms: [propext, Classical.choice, Quot.sound]
'AspisR19.R382SelectedMaskDegree.selectedShared_degree' depends on axioms: [propext, Classical.choice, Quot.sound]
'AspisR19.R382SelectedMaskDegree.explicitG_factor_degree' depends on axioms: [propext, Classical.choice, Quot.sound]
'AspisR19.R382SelectedMaskDegree.explicitG_term_degree' depends on axioms: [propext, Classical.choice, Quot.sound]
'AspisR19.R382SelectedMaskDegree.selectedMaskModel_degree' depends on axioms: [propext, Classical.choice, Quot.sound]
'AspisR19.R382SelectedMaskDegree.selectedMaskWrapperModel_eq' depends on axioms: [propext, Classical.choice, Quot.sound]
'AspisR19.R382SelectedMaskDegree.selectedMaskWrapperModel_degree' depends on axioms: [propext,
 Classical.choice,
 Quot.sound]
	Command being timed: "/home/dombarker/.elan/bin/lake --dir /home/dombarker/project-offloads/aspis-r126-release-20260930-a/focus-workspace env lean -j1 -M4500 -R /home/dombarker/project-offloads/aspis-r57-lean-src-20260929-a -o /home/dombarker/project-offloads/aspis-r126-release-20260930-a/lib/AspisV8R19/R382SelectedMaskDegree.olean /home/dombarker/project-offloads/aspis-r57-lean-src-20260929-a/AspisV8R19/R382SelectedMaskDegree.lean"
	User time (seconds): 22.52
	System time (seconds): 0.49
	Percent of CPU this job got: 100%
	Elapsed (wall clock) time (h:mm:ss or m:ss): 0:23.01
	Average shared text size (kbytes): 0
	Average unshared data size (kbytes): 0
	Average stack size (kbytes): 0
	Average total size (kbytes): 0
	Maximum resident set size (kbytes): 3692264
	Average resident set size (kbytes): 0
	Major (requiring I/O) page faults: 0
	Minor (reclaiming a frame) page faults: 91580
	Voluntary context switches: 1300
	Involuntary context switches: 184
	Swaps: 0
	File system inputs: 0
	File system outputs: 488
	Socket messages sent: 0
	Socket messages received: 0
	Signals delivered: 0
	Page size (bytes): 4096
	Exit status: 0
Finished with result: success
Main processes terminated with: code=exited/status=0
Service runtime: 23.038s
CPU time consumed: 23.043s
Memory peak: 332.0K
Memory swap peak: 0B
