'AspisV8Completion.FSTranscriptScript.run_absorb' does not depend on any axioms
'AspisV8Completion.FSTranscriptScript.run_squeeze' does not depend on any axioms
'AspisV8Completion.FSTranscriptScript.run_challenge' depends on axioms: [propext]
'AspisV8Completion.FSTranscriptScript.constructBoth_valid_from_empty' depends on axioms: [propext, Quot.sound]
'AspisV8Completion.FSTranscriptScript.constructBoth_first_fresh' depends on axioms: [propext,
 Classical.choice,
 Quot.sound]
'AspisV8Completion.FSTranscriptScript.challenge_call_allowance' depends on axioms: [propext, Quot.sound]
        3.83 real         0.63 user         0.48 sys
           678772736  maximum resident set size
                   0  average shared memory size
                   0  average unshared data size
                   0  average unshared stack size
               16750  page reclaims
               31438  page faults
                   0  swaps
                   0  block input operations
                   0  block output operations
                   0  messages sent
                   0  messages received
                   0  signals received
                5580  voluntary context switches
               23798  involuntary context switches
           589437921  instructions retired
           299009600  cycles elapsed
            11911960  peak memory footprint
