'AspisV8R19.ProductCorrectness.raw_coordinates' depends on axioms: [propext, Classical.choice, Quot.sound]
'AspisV8R19.ProductCorrectness.canonical_product' depends on axioms: [propext, Classical.choice, Quot.sound]
'AspisV8R19.ProductCorrectness.public_product' depends on axioms: [propext, Classical.choice, Quot.sound]
'AspisV8R19.ProductCorrectness.encode_canonical' depends on axioms: [propext, Classical.choice, Quot.sound]
'AspisV8R19.ProductCorrectness.decode_encode' depends on axioms: [propext, Classical.choice, Quot.sound]
'AspisV8R19.ProductCorrectness.encode_decode' depends on axioms: [propext, Classical.choice, Quot.sound]
'AspisV8R19.ProductCorrectness.guard_execution' depends on axioms: [propext, Classical.choice, Quot.sound]
'AspisV8R19.ProductCorrectness.public_execution' depends on axioms: [propext, Classical.choice, Quot.sound]
'AspisV8R19.ProductCorrectness.result_correct' depends on axioms: [propext, Classical.choice, Quot.sound]
'AspisV8R19.ProductCorrectness.no_failure' depends on axioms: [propext, Classical.choice, Quot.sound]
	Command being timed: "/home/dombarker/.elan/bin/lake env lean -j1 -M4500 -R /home/dombarker/project-offloads/aspis-r57-lean-src-20260929-a -o /home/dombarker/project-offloads/aspis-r70-final-20260929-a/lib/AspisV8R19/ProductCorrectness.olean /home/dombarker/project-offloads/aspis-r57-lean-src-20260929-a/AspisV8R19/ProductCorrectness.lean"
	User time (seconds): 1.65
	System time (seconds): 0.55
	Percent of CPU this job got: 100%
	Elapsed (wall clock) time (h:mm:ss or m:ss): 0:02.20
	Average shared text size (kbytes): 0
	Average unshared data size (kbytes): 0
	Average stack size (kbytes): 0
	Average total size (kbytes): 0
	Maximum resident set size (kbytes): 3706084
	Average resident set size (kbytes): 0
	Major (requiring I/O) page faults: 0
	Minor (reclaiming a frame) page faults: 86603
	Voluntary context switches: 981
	Involuntary context switches: 77
	Swaps: 0
	File system inputs: 0
	File system outputs: 616
	Socket messages sent: 0
	Socket messages received: 0
	Signals delivered: 0
	Page size (bytes): 4096
	Exit status: 0
