Warning: Permanently added '100.108.41.90' (ED25519) to the list of known hosts.
Running as unit: aspis-focus-1791139542443025000.service; invocation ID: 71db06cecce74def9009514385ba6029
/home/dombarker/project-offloads/aspis-r57-lean-src-20260929-a/AspisV8R19/R745JointObservationPolynomial.lean:24:13: error: typeclass instance problem is stuck
  CommRing ?m.1

Note: Lean will not try to resolve this typeclass instance problem because the type argument to `CommRing` is a metavariable. This argument must be fully determined before Lean will try to resolve the typeclass.

Hint: Adding type annotations and supplying implicit arguments to functions can give Lean more information for typeclass resolution. For example, if you have a variable `x` that you intend to be a `Nat`, but Lean reports it as having an unresolved type like `?m`, replacing `x` with `(x : Nat)` can get typeclass resolution un-stuck.
/home/dombarker/project-offloads/aspis-r57-lean-src-20260929-a/AspisV8R19/R745JointObservationPolynomial.lean:25:9: error: typeclass instance problem is stuck
  CommRing ?m.1

Note: Lean will not try to resolve this typeclass instance problem because the type argument to `CommRing` is a metavariable. This argument must be fully determined before Lean will try to resolve the typeclass.

Hint: Adding type annotations and supplying implicit arguments to functions can give Lean more information for typeclass resolution. For example, if you have a variable `x` that you intend to be a `Nat`, but Lean reports it as having an unresolved type like `?m`, replacing `x` with `(x : Nat)` can get typeclass resolution un-stuck.
/home/dombarker/project-offloads/aspis-r57-lean-src-20260929-a/AspisV8R19/R745JointObservationPolynomial.lean:26:9: error: typeclass instance problem is stuck
  CommRing ?m.1

Note: Lean will not try to resolve this typeclass instance problem because the type argument to `CommRing` is a metavariable. This argument must be fully determined before Lean will try to resolve the typeclass.

Hint: Adding type annotations and supplying implicit arguments to functions can give Lean more information for typeclass resolution. For example, if you have a variable `x` that you intend to be a `Nat`, but Lean reports it as having an unresolved type like `?m`, replacing `x` with `(x : Nat)` can get typeclass resolution un-stuck.
/home/dombarker/project-offloads/aspis-r57-lean-src-20260929-a/AspisV8R19/R745JointObservationPolynomial.lean:27:13: error: typeclass instance problem is stuck
  CommRing ?m.1

Note: Lean will not try to resolve this typeclass instance problem because the type argument to `CommRing` is a metavariable. This argument must be fully determined before Lean will try to resolve the typeclass.

Hint: Adding type annotations and supplying implicit arguments to functions can give Lean more information for typeclass resolution. For example, if you have a variable `x` that you intend to be a `Nat`, but Lean reports it as having an unresolved type like `?m`, replacing `x` with `(x : Nat)` can get typeclass resolution un-stuck.
/home/dombarker/project-offloads/aspis-r57-lean-src-20260929-a/AspisV8R19/R745JointObservationPolynomial.lean:28:11: error: typeclass instance problem is stuck
  CommRing ?m.1

Note: Lean will not try to resolve this typeclass instance problem because the type argument to `CommRing` is a metavariable. This argument must be fully determined before Lean will try to resolve the typeclass.

Hint: Adding type annotations and supplying implicit arguments to functions can give Lean more information for typeclass resolution. For example, if you have a variable `x` that you intend to be a `Nat`, but Lean reports it as having an unresolved type like `?m`, replacing `x` with `(x : Nat)` can get typeclass resolution un-stuck.
/home/dombarker/project-offloads/aspis-r57-lean-src-20260929-a/AspisV8R19/R745JointObservationPolynomial.lean:29:22: error: typeclass instance problem is stuck
  CommRing ?m.3

Note: Lean will not try to resolve this typeclass instance problem because the type argument to `CommRing` is a metavariable. This argument must be fully determined before Lean will try to resolve the typeclass.

Hint: Adding type annotations and supplying implicit arguments to functions can give Lean more information for typeclass resolution. For example, if you have a variable `x` that you intend to be a `Nat`, but Lean reports it as having an unresolved type like `?m`, replacing `x` with `(x : Nat)` can get typeclass resolution un-stuck.
/home/dombarker/project-offloads/aspis-r57-lean-src-20260929-a/AspisV8R19/R745JointObservationPolynomial.lean:31:28: error: typeclass instance problem is stuck
  CommRing ?m.3

Note: Lean will not try to resolve this typeclass instance problem because the type argument to `CommRing` is a metavariable. This argument must be fully determined before Lean will try to resolve the typeclass.

Hint: Adding type annotations and supplying implicit arguments to functions can give Lean more information for typeclass resolution. For example, if you have a variable `x` that you intend to be a `Nat`, but Lean reports it as having an unresolved type like `?m`, replacing `x` with `(x : Nat)` can get typeclass resolution un-stuck.
/home/dombarker/project-offloads/aspis-r57-lean-src-20260929-a/AspisV8R19/R745JointObservationPolynomial.lean:43:21: error: typeclass instance problem is stuck
  CommRing ?m.5

Note: Lean will not try to resolve this typeclass instance problem because the type argument to `CommRing` is a metavariable. This argument must be fully determined before Lean will try to resolve the typeclass.

Hint: Adding type annotations and supplying implicit arguments to functions can give Lean more information for typeclass resolution. For example, if you have a variable `x` that you intend to be a `Nat`, but Lean reports it as having an unresolved type like `?m`, replacing `x` with `(x : Nat)` can get typeclass resolution un-stuck.
/home/dombarker/project-offloads/aspis-r57-lean-src-20260929-a/AspisV8R19/R745JointObservationPolynomial.lean:53:44: error(lean.unknownIdentifier): Unknown identifier `pAlpha`

Note: It is not possible to treat `pAlpha` as an implicitly bound variable here because the `autoImplicit` option is set to `false`.
/home/dombarker/project-offloads/aspis-r57-lean-src-20260929-a/AspisV8R19/R745JointObservationPolynomial.lean:54:44: error(lean.unknownIdentifier): Unknown identifier `pU`

Note: It is not possible to treat `pU` as an implicitly bound variable here because the `autoImplicit` option is set to `false`.
/home/dombarker/project-offloads/aspis-r57-lean-src-20260929-a/AspisV8R19/R745JointObservationPolynomial.lean:55:44: error(lean.unknownIdentifier): Unknown identifier `pV`

Note: It is not possible to treat `pV` as an implicitly bound variable here because the `autoImplicit` option is set to `false`.
/home/dombarker/project-offloads/aspis-r57-lean-src-20260929-a/AspisV8R19/R745JointObservationPolynomial.lean:56:44: error(lean.unknownIdentifier): Unknown identifier `pKappa`

Note: It is not possible to treat `pKappa` as an implicitly bound variable here because the `autoImplicit` option is set to `false`.
/home/dombarker/project-offloads/aspis-r57-lean-src-20260929-a/AspisV8R19/R745JointObservationPolynomial.lean:57:44: error(lean.unknownIdentifier): Unknown identifier `pTau`

Note: It is not possible to treat `pTau` as an implicitly bound variable here because the `autoImplicit` option is set to `false`.
/home/dombarker/project-offloads/aspis-r57-lean-src-20260929-a/AspisV8R19/R745JointObservationPolynomial.lean:58:50: error(lean.unknownIdentifier): Unknown identifier `pZ`

Note: It is not possible to treat `pZ` as an implicitly bound variable here because the `autoImplicit` option is set to `false`.
/home/dombarker/project-offloads/aspis-r57-lean-src-20260929-a/AspisV8R19/R745JointObservationPolynomial.lean:59:35: error(lean.unknownIdentifier): Unknown identifier `pAlpha`
/home/dombarker/project-offloads/aspis-r57-lean-src-20260929-a/AspisV8R19/R745JointObservationPolynomial.lean:59:42: error(lean.unknownIdentifier): Unknown identifier `pU`
/home/dombarker/project-offloads/aspis-r57-lean-src-20260929-a/AspisV8R19/R745JointObservationPolynomial.lean:59:45: error(lean.unknownIdentifier): Unknown identifier `pV`
/home/dombarker/project-offloads/aspis-r57-lean-src-20260929-a/AspisV8R19/R745JointObservationPolynomial.lean:59:48: error(lean.unknownIdentifier): Unknown identifier `pKappa`
/home/dombarker/project-offloads/aspis-r57-lean-src-20260929-a/AspisV8R19/R745JointObservationPolynomial.lean:59:55: error(lean.unknownIdentifier): Unknown identifier `pTau`
/home/dombarker/project-offloads/aspis-r57-lean-src-20260929-a/AspisV8R19/R745JointObservationPolynomial.lean:59:60: error(lean.unknownIdentifier): Unknown identifier `pZ`
/home/dombarker/project-offloads/aspis-r57-lean-src-20260929-a/AspisV8R19/R745JointObservationPolynomial.lean:59:35: error(lean.unknownIdentifier): Unknown identifier `pAlpha`
/home/dombarker/project-offloads/aspis-r57-lean-src-20260929-a/AspisV8R19/R745JointObservationPolynomial.lean:59:42: error(lean.unknownIdentifier): Unknown identifier `pU`
/home/dombarker/project-offloads/aspis-r57-lean-src-20260929-a/AspisV8R19/R745JointObservationPolynomial.lean:59:45: error(lean.unknownIdentifier): Unknown identifier `pV`
/home/dombarker/project-offloads/aspis-r57-lean-src-20260929-a/AspisV8R19/R745JointObservationPolynomial.lean:59:48: error(lean.unknownIdentifier): Unknown identifier `pKappa`
/home/dombarker/project-offloads/aspis-r57-lean-src-20260929-a/AspisV8R19/R745JointObservationPolynomial.lean:59:55: error(lean.unknownIdentifier): Unknown identifier `pTau`
/home/dombarker/project-offloads/aspis-r57-lean-src-20260929-a/AspisV8R19/R745JointObservationPolynomial.lean:59:60: error(lean.unknownIdentifier): Unknown identifier `pZ`
/home/dombarker/project-offloads/aspis-r57-lean-src-20260929-a/AspisV8R19/R745JointObservationPolynomial.lean:58:66: error: unsolved goals
case left
F : Type u_1
inst✝¹ : CommRing F
inst✝ : Nontrivial F
alpha u v kappa tau : F
z : Fin 10 → F
⊢ (eval (assignment alpha u v kappa tau z)) (sorry ()) = alpha

case right
F : Type u_1
inst✝¹ : CommRing F
inst✝ : Nontrivial F
alpha u v kappa tau : F
z : Fin 10 → F
⊢ (eval (assignment alpha u v kappa tau z)) (sorry ()) = u ∧
    (eval (assignment alpha u v kappa tau z)) (sorry ()) = v ∧
      (eval (assignment alpha u v kappa tau z)) (sorry ()) = kappa ∧
        (eval (assignment alpha u v kappa tau z)) (sorry ()) = tau ∧
          ∀ (j : Fin 10), (eval (assignment alpha u v kappa tau z)) (sorry ()) = z j
/home/dombarker/project-offloads/aspis-r57-lean-src-20260929-a/AspisV8R19/R745JointObservationPolynomial.lean:59:24: warning: This simp argument is unused:
  assignment

Hint: Omit it from the simp argument list.
  simp [̵a̵s̵s̵i̵g̵n̵m̵e̵n̵t̵,̵p̵A̵l̵p̵h̵a̵,̵p̵U̵,̵p̵V̵,̵p̵K̵a̵p̵p̵a̵,̵p̵T̵a̵u̵,̵p̵Z̵]̵[̲p̲A̲l̲p̲h̲a̲,̲ ̲p̲U̲,̲ ̲p̲V̲,̲ ̲p̲K̲a̲p̲p̲a̲,̲ ̲p̲T̲a̲u̲,̲ ̲p̲Z̲]̲

Note: This linter can be disabled with `set_option linter.unusedSimpArgs false`
/home/dombarker/project-offloads/aspis-r57-lean-src-20260929-a/AspisV8R19/R745JointObservationPolynomial.lean:63:45: error(lean.unknownIdentifier): Unknown identifier `polynomialEntry`

Note: It is not possible to treat `polynomialEntry` as an implicitly bound variable here because the `autoImplicit` option is set to `false`.
/home/dombarker/project-offloads/aspis-r57-lean-src-20260929-a/AspisV8R19/R745JointObservationPolynomial.lean:67:15: error(lean.unknownIdentifier): Unknown identifier `polynomialEntry`
/home/dombarker/project-offloads/aspis-r57-lean-src-20260929-a/AspisV8R19/R745JointObservationPolynomial.lean:79:49: error(lean.unknownIdentifier): Unknown identifier `pU`
/home/dombarker/project-offloads/aspis-r57-lean-src-20260929-a/AspisV8R19/R745JointObservationPolynomial.lean:79:52: error(lean.unknownIdentifier): Unknown identifier `pV`
/home/dombarker/project-offloads/aspis-r57-lean-src-20260929-a/AspisV8R19/R745JointObservationPolynomial.lean:79:57: error(lean.unknownIdentifier): Unknown identifier `pU`
/home/dombarker/project-offloads/aspis-r57-lean-src-20260929-a/AspisV8R19/R745JointObservationPolynomial.lean:79:60: error(lean.unknownIdentifier): Unknown identifier `pV`
/home/dombarker/project-offloads/aspis-r57-lean-src-20260929-a/AspisV8R19/R745JointObservationPolynomial.lean:79:69: error(lean.unknownIdentifier): Unknown identifier `pU`
/home/dombarker/project-offloads/aspis-r57-lean-src-20260929-a/AspisV8R19/R745JointObservationPolynomial.lean:79:72: error(lean.unknownIdentifier): Unknown identifier `pV`
/home/dombarker/project-offloads/aspis-r57-lean-src-20260929-a/AspisV8R19/R745JointObservationPolynomial.lean:80:8: error(lean.unknownIdentifier): Unknown identifier `pKappa`
/home/dombarker/project-offloads/aspis-r57-lean-src-20260929-a/AspisV8R19/R745JointObservationPolynomial.lean:80:15: error(lean.unknownIdentifier): Unknown identifier `pTau`
/home/dombarker/project-offloads/aspis-r57-lean-src-20260929-a/AspisV8R19/R745JointObservationPolynomial.lean:80:20: error(lean.unknownIdentifier): Unknown identifier `pAlpha`
/home/dombarker/project-offloads/aspis-r57-lean-src-20260929-a/AspisV8R19/R745JointObservationPolynomial.lean:80:27: error(lean.unknownIdentifier): Unknown identifier `pZ`
/home/dombarker/project-offloads/aspis-r57-lean-src-20260929-a/AspisV8R19/R745JointObservationPolynomial.lean:85:49: error(lean.unknownIdentifier): Unknown identifier `pU`
/home/dombarker/project-offloads/aspis-r57-lean-src-20260929-a/AspisV8R19/R745JointObservationPolynomial.lean:85:52: error(lean.unknownIdentifier): Unknown identifier `pV`
/home/dombarker/project-offloads/aspis-r57-lean-src-20260929-a/AspisV8R19/R745JointObservationPolynomial.lean:85:57: error(lean.unknownIdentifier): Unknown identifier `pU`
/home/dombarker/project-offloads/aspis-r57-lean-src-20260929-a/AspisV8R19/R745JointObservationPolynomial.lean:85:60: error(lean.unknownIdentifier): Unknown identifier `pV`
/home/dombarker/project-offloads/aspis-r57-lean-src-20260929-a/AspisV8R19/R745JointObservationPolynomial.lean:85:69: error(lean.unknownIdentifier): Unknown identifier `pU`
/home/dombarker/project-offloads/aspis-r57-lean-src-20260929-a/AspisV8R19/R745JointObservationPolynomial.lean:85:72: error(lean.unknownIdentifier): Unknown identifier `pV`
/home/dombarker/project-offloads/aspis-r57-lean-src-20260929-a/AspisV8R19/R745JointObservationPolynomial.lean:86:8: error(lean.unknownIdentifier): Unknown identifier `pKappa`
/home/dombarker/project-offloads/aspis-r57-lean-src-20260929-a/AspisV8R19/R745JointObservationPolynomial.lean:86:15: error(lean.unknownIdentifier): Unknown identifier `pTau`
/home/dombarker/project-offloads/aspis-r57-lean-src-20260929-a/AspisV8R19/R745JointObservationPolynomial.lean:86:20: error(lean.unknownIdentifier): Unknown identifier `pAlpha`
/home/dombarker/project-offloads/aspis-r57-lean-src-20260929-a/AspisV8R19/R745JointObservationPolynomial.lean:86:27: error(lean.unknownIdentifier): Unknown identifier `pZ`
/home/dombarker/project-offloads/aspis-r57-lean-src-20260929-a/AspisV8R19/R745JointObservationPolynomial.lean:92:28: error: typeclass instance problem is stuck
  CommRing ?m.5

Note: Lean will not try to resolve this typeclass instance problem because the type argument to `CommRing` is a metavariable. This argument must be fully determined before Lean will try to resolve the typeclass.

Hint: Adding type annotations and supplying implicit arguments to functions can give Lean more information for typeclass resolution. For example, if you have a variable `x` that you intend to be a `Nat`, but Lean reports it as having an unresolved type like `?m`, replacing `x` with `(x : Nat)` can get typeclass resolution un-stuck.
/home/dombarker/project-offloads/aspis-r57-lean-src-20260929-a/AspisV8R19/R745JointObservationPolynomial.lean:97:57: error(lean.unknownIdentifier): Unknown identifier `polynomialMatrix`

Note: It is not possible to treat `polynomialMatrix` as an implicitly bound variable here because the `autoImplicit` option is set to `false`.
/home/dombarker/project-offloads/aspis-r57-lean-src-20260929-a/AspisV8R19/R745JointObservationPolynomial.lean:99:32: error: Invalid projection: Projections extract constructor fields for one-constructor inductive types. The expression
  col
has type `J ⊕ Fin 3 ⊕ Fin 5` which is not a one-constructor inductive type.
/home/dombarker/project-offloads/aspis-r57-lean-src-20260929-a/AspisV8R19/R745JointObservationPolynomial.lean:99:38: error: Invalid projection: Projections extract constructor fields for one-constructor inductive types. The expression
  col
has type `J ⊕ Fin 3 ⊕ Fin 5` which is not a one-constructor inductive type.
/home/dombarker/project-offloads/aspis-r57-lean-src-20260929-a/AspisV8R19/R745JointObservationPolynomial.lean:101:64: error: Invalid projection: Projections extract constructor fields for one-constructor inductive types. The expression
  col
has type `J ⊕ Fin 3 ⊕ Fin 5` which is not a one-constructor inductive type.
/home/dombarker/project-offloads/aspis-r57-lean-src-20260929-a/AspisV8R19/R745JointObservationPolynomial.lean:101:70: error: Invalid projection: Projections extract constructor fields for one-constructor inductive types. The expression
  col
has type `J ⊕ Fin 3 ⊕ Fin 5` which is not a one-constructor inductive type.
/home/dombarker/project-offloads/aspis-r57-lean-src-20260929-a/AspisV8R19/R745JointObservationPolynomial.lean:108:59: error: Application type mismatch: The argument
  row
has type
  ι
of sort `Type u_2` but is expected to have type
  R738JointObservationModel.ObservationRow
of sort `Type` in the application
  rawObservation half quarter (1 + u * v) (u * v - 1) (-(u + v)) kappa tau z
    (indexedDirection alpha (cols col).1 (cols col).2) row
/home/dombarker/project-offloads/aspis-r57-lean-src-20260929-a/AspisV8R19/R745JointObservationPolynomial.lean:106:45: error(lean.unknownIdentifier): Unknown identifier `polynomialMatrix`

Note: It is not possible to treat `polynomialMatrix` as an implicitly bound variable here because the `autoImplicit` option is set to `false`.
'AspisV8R19.R745JointObservationPolynomial.eval_pvars' depends on axioms: [propext,
 sorryAx,
 Classical.choice,
 Quot.sound]
'AspisV8R19.R745JointObservationPolynomial.eval_polynomialEntry' depends on axioms: [propext,
 sorryAx,
 Classical.choice,
 Quot.sound]
'AspisV8R19.R745JointObservationPolynomial.eval_polynomialMatrix' depends on axioms: [propext,
 sorryAx,
 Classical.choice,
 Quot.sound]
'AspisV8R19.R745JointObservationPolynomial.eval_polynomialMatrix_det' depends on axioms: [propext,
 sorryAx,
 Classical.choice,
 Quot.sound]
Command exited with non-zero status 1
	Command being timed: "/home/dombarker/.elan/bin/lake --dir /home/dombarker/project-offloads/aspis-r126-release-20260930-a/focus-workspace env lean -j1 -M4500 -R /home/dombarker/project-offloads/aspis-r57-lean-src-20260929-a -o /home/dombarker/project-offloads/aspis-r126-release-20260930-a/lib/AspisV8R19/R745JointObservationPolynomial.olean /home/dombarker/project-offloads/aspis-r57-lean-src-20260929-a/AspisV8R19/R745JointObservationPolynomial.lean"
	User time (seconds): 1.32
	System time (seconds): 0.34
	Percent of CPU this job got: 100%
	Elapsed (wall clock) time (h:mm:ss or m:ss): 0:01.66
	Average shared text size (kbytes): 0
	Average unshared data size (kbytes): 0
	Average stack size (kbytes): 0
	Average total size (kbytes): 0
	Maximum resident set size (kbytes): 3287104
	Average resident set size (kbytes): 0
	Major (requiring I/O) page faults: 1
	Minor (reclaiming a frame) page faults: 77446
	Voluntary context switches: 759
	Involuntary context switches: 75
	Swaps: 0
	File system inputs: 128
	File system outputs: 0
	Socket messages sent: 0
	Socket messages received: 0
	Signals delivered: 0
	Page size (bytes): 4096
	Exit status: 1
Finished with result: exit-code
Main processes terminated with: code=exited/status=1
Service runtime: 1.689s
CPU time consumed: 1.703s
Memory peak: 328.0K
Memory swap peak: 0B
