Warning: Permanently added '100.108.41.90' (ED25519) to the list of known hosts.
Running as unit: aspis-focus-1791164714463190000-500679992e60.service; invocation ID: d5d5e430712e4220bfa125f11e77d049
/home/dombarker/project-offloads/aspis-r57-lean-src-20260929-a/AspisV8R19/R861SemanticMaskFinishCoins.lean:23:2: error: unsolved goals
case pos
F : Type u_1
inst✝ : Field F
half : F
z : RoundCoins F 10
⊢ Function.update (maskWeights271 half z) 0 (half ^ 10) 0 = half ^ 10
'AspisV8R19.R861SemanticMaskFinishCoins.semantic_mask_first_weight' depends on axioms: [propext, Quot.sound]
'AspisV8R19.R861SemanticMaskFinishCoins.finishCoins_semantic_mask' depends on axioms: [propext, sorryAx, Quot.sound]
'AspisV8R19.R861SemanticMaskFinishCoins.semantic_mask_original_pairing' depends on axioms: [propext,
 sorryAx,
 Classical.choice,
 Quot.sound]
Command exited with non-zero status 1
	Command being timed: "/home/dombarker/.elan/bin/lake --dir /home/dombarker/project-offloads/aspis-r126-release-20260930-a/focus-workspace env lean -j1 -M4500 -R /home/dombarker/project-offloads/aspis-r57-lean-src-20260929-a -o /home/dombarker/project-offloads/aspis-r126-release-20260930-a/lib/AspisV8R19/R861SemanticMaskFinishCoins.olean /home/dombarker/project-offloads/aspis-r57-lean-src-20260929-a/AspisV8R19/R861SemanticMaskFinishCoins.lean"
	User time (seconds): 0.95
	System time (seconds): 0.35
	Percent of CPU this job got: 100%
	Elapsed (wall clock) time (h:mm:ss or m:ss): 0:01.31
	Average shared text size (kbytes): 0
	Average unshared data size (kbytes): 0
	Average stack size (kbytes): 0
	Average total size (kbytes): 0
	Maximum resident set size (kbytes): 3270472
	Average resident set size (kbytes): 0
	Major (requiring I/O) page faults: 0
	Minor (reclaiming a frame) page faults: 77360
	Voluntary context switches: 310
	Involuntary context switches: 63
	Swaps: 0
	File system inputs: 0
	File system outputs: 0
	Socket messages sent: 0
	Socket messages received: 0
	Signals delivered: 0
	Page size (bytes): 4096
	Exit status: 1
Finished with result: exit-code
Main processes terminated with: code=exited/status=1
Service runtime: 1.354s
CPU time consumed: 1.356s
Memory peak: 512.0K
Memory swap peak: 0B
