info: r33_focused: no previous manifest, creating one from scratch
info: toolchain not updated; already up-to-date
/home/dombarker/project-offloads/aspis-r33-lean-src-20260928-a/AspisV8R17/NormalizedChord.lean:19:4: warning: Used `tac1 <;> tac2` where `(tac1; tac2)` would suffice

Note: This linter can be disabled with `set_option linter.unnecessarySeqFocus false`
/home/dombarker/project-offloads/aspis-r33-lean-src-20260928-a/AspisV8R17/NormalizedChord.lean:44:4: warning: Used `tac1 <;> tac2` where `(tac1; tac2)` would suffice

Note: This linter can be disabled with `set_option linter.unnecessarySeqFocus false`
/home/dombarker/project-offloads/aspis-r33-lean-src-20260928-a/AspisV8R17/NormalizedChord.lean:47:4: warning: Used `tac1 <;> tac2` where `(tac1; tac2)` would suffice

Note: This linter can be disabled with `set_option linter.unnecessarySeqFocus false`
/home/dombarker/project-offloads/aspis-r33-lean-src-20260928-a/AspisV8R17/NormalizedChord.lean:49:4: warning: Used `tac1 <;> tac2` where `(tac1; tac2)` would suffice

Note: This linter can be disabled with `set_option linter.unnecessarySeqFocus false`
'AspisV8R17.rational_chord_normalization' depends on axioms: [propext, Classical.choice, Quot.sound]
'AspisV8R17.chordScale_ne_zero' depends on axioms: [propext, Classical.choice, Quot.sound]
'AspisV8R17.rational_parameter_recovery' depends on axioms: [propext, Classical.choice, Quot.sound]
'AspisV8R17.rational_parameter_injective' depends on axioms: [propext, Classical.choice, Quot.sound]
	Command being timed: "/home/dombarker/.elan/bin/lake env lean -R /home/dombarker/project-offloads/aspis-r33-lean-src-20260928-a -o /home/dombarker/project-offloads/aspis-r33-lean-20260928-a/lib/AspisV8R17/NormalizedChord.olean /home/dombarker/project-offloads/aspis-r33-lean-src-20260928-a/AspisV8R17/NormalizedChord.lean"
	User time (seconds): 0.90
	System time (seconds): 0.25
	Percent of CPU this job got: 120%
	Elapsed (wall clock) time (h:mm:ss or m:ss): 0:00.96
	Average shared text size (kbytes): 0
	Average unshared data size (kbytes): 0
	Average stack size (kbytes): 0
	Average total size (kbytes): 0
	Maximum resident set size (kbytes): 1630668
	Average resident set size (kbytes): 0
	Major (requiring I/O) page faults: 7
	Minor (reclaiming a frame) page faults: 40777
	Voluntary context switches: 2470
	Involuntary context switches: 36
	Swaps: 0
	File system inputs: 688
	File system outputs: 744
	Socket messages sent: 0
	Socket messages received: 0
	Signals delivered: 0
	Page size (bytes): 4096
	Exit status: 0
