Warning: Permanently added '100.108.41.90' (ED25519) to the list of known hosts.
Running as unit: aspis-focus-1791129331715288000.service; invocation ID: 7429640af5a64c288aadba011920d4f4
'AspisV8R19.R714SelectedActiveNonzero.selected_polynomial_ne_zero' depends on axioms: [propext,
 Classical.choice,
 Quot.sound]
'AspisV8R19.R714SelectedActiveNonzero.selected_half_mul_two' depends on axioms: [propext, Classical.choice, Quot.sound]
'AspisV8R19.R714SelectedActiveNonzero.selectedDet_ne_zero' depends on axioms: [propext, Classical.choice, Quot.sound]
'AspisV8R19.R714SelectedActiveNonzero.selectedDet_degree' depends on axioms: [propext, Classical.choice, Quot.sound]
'AspisV8R19.R714SelectedActiveNonzero.product_domain_bad_fraction' depends on axioms: [propext,
 Classical.choice,
 Quot.sound]
'AspisV8R19.R714SelectedActiveNonzero.product_domain_bad_fraction_explicit' depends on axioms: [propext,
 Classical.choice,
 Quot.sound]
	Command being timed: "/home/dombarker/.elan/bin/lake --dir /home/dombarker/project-offloads/aspis-r126-release-20260930-a/focus-workspace env lean -j1 -M4500 -R /home/dombarker/project-offloads/aspis-r57-lean-src-20260929-a -o /home/dombarker/project-offloads/aspis-r126-release-20260930-a/lib/AspisV8R19/R714SelectedActiveNonzero.olean /home/dombarker/project-offloads/aspis-r57-lean-src-20260929-a/AspisV8R19/R714SelectedActiveNonzero.lean"
	User time (seconds): 1.34
	System time (seconds): 0.36
	Percent of CPU this job got: 99%
	Elapsed (wall clock) time (h:mm:ss or m:ss): 0:01.70
	Average shared text size (kbytes): 0
	Average unshared data size (kbytes): 0
	Average stack size (kbytes): 0
	Average total size (kbytes): 0
	Maximum resident set size (kbytes): 3333940
	Average resident set size (kbytes): 0
	Major (requiring I/O) page faults: 98
	Minor (reclaiming a frame) page faults: 78707
	Voluntary context switches: 1047
	Involuntary context switches: 65
	Swaps: 0
	File system inputs: 22848
	File system outputs: 368
	Socket messages sent: 0
	Socket messages received: 0
	Signals delivered: 0
	Page size (bytes): 4096
	Exit status: 0
Finished with result: success
Main processes terminated with: code=exited/status=0
Service runtime: 1.734s
CPU time consumed: 1.729s
Memory peak: 256.0K
Memory swap peak: 0B
