/home/dombarker/project-offloads/aspis-r57-lean-src-20260929-a/AspisV8R19/InverseChain.lean:53:2: error: Tactic `simp` failed with a nested error:
maximum recursion depth has been reached
use `set_option maxRecDepth <num>` to increase limit
use `set_option diagnostics true` to get diagnostic information
/home/dombarker/project-offloads/aspis-r57-lean-src-20260929-a/AspisV8R19/InverseChain.lean:65:81: error: unsolved goals
a : Word
⊢ decode a ^ 2147483645 = decode a ^ (P - 2)
/home/dombarker/project-offloads/aspis-r57-lean-src-20260929-a/AspisV8R19/InverseChain.lean:80:6: error: Tactic `rewrite` failed: Did not find an occurrence of the pattern
  (decode a)⁻¹ * decode a
in the target expression
  decode a * decode (wordChain a) = decode a * (decode a)⁻¹

a : Word
ha : ↑a ≠ 0
hne : decode a ≠ 0
⊢ decode a * decode (wordChain a) = decode a * (decode a)⁻¹
'AspisV8R19.InverseChain.map_squares' depends on axioms: [propext]
'AspisV8R19.InverseChain.map_chain' depends on axioms: [propext]
'AspisV8R19.InverseChain.squares_pow' depends on axioms: [propext]
'AspisV8R19.InverseChain.chain_pow' depends on axioms: [propext, sorryAx]
'AspisV8R19.InverseChain.decode_wordMul' depends on axioms: [propext, Classical.choice, Quot.sound]
'AspisV8R19.InverseChain.decode_wordChain' depends on axioms: [propext, sorryAx, Classical.choice, Quot.sound]
'AspisV8R19.InverseChain.decode_zero' depends on axioms: [propext, Classical.choice, Quot.sound]
'AspisV8R19.InverseChain.wordChain_inverse' depends on axioms: [propext, sorryAx, Classical.choice, Quot.sound]
'AspisV8R19.InverseChain.zero_rejected' depends on axioms: [propext, Classical.choice, Quot.sound]
'AspisV8R19.InverseChain.nonzero_success' depends on axioms: [propext, sorryAx, Classical.choice, Quot.sound]
Command exited with non-zero status 1
	Command being timed: "/home/dombarker/.elan/bin/lake env lean -R /home/dombarker/project-offloads/aspis-r57-lean-src-20260929-a -o /home/dombarker/project-offloads/aspis-r60-lean-20260929-b/lib/AspisV8R19/InverseChain.olean /home/dombarker/project-offloads/aspis-r57-lean-src-20260929-a/AspisV8R19/InverseChain.lean"
	User time (seconds): 1.21
	System time (seconds): 0.52
	Percent of CPU this job got: 118%
	Elapsed (wall clock) time (h:mm:ss or m:ss): 0:01.47
	Average shared text size (kbytes): 0
	Average unshared data size (kbytes): 0
	Average stack size (kbytes): 0
	Average total size (kbytes): 0
	Maximum resident set size (kbytes): 3247408
	Average resident set size (kbytes): 0
	Major (requiring I/O) page faults: 0
	Minor (reclaiming a frame) page faults: 77257
	Voluntary context switches: 4405
	Involuntary context switches: 81
	Swaps: 0
	File system inputs: 0
	File system outputs: 8
	Socket messages sent: 0
	Socket messages received: 0
	Signals delivered: 0
	Page size (bytes): 4096
	Exit status: 1
