Warning: Permanently added '100.108.41.90' (ED25519) to the list of known hosts.
Running as unit: aspis-focus-1791145415256754000.service; invocation ID: d6bac03865fd41c392c958e671309ee3
/home/dombarker/project-offloads/aspis-r57-lean-src-20260929-a/AspisV8R19/R748GatherNested00.lean:29:2: error: No goals to be solved
'AspisV8R19.R748GatherNested00.gatherGather0' depends on axioms: [propext]
/home/dombarker/project-offloads/aspis-r57-lean-src-20260929-a/AspisV8R19/R748GatherNested00.lean:35:11: warning: 'ring' tactic does nothing

Note: This linter can be disabled with `set_option linter.unusedTactic false`
/home/dombarker/project-offloads/aspis-r57-lean-src-20260929-a/AspisV8R19/R748GatherNested00.lean:35:11: warning: this tactic is never executed

Note: This linter can be disabled with `set_option linter.unreachableTactic false`
'AspisV8R19.R748GatherNested00.gatherGather46' depends on axioms: [propext]
/home/dombarker/project-offloads/aspis-r57-lean-src-20260929-a/AspisV8R19/R748GatherNested00.lean:41:11: warning: 'ring' tactic does nothing

Note: This linter can be disabled with `set_option linter.unusedTactic false`
/home/dombarker/project-offloads/aspis-r57-lean-src-20260929-a/AspisV8R19/R748GatherNested00.lean:41:11: warning: this tactic is never executed

Note: This linter can be disabled with `set_option linter.unreachableTactic false`
'AspisV8R19.R748GatherNested00.gatherGather47' depends on axioms: [propext]
/home/dombarker/project-offloads/aspis-r57-lean-src-20260929-a/AspisV8R19/R748GatherNested00.lean:47:11: warning: 'ring' tactic does nothing

Note: This linter can be disabled with `set_option linter.unusedTactic false`
/home/dombarker/project-offloads/aspis-r57-lean-src-20260929-a/AspisV8R19/R748GatherNested00.lean:47:11: warning: this tactic is never executed

Note: This linter can be disabled with `set_option linter.unreachableTactic false`
'AspisV8R19.R748GatherNested00.gatherGather48' depends on axioms: [propext]
/home/dombarker/project-offloads/aspis-r57-lean-src-20260929-a/AspisV8R19/R748GatherNested00.lean:53:11: warning: 'ring' tactic does nothing

Note: This linter can be disabled with `set_option linter.unusedTactic false`
/home/dombarker/project-offloads/aspis-r57-lean-src-20260929-a/AspisV8R19/R748GatherNested00.lean:53:11: warning: this tactic is never executed

Note: This linter can be disabled with `set_option linter.unreachableTactic false`
'AspisV8R19.R748GatherNested00.gatherGather49' depends on axioms: [propext]
/home/dombarker/project-offloads/aspis-r57-lean-src-20260929-a/AspisV8R19/R748GatherNested00.lean:59:11: warning: 'ring' tactic does nothing

Note: This linter can be disabled with `set_option linter.unusedTactic false`
/home/dombarker/project-offloads/aspis-r57-lean-src-20260929-a/AspisV8R19/R748GatherNested00.lean:59:11: warning: this tactic is never executed

Note: This linter can be disabled with `set_option linter.unreachableTactic false`
'AspisV8R19.R748GatherNested00.gatherGather55' depends on axioms: [propext]
/home/dombarker/project-offloads/aspis-r57-lean-src-20260929-a/AspisV8R19/R748GatherNested00.lean:65:11: warning: 'ring' tactic does nothing

Note: This linter can be disabled with `set_option linter.unusedTactic false`
/home/dombarker/project-offloads/aspis-r57-lean-src-20260929-a/AspisV8R19/R748GatherNested00.lean:65:11: warning: this tactic is never executed

Note: This linter can be disabled with `set_option linter.unreachableTactic false`
'AspisV8R19.R748GatherNested00.gatherGather58' depends on axioms: [propext]
/home/dombarker/project-offloads/aspis-r57-lean-src-20260929-a/AspisV8R19/R748GatherNested00.lean:71:11: warning: 'ring' tactic does nothing

Note: This linter can be disabled with `set_option linter.unusedTactic false`
/home/dombarker/project-offloads/aspis-r57-lean-src-20260929-a/AspisV8R19/R748GatherNested00.lean:71:11: warning: this tactic is never executed

Note: This linter can be disabled with `set_option linter.unreachableTactic false`
'AspisV8R19.R748GatherNested00.gatherGather60' depends on axioms: [propext]
/home/dombarker/project-offloads/aspis-r57-lean-src-20260929-a/AspisV8R19/R748GatherNested00.lean:77:11: warning: 'ring' tactic does nothing

Note: This linter can be disabled with `set_option linter.unusedTactic false`
/home/dombarker/project-offloads/aspis-r57-lean-src-20260929-a/AspisV8R19/R748GatherNested00.lean:77:11: warning: this tactic is never executed

Note: This linter can be disabled with `set_option linter.unreachableTactic false`
'AspisV8R19.R748GatherNested00.gatherGather62' depends on axioms: [propext]
/home/dombarker/project-offloads/aspis-r57-lean-src-20260929-a/AspisV8R19/R748GatherNested00.lean:83:2: error: No goals to be solved
'AspisV8R19.R748GatherNested00.gatherGather64' depends on axioms: [propext]
/home/dombarker/project-offloads/aspis-r57-lean-src-20260929-a/AspisV8R19/R748GatherNested00.lean:89:11: warning: 'ring' tactic does nothing

Note: This linter can be disabled with `set_option linter.unusedTactic false`
/home/dombarker/project-offloads/aspis-r57-lean-src-20260929-a/AspisV8R19/R748GatherNested00.lean:89:11: warning: this tactic is never executed

Note: This linter can be disabled with `set_option linter.unreachableTactic false`
'AspisV8R19.R748GatherNested00.gatherGather66' depends on axioms: [propext]
/home/dombarker/project-offloads/aspis-r57-lean-src-20260929-a/AspisV8R19/R748GatherNested00.lean:95:11: warning: 'ring' tactic does nothing

Note: This linter can be disabled with `set_option linter.unusedTactic false`
/home/dombarker/project-offloads/aspis-r57-lean-src-20260929-a/AspisV8R19/R748GatherNested00.lean:95:11: warning: this tactic is never executed

Note: This linter can be disabled with `set_option linter.unreachableTactic false`
'AspisV8R19.R748GatherNested00.gatherGather68' depends on axioms: [propext]
/home/dombarker/project-offloads/aspis-r57-lean-src-20260929-a/AspisV8R19/R748GatherNested00.lean:101:11: warning: 'ring' tactic does nothing

Note: This linter can be disabled with `set_option linter.unusedTactic false`
/home/dombarker/project-offloads/aspis-r57-lean-src-20260929-a/AspisV8R19/R748GatherNested00.lean:101:11: warning: this tactic is never executed

Note: This linter can be disabled with `set_option linter.unreachableTactic false`
'AspisV8R19.R748GatherNested00.gatherGather70' depends on axioms: [propext]
/home/dombarker/project-offloads/aspis-r57-lean-src-20260929-a/AspisV8R19/R748GatherNested00.lean:107:11: warning: 'ring' tactic does nothing

Note: This linter can be disabled with `set_option linter.unusedTactic false`
/home/dombarker/project-offloads/aspis-r57-lean-src-20260929-a/AspisV8R19/R748GatherNested00.lean:107:11: warning: this tactic is never executed

Note: This linter can be disabled with `set_option linter.unreachableTactic false`
'AspisV8R19.R748GatherNested00.gatherGather72' depends on axioms: [propext]
/home/dombarker/project-offloads/aspis-r57-lean-src-20260929-a/AspisV8R19/R748GatherNested00.lean:113:11: warning: 'ring' tactic does nothing

Note: This linter can be disabled with `set_option linter.unusedTactic false`
/home/dombarker/project-offloads/aspis-r57-lean-src-20260929-a/AspisV8R19/R748GatherNested00.lean:113:11: warning: this tactic is never executed

Note: This linter can be disabled with `set_option linter.unreachableTactic false`
'AspisV8R19.R748GatherNested00.gatherGather74' depends on axioms: [propext]
/home/dombarker/project-offloads/aspis-r57-lean-src-20260929-a/AspisV8R19/R748GatherNested00.lean:119:11: warning: 'ring' tactic does nothing

Note: This linter can be disabled with `set_option linter.unusedTactic false`
/home/dombarker/project-offloads/aspis-r57-lean-src-20260929-a/AspisV8R19/R748GatherNested00.lean:119:11: warning: this tactic is never executed

Note: This linter can be disabled with `set_option linter.unreachableTactic false`
'AspisV8R19.R748GatherNested00.gatherGather76' depends on axioms: [propext]
/home/dombarker/project-offloads/aspis-r57-lean-src-20260929-a/AspisV8R19/R748GatherNested00.lean:125:11: warning: 'ring' tactic does nothing

Note: This linter can be disabled with `set_option linter.unusedTactic false`
/home/dombarker/project-offloads/aspis-r57-lean-src-20260929-a/AspisV8R19/R748GatherNested00.lean:125:11: warning: this tactic is never executed

Note: This linter can be disabled with `set_option linter.unreachableTactic false`
'AspisV8R19.R748GatherNested00.gatherGather78' depends on axioms: [propext]
/home/dombarker/project-offloads/aspis-r57-lean-src-20260929-a/AspisV8R19/R748GatherNested00.lean:131:2: error: No goals to be solved
'AspisV8R19.R748GatherNested00.gatherGather80' depends on axioms: [propext]
/home/dombarker/project-offloads/aspis-r57-lean-src-20260929-a/AspisV8R19/R748GatherNested00.lean:137:11: warning: 'ring' tactic does nothing

Note: This linter can be disabled with `set_option linter.unusedTactic false`
/home/dombarker/project-offloads/aspis-r57-lean-src-20260929-a/AspisV8R19/R748GatherNested00.lean:137:11: warning: this tactic is never executed

Note: This linter can be disabled with `set_option linter.unreachableTactic false`
'AspisV8R19.R748GatherNested00.gatherGather82' depends on axioms: [propext]
/home/dombarker/project-offloads/aspis-r57-lean-src-20260929-a/AspisV8R19/R748GatherNested00.lean:143:11: warning: 'ring' tactic does nothing

Note: This linter can be disabled with `set_option linter.unusedTactic false`
/home/dombarker/project-offloads/aspis-r57-lean-src-20260929-a/AspisV8R19/R748GatherNested00.lean:143:11: warning: this tactic is never executed

Note: This linter can be disabled with `set_option linter.unreachableTactic false`
'AspisV8R19.R748GatherNested00.gatherGather84' depends on axioms: [propext]
/home/dombarker/project-offloads/aspis-r57-lean-src-20260929-a/AspisV8R19/R748GatherNested00.lean:149:11: warning: 'ring' tactic does nothing

Note: This linter can be disabled with `set_option linter.unusedTactic false`
/home/dombarker/project-offloads/aspis-r57-lean-src-20260929-a/AspisV8R19/R748GatherNested00.lean:149:11: warning: this tactic is never executed

Note: This linter can be disabled with `set_option linter.unreachableTactic false`
'AspisV8R19.R748GatherNested00.gatherGather86' depends on axioms: [propext]
/home/dombarker/project-offloads/aspis-r57-lean-src-20260929-a/AspisV8R19/R748GatherNested00.lean:155:2: error: No goals to be solved
'AspisV8R19.R748GatherNested00.gatherGather88' depends on axioms: [propext]
/home/dombarker/project-offloads/aspis-r57-lean-src-20260929-a/AspisV8R19/R748GatherNested00.lean:161:11: warning: 'ring' tactic does nothing

Note: This linter can be disabled with `set_option linter.unusedTactic false`
/home/dombarker/project-offloads/aspis-r57-lean-src-20260929-a/AspisV8R19/R748GatherNested00.lean:161:11: warning: this tactic is never executed

Note: This linter can be disabled with `set_option linter.unreachableTactic false`
'AspisV8R19.R748GatherNested00.gatherGather90' depends on axioms: [propext]
/home/dombarker/project-offloads/aspis-r57-lean-src-20260929-a/AspisV8R19/R748GatherNested00.lean:167:2: error: No goals to be solved
'AspisV8R19.R748GatherNested00.gatherGather92' depends on axioms: [propext]
/home/dombarker/project-offloads/aspis-r57-lean-src-20260929-a/AspisV8R19/R748GatherNested00.lean:173:11: warning: 'ring' tactic does nothing

Note: This linter can be disabled with `set_option linter.unusedTactic false`
/home/dombarker/project-offloads/aspis-r57-lean-src-20260929-a/AspisV8R19/R748GatherNested00.lean:173:11: warning: this tactic is never executed

Note: This linter can be disabled with `set_option linter.unreachableTactic false`
'AspisV8R19.R748GatherNested00.gatherGather98' depends on axioms: [propext]
/home/dombarker/project-offloads/aspis-r57-lean-src-20260929-a/AspisV8R19/R748GatherNested00.lean:179:11: warning: 'ring' tactic does nothing

Note: This linter can be disabled with `set_option linter.unusedTactic false`
/home/dombarker/project-offloads/aspis-r57-lean-src-20260929-a/AspisV8R19/R748GatherNested00.lean:179:11: warning: this tactic is never executed

Note: This linter can be disabled with `set_option linter.unreachableTactic false`
'AspisV8R19.R748GatherNested00.gatherGather100' depends on axioms: [propext]
/home/dombarker/project-offloads/aspis-r57-lean-src-20260929-a/AspisV8R19/R748GatherNested00.lean:185:11: warning: 'ring' tactic does nothing

Note: This linter can be disabled with `set_option linter.unusedTactic false`
/home/dombarker/project-offloads/aspis-r57-lean-src-20260929-a/AspisV8R19/R748GatherNested00.lean:185:11: warning: this tactic is never executed

Note: This linter can be disabled with `set_option linter.unreachableTactic false`
'AspisV8R19.R748GatherNested00.gatherGather102' depends on axioms: [propext]
/home/dombarker/project-offloads/aspis-r57-lean-src-20260929-a/AspisV8R19/R748GatherNested00.lean:191:11: warning: 'ring' tactic does nothing

Note: This linter can be disabled with `set_option linter.unusedTactic false`
/home/dombarker/project-offloads/aspis-r57-lean-src-20260929-a/AspisV8R19/R748GatherNested00.lean:191:11: warning: this tactic is never executed

Note: This linter can be disabled with `set_option linter.unreachableTactic false`
'AspisV8R19.R748GatherNested00.gatherGather104' depends on axioms: [propext]
/home/dombarker/project-offloads/aspis-r57-lean-src-20260929-a/AspisV8R19/R748GatherNested00.lean:197:11: warning: 'ring' tactic does nothing

Note: This linter can be disabled with `set_option linter.unusedTactic false`
/home/dombarker/project-offloads/aspis-r57-lean-src-20260929-a/AspisV8R19/R748GatherNested00.lean:197:11: warning: this tactic is never executed

Note: This linter can be disabled with `set_option linter.unreachableTactic false`
'AspisV8R19.R748GatherNested00.gatherGather106' depends on axioms: [propext]
/home/dombarker/project-offloads/aspis-r57-lean-src-20260929-a/AspisV8R19/R748GatherNested00.lean:203:11: warning: 'ring' tactic does nothing

Note: This linter can be disabled with `set_option linter.unusedTactic false`
/home/dombarker/project-offloads/aspis-r57-lean-src-20260929-a/AspisV8R19/R748GatherNested00.lean:203:11: warning: this tactic is never executed

Note: This linter can be disabled with `set_option linter.unreachableTactic false`
'AspisV8R19.R748GatherNested00.gatherGather108' depends on axioms: [propext]
/home/dombarker/project-offloads/aspis-r57-lean-src-20260929-a/AspisV8R19/R748GatherNested00.lean:209:11: warning: 'ring' tactic does nothing

Note: This linter can be disabled with `set_option linter.unusedTactic false`
/home/dombarker/project-offloads/aspis-r57-lean-src-20260929-a/AspisV8R19/R748GatherNested00.lean:209:11: warning: this tactic is never executed

Note: This linter can be disabled with `set_option linter.unreachableTactic false`
'AspisV8R19.R748GatherNested00.gatherGather110' depends on axioms: [propext]
/home/dombarker/project-offloads/aspis-r57-lean-src-20260929-a/AspisV8R19/R748GatherNested00.lean:215:11: warning: 'ring' tactic does nothing

Note: This linter can be disabled with `set_option linter.unusedTactic false`
/home/dombarker/project-offloads/aspis-r57-lean-src-20260929-a/AspisV8R19/R748GatherNested00.lean:215:11: warning: this tactic is never executed

Note: This linter can be disabled with `set_option linter.unreachableTactic false`
'AspisV8R19.R748GatherNested00.gatherGather112' depends on axioms: [propext]
Command exited with non-zero status 1
	Command being timed: "/home/dombarker/.elan/bin/lake --dir /home/dombarker/project-offloads/aspis-r126-release-20260930-a/focus-workspace env lean -j1 -M4500 -R /home/dombarker/project-offloads/aspis-r57-lean-src-20260929-a -o /home/dombarker/project-offloads/aspis-r126-release-20260930-a/lib/AspisV8R19/R748GatherNested00.olean /home/dombarker/project-offloads/aspis-r57-lean-src-20260929-a/AspisV8R19/R748GatherNested00.lean"
	User time (seconds): 1.48
	System time (seconds): 0.33
	Percent of CPU this job got: 100%
	Elapsed (wall clock) time (h:mm:ss or m:ss): 0:01.79
	Average shared text size (kbytes): 0
	Average unshared data size (kbytes): 0
	Average stack size (kbytes): 0
	Average total size (kbytes): 0
	Maximum resident set size (kbytes): 3289844
	Average resident set size (kbytes): 0
	Major (requiring I/O) page faults: 0
	Minor (reclaiming a frame) page faults: 78542
	Voluntary context switches: 1556
	Involuntary context switches: 64
	Swaps: 0
	File system inputs: 0
	File system outputs: 0
	Socket messages sent: 0
	Socket messages received: 0
	Signals delivered: 0
	Page size (bytes): 4096
	Exit status: 1
Finished with result: exit-code
Main processes terminated with: code=exited/status=1
Service runtime: 1.829s
CPU time consumed: 1.845s
Memory peak: 288.0K
Memory swap peak: 0B
