R29 phase=G_matrix rows=633 columns=1022 rhs=276
R29 matrix_seconds=0.934769921 phase=single_multi_rhs_elimination
R29 rank=607 phase=all_original_rows_and_source_rechecks
R29_G_CAPACITY rank=607 target_basis=276 original_equations=174708 source_rechecks=276 negative_controls=276 beta_in_matrix=false source_prefix_substituted=false full_privacy=false seconds=5.72433648
	Command being timed: "/home/dombarker/project-offloads/aspis-r29-g-capacity-20260928-a/check-a/r29-g-capacity /home/dombarker/project-offloads/aspis-r29-g-capacity-20260928-a/world1-prefix.bin /home/dombarker/project-offloads/aspis-r29-g-capacity-20260928-a/check-a/world1"
	User time (seconds): 5.73
	System time (seconds): 0.01
	Percent of CPU this job got: 99%
	Elapsed (wall clock) time (h:mm:ss or m:ss): 0:05.74
	Average shared text size (kbytes): 0
	Average unshared data size (kbytes): 0
	Average stack size (kbytes): 0
	Average total size (kbytes): 0
	Maximum resident set size (kbytes): 35728
	Average resident set size (kbytes): 0
	Major (requiring I/O) page faults: 0
	Minor (reclaiming a frame) page faults: 8529
	Voluntary context switches: 1
	Involuntary context switches: 35
	Swaps: 0
	File system inputs: 0
	File system outputs: 8832
	Socket messages sent: 0
	Socket messages received: 0
	Signals delivered: 0
	Page size (bytes): 4096
	Exit status: 0
