   Compiling aspis-core v0.0.0 (/home/dombarker/project-offloads/aspis-r69-chain-20260929-b/source)
    Finished `release` profile [optimized] target(s) in 1.18s
	Command being timed: "/home/dombarker/project-offloads/ZK-v5-formal/toolchains/charon/bin/charon cargo --preset aeneas --mir built --sysroot default --start-from crate::circle_probe --lift-associated-types core::ops::try_trait::Try --include core::iter::adapters::chain --include core::iter::traits::iterator::Iterator::any --dest-file /home/dombarker/project-offloads/aspis-r69-chain-20260929-b/R69Circle.llbc -- --locked --offline --release --lib --no-default-features"
	User time (seconds): 1.12
	System time (seconds): 0.13
	Percent of CPU this job got: 101%
	Elapsed (wall clock) time (h:mm:ss or m:ss): 0:01.23
	Average shared text size (kbytes): 0
	Average unshared data size (kbytes): 0
	Average stack size (kbytes): 0
	Average total size (kbytes): 0
	Maximum resident set size (kbytes): 225632
	Average resident set size (kbytes): 0
	Major (requiring I/O) page faults: 0
	Minor (reclaiming a frame) page faults: 50124
	Voluntary context switches: 359
	Involuntary context switches: 30
	Swaps: 0
	File system inputs: 8
	File system outputs: 8128
	Socket messages sent: 0
	Socket messages received: 0
	Signals delivered: 0
	Page size (bytes): 4096
	Exit status: 0
