'AspisR19.HighWitnessFieldTransport.map_observed' depends on axioms: [propext, Classical.choice, Quot.sound]
'AspisR19.HighWitnessFieldTransport.observed_high' depends on axioms: [propext, Classical.choice, Quot.sound]
'AspisR19.HighWitnessFieldTransport.matrix_equal' depends on axioms: [propext, Classical.choice, Quot.sound]
'AspisR19.HighWitnessFieldTransport.repaired_det_ne_zero' depends on axioms: [propext, Classical.choice, Quot.sound]
	Command being timed: "/home/dombarker/.elan/bin/lake env lean -R /home/dombarker/project-offloads/aspis-r44-lean-src-20260929-a -o /home/dombarker/project-offloads/aspis-r44-lean-20260929-d/lib/AspisV8R19/HighWitnessFieldTransport.olean /home/dombarker/project-offloads/aspis-r44-lean-src-20260929-a/AspisV8R19/HighWitnessFieldTransport.lean"
	User time (seconds): 1.13
	System time (seconds): 0.32
	Percent of CPU this job got: 114%
	Elapsed (wall clock) time (h:mm:ss or m:ss): 0:01.27
	Average shared text size (kbytes): 0
	Average unshared data size (kbytes): 0
	Average stack size (kbytes): 0
	Average total size (kbytes): 0
	Maximum resident set size (kbytes): 2265148
	Average resident set size (kbytes): 0
	Major (requiring I/O) page faults: 0
	Minor (reclaiming a frame) page faults: 52660
	Voluntary context switches: 2835
	Involuntary context switches: 53
	Swaps: 0
	File system inputs: 0
	File system outputs: 360
	Socket messages sent: 0
	Socket messages received: 0
	Signals delivered: 0
	Page size (bytes): 4096
	Exit status: 0
