/home/dombarker/project-offloads/aspis-r44-lean-src-20260929-a/AspisV8R19/QM31NormalizedSection.lean:27:87: error: unsolved goals
t : Fin 22 → QM31Exact
ht : Function.Injective t
j : Fin 13
i : Index 32
hi : 22 ≤ ↑i.1
⊢ if i = (degree j, 0) then
    (if i = (degree j, 0) then (if i = (degree j, slot j) then 1 else 0) - embed 7 ^ ↑(slot j) * 1
      else (if i = (degree j, slot j) then 1 else 0) - embed 7 ^ ↑(slot j) * 0) =
      (if i = (degree j, slot j) then 1 else 0) - embed 7 ^ ↑(slot j) * 1
  else
    (if i = (degree j, 0) then (if i = (degree j, slot j) then 1 else 0) - embed 7 ^ ↑(slot j) * 1
      else (if i = (degree j, slot j) then 1 else 0) - embed 7 ^ ↑(slot j) * 0) =
      (if i = (degree j, slot j) then 1 else 0) - embed 7 ^ ↑(slot j) * 0
'AspisR19.QM31NormalizedSection.columns_high' depends on axioms: [propext, sorryAx, Classical.choice, Quot.sound]
'AspisR19.QM31NormalizedSection.matrix_independent_of_roots' depends on axioms: [propext,
 sorryAx,
 Classical.choice,
 Quot.sound]
'AspisR19.QM31NormalizedSection.det_ne_zero' depends on axioms: [propext, sorryAx, Classical.choice, Quot.sound]
'AspisR19.QM31NormalizedSection.selected_residual_surjective' depends on axioms: [propext,
 sorryAx,
 Classical.choice,
 Quot.sound]
'AspisR19.QM31NormalizedSection.columns_root_zero' depends on axioms: [propext, Classical.choice, Quot.sound]
'AspisR19.QM31NormalizedSection.columns_fold_zero' depends on axioms: [propext, Classical.choice, Quot.sound]
Command exited with non-zero status 1
	Command being timed: "/home/dombarker/.elan/bin/lake env lean -R /home/dombarker/project-offloads/aspis-r44-lean-src-20260929-a -o /home/dombarker/project-offloads/aspis-r44-lean-20260929-d/lib/AspisV8R19/QM31NormalizedSection.olean /home/dombarker/project-offloads/aspis-r44-lean-src-20260929-a/AspisV8R19/QM31NormalizedSection.lean"
	User time (seconds): 2.59
	System time (seconds): 0.40
	Percent of CPU this job got: 103%
	Elapsed (wall clock) time (h:mm:ss or m:ss): 0:02.89
	Average shared text size (kbytes): 0
	Average unshared data size (kbytes): 0
	Average stack size (kbytes): 0
	Average total size (kbytes): 0
	Maximum resident set size (kbytes): 2447932
	Average resident set size (kbytes): 0
	Major (requiring I/O) page faults: 1123
	Minor (reclaiming a frame) page faults: 56561
	Voluntary context switches: 5283
	Involuntary context switches: 65
	Swaps: 0
	File system inputs: 246928
	File system outputs: 8
	Socket messages sent: 0
	Socket messages received: 0
	Signals delivered: 0
	Page size (bytes): 4096
	Exit status: 1
