Warning: Permanently added '100.108.41.90' (ED25519) to the list of known hosts.
Running as unit: aspis-focus-1790901845617098000.service; invocation ID: 1d11ff6c58684a618ff4bdb264dbb00c
/home/dombarker/project-offloads/aspis-r57-lean-src-20260929-a/AspisV8R19/R200CurrentBytesRank.lean:22:54: error: unsolved goals
iter : CurrentIter
b : alloc.vec.Vec U8
iter1 : CurrentIter
b1 : alloc.vec.Vec U8
hstop : ¬iter.iter.i < ↑iter.iter.slice.len
h :
  (do
      let x ←
        if h : iter.iter.i < (↑iter.iter.slice).length then
            ok (some iter.iter.slice[iter.iter.i], { slice := iter.iter.slice, i := iter.iter.i + 1 })
          else ok (none, iter.iter)
      let __x ←
        match x.1 with
          | none => ok (none, { iter := x.2, count := iter.count })
          | some a => do
            let count' ← iter.count + 1#usize
            ok (some (iter.count, a), { iter := x.2, count := count' })
      match __x.1 with
        | none => ok (done b)
        | some p => do
          let i1 ← lift (p.1.wrapping_mul 16#usize)
          let i2 ← lift (p.1.wrapping_mul 16#usize)
          let i3 ← lift (i2.wrapping_add 16#usize)
          let __x_1 ←
            alloc.vec.Vec.index_mut (core.slice.index.SliceIndexRangeUsizeSlice U8) b { start := i1, «end» := i3 }
          let s1 ← p.2.write_le_bytes __x_1.1
          ok (cont (__x.2, __x_1.2 s1))) =
    ok (cont (iter1, b1))
⊢ False
/home/dombarker/project-offloads/aspis-r57-lean-src-20260929-a/AspisV8R19/R200CurrentBytesRank.lean:32:2: error: omega could not prove the goal:
a possible counterexample may satisfy the constraints
  f ≥ 0
  e ≥ 0
  e - f ≥ 0
  d ≥ 0
  c ≥ 0
  c - d ≤ 0
  c ≥ 0
  c - e + f ≤ 0
  a ≥ 0
  a + c - d ≥ 1
where
 a := ↑↑iter.iter.slice.len
 c := ↑((↑iter.iter.slice).length - iter.iter.i)
 d := ↑(↑iter.iter.slice).length
 e := ↑(↑iter1.iter.slice).length
 f := ↑iter1.iter.i
/home/dombarker/project-offloads/aspis-r57-lean-src-20260929-a/AspisV8R19/R200CurrentBytesRank.lean:26:6: warning: This simp argument is unused:
  core.iter.traits.iterator.IteratorSliceIter

Hint: Omit it from the simp argument list.
  simp [AspisR197CurrentBytes.bytes_loop.body,
        core.iter.adapters.enumerate.IteratorEnumerate.next, c̵o̵r̵e̵.̵i̵t̵e̵r̵.̵t̵r̵a̵i̵t̵s̵.̵i̵t̵e̵r̵a̵t̵o̵r̵.̵I̵t̵e̵r̵a̵t̵o̵r̵S̵l̵i̵c̵e̵I̵t̵e̵r̵,̵core.slice.iter.IteratorSliceIter.next,
        Slice.len, hstop] at h

Note: This linter can be disabled with `set_option linter.unusedSimpArgs false`
/home/dombarker/project-offloads/aspis-r57-lean-src-20260929-a/AspisV8R19/R200CurrentBytesRank.lean:27:57: warning: This simp argument is unused:
  hstop

Hint: Omit it from the simp argument list.
  simp [AspisR197CurrentBytes.bytes_loop.body,
        core.iter.adapters.enumerate.IteratorEnumerate.next,
        core.iter.traits.iterator.IteratorSliceIter,
  ̵  ̵ ̵ ̵ ̵ ̵core.slice.iter.IteratorSliceIter.next,
  ̲  ̲ ̲ ̲ ̲ ̲Slice.len,̵ ̵h̵s̵t̵o̵p̵] at h

Note: This linter can be disabled with `set_option linter.unusedSimpArgs false`
/home/dombarker/project-offloads/aspis-r57-lean-src-20260929-a/AspisV8R19/R200CurrentBytesRank.lean:30:4: warning: This simp argument is unused:
  core.iter.traits.iterator.IteratorSliceIter

Hint: Omit it from the simp argument list.
  simp [AspisR197CurrentBytes.bytes_loop.body, core.iter.adapters.enumerate.IteratorEnumerate.next,
      c̵o̵r̵e̵.̵i̵t̵e̵r̵.̵t̵r̵a̵i̵t̵s̵.̵i̵t̵e̵r̵a̵t̵o̵r̵.̵I̵t̵e̵r̵a̵t̵o̵r̵S̵l̵i̵c̵e̵I̵t̵e̵r̵,̵core.slice.iter.IteratorSliceIter.next, Slice.len, hactive] at h ⊢

Note: This linter can be disabled with `set_option linter.unusedSimpArgs false`
/home/dombarker/project-offloads/aspis-r57-lean-src-20260929-a/AspisV8R19/R200CurrentBytesRank.lean:31:55: warning: This simp argument is unused:
  hactive

Hint: Omit it from the simp argument list.
  simp [AspisR197CurrentBytes.bytes_loop.body, core.iter.adapters.enumerate.IteratorEnumerate.next,
      core.iter.traits.iterator.IteratorSliceIter, core.slice.iter.IteratorSliceIter.next,
  ̲  ̲ ̲ ̲S̵l̵i̵c̵e̵.̵l̵e̵n̵,̵ ̵h̵a̵c̵t̵i̵v̵e̵]̵S̲l̲i̲c̲e̲.̲l̲e̲n̲]̲ at h ⊢

Note: This linter can be disabled with `set_option linter.unusedSimpArgs false`
'AspisV8R19.R200CurrentBytesRank.body_continuation_rank' depends on axioms: [propext,
 sorryAx,
 Classical.choice,
 Quot.sound]
Command exited with non-zero status 1
	Command being timed: "/home/dombarker/.elan/bin/lake --dir /home/dombarker/project-offloads/aspis-r126-release-20260930-a/focus-workspace env lean -j1 -M4500 -R /home/dombarker/project-offloads/aspis-r57-lean-src-20260929-a -o /home/dombarker/project-offloads/aspis-r126-release-20260930-a/lib/AspisV8R19/R200CurrentBytesRank.olean /home/dombarker/project-offloads/aspis-r57-lean-src-20260929-a/AspisV8R19/R200CurrentBytesRank.lean"
	User time (seconds): 0.84
	System time (seconds): 0.26
	Percent of CPU this job got: 101%
	Elapsed (wall clock) time (h:mm:ss or m:ss): 0:01.09
	Average shared text size (kbytes): 0
	Average unshared data size (kbytes): 0
	Average stack size (kbytes): 0
	Average total size (kbytes): 0
	Maximum resident set size (kbytes): 2522964
	Average resident set size (kbytes): 0
	Major (requiring I/O) page faults: 0
	Minor (reclaiming a frame) page faults: 64247
	Voluntary context switches: 452
	Involuntary context switches: 43
	Swaps: 0
	File system inputs: 0
	File system outputs: 0
	Socket messages sent: 0
	Socket messages received: 0
	Signals delivered: 0
	Page size (bytes): 4096
	Exit status: 1
Finished with result: exit-code
Main processes terminated with: code=exited/status=1
Service runtime: 1.129s
CPU time consumed: 1.140s
Memory peak: 328.0K
Memory swap peak: 0B
