Warning: Permanently added '100.108.41.90' (ED25519) to the list of known hosts.
Running as unit: aspis-focus-1790901992911382000.service; invocation ID: 8fe90b997af640f8820d6dafc86bfccb
/home/dombarker/project-offloads/aspis-r57-lean-src-20260929-a/AspisV8R19/R200CurrentBytesRank.lean:48:22: error: `simp` made no progress

Note: The target expression is not type-correct under the `instances` transparency level, which may have triggered the failure. This is usually caused by unfolding of semireducible definitions in prior tactic steps. Use `set_option linter.tacticCheckInstances true` to investigate the source of the issue.
Full error:
  Application type mismatch: The argument
    iter1.iter.slice
  has type
    Slice aspis_core.field.QM31
  but is expected to have type
    { l // l.length ≤ Usize.max }
  in the application
    ↑iter1.iter.slice
/home/dombarker/project-offloads/aspis-r57-lean-src-20260929-a/AspisV8R19/R200CurrentBytesRank.lean:49:19: error: `simp` made no progress

Note: The target expression is not type-correct under the `instances` transparency level, which may have triggered the failure. This is usually caused by unfolding of semireducible definitions in prior tactic steps. Use `set_option linter.tacticCheckInstances true` to investigate the source of the issue.
Full error:
  Application type mismatch: The argument
    iter1.iter.slice
  has type
    Slice aspis_core.field.QM31
  but is expected to have type
    { l // l.length ≤ Usize.max }
  in the application
    ↑iter1.iter.slice
/home/dombarker/project-offloads/aspis-r57-lean-src-20260929-a/AspisV8R19/R200CurrentBytesRank.lean:51:14: error: `simp` made no progress

Note: The target expression is not type-correct under the `instances` transparency level, which may have triggered the failure. This is usually caused by unfolding of semireducible definitions in prior tactic steps. Use `set_option linter.tacticCheckInstances true` to investigate the source of the issue.
Full error:
  Application type mismatch: The argument
    iter1.iter.slice
  has type
    Slice aspis_core.field.QM31
  but is expected to have type
    { l // l.length ≤ Usize.max }
  in the application
    ↑iter1.iter.slice
/home/dombarker/project-offloads/aspis-r57-lean-src-20260929-a/AspisV8R19/R200CurrentBytesRank.lean:26:6: warning: This simp argument is unused:
  core.iter.traits.iterator.IteratorSliceIter

Hint: Omit it from the simp argument list.
  simp [AspisR197CurrentBytes.bytes_loop.body,
        core.iter.adapters.enumerate.IteratorEnumerate.next, c̵o̵r̵e̵.̵i̵t̵e̵r̵.̵t̵r̵a̵i̵t̵s̵.̵i̵t̵e̵r̵a̵t̵o̵r̵.̵I̵t̵e̵r̵a̵t̵o̵r̵S̵l̵i̵c̵e̵I̵t̵e̵r̵,̵core.slice.iter.IteratorSliceIter.next,
        Slice.len, hstop] at h

Note: This linter can be disabled with `set_option linter.unusedSimpArgs false`
/home/dombarker/project-offloads/aspis-r57-lean-src-20260929-a/AspisV8R19/R200CurrentBytesRank.lean:30:4: warning: This simp argument is unused:
  core.iter.traits.iterator.IteratorSliceIter

Hint: Omit it from the simp argument list.
  simp [AspisR197CurrentBytes.bytes_loop.body, core.iter.adapters.enumerate.IteratorEnumerate.next,
      c̵o̵r̵e̵.̵i̵t̵e̵r̵.̵t̵r̵a̵i̵t̵s̵.̵i̵t̵e̵r̵a̵t̵o̵r̵.̵I̵t̵e̵r̵a̵t̵o̵r̵S̵l̵i̵c̵e̵I̵t̵e̵r̵,̵core.slice.iter.IteratorSliceIter.next, Slice.len, hactive, lift] at h ⊢

Note: This linter can be disabled with `set_option linter.unusedSimpArgs false`
'AspisV8R19.R200CurrentBytesRank.body_continuation_rank' depends on axioms: [propext,
 sorryAx,
 Classical.choice,
 Quot.sound]
Command exited with non-zero status 1
	Command being timed: "/home/dombarker/.elan/bin/lake --dir /home/dombarker/project-offloads/aspis-r126-release-20260930-a/focus-workspace env lean -j1 -M4500 -R /home/dombarker/project-offloads/aspis-r57-lean-src-20260929-a -o /home/dombarker/project-offloads/aspis-r126-release-20260930-a/lib/AspisV8R19/R200CurrentBytesRank.olean /home/dombarker/project-offloads/aspis-r57-lean-src-20260929-a/AspisV8R19/R200CurrentBytesRank.lean"
	User time (seconds): 1.01
	System time (seconds): 0.28
	Percent of CPU this job got: 100%
	Elapsed (wall clock) time (h:mm:ss or m:ss): 0:01.28
	Average shared text size (kbytes): 0
	Average unshared data size (kbytes): 0
	Average stack size (kbytes): 0
	Average total size (kbytes): 0
	Maximum resident set size (kbytes): 2524812
	Average resident set size (kbytes): 0
	Major (requiring I/O) page faults: 0
	Minor (reclaiming a frame) page faults: 64267
	Voluntary context switches: 506
	Involuntary context switches: 43
	Swaps: 0
	File system inputs: 0
	File system outputs: 0
	Socket messages sent: 0
	Socket messages received: 0
	Signals delivered: 0
	Page size (bytes): 4096
	Exit status: 1
Finished with result: exit-code
Main processes terminated with: code=exited/status=1
Service runtime: 1.318s
CPU time consumed: 1.330s
Memory peak: 256.0K
Memory swap peak: 0B
