[[92mInfo[39m ] Imported: /home/dombarker/project-offloads/aspis-r285-query-field-leaf-input-20261002-a/R284PrivateFieldLeavesOrdered.llbc
[[92mInfo[39m ] Creating missing directory: /home/dombarker/project-offloads/aspis-r285-query-field-leaf-translation-20261002-a/generated/AspisR285QueryFieldLeaves
[[92mInfo[39m ] Generated: /home/dombarker/project-offloads/aspis-r285-query-field-leaf-translation-20261002-a/generated/AspisR285QueryFieldLeaves/Types.lean
[[92mInfo[39m ] Generated: /home/dombarker/project-offloads/aspis-r285-query-field-leaf-translation-20261002-a/generated/AspisR285QueryFieldLeaves/Funs.lean
[[92mInfo[39m ] Generated: /home/dombarker/project-offloads/aspis-r285-query-field-leaf-translation-20261002-a/generated/translation.json
[[92mInfo[39m ] Total execution time: 0.163759 seconds
	Command being timed: "/home/dombarker/project-offloads/aspis-return-continuation-20261002-a/aeneas-return-continuation -sequential -no-progress-bar -abort-on-error -backend lean -namespace AspisR285QueryFieldLeaves -dest /home/dombarker/project-offloads/aspis-r285-query-field-leaf-translation-20261002-a/generated -subdir AspisR285QueryFieldLeaves -split-files -emit-json /home/dombarker/project-offloads/aspis-r285-query-field-leaf-input-20261002-a/R284PrivateFieldLeavesOrdered.llbc"
	User time (seconds): 0.24
	System time (seconds): 0.01
	Percent of CPU this job got: 100%
	Elapsed (wall clock) time (h:mm:ss or m:ss): 0:00.25
	Average shared text size (kbytes): 0
	Average unshared data size (kbytes): 0
	Average stack size (kbytes): 0
	Average total size (kbytes): 0
	Maximum resident set size (kbytes): 58432
	Average resident set size (kbytes): 0
	Major (requiring I/O) page faults: 0
	Minor (reclaiming a frame) page faults: 9024
	Voluntary context switches: 1
	Involuntary context switches: 4
	Swaps: 0
	File system inputs: 0
	File system outputs: 56
	Socket messages sent: 0
	Socket messages received: 0
	Signals delivered: 0
	Page size (bytes): 4096
	Exit status: 0
