Warning: Permanently added '100.108.41.90' (ED25519) to the list of known hosts.
Running as unit: aspis-focus-1791109825826211000.service; invocation ID: 2af6245b189b4f88a389e46cba04a73e
/home/dombarker/project-offloads/aspis-r57-lean-src-20260929-a/AspisV8R19/R641PackedByteConcat.lean:94:12: warning: try 'simp' instead of 'simpa'

Note: This linter can be disabled with `set_option linter.unnecessarySimpa false`
/home/dombarker/project-offloads/aspis-r57-lean-src-20260929-a/AspisV8R19/R641PackedByteConcat.lean:96:60: warning: 'omega' tactic does nothing

Note: This linter can be disabled with `set_option linter.unusedTactic false`
/home/dombarker/project-offloads/aspis-r57-lean-src-20260929-a/AspisV8R19/R641PackedByteConcat.lean:96:60: warning: this tactic is never executed

Note: This linter can be disabled with `set_option linter.unreachableTactic false`
'AspisV8R19.R641PackedByteConcat.packed_bytes_concat' depends on axioms: [propext, Classical.choice, Quot.sound]
	Command being timed: "/home/dombarker/.elan/bin/lake --dir /home/dombarker/project-offloads/aspis-r126-release-20260930-a/focus-workspace env lean -j1 -M4500 -R /home/dombarker/project-offloads/aspis-r57-lean-src-20260929-a -o /home/dombarker/project-offloads/aspis-r126-release-20260930-a/lib/AspisV8R19/R641PackedByteConcat.olean /home/dombarker/project-offloads/aspis-r57-lean-src-20260929-a/AspisV8R19/R641PackedByteConcat.lean"
	User time (seconds): 1.76
	System time (seconds): 0.39
	Percent of CPU this job got: 99%
	Elapsed (wall clock) time (h:mm:ss or m:ss): 0:02.15
	Average shared text size (kbytes): 0
	Average unshared data size (kbytes): 0
	Average stack size (kbytes): 0
	Average total size (kbytes): 0
	Maximum resident set size (kbytes): 3772896
	Average resident set size (kbytes): 0
	Major (requiring I/O) page faults: 0
	Minor (reclaiming a frame) page faults: 87758
	Voluntary context switches: 846
	Involuntary context switches: 86
	Swaps: 0
	File system inputs: 8
	File system outputs: 1024
	Socket messages sent: 0
	Socket messages received: 0
	Signals delivered: 0
	Page size (bytes): 4096
	Exit status: 0
Finished with result: success
Main processes terminated with: code=exited/status=0
Service runtime: 2.186s
CPU time consumed: 2.182s
Memory peak: 556.0K
Memory swap peak: 0B
