'AspisV8Completion.FSAuthenticationSuffix.extended_prefixes' depends on axioms: [propext, Quot.sound]
'AspisV8Completion.FSAuthenticationSuffix.continued_prefix_answers' depends on axioms: [propext, Quot.sound]
'AspisV8Completion.FSAuthenticationSuffix.continue_valid' depends on axioms: [propext, Quot.sound]
'AspisV8Completion.FSAuthenticationSuffix.later_call_bound' depends on axioms: [propext, Quot.sound]
        0.36 real         0.22 user         0.14 sys
           684818432  maximum resident set size
                   0  average shared memory size
                   0  average unshared data size
                   0  average unshared stack size
               47840  page reclaims
                  14  page faults
                   0  swaps
                   0  block input operations
                   0  block output operations
                   0  messages sent
                   0  messages received
                   0  signals received
                   1  voluntary context switches
                 631  involuntary context switches
           314315607  instructions retired
           108076605  cycles elapsed
            11043488  peak memory footprint
