'AspisV8Completion.FSAuthenticationPrefixes.projected_cuts' depends on axioms: [propext, Quot.sound]
'AspisV8Completion.FSAuthenticationPrefixes.projected_answers_from_empty' depends on axioms: [propext, Quot.sound]
'AspisV8Completion.FSAuthenticationPrefixes.truncate_length' depends on axioms: [propext, Quot.sound]
'AspisV8Completion.FSAuthenticationPrefixes.advertised_total_answers_from_empty' depends on axioms: [propext,
 Quot.sound]
        0.47 real         0.31 user         0.15 sys
           686653440  maximum resident set size
                   0  average shared memory size
                   0  average unshared data size
                   0  average unshared stack size
               47932  page reclaims
                   7  page faults
                   0  swaps
                   0  block input operations
                   0  block output operations
                   0  messages sent
                   0  messages received
                   0  signals received
                   2  voluntary context switches
                 823  involuntary context switches
           314693226  instructions retired
           109368937  cycles elapsed
            11059896  peak memory footprint
