info: r62_focused: no previous manifest, creating one from scratch
info: toolchain not updated; already up-to-date
'AspisV8R19.CorrectionGather.scatterFrom_eq' depends on axioms: [propext]
'AspisV8R19.CorrectionGather.scatter_eq_gather' depends on axioms: [propext]
'AspisV8R19.CorrectionGather.gathered_delayed_reduction' depends on axioms: [propext]
	Command being timed: "/home/dombarker/.elan/bin/lake env lean -R /home/dombarker/project-offloads/aspis-r57-lean-src-20260929-a -o /home/dombarker/project-offloads/aspis-r62-lean-20260929-a/lib/AspisV8R19/CorrectionGather.olean /home/dombarker/project-offloads/aspis-r57-lean-src-20260929-a/AspisV8R19/CorrectionGather.lean"
	User time (seconds): 1.09
	System time (seconds): 0.53
	Percent of CPU this job got: 105%
	Elapsed (wall clock) time (h:mm:ss or m:ss): 0:01.54
	Average shared text size (kbytes): 0
	Average unshared data size (kbytes): 0
	Average stack size (kbytes): 0
	Average total size (kbytes): 0
	Maximum resident set size (kbytes): 3259980
	Average resident set size (kbytes): 0
	Major (requiring I/O) page faults: 0
	Minor (reclaiming a frame) page faults: 77110
	Voluntary context switches: 3301
	Involuntary context switches: 61
	Swaps: 0
	File system inputs: 32
	File system outputs: 304
	Socket messages sent: 0
	Socket messages received: 0
	Signals delivered: 0
	Page size (bytes): 4096
	Exit status: 0
