Warning: Permanently added '100.108.41.90' (ED25519) to the list of known hosts.
Running as unit: aspis-focus-1791109482834888000.service; invocation ID: b6c0539cdd164d54986d168b1eb693de
/home/dombarker/project-offloads/aspis-r57-lean-src-20260929-a/AspisV8R19/R640DecoderExactWords.lean:34:44: error(lean.unknownIdentifier): Unknown identifier `out.property`
/home/dombarker/project-offloads/aspis-r57-lean-src-20260929-a/AspisV8R19/R640DecoderExactWords.lean:34:37: error: unsolved goals
N : Usize
out1 : Std.Array U32 N
mask : U32
count : Usize
invalid : U32
hchunks : ∀ b ∈ [], (↑b).length = 31
hfull : 8 * ↑count = ↑N
right✝ : invalid = mask
⊢ (↑out1).length ≤ ↑N
/home/dombarker/project-offloads/aspis-r57-lean-src-20260929-a/AspisV8R19/R640DecoderExactWords.lean:48:16: error: unsolved goals
case cons.ok
N : Usize
out1 : Std.Array U32 N
mask : U32
b : Slice U8
bs : List (Slice U8)
ih :
  ∀ (count : Usize) (out : Std.Array U32 N) (invalid : U32) (hchunks : ∀ b ∈ bs, (↑b).length = 31),
    8 * (↑count + bs.length) = ↑N →
      runChunks bs count out invalid = ok (out1, mask) → ↑out1 = List.take (8 * ↑count) ↑out ++ wordsOfChunks bs hchunks
count : Usize
out : Std.Array U32 N
invalid : U32
hchunks : ∀ b_1 ∈ b :: bs, (↑b_1).length = 31
hfull : 8 * (↑count + (b :: bs).length) = ↑N
hb : (↑b).length = 31
ba : Std.Array U8 31#usize := ⟨↑b, ⋯⟩
hb_eq : ba.to_slice = b
hblock : 8 * (↑count + 1) ≤ ↑N
hdecode :
  decodeBlock count b out invalid =
    ok (blockOutput8 count (blockValues ba) out, List.foldl sourceInvalid invalid (blockWords (blockValues ba)))
next : UScalar UScalarTy.Usize
hn : count + 1#usize = ok next
hexec :
  runChunks bs next (blockOutput8 count (blockValues ba) out)
      (List.foldl sourceInvalid invalid (blockWords (blockValues ba))) =
    ok (out1, mask)
hnext : ↑next = ↑count + 1
hs : ∀ c ∈ bs, (↑c).length = 31
hfull1 : 8 * (↑next + bs.length) = ↑N
hi : ↑out1 = List.take (8 * ↑next) ↑(blockOutput8 count (blockValues ba) out) ++ wordsOfChunks bs hs
hsegment :
  ↑(blockOutput8 count (blockValues ba) out) =
    List.take (8 * ↑count) ↑out ++ blockWords (blockValues ba) ++ List.drop (8 * (↑count + 1)) ↑out
hprefixlen : (List.take (8 * ↑count) ↑out ++ blockWords (blockValues ba)).length = 8 * (↑count + 1)
⊢ List.take (8 * ↑count) ↑out ++ (blockWords (blockValues ba) ++ wordsOfChunks bs hs) =
    List.take (8 * ↑count) ↑out ++ (blockWords (blockValues ⟨↑b, ⋯⟩) ++ wordsOfChunks bs ⋯)
'AspisV8R19.R640DecoderExactWords.wordsOfChunks' depends on axioms: [propext, Classical.choice, Quot.sound]
'AspisV8R19.R640DecoderExactWords.chunks_filled_output' depends on axioms: [propext,
 sorryAx,
 Classical.choice,
 Quot.sound,
 core.fmt.Formatter]
Command exited with non-zero status 1
	Command being timed: "/home/dombarker/.elan/bin/lake --dir /home/dombarker/project-offloads/aspis-r126-release-20260930-a/focus-workspace env lean -j1 -M4500 -R /home/dombarker/project-offloads/aspis-r57-lean-src-20260929-a -o /home/dombarker/project-offloads/aspis-r126-release-20260930-a/lib/AspisV8R19/R640DecoderExactWords.olean /home/dombarker/project-offloads/aspis-r57-lean-src-20260929-a/AspisV8R19/R640DecoderExactWords.lean"
	User time (seconds): 1.24
	System time (seconds): 0.39
	Percent of CPU this job got: 101%
	Elapsed (wall clock) time (h:mm:ss or m:ss): 0:01.61
	Average shared text size (kbytes): 0
	Average unshared data size (kbytes): 0
	Average stack size (kbytes): 0
	Average total size (kbytes): 0
	Maximum resident set size (kbytes): 3756436
	Average resident set size (kbytes): 0
	Major (requiring I/O) page faults: 0
	Minor (reclaiming a frame) page faults: 87089
	Voluntary context switches: 662
	Involuntary context switches: 74
	Swaps: 0
	File system inputs: 8
	File system outputs: 0
	Socket messages sent: 0
	Socket messages received: 0
	Signals delivered: 0
	Page size (bytes): 4096
	Exit status: 1
Finished with result: exit-code
Main processes terminated with: code=exited/status=1
Service runtime: 1.636s
CPU time consumed: 1.657s
Memory peak: 512.0K
Memory swap peak: 0B
