info: r44_focused: no previous manifest, creating one from scratch
info: toolchain not updated; already up-to-date
'AspisR19.NormalizedGCore.flatten_column' depends on axioms: [propext, Classical.choice, Quot.sound]
'AspisR19.NormalizedGCore.flatten_high' depends on axioms: [propext, Quot.sound]
'AspisR19.NormalizedGCore.selected_direct_g_zero' depends on axioms: [propext, Classical.choice, Quot.sound]
'AspisR19.NormalizedGCore.normalized_selected_g_zero' depends on axioms: [propext, Classical.choice, Quot.sound]
	Command being timed: "/home/dombarker/.elan/bin/lake env lean -R /home/dombarker/project-offloads/aspis-r44-lean-src-20260929-a -o /home/dombarker/project-offloads/aspis-r44-lean-20260929-i/lib/AspisV8R19/NormalizedGCore.olean /home/dombarker/project-offloads/aspis-r44-lean-src-20260929-a/AspisV8R19/NormalizedGCore.lean"
	User time (seconds): 0.99
	System time (seconds): 0.34
	Percent of CPU this job got: 119%
	Elapsed (wall clock) time (h:mm:ss or m:ss): 0:01.12
	Average shared text size (kbytes): 0
	Average unshared data size (kbytes): 0
	Average stack size (kbytes): 0
	Average total size (kbytes): 0
	Maximum resident set size (kbytes): 2325916
	Average resident set size (kbytes): 0
	Major (requiring I/O) page faults: 0
	Minor (reclaiming a frame) page faults: 53939
	Voluntary context switches: 3321
	Involuntary context switches: 42
	Swaps: 0
	File system inputs: 0
	File system outputs: 616
	Socket messages sent: 0
	Socket messages received: 0
	Signals delivered: 0
	Page size (bytes): 4096
	Exit status: 0
