/home/dombarker/project-offloads/aspis-r50-lean-src-20260929-a/AspisV8R19/FixedQueryNonzero.lean:12:0: warning: automatically included section variable(s) unused in theorem `AspisR19.FixedQueryNonzero.assignment_z`:
  [NeZero 2]
consider restructuring your `variable` declarations so that the variables are not in scope or explicitly omit them:
  omit [NeZero 2] in theorem ...

Note: This linter can be disabled with `set_option linter.unusedSectionVars false`
/home/dombarker/project-offloads/aspis-r50-lean-src-20260929-a/AspisV8R19/FixedQueryNonzero.lean:22:4: error: No goals to be solved
/home/dombarker/project-offloads/aspis-r50-lean-src-20260929-a/AspisV8R19/FixedQueryNonzero.lean:26:4: error: No goals to be solved
/home/dombarker/project-offloads/aspis-r50-lean-src-20260929-a/AspisV8R19/FixedQueryNonzero.lean:30:4: error: No goals to be solved
'AspisR19.FixedQueryNonzero.assignment_z' depends on axioms: [propext, Classical.choice, Quot.sound]
'AspisR19.FixedQueryNonzero.assigned_eq' depends on axioms: [propext, sorryAx, Classical.choice, Quot.sound]
'AspisR19.FixedQueryNonzero.polynomial_ne_zero' depends on axioms: [propext, sorryAx, Classical.choice, Quot.sound]
'AspisR19.FixedQueryNonzero.exact_qm31' depends on axioms: [propext, sorryAx, Classical.choice, Quot.sound]
Command exited with non-zero status 1
	Command being timed: "/home/dombarker/.elan/bin/lake env lean -R /home/dombarker/project-offloads/aspis-r50-lean-src-20260929-a -o /home/dombarker/project-offloads/aspis-r50-lean-20260929-h/lib/AspisV8R19/FixedQueryNonzero.olean /home/dombarker/project-offloads/aspis-r50-lean-src-20260929-a/AspisV8R19/FixedQueryNonzero.lean"
	User time (seconds): 1.17
	System time (seconds): 0.36
	Percent of CPU this job got: 115%
	Elapsed (wall clock) time (h:mm:ss or m:ss): 0:01.33
	Average shared text size (kbytes): 0
	Average unshared data size (kbytes): 0
	Average stack size (kbytes): 0
	Average total size (kbytes): 0
	Maximum resident set size (kbytes): 2457580
	Average resident set size (kbytes): 0
	Major (requiring I/O) page faults: 0
	Minor (reclaiming a frame) page faults: 57040
	Voluntary context switches: 2247
	Involuntary context switches: 54
	Swaps: 0
	File system inputs: 0
	File system outputs: 8
	Socket messages sent: 0
	Socket messages received: 0
	Signals delivered: 0
	Page size (bytes): 4096
	Exit status: 1
