'AspisV8Completion.FSAuthenticationSuffix.extended_prefixes' depends on axioms: [propext, Quot.sound]
'AspisV8Completion.FSAuthenticationSuffix.continued_prefix_answers' depends on axioms: [propext, Quot.sound]
'AspisV8Completion.FSAuthenticationSuffix.continue_valid' depends on axioms: [propext, Quot.sound]
'AspisV8Completion.FSAuthenticationSuffix.later_call_bound' depends on axioms: [propext, Quot.sound]
	Command being timed: "/home/dombarker/.elan/toolchains/leanprover--lean4---v4.32.0/bin/lean -j1 -M9000 -R /home/dombarker/aspis-v8-auth-slots-20260912.gAEiwr -o /home/dombarker/aspis-v8-auth-slots-20260912.gAEiwr/fs-old-6-v1/FSAuthenticationSuffix.olean /home/dombarker/aspis-v8-auth-slots-20260912.gAEiwr/FSAuthenticationSuffix.lean"
	User time (seconds): 0.29
	System time (seconds): 0.11
	Percent of CPU this job got: 100%
	Elapsed (wall clock) time (h:mm:ss or m:ss): 0:00.40
	Average shared text size (kbytes): 0
	Average unshared data size (kbytes): 0
	Average stack size (kbytes): 0
	Average total size (kbytes): 0
	Maximum resident set size (kbytes): 754468
	Average resident set size (kbytes): 0
	Major (requiring I/O) page faults: 0
	Minor (reclaiming a frame) page faults: 16669
	Voluntary context switches: 611
	Involuntary context switches: 29
	Swaps: 0
	File system inputs: 0
	File system outputs: 424
	Socket messages sent: 0
	Socket messages received: 0
	Signals delivered: 0
	Page size (bytes): 4096
	Exit status: 0
