Warning: Permanently added '100.108.41.90' (ED25519) to the list of known hosts.
Running as unit: aspis-focus-1791087639707030000.service; invocation ID: 297fc520550f454599dc633bad7c84f8
/home/dombarker/project-offloads/aspis-r57-lean-src-20260929-a/docs/research/v8-full-view-zk-20260912/lean/AspisV8R19/R577NativeInnerSamplerExecution.lean:52:54: warning: This simp argument is unused:
  bind_assoc_eq

Hint: Omit it from the simp argument list.
  simp [toCurrentTranscript, fromCurrentTranscript, b̵i̵n̵d̵_̵a̵s̵s̵o̵c̵_̵e̵q̵,̵ ̵bind_tc_ok, Prod.fst, Prod.snd]

Note: This linter can be disabled with `set_option linter.unusedSimpArgs false`
/home/dombarker/project-offloads/aspis-r57-lean-src-20260929-a/docs/research/v8-full-view-zk-20260912/lean/AspisV8R19/R577NativeInnerSamplerExecution.lean:53:6: warning: This simp argument is unused:
  Prod.fst

Hint: Omit it from the simp argument list.
  simp [toCurrentTranscript, fromCurrentTranscript, bind_assoc_eq, bind_tc_ok,
  ̵  ̵ ̵ ̵ ̵ ̵Prod.f̵st̵,̵ ̵P̵r̵o̵d̵.̵s̵nd]

Note: This linter can be disabled with `set_option linter.unusedSimpArgs false`
/home/dombarker/project-offloads/aspis-r57-lean-src-20260929-a/docs/research/v8-full-view-zk-20260912/lean/AspisV8R19/R577NativeInnerSamplerExecution.lean:53:16: warning: This simp argument is unused:
  Prod.snd

Hint: Omit it from the simp argument list.
  simp [toCurrentTranscript, fromCurrentTranscript, bind_assoc_eq, bind_tc_ok,
  ̵  ̵ ̵ ̵ ̵ ̵Prod.fst,̵ ̵P̵r̵o̵d̵.̵s̵n̵d̵]

Note: This linter can be disabled with `set_option linter.unusedSimpArgs false`
/home/dombarker/project-offloads/aspis-r57-lean-src-20260929-a/docs/research/v8-full-view-zk-20260912/lean/AspisV8R19/R577NativeInnerSamplerExecution.lean:126:52: error: unsolved goals
limb : AspisR569MaskedClaimCompleteConsts.aspis_core.field.M31
r : core.ops.range.Range U32
s : NTranscript
b : Std.Array U8 32#usize
j : Usize
hj : ↑j ≤ 8
hmul : ∀ (x : Usize), ↑x ≤ 8 → x * 4#usize = ok (x.wrapping_mul 4#usize)
hadd : ∀ (x : Usize), ↑x ≤ 28 → x + 4#usize = ok (x.wrapping_add 4#usize)
hone : ∀ (x : Usize), ↑x ≤ 8 → x + 1#usize = ok (x.wrapping_add 1#usize)
r1 : core.ops.range.Range (UScalar UScalarTy.U32)
v : UScalar UScalarTy.U32
hi : core.iter.range.IteratorRange.next core.iter.range.StepU32 r = ok (some v, r1)
hr : j = 8#usize
b1 : Std.Array U8 32#usize
s1 : AspisR156FullFreeze.aspis_core.transcript.Transcript
hs : AspisR156FullFreeze.aspis_core.transcript.Transcript.squeeze_block (toCurrentTranscript s) = ok (b1, s1)
⊢ (let (b, t) := (b1, s1)
    ok (b, fromCurrentTranscript t)) =
    ok (b1, fromCurrentTranscript s1)
/home/dombarker/project-offloads/aspis-r57-lean-src-20260929-a/docs/research/v8-full-view-zk-20260912/lean/AspisV8R19/R577NativeInnerSamplerExecution.lean:130:21: warning: This simp argument is unused:
  bind_assoc_eq

Hint: Omit it from the simp argument list.
  simp only [bind_a̵s̵s̵o̵c̵_̵e̵q̵,̵ ̵b̵i̵n̵d̵_̵tc_ok, nativeControl, pendingNative, finishedNative]

Note: This linter can be disabled with `set_option linter.unusedSimpArgs false`
/home/dombarker/project-offloads/aspis-r57-lean-src-20260929-a/docs/research/v8-full-view-zk-20260912/lean/AspisV8R19/R577NativeInnerSamplerExecution.lean:135:36: warning: This simp argument is unused:
  bind_assoc_eq

Hint: Omit it from the simp argument list.
  simp only [hm0, ha0, hn0, b̵i̵n̵d̵_̵a̵s̵s̵o̵c̵_̵e̵q̵,̵ ̵bind_tc_ok, nativeControl, pendingNative, finishedNative]

Note: This linter can be disabled with `set_option linter.unusedSimpArgs false`
/home/dombarker/project-offloads/aspis-r57-lean-src-20260929-a/docs/research/v8-full-view-zk-20260912/lean/AspisV8R19/R577NativeInnerSamplerExecution.lean:136:12: warning: This simp argument is unused:
  nativeControl

Hint: Omit it from the simp argument list.
  simp only [hm0, ha0, hn0, bind_assoc_eq, bind_tc_ok, n̵a̵t̵i̵v̵e̵C̵o̵n̵t̵r̵o̵l̵,̵ ̵pendingNative, finishedNative]

Note: This linter can be disabled with `set_option linter.unusedSimpArgs false`
/home/dombarker/project-offloads/aspis-r57-lean-src-20260929-a/docs/research/v8-full-view-zk-20260912/lean/AspisV8R19/R577NativeInnerSamplerExecution.lean:136:27: warning: This simp argument is unused:
  pendingNative

Hint: Omit it from the simp argument list.
  simp only [hm0, ha0, hn0, bind_assoc_eq, bind_tc_ok, nativeControl, p̵e̵n̵d̵i̵n̵g̵N̵a̵t̵i̵v̵e̵,̵ ̵finishedNative]

Note: This linter can be disabled with `set_option linter.unusedSimpArgs false`
/home/dombarker/project-offloads/aspis-r57-lean-src-20260929-a/docs/research/v8-full-view-zk-20260912/lean/AspisV8R19/R577NativeInnerSamplerExecution.lean:136:42: warning: This simp argument is unused:
  finishedNative

Hint: Omit it from the simp argument list.
  simp only [hm0, ha0, hn0, bind_assoc_eq, bind_tc_ok, nativeControl, p̵e̵n̵d̵i̵n̵g̵N̵a̵t̵i̵v̵e̵,̵ ̵f̵i̵n̵i̵s̵h̵e̵d̵N̵a̵t̵i̵v̵e̵]̵p̲e̲n̲d̲i̲n̲g̲N̲a̲t̲i̲v̲e̲]̲

Note: This linter can be disabled with `set_option linter.unusedSimpArgs false`
/home/dombarker/project-offloads/aspis-r57-lean-src-20260929-a/docs/research/v8-full-view-zk-20260912/lean/AspisV8R19/R577NativeInnerSamplerExecution.lean:150:30: warning: This simp argument is unused:
  bind_assoc_eq

Hint: Omit it from the simp argument list.
  simp only [if_neg hr,̵ ̵b̵i̵n̵d̵_̵a̵s̵s̵o̵c̵_̵e̵q̵]

Note: This linter can be disabled with `set_option linter.unusedSimpArgs false`
Command exited with non-zero status 1
	Command being timed: "/home/dombarker/.elan/bin/lake --dir /home/dombarker/project-offloads/aspis-r126-release-20260930-a/focus-workspace env lean -j1 -M4500 -R /home/dombarker/project-offloads/aspis-r57-lean-src-20260929-a -o /home/dombarker/project-offloads/aspis-r126-release-20260930-a/lib/docs/research/v8-full-view-zk-20260912/lean/AspisV8R19/R577NativeInnerSamplerExecution.olean /home/dombarker/project-offloads/aspis-r57-lean-src-20260929-a/docs/research/v8-full-view-zk-20260912/lean/AspisV8R19/R577NativeInnerSamplerExecution.lean"
	User time (seconds): 2.02
	System time (seconds): 0.39
	Percent of CPU this job got: 100%
	Elapsed (wall clock) time (h:mm:ss or m:ss): 0:02.41
	Average shared text size (kbytes): 0
	Average unshared data size (kbytes): 0
	Average stack size (kbytes): 0
	Average total size (kbytes): 0
	Maximum resident set size (kbytes): 3747984
	Average resident set size (kbytes): 0
	Major (requiring I/O) page faults: 0
	Minor (reclaiming a frame) page faults: 87067
	Voluntary context switches: 753
	Involuntary context switches: 70
	Swaps: 0
	File system inputs: 0
	File system outputs: 0
	Socket messages sent: 0
	Socket messages received: 0
	Signals delivered: 0
	Page size (bytes): 4096
	Exit status: 1
Finished with result: exit-code
Main processes terminated with: code=exited/status=1
Service runtime: 2.444s
CPU time consumed: 2.457s
Memory peak: 288.0K
Memory swap peak: 0B
