Warning: Permanently added '100.108.41.90' (ED25519) to the list of known hosts.
Running as unit: aspis-focus-1791122131428415000.service; invocation ID: 27f6f4f8e5604619bbe23a5622773ea7
Equiv.sum_comp.{u_1, u_2, u_3} {ι : Type u_1} {κ : Type u_2} {M : Type u_3} [Fintype ι] [Fintype κ] [AddCommMonoid M]
  (e : ι ≃ κ) (g : κ → M) : ∑ i, g (e i) = ∑ i, g i
finProdFinEquiv {m n : ℕ} : Fin m × Fin n ≃ Fin (m * n)
	Command being timed: "/home/dombarker/.elan/bin/lake --dir /home/dombarker/project-offloads/aspis-r126-release-20260930-a/focus-workspace env lean -j1 -M4500 -R /home/dombarker/project-offloads/aspis-r57-lean-src-20260929-a -o /home/dombarker/project-offloads/aspis-r126-release-20260930-a/lib/AspisV8R19/R688Check2.olean /home/dombarker/project-offloads/aspis-r57-lean-src-20260929-a/AspisV8R19/R688Check2.lean"
	User time (seconds): 0.94
	System time (seconds): 0.40
	Percent of CPU this job got: 100%
	Elapsed (wall clock) time (h:mm:ss or m:ss): 0:01.35
	Average shared text size (kbytes): 0
	Average unshared data size (kbytes): 0
	Average stack size (kbytes): 0
	Average total size (kbytes): 0
	Maximum resident set size (kbytes): 3738492
	Average resident set size (kbytes): 0
	Major (requiring I/O) page faults: 0
	Minor (reclaiming a frame) page faults: 86542
	Voluntary context switches: 354
	Involuntary context switches: 65
	Swaps: 0
	File system inputs: 0
	File system outputs: 8
	Socket messages sent: 0
	Socket messages received: 0
	Signals delivered: 0
	Page size (bytes): 4096
	Exit status: 0
Finished with result: success
Main processes terminated with: code=exited/status=0
Service runtime: 1.376s
CPU time consumed: 1.378s
Memory peak: 328.0K
Memory swap peak: 0B
