[[92mInfo[39m ] Imported: /home/dombarker/project-offloads/aspis-r490-align-offsets-source-20261003-b/R490LiteralInitializerCandidate.llbc
[[91mError[39m] The function called here is missing from the crate (probably because of a previous error, or because of the use of --exclude)
Source: '/rustc/library/core/src/slice/mod.rs', lines 4465:21-4465:31
Compiler source: llbc/FunsAnalysis.ml, line 134

Uncaught exception:
  
  (Failure
    "The function called here is missing from the crate (probably because of a previous error, or because of the use of --exclude)\
   \nSource: '/rustc/library/core/src/slice/mod.rs', lines 4465:21-4465:31\
   \nCompiler source: llbc/FunsAnalysis.ml, line 134")

Raised at Aeneas__Errors.craise_opt_span in file "Errors.ml", line 120, characters 4-23
Called from Aeneas__Errors.unwrap_opt_span in file "Errors.ml" (inlined), line 213, characters 12-46
Called from Aeneas__FunsAnalysis.analyze_module.analyze_fun_decls.visit_fun.object#visit_fid in file "llbc/FunsAnalysis.ml", lines 134-137, characters 16-37
Called from Aeneas__FunsAnalysis.analyze_module.analyze_fun_decls.visit_fun.object#visit_Call in file "llbc/FunsAnalysis.ml", line 189, characters 41-62
Called from Charon__Generated_LlbcAst.map_statement_base#visit_Match in file "charon-ml/src/generated/Generated_LlbcAst.ml", lines 9-149, characters 0-6
Called from Charon__LlbcAst.iter_statement#visit_block_suffix in file "charon-ml/src/LlbcAst.ml", line 25, characters 12-39
Called from Stdlib__List.iter in file "list.ml", line 112, characters 12-15
Called from Aeneas__FunsAnalysis.analyze_module.analyze_fun_decls in file "llbc/FunsAnalysis.ml", line 234, characters 4-25
Called from Aeneas__FunsAnalysis.analyze_module.analyze_fun_decl_group in file "llbc/FunsAnalysis.ml", line 275, characters 15-45
Called from Aeneas__FunsAnalysis.analyze_module.analyze_decl_groups in file "llbc/FunsAnalysis.ml", line 285, characters 13-70
Called from Aeneas__FunsAnalysis.analyze_module in file "llbc/FunsAnalysis.ml", line 316, characters 2-36
Called from Aeneas__Interp.compute_contexts in file "interp/Interp.ml", line 158, characters 18-61
Called from Aeneas__Translate.translate_crate_to_pure in file "Translate.ml", line 323, characters 18-40
Called from Aeneas__Translate.translate_crate in file "Translate.ml", line 2199, characters 31-71
Called from Dune__exe__Main in file "Main.ml", lines 743-744, characters 8-37
Command exited with non-zero status 2
	Command being timed: "/home/dombarker/project-offloads/aspis-r425-unit-constant-candidate-20261002-a/aeneas-r425-unit-constant-candidate -sequential -no-progress-bar -abort-on-error -backend lean -namespace AspisR490AlignOffsets -dest /home/dombarker/project-offloads/aspis-r490-align-offsets-source-20261003-b/generated -subdir AspisR490AlignOffsets -split-files -emit-json /home/dombarker/project-offloads/aspis-r490-align-offsets-source-20261003-b/R490LiteralInitializerCandidate.llbc"
	User time (seconds): 0.16
	System time (seconds): 0.01
	Percent of CPU this job got: 99%
	Elapsed (wall clock) time (h:mm:ss or m:ss): 0:00.17
	Average shared text size (kbytes): 0
	Average unshared data size (kbytes): 0
	Average stack size (kbytes): 0
	Average total size (kbytes): 0
	Maximum resident set size (kbytes): 57200
	Average resident set size (kbytes): 0
	Major (requiring I/O) page faults: 0
	Minor (reclaiming a frame) page faults: 8719
	Voluntary context switches: 1
	Involuntary context switches: 4
	Swaps: 0
	File system inputs: 0
	File system outputs: 8
	Socket messages sent: 0
	Socket messages received: 0
	Signals delivered: 0
	Page size (bytes): 4096
	Exit status: 2
