Running as unit: aspis-v8-complete-13-prover-1788911960-3664960.scope; invocation ID: 889bdb2c41084686aa5b4c81cddaef46
GAMMA_CONTROLS canonical_profiles=16 maximal_limb_dot=true noncanonical_positions=152 short_inputs=2
STRUCTURED_CONTROLS entries=16384 terminals=64 affine_x_y=true inversion_zero_every_position=true
PERF_CONTROLS exact_public_weights=8192 allocation_free_carry=4104 zero_one_coordinates=true
PERF {"seed":0,"phase":"setup_compiler_encoder_matrix","seconds":1.429977196}
PERF {"seed":1,"phase":"masking","seconds":0.00047988}
PERF {"seed":1,"phase":"c1_encode","seconds":0.376291294}
PERF {"seed":1,"phase":"c1_salts_pack_tree","seconds":0.762777821}
PERF {"seed":1,"phase":"c2_helpers_encode","seconds":0.162465902}
PERF {"seed":1,"phase":"c2_pack_tree","seconds":0.365398311}
semantic_round=0 checked=true
semantic_round=1 checked=true
semantic_round=2 checked=true
semantic_round=3 checked=true
semantic_round=4 checked=true
semantic_round=5 checked=true
semantic_round=6 checked=true
semantic_round=7 checked=true
semantic_round=8 checked=true
semantic_round=9 checked=true
PERF {"seed":1,"phase":"semantic_producer_literal","seconds":1.527486728}
PERF {"seed":1,"phase":"ood_transpose_quotient","seconds":0.007419715}
PERF {"seed":1,"phase":"relation_openings_serialize","seconds":0.000990728}
PERF {"seed":1,"phase":"prover_total_excludes_setup","seconds":3.203380861}
PERF {"seed":1,"phase":"host_verify_from_public_bytes","seconds":0.001430163}
PERF {"seed":1,"accepted":true,"body_bytes":39294,"max_body_bytes":40282,"stress_nonce_attempts":0,"security_credit_bits":0,"full_transaction_cu":null}
PERF {"seed":2,"phase":"masking","seconds":0.000468563}
PERF {"seed":2,"phase":"c1_encode","seconds":0.354488206}
PERF {"seed":2,"phase":"c1_salts_pack_tree","seconds":0.749474593}
PERF {"seed":2,"phase":"c2_helpers_encode","seconds":0.146606356}
PERF {"seed":2,"phase":"c2_pack_tree","seconds":0.36363639}
semantic_round=0 checked=true
semantic_round=1 checked=true
semantic_round=2 checked=true
semantic_round=3 checked=true
semantic_round=4 checked=true
semantic_round=5 checked=true
semantic_round=6 checked=true
semantic_round=7 checked=true
semantic_round=8 checked=true
semantic_round=9 checked=true
PERF {"seed":2,"phase":"semantic_producer_literal","seconds":1.530572481}
PERF {"seed":2,"phase":"ood_transpose_quotient","seconds":0.00740785}
PERF {"seed":2,"phase":"relation_openings_serialize","seconds":0.000965091}
PERF {"seed":2,"phase":"prover_total_excludes_setup","seconds":3.153679491}
PERF {"seed":2,"phase":"host_verify_from_public_bytes","seconds":0.001415032}
PERF {"seed":2,"accepted":true,"body_bytes":39502,"max_body_bytes":40282,"stress_nonce_attempts":0,"security_credit_bits":0,"full_transaction_cu":null}
PERF {"seed":3,"phase":"masking","seconds":0.000473423}
PERF {"seed":3,"phase":"c1_encode","seconds":0.355399711}
PERF {"seed":3,"phase":"c1_salts_pack_tree","seconds":0.748187373}
PERF {"seed":3,"phase":"c2_helpers_encode","seconds":0.147040671}
PERF {"seed":3,"phase":"c2_pack_tree","seconds":0.363977309}
semantic_round=0 checked=true
semantic_round=1 checked=true
semantic_round=2 checked=true
semantic_round=3 checked=true
semantic_round=4 checked=true
semantic_round=5 checked=true
semantic_round=6 checked=true
semantic_round=7 checked=true
semantic_round=8 checked=true
semantic_round=9 checked=true
PERF {"seed":3,"phase":"semantic_producer_literal","seconds":1.530429405}
PERF {"seed":3,"phase":"ood_transpose_quotient","seconds":0.00741584}
PERF {"seed":3,"phase":"relation_openings_serialize","seconds":0.000971498}
PERF {"seed":3,"phase":"prover_total_excludes_setup","seconds":3.153959787}
PERF {"seed":3,"phase":"host_verify_from_public_bytes","seconds":0.001420312}
PERF {"seed":3,"accepted":true,"body_bytes":39450,"max_body_bytes":40282,"stress_nonce_attempts":0,"security_credit_bits":0,"full_transaction_cu":null}
	Command being timed: "env NO_DNA=1 env ASPIS_V8_COMPLETE_CONTEXT=/home/dombarker/project-offloads/aspis-v8-performance-20260908.scS2Jz/complete-partial-prover-v1/context /home/dombarker/project-offloads/aspis-v8-performance-20260908.scS2Jz/docs/research/v8-no-work-100-20260907/experiments/performance-host/target/release/aspis-v8-performance-host /home/dombarker/project-offloads/aspis-v8-performance-20260908.scS2Jz/complete-partial-prover-v1/proofs"
	User time (seconds): 10.76
	System time (seconds): 0.22
	Percent of CPU this job got: 99%
	Elapsed (wall clock) time (h:mm:ss or m:ss): 0:10.99
	Average shared text size (kbytes): 0
	Average unshared data size (kbytes): 0
	Average stack size (kbytes): 0
	Average total size (kbytes): 0
	Maximum resident set size (kbytes): 202456
	Average resident set size (kbytes): 0
	Major (requiring I/O) page faults: 0
	Minor (reclaiming a frame) page faults: 177768
	Voluntary context switches: 1
	Involuntary context switches: 45
	Swaps: 0
	File system inputs: 0
	File system outputs: 264
	Socket messages sent: 0
	Socket messages received: 0
	Signals delivered: 0
	Page size (bytes): 4096
	Exit status: 0
