'AspisV8R19.QueryChunkExecution.contains_exact' depends on axioms: [propext, Quot.sound]
'AspisV8R19.QueryChunkExecution.body_word' depends on axioms: [propext,
 Classical.choice,
 Quot.sound,
 core.fmt.Formatter]
'AspisV8R19.QueryChunkExecution.source_loop' depends on axioms: [propext,
 Classical.choice,
 Quot.sound,
 core.fmt.Formatter]
'AspisV8R19.QueryChunkExecution.empty_does_not_detect_completion' depends on axioms: [propext,
 Classical.choice,
 Quot.sound]
'AspisV8R19.QueryChunkExecution.completed_stops_before_word' depends on axioms: [propext, Classical.choice, Quot.sound]
'AspisV8R19.QueryChunkExecution.exhausted_stops_before_word' depends on axioms: [propext, Classical.choice, Quot.sound]
	Command being timed: "/home/dombarker/.elan/bin/lake env lean -j1 -M4500 -R /home/dombarker/project-offloads/aspis-r57-lean-src-20260929-a -o /home/dombarker/project-offloads/aspis-r86-query-final-20260929-a/lib/AspisV8R19/QueryChunkExecution.olean /home/dombarker/project-offloads/aspis-r57-lean-src-20260929-a/AspisV8R19/QueryChunkExecution.lean"
	User time (seconds): 1.56
	System time (seconds): 0.64
	Percent of CPU this job got: 99%
	Elapsed (wall clock) time (h:mm:ss or m:ss): 0:02.21
	Average shared text size (kbytes): 0
	Average unshared data size (kbytes): 0
	Average stack size (kbytes): 0
	Average total size (kbytes): 0
	Maximum resident set size (kbytes): 3698376
	Average resident set size (kbytes): 0
	Major (requiring I/O) page faults: 0
	Minor (reclaiming a frame) page faults: 103878
	Voluntary context switches: 1086
	Involuntary context switches: 97
	Swaps: 0
	File system inputs: 16672
	File system outputs: 656
	Socket messages sent: 0
	Socket messages received: 0
	Signals delivered: 0
	Page size (bytes): 4096
	Exit status: 0
