Warning: Permanently added '100.108.41.90' (ED25519) to the list of known hosts.
Running as unit: aspis-focus-1791013616380785000.service; invocation ID: c120f80f630f42739a7ddae879709d61
/home/dombarker/project-offloads/aspis-r57-lean-src-20260929-a/AspisV8R19/R442RejectionAlphabet.lean:22:14: error: Invalid argument: Variable `alphabetEquiv` is not a proposition or let-declaration
/home/dombarker/project-offloads/aspis-r57-lean-src-20260929-a/AspisV8R19/R442RejectionAlphabet.lean:24:14: error: Invalid argument: Variable `alphabetEquiv` is not a proposition or let-declaration
/home/dombarker/project-offloads/aspis-r57-lean-src-20260929-a/AspisV8R19/R442RejectionAlphabet.lean:18:12: warning: This simp argument is unused:
  h

Hint: Omit it from the simp argument list.
  simp [h,̵ ̵h̵p]

Note: This linter can be disabled with `set_option linter.unusedSimpArgs false`
'AspisV8R19.R442RejectionAlphabet.alphabetEquiv' depends on axioms: [propext, Quot.sound]
'AspisV8R19.R442RejectionAlphabet.firstAccepted' does not depend on any axioms
Command exited with non-zero status 1
	Command being timed: "/home/dombarker/.elan/bin/lake --dir /home/dombarker/project-offloads/aspis-r126-release-20260930-a/focus-workspace env lean -j1 -M4500 -R /home/dombarker/project-offloads/aspis-r57-lean-src-20260929-a -o /home/dombarker/project-offloads/aspis-r126-release-20260930-a/lib/AspisV8R19/R442RejectionAlphabet.olean /home/dombarker/project-offloads/aspis-r57-lean-src-20260929-a/AspisV8R19/R442RejectionAlphabet.lean"
	User time (seconds): 0.91
	System time (seconds): 0.32
	Percent of CPU this job got: 99%
	Elapsed (wall clock) time (h:mm:ss or m:ss): 0:01.23
	Average shared text size (kbytes): 0
	Average unshared data size (kbytes): 0
	Average stack size (kbytes): 0
	Average total size (kbytes): 0
	Maximum resident set size (kbytes): 3216228
	Average resident set size (kbytes): 0
	Major (requiring I/O) page faults: 1
	Minor (reclaiming a frame) page faults: 76492
	Voluntary context switches: 237
	Involuntary context switches: 60
	Swaps: 0
	File system inputs: 128
	File system outputs: 0
	Socket messages sent: 0
	Socket messages received: 0
	Signals delivered: 0
	Page size (bytes): 4096
	Exit status: 1
Finished with result: exit-code
Main processes terminated with: code=exited/status=1
Service runtime: 1.271s
CPU time consumed: 1.270s
Memory peak: 256.0K
Memory swap peak: 0B
