Running as unit: r124-final-ooddistinctretrylaw.service; invocation ID: e5d6927ed8c1478a9a059071db9636e3
/home/dombarker/project-offloads/aspis-r57-lean-src-20260929-a/AspisV8R19/OODDistinctRetryLaw.lean:66:4: warning: try 'simp' instead of 'simpa'

Note: This linter can be disabled with `set_option linter.unnecessarySimpa false`
'AspisV8R19.OODDistinctRetryLaw.domain_card' depends on axioms: [propext, Classical.choice, Quot.sound]
'AspisV8R19.OODDistinctRetryLaw.accepted_domain_card' depends on axioms: [propext, Classical.choice, Quot.sound]
'AspisV8R19.OODDistinctRetryLaw.failure_probability' depends on axioms: [propext, Classical.choice, Quot.sound]
'AspisV8R19.OODDistinctRetryLaw.accepted_output_probabilities_equal' depends on axioms: [propext,
 Classical.choice,
 Quot.sound]
	Command being timed: "/home/dombarker/.elan/bin/lake env lean -j1 -M4500 -R /home/dombarker/project-offloads/aspis-r57-lean-src-20260929-a -o /home/dombarker/project-offloads/aspis-r122-release-20260930-a/lib/AspisV8R19/OODDistinctRetryLaw.olean /home/dombarker/project-offloads/aspis-r57-lean-src-20260929-a/AspisV8R19/OODDistinctRetryLaw.lean"
	User time (seconds): 0.91
	System time (seconds): 0.62
	Percent of CPU this job got: 100%
	Elapsed (wall clock) time (h:mm:ss or m:ss): 0:01.54
	Average shared text size (kbytes): 0
	Average unshared data size (kbytes): 0
	Average stack size (kbytes): 0
	Average total size (kbytes): 0
	Maximum resident set size (kbytes): 2451112
	Average resident set size (kbytes): 0
	Major (requiring I/O) page faults: 7
	Minor (reclaiming a frame) page faults: 100251
	Voluntary context switches: 672
	Involuntary context switches: 48
	Swaps: 0
	File system inputs: 664
	File system outputs: 232
	Socket messages sent: 0
	Socket messages received: 0
	Signals delivered: 0
	Page size (bytes): 4096
	Exit status: 0
Finished with result: success
Main processes terminated with: code=exited/status=0
Service runtime: 1.545s
CPU time consumed: 1.545s
Memory peak: 512.0K
Memory swap peak: 0B
