Running as unit: r124-final-queryobservedhistorylaw.service; invocation ID: d648d3a2794a4f9eb7d8be0ea0897a2e
'AspisV8R19.QueryObservedHistoryLaw.cached_oracle_history_law' depends on axioms: [propext,
 Classical.choice,
 Quot.sound,
 core.fmt.Formatter]
	Command being timed: "/home/dombarker/.elan/bin/lake env lean -j1 -M4500 -R /home/dombarker/project-offloads/aspis-r57-lean-src-20260929-a -o /home/dombarker/project-offloads/aspis-r122-release-20260930-a/lib/AspisV8R19/QueryObservedHistoryLaw.olean /home/dombarker/project-offloads/aspis-r57-lean-src-20260929-a/AspisV8R19/QueryObservedHistoryLaw.lean"
	User time (seconds): 1.15
	System time (seconds): 0.97
	Percent of CPU this job got: 99%
	Elapsed (wall clock) time (h:mm:ss or m:ss): 0:02.12
	Average shared text size (kbytes): 0
	Average unshared data size (kbytes): 0
	Average stack size (kbytes): 0
	Average total size (kbytes): 0
	Maximum resident set size (kbytes): 3675840
	Average resident set size (kbytes): 0
	Major (requiring I/O) page faults: 0
	Minor (reclaiming a frame) page faults: 149487
	Voluntary context switches: 218
	Involuntary context switches: 63
	Swaps: 0
	File system inputs: 8
	File system outputs: 56
	Socket messages sent: 0
	Socket messages received: 0
	Signals delivered: 0
	Page size (bytes): 4096
	Exit status: 0
Finished with result: success
Main processes terminated with: code=exited/status=0
Service runtime: 2.130s
CPU time consumed: 2.130s
Memory peak: 328.0K
Memory swap peak: 0B
