info: r64_focused: no previous manifest, creating one from scratch
info: toolchain not updated; already up-to-date
'AspisV8R19.CanonicalProduct.product_lt' does not depend on any axioms
'AspisV8R19.CanonicalProduct.fold_lt' depends on axioms: [propext, Classical.choice, Quot.sound]
'AspisV8R19.CanonicalProduct.one_fold_canonical' depends on axioms: [propext, Classical.choice, Quot.sound]
'AspisV8R19.CanonicalProduct.one_fold_mod' depends on axioms: [propext, Classical.choice, Quot.sound]
'AspisV8R19.CanonicalProduct.general_u62_negative' depends on axioms: [propext]
'AspisV8R19.CanonicalProduct.guardedMul_eq_raw' depends on axioms: [propext, Classical.choice, Quot.sound]
'AspisV8R19.CanonicalProduct.guardedMul_mod' depends on axioms: [propext, Classical.choice, Quot.sound]
'AspisV8R19.CanonicalProduct.guardedMul_canonical' depends on axioms: [propext, Classical.choice, Quot.sound]
'AspisV8R19.CanonicalProduct.canonical_execution_bounds' depends on axioms: [propext, Classical.choice, Quot.sound]
	Command being timed: "/home/dombarker/.elan/bin/lake env lean -j1 -M4500 -R /home/dombarker/project-offloads/aspis-r57-lean-src-20260929-a -o /home/dombarker/project-offloads/aspis-r64-final-20260929-a/lib/AspisV8R19/CanonicalProduct.olean /home/dombarker/project-offloads/aspis-r57-lean-src-20260929-a/AspisV8R19/CanonicalProduct.lean"
	User time (seconds): 0.37
	System time (seconds): 0.13
	Percent of CPU this job got: 100%
	Elapsed (wall clock) time (h:mm:ss or m:ss): 0:00.50
	Average shared text size (kbytes): 0
	Average unshared data size (kbytes): 0
	Average stack size (kbytes): 0
	Average total size (kbytes): 0
	Maximum resident set size (kbytes): 919420
	Average resident set size (kbytes): 0
	Major (requiring I/O) page faults: 0
	Minor (reclaiming a frame) page faults: 24356
	Voluntary context switches: 528
	Involuntary context switches: 21
	Swaps: 0
	File system inputs: 0
	File system outputs: 328
	Socket messages sent: 0
	Socket messages received: 0
	Signals delivered: 0
	Page size (bytes): 4096
	Exit status: 0
