/home/dombarker/project-offloads/aspis-r57-lean-src-20260929-a/AspisV8R19/GuardedInverseExecution.lean:16:31: warning: Used `tac1 <;> tac2` where `(tac1; tac2)` would suffice

Note: This linter can be disabled with `set_option linter.unnecessarySeqFocus false`
'AspisV8R19.GuardedInverseExecution.body_eq' depends on axioms: [propext, Classical.choice, Quot.sound]
'AspisV8R19.GuardedInverseExecution.loop_eq' depends on axioms: [propext, Classical.choice, Quot.sound]
'AspisV8R19.GuardedInverseExecution.square_eq' depends on axioms: [propext, Classical.choice, Quot.sound]
'AspisV8R19.GuardedInverseExecution.inv_eq' depends on axioms: [propext, Classical.choice, Quot.sound]
'AspisV8R19.GuardedInverseExecution.square_exec' depends on axioms: [propext, Classical.choice, Quot.sound]
'AspisV8R19.GuardedInverseExecution.zero_rejected' depends on axioms: [propext, Classical.choice, Quot.sound]
'AspisV8R19.GuardedInverseExecution.inverse_correct' depends on axioms: [propext, Classical.choice, Quot.sound]
'AspisV8R19.GuardedInverseExecution.entry_eq' depends on axioms: [propext, Classical.choice, Quot.sound]
	Command being timed: "/home/dombarker/.elan/bin/lake env lean -j1 -M4500 -R /home/dombarker/project-offloads/aspis-r57-lean-src-20260929-a -o /home/dombarker/project-offloads/aspis-r64-final-20260929-a/lib/AspisV8R19/GuardedInverseExecution.olean /home/dombarker/project-offloads/aspis-r57-lean-src-20260929-a/AspisV8R19/GuardedInverseExecution.lean"
	User time (seconds): 1.13
	System time (seconds): 0.55
	Percent of CPU this job got: 100%
	Elapsed (wall clock) time (h:mm:ss or m:ss): 0:01.68
	Average shared text size (kbytes): 0
	Average unshared data size (kbytes): 0
	Average stack size (kbytes): 0
	Average total size (kbytes): 0
	Maximum resident set size (kbytes): 3668548
	Average resident set size (kbytes): 0
	Major (requiring I/O) page faults: 0
	Minor (reclaiming a frame) page faults: 85381
	Voluntary context switches: 623
	Involuntary context switches: 72
	Swaps: 0
	File system inputs: 0
	File system outputs: 184
	Socket messages sent: 0
	Socket messages received: 0
	Signals delivered: 0
	Page size (bytes): 4096
	Exit status: 0
