Warning: Permanently added '100.108.41.90' (ED25519) to the list of known hosts.
Running as unit: aspis-focus-1790941965231802000.service; invocation ID: 6b31b655d6b346c8ba18e6f223ae2610
'AspisR357BatchZeroPredicateRaw.circle_norm.joined_inverse.line_norm.r110_norm.batch.closure' does not depend on any axioms
'AspisR357BatchZeroPredicateRaw.circle_norm.joined_inverse.line_norm.r110_norm.B.Insts.CoreCmpPartialEqB.eq' does not depend on any axioms
'AspisR357BatchZeroPredicateRaw.circle_norm.joined_inverse.line_norm.r110_norm.batch.closure.Insts.CoreOpsFunctionFnMutTupleSharedBBool.call_mut' depends on axioms: [propext,
 Classical.choice,
 Quot.sound]
'AspisR357BatchZeroPredicateRaw.circle_norm.joined_inverse.line_norm.r110_norm.batch.closure.Insts.CoreOpsFunctionFnOnceTupleSharedBBool.call_once' depends on axioms: [propext,
 Classical.choice,
 Quot.sound]
'AspisR357BatchZeroPredicateRaw.circle_norm.joined_inverse.line_norm.r110_norm.batch.closure.Insts.CoreOpsFunctionFnOnceTupleSharedBBool' depends on axioms: [propext,
 Classical.choice,
 Quot.sound]
'AspisR357BatchZeroPredicateRaw.circle_norm.joined_inverse.line_norm.r110_norm.batch.closure.Insts.CoreOpsFunctionFnMutTupleSharedBBool' depends on axioms: [propext,
 Classical.choice,
 Quot.sound]
	Command being timed: "/home/dombarker/.elan/bin/lake --dir /home/dombarker/project-offloads/aspis-r126-release-20260930-a/focus-workspace env lean -j1 -M4500 -R /home/dombarker/project-offloads/aspis-r57-lean-src-20260929-a -o /home/dombarker/project-offloads/aspis-r126-release-20260930-a/lib/AspisR357BatchZeroPredicateRaw.olean /home/dombarker/project-offloads/aspis-r57-lean-src-20260929-a/AspisR357BatchZeroPredicateRaw.lean"
	User time (seconds): 0.72
	System time (seconds): 0.27
	Percent of CPU this job got: 100%
	Elapsed (wall clock) time (h:mm:ss or m:ss): 0:01.00
	Average shared text size (kbytes): 0
	Average unshared data size (kbytes): 0
	Average stack size (kbytes): 0
	Average total size (kbytes): 0
	Maximum resident set size (kbytes): 2531080
	Average resident set size (kbytes): 0
	Major (requiring I/O) page faults: 0
	Minor (reclaiming a frame) page faults: 64636
	Voluntary context switches: 267
	Involuntary context switches: 43
	Swaps: 0
	File system inputs: 0
	File system outputs: 80
	Socket messages sent: 0
	Socket messages received: 0
	Signals delivered: 0
	Page size (bytes): 4096
	Exit status: 0
Finished with result: success
Main processes terminated with: code=exited/status=0
Service runtime: 1.039s
CPU time consumed: 1.041s
Memory peak: 288.0K
Memory swap peak: 0B
