Warning: Permanently added '100.108.41.90' (ED25519) to the list of known hosts.
Running as unit: aspis-focus-1791108557054985000.service; invocation ID: 2b87e4b07e964acd86934ecc81584e15
BitVec.zeroExtend {w : ℕ} (v : ℕ) (x : BitVec w) : BitVec v
/home/dombarker/project-offloads/aspis-r57-lean-src-20260929-a/AspisV8R19/R637PackedBitExtraction.lean:3:7: error(lean.unknownIdentifier): Unknown constant `BitVec.zeroExtend_ofNat`
BitVec.extractLsb'_eq_extractLsb {w : ℕ} (x : BitVec w) (start len : ℕ) (h : len > 0) :
  BitVec.extractLsb' start len x = BitVec.cast ⋯ (BitVec.extractLsb (len - 1 + start) start x)
/home/dombarker/project-offloads/aspis-r57-lean-src-20260929-a/AspisV8R19/R637PackedBitExtraction.lean:5:7: error(lean.unknownIdentifier): Unknown constant `BitVec.extractLsb'_append`
/home/dombarker/project-offloads/aspis-r57-lean-src-20260929-a/AspisV8R19/R637PackedBitExtraction.lean:6:7: error(lean.unknownIdentifier): Unknown constant `BitVec.extractLsb'_ushiftRight`
/home/dombarker/project-offloads/aspis-r57-lean-src-20260929-a/AspisV8R19/R637PackedBitExtraction.lean:7:7: error(lean.unknownIdentifier): Unknown constant `BitVec.extractLsb'_shiftRight`
/home/dombarker/project-offloads/aspis-r57-lean-src-20260929-a/AspisV8R19/R637PackedBitExtraction.lean:8:7: error(lean.unknownIdentifier): Unknown constant `BitVec.extractLsb'_ushiftLeft`
BitVec.ushiftRight_or_distrib {w : ℕ} (x y : BitVec w) (n : ℕ) : (x ||| y) >>> n = x >>> n ||| y >>> n
BitVec.extractLsb'_and {w : ℕ} {x y : BitVec w} {start len : ℕ} :
  BitVec.extractLsb' start len (x &&& y) = BitVec.extractLsb' start len x &&& BitVec.extractLsb' start len y
def BitVec.extractLsb' : {n : ℕ} → ℕ → (len : ℕ) → BitVec n → BitVec len :=
fun {n} start len x => BitVec.ofNat len (x.toNat >>> start)
Command exited with non-zero status 1
	Command being timed: "/home/dombarker/.elan/bin/lake --dir /home/dombarker/project-offloads/aspis-r126-release-20260930-a/focus-workspace env lean -j1 -M4500 -R /home/dombarker/project-offloads/aspis-r57-lean-src-20260929-a -o /home/dombarker/project-offloads/aspis-r126-release-20260930-a/lib/AspisV8R19/R637PackedBitExtraction.olean /home/dombarker/project-offloads/aspis-r57-lean-src-20260929-a/AspisV8R19/R637PackedBitExtraction.lean"
	User time (seconds): 0.97
	System time (seconds): 0.37
	Percent of CPU this job got: 100%
	Elapsed (wall clock) time (h:mm:ss or m:ss): 0:01.34
	Average shared text size (kbytes): 0
	Average unshared data size (kbytes): 0
	Average stack size (kbytes): 0
	Average total size (kbytes): 0
	Maximum resident set size (kbytes): 3720640
	Average resident set size (kbytes): 0
	Major (requiring I/O) page faults: 0
	Minor (reclaiming a frame) page faults: 96732
	Voluntary context switches: 80
	Involuntary context switches: 56
	Swaps: 0
	File system inputs: 0
	File system outputs: 0
	Socket messages sent: 0
	Socket messages received: 0
	Signals delivered: 0
	Page size (bytes): 4096
	Exit status: 1
Finished with result: exit-code
Main processes terminated with: code=exited/status=1
Service runtime: 1.375s
CPU time consumed: 1.379s
Memory peak: 288.0K
Memory swap peak: 0B
