info: r34_focused: no previous manifest, creating one from scratch
info: toolchain not updated; already up-to-date
'AspisR19.BetaUniformCorrection.expansion' depends on axioms: [propext, Quot.sound]
'AspisR19.BetaUniformCorrection.coefficient_zero' depends on axioms: [propext, Quot.sound]
'AspisR19.BetaUniformCorrection.all_seven' depends on axioms: [propext, Quot.sound]
'AspisR19.BetaUniformCorrection.p2_retained' depends on axioms: [propext, Quot.sound]
'AspisR19.BetaUniformCorrection.coefficient_left' depends on axioms: [propext, Quot.sound]
'AspisR19.BetaUniformCorrection.coefficient_right' depends on axioms: [propext, Quot.sound]
'AspisR19.BetaUniformCorrection.folded_coefficient_zero' depends on axioms: [propext, Quot.sound]
	Command being timed: "/home/dombarker/.elan/bin/lake env lean -R /home/dombarker/project-offloads/aspis-r34-lean-src-20260929-a -o /home/dombarker/project-offloads/aspis-r34-lean-20260929-a/lib/AspisV8R19/BetaUniformCorrection.olean /home/dombarker/project-offloads/aspis-r34-lean-src-20260929-a/AspisV8R19/BetaUniformCorrection.lean"
	User time (seconds): 0.88
	System time (seconds): 0.26
	Percent of CPU this job got: 127%
	Elapsed (wall clock) time (h:mm:ss or m:ss): 0:00.89
	Average shared text size (kbytes): 0
	Average unshared data size (kbytes): 0
	Average stack size (kbytes): 0
	Average total size (kbytes): 0
	Maximum resident set size (kbytes): 1704828
	Average resident set size (kbytes): 0
	Major (requiring I/O) page faults: 1
	Minor (reclaiming a frame) page faults: 41953
	Voluntary context switches: 1602
	Involuntary context switches: 42
	Swaps: 0
	File system inputs: 24
	File system outputs: 616
	Socket messages sent: 0
	Socket messages received: 0
	Signals delivered: 0
	Page size (bytes): 4096
	Exit status: 0
