Warning: Permanently added '100.108.41.90' (ED25519) to the list of known hosts.
Running as unit: aspis-focus-1791114122214451000.service; invocation ID: c98f745ded30443c9ff493dfbc6f9c11
/home/dombarker/project-offloads/aspis-r57-lean-src-20260929-a/AspisV8R19/R616MixedLimbExecution.lean:72:73: warning: 'omega' tactic does nothing

Note: This linter can be disabled with `set_option linter.unusedTactic false`
/home/dombarker/project-offloads/aspis-r57-lean-src-20260929-a/AspisV8R19/R616MixedLimbExecution.lean:72:73: warning: this tactic is never executed

Note: This linter can be disabled with `set_option linter.unreachableTactic false`
/home/dombarker/project-offloads/aspis-r57-lean-src-20260929-a/AspisV8R19/R616MixedLimbExecution.lean:163:16: warning: Variable name `hpartition` is not explicitly referenced.

The binding can be removed (if unused) or named `_` (if used implicitly).

Note: This linter can be disabled with `set_option linter.unusedVariables false`
/home/dombarker/project-offloads/aspis-r57-lean-src-20260929-a/AspisV8R19/R616MixedLimbExecution.lean:163:28: warning: Variable name `hrem` is not explicitly referenced.

The binding can be removed (if unused) or named `_` (if used implicitly).

Note: This linter can be disabled with `set_option linter.unusedVariables false`
/home/dombarker/project-offloads/aspis-r57-lean-src-20260929-a/AspisV8R19/R616MixedLimbExecution.lean:202:15: warning: Variable name `hquot` is not explicitly referenced.

The binding can be removed (if unused) or named `_` (if used implicitly).

Note: This linter can be disabled with `set_option linter.unusedVariables false`
/home/dombarker/project-offloads/aspis-r57-lean-src-20260929-a/AspisV8R19/R616MixedLimbExecution.lean:203:15: warning: Variable name `hrem` is not explicitly referenced.

The binding can be removed (if unused) or named `_` (if used implicitly).

Note: This linter can be disabled with `set_option linter.unusedVariables false`
/home/dombarker/project-offloads/aspis-r57-lean-src-20260929-a/AspisV8R19/R616MixedLimbExecution.lean:230:10: warning: 'change 16 * (j.val / 4) + 4 * slot.val + j.val % 4 < 48' tactic does nothing

Note: This linter can be disabled with `set_option linter.unusedTactic false`
/home/dombarker/project-offloads/aspis-r57-lean-src-20260929-a/AspisV8R19/R616MixedLimbExecution.lean:458:21: warning: Variable name `hquot` is not explicitly referenced.

The binding can be removed (if unused) or named `_` (if used implicitly).

Note: This linter can be disabled with `set_option linter.unusedVariables false`
/home/dombarker/project-offloads/aspis-r57-lean-src-20260929-a/AspisV8R19/R616MixedLimbExecution.lean:459:21: warning: Variable name `hrem` is not explicitly referenced.

The binding can be removed (if unused) or named `_` (if used implicitly).

Note: This linter can be disabled with `set_option linter.unusedVariables false`
/home/dombarker/project-offloads/aspis-r57-lean-src-20260929-a/AspisV8R19/R616MixedLimbExecution.lean:624:2: warning: 'change (U64.wrapping_mul (UScalar.cast .U64 a) (UScalar.cast .U64 b)).val = _' tactic does nothing

Note: This linter can be disabled with `set_option linter.unusedTactic false`
/home/dombarker/project-offloads/aspis-r57-lean-src-20260929-a/AspisV8R19/R616MixedLimbExecution.lean:835:2: warning: try 'simp' instead of 'simpa'

Note: This linter can be disabled with `set_option linter.unnecessarySimpa false`
/home/dombarker/project-offloads/aspis-r57-lean-src-20260929-a/AspisV8R19/R616MixedLimbExecution.lean:1258:2: error: Tactic `rfl` failed: The left-hand side
  do
    let x0 ← t0
    let x1 ← t1
    let a01 ← lift (core.num.U64.wrapping_add x0 x1)
    let x2 ← t2
    let a012 ← lift (core.num.U64.wrapping_add a01 x2)
    let x3 ← t3
    let raw ← lift (core.num.U64.wrapping_add a012 x3)
    let folded ← AspisR614SelectedCombineBeta.query_arithmetic.reduce_chunk raw
    k folded
is not definitionally equal to the right-hand side
  do
    let folded ← source_four_term_prefix t0 t1 t2 t3
    k folded

α : Type
t0 t1 t2 t3 : Result U64
k : U64 → Result α
⊢ (do
      let x0 ← t0
      let x1 ← t1
      let a01 ← lift (core.num.U64.wrapping_add x0 x1)
      let x2 ← t2
      let a012 ← lift (core.num.U64.wrapping_add a01 x2)
      let x3 ← t3
      let raw ← lift (core.num.U64.wrapping_add a012 x3)
      let folded ← AspisR614SelectedCombineBeta.query_arithmetic.reduce_chunk raw
      k folded) =
    do
    let folded ← source_four_term_prefix t0 t1 t2 t3
    k folded
/home/dombarker/project-offloads/aspis-r57-lean-src-20260929-a/AspisV8R19/R616MixedLimbExecution.lean:1358:123: warning: Used `tac1 <;> tac2` where `(tac1; tac2)` would suffice

Note: This linter can be disabled with `set_option linter.unnecessarySeqFocus false`
/home/dombarker/project-offloads/aspis-r57-lean-src-20260929-a/AspisV8R19/R616MixedLimbExecution.lean:1359:123: warning: Used `tac1 <;> tac2` where `(tac1; tac2)` would suffice

Note: This linter can be disabled with `set_option linter.unnecessarySeqFocus false`
/home/dombarker/project-offloads/aspis-r57-lean-src-20260929-a/AspisV8R19/R616MixedLimbExecution.lean:1360:123: warning: Used `tac1 <;> tac2` where `(tac1; tac2)` would suffice

Note: This linter can be disabled with `set_option linter.unnecessarySeqFocus false`
/home/dombarker/project-offloads/aspis-r57-lean-src-20260929-a/AspisV8R19/R616MixedLimbExecution.lean:1361:123: warning: Used `tac1 <;> tac2` where `(tac1; tac2)` would suffice

Note: This linter can be disabled with `set_option linter.unnecessarySeqFocus false`
/home/dombarker/project-offloads/aspis-r57-lean-src-20260929-a/AspisV8R19/R616MixedLimbExecution.lean:1492:24: warning: Used `tac1 <;> tac2` where `(tac1; tac2)` would suffice

Note: This linter can be disabled with `set_option linter.unnecessarySeqFocus false`
/home/dombarker/project-offloads/aspis-r57-lean-src-20260929-a/AspisV8R19/R616MixedLimbExecution.lean:1494:24: warning: Used `tac1 <;> tac2` where `(tac1; tac2)` would suffice

Note: This linter can be disabled with `set_option linter.unnecessarySeqFocus false`
/home/dombarker/project-offloads/aspis-r57-lean-src-20260929-a/AspisV8R19/R616MixedLimbExecution.lean:1497:24: warning: Used `tac1 <;> tac2` where `(tac1; tac2)` would suffice

Note: This linter can be disabled with `set_option linter.unnecessarySeqFocus false`
/home/dombarker/project-offloads/aspis-r57-lean-src-20260929-a/AspisV8R19/R616MixedLimbExecution.lean:1500:24: warning: Used `tac1 <;> tac2` where `(tac1; tac2)` would suffice

Note: This linter can be disabled with `set_option linter.unnecessarySeqFocus false`
'AspisV8R19.R616MixedLimbExecution.fourProducts_lt_u64' depends on axioms: [propext, Classical.choice, Quot.sound]
'_private.AspisV8R19.R616MixedLimbExecution.0.AspisV8R19.R616MixedLimbExecution.selected_index_ok' depends on axioms: [propext]
'AspisV8R19.R616MixedLimbExecution.selected_mixed_index_spec' depends on axioms: [propext, Classical.choice, Quot.sound]
'AspisV8R19.R616MixedLimbExecution.selected_mixed_c2_access' depends on axioms: [propext, Classical.choice, Quot.sound]
'AspisV8R19.R616MixedLimbExecution.selected_source_mixed_c2_access_ok' depends on axioms: [propext,
 Classical.choice,
 Quot.sound]
'AspisV8R19.R616MixedLimbExecution.selected_source_c1_product_ok' depends on axioms: [propext,
 Classical.choice,
 Quot.sound]
'_private.AspisV8R19.R616MixedLimbExecution.0.AspisV8R19.R616MixedLimbExecution.source_c1_term0_eq_factored' depends on axioms: [propext,
 Classical.choice,
 Quot.sound]
'AspisV8R19.R616MixedLimbExecution.source_c1_product_bind' depends on axioms: [propext, Classical.choice, Quot.sound]
'AspisV8R19.R616MixedLimbExecution.first_c1_four_source_chunk_bind' depends on axioms: [propext,
 Classical.choice,
 Quot.sound]
'AspisV8R19.R616MixedLimbExecution.first_c1_four_factored_chunk_success' depends on axioms: [propext,
 Classical.choice,
 Quot.sound]
'AspisV8R19.R616MixedLimbExecution.source_mixed_product_bind' depends on axioms: [propext, Classical.choice, Quot.sound]
'AspisV8R19.R616MixedLimbExecution.source_mixed_product_literal_bind' depends on axioms: [propext,
 Classical.choice,
 Quot.sound]
'AspisV8R19.R616MixedLimbExecution.selected_source_mixed_product_ok' depends on axioms: [propext,
 Classical.choice,
 Quot.sound]
'AspisV8R19.R616MixedLimbExecution.selected_source_mixed_product_value' depends on axioms: [propext,
 Classical.choice,
 Quot.sound]
'AspisV8R19.R616MixedLimbExecution.tenPartialChunks_fit' depends on axioms: [propext, Classical.choice, Quot.sound]
'AspisV8R19.R616MixedLimbExecution.partialChunks_mod' depends on axioms: [propext]
'AspisV8R19.R616MixedLimbExecution.mixedC2Index_lt48' depends on axioms: [propext, Quot.sound]
'AspisV8R19.R616MixedLimbExecution.limbIndex_lt4' does not depend on any axioms
'AspisV8R19.R616MixedLimbExecution.canonicalProduct_lt' depends on axioms: [propext, Classical.choice, Quot.sound]
'AspisV8R19.R616MixedLimbExecution.selected_reduce_u64_eq_frozen' depends on axioms: [propext,
 Classical.choice,
 Quot.sound]
'AspisV8R19.R616MixedLimbExecution.selected_m31_reduce_u64_eq_frozen' depends on axioms: [propext,
 Classical.choice,
 Quot.sound]
'AspisV8R19.R616MixedLimbExecution.selected_m31_reduce_u64_success' depends on axioms: [propext,
 Classical.choice,
 Quot.sound]
'AspisV8R19.R616MixedLimbExecution.selected_from_u32_eq_cast' does not depend on any axioms
'AspisV8R19.R616MixedLimbExecution.selected_u32_mul64_val' depends on axioms: [propext, Classical.choice, Quot.sound]
'AspisV8R19.R616MixedLimbExecution.selected_two_products_val' depends on axioms: [propext, Classical.choice, Quot.sound]
'AspisV8R19.R616MixedLimbExecution.selected_four_products_val' depends on axioms: [propext,
 Classical.choice,
 Quot.sound]
'AspisV8R19.R616MixedLimbExecution.selected_from_prime' depends on axioms: [propext, Classical.choice, Quot.sound]
'AspisV8R19.R616MixedLimbExecution.selected_reduce_chunk_eq_fold' depends on axioms: [propext,
 Classical.choice,
 Quot.sound]
'AspisV8R19.R616MixedLimbExecution.selected_reduce_chunk_success' depends on axioms: [propext,
 Classical.choice,
 Quot.sound]
'AspisV8R19.R616MixedLimbExecution.selected_chunk_residue' depends on axioms: [propext, Classical.choice, Quot.sound]
'AspisV8R19.R616MixedLimbExecution.selected_four_product_chunk' depends on axioms: [propext,
 Classical.choice,
 Quot.sound]
Command exited with non-zero status 1
	Command being timed: "/home/dombarker/.elan/bin/lake --dir /home/dombarker/project-offloads/aspis-r126-release-20260930-a/focus-workspace env lean -j1 -M4500 -R /home/dombarker/project-offloads/aspis-r57-lean-src-20260929-a -o /home/dombarker/project-offloads/aspis-r126-release-20260930-a/lib/AspisV8R19/R616MixedLimbExecution.olean /home/dombarker/project-offloads/aspis-r57-lean-src-20260929-a/AspisV8R19/R616MixedLimbExecution.lean"
	User time (seconds): 15.68
	System time (seconds): 0.47
	Percent of CPU this job got: 100%
	Elapsed (wall clock) time (h:mm:ss or m:ss): 0:16.14
	Average shared text size (kbytes): 0
	Average unshared data size (kbytes): 0
	Average stack size (kbytes): 0
	Average total size (kbytes): 0
	Maximum resident set size (kbytes): 3863532
	Average resident set size (kbytes): 0
	Major (requiring I/O) page faults: 0
	Minor (reclaiming a frame) page faults: 97353
	Voluntary context switches: 3610
	Involuntary context switches: 149
	Swaps: 0
	File system inputs: 0
	File system outputs: 0
	Socket messages sent: 0
	Socket messages received: 0
	Signals delivered: 0
	Page size (bytes): 4096
	Exit status: 1
Finished with result: exit-code
Main processes terminated with: code=exited/status=1
Service runtime: 16.177s
CPU time consumed: 16.199s
Memory peak: 516.0K
Memory swap peak: 0B
