info: r73_focused: no previous manifest, creating one from scratch
info: toolchain not updated; already up-to-date
/home/dombarker/project-offloads/aspis-r57-lean-src-20260929-a/AspisV8R19/SqueezeSourceExecution.lean:11:44: warning: try 'simp' instead of 'simpa'

Note: This linter can be disabled with `set_option linter.unnecessarySimpa false`
/home/dombarker/project-offloads/aspis-r57-lean-src-20260929-a/AspisV8R19/SqueezeSourceExecution.lean:24:42: error: unsolved goals
s : transcript.Transcript
hs : (↑s.state).length = 32
⊢ (do
      let s1 ← lift ⟨↑s.state, ⋯⟩
      let s2 ← if Usize.ofNatCore 32 ⋯ = Usize.ofNatCore (↑s1).length ⋯ then ok s1 else fail Error.panic
      let s3 ←
        lift
            ⟨(List.take (min (↑s2).length 33) ↑s2 ++
                    List.drop (min (↑s2).length 33)
                      [0#u8, 0#u8, 0#u8, 0#u8, 0#u8, 0#u8, 0#u8, 0#u8, 0#u8, 0#u8, 0#u8, 0#u8, 0#u8, 0#u8, 0#u8, 0#u8,
                        0#u8, 0#u8, 0#u8, 0#u8, 0#u8, 0#u8, 0#u8, 0#u8, 0#u8, 0#u8, 0#u8, 0#u8, 0#u8, 0#u8, 0#u8, 0#u8,
                        0#u8]).set
                32 1#u8,
              ⋯⟩
      let s4 ← lift ⟨[s3], ⋯⟩
      let out ← s.hash s4
      let s5 ←
        lift
            ⟨(List.take (min (↑s2).length 33) ↑s2 ++
                    List.drop (min (↑s2).length 33)
                      [0#u8, 0#u8, 0#u8, 0#u8, 0#u8, 0#u8, 0#u8, 0#u8, 0#u8, 0#u8, 0#u8, 0#u8, 0#u8, 0#u8, 0#u8, 0#u8,
                        0#u8, 0#u8, 0#u8, 0#u8, 0#u8, 0#u8, 0#u8, 0#u8, 0#u8, 0#u8, 0#u8, 0#u8, 0#u8, 0#u8, 0#u8, 0#u8,
                        0#u8]).set
                32 2#u8,
              ⋯⟩
      let s6 ← lift ⟨[s5], ⋯⟩
      let a ← s.hash s6
      ok (out, { state := a, hash := s.hash })) =
    do
    let out ← s.hash ⟨[⟨↑s.state ++ [1#u8], ⋯⟩], ⋯⟩
    let next ← s.hash ⟨[⟨↑s.state ++ [2#u8], ⋯⟩], ⋯⟩
    ok (out, { state := next, hash := s.hash })
/home/dombarker/project-offloads/aspis-r57-lean-src-20260929-a/AspisV8R19/SqueezeSourceExecution.lean:33:29: warning: This simp argument is unused:
  hs

Hint: Omit it from the simp argument list.
  simp [transcript.Transcript.squeeze_block, ̲core.array.Array.index_mut,
      core.ops.index.IndexMutSlice, ̲core.slice.index.Slice.index_mut,
      core.slice.index.SliceIndexRangeToUsizeSlice,
      core.slice.index.SliceIndexRangeToUsizeSlice.index_mut,
  ̵  ̵ ̵ ̵Array.repeat, ̲Array.to_slice,
  ̲ ̲ ̲ ̲ ̲Slice.length, ̲Slice.len,
  ̵  ̵ ̵ ̵core.slice.Slice.copy_from_slice, ̲Array.from_slice, ̲List.setSlice!,
  ̲ ̲ ̲ ̲ ̲List.slice,
  ̵  ̵ ̵ ̵Array.update, ̲transcript.DOM_SQUEEZE, ̲transcript.DOM_ADVANCE,
  ̵  ̵ ̵ ̵message, ̲frame,
  ̲ ̲ ̲ ̲ ̲Array.make,̵h̵s̵]

Note: This linter can be disabled with `set_option linter.unusedSimpArgs false`
'AspisV8R19.SqueezeSourceExecution.frame_bytes' depends on axioms: [propext, Classical.choice, Quot.sound]
'AspisV8R19.SqueezeSourceExecution.message_bytes' depends on axioms: [propext, Classical.choice, Quot.sound]
'AspisV8R19.SqueezeSourceExecution.execution' depends on axioms: [propext, sorryAx, Classical.choice, Quot.sound]
Command exited with non-zero status 1
	Command being timed: "/home/dombarker/.elan/bin/lake env lean -j1 -M4500 -R /home/dombarker/project-offloads/aspis-r57-lean-src-20260929-a -o /home/dombarker/project-offloads/aspis-r73-squeeze-20260929-a/lib/AspisV8R19/SqueezeSourceExecution.olean /home/dombarker/project-offloads/aspis-r57-lean-src-20260929-a/AspisV8R19/SqueezeSourceExecution.lean"
	User time (seconds): 1.58
	System time (seconds): 0.53
	Percent of CPU this job got: 101%
	Elapsed (wall clock) time (h:mm:ss or m:ss): 0:02.10
	Average shared text size (kbytes): 0
	Average unshared data size (kbytes): 0
	Average stack size (kbytes): 0
	Average total size (kbytes): 0
	Maximum resident set size (kbytes): 3688044
	Average resident set size (kbytes): 0
	Major (requiring I/O) page faults: 0
	Minor (reclaiming a frame) page faults: 86465
	Voluntary context switches: 672
	Involuntary context switches: 57
	Swaps: 0
	File system inputs: 0
	File system outputs: 56
	Socket messages sent: 0
	Socket messages received: 0
	Signals delivered: 0
	Page size (bytes): 4096
	Exit status: 1
