Running as unit: run-u783.service; invocation ID: 129b88b09e82404dbc9896d616930b03
POSITIVE_LAYOUT old_cells=3803 new_cells=3802 old_fp=f9daf3d54f4285d1 new_fp=6b661245a56c7189 active_reserved=true unchanged_dependents=16 descriptor_bytes=107 packing_controls=32
GAMMA_CONTROLS canonical_profiles=512 maximal_limb_dot=true noncanonical_positions=152 short_inputs=2
STRUCTURED_CONTROLS entries=16384 terminals=64 affine_x_y=true inversion_zero_every_position=true
PERF_CONTROLS exact_public_weights=8192 allocation_free_carry=4104 zero_one_coordinates=true
PERF {"seed":0,"phase":"setup_compiler_encoder_matrix","seconds":1.477573688}
PERF {"seed":1,"phase":"masking","seconds":0.001091476}
PERF {"seed":1,"phase":"c1_encode","seconds":0.575626698}
PERF {"seed":1,"phase":"c1_salts_pack_tree","seconds":0.752193452}
PERF {"seed":1,"phase":"c2_helpers_encode","seconds":0.21413257}
PERF {"seed":1,"phase":"c2_pack_tree","seconds":0.36297036}
semantic_round=0 checked=true
semantic_round=1 checked=true
semantic_round=2 checked=true
semantic_round=3 checked=true
semantic_round=4 checked=true
semantic_round=5 checked=true
semantic_round=6 checked=true
semantic_round=7 checked=true
semantic_round=8 checked=true
semantic_round=9 checked=true
PERF {"seed":1,"phase":"semantic_producer_literal","seconds":3.212112909}
R117_R28_HELPER_JOINT_STRESS_BEGIN z=zero queries=low22 alpha_zero=true gamma_one=true kappa_one=true tau_one=true beta_retained_from_original_run=true fs_history_consistent=false synthetic_challenge_history=true
R17_C1_WITNESS_CORRECTION columns=16 original_rows108=true aggregate_initial_claim_preserved=true schur_rank=4 schur_variables=2250 selected_raw_zeros=1408 point_claim_zeros=48 ood_claim_zeros=32 base_field_masks=true internal_vectors_not_serialized=true
R117_C1_INITIAL_MASK_PRESERVED exact_source=true mask_only_unchanged=true G_unchanged=true
R17_H1_WITNESS_OOD coverage=explicit_distinct_point_interpolation directions_used=2 coordinate_branches_checked=2 coincident_rejected=true source_pad_checked=true retained_ood=2 active_helper_offset_retained=true fixed_prefix_only=true
R17_H1_SEMANTIC_MAP coordinates=271 columns=1024 rounds=10 terminal_basis_checks=1024 legal_initial_directions=809 internal_map_not_serialized=true
R28_H1_WITNESS_JOINT ordinary_first_all7_zero=true rank=544 equations=568 compatibility_residuals=24 raw_zero=88 point_zero=3 ood_zero=2 rest_final_zero=256 gamma26_retained=true fixed_prefix_only=true coupled_semantic256=false
R28_H1_WITNESS_JOINT ordinary_first_all7_zero=true rank=545 equations=569 compatibility_residuals=24 raw_zero=88 point_zero=3 ood_zero=2 rest_final_zero=256 gamma26_retained=true fixed_prefix_only=true coupled_semantic256=true
R117_G_AUGMENTED_DIAGNOSTIC rows=626 columns=1022 rank=600 incompatible_rows=0 first_incompatible=None
R19_G_WITNESS_JOINT equations=626 rank=600 new_p0_checked=true new_p2_checked=true semantic_cancel=271 relation_cancel=7 raw_zero=88 point_zero=3 ood_zero=2 final_zero=256 fixed_prefix_only=true
R117_R28_HELPER_JOINT_STRESS_PASS z=zero queries=low22 equations626_checked=true p0_p2=true all7_relation_coefficients=true actual_encoders=true same_public=true
	Command being timed: "env ASPIS_R17_C1_WITNESS_AUDIT=1 ASPIS_R117_JOINT_STRESS=1 ASPIS_R117_JOINT_STRESS_CASE=zero-low22 ASPIS_R117_C1_CERT_PATH=/home/dombarker/project-offloads/aspis-r117-joint-privacy-stress-20261003-a/evidence/aggregate-c1-coupled/c1-total-schur.bin ASPIS_R117_H1_CERT_PATH=/home/dombarker/project-offloads/aspis-r117-joint-privacy-stress-20261003-a/evidence/aggregate-c1-coupled/h1-cross-row.bin ASPIS_R117_G_CERT_PATH=/home/dombarker/project-offloads/aspis-r117-joint-privacy-stress-20261003-a/evidence/aggregate-c1-coupled/g-left-kernel.bin /home/dombarker/project-offloads/aspis-r117-joint-privacy-stress-20261003-a/evidence/aggregate-c1-coupled/run/aspis-v8-performance-host evidence/aggregate-c1-coupled/output-zero-low22"
	User time (seconds): 56.69
	System time (seconds): 0.11
	Percent of CPU this job got: 99%
	Elapsed (wall clock) time (h:mm:ss or m:ss): 0:56.81
	Average shared text size (kbytes): 0
	Average unshared data size (kbytes): 0
	Average stack size (kbytes): 0
	Average total size (kbytes): 0
	Maximum resident set size (kbytes): 264188
	Average resident set size (kbytes): 0
	Major (requiring I/O) page faults: 0
	Minor (reclaiming a frame) page faults: 75205
	Voluntary context switches: 1
	Involuntary context switches: 309
	Swaps: 0
	File system inputs: 0
	File system outputs: 64
	Socket messages sent: 0
	Socket messages received: 0
	Signals delivered: 0
	Page size (bytes): 4096
	Exit status: 0
Finished with result: success
Main processes terminated with: code=exited/status=0
Service runtime: 56.813s
CPU time consumed: 56.809s
Memory peak: 516.0K
Memory swap peak: 0B
