Warning: Permanently added '100.108.41.90' (ED25519) to the list of known hosts.
Running as unit: aspis-focus-1791159558516708000-124fbed34dff.service; invocation ID: 63c5eb2421f1473d85e8fa5378d9b592
/home/dombarker/project-offloads/aspis-r57-lean-src-20260929-a/AspisV8R19/R827JointCombinationKernel.lean:49:10: error(lean.unknownIdentifier): Unknown identifier `naturalLineValue`
/home/dombarker/project-offloads/aspis-r57-lean-src-20260929-a/AspisV8R19/R827JointCombinationKernel.lean:53:2: error: `simp` made no progress
/home/dombarker/project-offloads/aspis-r57-lean-src-20260929-a/AspisV8R19/R827JointCombinationKernel.lean:67:10: error(lean.unknownIdentifier): Unknown identifier `naturalLineValue`
/home/dombarker/project-offloads/aspis-r57-lean-src-20260929-a/AspisV8R19/R827JointCombinationKernel.lean:71:2: error: `simp` made no progress
'AspisV8R19.R827JointCombinationKernel.combination_firstFold' depends on axioms: [propext, Classical.choice, Quot.sound]
'AspisV8R19.R827JointCombinationKernel.combination_query_root' depends on axioms: [propext,
 sorryAx,
 Classical.choice,
 Quot.sound]
'AspisV8R19.R827JointCombinationKernel.combination_augmented_root' depends on axioms: [propext,
 sorryAx,
 Classical.choice,
 Quot.sound]
Command exited with non-zero status 1
	Command being timed: "/home/dombarker/.elan/bin/lake --dir /home/dombarker/project-offloads/aspis-r126-release-20260930-a/focus-workspace env lean -j1 -M4500 -R /home/dombarker/project-offloads/aspis-r57-lean-src-20260929-a -o /home/dombarker/project-offloads/aspis-r126-release-20260930-a/lib/AspisV8R19/R827JointCombinationKernel.olean /home/dombarker/project-offloads/aspis-r57-lean-src-20260929-a/AspisV8R19/R827JointCombinationKernel.lean"
	User time (seconds): 1.16
	System time (seconds): 0.37
	Percent of CPU this job got: 99%
	Elapsed (wall clock) time (h:mm:ss or m:ss): 0:01.54
	Average shared text size (kbytes): 0
	Average unshared data size (kbytes): 0
	Average stack size (kbytes): 0
	Average total size (kbytes): 0
	Maximum resident set size (kbytes): 3285792
	Average resident set size (kbytes): 0
	Major (requiring I/O) page faults: 2
	Minor (reclaiming a frame) page faults: 77578
	Voluntary context switches: 550
	Involuntary context switches: 64
	Swaps: 0
	File system inputs: 328
	File system outputs: 0
	Socket messages sent: 0
	Socket messages received: 0
	Signals delivered: 0
	Page size (bytes): 4096
	Exit status: 1
Finished with result: exit-code
Main processes terminated with: code=exited/status=1
Service runtime: 1.585s
CPU time consumed: 1.580s
Memory peak: 292.0K
Memory swap peak: 0B
