Warning: Permanently added '100.108.41.90' (ED25519) to the list of known hosts.
Running as unit: aspis-focus-1791159569336016000-c746cb2a2459.service; invocation ID: 591b0b2a99774e64a0f965dc02d77734
/home/dombarker/project-offloads/aspis-r57-lean-src-20260929-a/AspisV8R19/R827JointCombinationKernel.lean:50:10: error(lean.unknownIdentifier): Unknown identifier `naturalLineValue`
/home/dombarker/project-offloads/aspis-r57-lean-src-20260929-a/AspisV8R19/R827JointCombinationKernel.lean:54:2: error: `simp` made no progress
/home/dombarker/project-offloads/aspis-r57-lean-src-20260929-a/AspisV8R19/R827JointCombinationKernel.lean:68:10: error(lean.unknownIdentifier): Unknown identifier `naturalLineValue`
/home/dombarker/project-offloads/aspis-r57-lean-src-20260929-a/AspisV8R19/R827JointCombinationKernel.lean:72:2: error: `simp` made no progress
'AspisV8R19.R827JointCombinationKernel.combination_firstFold' depends on axioms: [propext, Classical.choice, Quot.sound]
'AspisV8R19.R827JointCombinationKernel.combination_query_root' depends on axioms: [propext,
 sorryAx,
 Classical.choice,
 Quot.sound]
'AspisV8R19.R827JointCombinationKernel.combination_augmented_root' depends on axioms: [propext,
 sorryAx,
 Classical.choice,
 Quot.sound]
Command exited with non-zero status 1
	Command being timed: "/home/dombarker/.elan/bin/lake --dir /home/dombarker/project-offloads/aspis-r126-release-20260930-a/focus-workspace env lean -j1 -M4500 -R /home/dombarker/project-offloads/aspis-r57-lean-src-20260929-a -o /home/dombarker/project-offloads/aspis-r126-release-20260930-a/lib/AspisV8R19/R827JointCombinationKernel.olean /home/dombarker/project-offloads/aspis-r57-lean-src-20260929-a/AspisV8R19/R827JointCombinationKernel.lean"
	User time (seconds): 1.16
	System time (seconds): 0.34
	Percent of CPU this job got: 100%
	Elapsed (wall clock) time (h:mm:ss or m:ss): 0:01.50
	Average shared text size (kbytes): 0
	Average unshared data size (kbytes): 0
	Average stack size (kbytes): 0
	Average total size (kbytes): 0
	Maximum resident set size (kbytes): 3285720
	Average resident set size (kbytes): 0
	Major (requiring I/O) page faults: 0
	Minor (reclaiming a frame) page faults: 77646
	Voluntary context switches: 550
	Involuntary context switches: 62
	Swaps: 0
	File system inputs: 0
	File system outputs: 0
	Socket messages sent: 0
	Socket messages received: 0
	Signals delivered: 0
	Page size (bytes): 4096
	Exit status: 1
Finished with result: exit-code
Main processes terminated with: code=exited/status=1
Service runtime: 1.534s
CPU time consumed: 1.538s
Memory peak: 324.0K
Memory swap peak: 0B
