'AspisV8Completion.FSExposureOrder.linked_order_or_premature_target' depends on axioms: [propext,
 Classical.choice,
 Quot.sound]
'AspisV8Completion.FSExposureOrder.target_count' depends on axioms: [propext]
'AspisV8Completion.FSExposureOrder.firstExposure_append_of_seen' depends on axioms: [propext,
 Classical.choice,
 Quot.sound]
'AspisV8Completion.FSExposureOrder.run_log_consistent' depends on axioms: [propext, Quot.sound]
'AspisV8Completion.FSExposureOrder.same_logged_input_same_answer' does not depend on any axioms
'AspisV8Completion.FSExposureOrder.first_recorded_answer' depends on axioms: [propext, Classical.choice, Quot.sound]
'AspisV8Completion.FSExposureOrder.getElem_first_index' depends on axioms: [propext, Quot.sound]
        0.56 real         0.39 user         0.15 sys
           690470912  maximum resident set size
                   0  average shared memory size
                   0  average unshared data size
                   0  average unshared stack size
               48181  page reclaims
                   0  page faults
                   0  swaps
                   0  block input operations
                   0  block output operations
                   0  messages sent
                   0  messages received
                   0  signals received
                   7  voluntary context switches
                1266  involuntary context switches
           315084418  instructions retired
           117834610  cycles elapsed
            11404056  peak memory footprint
