Running as unit: r125-final-oodparameterretrylaw.service; invocation ID: 4ff1b127cad54ec5821fc4b03d5eca43
'AspisV8R19.OODParameterRetryLaw.rejected_domain_card' depends on axioms: [propext, Classical.choice, Quot.sound]
'AspisV8R19.OODParameterRetryLaw.full_domain_card' depends on axioms: [propext, Classical.choice, Quot.sound]
'AspisV8R19.OODParameterRetryLaw.failure_probability' depends on axioms: [propext, Classical.choice, Quot.sound]
'AspisV8R19.OODParameterRetryLaw.accepted_output_probabilities_equal' depends on axioms: [propext,
 Classical.choice,
 Quot.sound]
'AspisV8R19.OODParameterRetryLaw.pureMap_success_iff' depends on axioms: [propext, Classical.choice, Quot.sound]
'AspisV8R19.OODParameterRetryLaw.source_accept_iff' depends on axioms: [propext, Classical.choice, Quot.sound]
	Command being timed: "/home/dombarker/.elan/bin/lake env lean -j1 -M4500 -R /home/dombarker/project-offloads/aspis-r57-lean-src-20260929-a -o /home/dombarker/project-offloads/aspis-r122-release-20260930-a/lib/AspisV8R19/OODParameterRetryLaw.olean /home/dombarker/project-offloads/aspis-r57-lean-src-20260929-a/AspisV8R19/OODParameterRetryLaw.lean"
	User time (seconds): 1.11
	System time (seconds): 0.48
	Percent of CPU this job got: 99%
	Elapsed (wall clock) time (h:mm:ss or m:ss): 0:01.60
	Average shared text size (kbytes): 0
	Average unshared data size (kbytes): 0
	Average stack size (kbytes): 0
	Average total size (kbytes): 0
	Maximum resident set size (kbytes): 3298416
	Average resident set size (kbytes): 0
	Major (requiring I/O) page faults: 0
	Minor (reclaiming a frame) page faults: 77666
	Voluntary context switches: 667
	Involuntary context switches: 60
	Swaps: 0
	File system inputs: 8
	File system outputs: 224
	Socket messages sent: 0
	Socket messages received: 0
	Signals delivered: 0
	Page size (bytes): 4096
	Exit status: 0
Finished with result: success
Main processes terminated with: code=exited/status=0
Service runtime: 1.602s
CPU time consumed: 1.599s
Memory peak: 512.0K
Memory swap peak: 0B
