Warning: Permanently added '100.108.41.90' (ED25519) to the list of known hosts.
Running as unit: aspis-focus-1791118574622883000.service; invocation ID: 860ae8abc1db44d59ea962df92a844b8
/home/dombarker/project-offloads/aspis-r57-lean-src-20260929-a/AspisV8R19/R680CoreQuotientSupport.lean:15:19: error: Tactic `unfold` failed to unfold `extend` in
  0 = 0
/home/dombarker/project-offloads/aspis-r57-lean-src-20260929-a/AspisV8R19/R680CoreQuotientSupport.lean:15:19: error: Tactic `unfold` failed to unfold `extend` in
  0 = 0
/home/dombarker/project-offloads/aspis-r57-lean-src-20260929-a/AspisV8R19/R680CoreQuotientSupport.lean:15:19: error: Tactic `unfold` failed to unfold `extend` in
  0 = 0
/home/dombarker/project-offloads/aspis-r57-lean-src-20260929-a/AspisV8R19/R680CoreQuotientSupport.lean:8:0: warning: automatically included section variable(s) unused in theorem `AspisV8R19.R680CoreQuotientSupport.channel_extend_high`:
  [NeZero 2]
consider restructuring your `variable` declarations so that the variables are not in scope or explicitly omit them:
  omit [NeZero 2] in theorem ...

Note: This linter can be disabled with `set_option linter.unusedSectionVars false`
/home/dombarker/project-offloads/aspis-r57-lean-src-20260929-a/AspisV8R19/R680CoreQuotientSupport.lean:27:46: error: Tactic `rewrite` failed: Did not find an occurrence of the pattern
  channel (extend x) (r / 4) 1
in the target expression
  0 - alpha * 0 - alpha ^ 2 * 0 - alpha ^ 3 * 0 = 0

case neg
F : Type u_1
inst✝¹ : Field F
inst✝ : NeZero 2
alpha : F
x : Fin 271 → F
r : ℕ
hr : 940 ≤ r
hd : 235 ≤ r / 4
h : ¬r % 4 = 0
⊢ 0 - alpha * 0 - alpha ^ 2 * 0 - alpha ^ 3 * 0 = 0
'AspisV8R19.R680CoreQuotientSupport.weightedQ_support' depends on axioms: [propext, sorryAx, Quot.sound]
Command exited with non-zero status 1
	Command being timed: "/home/dombarker/.elan/bin/lake --dir /home/dombarker/project-offloads/aspis-r126-release-20260930-a/focus-workspace env lean -j1 -M4500 -R /home/dombarker/project-offloads/aspis-r57-lean-src-20260929-a -o /home/dombarker/project-offloads/aspis-r126-release-20260930-a/lib/AspisV8R19/R680CoreQuotientSupport.olean /home/dombarker/project-offloads/aspis-r57-lean-src-20260929-a/AspisV8R19/R680CoreQuotientSupport.lean"
	User time (seconds): 0.95
	System time (seconds): 0.33
	Percent of CPU this job got: 100%
	Elapsed (wall clock) time (h:mm:ss or m:ss): 0:01.28
	Average shared text size (kbytes): 0
	Average unshared data size (kbytes): 0
	Average stack size (kbytes): 0
	Average total size (kbytes): 0
	Maximum resident set size (kbytes): 3251244
	Average resident set size (kbytes): 0
	Major (requiring I/O) page faults: 0
	Minor (reclaiming a frame) page faults: 76914
	Voluntary context switches: 396
	Involuntary context switches: 70
	Swaps: 0
	File system inputs: 0
	File system outputs: 0
	Socket messages sent: 0
	Socket messages received: 0
	Signals delivered: 0
	Page size (bytes): 4096
	Exit status: 1
Finished with result: exit-code
Main processes terminated with: code=exited/status=1
Service runtime: 1.308s
CPU time consumed: 1.313s
Memory peak: 552.0K
Memory swap peak: 0B
