POSITIVE_LAYOUT old_cells=3803 new_cells=3802 old_fp=f9daf3d54f4285d1 new_fp=6b661245a56c7189 active_reserved=true unchanged_dependents=16 descriptor_bytes=107 packing_controls=32
GAMMA_CONTROLS canonical_profiles=512 maximal_limb_dot=true noncanonical_positions=152 short_inputs=2
STRUCTURED_CONTROLS entries=16384 terminals=64 affine_x_y=true inversion_zero_every_position=true
PERF_CONTROLS exact_public_weights=8192 allocation_free_carry=4104 zero_one_coordinates=true
PERF {"seed":0,"phase":"setup_compiler_encoder_matrix","seconds":1.957327375}
PERF {"seed":1,"phase":"masking","seconds":0.002894}
PERF {"seed":1,"phase":"c1_encode","seconds":0.334416584}
PERF {"seed":1,"phase":"c1_salts_pack_tree","seconds":3.85767125}
PERF {"seed":1,"phase":"c2_helpers_encode","seconds":0.110521625}
PERF {"seed":1,"phase":"c2_pack_tree","seconds":1.49091975}
semantic_round=0 checked=true
semantic_round=1 checked=true
semantic_round=2 checked=true
semantic_round=3 checked=true
semantic_round=4 checked=true
semantic_round=5 checked=true
semantic_round=6 checked=true
semantic_round=7 checked=true
semantic_round=8 checked=true
semantic_round=9 checked=true
PERF {"seed":1,"phase":"semantic_producer_literal","seconds":3.894191417}
PERF {"seed":1,"phase":"ood_transpose_quotient","seconds":0.013446334}
R15_Q22_ENTRY 46a98e4e6bddb4056ce6431b0780887676a2d99b49cda4535b6b31efa1c0d2c1
R15_Q22_RESULT [247776, 100914, 252828, 42805, 103285, 112336, 251789, 224334, 202020, 9098, 111294, 2722, 98263, 45108, 244090, 26167, 210809, 145719, 193408, 61013, 20115, 26948]
PERF {"seed":1,"phase":"relation_openings_serialize","seconds":0.002029791}
PERF {"seed":1,"phase":"prover_total_excludes_setup","seconds":9.706147917}
R15_Q22_ENTRY 46a98e4e6bddb4056ce6431b0780887676a2d99b49cda4535b6b31efa1c0d2c1
R15_Q22_RESULT [247776, 100914, 252828, 42805, 103285, 112336, 251789, 224334, 202020, 9098, 111294, 2722, 98263, 45108, 244090, 26167, 210809, 145719, 193408, 61013, 20115, 26948]
R15_Q22_ENTRY 46a98e4e6bddb4056ce6431b0780887676a2d99b49cda4535b6b31efa1c0d2c1
R15_Q22_RESULT [247776, 100914, 252828, 42805, 103285, 112336, 251789, 224334, 202020, 9098, 111294, 2722, 98263, 45108, 244090, 26167, 210809, 145719, 193408, 61013, 20115, 26948]
R15_Q22_ENTRY 46a98e4e6bddb4056ce6431b0780887676a2d99b49cda4535b6b31efa1c0d2c1
R15_Q22_RESULT [247776, 100914, 252828, 42805, 103285, 112336, 251789, 224334, 202020, 9098, 111294, 2722, 98263, 45108, 244090, 26167, 210809, 145719, 193408, 61013, 20115, 26948]
R15_Q22_ENTRY 46a98e4e6bddb4056ce6431b0780887676a2d99b49cda4535b6b31efa1c0d2c1
R15_Q22_RESULT [247776, 100914, 252828, 42805, 103285, 112336, 251789, 224334, 202020, 9098, 111294, 2722, 98263, 45108, 244090, 26167, 210809, 145719, 193408, 61013, 20115, 26948]
R15_Q22_ENTRY 46a98e4e6bddb4056ce6431b0780887676a2d99b49cda4535b6b31efa1c0d2c1
R15_Q22_RESULT [247776, 100914, 252828, 42805, 103285, 112336, 251789, 224334, 202020, 9098, 111294, 2722, 98263, 45108, 244090, 26167, 210809, 145719, 193408, 61013, 20115, 26948]
R15_Q22_ENTRY 46a98e4e6bddb4056ce6431b0780887676a2d99b49cda4535b6b31efa1c0d2c1
R15_Q22_RESULT [247776, 100914, 252828, 42805, 103285, 112336, 251789, 224334, 202020, 9098, 111294, 2722, 98263, 45108, 244090, 26167, 210809, 145719, 193408, 61013, 20115, 26948]
PERF {"seed":1,"phase":"host_verify_from_public_bytes","seconds":0.005735833}
R15_Q22_ENTRY 46a98e4e6bddb4056ce6431b0780887676a2d99b49cda4535b6b31efa1c0d2c1
R15_Q22_RESULT [247776, 100914, 252828, 42805, 103285, 112336, 251789, 224334, 202020, 9098, 111294, 2722, 98263, 45108, 244090, 26167, 210809, 145719, 193408, 61013, 20115, 26948]
R15_Q22_ENTRY 46a98e4e6bddb4056ce6431b0780887676a2d99b49cda4535b6b31efa1c0d2c1
R15_Q22_RESULT [247776, 100914, 252828, 42805, 103285, 112336, 251789, 224334, 202020, 9098, 111294, 2722, 98263, 45108, 244090, 26167, 210809, 145719, 193408, 61013, 20115, 26948]
R15_Q22_ENTRY 46a98e4e6bddb4056ce6431b0780887676a2d99b49cda4535b6b31efa1c0d2c1
R15_Q22_RESULT [247776, 100914, 252828, 42805, 103285, 112336, 251789, 224334, 202020, 9098, 111294, 2722, 98263, 45108, 244090, 26167, 210809, 145719, 193408, 61013, 20115, 26948]
R15_Q22_ENTRY 46a98e4e6bddb4056ce6431b0780887676a2d99b49cda4535b6b31efa1c0d2c1
R15_Q22_RESULT [247776, 100914, 252828, 42805, 103285, 112336, 251789, 224334, 202020, 9098, 111294, 2722, 98263, 45108, 244090, 26167, 210809, 145719, 193408, 61013, 20115, 26948]
PERF {"seed":1,"accepted":true,"body_bytes":39554,"max_body_bytes":40282,"stress_nonce_attempts":0,"security_credit_bits":0,"full_transaction_cu":null}
       11.71 real        11.54 user         0.05 sys
           218218496  maximum resident set size
                   0  average shared memory size
                   0  average unshared data size
                   0  average unshared stack size
               13486  page reclaims
                   0  page faults
                   0  swaps
                   0  block input operations
                   0  block output operations
                   0  messages sent
                   0  messages received
                   0  signals received
                  10  voluntary context switches
                5529  involuntary context switches
         99293434729  instructions retired
         25125356814  cycles elapsed
           216973840  peak memory footprint
