Running as unit: aspis-r17-butterfly-bounds-root-r19.scope; invocation ID: 50628153946f4b0089d71260229a6f0b
'AspisV8R17.FusedButterfly.canonical_product_bound' depends on axioms: [propext, Quot.sound]
'AspisV8R17.FusedButterfly.raw_bounds' depends on axioms: [propext, Classical.choice, Quot.sound]
'AspisV8R17.FusedButterfly.padding_is_prime_square' depends on axioms: [propext]
	Command being timed: "/home/dombarker/.elan/toolchains/leanprover--lean4---v4.32.0/bin/lake env lean --root=/home/dombarker/project-offloads/aspis-r17-sbf-probe-20260921-r19 -j1 -M1600 -o /home/dombarker/project-offloads/aspis-r17-sbf-probe-20260921-r19/FusedButterflyBounds.olean /home/dombarker/project-offloads/aspis-r17-sbf-probe-20260921-r19/FusedButterflyBounds.lean"
	User time (seconds): 0.86
	System time (seconds): 0.63
	Percent of CPU this job got: 98%
	Elapsed (wall clock) time (h:mm:ss or m:ss): 0:01.51
	Average shared text size (kbytes): 0
	Average unshared data size (kbytes): 0
	Average stack size (kbytes): 0
	Average total size (kbytes): 0
	Maximum resident set size (kbytes): 1636136
	Average resident set size (kbytes): 0
	Major (requiring I/O) page faults: 1
	Minor (reclaiming a frame) page faults: 107761
	Voluntary context switches: 794
	Involuntary context switches: 71
	Swaps: 0
	File system inputs: 5832
	File system outputs: 520
	Socket messages sent: 0
	Socket messages received: 0
	Signals delivered: 0
	Page size (bytes): 4096
	Exit status: 0
