Running as unit: aspis-r17-compact-workspace-host-r34.scope; invocation ID: 513ceab3ff3d4d8c9b16420f48aab4e4
   Compiling version_check v0.9.5
   Compiling typenum v1.20.1
   Compiling generic-array v0.14.7
   Compiling aspis-core v0.1.0 (/home/dombarker/project-offloads/aspis-r17-sbf-probe-20260921-r34/crates/aspis-core)
   Compiling libc v0.2.189
   Compiling crypto-common v0.1.7
   Compiling block-buffer v0.10.4
   Compiling cfg-if v1.0.4
   Compiling getrandom v0.3.4
   Compiling digest v0.10.7
   Compiling cpufeatures v0.2.17
   Compiling sha2 v0.10.9
   Compiling zeroize v1.8.1
   Compiling aspis-statement v0.1.0 (/home/dombarker/project-offloads/aspis-r17-sbf-probe-20260921-r34/crates/aspis-statement)
warning: unused imports: `visit_copy_exceptional_terminal_links` and `visit_copy_terminal_links`
  --> /home/dombarker/project-offloads/aspis-r17-sbf-probe-20260921-r34/crates/aspis-statement/src/constraints_v4.rs:32:5
   |
32 |     visit_copy_exceptional_terminal_links, visit_copy_links, visit_copy_terminal_links,
   |     ^^^^^^^^^^^^^^^^^^^^^^^^^^^^^^^^^^^^^                    ^^^^^^^^^^^^^^^^^^^^^^^^^
   |
   = note: `#[warn(unused_imports)]` (part of `#[warn(unused)]`) on by default

warning: unused import: `decode_pool_v1_pair_late_public_statement_v1`
  --> /home/dombarker/project-offloads/aspis-r17-sbf-probe-20260921-r34/crates/aspis-statement/src/pool_v1/pair_forest_terminal.rs:15:5
   |
15 |     decode_pool_v1_pair_late_public_statement_v1, decode_pool_v1_pair_verified_afterstate_v1,
   |     ^^^^^^^^^^^^^^^^^^^^^^^^^^^^^^^^^^^^^^^^^^^^

warning: unused import: `pool_v1_note_commitment`
  --> /home/dombarker/project-offloads/aspis-r17-sbf-probe-20260921-r34/crates/aspis-statement/src/pool_v1/pair_trace.rs:50:5
   |
50 |     pool_v1_note_commitment, pool_v1_nullifier, pool_v1_tree_parent,
   |     ^^^^^^^^^^^^^^^^^^^^^^^

warning: unused imports: `trace_round_constant` and `trace_round_descriptor`
  --> /home/dombarker/project-offloads/aspis-r17-sbf-probe-20260921-r34/crates/aspis-statement/src/state_only_poseidon.rs:18:5
   |
18 |     trace_round_constant, trace_round_descriptor, EXTERNAL_FINAL, EXTERNAL_INITIAL, INTERNAL,
   |     ^^^^^^^^^^^^^^^^^^^^  ^^^^^^^^^^^^^^^^^^^^^^

warning: type `CompiledCopyLink` is more private than the item `COMPILED_COPY_LINKS`
   --> /home/dombarker/project-offloads/aspis-r17-sbf-probe-20260921-r34/crates/aspis-statement/src/state_only_terminal_constants.rs:850:1
    |
850 | pub(crate) const COMPILED_COPY_LINKS: [CompiledCopyLink; 102] = [
    | ^^^^^^^^^^^^^^^^^^^^^^^^^^^^^^^^^^^^^^^^^^^^^^^^^^^^^^^^^^^^^ constant `COMPILED_COPY_LINKS` is reachable at visibility `pub(crate)`
    |
note: but type `CompiledCopyLink` is only usable at visibility `pub(self)`
   --> /home/dombarker/project-offloads/aspis-r17-sbf-probe-20260921-r34/crates/aspis-statement/src/state_only_terminal.rs:88:1
    |
 88 | struct CompiledCopyLink {
    | ^^^^^^^^^^^^^^^^^^^^^^^
    = note: `#[warn(private_interfaces)]` on by default

warning: `aspis-statement` (lib) generated 5 warnings (run `cargo fix --lib -p aspis-statement` to apply 4 suggestions)
   Compiling aspis-v8-performance-host v0.0.0 (/home/dombarker/project-offloads/aspis-r17-sbf-probe-20260921-r34/docs/research/v8-no-work-100-20260907/experiments/performance-host)
error[E0753]: expected outer doc comment
 --> ../r17_edges_iter.rs:1:1
  |
1 | //! Same public carry schedule as the retained Vec routine, without allocation.
  | ^^^^^^^^^^^^^^^^^^^^^^^^^^^^^^^^^^^^^^^^^^^^^^^^^^^^^^^^^^^^^^^^^^^^^^^^^^^^^^^
2 | struct Edges { row:usize,bit:usize,scale:M31,done:bool }
  | -------------------------------------------------------- the inner doc comment doesn't annotate this struct
  |
help: to annotate the struct, change the doc comment from inner to outer style
  |
1 - //! Same public carry schedule as the retained Vec routine, without allocation.
1 + /// Same public carry schedule as the retained Vec routine, without allocation.
  |

warning: unused import: `CM31`
 --> ../r17_mask_workspace.rs:4:29
  |
4 | use super::corelib::field::{CM31, M31, M31_HALF, QM31 as K};
  |                             ^^^^
  |
  = note: `#[warn(unused_imports)]` (part of `#[warn(unused)]`) on by default

For more information about this error, try `rustc --explain E0753`.
warning: `aspis-v8-performance-host` (bin "r17-compact-workspace-check") generated 1 warning
error: could not compile `aspis-v8-performance-host` (bin "r17-compact-workspace-check") due to 1 previous error; 1 warning emitted
Command exited with non-zero status 101
	Command being timed: "/home/dombarker/.cargo/bin/cargo run --offline --locked --release --jobs 2 --features insecure-spend-fixture,selected-v7-kernels --manifest-path /home/dombarker/project-offloads/aspis-r17-sbf-probe-20260921-r34/docs/research/v8-no-work-100-20260907/experiments/performance-host/Cargo.toml --bin r17-compact-workspace-check"
	User time (seconds): 36.19
	System time (seconds): 1.06
	Percent of CPU this job got: 136%
	Elapsed (wall clock) time (h:mm:ss or m:ss): 0:27.24
	Average shared text size (kbytes): 0
	Average unshared data size (kbytes): 0
	Average stack size (kbytes): 0
	Average total size (kbytes): 0
	Maximum resident set size (kbytes): 535928
	Average resident set size (kbytes): 0
	Major (requiring I/O) page faults: 63
	Minor (reclaiming a frame) page faults: 636479
	Voluntary context switches: 2568
	Involuntary context switches: 343
	Swaps: 0
	File system inputs: 4536
	File system outputs: 191152
	Socket messages sent: 0
	Socket messages received: 0
	Signals delivered: 0
	Page size (bytes): 4096
	Exit status: 101
Traceback (most recent call last):
  File "/home/dombarker/project-offloads/aspis-r17-sbf-probe-20260921-r34/check_r17_compact_control.py", line 23, in <module>
    subprocess.run(['/usr/bin/time','-v','/home/dombarker/.cargo/bin/cargo',
  File "/usr/lib/python3.12/subprocess.py", line 571, in run
    raise CalledProcessError(retcode, process.args,
subprocess.CalledProcessError: Command '['/usr/bin/time', '-v', '/home/dombarker/.cargo/bin/cargo', 'run', '--offline', '--locked', '--release', '--jobs', '2', '--features', 'insecure-spend-fixture,selected-v7-kernels', '--manifest-path', '/home/dombarker/project-offloads/aspis-r17-sbf-probe-20260921-r34/docs/research/v8-no-work-100-20260907/experiments/performance-host/Cargo.toml', '--bin', 'r17-compact-workspace-check']' returned non-zero exit status 101.
