Running as unit: aspis-r17-compact-prepare-host-r36.scope; invocation ID: ed7390d0596d477585f9d0f31359dd3b
   Compiling aspis-core v0.1.0 (/home/dombarker/project-offloads/aspis-r17-sbf-probe-20260921-r36b/crates/aspis-core)
   Compiling aspis-statement v0.1.0 (/home/dombarker/project-offloads/aspis-r17-sbf-probe-20260921-r36b/crates/aspis-statement)
warning: unused imports: `visit_copy_exceptional_terminal_links` and `visit_copy_terminal_links`
  --> /home/dombarker/project-offloads/aspis-r17-sbf-probe-20260921-r36b/crates/aspis-statement/src/constraints_v4.rs:32:5
   |
32 |     visit_copy_exceptional_terminal_links, visit_copy_links, visit_copy_terminal_links,
   |     ^^^^^^^^^^^^^^^^^^^^^^^^^^^^^^^^^^^^^                    ^^^^^^^^^^^^^^^^^^^^^^^^^
   |
   = note: `#[warn(unused_imports)]` (part of `#[warn(unused)]`) on by default

warning: unused import: `decode_pool_v1_pair_late_public_statement_v1`
  --> /home/dombarker/project-offloads/aspis-r17-sbf-probe-20260921-r36b/crates/aspis-statement/src/pool_v1/pair_forest_terminal.rs:15:5
   |
15 |     decode_pool_v1_pair_late_public_statement_v1, decode_pool_v1_pair_verified_afterstate_v1,
   |     ^^^^^^^^^^^^^^^^^^^^^^^^^^^^^^^^^^^^^^^^^^^^

warning: unused import: `pool_v1_note_commitment`
  --> /home/dombarker/project-offloads/aspis-r17-sbf-probe-20260921-r36b/crates/aspis-statement/src/pool_v1/pair_trace.rs:50:5
   |
50 |     pool_v1_note_commitment, pool_v1_nullifier, pool_v1_tree_parent,
   |     ^^^^^^^^^^^^^^^^^^^^^^^

warning: unused imports: `trace_round_constant` and `trace_round_descriptor`
  --> /home/dombarker/project-offloads/aspis-r17-sbf-probe-20260921-r36b/crates/aspis-statement/src/state_only_poseidon.rs:18:5
   |
18 |     trace_round_constant, trace_round_descriptor, EXTERNAL_FINAL, EXTERNAL_INITIAL, INTERNAL,
   |     ^^^^^^^^^^^^^^^^^^^^  ^^^^^^^^^^^^^^^^^^^^^^

warning: type `CompiledCopyLink` is more private than the item `COMPILED_COPY_LINKS`
   --> /home/dombarker/project-offloads/aspis-r17-sbf-probe-20260921-r36b/crates/aspis-statement/src/state_only_terminal_constants.rs:850:1
    |
850 | pub(crate) const COMPILED_COPY_LINKS: [CompiledCopyLink; 102] = [
    | ^^^^^^^^^^^^^^^^^^^^^^^^^^^^^^^^^^^^^^^^^^^^^^^^^^^^^^^^^^^^^ constant `COMPILED_COPY_LINKS` is reachable at visibility `pub(crate)`
    |
note: but type `CompiledCopyLink` is only usable at visibility `pub(self)`
   --> /home/dombarker/project-offloads/aspis-r17-sbf-probe-20260921-r36b/crates/aspis-statement/src/state_only_terminal.rs:88:1
    |
 88 | struct CompiledCopyLink {
    | ^^^^^^^^^^^^^^^^^^^^^^^
    = note: `#[warn(private_interfaces)]` on by default

warning: `aspis-statement` (lib) generated 5 warnings (run `cargo fix --lib -p aspis-statement` to apply 4 suggestions)
   Compiling aspis-v8-performance-host v0.0.0 (/home/dombarker/project-offloads/aspis-r17-sbf-probe-20260921-r36b/docs/research/v8-no-work-100-20260907/experiments/performance-host)
warning: unused import: `CM31`
 --> ../r17_mask_workspace.rs:4:29
  |
4 | use super::corelib::field::{CM31, M31, M31_HALF, QM31 as K};
  |                             ^^^^
  |
  = note: `#[warn(unused_imports)]` (part of `#[warn(unused)]`) on by default

warning: `aspis-v8-performance-host` (bin "r17-compact-prepare-check") generated 1 warning (run `cargo fix --bin "r17-compact-prepare-check" -p aspis-v8-performance-host` to apply 1 suggestion)
    Finished `release` profile [optimized] target(s) in 27.15s
     Running `/home/dombarker/project-offloads/aspis-v8-performance-20260908.scS2Jz/docs/research/v8-no-work-100-20260907/experiments/performance-host/target/release/r17-compact-prepare-check`
PASS: 128 compact ordinary claim pairs equal actual source original/dual entries; both coordinate choices; zero allocation attempts
	Command being timed: "/home/dombarker/.cargo/bin/cargo run --offline --locked --release --jobs 2 --features insecure-spend-fixture,selected-v7-kernels --manifest-path /home/dombarker/project-offloads/aspis-r17-sbf-probe-20260921-r36b/docs/research/v8-no-work-100-20260907/experiments/performance-host/Cargo.toml --bin r17-compact-prepare-check"
	User time (seconds): 34.53
	System time (seconds): 0.63
	Percent of CPU this job got: 129%
	Elapsed (wall clock) time (h:mm:ss or m:ss): 0:27.16
	Average shared text size (kbytes): 0
	Average unshared data size (kbytes): 0
	Average stack size (kbytes): 0
	Average total size (kbytes): 0
	Maximum resident set size (kbytes): 533440
	Average resident set size (kbytes): 0
	Major (requiring I/O) page faults: 26
	Minor (reclaiming a frame) page faults: 429326
	Voluntary context switches: 1244
	Involuntary context switches: 230
	Swaps: 0
	File system inputs: 0
	File system outputs: 129520
	Socket messages sent: 0
	Socket messages received: 0
	Signals delivered: 0
	Page size (bytes): 4096
	Exit status: 0
