Running as unit: aspis-r17-inplace-fold-lean-r21b.scope; invocation ID: 20bda917db30453581b7dd1abad5f5c5
'AspisV8R17.InPlaceDenseFold.unread' depends on axioms: [propext, Quot.sound]
'AspisV8R17.InPlaceDenseFold.written' depends on axioms: [propext, Classical.choice, Quot.sound]
'AspisV8R17.InPlaceDenseFold.read_in_bounds' depends on axioms: [propext, Classical.choice, Quot.sound]
	Command being timed: "/home/dombarker/.elan/toolchains/leanprover--lean4---v4.32.0/bin/lake env lean --root=/home/dombarker/project-offloads/aspis-r17-sbf-probe-20260921-r21 -j1 -M1600 -o /home/dombarker/project-offloads/aspis-r17-sbf-probe-20260921-r21/InPlaceDenseFold.olean /home/dombarker/project-offloads/aspis-r17-sbf-probe-20260921-r21/InPlaceDenseFold.lean"
	User time (seconds): 0.65
	System time (seconds): 0.50
	Percent of CPU this job got: 101%
	Elapsed (wall clock) time (h:mm:ss or m:ss): 0:01.14
	Average shared text size (kbytes): 0
	Average unshared data size (kbytes): 0
	Average stack size (kbytes): 0
	Average total size (kbytes): 0
	Maximum resident set size (kbytes): 975688
	Average resident set size (kbytes): 0
	Major (requiring I/O) page faults: 0
	Minor (reclaiming a frame) page faults: 75888
	Voluntary context switches: 672
	Involuntary context switches: 58
	Swaps: 0
	File system inputs: 680
	File system outputs: 336
	Socket messages sent: 0
	Socket messages received: 0
	Signals delivered: 0
	Page size (bytes): 4096
	Exit status: 0
