Running as unit: aspis-r17-compact-prepare-svm-r36b.scope; invocation ID: 6b9fafbe73a0455984f84a9ff3f0dc0e
	Command being timed: "/home/dombarker/project-offloads/aspis-v8-performance-20260908.scS2Jz/docs/research/v8-no-work-100-20260907/experiments/performance-svm/target/release/aspis-r17-svm-probe sbf-output/aspis_v8_performance_sbf.so fixture-world0-v2"
	User time (seconds): 0.11
	System time (seconds): 0.01
	Percent of CPU this job got: 95%
	Elapsed (wall clock) time (h:mm:ss or m:ss): 0:00.13
	Average shared text size (kbytes): 0
	Average unshared data size (kbytes): 0
	Average stack size (kbytes): 0
	Average total size (kbytes): 0
	Maximum resident set size (kbytes): 31404
	Average resident set size (kbytes): 0
	Major (requiring I/O) page faults: 0
	Minor (reclaiming a frame) page faults: 12270
	Voluntary context switches: 5
	Involuntary context switches: 1
	Swaps: 0
	File system inputs: 112
	File system outputs: 24
	Socket messages sent: 0
	Socket messages received: 0
	Signals delivered: 0
	Page size (bytes): 4096
	Exit status: 0
