Running as unit: aspis-r17-butterfly-bounds-r19.scope; invocation ID: 8bfdb6d3feef4e7f819cafc7091ca35a
input file '/home/dombarker/project-offloads/aspis-r17-sbf-probe-20260921-r19/FusedButterflyBounds.lean' must be contained in root directory (/home/dombarker/project-offloads/ZK-v7-one-tx-formal-consolidation-20260828/AspisFormal/)
Command exited with non-zero status 1
	Command being timed: "/home/dombarker/.elan/toolchains/leanprover--lean4---v4.32.0/bin/lake env lean -j1 -M1600 -o /home/dombarker/project-offloads/aspis-r17-sbf-probe-20260921-r19/FusedButterflyBounds.olean /home/dombarker/project-offloads/aspis-r17-sbf-probe-20260921-r19/FusedButterflyBounds.lean"
	User time (seconds): 0.32
	System time (seconds): 0.33
	Percent of CPU this job got: 89%
	Elapsed (wall clock) time (h:mm:ss or m:ss): 0:00.73
	Average shared text size (kbytes): 0
	Average unshared data size (kbytes): 0
	Average stack size (kbytes): 0
	Average total size (kbytes): 0
	Maximum resident set size (kbytes): 818080
	Average resident set size (kbytes): 0
	Major (requiring I/O) page faults: 398
	Minor (reclaiming a frame) page faults: 46058
	Voluntary context switches: 3739
	Involuntary context switches: 34
	Swaps: 0
	File system inputs: 139416
	File system outputs: 0
	Socket messages sent: 0
	Socket messages received: 0
	Signals delivered: 0
	Page size (bytes): 4096
	Exit status: 1
