Running as unit: aspis-r17-fast-g-svm-r16.scope; invocation ID: abb4a513e5f247d1afc01b93fd57f761
	Command being timed: "/home/dombarker/project-offloads/aspis-v8-performance-20260908.scS2Jz/docs/research/v8-no-work-100-20260907/experiments/performance-svm/target/release/aspis-r17-svm-probe sbf-output/aspis_v8_performance_sbf.so /home/dombarker/project-offloads/aspis-r17-sbf-probe-20260921-r6/fixture-world0"
	User time (seconds): 0.11
	System time (seconds): 0.01
	Percent of CPU this job got: 100%
	Elapsed (wall clock) time (h:mm:ss or m:ss): 0:00.13
	Average shared text size (kbytes): 0
	Average unshared data size (kbytes): 0
	Average stack size (kbytes): 0
	Average total size (kbytes): 0
	Maximum resident set size (kbytes): 26908
	Average resident set size (kbytes): 0
	Major (requiring I/O) page faults: 0
	Minor (reclaiming a frame) page faults: 9692
	Voluntary context switches: 1
	Involuntary context switches: 3
	Swaps: 0
	File system inputs: 0
	File system outputs: 16
	Socket messages sent: 0
	Socket messages received: 0
	Signals delivered: 0
	Page size (bytes): 4096
	Exit status: 0
