Running as unit: aspis-r17-compact-lean-FusedRows.scope; invocation ID: ce1b800b6ea24be7b486390b2739bff9
libc++abi: terminating due to uncaught exception of type lean::memory_exception: excessive memory consumption detected at 'interpreter' (potential solution: increase memory consumption threshold)
Command exited with non-zero status 134
	Command being timed: "/home/dombarker/.elan/toolchains/leanprover--lean4---v4.32.0/bin/lake env lean --root=/home/dombarker/project-offloads/aspis-r17-compact-20260921-r29 -j1 -M2500 -o /home/dombarker/project-offloads/aspis-r17-compact-20260921-r29/AspisV8Baseline/FusedRows.olean /home/dombarker/project-offloads/aspis-r17-compact-20260921-r29/AspisV8Baseline/FusedRows.lean"
	User time (seconds): 0.70
	System time (seconds): 1.13
	Percent of CPU this job got: 42%
	Elapsed (wall clock) time (h:mm:ss or m:ss): 0:04.38
	Average shared text size (kbytes): 0
	Average unshared data size (kbytes): 0
	Average stack size (kbytes): 0
	Average total size (kbytes): 0
	Maximum resident set size (kbytes): 2837160
	Average resident set size (kbytes): 0
	Major (requiring I/O) page faults: 9079
	Minor (reclaiming a frame) page faults: 122589
	Voluntary context switches: 16981
	Involuntary context switches: 87
	Swaps: 0
	File system inputs: 2128896
	File system outputs: 0
	Socket messages sent: 0
	Socket messages received: 0
	Signals delivered: 0
	Page size (bytes): 4096
	Exit status: 134
