Running as unit: aspis-r17-workspace-adapter-r6c.scope; invocation ID: 95dee34ce2734f4f8dd52b0c60bf0c43
	Command being timed: "/home/dombarker/.cargo/bin/rustc --edition=2021 -O /home/dombarker/project-offloads/aspis-r17-sbf-probe-20260921-r6/adapter-gate-tugzrly3/gate.rs -o /home/dombarker/project-offloads/aspis-r17-sbf-probe-20260921-r6/adapter-gate-tugzrly3/gate"
	User time (seconds): 0.37
	System time (seconds): 0.06
	Percent of CPU this job got: 105%
	Elapsed (wall clock) time (h:mm:ss or m:ss): 0:00.41
	Average shared text size (kbytes): 0
	Average unshared data size (kbytes): 0
	Average stack size (kbytes): 0
	Average total size (kbytes): 0
	Maximum resident set size (kbytes): 142056
	Average resident set size (kbytes): 0
	Major (requiring I/O) page faults: 24
	Minor (reclaiming a frame) page faults: 21182
	Voluntary context switches: 519
	Involuntary context switches: 16
	Swaps: 0
	File system inputs: 3952
	File system outputs: 7832
	Socket messages sent: 0
	Socket messages received: 0
	Signals delivered: 0
	Page size (bytes): 4096
	Exit status: 0
PASS: 16 actual adapter/reference comparisons, all 1024 entries
	Command being timed: "/home/dombarker/project-offloads/aspis-r17-sbf-probe-20260921-r6/adapter-gate-tugzrly3/gate"
	User time (seconds): 0.14
	System time (seconds): 0.00
	Percent of CPU this job got: 100%
	Elapsed (wall clock) time (h:mm:ss or m:ss): 0:00.14
	Average shared text size (kbytes): 0
	Average unshared data size (kbytes): 0
	Average stack size (kbytes): 0
	Average total size (kbytes): 0
	Maximum resident set size (kbytes): 1760
	Average resident set size (kbytes): 0
	Major (requiring I/O) page faults: 0
	Minor (reclaiming a frame) page faults: 98
	Voluntary context switches: 1
	Involuntary context switches: 2
	Swaps: 0
	File system inputs: 0
	File system outputs: 0
	Socket messages sent: 0
	Socket messages received: 0
	Signals delivered: 0
	Page size (bytes): 4096
	Exit status: 0
