'AspisV8R18.slot_injective' depends on axioms: [propext, Quot.sound]
'AspisV8R18.selected_card' depends on axioms: [propext, Classical.choice, Quot.sound]
'AspisV8R18.retained_card' depends on axioms: [propext, Classical.choice, Quot.sound]
'AspisV8R18.retained_characterization' depends on axioms: [propext, Classical.choice, Quot.sound]
'AspisV8R18.join_split' depends on axioms: [propext, Classical.choice, Quot.sound]
'AspisV8R18.split_join' depends on axioms: [propext, Classical.choice, Quot.sound]
'AspisV8R18.shared_pairing' depends on axioms: [propext, Quot.sound]
'AspisV8R18.sparse_transport_cancel' depends on axioms: [propext, Classical.choice, Quot.sound]
        5.45 real         0.90 user         0.99 sys
          1458733056  maximum resident set size
                   0  average shared memory size
                   0  average unshared data size
                   0  average unshared stack size
              150433  page reclaims
               39957  page faults
                   0  swaps
                   0  block input operations
                   0  block output operations
                   0  messages sent
                   0  messages received
                   0  signals received
                6282  voluntary context switches
               30114  involuntary context switches
          3160165015  instructions retired
          1339013185  cycles elapsed
           132830672  peak memory footprint
