Started aspis-r18-world0-joint.service - /usr/bin/time -v /usr/bin/env PATH=/home/dombarker/.cargo/bin:/usr/bin:/bin CARGO_TARGET_DIR=/home/dombarker/project-offloads/aspis-v8-performance-20260908.scS2Jz/docs/research/v8-no-work-100-20260907/experiments/performance-host/target "RUSTFLAGS=--cfg v8_positive_transfer --cfg v8_complete --cfg v8_performance_fast --cfg v8_structured --cfg v8_fine_profile --cfg v8_batch_m --cfg v8_tower_batch --cfg v8_query_kernels --cfg v8_fused_rows --cfg v8_shared_weights --cfg v8_block_horner --cfg v8_gamma_wrap --cfg v8_reuse_gamma --cfg v8_grouped_linear --cfg v8_query_shared --cfg v8_range_m31 --cfg v8_range_cm31 --cfg v8_sparse_groups --cfg v8_range_dots --cfg v8_cm_schoolbook --cfg v8_prepared_schoolbook --cfg v8_quiet_profile --cfg v8_payment_extraction --cfg v8_performance --cfg v8_qm_hybrid --cfg v8_qm_lazy_c0 --cfg v8_gamma_partial -A dead_code -A unexpected_cfgs --cfg v8_circle_norm --cfg v8_chord_norm --cfg v8_joined_inverse --cfg v8_split_inverse --cfg v8_line_norm --cfg v8_quotient_fused --cfg v8_affine_primal --cfg v8_compact_workspace" ASPIS_R17_PUBLIC_PREFIX_LOG=/home/dombarker/project-offloads/aspis-r18-sparse-g-20260921-c/evidence-r18-source-c/public-prefix-world0.log /home/dombarker/.cargo/bin/cargo test --offline --locked --release --jobs 2 -p aspis-prover --lib circle_candidate::r16_basis_repair::final_posterior::r18_actual_source_prefix_sparse_code_joint -- --ignored --nocapture.
warning: unused imports: `visit_copy_exceptional_terminal_links` and `visit_copy_terminal_links`
  --> crates/aspis-statement/src/constraints_v4.rs:32:5
   |
32 |     visit_copy_exceptional_terminal_links, visit_copy_links, visit_copy_terminal_links,
   |     ^^^^^^^^^^^^^^^^^^^^^^^^^^^^^^^^^^^^^                    ^^^^^^^^^^^^^^^^^^^^^^^^^
   |
   = note: `#[warn(unused_imports)]` (part of `#[warn(unused)]`) on by default
warning: unused import: `vec`
 --> crates/aspis-statement/src/pool_v1/pair_forest_copy_terminal.rs:8:25
  |
8 | use alloc::{boxed::Box, vec};
  |                         ^^^
warning: unused import: `decode_pool_v1_pair_late_public_statement_v1`
  --> crates/aspis-statement/src/pool_v1/pair_forest_terminal.rs:15:5
   |
15 |     decode_pool_v1_pair_late_public_statement_v1, decode_pool_v1_pair_verified_afterstate_v1,
   |     ^^^^^^^^^^^^^^^^^^^^^^^^^^^^^^^^^^^^^^^^^^^^
warning: unused import: `pool_v1_note_commitment`
  --> crates/aspis-statement/src/pool_v1/pair_trace.rs:50:5
   |
50 |     pool_v1_note_commitment, pool_v1_nullifier, pool_v1_tree_parent,
   |     ^^^^^^^^^^^^^^^^^^^^^^^
warning: unused imports: `trace_round_constant` and `trace_round_descriptor`
  --> crates/aspis-statement/src/state_only_poseidon.rs:18:5
   |
18 |     trace_round_constant, trace_round_descriptor, EXTERNAL_FINAL, EXTERNAL_INITIAL, INTERNAL,
   |     ^^^^^^^^^^^^^^^^^^^^  ^^^^^^^^^^^^^^^^^^^^^^
warning: type `CompiledCopyLink` is more private than the item `COMPILED_COPY_LINKS`
   --> crates/aspis-statement/src/state_only_terminal_constants.rs:850:1
    |
850 | pub(crate) const COMPILED_COPY_LINKS: [CompiledCopyLink; 102] = [
    | ^^^^^^^^^^^^^^^^^^^^^^^^^^^^^^^^^^^^^^^^^^^^^^^^^^^^^^^^^^^^^ constant `COMPILED_COPY_LINKS` is reachable at visibility `pub(crate)`
    |
note: but type `CompiledCopyLink` is only usable at visibility `pub(self)`
   --> crates/aspis-statement/src/state_only_terminal.rs:88:1
    |
 88 | struct CompiledCopyLink {
    | ^^^^^^^^^^^^^^^^^^^^^^^
    = note: `#[warn(private_interfaces)]` on by default
warning: `aspis-statement` (lib) generated 6 warnings (run `cargo fix --lib -p aspis-statement` to apply 5 suggestions)
warning: variable does not need to be mutable
    --> crates/aspis-prover/src/state_only_hiding_rank.rs:9836:13
     |
9836 |         let mut conditioned_pcs = ColumnEchelon::new(1);
     |             ----^^^^^^^^^^^^^^^
     |             |
     |             help: remove this `mut`
     |
     = note: `#[warn(unused_mut)]` (part of `#[warn(unused)]`) on by default
warning: `aspis-prover` (lib test) generated 1 warning (run `cargo fix --lib -p aspis-prover --tests` to apply 1 suggestion)
    Finished `release` profile [optimized] target(s) in 0.06s
     Running unittests src/lib.rs (/home/dombarker/project-offloads/aspis-v8-performance-20260908.scS2Jz/docs/research/v8-no-work-100-20260907/experiments/performance-host/target/release/deps/aspis_prover-f178058765835f88)
running 1 test
FINAL_POSTERIOR placement=SparseCodeJoint rows=625 variables=1022 rank=601 expected_consistency_relations=24
R18_SPARSE_CODE_PREFIX rank=601 observations=625 source_log=/home/dombarker/project-offloads/aspis-r18-sparse-g-20260921-c/evidence-r18-source-c/public-prefix-world0.log
test circle_candidate::r16_basis_repair::final_posterior::r18_actual_source_prefix_sparse_code_joint ... ok
test result: ok. 1 passed; 0 failed; 0 ignored; 0 measured; 105 filtered out; finished in 6.23s
	Command being timed: "/usr/bin/env PATH=/home/dombarker/.cargo/bin:/usr/bin:/bin CARGO_TARGET_DIR=/home/dombarker/project-offloads/aspis-v8-performance-20260908.scS2Jz/docs/research/v8-no-work-100-20260907/experiments/performance-host/target RUSTFLAGS=--cfg v8_positive_transfer --cfg v8_complete --cfg v8_performance_fast --cfg v8_structured --cfg v8_fine_profile --cfg v8_batch_m --cfg v8_tower_batch --cfg v8_query_kernels --cfg v8_fused_rows --cfg v8_shared_weights --cfg v8_block_horner --cfg v8_gamma_wrap --cfg v8_reuse_gamma --cfg v8_grouped_linear --cfg v8_query_shared --cfg v8_range_m31 --cfg v8_range_cm31 --cfg v8_sparse_groups --cfg v8_range_dots --cfg v8_cm_schoolbook --cfg v8_prepared_schoolbook --cfg v8_quiet_profile --cfg v8_payment_extraction --cfg v8_performance --cfg v8_qm_hybrid --cfg v8_qm_lazy_c0 --cfg v8_gamma_partial -A dead_code -A unexpected_cfgs --cfg v8_circle_norm --cfg v8_chord_norm --cfg v8_joined_inverse --cfg v8_split_inverse --cfg v8_line_norm --cfg v8_quotient_fused --cfg v8_affine_primal --cfg v8_compact_workspace ASPIS_R17_PUBLIC_PREFIX_LOG=/home/dombarker/project-offloads/aspis-r18-sparse-g-20260921-c/evidence-r18-source-c/public-prefix-world0.log /home/dombarker/.cargo/bin/cargo test --offline --locked --release --jobs 2 -p aspis-prover --lib circle_candidate::r16_basis_repair::final_posterior::r18_actual_source_prefix_sparse_code_joint -- --ignored --nocapture"
	User time (seconds): 6.25
	System time (seconds): 0.06
	Percent of CPU this job got: 100%
	Elapsed (wall clock) time (h:mm:ss or m:ss): 0:06.31
	Average shared text size (kbytes): 0
	Average unshared data size (kbytes): 0
	Average stack size (kbytes): 0
	Average total size (kbytes): 0
	Maximum resident set size (kbytes): 69228
	Average resident set size (kbytes): 0
	Major (requiring I/O) page faults: 0
	Minor (reclaiming a frame) page faults: 23142
	Voluntary context switches: 35
	Involuntary context switches: 42
	Swaps: 0
	File system inputs: 0
	File system outputs: 0
	Socket messages sent: 0
	Socket messages received: 0
	Signals delivered: 0
	Page size (bytes): 4096
	Exit status: 0
aspis-r18-world0-joint.service: Consumed 6.321s CPU time, 292.0K memory peak, 0B memory swap peak.

