info: r77_focused: no previous manifest, creating one from scratch
info: toolchain not updated; already up-to-date
/home/dombarker/project-offloads/aspis-r57-lean-src-20260929-a/AspisV8R19/SamplerWriteback.lean:45:14: error: Type mismatch: After simplification, term
  ht
 has type
  ∃ out,
    bounded n { slice := it.slice, i := it.i + 1 } (fun out => back (store out it.i (encodeWord a)))
        (SqueezeOracleBridge.transcriptFor H (QM31SamplerProgram.limbRun H 8 c).2.2.state)
        (SqueezeOracleBridge.encodeState (QM31SamplerProgram.limbRun H 8 c).2.2.block)
        (SamplerInnerLoop.index (encodeCursor H (QM31SamplerProgram.limbRun H 8 c).2.2)) =
      ok
        (SqueezeOracleBridge.transcriptFor H
            (QM31SamplerProgram.limbsRun H n (QM31SamplerProgram.limbRun H 8 c).2.2).2.2.state,
          some (core.result.Result.Err ()), out)
but is expected to have type
  ∃ out,
    bounded n { slice := it.slice, i := it.i + 1 } (fun out => back (store out it.i (encodeWord a)))
        (SqueezeOracleBridge.transcriptFor H (QM31SamplerProgram.limbRun H 8 c).2.2.state)
        (SqueezeOracleBridge.encodeState (QM31SamplerProgram.limbRun H 8 c).2.2.block)
        (SamplerInnerLoop.index
          { state := SqueezeOracleBridge.transcriptFor H (QM31SamplerProgram.limbRun H 8 c).2.2.state,
            block := SqueezeOracleBridge.encodeState (QM31SamplerProgram.limbRun H 8 c).2.2.block,
            index := (QM31SamplerProgram.limbRun H 8 c).2.2.index }) =
      ok
        (SqueezeOracleBridge.transcriptFor H
            (QM31SamplerProgram.limbsRun H n (QM31SamplerProgram.limbRun H 8 c).2.2).2.2.state,
          some (core.result.Result.Err ()), out)
/home/dombarker/project-offloads/aspis-r57-lean-src-20260929-a/AspisV8R19/SamplerWriteback.lean:47:14: error: Type mismatch: After simplification, term
  ht
 has type
  @Eq (Result Output)
    (bounded n { slice := it.slice, i := it.i + 1 } (fun out => back (store out it.i (encodeWord a)))
      (SqueezeOracleBridge.transcriptFor H (QM31SamplerProgram.limbRun H 8 c).2.2.state)
      (SqueezeOracleBridge.encodeState (QM31SamplerProgram.limbRun H 8 c).2.2.block)
      (SamplerInnerLoop.index (encodeCursor H (QM31SamplerProgram.limbRun H 8 c).2.2)))
    (ok
      (SqueezeOracleBridge.transcriptFor H
          (QM31SamplerProgram.limbsRun H n (QM31SamplerProgram.limbRun H 8 c).2.2).2.2.state,
        none, back (store (writeValues { slice := it.slice, i := it.i + 1 } vs) it.i (encodeWord a))))
but is expected to have type
  @Eq (Result Output)
    (bounded n { slice := it.slice, i := it.i + 1 } (fun out => back (store out it.i (encodeWord a)))
      (SqueezeOracleBridge.transcriptFor H (QM31SamplerProgram.limbRun H 8 c).2.2.state)
      (SqueezeOracleBridge.encodeState (QM31SamplerProgram.limbRun H 8 c).2.2.block)
      (SamplerInnerLoop.index
        { state := SqueezeOracleBridge.transcriptFor H (QM31SamplerProgram.limbRun H 8 c).2.2.state,
          block := SqueezeOracleBridge.encodeState (QM31SamplerProgram.limbRun H 8 c).2.2.block,
          index := (QM31SamplerProgram.limbRun H 8 c).2.2.index }))
    (ok
      (SqueezeOracleBridge.transcriptFor H
          (QM31SamplerProgram.limbsRun H n (QM31SamplerProgram.limbRun H 8 c).2.2).2.2.state,
        none, back (store (writeValues { slice := it.slice, i := it.i + 1 } vs) it.i (encodeWord a))))
/home/dombarker/project-offloads/aspis-r57-lean-src-20260929-a/AspisV8R19/SamplerWriteback.lean:56:54: error: unexpected identifier; expected '}'
'AspisV8R19.SamplerWriteback.bounded_matches' depends on axioms: [propext,
 sorryAx,
 Classical.choice,
 Quot.sound,
 core.fmt.Formatter]
'AspisV8R19.SamplerWriteback.written_four' depends on axioms: [propext, Classical.choice, Quot.sound]
'AspisV8R19.SamplerWriteback.finish_four' depends on axioms: [propext, sorryAx, Classical.choice, Quot.sound]
Command exited with non-zero status 1
	Command being timed: "/home/dombarker/.elan/bin/lake env lean -j1 -M4500 -R /home/dombarker/project-offloads/aspis-r57-lean-src-20260929-a -o /home/dombarker/project-offloads/aspis-r77-write-20260929-a/lib/AspisV8R19/SamplerWriteback.olean /home/dombarker/project-offloads/aspis-r57-lean-src-20260929-a/AspisV8R19/SamplerWriteback.lean"
	User time (seconds): 1.33
	System time (seconds): 0.56
	Percent of CPU this job got: 101%
	Elapsed (wall clock) time (h:mm:ss or m:ss): 0:01.87
	Average shared text size (kbytes): 0
	Average unshared data size (kbytes): 0
	Average stack size (kbytes): 0
	Average total size (kbytes): 0
	Maximum resident set size (kbytes): 3693680
	Average resident set size (kbytes): 0
	Major (requiring I/O) page faults: 0
	Minor (reclaiming a frame) page faults: 86112
	Voluntary context switches: 784
	Involuntary context switches: 82
	Swaps: 0
	File system inputs: 0
	File system outputs: 64
	Socket messages sent: 0
	Socket messages received: 0
	Signals delivered: 0
	Page size (bytes): 4096
	Exit status: 1
