Warning: Permanently added '100.108.41.90' (ED25519) to the list of known hosts.
Running as unit: aspis-focus-1791112663684416000.service; invocation ID: 2c8fe8acf5ed499da26feca7a0c289d8
/home/dombarker/project-offloads/aspis-r57-lean-src-20260929-a/AspisV8R19/R646CombineLoopExecution.lean:25:4: warning: try 'simp' instead of 'simpa'

Note: This linter can be disabled with `set_option linter.unnecessarySimpa false`
/home/dombarker/project-offloads/aspis-r57-lean-src-20260929-a/AspisV8R19/R646CombineLoopExecution.lean:45:12: warning: This simp argument is unused:
  UScalar.size

Hint: Omit it from the simp argument list.
  simp [̵U̵S̵c̵a̵l̵a̵r̵.̵s̵i̵z̵e̵,̵ ̵U̵s̵i̵z̵e̵.̵s̵i̵z̵e̵,̵[̲U̲s̲i̲z̲e̲.̲s̲i̲z̲e̲,̲ Usize.numBits, UScalarTy.Usize_numBits_eq, hp]

Note: This linter can be disabled with `set_option linter.unusedSimpArgs false`
/home/dombarker/project-offloads/aspis-r57-lean-src-20260929-a/AspisV8R19/R646CombineLoopExecution.lean:57:12: warning: This simp argument is unused:
  UScalar.size

Hint: Omit it from the simp argument list.
  simp [̵U̵S̵c̵a̵l̵a̵r̵.̵s̵i̵z̵e̵,̵ ̵U̵s̵i̵z̵e̵.̵s̵i̵z̵e̵,̵[̲U̲s̲i̲z̲e̲.̲s̲i̲z̲e̲,̲ Usize.numBits, UScalarTy.Usize_numBits_eq, hp]

Note: This linter can be disabled with `set_option linter.unusedSimpArgs false`
/home/dombarker/project-offloads/aspis-r57-lean-src-20260929-a/AspisV8R19/R646CombineLoopExecution.lean:131:8: error: omega could not prove the goal:
a possible counterexample may satisfy the constraints
  a ≥ 201
where
 a := ↑Usize.size
/home/dombarker/project-offloads/aspis-r57-lean-src-20260929-a/AspisV8R19/R646CombineLoopExecution.lean:131:8: error: omega could not prove the goal:
a possible counterexample may satisfy the constraints
  a ≥ 201
where
 a := ↑Usize.size
/home/dombarker/project-offloads/aspis-r57-lean-src-20260929-a/AspisV8R19/R646CombineLoopExecution.lean:131:8: error: omega could not prove the goal:
a possible counterexample may satisfy the constraints
  a ≥ 201
where
 a := ↑Usize.size
/home/dombarker/project-offloads/aspis-r57-lean-src-20260929-a/AspisV8R19/R646CombineLoopExecution.lean:131:8: error: omega could not prove the goal:
a possible counterexample may satisfy the constraints
  a ≥ 201
where
 a := ↑Usize.size
/home/dombarker/project-offloads/aspis-r57-lean-src-20260929-a/AspisV8R19/R646CombineLoopExecution.lean:129:6: warning: This simp argument is unused:
  hsize

Hint: Omit it from the simp argument list.
  simp [sourceC1Chunk, core.array.Array.index, core.ops.index.IndexSlice,
        core.slice.index.SliceIndexRangeUsizeSlice, core.array.TryFromSharedArraySlice.try_from,
        core.slice.index.SliceIndexRangeUsizeSlice.index, UScalar.le_equiv,
  ̵  ̵ ̵ ̵ ̵ ̵core.result.Result.unwrap,
  ̲  ̲ ̲ ̲ ̲ ̲Array.to_slice, Slice.length, Slice.len, List.slice,
  ̵  ̵ ̵ ̵ ̵ ̵List.length_take, List.length_drop,
  ̲  ̲ ̲ ̲ ̲ ̲hc1len,
  ̵  ̵ ̵ ̵ ̵ ̵c1Chunk, Array.make, lift,
  ̵  ̵ ̵ ̵ ̵ ̵hs̵i̵z̵e̵,̵ ̵h̵mod0, hmod26, hmod52, hmod78, hmod104,
  ̵  ̵ ̵ ̵ ̵ ̵hmul0, hmul1,
  ̲  ̲ ̲ ̲ ̲ ̲hmul2, hmul3, hmul4, hadd01, hadd12, hadd23, hadd34]

Note: This linter can be disabled with `set_option linter.unusedSimpArgs false`
/home/dombarker/project-offloads/aspis-r57-lean-src-20260929-a/AspisV8R19/R646CombineLoopExecution.lean:129:13: warning: This simp argument is unused:
  hmod0

Hint: Omit it from the simp argument list.
  simp [sourceC1Chunk, core.array.Array.index, core.ops.index.IndexSlice,
        core.slice.index.SliceIndexRangeUsizeSlice, core.array.TryFromSharedArraySlice.try_from,
        core.slice.index.SliceIndexRangeUsizeSlice.index, UScalar.le_equiv, core.result.Result.unwrap,
  ̲  ̲ ̲ ̲ ̲ ̲Array.to_slice, Slice.length, Slice.len, List.slice, List.length_take, List.length_drop,
  ̲  ̲ ̲ ̲ ̲ ̲hc1len, c1Chunk, Array.make, lift, hsize, h̵m̵o̵d̵0̵,̵ ̵hmod26, hmod52, hmod78, hmod104, hmul0, hmul1,
  ̲  ̲ ̲ ̲ ̲ ̲hmul2, hmul3, hmul4, hadd01, hadd12, hadd23, hadd34]

Note: This linter can be disabled with `set_option linter.unusedSimpArgs false`
/home/dombarker/project-offloads/aspis-r57-lean-src-20260929-a/AspisV8R19/R646CombineLoopExecution.lean:130:34: warning: This simp argument is unused:
  hmul4

Hint: Omit it from the simp argument list.
  simp [sourceC1Chunk, core.array.Array.index, core.ops.index.IndexSlice,
        core.slice.index.SliceIndexRangeUsizeSlice, core.array.TryFromSharedArraySlice.try_from,
        core.slice.index.SliceIndexRangeUsizeSlice.index, UScalar.le_equiv,
  ̵  ̵ ̵ ̵ ̵ ̵core.result.Result.unwrap,
  ̲  ̲ ̲ ̲ ̲ ̲Array.to_slice, Slice.length, Slice.len, List.slice,
  ̵  ̵ ̵ ̵ ̵ ̵List.length_take, List.length_drop,
  ̲  ̲ ̲ ̲ ̲ ̲hc1len,
  ̵  ̵ ̵ ̵ ̵ ̵c1Chunk, Array.make, lift,
  ̵  ̵ ̵ ̵ ̵ ̵hsize, hmod0, hmod26, hmod52, hmod78, hmod104,
  ̵  ̵ ̵ ̵ ̵ ̵hmul0,
  ̲  ̲ ̲ ̲ ̲ ̲hmul1, hmul2, hmul3, hm̵u̵l̵4̵,̵ ̵h̵add01, hadd12, hadd23, hadd34]

Note: This linter can be disabled with `set_option linter.unusedSimpArgs false`
Command exited with non-zero status 1
	Command being timed: "/home/dombarker/.elan/bin/lake --dir /home/dombarker/project-offloads/aspis-r126-release-20260930-a/focus-workspace env lean -j1 -M4500 -R /home/dombarker/project-offloads/aspis-r57-lean-src-20260929-a -o /home/dombarker/project-offloads/aspis-r126-release-20260930-a/lib/AspisV8R19/R646CombineLoopExecution.olean /home/dombarker/project-offloads/aspis-r57-lean-src-20260929-a/AspisV8R19/R646CombineLoopExecution.lean"
	User time (seconds): 2.31
	System time (seconds): 0.37
	Percent of CPU this job got: 100%
	Elapsed (wall clock) time (h:mm:ss or m:ss): 0:02.68
	Average shared text size (kbytes): 0
	Average unshared data size (kbytes): 0
	Average stack size (kbytes): 0
	Average total size (kbytes): 0
	Maximum resident set size (kbytes): 3757712
	Average resident set size (kbytes): 0
	Major (requiring I/O) page faults: 0
	Minor (reclaiming a frame) page faults: 87338
	Voluntary context switches: 683
	Involuntary context switches: 82
	Swaps: 0
	File system inputs: 0
	File system outputs: 0
	Socket messages sent: 0
	Socket messages received: 0
	Signals delivered: 0
	Page size (bytes): 4096
	Exit status: 1
Finished with result: exit-code
Main processes terminated with: code=exited/status=1
Service runtime: 2.714s
CPU time consumed: 2.722s
Memory peak: 256.0K
Memory swap peak: 0B
