Warning: Permanently added '100.108.41.90' (ED25519) to the list of known hosts.
Running as unit: aspis-focus-1791109795462447000.service; invocation ID: ffa432551ea947279674589a1268efad
/home/dombarker/project-offloads/aspis-r57-lean-src-20260929-a/AspisV8R19/R641PackedByteConcat.lean:87:10: error: maximum recursion depth has been reached
use `set_option maxRecDepth <num>` to increase limit
use `set_option diagnostics true` to get diagnostic information
/home/dombarker/project-offloads/aspis-r57-lean-src-20260929-a/AspisV8R19/R641PackedByteConcat.lean:94:18: error: Tactic `rewrite` failed: Did not find an occurrence of the pattern
  (?x >>> ?i).getLsbD ?j
in the target expression
  ((core.num.U64.from_le_bytes (eight b 23 word3._proof_2)).bv.ushiftRight 8).getLsbD (i - 192) = false

case neg
b : Std.Array U8 31#usize
i : ℕ
hi : i < 256
h0 : ¬i < 64
h1 : ¬i < 128
h2 : ¬i < 192
h248 : ¬i < 248
hs : ↑8#u32 % 64 = 8
⊢ ((core.num.U64.from_le_bytes (eight b 23 word3._proof_2)).bv.ushiftRight 8).getLsbD (i - 192) = false
'AspisV8R19.R641PackedByteConcat.packed_bytes_concat' depends on axioms: [propext,
 sorryAx,
 Classical.choice,
 Quot.sound]
Command exited with non-zero status 1
	Command being timed: "/home/dombarker/.elan/bin/lake --dir /home/dombarker/project-offloads/aspis-r126-release-20260930-a/focus-workspace env lean -j1 -M4500 -R /home/dombarker/project-offloads/aspis-r57-lean-src-20260929-a -o /home/dombarker/project-offloads/aspis-r126-release-20260930-a/lib/AspisV8R19/R641PackedByteConcat.olean /home/dombarker/project-offloads/aspis-r57-lean-src-20260929-a/AspisV8R19/R641PackedByteConcat.lean"
	User time (seconds): 1.64
	System time (seconds): 0.38
	Percent of CPU this job got: 100%
	Elapsed (wall clock) time (h:mm:ss or m:ss): 0:02.02
	Average shared text size (kbytes): 0
	Average unshared data size (kbytes): 0
	Average stack size (kbytes): 0
	Average total size (kbytes): 0
	Maximum resident set size (kbytes): 3754484
	Average resident set size (kbytes): 0
	Major (requiring I/O) page faults: 0
	Minor (reclaiming a frame) page faults: 88302
	Voluntary context switches: 912
	Involuntary context switches: 76
	Swaps: 0
	File system inputs: 0
	File system outputs: 0
	Socket messages sent: 0
	Socket messages received: 0
	Signals delivered: 0
	Page size (bytes): 4096
	Exit status: 1
Finished with result: exit-code
Main processes terminated with: code=exited/status=1
Service runtime: 2.045s
CPU time consumed: 2.055s
Memory peak: 552.0K
Memory swap peak: 0B
