Warning: Permanently added '100.108.41.90' (ED25519) to the list of known hosts.
Running as unit: aspis-focus-1791035129444087000.service; invocation ID: 6c593d5dad4a4c3994030763f49c9821
/home/dombarker/project-offloads/aspis-r57-lean-src-20260929-a/AspisV8R19/R476WordConstructorExecution.lean:41:4: warning: try 'simp' instead of 'simpa'

Note: This linter can be disabled with `set_option linter.unnecessarySimpa false`
/home/dombarker/project-offloads/aspis-r57-lean-src-20260929-a/AspisV8R19/R476WordConstructorExecution.lean:118:36: warning: This simp argument is unused:
  word_length_eq_iff

Hint: Omit it from the simp argument list.
  simp [command, R472CheckedConstructor.command, evalCommand,
                decodeLocals, hs, hm, w̵o̵r̵d̵_̵l̵e̵n̵g̵t̵h̵_̵e̵q̵_̵i̵f̵f̵,̵ ̵put_decode]

Note: This linter can be disabled with `set_option linter.unusedSimpArgs false`
/home/dombarker/project-offloads/aspis-r57-lean-src-20260929-a/AspisV8R19/R476WordConstructorExecution.lean:122:63: warning: This simp argument is unused:
  evalCommand

Hint: Omit it from the simp argument list.
  simp [command, R472CheckedConstructor.command, e̵v̵a̵l̵C̵o̵m̵m̵a̵n̵d̵,̵ ̵decodeLocals, hs]

Note: This linter can be disabled with `set_option linter.unusedSimpArgs false`
/home/dombarker/project-offloads/aspis-r57-lean-src-20260929-a/AspisV8R19/R476WordConstructorExecution.lean:188:77: warning: This simp argument is unused:
  ihTrue

Hint: Omit it from the simp argument list.
  simp [program, R472CheckedConstructor.program, hg, ihT̵r̵u̵e̵,̵ ̵i̵h̵False]

Note: This linter can be disabled with `set_option linter.unusedSimpArgs false`
/home/dombarker/project-offloads/aspis-r57-lean-src-20260929-a/AspisV8R19/R476WordConstructorExecution.lean:188:85: warning: This simp argument is unused:
  ihFalse

Hint: Omit it from the simp argument list.
  simp [program, R472CheckedConstructor.program, hg, ihTrue,̵ ̵i̵h̵F̵a̵l̵s̵e̵]

Note: This linter can be disabled with `set_option linter.unusedSimpArgs false`
'AspisV8R19.R476WordConstructorExecution.command_decode' depends on axioms: [propext, Quot.sound]
'AspisV8R19.R476WordConstructorExecution.program_decode' depends on axioms: [propext, Classical.choice, Quot.sound]
	Command being timed: "/home/dombarker/.elan/bin/lake --dir /home/dombarker/project-offloads/aspis-r126-release-20260930-a/focus-workspace env lean -j1 -M4500 -R /home/dombarker/project-offloads/aspis-r57-lean-src-20260929-a -o /home/dombarker/project-offloads/aspis-r126-release-20260930-a/lib/AspisV8R19/R476WordConstructorExecution.olean /home/dombarker/project-offloads/aspis-r57-lean-src-20260929-a/AspisV8R19/R476WordConstructorExecution.lean"
	User time (seconds): 14.94
	System time (seconds): 0.29
	Percent of CPU this job got: 100%
	Elapsed (wall clock) time (h:mm:ss or m:ss): 0:15.23
	Average shared text size (kbytes): 0
	Average unshared data size (kbytes): 0
	Average stack size (kbytes): 0
	Average total size (kbytes): 0
	Maximum resident set size (kbytes): 2565052
	Average resident set size (kbytes): 0
	Major (requiring I/O) page faults: 0
	Minor (reclaiming a frame) page faults: 69510
	Voluntary context switches: 2458
	Involuntary context switches: 138
	Swaps: 0
	File system inputs: 0
	File system outputs: 2264
	Socket messages sent: 0
	Socket messages received: 0
	Signals delivered: 0
	Page size (bytes): 4096
	Exit status: 0
Finished with result: success
Main processes terminated with: code=exited/status=0
Service runtime: 15.262s
CPU time consumed: 15.267s
Memory peak: 256.0K
Memory swap peak: 0B
