Warning: Permanently added '100.108.41.90' (ED25519) to the list of known hosts.
Running as unit: aspis-focus-1791053323297763000.service; invocation ID: eab8b5cefd5f4af6a141378a2b92c4fe
'AspisR19.R514DegenerateGCore.source_quotient_high' depends on axioms: [propext, Classical.choice, Quot.sound]
'AspisR19.R514DegenerateGCore.selected_degree_high' depends on axioms: [propext, Quot.sound]
'AspisR19.R514DegenerateGCore.selected_slot_nonzero' depends on axioms: [propext, Quot.sound]
'AspisR19.R514DegenerateGCore.source_selected_g_zero' depends on axioms: [propext, Classical.choice, Quot.sound]
'AspisR19.R514DegenerateGCore.source_mask_coins_zero' depends on axioms: [propext, Classical.choice, Quot.sound]
	Command being timed: "/home/dombarker/.elan/bin/lake --dir /home/dombarker/project-offloads/aspis-r126-release-20260930-a/focus-workspace env lean -j1 -M4500 -R /home/dombarker/project-offloads/aspis-r57-lean-src-20260929-a -o /home/dombarker/project-offloads/aspis-r126-release-20260930-a/lib/AspisV8R19/R514DegenerateGCore.olean /home/dombarker/project-offloads/aspis-r57-lean-src-20260929-a/AspisV8R19/R514DegenerateGCore.lean"
	User time (seconds): 1.05
	System time (seconds): 0.24
	Percent of CPU this job got: 99%
	Elapsed (wall clock) time (h:mm:ss or m:ss): 0:01.31
	Average shared text size (kbytes): 0
	Average unshared data size (kbytes): 0
	Average stack size (kbytes): 0
	Average total size (kbytes): 0
	Maximum resident set size (kbytes): 2297952
	Average resident set size (kbytes): 0
	Major (requiring I/O) page faults: 0
	Minor (reclaiming a frame) page faults: 53613
	Voluntary context switches: 648
	Involuntary context switches: 54
	Swaps: 0
	File system inputs: 8
	File system outputs: 384
	Socket messages sent: 0
	Socket messages received: 0
	Signals delivered: 0
	Page size (bytes): 4096
	Exit status: 0
Finished with result: success
Main processes terminated with: code=exited/status=0
Service runtime: 1.336s
CPU time consumed: 1.334s
Memory peak: 516.0K
Memory swap peak: 0B
