Warning: Permanently added '100.108.41.90' (ED25519) to the list of known hosts.
Running as unit: aspis-focus-1791162132584810000-860c53a169a1.service; invocation ID: aba11bb3affa44edb7b2fc47b29f9daa
/home/dombarker/project-offloads/aspis-r57-lean-src-20260929-a/AspisV8R19/R838SourceWeightDegree.lean:92:5: warning: Variable name `hwoGather` is not explicitly referenced.

The binding can be removed (if unused) or named `_` (if used implicitly).

Note: This linter can be disabled with `set_option linter.unusedVariables false`
'AspisV8R19.R838SourceWeightDegree.sourceGather_degree' depends on axioms: [propext, Classical.choice, Quot.sound]
'AspisV8R19.R838SourceWeightDegree.sourceChordTranspose_degree' depends on axioms: [propext,
 Classical.choice,
 Quot.sound]
	Command being timed: "/home/dombarker/.elan/bin/lake --dir /home/dombarker/project-offloads/aspis-r126-release-20260930-a/focus-workspace env lean -j1 -M4500 -R /home/dombarker/project-offloads/aspis-r57-lean-src-20260929-a -o /home/dombarker/project-offloads/aspis-r126-release-20260930-a/lib/AspisV8R19/R838SourceWeightDegree.olean /home/dombarker/project-offloads/aspis-r57-lean-src-20260929-a/AspisV8R19/R838SourceWeightDegree.lean"
	User time (seconds): 1.45
	System time (seconds): 0.40
	Percent of CPU this job got: 100%
	Elapsed (wall clock) time (h:mm:ss or m:ss): 0:01.85
	Average shared text size (kbytes): 0
	Average unshared data size (kbytes): 0
	Average stack size (kbytes): 0
	Average total size (kbytes): 0
	Maximum resident set size (kbytes): 3309572
	Average resident set size (kbytes): 0
	Major (requiring I/O) page faults: 0
	Minor (reclaiming a frame) page faults: 78502
	Voluntary context switches: 732
	Involuntary context switches: 59
	Swaps: 0
	File system inputs: 0
	File system outputs: 304
	Socket messages sent: 0
	Socket messages received: 0
	Signals delivered: 0
	Page size (bytes): 4096
	Exit status: 0
Finished with result: success
Main processes terminated with: code=exited/status=0
Service runtime: 1.886s
CPU time consumed: 1.887s
Memory peak: 512.0K
Memory swap peak: 0B
