Warning: Permanently added '100.108.41.90' (ED25519) to the list of known hosts.
Running as unit: aspis-focus-1791161990733790000-105bf3ae9296.service; invocation ID: 35eb70cfc7884accb599f72186b0b0fd
/home/dombarker/project-offloads/aspis-r57-lean-src-20260929-a/AspisV8R19/R838SourceWeightDegree.lean:15:36: error: Application type mismatch: The argument
  JointPoly
has type
  (F : Type ?u.5) → [CommRing F] → Type ?u.5
but is expected to have type
  Type ?u.5
in the application
  List JointPoly
/home/dombarker/project-offloads/aspis-r57-lean-src-20260929-a/AspisV8R19/R838SourceWeightDegree.lean:16:21: error(lean.invalidField): Invalid field notation: Type of
  x
is not known; cannot resolve field `totalDegree`

Hint: Consider replacing the field projection `.totalDegree` with a call to the function `totalDegree`.
/home/dombarker/project-offloads/aspis-r57-lean-src-20260929-a/AspisV8R19/R838SourceWeightDegree.lean:32:23: warning: try 'simp' instead of 'simpa'

Note: This linter can be disabled with `set_option linter.unnecessarySimpa false`
/home/dombarker/project-offloads/aspis-r57-lean-src-20260929-a/AspisV8R19/R838SourceWeightDegree.lean:38:8: error(lean.unknownIdentifier): Unknown identifier `list_sum_degree_le`
/home/dombarker/project-offloads/aspis-r57-lean-src-20260929-a/AspisV8R19/R838SourceWeightDegree.lean:39:8: error: No goals to be solved
/home/dombarker/project-offloads/aspis-r57-lean-src-20260929-a/AspisV8R19/R838SourceWeightDegree.lean:72:56: error: Application type mismatch: The argument
  we
has type
  ℕ → JointPoly F
but is expected to have type
  ℕ → JointPoly (JointPoly F)
in the application
  sourceGather_degree half we
/home/dombarker/project-offloads/aspis-r57-lean-src-20260929-a/AspisV8R19/R838SourceWeightDegree.lean:115:6: error: Type mismatch
  zeroExtend_degree_le 512 (fun j => w (2 * j)) D (fun j => hw (2 * j)) n
has type
  totalDegree (zeroExtend 512 (fun j => w (2 * j)) n) ≤ D
but is expected to have type
  ∀ (i : ℕ), (zeroExtend 512 (fun i => w (2 * i)) i).totalDegree ≤ D
/home/dombarker/project-offloads/aspis-r57-lean-src-20260929-a/AspisV8R19/R838SourceWeightDegree.lean:116:6: error: Type mismatch
  zeroExtend_degree_le 512 (fun j => w (2 * j + 1)) D (fun j => hw (2 * j + 1)) n
has type
  totalDegree (zeroExtend 512 (fun j => w (2 * j + 1)) n) ≤ D
but is expected to have type
  ∀ (i : ℕ), (zeroExtend 512 (fun i => w (2 * i + 1)) i).totalDegree ≤ D
/home/dombarker/project-offloads/aspis-r57-lean-src-20260929-a/AspisV8R19/R838SourceWeightDegree.lean:130:31: error: Application type mismatch: The argument
  C half
has type
  MvPolynomial (Fin 15) F
but is expected to have type
  JointPoly (MvPolynomial (Fin 15) F)
in the application
  sourceGather (C half)
/home/dombarker/project-offloads/aspis-r57-lean-src-20260929-a/AspisV8R19/R838SourceWeightDegree.lean:130:80: error: Type mismatch
  w (2 * m)
has type
  JointPoly F
but is expected to have type
  JointPoly (MvPolynomial (Fin 15) F)
/home/dombarker/project-offloads/aspis-r57-lean-src-20260929-a/AspisV8R19/R838SourceWeightDegree.lean:132:36: error: Type mismatch
  w (2 * m)
has type
  JointPoly F
but is expected to have type
  JointPoly (MvPolynomial (Fin 15) F)
/home/dombarker/project-offloads/aspis-r57-lean-src-20260929-a/AspisV8R19/R838SourceWeightDegree.lean:131:20: error: (deterministic) timeout at `whnf`, maximum number of heartbeats (200000) has been reached

Note: Use `set_option maxHeartbeats <num>` to set the limit.

Hint: Additional diagnostic information may be available using the `set_option diagnostics true` command.
/home/dombarker/project-offloads/aspis-r57-lean-src-20260929-a/AspisV8R19/R838SourceWeightDegree.lean:136:4: error: (deterministic) timeout at `«tactic execution»`, maximum number of heartbeats (200000) has been reached

Note: Use `set_option maxHeartbeats <num>` to set the limit.

Hint: Additional diagnostic information may be available using the `set_option diagnostics true` command.
/home/dombarker/project-offloads/aspis-r57-lean-src-20260929-a/AspisV8R19/R838SourceWeightDegree.lean:132:39: error: (deterministic) timeout at `«synthesize pending MVars»`, maximum number of heartbeats (200000) has been reached

Note: Use `set_option maxHeartbeats <num>` to set the limit.

Hint: Additional diagnostic information may be available using the `set_option diagnostics true` command.
'AspisV8R19.R838SourceWeightDegree.sourceGather_degree' depends on axioms: [propext,
 sorryAx,
 Classical.choice,
 Quot.sound]
'AspisV8R19.R838SourceWeightDegree.sourceChordTranspose_degree' depends on axioms: [propext,
 sorryAx,
 Classical.choice,
 Quot.sound]
Command exited with non-zero status 1
	Command being timed: "/home/dombarker/.elan/bin/lake --dir /home/dombarker/project-offloads/aspis-r126-release-20260930-a/focus-workspace env lean -j1 -M4500 -R /home/dombarker/project-offloads/aspis-r57-lean-src-20260929-a -o /home/dombarker/project-offloads/aspis-r126-release-20260930-a/lib/AspisV8R19/R838SourceWeightDegree.olean /home/dombarker/project-offloads/aspis-r57-lean-src-20260929-a/AspisV8R19/R838SourceWeightDegree.lean"
	User time (seconds): 11.62
	System time (seconds): 0.39
	Percent of CPU this job got: 100%
	Elapsed (wall clock) time (h:mm:ss or m:ss): 0:12.01
	Average shared text size (kbytes): 0
	Average unshared data size (kbytes): 0
	Average stack size (kbytes): 0
	Average total size (kbytes): 0
	Maximum resident set size (kbytes): 3307556
	Average resident set size (kbytes): 0
	Major (requiring I/O) page faults: 0
	Minor (reclaiming a frame) page faults: 81204
	Voluntary context switches: 804
	Involuntary context switches: 150
	Swaps: 0
	File system inputs: 0
	File system outputs: 0
	Socket messages sent: 0
	Socket messages received: 0
	Signals delivered: 0
	Page size (bytes): 4096
	Exit status: 1
Finished with result: exit-code
Main processes terminated with: code=exited/status=1
Service runtime: 12.038s
CPU time consumed: 12.045s
Memory peak: 328.0K
Memory swap peak: 0B
