Warning: Permanently added '100.108.41.90' (ED25519) to the list of known hosts.
Running as unit: aspis-focus-1790940987638478000.service; invocation ID: 6ab0b6b9c306448eb367ef5a32ba48ac
'AspisV8R19.R353AfterGuardsCriterion.after_guards_succeeds_iff' depends on axioms: [propext,
 Classical.choice,
 Quot.sound]
'AspisV8R19.R353AfterGuardsCriterion.after_guards_assertion_failure_iff' depends on axioms: [propext,
 Classical.choice,
 Quot.sound]
'AspisV8R19.R353AfterGuardsCriterion.after_guards_failure_has_zero_iff' depends on axioms: [propext,
 Classical.choice,
 Quot.sound]
	Command being timed: "/home/dombarker/.elan/bin/lake --dir /home/dombarker/project-offloads/aspis-r126-release-20260930-a/focus-workspace env lean -j1 -M4500 -R /home/dombarker/project-offloads/aspis-r57-lean-src-20260929-a -o /home/dombarker/project-offloads/aspis-r126-release-20260930-a/lib/AspisV8R19/R353AfterGuardsCriterion.olean /home/dombarker/project-offloads/aspis-r57-lean-src-20260929-a/AspisV8R19/R353AfterGuardsCriterion.lean"
	User time (seconds): 1.15
	System time (seconds): 0.40
	Percent of CPU this job got: 100%
	Elapsed (wall clock) time (h:mm:ss or m:ss): 0:01.55
	Average shared text size (kbytes): 0
	Average unshared data size (kbytes): 0
	Average stack size (kbytes): 0
	Average total size (kbytes): 0
	Maximum resident set size (kbytes): 3712312
	Average resident set size (kbytes): 0
	Major (requiring I/O) page faults: 0
	Minor (reclaiming a frame) page faults: 86216
	Voluntary context switches: 506
	Involuntary context switches: 55
	Swaps: 0
	File system inputs: 0
	File system outputs: 176
	Socket messages sent: 0
	Socket messages received: 0
	Signals delivered: 0
	Page size (bytes): 4096
	Exit status: 0
Finished with result: success
Main processes terminated with: code=exited/status=0
Service runtime: 1.582s
CPU time consumed: 1.582s
Memory peak: 288.0K
Memory swap peak: 0B
