Warning: Permanently added '100.108.41.90' (ED25519) to the list of known hosts.
Running as unit: aspis-focus-1791162201093688000-337c51041072.service; invocation ID: 636c6d93e54d43e4bdcbb8af1cfcf280
/home/dombarker/project-offloads/aspis-r57-lean-src-20260929-a/AspisV8R19/R840JointPointRowDegree.lean:20:8: warning: Overlapping instance parameters in `pointWeight_statement_degree`:

⚠️ `[Field F]` and `[Nontrivial F]` each imply `[Nontrivial F]`.
💡️ Of these, `[Nontrivial F]` may be removed.

Note: This linter can be disabled with `set_option linter.overlappingInstances false`
/home/dombarker/project-offloads/aspis-r57-lean-src-20260929-a/AspisV8R19/R840JointPointRowDegree.lean:60:6: warning: try 'simp' instead of 'simpa'

Note: This linter can be disabled with `set_option linter.unnecessarySimpa false`
/home/dombarker/project-offloads/aspis-r57-lean-src-20260929-a/AspisV8R19/R840JointPointRowDegree.lean:97:2: error: Tactic `simp` failed with a nested error:
maximum recursion depth has been reached
use `set_option maxRecDepth <num>` to increase limit
use `set_option diagnostics true` to get diagnostic information
/home/dombarker/project-offloads/aspis-r57-lean-src-20260929-a/AspisV8R19/R840JointPointRowDegree.lean:54:8: warning: Overlapping instance parameters in `point_row_polynomialEntry_totalDegree_le`:

⚠️ `[Field F]` and `[Nontrivial F]` each imply `[Nontrivial F]`.
💡️ Of these, `[Nontrivial F]` may be removed.

Note: This linter can be disabled with `set_option linter.overlappingInstances false`
'AspisV8R19.R840JointPointRowDegree.pointWeight_statement_degree' depends on axioms: [propext,
 Classical.choice,
 Quot.sound]
'AspisV8R19.R840JointPointRowDegree.point_row_polynomialEntry_totalDegree_le' depends on axioms: [propext,
 sorryAx,
 Classical.choice,
 Quot.sound]
Command exited with non-zero status 1
	Command being timed: "/home/dombarker/.elan/bin/lake --dir /home/dombarker/project-offloads/aspis-r126-release-20260930-a/focus-workspace env lean -j1 -M4500 -R /home/dombarker/project-offloads/aspis-r57-lean-src-20260929-a -o /home/dombarker/project-offloads/aspis-r126-release-20260930-a/lib/AspisV8R19/R840JointPointRowDegree.olean /home/dombarker/project-offloads/aspis-r57-lean-src-20260929-a/AspisV8R19/R840JointPointRowDegree.lean"
	User time (seconds): 2.83
	System time (seconds): 0.39
	Percent of CPU this job got: 99%
	Elapsed (wall clock) time (h:mm:ss or m:ss): 0:03.23
	Average shared text size (kbytes): 0
	Average unshared data size (kbytes): 0
	Average stack size (kbytes): 0
	Average total size (kbytes): 0
	Maximum resident set size (kbytes): 3294936
	Average resident set size (kbytes): 0
	Major (requiring I/O) page faults: 0
	Minor (reclaiming a frame) page faults: 78563
	Voluntary context switches: 693
	Involuntary context switches: 74
	Swaps: 0
	File system inputs: 8
	File system outputs: 0
	Socket messages sent: 0
	Socket messages received: 0
	Signals delivered: 0
	Page size (bytes): 4096
	Exit status: 1
Finished with result: exit-code
Main processes terminated with: code=exited/status=1
Service runtime: 3.260s
CPU time consumed: 3.258s
Memory peak: 288.0K
Memory swap peak: 0B
