Warning: Permanently added '100.108.41.90' (ED25519) to the list of known hosts.
Running as unit: aspis-focus-1791105033788706000.service; invocation ID: 3363895ee73c4ae88978d8e9b4ad5efe
/home/dombarker/project-offloads/aspis-r57-lean-src-20260929-a/AspisV8R19/R624DecoderInnerExecution.lean:106:10: error: Tactic `rewrite` failed: Did not find an occurrence of the pattern
  AspisR614SelectedCombineBeta.query_arithmetic.r55_decode_into_loop0_loop0.body block v iter out invalid
in the target expression
  (match
      match (iter, out, invalid) with
      | (iter1, out1, invalid1) =>
        AspisR614SelectedCombineBeta.query_arithmetic.r55_decode_into_loop0_loop0.body block v iter1 out1 invalid1 with
    | ok r =>
      match r with
      | cont x =>
        loop
          (fun x =>
            match x with
            | (iter1, out1, invalid1) =>
              AspisR614SelectedCombineBeta.query_arithmetic.r55_decode_into_loop0_loop0.body block v iter1 out1
                invalid1)
          x
      | done x => ok x
    | fail e => fail e
    | div => div) =
    wordRun block v (n + 1) iter out invalid

case succ
N block : Usize
v : Std.Array U64 8#usize
n : ℕ
ih :
  ∀ (iter : DecoderIter) (out : Std.Array U32 N) (invalid : U32),
    ↑iter.end - ↑iter.start = n →
      AspisR614SelectedCombineBeta.query_arithmetic.r55_decode_into_loop0_loop0 iter out invalid block v =
        wordRun block v n iter out invalid
iter : DecoderIter
out : Std.Array U32 N
invalid : U32
hn : ↑iter.end - ↑iter.start = n + 1
hlt : ↑iter.start < ↑iter.end
iter1 : DecoderIter := { start := UScalar.ofNatCore (↑iter.start + 1) ⋯, «end» := iter.end }
hn1 : ↑iter1.end - ↑iter1.start = n
hbody :
  AspisR614SelectedCombineBeta.query_arithmetic.r55_decode_into_loop0_loop0.body block v iter out invalid = do
    let __x ← wordStep block v iter.start out invalid
    match __x with
      | (out1, invalid1) => ok (cont (iter1, out1, invalid1))
⊢ (match
      match (iter, out, invalid) with
      | (iter1, out1, invalid1) =>
        AspisR614SelectedCombineBeta.query_arithmetic.r55_decode_into_loop0_loop0.body block v iter1 out1 invalid1 with
    | ok r =>
      match r with
      | cont x =>
        loop
          (fun x =>
            match x with
            | (iter1, out1, invalid1) =>
              AspisR614SelectedCombineBeta.query_arithmetic.r55_decode_into_loop0_loop0.body block v iter1 out1
                invalid1)
          x
      | done x => ok x
    | fail e => fail e
    | div => div) =
    wordRun block v (n + 1) iter out invalid
'AspisV8R19.R624DecoderInnerExecution.wordStep' depends on axioms: [propext, Classical.choice, Quot.sound]
'AspisV8R19.R624DecoderInnerExecution.wordRun' depends on axioms: [propext, Classical.choice, Quot.sound]
'AspisV8R19.R624DecoderInnerExecution.body_factor' depends on axioms: [propext, Classical.choice, Quot.sound]
'AspisV8R19.R624DecoderInnerExecution.loop_exec' depends on axioms: [propext, sorryAx, Classical.choice, Quot.sound]
'AspisV8R19.R624DecoderInnerExecution.loop_exec_eight' depends on axioms: [propext,
 sorryAx,
 Classical.choice,
 Quot.sound]
Command exited with non-zero status 1
	Command being timed: "/home/dombarker/.elan/bin/lake --dir /home/dombarker/project-offloads/aspis-r126-release-20260930-a/focus-workspace env lean -j1 -M4500 -R /home/dombarker/project-offloads/aspis-r57-lean-src-20260929-a -o /home/dombarker/project-offloads/aspis-r126-release-20260930-a/lib/AspisV8R19/R624DecoderInnerExecution.olean /home/dombarker/project-offloads/aspis-r57-lean-src-20260929-a/AspisV8R19/R624DecoderInnerExecution.lean"
	User time (seconds): 1.26
	System time (seconds): 0.39
	Percent of CPU this job got: 102%
	Elapsed (wall clock) time (h:mm:ss or m:ss): 0:01.62
	Average shared text size (kbytes): 0
	Average unshared data size (kbytes): 0
	Average stack size (kbytes): 0
	Average total size (kbytes): 0
	Maximum resident set size (kbytes): 3728748
	Average resident set size (kbytes): 0
	Major (requiring I/O) page faults: 0
	Minor (reclaiming a frame) page faults: 86386
	Voluntary context switches: 908
	Involuntary context switches: 72
	Swaps: 0
	File system inputs: 0
	File system outputs: 0
	Socket messages sent: 0
	Socket messages received: 0
	Signals delivered: 0
	Page size (bytes): 4096
	Exit status: 1
Finished with result: exit-code
Main processes terminated with: code=exited/status=1
Service runtime: 1.651s
CPU time consumed: 1.691s
Memory peak: 292.0K
Memory swap peak: 0B
