Warning: Permanently added '100.108.41.90' (ED25519) to the list of known hosts.
Running as unit: aspis-focus-1791160481932003000-0bf732ad6973.service; invocation ID: b5df0e637afc447dbcdb630485924475
'AspisV8R19.R825CompleteSourceDeterminant.fixed_source_det_unit' depends on axioms: [propext,
 Classical.choice,
 Quot.sound]
'AspisV8R19.R825CompleteSourceDeterminant.fixed_source_det_ne_zero' depends on axioms: [propext,
 Classical.choice,
 Quot.sound]
'AspisV8R19.R825CompleteSourceDeterminant.chosen_source_det_ne_zero' depends on axioms: [propext,
 Classical.choice,
 Quot.sound]
'AspisV8R19.R825CompleteSourceDeterminant.selected_polynomial_det_ne_zero' depends on axioms: [propext,
 Classical.choice,
 Quot.sound]
'AspisV8R19.R825CompleteSourceDeterminant.normalized_qm31_det_ne_zero' depends on axioms: [propext,
 Classical.choice,
 Quot.sound]
	Command being timed: "/home/dombarker/.elan/bin/lake --dir /home/dombarker/project-offloads/aspis-r126-release-20260930-a/focus-workspace env lean -j1 -M4500 -R /home/dombarker/project-offloads/aspis-r57-lean-src-20260929-a -o /home/dombarker/project-offloads/aspis-r126-release-20260930-a/lib/AspisV8R19/R825CompleteSourceDeterminant.olean /home/dombarker/project-offloads/aspis-r57-lean-src-20260929-a/AspisV8R19/R825CompleteSourceDeterminant.lean"
	User time (seconds): 1.30
	System time (seconds): 0.41
	Percent of CPU this job got: 99%
	Elapsed (wall clock) time (h:mm:ss or m:ss): 0:01.72
	Average shared text size (kbytes): 0
	Average unshared data size (kbytes): 0
	Average stack size (kbytes): 0
	Average total size (kbytes): 0
	Maximum resident set size (kbytes): 3575096
	Average resident set size (kbytes): 0
	Major (requiring I/O) page faults: 106
	Minor (reclaiming a frame) page faults: 82019
	Voluntary context switches: 668
	Involuntary context switches: 57
	Swaps: 0
	File system inputs: 9920
	File system outputs: 120
	Socket messages sent: 0
	Socket messages received: 0
	Signals delivered: 0
	Page size (bytes): 4096
	Exit status: 0
Finished with result: success
Main processes terminated with: code=exited/status=0
Service runtime: 1.758s
CPU time consumed: 1.747s
Memory peak: 512.0K
Memory swap peak: 0B
