/home/dombarker/aspis-v8-clean-20260912.nFTrRf/lean/CausalPrograms.lean:23:4: warning: Variable name `n` is not explicitly referenced.

Hint: The binding can be removed (if unused) or named `_` (if used implicitly). Alternatively, prefix the name with `_` to silence this warning:
  [apply] _n

Note: This linter can be disabled with `set_option linter.unusedVariables false`
'AspisV8Completion.CausalPrograms.execute_take_equal' depends on axioms: [propext]
	Command being timed: "lake env lean -j1 -M2048 -o /home/dombarker/aspis-v8-clean-20260912.nFTrRf/certification/artifacts/CausalPrograms.olean /home/dombarker/aspis-v8-clean-20260912.nFTrRf/lean/CausalPrograms.lean"
	User time (seconds): 0.30
	System time (seconds): 0.11
	Percent of CPU this job got: 100%
	Elapsed (wall clock) time (h:mm:ss or m:ss): 0:00.41
	Average shared text size (kbytes): 0
	Average unshared data size (kbytes): 0
	Average stack size (kbytes): 0
	Average total size (kbytes): 0
	Maximum resident set size (kbytes): 791512
	Average resident set size (kbytes): 0
	Major (requiring I/O) page faults: 0
	Minor (reclaiming a frame) page faults: 21357
	Voluntary context switches: 603
	Involuntary context switches: 20
	Swaps: 0
	File system inputs: 0
	File system outputs: 512
	Socket messages sent: 0
	Socket messages received: 0
	Signals delivered: 0
	Page size (bytes): 4096
	Exit status: 0
