theorem AspisV8Completion.SourceSqueeze.realised_execution : ∀ (hash : List UInt8 → Block) (s : Block),
  execute (program s) (realisedCoins hash s) =
    [(squeezeInput s, (functional hash s).fst), (advanceInput s, (functional hash s).snd)] :=
fun hash s => Eq.refl (execute (program s) (realisedCoins hash s))
theorem AspisV8Completion.SourceSqueeze.requests_fixed : ∀ (s : Block) (coins : Fin 2 → Block),
  List.map Prod.fst (execute (program s) coins) = [squeezeInput s, advanceInput s] :=
fun s coins => Eq.refl (List.map Prod.fst (execute (program s) coins))
'AspisV8Completion.SourceSqueeze.realised_execution' depends on axioms: [propext]
'AspisV8Completion.SourceSqueeze.requests_fixed' depends on axioms: [propext]
'AspisV8Completion.SourceSqueeze.answers_preserved' depends on axioms: [propext]
'AspisV8Completion.SourceSqueeze.input_domains_distinct' depends on axioms: [propext]
'AspisV8Completion.SourceSqueeze.restore_same_oracle' depends on axioms: [propext]
	Command being timed: "lake env lean -j1 -M2048 -o /home/dombarker/aspis-v8-clean-20260912.nFTrRf/certification/artifacts/SourceSqueeze.olean /home/dombarker/aspis-v8-clean-20260912.nFTrRf/lean/SourceSqueeze.lean"
	User time (seconds): 0.21
	System time (seconds): 0.10
	Percent of CPU this job got: 100%
	Elapsed (wall clock) time (h:mm:ss or m:ss): 0:00.31
	Average shared text size (kbytes): 0
	Average unshared data size (kbytes): 0
	Average stack size (kbytes): 0
	Average total size (kbytes): 0
	Maximum resident set size (kbytes): 783032
	Average resident set size (kbytes): 0
	Major (requiring I/O) page faults: 0
	Minor (reclaiming a frame) page faults: 21219
	Voluntary context switches: 459
	Involuntary context switches: 53
	Swaps: 0
	File system inputs: 0
	File system outputs: 120
	Socket messages sent: 0
	Socket messages received: 0
	Signals delivered: 0
	Page size (bytes): 4096
	Exit status: 0
