'AspisV8Completion.SemanticWireExecution.fold_same' depends on axioms: [propext, Quot.sound]
'AspisV8Completion.SemanticWireExecution.semantic_prefix_independent' depends on axioms: [propext, Quot.sound]
'AspisV8Completion.SemanticWireExecution.suffix_independent' depends on axioms: [propext, Classical.choice, Quot.sound]
'AspisV8Completion.SemanticWireExecution.terminal_projection_excludes_D' depends on axioms: [propext,
 Classical.choice,
 Quot.sound]
        2.60 real         0.32 user         0.32 sys
           689815552  maximum resident set size
                   0  average shared memory size
                   0  average unshared data size
                   0  average unshared stack size
               24206  page reclaims
               23810  page faults
                   0  swaps
                   0  block input operations
                   0  block output operations
                   0  messages sent
                   0  messages received
                   0  signals received
                5107  voluntary context switches
               17222  involuntary context switches
           313785858  instructions retired
           123107567  cycles elapsed
            11338424  peak memory footprint
