Warning: Permanently added '100.108.41.90' (ED25519) to the list of known hosts.
Running as unit: aspis-focus-1791087962201787000.service; invocation ID: 72e9e37e45104a31bcc04b99ee780178
/home/dombarker/project-offloads/aspis-r57-lean-src-20260929-a/AspisV8R19/R589IndexedReplyExecution.lean:82:20: warning: This simp argument is unused:
  runIndexed

Hint: Omit it from the simp argument list.
  simp only [̵r̵e̵a̵d̵B̵l̵o̵c̵k̵P̵r̵o̵g̵r̵a̵m̵,̵b̵l̵o̵c̵k̵C̵u̵r̵s̵o̵r̵A̵t̵,̵l̵o̵c̵a̵l̵I̵n̵d̵e̵x̵,̵b̵l̵o̵c̵k̵W̵o̵r̵d̵,̵n̵e̵x̵t̵B̵l̵o̵c̵k̵,̵
  ̵ ̵ ̵ ̵ ̵ ̵ ̵i̵n̵d̵e̵x̵e̵d̵R̵e̵s̵u̵l̵t̵,̵r̵u̵n̵I̵n̵d̵e̵x̵e̵d̵,̵N̵a̵t̵.̵z̵e̵r̵o̵_̵s̵u̵b̵,̵N̵a̵t̵.̵z̵e̵r̵o̵_̵d̵i̵v̵,̵N̵a̵t̵.̵z̵e̵r̵o̵_̵m̵o̵d̵,̵↓̵r̵e̵d̵u̵c̵e̵I̵t̵e̵]̵[̲r̲e̲a̲d̲B̲l̲o̲c̲k̲P̲r̲o̲g̲r̲a̲m̲,̲ ̲b̲l̲o̲c̲k̲C̲u̲r̲s̲o̲r̲A̲t̲,̲ ̲l̲o̲c̲a̲l̲I̲n̲d̲e̲x̲,̲ ̲b̲l̲o̲c̲k̲W̲o̲r̲d̲,̲ ̲n̲e̲x̲t̲B̲l̲o̲c̲k̲,̲ ̲i̲n̲d̲e̲x̲e̲d̲R̲e̲s̲u̲l̲t̲,̲
  ̲ ̲ ̲ ̲ ̲ ̲ ̲N̲a̲t̲.̲z̲e̲r̲o̲_̲s̲u̲b̲,̲ ̲N̲a̲t̲.̲z̲e̲r̲o̲_̲d̲i̲v̲,̲ ̲N̲a̲t̲.̲z̲e̲r̲o̲_̲m̲o̲d̲,̲ ̲↓̲r̲e̲d̲u̲c̲e̲I̲t̲e̲]̲

Note: This linter can be disabled with `set_option linter.unusedSimpArgs false`
/home/dombarker/project-offloads/aspis-r57-lean-src-20260929-a/AspisV8R19/R589IndexedReplyExecution.lean:90:52: warning: This simp argument is unused:
  blockCursorAt

Hint: Omit it from the simp argument list.
  simp only [̵i̵n̵d̵e̵x̵e̵d̵R̵e̵s̵u̵l̵t̵,̵r̵u̵n̵I̵n̵d̵e̵x̵e̵d̵,̵b̵l̵o̵c̵k̵W̵o̵r̵d̵,̵b̵l̵o̵c̵k̵C̵u̵r̵s̵o̵r̵A̵t̵,̵n̵e̵x̵t̵B̵l̵o̵c̵k̵,̵h̵d̵i̵v̵,̵h̵m̵o̵d̵,̵N̵a̵t̵.̵a̵d̵d̵_̵s̵u̵b̵_̵c̵a̵n̵c̵e̵l̵,̵l̵o̵c̵a̵l̵I̵n̵d̵e̵x̵,̵[̲i̲n̲d̲e̲x̲e̲d̲R̲e̲s̲u̲l̲t̲,̲ ̲r̲u̲n̲I̲n̲d̲e̲x̲e̲d̲,̲ ̲b̲l̲o̲c̲k̲W̲o̲r̲d̲,̲ ̲n̲e̲x̲t̲B̲l̲o̲c̲k̲,̲ ̲h̲d̲i̲v̲,̲ ̲h̲m̲o̲d̲,̲ ̲N̲a̲t̲.̲a̲d̲d̲_̲s̲u̲b̲_̲c̲a̲n̲c̲e̲l̲,̲
  ̲ ̲ ̲ ̲ ̲ ̲ ̲ ̲ ̲l̲o̲c̲a̲l̲I̲n̲d̲e̲x̲,̲ show ¬̵n̵+̵1̵=̵0̵¬̲n̲ ̲+̲ ̲1̲ ̲=̲ ̲0̲ by o̵m̵e̵g̵a̵,̵↓̵r̵e̵d̵u̵c̵e̵I̵t̵e̵]̵o̲m̲e̲g̲a̲,̲ ̲↓̲r̲e̲d̲u̲c̲e̲I̲t̲e̲]̲

Note: This linter can be disabled with `set_option linter.unusedSimpArgs false`
/home/dombarker/project-offloads/aspis-r57-lean-src-20260929-a/AspisV8R19/R589IndexedReplyExecution.lean:97:52: warning: This simp argument is unused:
  blockCursorAt

Hint: Omit it from the simp argument list.
  simp only [̵i̵n̵d̵e̵x̵e̵d̵R̵e̵s̵u̵l̵t̵,̵r̵u̵n̵I̵n̵d̵e̵x̵e̵d̵,̵b̵l̵o̵c̵k̵W̵o̵r̵d̵,̵b̵l̵o̵c̵k̵C̵u̵r̵s̵o̵r̵A̵t̵,̵n̵e̵x̵t̵B̵l̵o̵c̵k̵,̵h̵d̵i̵v̵,̵h̵m̵o̵d̵,̵N̵a̵t̵.̵a̵d̵d̵_̵s̵u̵b̵_̵c̵a̵n̵c̵e̵l̵,̵l̵o̵c̵a̵l̵I̵n̵d̵e̵x̵,̵h̵n̵,̵[̲i̲n̲d̲e̲x̲e̲d̲R̲e̲s̲u̲l̲t̲,̲ ̲r̲u̲n̲I̲n̲d̲e̲x̲e̲d̲,̲ ̲b̲l̲o̲c̲k̲W̲o̲r̲d̲,̲ ̲n̲e̲x̲t̲B̲l̲o̲c̲k̲,̲ ̲h̲d̲i̲v̲,̲ ̲h̲m̲o̲d̲,̲ ̲N̲a̲t̲.̲a̲d̲d̲_̲s̲u̲b̲_̲c̲a̲n̲c̲e̲l̲,̲
  ̲ ̲ ̲ ̲ ̲ ̲ ̲ ̲ ̲l̲o̲c̲a̲l̲I̲n̲d̲e̲x̲,̲ ̲h̲n̲,̲ show ¬̵n̵+̵1̵=̵0̵¬̲n̲ ̲+̲ ̲1̲ ̲=̲ ̲0̲ by o̵m̵e̵g̵a̵,̵↓̵r̵e̵d̵u̵c̵e̵I̵t̵e̵]̵o̲m̲e̲g̲a̲,̲ ̲↓̲r̲e̲d̲u̲c̲e̲I̲t̲e̲]̲

Note: This linter can be disabled with `set_option linter.unusedSimpArgs false`
'AspisV8R19.R589IndexedReplyExecution.indexedResult_done' does not depend on any axioms
'AspisV8R19.R589IndexedReplyExecution.indexedResult_bind' depends on axioms: [propext]
'AspisV8R19.R589IndexedReplyExecution.block_mask' depends on axioms: [propext, Classical.choice, Quot.sound]
'AspisV8R19.R589IndexedReplyExecution.readBlock_indexed' depends on axioms: [propext, Quot.sound]
'AspisV8R19.R589IndexedReplyExecution.limbBlock_indexed' depends on axioms: [propext, Classical.choice, Quot.sound]
'AspisV8R19.R589IndexedReplyExecution.runIndexed_bind' depends on axioms: [propext]
'AspisV8R19.R589IndexedReplyExecution.evalTape_runIndexed' depends on axioms: [propext, Quot.sound]
	Command being timed: "/home/dombarker/.elan/bin/lake --dir /home/dombarker/project-offloads/aspis-r126-release-20260930-a/focus-workspace env lean -j1 -M4500 -R /home/dombarker/project-offloads/aspis-r57-lean-src-20260929-a -o /home/dombarker/project-offloads/aspis-r126-release-20260930-a/lib/AspisV8R19/R589IndexedReplyExecution.olean /home/dombarker/project-offloads/aspis-r57-lean-src-20260929-a/AspisV8R19/R589IndexedReplyExecution.lean"
	User time (seconds): 1.45
	System time (seconds): 0.32
	Percent of CPU this job got: 100%
	Elapsed (wall clock) time (h:mm:ss or m:ss): 0:01.77
	Average shared text size (kbytes): 0
	Average unshared data size (kbytes): 0
	Average stack size (kbytes): 0
	Average total size (kbytes): 0
	Maximum resident set size (kbytes): 3276248
	Average resident set size (kbytes): 0
	Major (requiring I/O) page faults: 0
	Minor (reclaiming a frame) page faults: 77236
	Voluntary context switches: 1162
	Involuntary context switches: 51
	Swaps: 0
	File system inputs: 0
	File system outputs: 1320
	Socket messages sent: 0
	Socket messages received: 0
	Signals delivered: 0
	Page size (bytes): 4096
	Exit status: 0
Finished with result: success
Main processes terminated with: code=exited/status=0
Service runtime: 1.826s
CPU time consumed: 1.831s
Memory peak: 256.0K
Memory swap peak: 0B
