Warning: Permanently added '100.108.41.90' (ED25519) to the list of known hosts.
Running as unit: aspis-focus-1791111926924499000.service; invocation ID: 16f78003002d41e29ddc029e1982c036
/home/dombarker/project-offloads/aspis-r57-lean-src-20260929-a/AspisV8R19/R652ResidualCoefficientCompletion.lean:1:0: error: object file '/home/dombarker/project-offloads/aspis-r126-release-20260930-a/lib/AspisV8R19/FirstRelationBoundary.olean' of module AspisV8R19.FirstRelationBoundary does not exist
Command exited with non-zero status 1
	Command being timed: "/home/dombarker/.elan/bin/lake --dir /home/dombarker/project-offloads/aspis-r126-release-20260930-a/focus-workspace env lean -j1 -M4500 -R /home/dombarker/project-offloads/aspis-r57-lean-src-20260929-a -o /home/dombarker/project-offloads/aspis-r126-release-20260930-a/lib/AspisV8R19/R652ResidualCoefficientCompletion.olean /home/dombarker/project-offloads/aspis-r57-lean-src-20260929-a/AspisV8R19/R652ResidualCoefficientCompletion.lean"
	User time (seconds): 0.04
	System time (seconds): 0.05
	Percent of CPU this job got: 100%
	Elapsed (wall clock) time (h:mm:ss or m:ss): 0:00.09
	Average shared text size (kbytes): 0
	Average unshared data size (kbytes): 0
	Average stack size (kbytes): 0
	Average total size (kbytes): 0
	Maximum resident set size (kbytes): 189216
	Average resident set size (kbytes): 0
	Major (requiring I/O) page faults: 0
	Minor (reclaiming a frame) page faults: 8827
	Voluntary context switches: 10
	Involuntary context switches: 9
	Swaps: 0
	File system inputs: 0
	File system outputs: 0
	Socket messages sent: 0
	Socket messages received: 0
	Signals delivered: 0
	Page size (bytes): 4096
	Exit status: 1
Finished with result: exit-code
Main processes terminated with: code=exited/status=1
Service runtime: 125ms
CPU time consumed: 126ms
Memory peak: 328.0K
Memory swap peak: 0B
