Warning: Permanently added '100.108.41.90' (ED25519) to the list of known hosts.
Running as unit: aspis-focus-1791112168571973000.service; invocation ID: be05d6d83ae14b04b96a9fc501dfe8f4
/home/dombarker/project-offloads/aspis-r57-lean-src-20260929-a/AspisV8R19/R654ResidualAlphaNonzero.lean:21:8: warning: automatically included section variable(s) unused in theorem `_private.AspisV8R19.R654ResidualAlphaNonzero.0.AspisV8R19.R654ResidualAlphaNonzero.selected_slotFactor_zero`:
  [NeZero 2]
consider restructuring your `variable` declarations so that the variables are not in scope or explicitly omit them:
  omit [NeZero 2] in theorem ...

Note: This linter can be disabled with `set_option linter.unusedSectionVars false`
/home/dombarker/project-offloads/aspis-r57-lean-src-20260929-a/AspisV8R19/R654ResidualAlphaNonzero.lean:31:24: warning: This simp argument is unused:
  hp

Hint: Omit it from the simp argument list.
  simp [hs, Ne.symm hs,̵ ̵h̵p̵]

Note: This linter can be disabled with `set_option linter.unusedSimpArgs false`
/home/dombarker/project-offloads/aspis-r57-lean-src-20260929-a/AspisV8R19/R654ResidualAlphaNonzero.lean:57:2: error: unsolved goals
case neg
F : Type u_1
inst✝¹ : Field F
inst✝ : NeZero 2
quarter : F
q w : Index 32 → F
hq : ∀ (d : Fin 32), q (d, 0) = 0
d : Fin 32
a✝² : d ∈ Finset.univ
s : Fin 4
a✝¹ : s ∈ Finset.univ
u : Fin 4
a✝ : u ∈ Finset.univ
h : ¬↑s + (4 - ↑u) % 4 = 0
⊢ s = 0 → (4 - ↑u) % 4 = 0 → (quarter = 0 ∨ q (d, s) = 0) ∨ w (d, u) = 0
/home/dombarker/project-offloads/aspis-r57-lean-src-20260929-a/AspisV8R19/R654ResidualAlphaNonzero.lean:57:10: warning: This simp argument is unused:
  h

Hint: Omit it from the simp argument list.
  simp ̵[̵h̵]̵

Note: This linter can be disabled with `set_option linter.unusedSimpArgs false`
'AspisV8R19.R654ResidualAlphaNonzero.residual_matrix_alpha_ne_zero' depends on axioms: [propext,
 sorryAx,
 Classical.choice,
 Quot.sound]
Command exited with non-zero status 1
	Command being timed: "/home/dombarker/.elan/bin/lake --dir /home/dombarker/project-offloads/aspis-r126-release-20260930-a/focus-workspace env lean -j1 -M4500 -R /home/dombarker/project-offloads/aspis-r57-lean-src-20260929-a -o /home/dombarker/project-offloads/aspis-r126-release-20260930-a/lib/AspisV8R19/R654ResidualAlphaNonzero.olean /home/dombarker/project-offloads/aspis-r57-lean-src-20260929-a/AspisV8R19/R654ResidualAlphaNonzero.lean"
	User time (seconds): 1.08
	System time (seconds): 0.31
	Percent of CPU this job got: 100%
	Elapsed (wall clock) time (h:mm:ss or m:ss): 0:01.38
	Average shared text size (kbytes): 0
	Average unshared data size (kbytes): 0
	Average stack size (kbytes): 0
	Average total size (kbytes): 0
	Maximum resident set size (kbytes): 3280748
	Average resident set size (kbytes): 0
	Major (requiring I/O) page faults: 0
	Minor (reclaiming a frame) page faults: 77209
	Voluntary context switches: 859
	Involuntary context switches: 58
	Swaps: 0
	File system inputs: 0
	File system outputs: 0
	Socket messages sent: 0
	Socket messages received: 0
	Signals delivered: 0
	Page size (bytes): 4096
	Exit status: 1
Finished with result: exit-code
Main processes terminated with: code=exited/status=1
Service runtime: 1.412s
CPU time consumed: 1.421s
Memory peak: 332.0K
Memory swap peak: 0B
