Warning: Permanently added '100.108.41.90' (ED25519) to the list of known hosts.
Running as unit: aspis-focus-1791112676827421000.service; invocation ID: 14271fb071844e69b3ee8d0fa15026c3
/home/dombarker/project-offloads/aspis-r57-lean-src-20260929-a/AspisV8R19/R655SourceResidualCompletion.lean:52:6: error: Tactic `rewrite` failed: Did not find an occurrence of the pattern
  coefficient (sourceKernel ?n 0 ?quarter) ?q ?w + coefficient (sourceKernel ?n 4 ?quarter) ?q ?w
in the target expression
  coefficient (sourceKernel 32 (↑0) quarter) q (TwoSwapResidualModel.weight half a b c kappa z true) +
      coefficient (sourceKernel 32 (↑4) quarter) q (TwoSwapResidualModel.weight half a b c kappa z true) =
    0

F : Type u_1
inst✝¹ : Field F
inst✝ : NeZero 2
half quarter a b c kappa tau alpha : F
z : Fin 10 → F
previous : Fin 271 → F
q : Index 32 → F
ha : alpha ≠ 0
hf : ∀ (d : Fin 32), R370KernelEvaluation.firstFold 32 alpha q d = 0
hm : ∑ d, ∑ s, q (d, s) * TwoSwapResidualModel.weight half a b c kappa z true (d, s) = 0
hs : ∀ (k : Fin 7), k ≠ 4 → k ≠ 6 → TwoSwapResidualSource.relation half quarter a b c kappa tau z previous true q ↑k = 0
⊢ coefficient (sourceKernel 32 (↑0) quarter) q (TwoSwapResidualModel.weight half a b c kappa z true) +
      coefficient (sourceKernel 32 (↑4) quarter) q (TwoSwapResidualModel.weight half a b c kappa z true) =
    0
'AspisV8R19.R655SourceResidualCompletion.source_relation_eval_zero' depends on axioms: [propext,
 Classical.choice,
 Quot.sound]
'AspisV8R19.R655SourceResidualCompletion.ordinary_source_completion' depends on axioms: [propext,
 Classical.choice,
 Quot.sound]
'AspisV8R19.R655SourceResidualCompletion.structured_source_completion' depends on axioms: [propext,
 sorryAx,
 Classical.choice,
 Quot.sound]
Command exited with non-zero status 1
	Command being timed: "/home/dombarker/.elan/bin/lake --dir /home/dombarker/project-offloads/aspis-r126-release-20260930-a/focus-workspace env lean -j1 -M4500 -R /home/dombarker/project-offloads/aspis-r57-lean-src-20260929-a -o /home/dombarker/project-offloads/aspis-r126-release-20260930-a/lib/AspisV8R19/R655SourceResidualCompletion.olean /home/dombarker/project-offloads/aspis-r57-lean-src-20260929-a/AspisV8R19/R655SourceResidualCompletion.lean"
	User time (seconds): 0.88
	System time (seconds): 0.35
	Percent of CPU this job got: 100%
	Elapsed (wall clock) time (h:mm:ss or m:ss): 0:01.23
	Average shared text size (kbytes): 0
	Average unshared data size (kbytes): 0
	Average stack size (kbytes): 0
	Average total size (kbytes): 0
	Maximum resident set size (kbytes): 3271152
	Average resident set size (kbytes): 0
	Major (requiring I/O) page faults: 0
	Minor (reclaiming a frame) page faults: 77191
	Voluntary context switches: 317
	Involuntary context switches: 50
	Swaps: 0
	File system inputs: 0
	File system outputs: 0
	Socket messages sent: 0
	Socket messages received: 0
	Signals delivered: 0
	Page size (bytes): 4096
	Exit status: 1
Finished with result: exit-code
Main processes terminated with: code=exited/status=1
Service runtime: 1.270s
CPU time consumed: 1.275s
Memory peak: 256.0K
Memory swap peak: 0B
