Warning: Permanently added '100.108.41.90' (ED25519) to the list of known hosts.
Running as unit: aspis-focus-1791171961524436000-45a7bd1e7092.service; invocation ID: 744ecf67166f44748349ab13c0b654b0
/home/dombarker/project-offloads/aspis-r57-lean-src-20260929-a/AspisV8R19/R896OrdinarySourceTailBoundary.lean:86:10: error: Tactic `rewrite` failed: Did not find an occurrence of the pattern
  ∑ x ∈ Finset.range 1024, if x = n then ?m.785 x else 0
in the target expression
  (∑ x_1 ∈ Finset.range 1024, if x_1 = n then x * rawFlatten q x_1 else 0) = x * rawFlatten q n

F : Type u_1
inst✝¹ : Field F
inst✝ : NeZero 2
half quarter a b c kappa tau : F
z : Fin 10 → F
q : Index256 → F
hpair :
  rangeDot 1024 (rawOrdinaryWeight half a b c kappa tau z) (flattenFull q) =
    ∑ d, ∑ s, q (d, s) * rawOrdinaryWeight half a b c kappa tau z (4 * ↑d + ↑s)
hscale :
  ∀ (x : F) (w : ℕ → F),
    ∑ i ∈ Finset.range 1024, x * w i * rawFlatten q i = x * ∑ i ∈ Finset.range 1024, w i * rawFlatten q i
n : ℕ
hn : n < 1024
x : F
⊢ (∑ x_1 ∈ Finset.range 1024, if x_1 = n then x * rawFlatten q x_1 else 0) = x * rawFlatten q n
/home/dombarker/project-offloads/aspis-r57-lean-src-20260929-a/AspisV8R19/R896OrdinarySourceTailBoundary.lean:90:4: error: No goals to be solved
/home/dombarker/project-offloads/aspis-r57-lean-src-20260929-a/AspisV8R19/R896OrdinarySourceTailBoundary.lean:86:67: error: Type mismatch: After simplification, term
  hn
 has type
  n < 1024
of sort `Prop` but is expected to have type
  ℕ → ?m.780
of sort `Type ?u.463`
'AspisV8R19.R896OrdinarySourceTailBoundary.ordinary_source_tail_boundary' depends on axioms: [propext,
 sorryAx,
 Classical.choice,
 Quot.sound]
'AspisV8R19.R896OrdinarySourceTailBoundary.ordinary_source_boundary_of_image_tails' depends on axioms: [propext,
 sorryAx,
 Classical.choice,
 Quot.sound]
Command exited with non-zero status 1
	Command being timed: "/home/dombarker/.elan/bin/lake --dir /home/dombarker/project-offloads/aspis-r126-release-20260930-a/focus-workspace env lean -j1 -M4500 -R /home/dombarker/project-offloads/aspis-r57-lean-src-20260929-a -o /home/dombarker/project-offloads/aspis-r126-release-20260930-a/lib/AspisV8R19/R896OrdinarySourceTailBoundary.olean /home/dombarker/project-offloads/aspis-r57-lean-src-20260929-a/AspisV8R19/R896OrdinarySourceTailBoundary.lean"
	User time (seconds): 1.28
	System time (seconds): 0.47
	Percent of CPU this job got: 100%
	Elapsed (wall clock) time (h:mm:ss or m:ss): 0:01.74
	Average shared text size (kbytes): 0
	Average unshared data size (kbytes): 0
	Average stack size (kbytes): 0
	Average total size (kbytes): 0
	Maximum resident set size (kbytes): 3291152
	Average resident set size (kbytes): 0
	Major (requiring I/O) page faults: 0
	Minor (reclaiming a frame) page faults: 101238
	Voluntary context switches: 561
	Involuntary context switches: 76
	Swaps: 0
	File system inputs: 0
	File system outputs: 0
	Socket messages sent: 0
	Socket messages received: 0
	Signals delivered: 0
	Page size (bytes): 4096
	Exit status: 1
Finished with result: exit-code
Main processes terminated with: code=exited/status=1
Service runtime: 1.774s
CPU time consumed: 1.786s
Memory peak: 552.0K
Memory swap peak: 0B
