Warning: Permanently added '100.108.41.90' (ED25519) to the list of known hosts.
Running as unit: aspis-focus-1791105706702456000.service; invocation ID: b358e13574fc4765a2622c09b99fb57e
/home/dombarker/project-offloads/aspis-r57-lean-src-20260929-a/AspisV8R19/R624DecoderInnerExecution.lean:98:17: warning: This simp argument is unused:
  Prod.fst

Hint: Omit it from the simp argument list.
  simp only [̵P̵r̵o̵d̵.̵f̵s̵t̵,̵ ̵P̵r̵o̵d̵.̵s̵n̵d̵]̵[̲P̲r̲o̲d̲.̲s̲n̲d̲]̲

Note: This linter can be disabled with `set_option linter.unusedSimpArgs false`
/home/dombarker/project-offloads/aspis-r57-lean-src-20260929-a/AspisV8R19/R624DecoderInnerExecution.lean:98:27: warning: This simp argument is unused:
  Prod.snd

Hint: Omit it from the simp argument list.
  simp only [Prod.fst,̵ ̵P̵r̵o̵d̵.̵s̵n̵d̵]

Note: This linter can be disabled with `set_option linter.unusedSimpArgs false`
/home/dombarker/project-offloads/aspis-r57-lean-src-20260929-a/AspisV8R19/R624DecoderInnerExecution.lean:106:24: warning: This simp argument is unused:
  hs

Hint: Omit it from the simp argument list.
  simp ̵[̵h̵s̵]̵

Note: This linter can be disabled with `set_option linter.unusedSimpArgs false`
/home/dombarker/project-offloads/aspis-r57-lean-src-20260929-a/AspisV8R19/R624DecoderInnerExecution.lean:107:21: warning: This simp argument is unused:
  hs

Hint: Omit it from the simp argument list.
  simp ̵[̵h̵s̵]̵

Note: This linter can be disabled with `set_option linter.unusedSimpArgs false`
/home/dombarker/project-offloads/aspis-r57-lean-src-20260929-a/AspisV8R19/R624DecoderInnerExecution.lean:110:21: warning: This simp argument is unused:
  hs

Hint: Omit it from the simp argument list.
  simp only [h̵s̵,̵ ̵bind_tc_ok]

Note: This linter can be disabled with `set_option linter.unusedSimpArgs false`
/home/dombarker/project-offloads/aspis-r57-lean-src-20260929-a/AspisV8R19/R624DecoderInnerExecution.lean:121:30: error: unsolved goals
w : U64
⊢ ↑w &&& ↑2147483647#u32 = ↑w &&& 2147483647
'AspisV8R19.R624DecoderInnerExecution.wordStep' depends on axioms: [propext, Classical.choice, Quot.sound]
'AspisV8R19.R624DecoderInnerExecution.wordRun' depends on axioms: [propext, Classical.choice, Quot.sound]
'AspisV8R19.R624DecoderInnerExecution.body_factor' depends on axioms: [propext, Classical.choice, Quot.sound]
'AspisV8R19.R624DecoderInnerExecution.loop_exec' depends on axioms: [propext, Classical.choice, Quot.sound]
'AspisV8R19.R624DecoderInnerExecution.loop_exec_eight' depends on axioms: [propext, Classical.choice, Quot.sound]
Command exited with non-zero status 1
	Command being timed: "/home/dombarker/.elan/bin/lake --dir /home/dombarker/project-offloads/aspis-r126-release-20260930-a/focus-workspace env lean -j1 -M4500 -R /home/dombarker/project-offloads/aspis-r57-lean-src-20260929-a -o /home/dombarker/project-offloads/aspis-r126-release-20260930-a/lib/AspisV8R19/R624DecoderInnerExecution.olean /home/dombarker/project-offloads/aspis-r57-lean-src-20260929-a/AspisV8R19/R624DecoderInnerExecution.lean"
	User time (seconds): 1.43
	System time (seconds): 0.36
	Percent of CPU this job got: 100%
	Elapsed (wall clock) time (h:mm:ss or m:ss): 0:01.79
	Average shared text size (kbytes): 0
	Average unshared data size (kbytes): 0
	Average stack size (kbytes): 0
	Average total size (kbytes): 0
	Maximum resident set size (kbytes): 3729664
	Average resident set size (kbytes): 0
	Major (requiring I/O) page faults: 0
	Minor (reclaiming a frame) page faults: 86632
	Voluntary context switches: 1134
	Involuntary context switches: 66
	Swaps: 0
	File system inputs: 0
	File system outputs: 0
	Socket messages sent: 0
	Socket messages received: 0
	Signals delivered: 0
	Page size (bytes): 4096
	Exit status: 1
Finished with result: exit-code
Main processes terminated with: code=exited/status=1
Service runtime: 1.825s
CPU time consumed: 1.831s
Memory peak: 288.0K
Memory swap peak: 0B
