Try this:
  [apply] ring_nf
  
  The `ring` tactic failed to close the goal. Use `ring_nf` to obtain a normal form.
    
  Note that `ring` works primarily in *commutative* rings. If you have a noncommutative ring, abelian group or module, consider using `noncomm_ring`, `abel` or `module` instead.
'AspisR19.SparseGCoreInverse.block_involution' depends on axioms: [propext, Quot.sound]
'AspisR19.SparseGCoreInverse.source_block' depends on axioms: [propext, Quot.sound]
'AspisR19.SparseGCoreInverse.extend_block' depends on axioms: [propext, Quot.sound]
'AspisR19.SparseGCoreInverse.finite_involution' depends on axioms: [propext, Quot.sound]
'AspisR19.SparseGCoreInverse.finite_bijective' depends on axioms: [propext, Quot.sound]
'AspisR19.SparseGCoreInverse.finite_source_inverse' depends on axioms: [propext, Quot.sound]
'AspisR19.SparseGCoreInverse.finite_scale' depends on axioms: [propext, Quot.sound]
'AspisR19.SparseGCoreInverse.selectedColumn_lt' depends on axioms: [propext, Quot.sound]
'AspisR19.SparseGCoreInverse.selectedColumn_injective' depends on axioms: [propext, Quot.sound]
'AspisR19.SparseGCoreInverse.normalized_chord' depends on axioms: [propext]
'AspisR19.SparseGCoreInverse.witness_excluded' depends on axioms: [propext]
'AspisR19.SparseGCoreInverse.scaled_block_inverse' depends on axioms: [propext, Quot.sound]
	Command being timed: "/home/dombarker/.elan/bin/lake env lean -R /home/dombarker/project-offloads/aspis-r31-lean-src-20260928-a -o /home/dombarker/project-offloads/aspis-r31-lean-20260928-e/lib/AspisV8R19/SparseGCoreInverse.olean /home/dombarker/project-offloads/aspis-r31-lean-src-20260928-a/AspisV8R19/SparseGCoreInverse.lean"
	User time (seconds): 3.68
	System time (seconds): 0.55
	Percent of CPU this job got: 146%
	Elapsed (wall clock) time (h:mm:ss or m:ss): 0:02.90
	Average shared text size (kbytes): 0
	Average unshared data size (kbytes): 0
	Average stack size (kbytes): 0
	Average total size (kbytes): 0
	Maximum resident set size (kbytes): 1829684
	Average resident set size (kbytes): 0
	Major (requiring I/O) page faults: 0
	Minor (reclaiming a frame) page faults: 81121
	Voluntary context switches: 2873
	Involuntary context switches: 131
	Swaps: 0
	File system inputs: 0
	File system outputs: 2960
	Socket messages sent: 0
	Socket messages received: 0
	Signals delivered: 0
	Page size (bytes): 4096
	Exit status: 0
