Warning: Permanently added '100.108.41.90' (ED25519) to the list of known hosts.
Running as unit: aspis-focus-1790921887570737000.service; invocation ID: 9f9f4deff2ed4a71bcaca9ea6464f988
/home/dombarker/project-offloads/aspis-r57-lean-src-20260929-a/AspisV8R19/R306BatchReverseStepExecution.lean:35:4: warning: This simp argument is unused:
  core.ops.range.Range.Insts.DoubleEndedIterator

Hint: Omit it from the simp argument list.
  simp only [core.iter.adapters.rev.Rev.Insts.CoreIterTraitsIteratorIterator.next,
      core.ops.range.Range.Insts.D̵o̵u̵b̵l̵e̵E̵n̵d̵e̵d̵I̵t̵e̵r̵a̵t̵o̵r̵,̵
  ̵ ̵ ̵ ̵ ̵c̵o̵r̵e̵.̵o̵p̵s̵.̵r̵a̵n̵g̵e̵.̵R̵a̵n̵g̵e̵.̵I̵n̵s̵t̵s̵.̵CoreIterTraitsDoubleEndedIterator.next_back,
      core.iter.range.StepUsize, core.iter.range.UScalarStep,
  ̵  ̵ ̵ ̵core.cmp.PartialOrdUsize,
  ̲  ̲ ̲ ̲core.cmp.impls.PartialOrdUsize.lt, UScalar.lt_equiv, bind_tc_ok]

Note: This linter can be disabled with `set_option linter.unusedSimpArgs false`
/home/dombarker/project-offloads/aspis-r57-lean-src-20260929-a/AspisV8R19/R306BatchReverseStepExecution.lean:38:65: warning: This simp argument is unused:
  UScalar.lt_equiv

Hint: Omit it from the simp argument list.
  simp only [core.iter.adapters.rev.Rev.Insts.CoreIterTraitsIteratorIterator.next,
      core.ops.range.Range.Insts.DoubleEndedIterator,
      core.ops.range.Range.Insts.CoreIterTraitsDoubleEndedIterator.next_back,
      core.iter.range.StepUsize, core.iter.range.UScalarStep, core.cmp.PartialOrdUsize,
  ̲  ̲ ̲ ̲core.cmp.impls.PartialOrdUsize.lt, U̵S̵c̵a̵l̵a̵r̵.̵l̵t̵_̵e̵q̵u̵i̵v̵,̵ ̵bind_tc_ok]

Note: This linter can be disabled with `set_option linter.unusedSimpArgs false`
/home/dombarker/project-offloads/aspis-r57-lean-src-20260929-a/AspisV8R19/R306BatchReverseStepExecution.lean:50:4: warning: This simp argument is unused:
  core.ops.range.Range.Insts.DoubleEndedIterator

Hint: Omit it from the simp argument list.
  simp only [core.iter.adapters.rev.Rev.Insts.CoreIterTraitsIteratorIterator.next,
      core.ops.range.Range.Insts.D̵o̵u̵b̵l̵e̵E̵n̵d̵e̵d̵I̵t̵e̵r̵a̵t̵o̵r̵,̵
  ̵ ̵ ̵ ̵ ̵c̵o̵r̵e̵.̵o̵p̵s̵.̵r̵a̵n̵g̵e̵.̵R̵a̵n̵g̵e̵.̵I̵n̵s̵t̵s̵.̵CoreIterTraitsDoubleEndedIterator.next_back,
      core.iter.range.StepUsize, core.iter.range.UScalarStep,
  ̵  ̵ ̵ ̵core.cmp.PartialOrdUsize,
  ̲  ̲ ̲ ̲core.cmp.impls.PartialOrdUsize.lt, UScalar.lt_equiv, bind_tc_ok]

Note: This linter can be disabled with `set_option linter.unusedSimpArgs false`
/home/dombarker/project-offloads/aspis-r57-lean-src-20260929-a/AspisV8R19/R306BatchReverseStepExecution.lean:53:65: warning: This simp argument is unused:
  UScalar.lt_equiv

Hint: Omit it from the simp argument list.
  simp only [core.iter.adapters.rev.Rev.Insts.CoreIterTraitsIteratorIterator.next,
      core.ops.range.Range.Insts.DoubleEndedIterator,
      core.ops.range.Range.Insts.CoreIterTraitsDoubleEndedIterator.next_back,
      core.iter.range.StepUsize, core.iter.range.UScalarStep, core.cmp.PartialOrdUsize,
  ̲  ̲ ̲ ̲core.cmp.impls.PartialOrdUsize.lt, U̵S̵c̵a̵l̵a̵r̵.̵l̵t̵_̵e̵q̵u̵i̵v̵,̵ ̵bind_tc_ok]

Note: This linter can be disabled with `set_option linter.unusedSimpArgs false`
/home/dombarker/project-offloads/aspis-r57-lean-src-20260929-a/AspisV8R19/R306BatchReverseStepExecution.lean:80:84: error: unsolved goals
xs : Slice U32
px ox : alloc.vec.Vec U32
iter : ReverseRange
x p v : M31Exact
hstep : ↑iter.iter.start < ↑iter.iter.end
hp : (↑px)[↑((iter.iter.end.wrapping_sub 1#usize).wrapping_sub 1#usize)]? = some (encodeBase p)
hv : (↑xs)[↑(iter.iter.end.wrapping_sub 1#usize)]? = some (encodeBase v)
ho : ↑(iter.iter.end.wrapping_sub 1#usize) < ox.length
old : U32
back : U32 → alloc.vec.Vec U32
hb : ox.index_mut_usize (iter.iter.end.wrapping_sub 1#usize) = ok (old, back)
hval : old = (↑ox)[↑(iter.iter.end.wrapping_sub 1#usize)]
hback : back = ox.set (iter.iter.end.wrapping_sub 1#usize)
⊢ (do
      let b ←
        match px[↑((iter.iter.end.wrapping_sub 1#usize).wrapping_sub 1#usize)]? with
          | none => fail Error.arrayOutOfBounds
          | some x => ok x
      let b1 ← b.mul (encodeBase x)
      ok
          (cont
            ({ iter := { start := iter.iter.start, «end» := iter.iter.end.wrapping_sub 1#usize } }, encodeBase (x * v),
              ox.set (iter.iter.end.wrapping_sub 1#usize) b1))) =
    ok
      (cont
        ({ iter := { start := iter.iter.start, «end» := iter.iter.end.wrapping_sub 1#usize } }, encodeBase (x * v),
          ox.set (iter.iter.end.wrapping_sub 1#usize) (encodeBase (p * x))))
/home/dombarker/project-offloads/aspis-r57-lean-src-20260929-a/AspisV8R19/R306BatchReverseStepExecution.lean:86:70: warning: This simp argument is unused:
  hp

Hint: Omit it from the simp argument list.
  simp only [batch_loop2.body, reverse_next_step iter hstep, bind_tc_ok,
  ̵  ̵ ̵ ̵lift,
  ̲  ̲ ̲ ̲alloc.vec.Vec.index_slice_index, alloc.vec.Vec.index_usize, ̵h̵p̵,̵
      R250PrivateBaseExecution.mul_encoded, alloc.vec.Vec.index_mut_slice_index,
  ̵  ̵ ̵ ̵hb, hback,
  ̲  ̲ ̲ ̲Slice.index_usize, Slice.getElem?_Nat_eq,
  ̵  ̵ ̵ ̵Slice.getElem?_Usize_eq, hv, bind_tc_ok]

Note: This linter can be disabled with `set_option linter.unusedSimpArgs false`
/home/dombarker/project-offloads/aspis-r57-lean-src-20260929-a/AspisV8R19/R306BatchReverseStepExecution.lean:88:34: warning: This simp argument is unused:
  Slice.getElem?_Nat_eq

Hint: Omit it from the simp argument list.
  simp only [batch_loop2.body, reverse_next_step iter hstep, bind_tc_ok,
  ̵  ̵ ̵ ̵lift,
  ̲  ̲ ̲ ̲alloc.vec.Vec.index_slice_index, alloc.vec.Vec.index_usize, hp,
      R250PrivateBaseExecution.mul_encoded, alloc.vec.Vec.index_mut_slice_index,
  ̵  ̵ ̵ ̵hb, hback,
  ̲  ̲ ̲ ̲Slice.index_usize, Slice.getElem?_N̵a̵t̵_̵e̵q̵,̵
  ̵ ̵ ̵ ̵ ̵S̵l̵i̵c̵e̵.̵g̵e̵t̵E̵l̵e̵m̵?̵_̵Usize_eq, hv, bind_tc_ok]

Note: This linter can be disabled with `set_option linter.unusedSimpArgs false`
'AspisV8R19.R306BatchReverseStepExecution.wrapping_sub_one_val' depends on axioms: [propext,
 Classical.choice,
 Quot.sound]
'AspisV8R19.R306BatchReverseStepExecution.reverse_next_done' depends on axioms: [propext, Classical.choice, Quot.sound]
'AspisV8R19.R306BatchReverseStepExecution.reverse_next_step' depends on axioms: [propext, Classical.choice, Quot.sound]
'AspisV8R19.R306BatchReverseStepExecution.body2_done' depends on axioms: [propext, Classical.choice, Quot.sound]
'AspisV8R19.R306BatchReverseStepExecution.body2_step' depends on axioms: [propext,
 sorryAx,
 Classical.choice,
 Quot.sound]
'AspisV8R19.R306BatchReverseStepExecution.body3_eq_body2' depends on axioms: [propext, Classical.choice, Quot.sound]
Command exited with non-zero status 1
	Command being timed: "/home/dombarker/.elan/bin/lake --dir /home/dombarker/project-offloads/aspis-r126-release-20260930-a/focus-workspace env lean -j1 -M4500 -R /home/dombarker/project-offloads/aspis-r57-lean-src-20260929-a -o /home/dombarker/project-offloads/aspis-r126-release-20260930-a/lib/AspisV8R19/R306BatchReverseStepExecution.olean /home/dombarker/project-offloads/aspis-r57-lean-src-20260929-a/AspisV8R19/R306BatchReverseStepExecution.lean"
	User time (seconds): 1.25
	System time (seconds): 0.37
	Percent of CPU this job got: 101%
	Elapsed (wall clock) time (h:mm:ss or m:ss): 0:01.61
	Average shared text size (kbytes): 0
	Average unshared data size (kbytes): 0
	Average stack size (kbytes): 0
	Average total size (kbytes): 0
	Maximum resident set size (kbytes): 3710564
	Average resident set size (kbytes): 0
	Major (requiring I/O) page faults: 0
	Minor (reclaiming a frame) page faults: 86325
	Voluntary context switches: 1024
	Involuntary context switches: 69
	Swaps: 0
	File system inputs: 0
	File system outputs: 0
	Socket messages sent: 0
	Socket messages received: 0
	Signals delivered: 0
	Page size (bytes): 4096
	Exit status: 1
Finished with result: exit-code
Main processes terminated with: code=exited/status=1
Service runtime: 1.638s
CPU time consumed: 1.659s
Memory peak: 292.0K
Memory swap peak: 0B
