Warning: Permanently added '100.108.41.90' (ED25519) to the list of known hosts.
Running as unit: aspis-focus-1791146343333557000.service; invocation ID: e328e6d2c87143bf9c8f101f92989678
/home/dombarker/project-offloads/aspis-r57-lean-src-20260929-a/AspisV8R19/R760PointWeightChunk00.lean:60:43: warning: This simp argument is unused:
  ↓reduceIte

Hint: Omit it from the simp argument list.
  simp only [Nat.reduceMod, Nat.reduceDiv,̵ ̵↓̵r̵e̵d̵u̵c̵e̵I̵t̵e̵]

Note: This linter can be disabled with `set_option linter.unusedSimpArgs false`
'AspisV8R19.R760PointWeightChunk00.pw_0001' depends on axioms: [propext, Classical.choice, Quot.sound]
'AspisV8R19.R760PointWeightChunk00.pw_0002' depends on axioms: [propext, Classical.choice, Quot.sound]
'AspisV8R19.R760PointWeightChunk00.pw_0092' depends on axioms: [propext, Classical.choice, Quot.sound]
/home/dombarker/project-offloads/aspis-r57-lean-src-20260929-a/AspisV8R19/R760PointWeightChunk00.lean:124:43: warning: This simp argument is unused:
  ↓reduceIte

Hint: Omit it from the simp argument list.
  simp only [Nat.reduceMod, Nat.reduceDiv,̵ ̵↓̵r̵e̵d̵u̵c̵e̵I̵t̵e̵]

Note: This linter can be disabled with `set_option linter.unusedSimpArgs false`
'AspisV8R19.R760PointWeightChunk00.pw_0093' depends on axioms: [propext, Classical.choice, Quot.sound]
'AspisV8R19.R760PointWeightChunk00.pw_0094' depends on axioms: [propext, Classical.choice, Quot.sound]
/home/dombarker/project-offloads/aspis-r57-lean-src-20260929-a/AspisV8R19/R760PointWeightChunk00.lean:167:43: warning: This simp argument is unused:
  ↓reduceIte

Hint: Omit it from the simp argument list.
  simp only [Nat.reduceMod, Nat.reduceDiv,̵ ̵↓̵r̵e̵d̵u̵c̵e̵I̵t̵e̵]

Note: This linter can be disabled with `set_option linter.unusedSimpArgs false`
'AspisV8R19.R760PointWeightChunk00.pw_0095' depends on axioms: [propext, Classical.choice, Quot.sound]
'AspisV8R19.R760PointWeightChunk00.pw_0096' depends on axioms: [propext, Classical.choice, Quot.sound]
/home/dombarker/project-offloads/aspis-r57-lean-src-20260929-a/AspisV8R19/R760PointWeightChunk00.lean:210:43: warning: This simp argument is unused:
  ↓reduceIte

Hint: Omit it from the simp argument list.
  simp only [Nat.reduceMod, Nat.reduceDiv,̵ ̵↓̵r̵e̵d̵u̵c̵e̵I̵t̵e̵]

Note: This linter can be disabled with `set_option linter.unusedSimpArgs false`
'AspisV8R19.R760PointWeightChunk00.pw_0097' depends on axioms: [propext, Classical.choice, Quot.sound]
'AspisV8R19.R760PointWeightChunk00.pw_0098' depends on axioms: [propext, Classical.choice, Quot.sound]
/home/dombarker/project-offloads/aspis-r57-lean-src-20260929-a/AspisV8R19/R760PointWeightChunk00.lean:253:43: warning: This simp argument is unused:
  ↓reduceIte

Hint: Omit it from the simp argument list.
  simp only [Nat.reduceMod, Nat.reduceDiv,̵ ̵↓̵r̵e̵d̵u̵c̵e̵I̵t̵e̵]

Note: This linter can be disabled with `set_option linter.unusedSimpArgs false`
'AspisV8R19.R760PointWeightChunk00.pw_0099' depends on axioms: [propext, Classical.choice, Quot.sound]
'AspisV8R19.R760PointWeightChunk00.pw_0108' depends on axioms: [propext, Classical.choice, Quot.sound]
/home/dombarker/project-offloads/aspis-r57-lean-src-20260929-a/AspisV8R19/R760PointWeightChunk00.lean:296:43: warning: This simp argument is unused:
  ↓reduceIte

Hint: Omit it from the simp argument list.
  simp only [Nat.reduceMod, Nat.reduceDiv,̵ ̵↓̵r̵e̵d̵u̵c̵e̵I̵t̵e̵]

Note: This linter can be disabled with `set_option linter.unusedSimpArgs false`
'AspisV8R19.R760PointWeightChunk00.pw_0111' depends on axioms: [propext, Classical.choice, Quot.sound]
'AspisV8R19.R760PointWeightChunk00.pw_0112' depends on axioms: [propext, Classical.choice, Quot.sound]
'AspisV8R19.R760PointWeightChunk00.pw_0114' depends on axioms: [propext, Classical.choice, Quot.sound]
'AspisV8R19.R760PointWeightChunk00.pw_0116' depends on axioms: [propext, Classical.choice, Quot.sound]
/home/dombarker/project-offloads/aspis-r57-lean-src-20260929-a/AspisV8R19/R760PointWeightChunk00.lean:381:43: warning: This simp argument is unused:
  ↓reduceIte

Hint: Omit it from the simp argument list.
  simp only [Nat.reduceMod, Nat.reduceDiv,̵ ̵↓̵r̵e̵d̵u̵c̵e̵I̵t̵e̵]

Note: This linter can be disabled with `set_option linter.unusedSimpArgs false`
'AspisV8R19.R760PointWeightChunk00.pw_0117' depends on axioms: [propext, Classical.choice, Quot.sound]
'AspisV8R19.R760PointWeightChunk00.pw_0118' depends on axioms: [propext, Classical.choice, Quot.sound]
'AspisV8R19.R760PointWeightChunk00.pw_0120' depends on axioms: [propext, Classical.choice, Quot.sound]
/home/dombarker/project-offloads/aspis-r57-lean-src-20260929-a/AspisV8R19/R760PointWeightChunk00.lean:445:43: warning: This simp argument is unused:
  ↓reduceIte

Hint: Omit it from the simp argument list.
  simp only [Nat.reduceMod, Nat.reduceDiv,̵ ̵↓̵r̵e̵d̵u̵c̵e̵I̵t̵e̵]

Note: This linter can be disabled with `set_option linter.unusedSimpArgs false`
'AspisV8R19.R760PointWeightChunk00.pw_0121' depends on axioms: [propext, Classical.choice, Quot.sound]
'AspisV8R19.R760PointWeightChunk00.pw_0122' depends on axioms: [propext, Classical.choice, Quot.sound]
'AspisV8R19.R760PointWeightChunk00.pw_0124' depends on axioms: [propext, Classical.choice, Quot.sound]
/home/dombarker/project-offloads/aspis-r57-lean-src-20260929-a/AspisV8R19/R760PointWeightChunk00.lean:509:43: warning: This simp argument is unused:
  ↓reduceIte

Hint: Omit it from the simp argument list.
  simp only [Nat.reduceMod, Nat.reduceDiv,̵ ̵↓̵r̵e̵d̵u̵c̵e̵I̵t̵e̵]

Note: This linter can be disabled with `set_option linter.unusedSimpArgs false`
'AspisV8R19.R760PointWeightChunk00.pw_0125' depends on axioms: [propext, Classical.choice, Quot.sound]
'AspisV8R19.R760PointWeightChunk00.pw_0126' depends on axioms: [propext, Classical.choice, Quot.sound]
'AspisV8R19.R760PointWeightChunk00.pw_0128' depends on axioms: [propext, Classical.choice, Quot.sound]
/home/dombarker/project-offloads/aspis-r57-lean-src-20260929-a/AspisV8R19/R760PointWeightChunk00.lean:573:43: warning: This simp argument is unused:
  ↓reduceIte

Hint: Omit it from the simp argument list.
  simp only [Nat.reduceMod, Nat.reduceDiv,̵ ̵↓̵r̵e̵d̵u̵c̵e̵I̵t̵e̵]

Note: This linter can be disabled with `set_option linter.unusedSimpArgs false`
'AspisV8R19.R760PointWeightChunk00.pw_0129' depends on axioms: [propext, Classical.choice, Quot.sound]
'AspisV8R19.R760PointWeightChunk00.pw_0130' depends on axioms: [propext, Classical.choice, Quot.sound]
'AspisV8R19.R760PointWeightChunk00.pw_0132' depends on axioms: [propext, Classical.choice, Quot.sound]
/home/dombarker/project-offloads/aspis-r57-lean-src-20260929-a/AspisV8R19/R760PointWeightChunk00.lean:637:43: warning: This simp argument is unused:
  ↓reduceIte

Hint: Omit it from the simp argument list.
  simp only [Nat.reduceMod, Nat.reduceDiv,̵ ̵↓̵r̵e̵d̵u̵c̵e̵I̵t̵e̵]

Note: This linter can be disabled with `set_option linter.unusedSimpArgs false`
'AspisV8R19.R760PointWeightChunk00.pw_0133' depends on axioms: [propext, Classical.choice, Quot.sound]
'AspisV8R19.R760PointWeightChunk00.pw_0134' depends on axioms: [propext, Classical.choice, Quot.sound]
'AspisV8R19.R760PointWeightChunk00.pw_0136' depends on axioms: [propext, Classical.choice, Quot.sound]
/home/dombarker/project-offloads/aspis-r57-lean-src-20260929-a/AspisV8R19/R760PointWeightChunk00.lean:701:43: warning: This simp argument is unused:
  ↓reduceIte

Hint: Omit it from the simp argument list.
  simp only [Nat.reduceMod, Nat.reduceDiv,̵ ̵↓̵r̵e̵d̵u̵c̵e̵I̵t̵e̵]

Note: This linter can be disabled with `set_option linter.unusedSimpArgs false`
'AspisV8R19.R760PointWeightChunk00.pw_0137' depends on axioms: [propext, Classical.choice, Quot.sound]
'AspisV8R19.R760PointWeightChunk00.pw_0138' depends on axioms: [propext, Classical.choice, Quot.sound]
	Command being timed: "/home/dombarker/.elan/bin/lake --dir /home/dombarker/project-offloads/aspis-r126-release-20260930-a/focus-workspace env lean -j1 -M4500 -R /home/dombarker/project-offloads/aspis-r57-lean-src-20260929-a -o /home/dombarker/project-offloads/aspis-r126-release-20260930-a/lib/AspisV8R19/R760PointWeightChunk00.olean /home/dombarker/project-offloads/aspis-r57-lean-src-20260929-a/AspisV8R19/R760PointWeightChunk00.lean"
	User time (seconds): 70.16
	System time (seconds): 1.72
	Percent of CPU this job got: 100%
	Elapsed (wall clock) time (h:mm:ss or m:ss): 1:11.85
	Average shared text size (kbytes): 0
	Average unshared data size (kbytes): 0
	Average stack size (kbytes): 0
	Average total size (kbytes): 0
	Maximum resident set size (kbytes): 3672832
	Average resident set size (kbytes): 0
	Major (requiring I/O) page faults: 0
	Minor (reclaiming a frame) page faults: 1039751
	Voluntary context switches: 2664
	Involuntary context switches: 591
	Swaps: 0
	File system inputs: 8
	File system outputs: 1344
	Socket messages sent: 0
	Socket messages received: 0
	Signals delivered: 0
	Page size (bytes): 4096
	Exit status: 0
Finished with result: success
Main processes terminated with: code=exited/status=0
Service runtime: 1min 11.883s
CPU time consumed: 1min 11.914s
Memory peak: 712.7M
Memory swap peak: 0B
