SameBodyRelation.lean:42:33: warning: This simp argument is unused:
  responseIndex

Hint: Omit it from the simp argument list.
  [apply] simp only [response, assemble, Fin.val_mk]

Note: This linter can be disabled with `set_option linter.unusedSimpArgs false`
SameBodyRelation.lean:42:48: warning: This simp argument is unused:
  Fin.val_mk

Hint: Omit it from the simp argument list.
  [apply] simp only [response, assemble, responseIndex]

Note: This linter can be disabled with `set_option linter.unusedSimpArgs false`
SameBodyRelation.lean:91:4: warning: Variable name `n` is not explicitly referenced.

Hint: The binding can be removed (if unused) or named `_` (if used implicitly). Alternatively, prefix the name with `_` to silence this warning:
  [apply] _n

Note: This linter can be disabled with `set_option linter.unusedVariables false`
SameBodyRelation.lean:95:4: warning: Variable name `n` is not explicitly referenced.

Hint: The binding can be removed (if unused) or named `_` (if used implicitly). Alternatively, prefix the name with `_` to silence this warning:
  [apply] _n

Note: This linter can be disabled with `set_option linter.unusedVariables false`
'AspisV8Completion.SameBodyRelation.consume_constructs_correspondence' depends on axioms: [propext,
 Classical.choice,
 Quot.sound]
'AspisV8Completion.SameBodyRelation.tail_prefix_noninterference' depends on axioms: [propext]
'AspisV8Completion.SameBodyRelation.assembled_responses' depends on axioms: [propext, Quot.sound]
'AspisV8Completion.SameBodyRelation.assembled_final' depends on axioms: [propext, Quot.sound]
'AspisV8Completion.SameBodyRelation.produced_consumes' depends on axioms: [propext, Quot.sound]
        3.37 real         0.56 user         0.40 sys
           700284928  maximum resident set size
                   0  average shared memory size
                   0  average unshared data size
                   0  average unshared stack size
               23303  page reclaims
               25551  page faults
                   0  swaps
                   0  block input operations
                   0  block output operations
                   0  messages sent
                   0  messages received
                   0  signals received
                5193  voluntary context switches
               19726  involuntary context switches
           315892907  instructions retired
           129676058  cycles elapsed
            11797248  peak memory footprint
