PASS extraction_access records=521 lookups=521 leaves=256 parents=265 frontier=10 bytes=111620 new_oracle_calls=0 cached_auth_calls=786 scalar_values=16384
PASS failure_controls=15 repeat_control=1 missing_off_path_preimages=10 accepted=true
SCOPE source authenticate and Merkle loop reused; consistent synthetic recorded answers, not SHA/ROM sampling. No coefficients, witness, successful selected proof, or validator completeness claimed.
        0.36 real         0.01 user         0.00 sys
             5095424  maximum resident set size
                   0  average shared memory size
                   0  average unshared data size
                   0  average unshared stack size
                 474  page reclaims
                   2  page faults
                   0  swaps
                   0  block input operations
                   0  block output operations
                   0  messages sent
                   0  messages received
                   0  signals received
                   1  voluntary context switches
                   4  involuntary context switches
            96619969  instructions retired
            26813068  cycles elapsed
             4489552  peak memory footprint
