Warning: Permanently added '100.108.41.90' (ED25519) to the list of known hosts.
Running as unit: aspis-focus-1791113535837326000.service; invocation ID: d8ba0fbd5f104e67a3921c78cb340025
/home/dombarker/project-offloads/aspis-r57-lean-src-20260929-a/AspisV8R19/R616MixedLimbExecution.lean:72:73: warning: 'omega' tactic does nothing

Note: This linter can be disabled with `set_option linter.unusedTactic false`
/home/dombarker/project-offloads/aspis-r57-lean-src-20260929-a/AspisV8R19/R616MixedLimbExecution.lean:72:73: warning: this tactic is never executed

Note: This linter can be disabled with `set_option linter.unreachableTactic false`
/home/dombarker/project-offloads/aspis-r57-lean-src-20260929-a/AspisV8R19/R616MixedLimbExecution.lean:163:16: warning: Variable name `hpartition` is not explicitly referenced.

The binding can be removed (if unused) or named `_` (if used implicitly).

Note: This linter can be disabled with `set_option linter.unusedVariables false`
/home/dombarker/project-offloads/aspis-r57-lean-src-20260929-a/AspisV8R19/R616MixedLimbExecution.lean:163:28: warning: Variable name `hrem` is not explicitly referenced.

The binding can be removed (if unused) or named `_` (if used implicitly).

Note: This linter can be disabled with `set_option linter.unusedVariables false`
/home/dombarker/project-offloads/aspis-r57-lean-src-20260929-a/AspisV8R19/R616MixedLimbExecution.lean:202:15: warning: Variable name `hquot` is not explicitly referenced.

The binding can be removed (if unused) or named `_` (if used implicitly).

Note: This linter can be disabled with `set_option linter.unusedVariables false`
/home/dombarker/project-offloads/aspis-r57-lean-src-20260929-a/AspisV8R19/R616MixedLimbExecution.lean:203:15: warning: Variable name `hrem` is not explicitly referenced.

The binding can be removed (if unused) or named `_` (if used implicitly).

Note: This linter can be disabled with `set_option linter.unusedVariables false`
/home/dombarker/project-offloads/aspis-r57-lean-src-20260929-a/AspisV8R19/R616MixedLimbExecution.lean:230:10: warning: 'change 16 * (j.val / 4) + 4 * slot.val + j.val % 4 < 48' tactic does nothing

Note: This linter can be disabled with `set_option linter.unusedTactic false`
/home/dombarker/project-offloads/aspis-r57-lean-src-20260929-a/AspisV8R19/R616MixedLimbExecution.lean:458:21: warning: Variable name `hquot` is not explicitly referenced.

The binding can be removed (if unused) or named `_` (if used implicitly).

Note: This linter can be disabled with `set_option linter.unusedVariables false`
/home/dombarker/project-offloads/aspis-r57-lean-src-20260929-a/AspisV8R19/R616MixedLimbExecution.lean:459:21: warning: Variable name `hrem` is not explicitly referenced.

The binding can be removed (if unused) or named `_` (if used implicitly).

Note: This linter can be disabled with `set_option linter.unusedVariables false`
/home/dombarker/project-offloads/aspis-r57-lean-src-20260929-a/AspisV8R19/R616MixedLimbExecution.lean:624:2: warning: 'change (U64.wrapping_mul (UScalar.cast .U64 a) (UScalar.cast .U64 b)).val = _' tactic does nothing

Note: This linter can be disabled with `set_option linter.unusedTactic false`
/home/dombarker/project-offloads/aspis-r57-lean-src-20260929-a/AspisV8R19/R616MixedLimbExecution.lean:814:2: warning: try 'simp' instead of 'simpa'

Note: This linter can be disabled with `set_option linter.unnecessarySimpa false`
/home/dombarker/project-offloads/aspis-r57-lean-src-20260929-a/AspisV8R19/R616MixedLimbExecution.lean:1322:123: warning: Used `tac1 <;> tac2` where `(tac1; tac2)` would suffice

Note: This linter can be disabled with `set_option linter.unnecessarySeqFocus false`
/home/dombarker/project-offloads/aspis-r57-lean-src-20260929-a/AspisV8R19/R616MixedLimbExecution.lean:1323:123: warning: Used `tac1 <;> tac2` where `(tac1; tac2)` would suffice

Note: This linter can be disabled with `set_option linter.unnecessarySeqFocus false`
/home/dombarker/project-offloads/aspis-r57-lean-src-20260929-a/AspisV8R19/R616MixedLimbExecution.lean:1324:123: warning: Used `tac1 <;> tac2` where `(tac1; tac2)` would suffice

Note: This linter can be disabled with `set_option linter.unnecessarySeqFocus false`
/home/dombarker/project-offloads/aspis-r57-lean-src-20260929-a/AspisV8R19/R616MixedLimbExecution.lean:1325:123: warning: Used `tac1 <;> tac2` where `(tac1; tac2)` would suffice

Note: This linter can be disabled with `set_option linter.unnecessarySeqFocus false`
/home/dombarker/project-offloads/aspis-r57-lean-src-20260929-a/AspisV8R19/R616MixedLimbExecution.lean:1345:4: error: type expected, got
  (source_mixed_four_literal_chunk c2 p L slot 28#usize 29#usize 30#usize 31#usize hL hslot ⟨2, ?m.47⟩ ⟨3, ?m.51⟩
  ⟨4, ?m.55⟩ ⟨5, ?m.59⟩ ?m.60 ?m.61 ?m.62 ?m.63 hc2
  hp : ∃ raw,
  source_four_term_prefix (selected_source_mixed_product_literal c2 p L slot 28#usize)
        (selected_source_mixed_product_literal c2 p L slot 29#usize)
        (selected_source_mixed_product_literal c2 p L slot 30#usize)
        (selected_source_mixed_product_literal c2 p L slot 31#usize) =
      ok (R161WrappedMulExecution.wrappedFold raw) ∧
    ↑raw =
        ↑(arrayAt c2 ⟨16 * (↑⟨2, ?m.47⟩ / 4) + 4 * ↑slot + ↑⟨2, ?m.47⟩ % 4, ⋯⟩) *
                ↑(arrayAt (arrayAt p.mixed ⟨2, ?m.47⟩) (limbCoord L hL)) +
              ↑(arrayAt c2 ⟨16 * (↑⟨3, ?m.51⟩ / 4) + 4 * ↑slot + ↑⟨3, ?m.51⟩ % 4, ⋯⟩) *
                ↑(arrayAt (arrayAt p.mixed ⟨3, ?m.51⟩) (limbCoord L hL)) +
            ↑(arrayAt c2 ⟨16 * (↑⟨4, ?m.55⟩ / 4) + 4 * ↑slot + ↑⟨4, ?m.55⟩ % 4, ⋯⟩) *
              ↑(arrayAt (arrayAt p.mixed ⟨4, ?m.55⟩) (limbCoord L hL)) +
          ↑(arrayAt c2 ⟨16 * (↑⟨5, ?m.59⟩ / 4) + 4 * ↑slot + ↑⟨5, ?m.59⟩ % 4, ⋯⟩) *
            ↑(arrayAt (arrayAt p.mixed ⟨5, ?m.59⟩) (limbCoord L hL)) ∧
      ↑raw < 4 * P * P ∧ ↑(R161WrappedMulExecution.wrappedFold raw) < 5 * P)
/home/dombarker/project-offloads/aspis-r57-lean-src-20260929-a/AspisV8R19/R616MixedLimbExecution.lean:1360:4: error: type expected, got
  (source_mixed_four_literal_chunk c2 p L slot 32#usize 33#usize 34#usize 35#usize hL hslot ⟨6, ?m.47⟩ ⟨7, ?m.51⟩
  ⟨8, ?m.55⟩ ⟨9, ?m.59⟩ ?m.60 ?m.61 ?m.62 ?m.63 hc2
  hp : ∃ raw,
  source_four_term_prefix (selected_source_mixed_product_literal c2 p L slot 32#usize)
        (selected_source_mixed_product_literal c2 p L slot 33#usize)
        (selected_source_mixed_product_literal c2 p L slot 34#usize)
        (selected_source_mixed_product_literal c2 p L slot 35#usize) =
      ok (R161WrappedMulExecution.wrappedFold raw) ∧
    ↑raw =
        ↑(arrayAt c2 ⟨16 * (↑⟨6, ?m.47⟩ / 4) + 4 * ↑slot + ↑⟨6, ?m.47⟩ % 4, ⋯⟩) *
                ↑(arrayAt (arrayAt p.mixed ⟨6, ?m.47⟩) (limbCoord L hL)) +
              ↑(arrayAt c2 ⟨16 * (↑⟨7, ?m.51⟩ / 4) + 4 * ↑slot + ↑⟨7, ?m.51⟩ % 4, ⋯⟩) *
                ↑(arrayAt (arrayAt p.mixed ⟨7, ?m.51⟩) (limbCoord L hL)) +
            ↑(arrayAt c2 ⟨16 * (↑⟨8, ?m.55⟩ / 4) + 4 * ↑slot + ↑⟨8, ?m.55⟩ % 4, ⋯⟩) *
              ↑(arrayAt (arrayAt p.mixed ⟨8, ?m.55⟩) (limbCoord L hL)) +
          ↑(arrayAt c2 ⟨16 * (↑⟨9, ?m.59⟩ / 4) + 4 * ↑slot + ↑⟨9, ?m.59⟩ % 4, ⋯⟩) *
            ↑(arrayAt (arrayAt p.mixed ⟨9, ?m.59⟩) (limbCoord L hL)) ∧
      ↑raw < 4 * P * P ∧ ↑(R161WrappedMulExecution.wrappedFold raw) < 5 * P)
/home/dombarker/project-offloads/aspis-r57-lean-src-20260929-a/AspisV8R19/R616MixedLimbExecution.lean:1486:24: warning: Used `tac1 <;> tac2` where `(tac1; tac2)` would suffice

Note: This linter can be disabled with `set_option linter.unnecessarySeqFocus false`
/home/dombarker/project-offloads/aspis-r57-lean-src-20260929-a/AspisV8R19/R616MixedLimbExecution.lean:1488:24: warning: Used `tac1 <;> tac2` where `(tac1; tac2)` would suffice

Note: This linter can be disabled with `set_option linter.unnecessarySeqFocus false`
/home/dombarker/project-offloads/aspis-r57-lean-src-20260929-a/AspisV8R19/R616MixedLimbExecution.lean:1491:24: warning: Used `tac1 <;> tac2` where `(tac1; tac2)` would suffice

Note: This linter can be disabled with `set_option linter.unnecessarySeqFocus false`
/home/dombarker/project-offloads/aspis-r57-lean-src-20260929-a/AspisV8R19/R616MixedLimbExecution.lean:1494:24: warning: Used `tac1 <;> tac2` where `(tac1; tac2)` would suffice

Note: This linter can be disabled with `set_option linter.unnecessarySeqFocus false`
'AspisV8R19.R616MixedLimbExecution.fourProducts_lt_u64' depends on axioms: [propext, Classical.choice, Quot.sound]
'_private.AspisV8R19.R616MixedLimbExecution.0.AspisV8R19.R616MixedLimbExecution.selected_index_ok' depends on axioms: [propext]
'AspisV8R19.R616MixedLimbExecution.selected_mixed_index_spec' depends on axioms: [propext, Classical.choice, Quot.sound]
'AspisV8R19.R616MixedLimbExecution.selected_mixed_c2_access' depends on axioms: [propext, Classical.choice, Quot.sound]
'AspisV8R19.R616MixedLimbExecution.selected_source_mixed_c2_access_ok' depends on axioms: [propext,
 Classical.choice,
 Quot.sound]
'AspisV8R19.R616MixedLimbExecution.selected_source_c1_product_ok' depends on axioms: [propext,
 Classical.choice,
 Quot.sound]
'_private.AspisV8R19.R616MixedLimbExecution.0.AspisV8R19.R616MixedLimbExecution.source_c1_term0_eq_factored' depends on axioms: [propext,
 Classical.choice,
 Quot.sound]
'AspisV8R19.R616MixedLimbExecution.source_c1_product_bind' depends on axioms: [propext, Classical.choice, Quot.sound]
'AspisV8R19.R616MixedLimbExecution.first_c1_four_source_chunk_bind' depends on axioms: [propext,
 Classical.choice,
 Quot.sound]
'AspisV8R19.R616MixedLimbExecution.first_c1_four_factored_chunk_success' depends on axioms: [propext,
 Classical.choice,
 Quot.sound]
'AspisV8R19.R616MixedLimbExecution.source_mixed_product_bind' depends on axioms: [propext, Classical.choice, Quot.sound]
'AspisV8R19.R616MixedLimbExecution.source_mixed_product_literal_bind' depends on axioms: [propext,
 Classical.choice,
 Quot.sound]
'AspisV8R19.R616MixedLimbExecution.selected_source_mixed_product_ok' depends on axioms: [propext,
 Classical.choice,
 Quot.sound]
'AspisV8R19.R616MixedLimbExecution.selected_source_mixed_product_value' depends on axioms: [propext,
 Classical.choice,
 Quot.sound]
'AspisV8R19.R616MixedLimbExecution.tenPartialChunks_fit' depends on axioms: [propext, Classical.choice, Quot.sound]
'AspisV8R19.R616MixedLimbExecution.partialChunks_mod' depends on axioms: [propext]
'AspisV8R19.R616MixedLimbExecution.mixedC2Index_lt48' depends on axioms: [propext, Quot.sound]
'AspisV8R19.R616MixedLimbExecution.limbIndex_lt4' does not depend on any axioms
'AspisV8R19.R616MixedLimbExecution.canonicalProduct_lt' depends on axioms: [propext, Classical.choice, Quot.sound]
'AspisV8R19.R616MixedLimbExecution.selected_reduce_u64_eq_frozen' depends on axioms: [propext,
 Classical.choice,
 Quot.sound]
'AspisV8R19.R616MixedLimbExecution.selected_m31_reduce_u64_eq_frozen' depends on axioms: [propext,
 Classical.choice,
 Quot.sound]
'AspisV8R19.R616MixedLimbExecution.selected_m31_reduce_u64_success' depends on axioms: [propext,
 Classical.choice,
 Quot.sound]
'AspisV8R19.R616MixedLimbExecution.selected_from_u32_eq_cast' does not depend on any axioms
'AspisV8R19.R616MixedLimbExecution.selected_u32_mul64_val' depends on axioms: [propext, Classical.choice, Quot.sound]
'AspisV8R19.R616MixedLimbExecution.selected_two_products_val' depends on axioms: [propext, Classical.choice, Quot.sound]
'AspisV8R19.R616MixedLimbExecution.selected_four_products_val' depends on axioms: [propext,
 Classical.choice,
 Quot.sound]
'AspisV8R19.R616MixedLimbExecution.selected_from_prime' depends on axioms: [propext, Classical.choice, Quot.sound]
'AspisV8R19.R616MixedLimbExecution.selected_reduce_chunk_eq_fold' depends on axioms: [propext,
 Classical.choice,
 Quot.sound]
'AspisV8R19.R616MixedLimbExecution.selected_reduce_chunk_success' depends on axioms: [propext,
 Classical.choice,
 Quot.sound]
'AspisV8R19.R616MixedLimbExecution.selected_chunk_residue' depends on axioms: [propext, Classical.choice, Quot.sound]
'AspisV8R19.R616MixedLimbExecution.selected_four_product_chunk' depends on axioms: [propext,
 Classical.choice,
 Quot.sound]
Command exited with non-zero status 1
	Command being timed: "/home/dombarker/.elan/bin/lake --dir /home/dombarker/project-offloads/aspis-r126-release-20260930-a/focus-workspace env lean -j1 -M4500 -R /home/dombarker/project-offloads/aspis-r57-lean-src-20260929-a -o /home/dombarker/project-offloads/aspis-r126-release-20260930-a/lib/AspisV8R19/R616MixedLimbExecution.olean /home/dombarker/project-offloads/aspis-r57-lean-src-20260929-a/AspisV8R19/R616MixedLimbExecution.lean"
	User time (seconds): 15.65
	System time (seconds): 0.45
	Percent of CPU this job got: 100%
	Elapsed (wall clock) time (h:mm:ss or m:ss): 0:16.07
	Average shared text size (kbytes): 0
	Average unshared data size (kbytes): 0
	Average stack size (kbytes): 0
	Average total size (kbytes): 0
	Maximum resident set size (kbytes): 3861404
	Average resident set size (kbytes): 0
	Major (requiring I/O) page faults: 0
	Minor (reclaiming a frame) page faults: 97256
	Voluntary context switches: 3535
	Involuntary context switches: 158
	Swaps: 0
	File system inputs: 0
	File system outputs: 0
	Socket messages sent: 0
	Socket messages received: 0
	Signals delivered: 0
	Page size (bytes): 4096
	Exit status: 1
Finished with result: exit-code
Main processes terminated with: code=exited/status=1
Service runtime: 16.100s
CPU time consumed: 16.140s
Memory peak: 288.0K
Memory swap peak: 0B
