Warning: Permanently added '100.108.41.90' (ED25519) to the list of known hosts.
Running as unit: aspis-focus-1790811311975217000.service; invocation ID: 74ae2bc315ba4ebba42ca165ae530140
'AspisV8R19.R165QuarticExecution.zero_test' depends on axioms: [propext, Classical.choice, Quot.sound]
'AspisV8R19.R165QuarticExecution.try_inverse_nonzero' depends on axioms: [propext, Classical.choice, Quot.sound]
'AspisV8R19.R165QuarticExecution.try_inverse_zero' depends on axioms: [propext, Classical.choice, Quot.sound]
'AspisV8R19.R165QuarticExecution.add' depends on axioms: [propext, Classical.choice, Quot.sound]
'AspisV8R19.R165QuarticExecution.sub' depends on axioms: [propext, Classical.choice, Quot.sound]
'AspisV8R19.R165QuarticExecution.square' depends on axioms: [propext, Classical.choice, Quot.sound]
'AspisV8R19.R165QuarticExecution.one' depends on axioms: [propext, Classical.choice, Quot.sound]
'AspisV8R19.R165QuarticExecution.zero' depends on axioms: [propext, Classical.choice, Quot.sound]
'AspisV8R19.R165QuarticExecution.toOld_encode' depends on axioms: [propext, Classical.choice, Quot.sound]
'AspisV8R19.R165QuarticExecution.fromOld_toOld' does not depend on any axioms
'AspisV8R19.R165QuarticExecution.encode_canonical' depends on axioms: [propext, Classical.choice, Quot.sound]
'AspisV8R19.R165QuarticExecution.decode_encode' depends on axioms: [propext, Classical.choice, Quot.sound]
'AspisV8R19.R165QuarticExecution.encode_decode' depends on axioms: [propext, Classical.choice, Quot.sound]
	Command being timed: "/home/dombarker/.elan/bin/lake --dir /home/dombarker/project-offloads/aspis-r126-release-20260930-a/focus-workspace env lean -j1 -M4500 -R /home/dombarker/project-offloads/aspis-r57-lean-src-20260929-a -o /home/dombarker/project-offloads/aspis-r126-release-20260930-a/lib/AspisV8R19/R165QuarticExecution.olean /home/dombarker/project-offloads/aspis-r57-lean-src-20260929-a/AspisV8R19/R165QuarticExecution.lean"
	User time (seconds): 1.27
	System time (seconds): 0.54
	Percent of CPU this job got: 100%
	Elapsed (wall clock) time (h:mm:ss or m:ss): 0:01.81
	Average shared text size (kbytes): 0
	Average unshared data size (kbytes): 0
	Average stack size (kbytes): 0
	Average total size (kbytes): 0
	Maximum resident set size (kbytes): 3710908
	Average resident set size (kbytes): 0
	Major (requiring I/O) page faults: 0
	Minor (reclaiming a frame) page faults: 86308
	Voluntary context switches: 953
	Involuntary context switches: 68
	Swaps: 0
	File system inputs: 0
	File system outputs: 296
	Socket messages sent: 0
	Socket messages received: 0
	Signals delivered: 0
	Page size (bytes): 4096
	Exit status: 0
Finished with result: success
Main processes terminated with: code=exited/status=0
Service runtime: 1.841s
CPU time consumed: 1.845s
Memory peak: 256.0K
Memory swap peak: 0B
