Warning: Permanently added '100.108.41.90' (ED25519) to the list of known hosts.
Running as unit: aspis-focus-1790811400194440000.service; invocation ID: d107260fb36a4d08a57fd68fff305ed5
'AspisV8R19.R166CircleExecution.decode_point' depends on axioms: [propext, Classical.choice, Quot.sound]
'AspisV8R19.R166CircleExecution.point_canonical' depends on axioms: [propext, Classical.choice, Quot.sound]
'AspisV8R19.R166CircleExecution.cm_eq_zero' depends on axioms: [propext, Classical.choice, Quot.sound]
'AspisV8R19.R166CircleExecution.circle_singular' depends on axioms: [propext, Classical.choice, Quot.sound]
'AspisV8R19.R166CircleExecution.circle_regular' depends on axioms: [propext, Classical.choice, Quot.sound]
'AspisV8R19.R166CircleExecution.ood_singular' depends on axioms: [propext, Classical.choice, Quot.sound]
'AspisV8R19.R166CircleExecution.ood_subfield' depends on axioms: [propext, Classical.choice, Quot.sound]
'AspisV8R19.R166CircleExecution.ood_outside' depends on axioms: [propext, Classical.choice, Quot.sound]
'AspisV8R19.R166CircleExecution.encoded_execution' depends on axioms: [propext, Classical.choice, Quot.sound]
'AspisV8R19.R166CircleExecution.source_execution' depends on axioms: [propext, Classical.choice, Quot.sound]
'AspisV8R19.R166CircleExecution.no_failure' depends on axioms: [propext, Classical.choice, Quot.sound]
'AspisV8R19.R166CircleExecution.successful_output' depends on axioms: [propext, Classical.choice, Quot.sound]
	Command being timed: "/home/dombarker/.elan/bin/lake --dir /home/dombarker/project-offloads/aspis-r126-release-20260930-a/focus-workspace env lean -j1 -M4500 -R /home/dombarker/project-offloads/aspis-r57-lean-src-20260929-a -o /home/dombarker/project-offloads/aspis-r126-release-20260930-a/lib/AspisV8R19/R166CircleExecution.olean /home/dombarker/project-offloads/aspis-r57-lean-src-20260929-a/AspisV8R19/R166CircleExecution.lean"
	User time (seconds): 1.81
	System time (seconds): 0.53
	Percent of CPU this job got: 100%
	Elapsed (wall clock) time (h:mm:ss or m:ss): 0:02.33
	Average shared text size (kbytes): 0
	Average unshared data size (kbytes): 0
	Average stack size (kbytes): 0
	Average total size (kbytes): 0
	Maximum resident set size (kbytes): 3717564
	Average resident set size (kbytes): 0
	Major (requiring I/O) page faults: 0
	Minor (reclaiming a frame) page faults: 87093
	Voluntary context switches: 1590
	Involuntary context switches: 65
	Swaps: 0
	File system inputs: 0
	File system outputs: 488
	Socket messages sent: 0
	Socket messages received: 0
	Signals delivered: 0
	Page size (bytes): 4096
	Exit status: 0
Finished with result: success
Main processes terminated with: code=exited/status=0
Service runtime: 2.365s
CPU time consumed: 2.371s
Memory peak: 512.0K
Memory swap peak: 0B
