{
  "status": "PASS_INDEPENDENT_STRUCTURAL_AUDIT",
  "input_sha256": "59412a374a2753759103071c7190ac6587249517b0f991e619afc8a12a93e197",
  "output_sha256": "83cb3e55a865bb66c2003ac670a9f6adcc7584ca600f468dab05a700ab98aab9",
  "roots": [
    [
      "Fun",
      0
    ],
    [
      "Fun",
      1
    ],
    [
      "Fun",
      2
    ],
    [
      "Fun",
      3
    ],
    [
      "Fun",
      4
    ],
    [
      "Fun",
      5
    ],
    [
      "Fun",
      7
    ],
    [
      "Fun",
      8
    ],
    [
      "Fun",
      9
    ],
    [
      "Fun",
      10
    ],
    [
      "Fun",
      11
    ],
    [
      "Fun",
      12
    ],
    [
      "Fun",
      13
    ],
    [
      "Fun",
      14
    ],
    [
      "Fun",
      15
    ],
    [
      "Fun",
      16
    ]
  ],
  "reachable_counts": {
    "Type": 5,
    "Fun": 27,
    "Global": 3
  },
  "ordered_count": 35,
  "edge_count": 70,
  "edge_set_matches_generator": true,
  "typed_reference_shapes": {
    "Adt-id": 362,
    "Global.record": 17,
    "Fun.Regular": 46
  },
  "integer_id_dictionary_count": 758,
  "integer_id_census_matches_generator": true,
  "missing_refs": [],
  "cycles": [],
  "trait_ast_refs": [],
  "fun_trait_source_refs": [],
  "all_dependencies_before_users": true,
  "all_reachable_exactly_once_no_extras": true,
  "all_type_fun_global_trait_declaration_rows_identical": true,
  "only_changed_json_path": "translated.ordered_decls",
  "all_other_json_identical": true,
  "fun6_input_present_unchanged": true,
  "fun6_input_emitted_or_reached": false,
  "cinput_scope": "Fun6 C::input remains present in the original declaration table, unchanged, but is not a root, not reachable from selected roots, and not emitted. The existing README marks it excluded/unproved because of Option try-trait dictionaries.",
  "scope": "Structural metadata-order audit only; no translation or source-semantics claim.",
  "root_body_metadata": [
    {
      "kind": "Fun",
      "id": 0,
      "local": true,
      "has_body": true,
      "name_metadata": [
        {
          "Ident": [
            "aspis_v8_performance_host",
            0
          ]
        },
        {
          "Ident": [
            "circle_norm",
            0
          ]
        },
        {
          "Ident": [
            "joined_inverse",
            0
          ]
        },
        {
          "Ident": [
            "line_norm",
            0
          ]
        },
        {
          "Ident": [
            "r110_norm",
            0
          ]
        },
        {
          "Impl": {
            "Ty": {
              "params": {
                "regions": [],
                "types": [],
                "const_generics": [],
                "trait_clauses": [],
                "regions_outlive": [],
                "types_outlive": [],
                "trait_type_constraints": []
              },
              "skip_binder": {
                "Adt": {
                  "id": {
                    "Adt": 0
                  },
                  "generics": {
                    "regions": [],
                    "types": [],
                    "const_generics": [],
                    "trait_refs": []
                  }
                }
              },
              "kind": "InherentImplBlock"
            }
          }
        },
        {
          "Ident": [
            "input",
            0
          ]
        }
      ]
    },
    {
      "kind": "Fun",
      "id": 1,
      "local": true,
      "has_body": true,
      "name_metadata": [
        {
          "Ident": [
            "aspis_v8_performance_host",
            0
          ]
        },
        {
          "Ident": [
            "circle_norm",
            0
          ]
        },
        {
          "Ident": [
            "joined_inverse",
            0
          ]
        },
        {
          "Ident": [
            "line_norm",
            0
          ]
        },
        {
          "Ident": [
            "r110_norm",
            0
          ]
        },
        {
          "Impl": {
            "Ty": {
              "params": {
                "regions": [],
                "types": [],
                "const_generics": [],
                "trait_clauses": [],
                "regions_outlive": [],
                "types_outlive": [],
                "trait_type_constraints": []
              },
              "skip_binder": {
                "Adt": {
                  "id": {
                    "Adt": 0
                  },
                  "generics": {
                    "regions": [],
                    "types": [],
                    "const_generics": [],
                    "trait_refs": []
                  }
                }
              },
              "kind": "InherentImplBlock"
            }
          }
        },
        {
          "Ident": [
            "reduce",
            0
          ]
        }
      ]
    },
    {
      "kind": "Fun",
      "id": 2,
      "local": true,
      "has_body": true,
      "name_metadata": [
        {
          "Ident": [
            "aspis_v8_performance_host",
            0
          ]
        },
        {
          "Ident": [
            "circle_norm",
            0
          ]
        },
        {
          "Ident": [
            "joined_inverse",
            0
          ]
        },
        {
          "Ident": [
            "line_norm",
            0
          ]
        },
        {
          "Ident": [
            "r110_norm",
            0
          ]
        },
        {
          "Impl": {
            "Ty": {
              "params": {
                "regions": [],
                "types": [],
                "const_generics": [],
                "trait_clauses": [],
                "regions_outlive": [],
                "types_outlive": [],
                "trait_type_constraints": []
              },
              "skip_binder": {
                "Adt": {
                  "id": {
                    "Adt": 0
                  },
                  "generics": {
                    "regions": [],
                    "types": [],
                    "const_generics": [],
                    "trait_refs": []
                  }
                }
              },
              "kind": "InherentImplBlock"
            }
          }
        },
        {
          "Ident": [
            "add",
            0
          ]
        }
      ]
    },
    {
      "kind": "Fun",
      "id": 3,
      "local": true,
      "has_body": true,
      "name_metadata": [
        {
          "Ident": [
            "aspis_v8_performance_host",
            0
          ]
        },
        {
          "Ident": [
            "circle_norm",
            0
          ]
        },
        {
          "Ident": [
            "joined_inverse",
            0
          ]
        },
        {
          "Ident": [
            "line_norm",
            0
          ]
        },
        {
          "Ident": [
            "r110_norm",
            0
          ]
        },
        {
          "Impl": {
            "Ty": {
              "params": {
                "regions": [],
                "types": [],
                "const_generics": [],
                "trait_clauses": [],
                "regions_outlive": [],
                "types_outlive": [],
                "trait_type_constraints": []
              },
              "skip_binder": {
                "Adt": {
                  "id": {
                    "Adt": 0
                  },
                  "generics": {
                    "regions": [],
                    "types": [],
                    "const_generics": [],
                    "trait_refs": []
                  }
                }
              },
              "kind": "InherentImplBlock"
            }
          }
        },
        {
          "Ident": [
            "sub",
            0
          ]
        }
      ]
    },
    {
      "kind": "Fun",
      "id": 4,
      "local": true,
      "has_body": true,
      "name_metadata": [
        {
          "Ident": [
            "aspis_v8_performance_host",
            0
          ]
        },
        {
          "Ident": [
            "circle_norm",
            0
          ]
        },
        {
          "Ident": [
            "joined_inverse",
            0
          ]
        },
        {
          "Ident": [
            "line_norm",
            0
          ]
        },
        {
          "Ident": [
            "r110_norm",
            0
          ]
        },
        {
          "Impl": {
            "Ty": {
              "params": {
                "regions": [],
                "types": [],
                "const_generics": [],
                "trait_clauses": [],
                "regions_outlive": [],
                "types_outlive": [],
                "trait_type_constraints": []
              },
              "skip_binder": {
                "Adt": {
                  "id": {
                    "Adt": 0
                  },
                  "generics": {
                    "regions": [],
                    "types": [],
                    "const_generics": [],
                    "trait_refs": []
                  }
                }
              },
              "kind": "InherentImplBlock"
            }
          }
        },
        {
          "Ident": [
            "half",
            0
          ]
        }
      ]
    },
    {
      "kind": "Fun",
      "id": 5,
      "local": true,
      "has_body": true,
      "name_metadata": [
        {
          "Ident": [
            "aspis_v8_performance_host",
            0
          ]
        },
        {
          "Ident": [
            "circle_norm",
            0
          ]
        },
        {
          "Ident": [
            "joined_inverse",
            0
          ]
        },
        {
          "Ident": [
            "line_norm",
            0
          ]
        },
        {
          "Ident": [
            "r110_norm",
            0
          ]
        },
        {
          "Impl": {
            "Ty": {
              "params": {
                "regions": [],
                "types": [],
                "const_generics": [],
                "trait_clauses": [],
                "regions_outlive": [],
                "types_outlive": [],
                "trait_type_constraints": []
              },
              "skip_binder": {
                "Adt": {
                  "id": {
                    "Adt": 0
                  },
                  "generics": {
                    "regions": [],
                    "types": [],
                    "const_generics": [],
                    "trait_refs": []
                  }
                }
              },
              "kind": "InherentImplBlock"
            }
          }
        },
        {
          "Ident": [
            "mul",
            0
          ]
        }
      ]
    },
    {
      "kind": "Fun",
      "id": 7,
      "local": true,
      "has_body": true,
      "name_metadata": [
        {
          "Ident": [
            "aspis_v8_performance_host",
            0
          ]
        },
        {
          "Ident": [
            "circle_norm",
            0
          ]
        },
        {
          "Ident": [
            "joined_inverse",
            0
          ]
        },
        {
          "Ident": [
            "line_norm",
            0
          ]
        },
        {
          "Ident": [
            "r110_norm",
            0
          ]
        },
        {
          "Impl": {
            "Ty": {
              "params": {
                "regions": [],
                "types": [],
                "const_generics": [],
                "trait_clauses": [],
                "regions_outlive": [],
                "types_outlive": [],
                "trait_type_constraints": []
              },
              "skip_binder": {
                "Adt": {
                  "id": {
                    "Adt": 1
                  },
                  "generics": {
                    "regions": [],
                    "types": [],
                    "const_generics": [],
                    "trait_refs": []
                  }
                }
              },
              "kind": "InherentImplBlock"
            }
          }
        },
        {
          "Ident": [
            "output",
            0
          ]
        }
      ]
    },
    {
      "kind": "Fun",
      "id": 8,
      "local": true,
      "has_body": true,
      "name_metadata": [
        {
          "Ident": [
            "aspis_v8_performance_host",
            0
          ]
        },
        {
          "Ident": [
            "circle_norm",
            0
          ]
        },
        {
          "Ident": [
            "joined_inverse",
            0
          ]
        },
        {
          "Ident": [
            "line_norm",
            0
          ]
        },
        {
          "Ident": [
            "r110_norm",
            0
          ]
        },
        {
          "Impl": {
            "Ty": {
              "params": {
                "regions": [],
                "types": [],
                "const_generics": [],
                "trait_clauses": [],
                "regions_outlive": [],
                "types_outlive": [],
                "trait_type_constraints": []
              },
              "skip_binder": {
                "Adt": {
                  "id": {
                    "Adt": 1
                  },
                  "generics": {
                    "regions": [],
                    "types": [],
                    "const_generics": [],
                    "trait_refs": []
                  }
                }
              },
              "kind": "InherentImplBlock"
            }
          }
        },
        {
          "Ident": [
            "add",
            0
          ]
        }
      ]
    },
    {
      "kind": "Fun",
      "id": 9,
      "local": true,
      "has_body": true,
      "name_metadata": [
        {
          "Ident": [
            "aspis_v8_performance_host",
            0
          ]
        },
        {
          "Ident": [
            "circle_norm",
            0
          ]
        },
        {
          "Ident": [
            "joined_inverse",
            0
          ]
        },
        {
          "Ident": [
            "line_norm",
            0
          ]
        },
        {
          "Ident": [
            "r110_norm",
            0
          ]
        },
        {
          "Impl": {
            "Ty": {
              "params": {
                "regions": [],
                "types": [],
                "const_generics": [],
                "trait_clauses": [],
                "regions_outlive": [],
                "types_outlive": [],
                "trait_type_constraints": []
              },
              "skip_binder": {
                "Adt": {
                  "id": {
                    "Adt": 1
                  },
                  "generics": {
                    "regions": [],
                    "types": [],
                    "const_generics": [],
                    "trait_refs": []
                  }
                }
              },
              "kind": "InherentImplBlock"
            }
          }
        },
        {
          "Ident": [
            "sub",
            0
          ]
        }
      ]
    },
    {
      "kind": "Fun",
      "id": 10,
      "local": true,
      "has_body": true,
      "name_metadata": [
        {
          "Ident": [
            "aspis_v8_performance_host",
            0
          ]
        },
        {
          "Ident": [
            "circle_norm",
            0
          ]
        },
        {
          "Ident": [
            "joined_inverse",
            0
          ]
        },
        {
          "Ident": [
            "line_norm",
            0
          ]
        },
        {
          "Ident": [
            "r110_norm",
            0
          ]
        },
        {
          "Impl": {
            "Ty": {
              "params": {
                "regions": [],
                "types": [],
                "const_generics": [],
                "trait_clauses": [],
                "regions_outlive": [],
                "types_outlive": [],
                "trait_type_constraints": []
              },
              "skip_binder": {
                "Adt": {
                  "id": {
                    "Adt": 1
                  },
                  "generics": {
                    "regions": [],
                    "types": [],
                    "const_generics": [],
                    "trait_refs": []
                  }
                }
              },
              "kind": "InherentImplBlock"
            }
          }
        },
        {
          "Ident": [
            "half",
            0
          ]
        }
      ]
    },
    {
      "kind": "Fun",
      "id": 11,
      "local": true,
      "has_body": true,
      "name_metadata": [
        {
          "Ident": [
            "aspis_v8_performance_host",
            0
          ]
        },
        {
          "Ident": [
            "circle_norm",
            0
          ]
        },
        {
          "Ident": [
            "joined_inverse",
            0
          ]
        },
        {
          "Ident": [
            "line_norm",
            0
          ]
        },
        {
          "Ident": [
            "r110_norm",
            0
          ]
        },
        {
          "Impl": {
            "Ty": {
              "params": {
                "regions": [],
                "types": [],
                "const_generics": [],
                "trait_clauses": [],
                "regions_outlive": [],
                "types_outlive": [],
                "trait_type_constraints": []
              },
              "skip_binder": {
                "Adt": {
                  "id": {
                    "Adt": 1
                  },
                  "generics": {
                    "regions": [],
                    "types": [],
                    "const_generics": [],
                    "trait_refs": []
                  }
                }
              },
              "kind": "InherentImplBlock"
            }
          }
        },
        {
          "Ident": [
            "mul_m",
            0
          ]
        }
      ]
    },
    {
      "kind": "Fun",
      "id": 12,
      "local": true,
      "has_body": true,
      "name_metadata": [
        {
          "Ident": [
            "aspis_v8_performance_host",
            0
          ]
        },
        {
          "Ident": [
            "circle_norm",
            0
          ]
        },
        {
          "Ident": [
            "joined_inverse",
            0
          ]
        },
        {
          "Ident": [
            "line_norm",
            0
          ]
        },
        {
          "Ident": [
            "r110_norm",
            0
          ]
        },
        {
          "Impl": {
            "Ty": {
              "params": {
                "regions": [],
                "types": [],
                "const_generics": [],
                "trait_clauses": [],
                "regions_outlive": [],
                "types_outlive": [],
                "trait_type_constraints": []
              },
              "skip_binder": {
                "Adt": {
                  "id": {
                    "Adt": 1
                  },
                  "generics": {
                    "regions": [],
                    "types": [],
                    "const_generics": [],
                    "trait_refs": []
                  }
                }
              },
              "kind": "InherentImplBlock"
            }
          }
        },
        {
          "Ident": [
            "mul",
            0
          ]
        }
      ]
    },
    {
      "kind": "Fun",
      "id": 13,
      "local": true,
      "has_body": true,
      "name_metadata": [
        {
          "Ident": [
            "aspis_v8_performance_host",
            0
          ]
        },
        {
          "Ident": [
            "circle_norm",
            0
          ]
        },
        {
          "Ident": [
            "joined_inverse",
            0
          ]
        },
        {
          "Ident": [
            "line_norm",
            0
          ]
        },
        {
          "Ident": [
            "r110_norm",
            0
          ]
        },
        {
          "Impl": {
            "Ty": {
              "params": {
                "regions": [],
                "types": [],
                "const_generics": [],
                "trait_clauses": [],
                "regions_outlive": [],
                "types_outlive": [],
                "trait_type_constraints": []
              },
              "skip_binder": {
                "Adt": {
                  "id": {
                    "Adt": 1
                  },
                  "generics": {
                    "regions": [],
                    "types": [],
                    "const_generics": [],
                    "trait_refs": []
                  }
                }
              },
              "kind": "InherentImplBlock"
            }
          }
        },
        {
          "Ident": [
            "square",
            0
          ]
        }
      ]
    },
    {
      "kind": "Fun",
      "id": 14,
      "local": true,
      "has_body": true,
      "name_metadata": [
        {
          "Ident": [
            "aspis_v8_performance_host",
            0
          ]
        },
        {
          "Ident": [
            "circle_norm",
            0
          ]
        },
        {
          "Ident": [
            "joined_inverse",
            0
          ]
        },
        {
          "Ident": [
            "line_norm",
            0
          ]
        },
        {
          "Ident": [
            "r110_norm",
            0
          ]
        },
        {
          "Impl": {
            "Ty": {
              "params": {
                "regions": [],
                "types": [],
                "const_generics": [],
                "trait_clauses": [],
                "regions_outlive": [],
                "types_outlive": [],
                "trait_type_constraints": []
              },
              "skip_binder": {
                "Adt": {
                  "id": {
                    "Adt": 1
                  },
                  "generics": {
                    "regions": [],
                    "types": [],
                    "const_generics": [],
                    "trait_refs": []
                  }
                }
              },
              "kind": "InherentImplBlock"
            }
          }
        },
        {
          "Ident": [
            "times_r",
            0
          ]
        }
      ]
    },
    {
      "kind": "Fun",
      "id": 15,
      "local": true,
      "has_body": true,
      "name_metadata": [
        {
          "Ident": [
            "aspis_v8_performance_host",
            0
          ]
        },
        {
          "Ident": [
            "circle_norm",
            0
          ]
        },
        {
          "Ident": [
            "joined_inverse",
            0
          ]
        },
        {
          "Ident": [
            "line_norm",
            0
          ]
        },
        {
          "Ident": [
            "r110_norm",
            0
          ]
        },
        {
          "Impl": {
            "Ty": {
              "params": {
                "regions": [],
                "types": [],
                "const_generics": [],
                "trait_clauses": [],
                "regions_outlive": [],
                "types_outlive": [],
                "trait_type_constraints": []
              },
              "skip_binder": {
                "Adt": {
                  "id": {
                    "Adt": 1
                  },
                  "generics": {
                    "regions": [],
                    "types": [],
                    "const_generics": [],
                    "trait_refs": []
                  }
                }
              },
              "kind": "InherentImplBlock"
            }
          }
        },
        {
          "Ident": [
            "norm",
            0
          ]
        }
      ]
    },
    {
      "kind": "Fun",
      "id": 16,
      "local": true,
      "has_body": true,
      "name_metadata": [
        {
          "Ident": [
            "aspis_v8_performance_host",
            0
          ]
        },
        {
          "Ident": [
            "circle_norm",
            0
          ]
        },
        {
          "Ident": [
            "joined_inverse",
            0
          ]
        },
        {
          "Ident": [
            "line_norm",
            0
          ]
        },
        {
          "Ident": [
            "r110_norm",
            0
          ]
        },
        {
          "Impl": {
            "Ty": {
              "params": {
                "regions": [],
                "types": [],
                "const_generics": [],
                "trait_clauses": [],
                "regions_outlive": [],
                "types_outlive": [],
                "trait_type_constraints": []
              },
              "skip_binder": {
                "Adt": {
                  "id": {
                    "Adt": 1
                  },
                  "generics": {
                    "regions": [],
                    "types": [],
                    "const_generics": [],
                    "trait_refs": []
                  }
                }
              },
              "kind": "InherentImplBlock"
            }
          }
        },
        {
          "Ident": [
            "double",
            0
          ]
        }
      ]
    }
  ]
}
