Warning: Permanently added '100.108.41.90' (ED25519) to the list of known hosts.
Running as unit: aspis-focus-1791088132878828000.service; invocation ID: a292e9d556a44702b38df892944c715c
/home/dombarker/project-offloads/aspis-r57-lean-src-20260929-a/docs/research/v8-full-view-zk-20260912/lean/AspisV8R19/R577NativeInnerSamplerExecution.lean:52:54: warning: This simp argument is unused:
  bind_assoc_eq

Hint: Omit it from the simp argument list.
  simp [toCurrentTranscript, fromCurrentTranscript, b̵i̵n̵d̵_̵a̵s̵s̵o̵c̵_̵e̵q̵,̵ ̵bind_tc_ok, Prod.fst, Prod.snd]

Note: This linter can be disabled with `set_option linter.unusedSimpArgs false`
/home/dombarker/project-offloads/aspis-r57-lean-src-20260929-a/docs/research/v8-full-view-zk-20260912/lean/AspisV8R19/R577NativeInnerSamplerExecution.lean:53:6: warning: This simp argument is unused:
  Prod.fst

Hint: Omit it from the simp argument list.
  simp [toCurrentTranscript, fromCurrentTranscript, bind_assoc_eq, bind_tc_ok,
  ̵  ̵ ̵ ̵ ̵ ̵Prod.f̵st̵,̵ ̵P̵r̵o̵d̵.̵s̵nd]

Note: This linter can be disabled with `set_option linter.unusedSimpArgs false`
/home/dombarker/project-offloads/aspis-r57-lean-src-20260929-a/docs/research/v8-full-view-zk-20260912/lean/AspisV8R19/R577NativeInnerSamplerExecution.lean:53:16: warning: This simp argument is unused:
  Prod.snd

Hint: Omit it from the simp argument list.
  simp [toCurrentTranscript, fromCurrentTranscript, bind_assoc_eq, bind_tc_ok,
  ̵  ̵ ̵ ̵ ̵ ̵Prod.fst,̵ ̵P̵r̵o̵d̵.̵s̵n̵d̵]

Note: This linter can be disabled with `set_option linter.unusedSimpArgs false`
/home/dombarker/project-offloads/aspis-r57-lean-src-20260929-a/docs/research/v8-full-view-zk-20260912/lean/AspisV8R19/R577NativeInnerSamplerExecution.lean:91:35: warning: This simp argument is unused:
  R137SamplerWordRead.sourceRead_success block 0#usize (by decide)

Hint: Omit it from the simp argument list.
  simp only [hs, bind_tc_ok, R137SamplerW̵o̵r̵d̵R̵e̵a̵d̵.̵s̵o̵u̵r̵c̵e̵R̵e̵a̵d̵_̵s̵u̵c̵c̵e̵s̵s̵
  ̵ ̵ ̵ ̵ ̵ ̵ ̵ ̵ ̵ ̵ ̵b̵l̵o̵c̵k̵ ̵0̵#̵u̵s̵i̵z̵e̵ ̵(̵b̵y̵ ̵d̵e̵c̵i̵d̵e̵)̵,̵ ̵R̵1̵3̵7̵S̵a̵m̵p̵l̵e̵r̵InnerStep.decideWord] at h

Note: This linter can be disabled with `set_option linter.unusedSimpArgs false`
/home/dombarker/project-offloads/aspis-r57-lean-src-20260929-a/docs/research/v8-full-view-zk-20260912/lean/AspisV8R19/R577NativeInnerSamplerExecution.lean:127:11: error: unsolved goals
case fail
limb : AspisR156FullFreeze.aspis_core.field.M31
r : core.ops.range.Range U32
s : CTranscript
b : Std.Array U8 32#usize
j : Usize
r1 : core.ops.range.Range U32
s1 : CTranscript
b1 : Std.Array U8 32#usize
j1 : Usize
hr : ↑r.start < ↑r.end
hj : ↑j ≤ 8
sourceState : AspisR137Transcript.transcript.Transcript := R167TranscriptPrimitiveExecution.toR137 s
hround : R167TranscriptPrimitiveExecution.fromR137 sourceState = s
e : Error
hb : AspisR137Transcript.transcript.Transcript.challenge_qm31_loop0_loop0.body limb r sourceState b j = fail e
h : fail e = ok (cont (r1, s1, b1, j1))
⊢ ↑j1 ≤ 8
/home/dombarker/project-offloads/aspis-r57-lean-src-20260929-a/docs/research/v8-full-view-zk-20260912/lean/AspisV8R19/R577NativeInnerSamplerExecution.lean:128:8: error: unsolved goals
case div
limb : AspisR156FullFreeze.aspis_core.field.M31
r : core.ops.range.Range U32
s : CTranscript
b : Std.Array U8 32#usize
j : Usize
r1 : core.ops.range.Range U32
s1 : CTranscript
b1 : Std.Array U8 32#usize
j1 : Usize
hr : ↑r.start < ↑r.end
hj : ↑j ≤ 8
sourceState : AspisR137Transcript.transcript.Transcript := R167TranscriptPrimitiveExecution.toR137 s
hround : R167TranscriptPrimitiveExecution.fromR137 sourceState = s
hb : AspisR137Transcript.transcript.Transcript.challenge_qm31_loop0_loop0.body limb r sourceState b j = div
h : div = ok (cont (r1, s1, b1, j1))
⊢ ↑j1 ≤ 8
/home/dombarker/project-offloads/aspis-r57-lean-src-20260929-a/docs/research/v8-full-view-zk-20260912/lean/AspisV8R19/R577NativeInnerSamplerExecution.lean:131:17: error: unsolved goals
case ok.done
limb : AspisR156FullFreeze.aspis_core.field.M31
r : core.ops.range.Range U32
s : CTranscript
b : Std.Array U8 32#usize
j : Usize
r1 : core.ops.range.Range U32
s1 : CTranscript
b1 : Std.Array U8 32#usize
j1 : Usize
hr : ↑r.start < ↑r.end
hj : ↑j ≤ 8
sourceState : AspisR137Transcript.transcript.Transcript := R167TranscriptPrimitiveExecution.toR137 s
hround : R167TranscriptPrimitiveExecution.fromR137 sourceState = s
out : AspisR137Transcript.transcript.Transcript × Std.Array U8 32#usize × Usize × AspisR137Transcript.field.M31 × Bool
hb : AspisR137Transcript.transcript.Transcript.challenge_qm31_loop0_loop0.body limb r sourceState b j = ok (done out)
h :
  ok (done (R167TranscriptPrimitiveExecution.fromR137 out.1, out.2.1, out.2.2.1, out.2.2.2.1, out.2.2.2.2)) =
    ok (cont (r1, s1, b1, j1))
⊢ ↑j1 ≤ 8
/home/dombarker/project-offloads/aspis-r57-lean-src-20260929-a/docs/research/v8-full-view-zk-20260912/lean/AspisV8R19/R577NativeInnerSamplerExecution.lean:139:67: error(lean.unknownIdentifier): Unknown identifier `r1`
/home/dombarker/project-offloads/aspis-r57-lean-src-20260929-a/docs/research/v8-full-view-zk-20260912/lean/AspisV8R19/R577NativeInnerSamplerExecution.lean:197:21: warning: This simp argument is unused:
  bind_assoc_eq

Hint: Omit it from the simp argument list.
  simp only [bind_a̵s̵s̵o̵c̵_̵e̵q̵,̵ ̵b̵i̵n̵d̵_̵tc_ok, nativeControl, pendingNative, finishedNative]

Note: This linter can be disabled with `set_option linter.unusedSimpArgs false`
/home/dombarker/project-offloads/aspis-r57-lean-src-20260929-a/docs/research/v8-full-view-zk-20260912/lean/AspisV8R19/R577NativeInnerSamplerExecution.lean:202:36: warning: This simp argument is unused:
  bind_assoc_eq

Hint: Omit it from the simp argument list.
  simp only [hm0, ha0, hn0, b̵i̵n̵d̵_̵a̵s̵s̵o̵c̵_̵e̵q̵,̵ ̵bind_tc_ok, nativeControl, pendingNative, finishedNative]

Note: This linter can be disabled with `set_option linter.unusedSimpArgs false`
/home/dombarker/project-offloads/aspis-r57-lean-src-20260929-a/docs/research/v8-full-view-zk-20260912/lean/AspisV8R19/R577NativeInnerSamplerExecution.lean:203:12: warning: This simp argument is unused:
  nativeControl

Hint: Omit it from the simp argument list.
  simp only [hm0, ha0, hn0, bind_assoc_eq, bind_tc_ok, n̵a̵t̵i̵v̵e̵C̵o̵n̵t̵r̵o̵l̵,̵ ̵pendingNative, finishedNative]

Note: This linter can be disabled with `set_option linter.unusedSimpArgs false`
/home/dombarker/project-offloads/aspis-r57-lean-src-20260929-a/docs/research/v8-full-view-zk-20260912/lean/AspisV8R19/R577NativeInnerSamplerExecution.lean:203:27: warning: This simp argument is unused:
  pendingNative

Hint: Omit it from the simp argument list.
  simp only [hm0, ha0, hn0, bind_assoc_eq, bind_tc_ok, nativeControl, p̵e̵n̵d̵i̵n̵g̵N̵a̵t̵i̵v̵e̵,̵ ̵finishedNative]

Note: This linter can be disabled with `set_option linter.unusedSimpArgs false`
/home/dombarker/project-offloads/aspis-r57-lean-src-20260929-a/docs/research/v8-full-view-zk-20260912/lean/AspisV8R19/R577NativeInnerSamplerExecution.lean:203:42: warning: This simp argument is unused:
  finishedNative

Hint: Omit it from the simp argument list.
  simp only [hm0, ha0, hn0, bind_assoc_eq, bind_tc_ok, nativeControl, p̵e̵n̵d̵i̵n̵g̵N̵a̵t̵i̵v̵e̵,̵ ̵f̵i̵n̵i̵s̵h̵e̵d̵N̵a̵t̵i̵v̵e̵]̵p̲e̲n̲d̲i̲n̲g̲N̲a̲t̲i̲v̲e̲]̲

Note: This linter can be disabled with `set_option linter.unusedSimpArgs false`
/home/dombarker/project-offloads/aspis-r57-lean-src-20260929-a/docs/research/v8-full-view-zk-20260912/lean/AspisV8R19/R577NativeInnerSamplerExecution.lean:217:30: warning: This simp argument is unused:
  bind_assoc_eq

Hint: Omit it from the simp argument list.
  simp only [if_neg hr,̵ ̵b̵i̵n̵d̵_̵a̵s̵s̵o̵c̵_̵e̵q̵]

Note: This linter can be disabled with `set_option linter.unusedSimpArgs false`
Command exited with non-zero status 1
	Command being timed: "/home/dombarker/.elan/bin/lake --dir /home/dombarker/project-offloads/aspis-r126-release-20260930-a/focus-workspace env lean -j1 -M4500 -R /home/dombarker/project-offloads/aspis-r57-lean-src-20260929-a -o /home/dombarker/project-offloads/aspis-r126-release-20260930-a/lib/docs/research/v8-full-view-zk-20260912/lean/AspisV8R19/R577NativeInnerSamplerExecution.olean /home/dombarker/project-offloads/aspis-r57-lean-src-20260929-a/docs/research/v8-full-view-zk-20260912/lean/AspisV8R19/R577NativeInnerSamplerExecution.lean"
	User time (seconds): 2.12
	System time (seconds): 0.38
	Percent of CPU this job got: 100%
	Elapsed (wall clock) time (h:mm:ss or m:ss): 0:02.49
	Average shared text size (kbytes): 0
	Average unshared data size (kbytes): 0
	Average stack size (kbytes): 0
	Average total size (kbytes): 0
	Maximum resident set size (kbytes): 3752060
	Average resident set size (kbytes): 0
	Major (requiring I/O) page faults: 1
	Minor (reclaiming a frame) page faults: 86898
	Voluntary context switches: 798
	Involuntary context switches: 61
	Swaps: 0
	File system inputs: 136
	File system outputs: 0
	Socket messages sent: 0
	Socket messages received: 0
	Signals delivered: 0
	Page size (bytes): 4096
	Exit status: 1
Finished with result: exit-code
Main processes terminated with: code=exited/status=1
Service runtime: 2.529s
CPU time consumed: 2.547s
Memory peak: 288.0K
Memory swap peak: 0B
