Warning: Permanently added '100.108.41.90' (ED25519) to the list of known hosts.
Running as unit: aspis-focus-1791156069391779000-29f680b7730a.service; invocation ID: 6f398913b3494a509fd4320e4f895907
'AspisV8R19.R806Point02SelectedChunk08.p0_d059_s1_flat64' depends on axioms: [propext, Classical.choice, Quot.sound]
'AspisV8R19.R806Point02SelectedChunk08.p2_d059_s1_flat64' depends on axioms: [propext, Classical.choice, Quot.sound]
'AspisV8R19.R806Point02SelectedChunk08.p0_d060_s0_flat65' depends on axioms: [propext, Classical.choice, Quot.sound]
'AspisV8R19.R806Point02SelectedChunk08.p2_d060_s0_flat65' depends on axioms: [propext, Classical.choice, Quot.sound]
'AspisV8R19.R806Point02SelectedChunk08.p0_d060_s2_flat66' depends on axioms: [propext, Classical.choice, Quot.sound]
'AspisV8R19.R806Point02SelectedChunk08.p2_d060_s2_flat66' depends on axioms: [propext, Classical.choice, Quot.sound]
'AspisV8R19.R806Point02SelectedChunk08.p0_d061_s0_flat67' depends on axioms: [propext, Classical.choice, Quot.sound]
'AspisV8R19.R806Point02SelectedChunk08.p2_d061_s0_flat67' depends on axioms: [propext, Classical.choice, Quot.sound]
'AspisV8R19.R806Point02SelectedChunk08.p0_d061_s2_flat68' depends on axioms: [propext, Classical.choice, Quot.sound]
'AspisV8R19.R806Point02SelectedChunk08.p2_d061_s2_flat68' depends on axioms: [propext, Classical.choice, Quot.sound]
'AspisV8R19.R806Point02SelectedChunk08.p0_d062_s0_flat69' depends on axioms: [propext, Classical.choice, Quot.sound]
'AspisV8R19.R806Point02SelectedChunk08.p2_d062_s0_flat69' depends on axioms: [propext, Classical.choice, Quot.sound]
'AspisV8R19.R806Point02SelectedChunk08.p0_d062_s2_flat70' depends on axioms: [propext, Classical.choice, Quot.sound]
'AspisV8R19.R806Point02SelectedChunk08.p2_d062_s2_flat70' depends on axioms: [propext, Classical.choice, Quot.sound]
'AspisV8R19.R806Point02SelectedChunk08.p0_d063_s0_flat71' depends on axioms: [propext, Classical.choice, Quot.sound]
'AspisV8R19.R806Point02SelectedChunk08.p2_d063_s0_flat71' depends on axioms: [propext, Classical.choice, Quot.sound]
	Command being timed: "/home/dombarker/.elan/bin/lake --dir /home/dombarker/project-offloads/aspis-r126-release-20260930-a/focus-workspace env lean -j1 -M4500 -R /home/dombarker/project-offloads/aspis-r57-lean-src-20260929-a -o /home/dombarker/project-offloads/aspis-r126-release-20260930-a/lib/AspisV8R19/R806Point02SelectedChunk08.olean /home/dombarker/project-offloads/aspis-r57-lean-src-20260929-a/AspisV8R19/R806Point02SelectedChunk08.lean"
	User time (seconds): 2.12
	System time (seconds): 0.37
	Percent of CPU this job got: 100%
	Elapsed (wall clock) time (h:mm:ss or m:ss): 0:02.49
	Average shared text size (kbytes): 0
	Average unshared data size (kbytes): 0
	Average stack size (kbytes): 0
	Average total size (kbytes): 0
	Maximum resident set size (kbytes): 3325772
	Average resident set size (kbytes): 0
	Major (requiring I/O) page faults: 4
	Minor (reclaiming a frame) page faults: 78715
	Voluntary context switches: 944
	Involuntary context switches: 61
	Swaps: 0
	File system inputs: 1680
	File system outputs: 512
	Socket messages sent: 0
	Socket messages received: 0
	Signals delivered: 0
	Page size (bytes): 4096
	Exit status: 0
Finished with result: success
Main processes terminated with: code=exited/status=0
Service runtime: 2.522s
CPU time consumed: 2.532s
Memory peak: 256.0K
Memory swap peak: 0B
