Warning: Permanently added '100.108.41.90' (ED25519) to the list of known hosts.
Running as unit: aspis-focus-1791156048726536000-c4596c87e613.service; invocation ID: 6f368c719723488c9c9da7015998422e
'AspisV8R19.R806Point02SelectedChunk02.p0_d043_s0_flat16' depends on axioms: [propext, Classical.choice, Quot.sound]
'AspisV8R19.R806Point02SelectedChunk02.p2_d043_s0_flat16' depends on axioms: [propext, Classical.choice, Quot.sound]
'AspisV8R19.R806Point02SelectedChunk02.p0_d043_s1_flat17' depends on axioms: [propext, Classical.choice, Quot.sound]
'AspisV8R19.R806Point02SelectedChunk02.p2_d043_s1_flat17' depends on axioms: [propext, Classical.choice, Quot.sound]
'AspisV8R19.R806Point02SelectedChunk02.p0_d032_s0_flat18' depends on axioms: [propext, Classical.choice, Quot.sound]
'AspisV8R19.R806Point02SelectedChunk02.p2_d032_s0_flat18' depends on axioms: [propext, Classical.choice, Quot.sound]
'AspisV8R19.R806Point02SelectedChunk02.p0_d032_s1_flat19' depends on axioms: [propext, Classical.choice, Quot.sound]
'AspisV8R19.R806Point02SelectedChunk02.p2_d032_s1_flat19' depends on axioms: [propext, Classical.choice, Quot.sound]
'AspisV8R19.R806Point02SelectedChunk02.p0_d033_s0_flat20' depends on axioms: [propext, Classical.choice, Quot.sound]
'AspisV8R19.R806Point02SelectedChunk02.p2_d033_s0_flat20' depends on axioms: [propext, Classical.choice, Quot.sound]
'AspisV8R19.R806Point02SelectedChunk02.p0_d033_s1_flat21' depends on axioms: [propext, Classical.choice, Quot.sound]
'AspisV8R19.R806Point02SelectedChunk02.p2_d033_s1_flat21' depends on axioms: [propext, Classical.choice, Quot.sound]
'AspisV8R19.R806Point02SelectedChunk02.p0_d034_s0_flat22' depends on axioms: [propext, Classical.choice, Quot.sound]
'AspisV8R19.R806Point02SelectedChunk02.p2_d034_s0_flat22' depends on axioms: [propext, Classical.choice, Quot.sound]
'AspisV8R19.R806Point02SelectedChunk02.p0_d034_s1_flat23' depends on axioms: [propext, Classical.choice, Quot.sound]
'AspisV8R19.R806Point02SelectedChunk02.p2_d034_s1_flat23' depends on axioms: [propext, Classical.choice, Quot.sound]
	Command being timed: "/home/dombarker/.elan/bin/lake --dir /home/dombarker/project-offloads/aspis-r126-release-20260930-a/focus-workspace env lean -j1 -M4500 -R /home/dombarker/project-offloads/aspis-r57-lean-src-20260929-a -o /home/dombarker/project-offloads/aspis-r126-release-20260930-a/lib/AspisV8R19/R806Point02SelectedChunk02.olean /home/dombarker/project-offloads/aspis-r57-lean-src-20260929-a/AspisV8R19/R806Point02SelectedChunk02.lean"
	User time (seconds): 1.87
	System time (seconds): 0.37
	Percent of CPU this job got: 100%
	Elapsed (wall clock) time (h:mm:ss or m:ss): 0:02.25
	Average shared text size (kbytes): 0
	Average unshared data size (kbytes): 0
	Average stack size (kbytes): 0
	Average total size (kbytes): 0
	Maximum resident set size (kbytes): 3323032
	Average resident set size (kbytes): 0
	Major (requiring I/O) page faults: 6
	Minor (reclaiming a frame) page faults: 79044
	Voluntary context switches: 1000
	Involuntary context switches: 81
	Swaps: 0
	File system inputs: 1456
	File system outputs: 416
	Socket messages sent: 0
	Socket messages received: 0
	Signals delivered: 0
	Page size (bytes): 4096
	Exit status: 0
Finished with result: success
Main processes terminated with: code=exited/status=0
Service runtime: 2.292s
CPU time consumed: 2.295s
Memory peak: 288.0K
Memory swap peak: 0B
