Warning: Permanently added '100.108.41.90' (ED25519) to the list of known hosts.
Running as unit: aspis-focus-1790910492859432000.service; invocation ID: 4c77b02eb5ea4eef8947382acb0887c5
/home/dombarker/project-offloads/aspis-r57-lean-src-20260929-a/AspisV8R19/R243LineNormBridge.lean:36:95: warning: 'ring' tactic does nothing

Note: This linter can be disabled with `set_option linter.unusedTactic false`
/home/dombarker/project-offloads/aspis-r57-lean-src-20260929-a/AspisV8R19/R243LineNormBridge.lean:36:95: warning: this tactic is never executed

Note: This linter can be disabled with `set_option linter.unreachableTactic false`
/home/dombarker/project-offloads/aspis-r57-lean-src-20260929-a/AspisV8R19/R243LineNormBridge.lean:73:28: warning: This simp argument is unused:
  QuadraticAlgebra.im_mul

Hint: Omit it from the simp argument list.
  simp [̵m̵a̵p̵B̵a̵s̵e̵,̵p̵o̵w̵_̵t̵w̵o̵,̵Q̵u̵a̵d̵r̵a̵t̵i̵c̵A̵l̵g̵e̵b̵r̵a̵.̵i̵m̵_̵m̵u̵l̵,̵h̵i̵1̵]̵[̲m̲a̲p̲B̲a̲s̲e̲,̲ ̲p̲o̲w̲_̲t̲w̲o̲,̲ ̲h̲i̲1̲]̲

Note: This linter can be disabled with `set_option linter.unusedSimpArgs false`
'AspisV8R19.R243LineNormBridge.line_coordinate_exact' depends on axioms: [propext, Classical.choice, Quot.sound]
'AspisV8R19.R243LineNormBridge.mapBase_line' depends on axioms: [propext, Classical.choice, Quot.sound]
'AspisV8R19.R243LineNormBridge.retained_line_four' depends on axioms: [propext, Classical.choice, Quot.sound]
'AspisV8R19.R243LineNormBridge.retained_line_norms' depends on axioms: [propext, Classical.choice, Quot.sound]
	Command being timed: "/home/dombarker/.elan/bin/lake --dir /home/dombarker/project-offloads/aspis-r126-release-20260930-a/focus-workspace env lean -j1 -M4500 -R /home/dombarker/project-offloads/aspis-r57-lean-src-20260929-a -o /home/dombarker/project-offloads/aspis-r126-release-20260930-a/lib/AspisV8R19/R243LineNormBridge.olean /home/dombarker/project-offloads/aspis-r57-lean-src-20260929-a/AspisV8R19/R243LineNormBridge.lean"
	User time (seconds): 1.40
	System time (seconds): 0.38
	Percent of CPU this job got: 99%
	Elapsed (wall clock) time (h:mm:ss or m:ss): 0:01.79
	Average shared text size (kbytes): 0
	Average unshared data size (kbytes): 0
	Average stack size (kbytes): 0
	Average total size (kbytes): 0
	Maximum resident set size (kbytes): 3718732
	Average resident set size (kbytes): 0
	Major (requiring I/O) page faults: 1
	Minor (reclaiming a frame) page faults: 86664
	Voluntary context switches: 669
	Involuntary context switches: 49
	Swaps: 0
	File system inputs: 224
	File system outputs: 352
	Socket messages sent: 0
	Socket messages received: 0
	Signals delivered: 0
	Page size (bytes): 4096
	Exit status: 0
Finished with result: success
Main processes terminated with: code=exited/status=0
Service runtime: 1.820s
CPU time consumed: 1.817s
Memory peak: 328.0K
Memory swap peak: 0B
