info: r46_focused: no previous manifest, creating one from scratch
info: toolchain not updated; already up-to-date
/home/dombarker/project-offloads/aspis-r46-lean-src-20260929-a/AspisV8R19/NormalizationLoopBridge.lean:18:0: warning: automatically included section variable(s) unused in theorem `AspisR19.NormalizationLoopBridge.shift_next`:
  [NeZero 2]
consider restructuring your `variable` declarations so that the variables are not in scope or explicitly omit them:
  omit [NeZero 2] in theorem ...

Note: This linter can be disabled with `set_option linter.unusedSectionVars false`
/home/dombarker/project-offloads/aspis-r46-lean-src-20260929-a/AspisV8R19/NormalizationLoopBridge.lean:26:0: warning: automatically included section variable(s) unused in theorem `AspisR19.NormalizationLoopBridge.writes_prefix`:
  [NeZero 2]
consider restructuring your `variable` declarations so that the variables are not in scope or explicitly omit them:
  omit [NeZero 2] in theorem ...

Note: This linter can be disabled with `set_option linter.unusedSectionVars false`
/home/dombarker/project-offloads/aspis-r46-lean-src-20260929-a/AspisV8R19/NormalizationLoopBridge.lean:38:14: warning: This simp argument is unused:
  Function.update_apply

Hint: Omit it from the simp argument list.
  simp [̵F̵u̵n̵c̵t̵i̵o̵n̵.̵u̵p̵d̵a̵t̵e̵_̵a̵p̵p̵l̵y̵,̵h̵e̵,̵h̵i̵,̵s̵h̵o̵w̵ ̵i̵<̵n̵+̵1̵[̲h̲e̲,̲ ̲h̲i̲,̲ ̲s̲h̲o̲w̲ ̲i̲ ̲<̲ ̲n̲ ̲+̲ ̲1̲ by omega]

Note: This linter can be disabled with `set_option linter.unusedSimpArgs false`
/home/dombarker/project-offloads/aspis-r46-lean-src-20260929-a/AspisV8R19/NormalizationLoopBridge.lean:39:14: warning: This simp argument is unused:
  Function.update_apply

Hint: Omit it from the simp argument list.
  simp [̵F̵u̵n̵c̵t̵i̵o̵n̵.̵u̵p̵d̵a̵t̵e̵_̵a̵p̵p̵l̵y̵,̵h̵e̵,̵h̵i̵,̵s̵h̵o̵w̵ ̵¬̵i̵<̵n̵+̵1̵[̲h̲e̲,̲ ̲h̲i̲,̲ ̲s̲h̲o̲w̲ ̲¬̲i̲ ̲<̲ ̲n̲ ̲+̲ ̲1̲ by omega]

Note: This linter can be disabled with `set_option linter.unusedSimpArgs false`
/home/dombarker/project-offloads/aspis-r46-lean-src-20260929-a/AspisV8R19/NormalizationLoopBridge.lean:50:0: warning: automatically included section variable(s) unused in theorem `AspisR19.NormalizationLoopBridge.descending_order`:
  [NeZero 2]
consider restructuring your `variable` declarations so that the variables are not in scope or explicitly omit them:
  omit [NeZero 2] in theorem ...

Note: This linter can be disabled with `set_option linter.unusedSectionVars false`
/home/dombarker/project-offloads/aspis-r46-lean-src-20260929-a/AspisV8R19/NormalizationLoopBridge.lean:81:59: warning: Used `tac1 <;> tac2` where `(tac1; tac2)` would suffice

Note: This linter can be disabled with `set_option linter.unnecessarySeqFocus false`
/home/dombarker/project-offloads/aspis-r46-lean-src-20260929-a/AspisV8R19/NormalizationLoopBridge.lean:93:24: warning: 'omega' tactic does nothing

Note: This linter can be disabled with `set_option linter.unusedTactic false`
/home/dombarker/project-offloads/aspis-r46-lean-src-20260929-a/AspisV8R19/NormalizationLoopBridge.lean:93:24: warning: this tactic is never executed

Note: This linter can be disabled with `set_option linter.unreachableTactic false`
'AspisR19.NormalizationLoopBridge.shift_seed' depends on axioms: [propext, Classical.choice, Quot.sound]
'AspisR19.NormalizationLoopBridge.shift_next' depends on axioms: [propext, Classical.choice, Quot.sound]
'AspisR19.NormalizationLoopBridge.writes_prefix' depends on axioms: [propext, Classical.choice, Quot.sound]
'AspisR19.NormalizationLoopBridge.writes_step' depends on axioms: [propext, Classical.choice, Quot.sound]
'AspisR19.NormalizationLoopBridge.descending_order' depends on axioms: [propext, Classical.choice, Quot.sound]
'AspisR19.NormalizationLoopBridge.finished_eq' depends on axioms: [propext, Classical.choice, Quot.sound]
'AspisR19.NormalizationLoopBridge.sourceQuotient_eq' depends on axioms: [propext, Classical.choice, Quot.sound]
'AspisR19.NormalizationLoopBridge.selected_sourceQuotient_eq' depends on axioms: [propext, Classical.choice, Quot.sound]
	Command being timed: "/home/dombarker/.elan/bin/lake env lean -R /home/dombarker/project-offloads/aspis-r46-lean-src-20260929-a -o /home/dombarker/project-offloads/aspis-r46-lean-20260929-g/lib/AspisV8R19/NormalizationLoopBridge.olean /home/dombarker/project-offloads/aspis-r46-lean-src-20260929-a/AspisV8R19/NormalizationLoopBridge.lean"
	User time (seconds): 1.25
	System time (seconds): 0.33
	Percent of CPU this job got: 132%
	Elapsed (wall clock) time (h:mm:ss or m:ss): 0:01.20
	Average shared text size (kbytes): 0
	Average unshared data size (kbytes): 0
	Average stack size (kbytes): 0
	Average total size (kbytes): 0
	Maximum resident set size (kbytes): 2332664
	Average resident set size (kbytes): 0
	Major (requiring I/O) page faults: 0
	Minor (reclaiming a frame) page faults: 54254
	Voluntary context switches: 3761
	Involuntary context switches: 49
	Swaps: 0
	File system inputs: 0
	File system outputs: 824
	Socket messages sent: 0
	Socket messages received: 0
	Signals delivered: 0
	Page size (bytes): 4096
	Exit status: 0
