Warning: Permanently added '100.108.41.90' (ED25519) to the list of known hosts.
Running as unit: aspis-focus-1791103851792900000.service; invocation ID: 38217833501d42049f2bcfc5d0bfa3fb
/home/dombarker/project-offloads/aspis-r57-lean-src-20260929-a/AspisV8R19/R616MixedLimbExecution.lean:155:4: warning: This simp argument is unused:
  AspisR614SelectedCombineBeta.aspis_core.field.P

Hint: Omit it from the simp argument list.
  simp only [AspisR614SelectedCombineBeta.aspis_core.field.reduce_u64,
      AspisR156FullFreeze.aspis_core.field.reduce_u64, A̵s̵p̵i̵s̵R̵6̵1̵4̵S̵e̵l̵e̵c̵t̵e̵d̵C̵o̵m̵b̵i̵n̵e̵B̵e̵t̵a̵.̵a̵s̵p̵i̵s̵_̵c̵o̵r̵e̵.̵f̵i̵e̵l̵d̵.̵P̵,̵AspisR156FullFreeze.aspis_core.field.P]

Note: This linter can be disabled with `set_option linter.unusedSimpArgs false`
/home/dombarker/project-offloads/aspis-r57-lean-src-20260929-a/AspisV8R19/R616MixedLimbExecution.lean:166:4: warning: This simp argument is unused:
  AspisR614SelectedCombineBeta.aspis_core.field.P

Hint: Omit it from the simp argument list.
  simp only [AspisR614SelectedCombineBeta.aspis_core.field.M31.reduce_u64,
      AspisR156FullFreeze.aspis_core.field.M31.reduce_u64,
      AspisR614SelectedCombineBeta.aspis_core.field.reduce_u64,
      AspisR156FullFreeze.aspis_core.field.reduce_u64, A̵s̵p̵i̵s̵R̵6̵1̵4̵S̵e̵l̵e̵c̵t̵e̵d̵C̵o̵m̵b̵i̵n̵e̵B̵e̵t̵a̵.̵a̵s̵p̵i̵s̵_̵c̵o̵r̵e̵.̵f̵i̵e̵l̵d̵.̵P̵,̵AspisR156FullFreeze.aspis_core.field.P]

Note: This linter can be disabled with `set_option linter.unusedSimpArgs false`
	Command being timed: "/home/dombarker/.elan/bin/lake --dir /home/dombarker/project-offloads/aspis-r126-release-20260930-a/focus-workspace env lean -j1 -M4500 -R /home/dombarker/project-offloads/aspis-r57-lean-src-20260929-a -o /home/dombarker/project-offloads/aspis-r126-release-20260930-a/lib/AspisV8R19/R616MixedLimbExecution.olean /home/dombarker/project-offloads/aspis-r57-lean-src-20260929-a/AspisV8R19/R616MixedLimbExecution.lean"
	User time (seconds): 1.38
	System time (seconds): 0.43
	Percent of CPU this job got: 99%
	Elapsed (wall clock) time (h:mm:ss or m:ss): 0:01.83
	Average shared text size (kbytes): 0
	Average unshared data size (kbytes): 0
	Average stack size (kbytes): 0
	Average total size (kbytes): 0
	Maximum resident set size (kbytes): 3751112
	Average resident set size (kbytes): 0
	Major (requiring I/O) page faults: 9
	Minor (reclaiming a frame) page faults: 86289
	Voluntary context switches: 419
	Involuntary context switches: 66
	Swaps: 0
	File system inputs: 1976
	File system outputs: 392
	Socket messages sent: 0
	Socket messages received: 0
	Signals delivered: 0
	Page size (bytes): 4096
	Exit status: 0
Finished with result: success
Main processes terminated with: code=exited/status=0
Service runtime: 1.871s
CPU time consumed: 1.855s
Memory peak: 256.0K
Memory swap peak: 0B
