Warning: Permanently added '100.108.41.90' (ED25519) to the list of known hosts.
Running as unit: aspis-focus-1791108319284014000.service; invocation ID: 440267466efb4bb99dbf1c4b4f933f3c
/home/dombarker/project-offloads/aspis-r57-lean-src-20260929-a/AspisV8R19/R634DecoderPrefixCanonical.lean:30:59: error: No goals to be solved
/home/dombarker/project-offloads/aspis-r57-lean-src-20260929-a/AspisV8R19/R634DecoderPrefixCanonical.lean:29:44: error: unsolved goals
N block : Usize
v : Std.Array U64 8#usize
out : Std.Array U32 N
hblock : 8 * (↑block + 1) ≤ ↑N
hprefix : prefixCanonical out (8 * ↑block)
hwords : ∀ x ∈ blockWords v, ↑x < 2147483647
off : ℕ := 8 * ↑block
fin : ℕ := 8 * (↑block + 1)
hxs : (↑out).length = ↑N
hoff : off ≤ (↑out).length
hfin : fin = off + 8
hprefixlen : (List.take off ↑out ++ blockWords v).length = fin
⊢ List.take fin (List.take off ↑out ++ blockWords v) = List.take off ↑out ++ blockWords v
'AspisV8R19.R634DecoderPrefixCanonical.prefixCanonical' does not depend on any axioms
'AspisV8R19.R634DecoderPrefixCanonical.blockOutput8_prefixCanonical' depends on axioms: [propext,
 sorryAx,
 Classical.choice,
 Quot.sound]
'AspisV8R19.R634DecoderPrefixCanonical.fullPrefixCanonical_all' depends on axioms: [propext]
Command exited with non-zero status 1
	Command being timed: "/home/dombarker/.elan/bin/lake --dir /home/dombarker/project-offloads/aspis-r126-release-20260930-a/focus-workspace env lean -j1 -M4500 -R /home/dombarker/project-offloads/aspis-r57-lean-src-20260929-a -o /home/dombarker/project-offloads/aspis-r126-release-20260930-a/lib/AspisV8R19/R634DecoderPrefixCanonical.olean /home/dombarker/project-offloads/aspis-r57-lean-src-20260929-a/AspisV8R19/R634DecoderPrefixCanonical.lean"
	User time (seconds): 1.07
	System time (seconds): 0.39
	Percent of CPU this job got: 100%
	Elapsed (wall clock) time (h:mm:ss or m:ss): 0:01.45
	Average shared text size (kbytes): 0
	Average unshared data size (kbytes): 0
	Average stack size (kbytes): 0
	Average total size (kbytes): 0
	Maximum resident set size (kbytes): 3735464
	Average resident set size (kbytes): 0
	Major (requiring I/O) page faults: 0
	Minor (reclaiming a frame) page faults: 86241
	Voluntary context switches: 299
	Involuntary context switches: 75
	Swaps: 0
	File system inputs: 0
	File system outputs: 0
	Socket messages sent: 0
	Socket messages received: 0
	Signals delivered: 0
	Page size (bytes): 4096
	Exit status: 1
Finished with result: exit-code
Main processes terminated with: code=exited/status=1
Service runtime: 1.482s
CPU time consumed: 1.490s
Memory peak: 556.0K
Memory swap peak: 0B
