Warning: Permanently added '100.108.41.90' (ED25519) to the list of known hosts.
Running as unit: aspis-focus-1791108529864192000.service; invocation ID: 847a834420384aa0b855c2fe4eb46dfc
/home/dombarker/project-offloads/aspis-r57-lean-src-20260929-a/AspisV8R19/R636DecoderAcceptedHeader.lean:14:8: warning: declaration uses `sorry`
'AspisV8R19.R636DecoderAcceptedHeader.accepted_header' depends on axioms: [propext,
 sorryAx,
 Classical.choice,
 Quot.sound,
 core.fmt.Formatter]
	Command being timed: "/home/dombarker/.elan/bin/lake --dir /home/dombarker/project-offloads/aspis-r126-release-20260930-a/focus-workspace env lean -j1 -M4500 -R /home/dombarker/project-offloads/aspis-r57-lean-src-20260929-a -o /home/dombarker/project-offloads/aspis-r126-release-20260930-a/lib/AspisV8R19/R636DecoderAcceptedHeader.olean /home/dombarker/project-offloads/aspis-r57-lean-src-20260929-a/AspisV8R19/R636DecoderAcceptedHeader.lean"
	User time (seconds): 1.28
	System time (seconds): 0.37
	Percent of CPU this job got: 100%
	Elapsed (wall clock) time (h:mm:ss or m:ss): 0:01.66
	Average shared text size (kbytes): 0
	Average unshared data size (kbytes): 0
	Average stack size (kbytes): 0
	Average total size (kbytes): 0
	Maximum resident set size (kbytes): 3753060
	Average resident set size (kbytes): 0
	Major (requiring I/O) page faults: 0
	Minor (reclaiming a frame) page faults: 86291
	Voluntary context switches: 322
	Involuntary context switches: 80
	Swaps: 0
	File system inputs: 0
	File system outputs: 256
	Socket messages sent: 0
	Socket messages received: 0
	Signals delivered: 0
	Page size (bytes): 4096
	Exit status: 0
Finished with result: success
Main processes terminated with: code=exited/status=0
Service runtime: 1.698s
CPU time consumed: 1.699s
Memory peak: 516.0K
Memory swap peak: 0B
