Warning: Permanently added '100.108.41.90' (ED25519) to the list of known hosts.
Running as unit: aspis-focus-1791108335766672000.service; invocation ID: 2eba44ecb54e422aa928e85887d4acb3
'AspisV8R19.R634DecoderPrefixCanonical.prefixCanonical' does not depend on any axioms
'AspisV8R19.R634DecoderPrefixCanonical.blockOutput8_prefixCanonical' depends on axioms: [propext,
 Classical.choice,
 Quot.sound]
'AspisV8R19.R634DecoderPrefixCanonical.fullPrefixCanonical_all' depends on axioms: [propext]
	Command being timed: "/home/dombarker/.elan/bin/lake --dir /home/dombarker/project-offloads/aspis-r126-release-20260930-a/focus-workspace env lean -j1 -M4500 -R /home/dombarker/project-offloads/aspis-r57-lean-src-20260929-a -o /home/dombarker/project-offloads/aspis-r126-release-20260930-a/lib/AspisV8R19/R634DecoderPrefixCanonical.olean /home/dombarker/project-offloads/aspis-r57-lean-src-20260929-a/AspisV8R19/R634DecoderPrefixCanonical.lean"
	User time (seconds): 1.05
	System time (seconds): 0.39
	Percent of CPU this job got: 100%
	Elapsed (wall clock) time (h:mm:ss or m:ss): 0:01.45
	Average shared text size (kbytes): 0
	Average unshared data size (kbytes): 0
	Average stack size (kbytes): 0
	Average total size (kbytes): 0
	Maximum resident set size (kbytes): 3749948
	Average resident set size (kbytes): 0
	Major (requiring I/O) page faults: 0
	Minor (reclaiming a frame) page faults: 86393
	Voluntary context switches: 315
	Involuntary context switches: 76
	Swaps: 0
	File system inputs: 0
	File system outputs: 176
	Socket messages sent: 0
	Socket messages received: 0
	Signals delivered: 0
	Page size (bytes): 4096
	Exit status: 0
Finished with result: success
Main processes terminated with: code=exited/status=0
Service runtime: 1.482s
CPU time consumed: 1.482s
Memory peak: 288.0K
Memory swap peak: 0B
