Warning: Permanently added '100.108.41.90' (ED25519) to the list of known hosts.
Running as unit: aspis-focus-1791108614003517000.service; invocation ID: 4537808e45634be2afdec421cfda74a8
/home/dombarker/project-offloads/aspis-r57-lean-src-20260929-a/AspisV8R19/R636DecoderAcceptedHeader.lean:65:8: warning: try 'simp' instead of 'simpa'

Note: This linter can be disabled with `set_option linter.unnecessarySimpa false`
/home/dombarker/project-offloads/aspis-r57-lean-src-20260929-a/AspisV8R19/R636DecoderAcceptedHeader.lean:73:82: error: omega could not prove the goal:
a possible counterexample may satisfy the constraints
  e ≥ 0
  d ≥ 403
  0 ≤ c ≤ 13
  c ≥ 0
  c - e ≤ -1
  31*c - d ≤ 0
  b ≥ 0
  0 ≤ a ≤ 104
  0 ≤ a - 8*e ≤ 7
where
 a := ↑↑N
 b := ↑↑N % ↑↑8#usize
 c := ↑↑N / ↑↑8#usize
 d := ↑Usize.max
 e := ↑↑N / 8
'AspisV8R19.R636DecoderAcceptedHeader.accepted_header' depends on axioms: [propext,
 sorryAx,
 Classical.choice,
 Quot.sound,
 core.fmt.Formatter]
Command exited with non-zero status 1
	Command being timed: "/home/dombarker/.elan/bin/lake --dir /home/dombarker/project-offloads/aspis-r126-release-20260930-a/focus-workspace env lean -j1 -M4500 -R /home/dombarker/project-offloads/aspis-r57-lean-src-20260929-a -o /home/dombarker/project-offloads/aspis-r126-release-20260930-a/lib/AspisV8R19/R636DecoderAcceptedHeader.olean /home/dombarker/project-offloads/aspis-r57-lean-src-20260929-a/AspisV8R19/R636DecoderAcceptedHeader.lean"
	User time (seconds): 1.29
	System time (seconds): 0.38
	Percent of CPU this job got: 100%
	Elapsed (wall clock) time (h:mm:ss or m:ss): 0:01.68
	Average shared text size (kbytes): 0
	Average unshared data size (kbytes): 0
	Average stack size (kbytes): 0
	Average total size (kbytes): 0
	Maximum resident set size (kbytes): 3752376
	Average resident set size (kbytes): 0
	Major (requiring I/O) page faults: 0
	Minor (reclaiming a frame) page faults: 86652
	Voluntary context switches: 633
	Involuntary context switches: 73
	Swaps: 0
	File system inputs: 0
	File system outputs: 0
	Socket messages sent: 0
	Socket messages received: 0
	Signals delivered: 0
	Page size (bytes): 4096
	Exit status: 1
Finished with result: exit-code
Main processes terminated with: code=exited/status=1
Service runtime: 1.708s
CPU time consumed: 1.712s
Memory peak: 516.0K
Memory swap peak: 0B
