Warning: Permanently added '100.108.41.90' (ED25519) to the list of known hosts.
Running as unit: aspis-focus-1791108477152048000.service; invocation ID: 75e7a855a4af4484bccf58bad74b127b
/home/dombarker/project-offloads/aspis-r57-lean-src-20260929-a/AspisV8R19/R636DecoderAcceptedHeader.lean:26:15: error: Application type mismatch: The argument
  ?m.104
has type
  Usize
but is expected to have type
  Result (UScalar UScalarTy.Usize)
in the application
  N % 8#usize = ?m.104
/home/dombarker/project-offloads/aspis-r57-lean-src-20260929-a/AspisV8R19/R636DecoderAcceptedHeader.lean:26:29: error(lean.unknownIdentifier): Unknown constant `Aeneas.Std.Usize.ok`

Note: Inferred this name from the expected resulting type of `.ok`:
  Usize
/home/dombarker/project-offloads/aspis-r57-lean-src-20260929-a/AspisV8R19/R636DecoderAcceptedHeader.lean:26:29: error(lean.unknownIdentifier): Unknown constant `Aeneas.Std.UScalar.ok`

Note: Inferred this name from the expected resulting type of `.ok`:
  Usize
/home/dombarker/project-offloads/aspis-r57-lean-src-20260929-a/AspisV8R19/R636DecoderAcceptedHeader.lean:29:31: error: unsolved goals
N : Usize
hN : ↑N ≤ 104
bytes : Slice U8
out out1 : Std.Array U32 N
hNz : N ≠ 0#usize
hrem_spec : N % 8#usize ⦃ z => ↑z = ↑N % ↑8#usize ⦄
r : UScalar UScalarTy.Usize
hrem : N % 8#usize = ok r
hrval : ↑r = ↑N % ↑8#usize
hrem' : N % 8#usize = sorry
hne : ¬r = 0#usize
h :
  (if N = 0#usize then ok (core.result.Result.Err AspisR614SelectedCombineBeta.Error.Length, out)
    else do
      let i ← sorry ()
      if ↑i = 0 then do
          let i2 ← N / 8#usize
          let i3 ← lift (Usize.wrapping_mul i2 31#usize)
          if (↑bytes).length = ↑i3 then do
              let ce ← core.slice.Slice.chunks_exact bytes 31#usize
              let __x ← packedRun ce.chunks 0#usize out 0#u32
              let i4 ← lift (__x.2.wrapping_shr 31#u32)
              if ↑i4 = 0 then ok (core.result.Result.Ok (), __x.1)
                else ok (core.result.Result.Err AspisR614SelectedCombineBeta.Error.Canonical, __x.1)
            else ok (core.result.Result.Err AspisR614SelectedCombineBeta.Error.Length, out)
        else ok (core.result.Result.Err AspisR614SelectedCombineBeta.Error.Length, out)) =
    ok (core.result.Result.Ok (), out1)
⊢ False
/home/dombarker/project-offloads/aspis-r57-lean-src-20260929-a/AspisV8R19/R636DecoderAcceptedHeader.lean:35:76: error: unsolved goals
N : Usize
hN : ↑N ≤ 104
bytes : Slice U8
out out1 : Std.Array U32 N
hNz : N ≠ 0#usize
hrem_spec : N % 8#usize ⦃ z => ↑z = ↑N % ↑8#usize ⦄
r : UScalar UScalarTy.Usize
hrem : N % 8#usize = ok r
hrval : ↑r = ↑N % ↑8#usize
hrem' : N % 8#usize = sorry
hrzero : r = 0#usize
q : UScalar UScalarTy.Usize
hdiv : N / 8#usize = ok q
hq : ↑q = ↑N / ↑8#usize
hne : ¬(↑bytes).length = ↑(Usize.wrapping_mul q 31#usize)
h :
  (if N = 0#usize then ok (core.result.Result.Err AspisR614SelectedCombineBeta.Error.Length, out)
    else do
      let i ← sorry ()
      if ↑i = 0 then do
          let i3 ← lift (Usize.wrapping_mul q 31#usize)
          if (↑bytes).length = ↑i3 then do
              let ce ← core.slice.Slice.chunks_exact bytes 31#usize
              let __x ← packedRun ce.chunks 0#usize out 0#u32
              let i4 ← lift (__x.2.wrapping_shr 31#u32)
              if ↑i4 = 0 then ok (core.result.Result.Ok (), __x.1)
                else ok (core.result.Result.Err AspisR614SelectedCombineBeta.Error.Canonical, __x.1)
            else ok (core.result.Result.Err AspisR614SelectedCombineBeta.Error.Length, out)
        else ok (core.result.Result.Err AspisR614SelectedCombineBeta.Error.Length, out)) =
    ok (core.result.Result.Ok (), out1)
⊢ False
/home/dombarker/project-offloads/aspis-r57-lean-src-20260929-a/AspisV8R19/R636DecoderAcceptedHeader.lean:28:13: warning: This simp argument is unused:
  bind_tc_ok

Hint: Omit it from the simp argument list.
  simp only [̵b̵i̵n̵d̵_̵t̵c̵_̵o̵k̵]̵ ̵at h

Note: This linter can be disabled with `set_option linter.unusedSimpArgs false`
/home/dombarker/project-offloads/aspis-r57-lean-src-20260929-a/AspisV8R19/R636DecoderAcceptedHeader.lean:31:10: warning: This simp argument is unused:
  hne

Hint: Omit it from the simp argument list.
  simp [̵h̵n̵e̵]̵ ̵at h

Note: This linter can be disabled with `set_option linter.unusedSimpArgs false`
/home/dombarker/project-offloads/aspis-r57-lean-src-20260929-a/AspisV8R19/R636DecoderAcceptedHeader.lean:37:10: warning: This simp argument is unused:
  hrzero

Hint: Omit it from the simp argument list.
  simp [hr̵z̵e̵r̵o̵,̵ ̵h̵ne] at h

Note: This linter can be disabled with `set_option linter.unusedSimpArgs false`
/home/dombarker/project-offloads/aspis-r57-lean-src-20260929-a/AspisV8R19/R636DecoderAcceptedHeader.lean:37:18: warning: This simp argument is unused:
  hne

Hint: Omit it from the simp argument list.
  simp [hrzero,̵ ̵h̵n̵e̵] at h

Note: This linter can be disabled with `set_option linter.unusedSimpArgs false`
'AspisV8R19.R636DecoderAcceptedHeader.accepted_header' depends on axioms: [propext,
 sorryAx,
 Classical.choice,
 Quot.sound,
 core.fmt.Formatter]
Command exited with non-zero status 1
	Command being timed: "/home/dombarker/.elan/bin/lake --dir /home/dombarker/project-offloads/aspis-r126-release-20260930-a/focus-workspace env lean -j1 -M4500 -R /home/dombarker/project-offloads/aspis-r57-lean-src-20260929-a -o /home/dombarker/project-offloads/aspis-r126-release-20260930-a/lib/AspisV8R19/R636DecoderAcceptedHeader.olean /home/dombarker/project-offloads/aspis-r57-lean-src-20260929-a/AspisV8R19/R636DecoderAcceptedHeader.lean"
	User time (seconds): 1.16
	System time (seconds): 0.40
	Percent of CPU this job got: 100%
	Elapsed (wall clock) time (h:mm:ss or m:ss): 0:01.56
	Average shared text size (kbytes): 0
	Average unshared data size (kbytes): 0
	Average stack size (kbytes): 0
	Average total size (kbytes): 0
	Maximum resident set size (kbytes): 3737024
	Average resident set size (kbytes): 0
	Major (requiring I/O) page faults: 0
	Minor (reclaiming a frame) page faults: 86210
	Voluntary context switches: 483
	Involuntary context switches: 73
	Swaps: 0
	File system inputs: 0
	File system outputs: 0
	Socket messages sent: 0
	Socket messages received: 0
	Signals delivered: 0
	Page size (bytes): 4096
	Exit status: 1
Finished with result: exit-code
Main processes terminated with: code=exited/status=1
Service runtime: 1.590s
CPU time consumed: 1.594s
Memory peak: 288.0K
Memory swap peak: 0B
