Warning: Permanently added '100.108.41.90' (ED25519) to the list of known hosts.
Running as unit: aspis-focus-1791108634608033000.service; invocation ID: f8380100ee2c4ceebd4034849367c186
/home/dombarker/project-offloads/aspis-r57-lean-src-20260929-a/AspisV8R19/R635DecoderWholeCanonical.lean:176:49: warning: This simp argument is unused:
  lift

Hint: Omit it from the simp argument list.
  simp only [hrun, bind_tc_ok,̵ ̵l̵i̵f̵t̵] at hexec

Note: This linter can be disabled with `set_option linter.unusedSimpArgs false`
'AspisV8R19.R635DecoderWholeCanonical.decoder_success_chunks' depends on axioms: [propext,
 Classical.choice,
 Quot.sound,
 core.fmt.Formatter]
'AspisV8R19.R635DecoderWholeCanonical.chunks_prefixCanonical' depends on axioms: [propext,
 Classical.choice,
 Quot.sound,
 core.fmt.Formatter]
'AspisV8R19.R635DecoderWholeCanonical.block_mask_backwards' depends on axioms: [propext, Classical.choice, Quot.sound]
'AspisV8R19.R635DecoderWholeCanonical.chunks_mask_backwards' depends on axioms: [propext,
 Classical.choice,
 Quot.sound,
 core.fmt.Formatter]
	Command being timed: "/home/dombarker/.elan/bin/lake --dir /home/dombarker/project-offloads/aspis-r126-release-20260930-a/focus-workspace env lean -j1 -M4500 -R /home/dombarker/project-offloads/aspis-r57-lean-src-20260929-a -o /home/dombarker/project-offloads/aspis-r126-release-20260930-a/lib/AspisV8R19/R635DecoderWholeCanonical.olean /home/dombarker/project-offloads/aspis-r57-lean-src-20260929-a/AspisV8R19/R635DecoderWholeCanonical.lean"
	User time (seconds): 1.68
	System time (seconds): 0.41
	Percent of CPU this job got: 99%
	Elapsed (wall clock) time (h:mm:ss or m:ss): 0:02.09
	Average shared text size (kbytes): 0
	Average unshared data size (kbytes): 0
	Average stack size (kbytes): 0
	Average total size (kbytes): 0
	Maximum resident set size (kbytes): 3770188
	Average resident set size (kbytes): 0
	Major (requiring I/O) page faults: 0
	Minor (reclaiming a frame) page faults: 87665
	Voluntary context switches: 715
	Involuntary context switches: 71
	Swaps: 0
	File system inputs: 32
	File system outputs: 1048
	Socket messages sent: 0
	Socket messages received: 0
	Signals delivered: 0
	Page size (bytes): 4096
	Exit status: 0
Finished with result: success
Main processes terminated with: code=exited/status=0
Service runtime: 2.126s
CPU time consumed: 2.125s
Memory peak: 512.0K
Memory swap peak: 0B
