'AspisV8Completion.FSAuthenticationSuffix.extended_prefixes' depends on axioms: [propext, Quot.sound]
'AspisV8Completion.FSAuthenticationSuffix.continued_prefix_answers' depends on axioms: [propext, Quot.sound]
'AspisV8Completion.FSAuthenticationSuffix.continue_valid' depends on axioms: [propext, Quot.sound]
'AspisV8Completion.FSAuthenticationSuffix.later_call_bound' depends on axioms: [propext, Quot.sound]
        0.37 real         0.22 user         0.14 sys
           684998656  maximum resident set size
                   0  average shared memory size
                   0  average unshared data size
                   0  average unshared stack size
               47853  page reclaims
                  14  page faults
                   0  swaps
                   0  block input operations
                   0  block output operations
                   0  messages sent
                   0  messages received
                   0  signals received
                   1  voluntary context switches
                 680  involuntary context switches
           314420477  instructions retired
           109927740  cycles elapsed
            11076280  peak memory footprint
