info: r51_focused: no previous manifest, creating one from scratch
info: toolchain not updated; already up-to-date
/home/dombarker/project-offloads/aspis-r51-lean-src-20260929-a/AspisV8R19/DuplexFrames.lean:61:52: error: Application type mismatch: The argument
  cross_disjoint t s
has type
  squeeze t ≠ advance s
but is expected to have type
  ¬squeeze t = advance s ∧ squeeze t ∉ []
in the application
  ⟨fun h => hne (squeeze_injective h), cross_disjoint t s⟩
/home/dombarker/project-offloads/aspis-r51-lean-src-20260929-a/AspisV8R19/DuplexFrames.lean:62:46: error: Application type mismatch: The argument
  fun h => hne (advance_injective h)
has type
  advance t = advance s → False
but is expected to have type
  ¬advance t = advance s ∧ advance t ∉ []
in the application
  ⟨fun h => cross_disjoint s t (Eq.symm h), fun h => hne (advance_injective h)⟩
/home/dombarker/project-offloads/aspis-r51-lean-src-20260929-a/AspisV8R19/DuplexFrames.lean:55:52: warning: This simp argument is unused:
  List.mem_singleton

Hint: Omit it from the simp argument list.
  simp only [Fresh, List.mem_append, List.mem_cons, L̵i̵s̵t̵.̵m̵e̵m̵_̵s̵i̵n̵g̵l̵e̵t̵o̵n̵,̵not_or]

Note: This linter can be disabled with `set_option linter.unusedSimpArgs false`
/home/dombarker/project-offloads/aspis-r51-lean-src-20260929-a/AspisV8R19/DuplexFrames.lean:66:73: error: unsolved goals
case left
s t : Bytes
hs : List.length s = 32
ht : List.length t = 32
label : Byte
data : Bytes
h : squeeze s = absorb t label data
hh : 33 = 32 + (List.length data + 1 + 1)
⊢ False

case right
s t : Bytes
hs : List.length s = 32
ht : List.length t = 32
label : Byte
data : Bytes
h : advance s = absorb t label data
hh : 33 = 32 + (List.length data + 1 + 1)
⊢ False
'AspisV8R19.DuplexFrames.squeeze_injective' depends on axioms: [propext, Quot.sound]
'AspisV8R19.DuplexFrames.advance_injective' depends on axioms: [propext, Quot.sound]
'AspisV8R19.DuplexFrames.cross_disjoint' depends on axioms: [propext]
'AspisV8R19.DuplexFrames.pair_collision_iff' depends on axioms: [propext, Quot.sound]
'AspisV8R19.DuplexFrames.fresh_iff' depends on axioms: [propext, Quot.sound]
'AspisV8R19.DuplexFrames.fresh_after_pair' depends on axioms: [propext, sorryAx, Quot.sound]
'AspisV8R19.DuplexFrames.absorb_disjoint' depends on axioms: [propext, sorryAx]
'AspisV8R19.DuplexFrames.grind_disjoint' depends on axioms: [propext]
'AspisV8R19.DuplexFrames.repeated_state_not_fresh' depends on axioms: [propext, sorryAx, Quot.sound]
Command exited with non-zero status 1
	Command being timed: "/home/dombarker/.elan/bin/lake env lean -R /home/dombarker/project-offloads/aspis-r51-lean-src-20260929-a -o /home/dombarker/project-offloads/aspis-r51-lean-20260929-a/lib/AspisV8R19/DuplexFrames.olean /home/dombarker/project-offloads/aspis-r51-lean-src-20260929-a/AspisV8R19/DuplexFrames.lean"
	User time (seconds): 1.09
	System time (seconds): 0.68
	Percent of CPU this job got: 66%
	Elapsed (wall clock) time (h:mm:ss or m:ss): 0:02.66
	Average shared text size (kbytes): 0
	Average unshared data size (kbytes): 0
	Average stack size (kbytes): 0
	Average total size (kbytes): 0
	Maximum resident set size (kbytes): 3236852
	Average resident set size (kbytes): 0
	Major (requiring I/O) page faults: 6870
	Minor (reclaiming a frame) page faults: 79298
	Voluntary context switches: 18805
	Involuntary context switches: 43
	Swaps: 0
	File system inputs: 1587848
	File system outputs: 48
	Socket messages sent: 0
	Socket messages received: 0
	Signals delivered: 0
	Page size (bytes): 4096
	Exit status: 1
