Warning: Permanently added '100.108.41.90' (ED25519) to the list of known hosts.
Running as unit: aspis-focus-1791017269747085000.service; invocation ID: 1744808e83a84bf4b3d0fade137b1d37
/home/dombarker/project-offloads/aspis-r57-lean-src-20260929-a/AspisV8R19/R454RefillProgramShape.lean:43:2: error: Tactic `apply` failed: could not unify the conclusion of `@funext`
  ?f = ?g
with the goal
  (Program.ask (DuplexFrames.advance (SourceDuplexStep.bytes c.state)) fun a =>
      if masked 31 (word out 0) = 2147483647 then limbProgram n { state := a, block := out, index := 1 }
      else Program.done (some (masked 31 (word out 0)), { state := a, block := out, index := 1 })) =
    Program.ask (DuplexFrames.advance (SourceDuplexStep.bytes c.state)) fun a =>
      Program.done (limbRun (fun x => a) (n + 1) { state := a, block := out, index := 0 }).2

Note: The full type of `@funext` is
  ∀ {α : Sort ?u.143} {β : α → Sort ?u.142} {f g : (x : α) → β x}, (∀ (x : α), f x = g x) → f = g

case e_next
c : Cursor
n : ℕ
hc : ↑c.index = 8
hn : n + 1 ≤ 8
htail :
  ∀ (p : State × State),
    limbProgram n { state := p.2, block := p.1, index := 1 } =
      Program.done (limbRun (fun x => p.2) n { state := p.2, block := p.1, index := 1 }).2
hp :
  readProgram c =
    OracleProgramOps.bind (squeezeProgram c.state) fun p =>
      Program.done (word p.1 0, { state := p.2, block := p.1, index := 1 })
hrun :
  ∀ (p : State × State),
    (limbRun (fun x => p.2) (n + 1) { state := p.2, block := p.1, index := 0 }).2 =
      if masked 31 (word p.1 0) = 2147483647 then
        (limbRun (fun x => p.2) n { state := p.2, block := p.1, index := 1 }).2
      else (some (masked 31 (word p.1 0)), { state := p.2, block := p.1, index := 1 })
out : SourceDuplexStep.State
⊢ (Program.ask (DuplexFrames.advance (SourceDuplexStep.bytes c.state)) fun a =>
      if masked 31 (word out 0) = 2147483647 then limbProgram n { state := a, block := out, index := 1 }
      else Program.done (some (masked 31 (word out 0)), { state := a, block := out, index := 1 })) =
    Program.ask (DuplexFrames.advance (SourceDuplexStep.bytes c.state)) fun a =>
      Program.done (limbRun (fun x => a) (n + 1) { state := a, block := out, index := 0 }).2
'AspisV8R19.R454RefillProgramShape.limbProgram_refill_shape' depends on axioms: [propext, sorryAx, Quot.sound]
Command exited with non-zero status 1
	Command being timed: "/home/dombarker/.elan/bin/lake --dir /home/dombarker/project-offloads/aspis-r126-release-20260930-a/focus-workspace env lean -j1 -M4500 -R /home/dombarker/project-offloads/aspis-r57-lean-src-20260929-a -o /home/dombarker/project-offloads/aspis-r126-release-20260930-a/lib/AspisV8R19/R454RefillProgramShape.olean /home/dombarker/project-offloads/aspis-r57-lean-src-20260929-a/AspisV8R19/R454RefillProgramShape.lean"
	User time (seconds): 0.89
	System time (seconds): 0.32
	Percent of CPU this job got: 100%
	Elapsed (wall clock) time (h:mm:ss or m:ss): 0:01.21
	Average shared text size (kbytes): 0
	Average unshared data size (kbytes): 0
	Average stack size (kbytes): 0
	Average total size (kbytes): 0
	Maximum resident set size (kbytes): 3214940
	Average resident set size (kbytes): 0
	Major (requiring I/O) page faults: 0
	Minor (reclaiming a frame) page faults: 76563
	Voluntary context switches: 379
	Involuntary context switches: 66
	Swaps: 0
	File system inputs: 0
	File system outputs: 0
	Socket messages sent: 0
	Socket messages received: 0
	Signals delivered: 0
	Page size (bytes): 4096
	Exit status: 1
Finished with result: exit-code
Main processes terminated with: code=exited/status=1
Service runtime: 1.240s
CPU time consumed: 1.243s
Memory peak: 256.0K
Memory swap peak: 0B
