Warning: Permanently added '100.108.41.90' (ED25519) to the list of known hosts.
Running as unit: aspis-focus-1791139729988752000.service; invocation ID: 17664dc08ca9466ca450e121b8c2d48a
/home/dombarker/project-offloads/aspis-r57-lean-src-20260929-a/AspisV8R19/R745JointObservationPolynomial.lean:64:2: error: unsolved goals
case inl.calc.step
F : Type u_1
inst✝¹ : CommRing F
inst✝ : Nontrivial F
half quarter alpha u v kappa tau : F
z : Fin 10 → F
d : Fin 255
s : Fin 3
hα : assignment alpha u v kappa tau z 0 = alpha
hu : assignment alpha u v kappa tau z 1 = u
hv : assignment alpha u v kappa tau z 2 = v
hκ : assignment alpha u v kappa tau z 3 = kappa
hτ : assignment alpha u v kappa tau z 4 = tau
j : J
hq : (fun i => qdiff d s i - alpha ^ (↑s + 1) * sdiff d i) = direction alpha d s
⊢ sourceChord half (fun i => qdiff d s i - alpha ^ (↑s + 1) * sdiff d i) (1 + u * v) (u * v - 1) (-(u + v))
      (R707FullActiveDeterminant.rowCode j) =
    sourceChord half (fun i => qdiff d s i - alpha ^ (↑s + 1) * sdiff d i) (1 + u * v) (u * v - 1) (-v + -u)
      (R707FullActiveDeterminant.rowCode j)
/home/dombarker/project-offloads/aspis-r57-lean-src-20260929-a/AspisV8R19/R745JointObservationPolynomial.lean:94:4: error: Type mismatch: After simplification, term
  h
 has type
  (eval (assignment alpha u v kappa tau z))
      (sparseObservation (C half) (C quarter) (1 + X 1 * X 2) (X 1 * X 2 - 1) (-X 2 + -X 1) (X 3) (X 4) (X 0) pZ d s
        (Sum.inr (Sum.inl p))) =
    sparseObservation half quarter (1 + u * v) (u * v - 1) (-v + -u) kappa tau alpha
      (fun i => assignment alpha u v kappa tau z i.succ.succ.succ.succ.succ) d s (Sum.inr (Sum.inl p))
but is expected to have type
  (eval (assignment alpha u v kappa tau z))
      (sparseObservation (C half) (C quarter) (1 + X 1 * X 2) (X 1 * X 2 - 1) (-X 2 + -X 1) (X 3) (X 4) (X 0) pZ d s
        (Sum.inr (Sum.inl p))) =
    rawObservation half quarter (1 + u * v) (u * v - 1) (-v + -u) kappa tau z (indexedDirection alpha d s)
      (Sum.inr (Sum.inl p))
/home/dombarker/project-offloads/aspis-r57-lean-src-20260929-a/AspisV8R19/R745JointObservationPolynomial.lean:101:4: error: Type mismatch: After simplification, term
  h
 has type
  (eval (assignment alpha u v kappa tau z))
      (sparseObservation (C half) (C quarter) (1 + X 1 * X 2) (X 1 * X 2 - 1) (-X 2 + -X 1) (X 3) (X 4) (X 0) pZ d s
        (Sum.inr (Sum.inr k))) =
    sparseObservation half quarter (1 + u * v) (u * v - 1) (-v + -u) kappa tau alpha
      (fun i => assignment alpha u v kappa tau z i.succ.succ.succ.succ.succ) d s (Sum.inr (Sum.inr k))
but is expected to have type
  (eval (assignment alpha u v kappa tau z))
      (sparseObservation (C half) (C quarter) (1 + X 1 * X 2) (X 1 * X 2 - 1) (-X 2 + -X 1) (X 3) (X 4) (X 0) pZ d s
        (Sum.inr (Sum.inr k))) =
    rawObservation half quarter (1 + u * v) (u * v - 1) (-v + -u) kappa tau z (indexedDirection alpha d s)
      (Sum.inr (Sum.inr k))
'AspisV8R19.R745JointObservationPolynomial.eval_polynomialEntry' depends on axioms: [propext,
 sorryAx,
 Classical.choice,
 Quot.sound]
'AspisV8R19.R745JointObservationPolynomial.eval_polynomialMatrix' depends on axioms: [propext,
 sorryAx,
 Classical.choice,
 Quot.sound]
'AspisV8R19.R745JointObservationPolynomial.eval_polynomialMatrix_det' depends on axioms: [propext,
 sorryAx,
 Classical.choice,
 Quot.sound]
Command exited with non-zero status 1
	Command being timed: "/home/dombarker/.elan/bin/lake --dir /home/dombarker/project-offloads/aspis-r126-release-20260930-a/focus-workspace env lean -j1 -M4500 -R /home/dombarker/project-offloads/aspis-r57-lean-src-20260929-a -o /home/dombarker/project-offloads/aspis-r126-release-20260930-a/lib/AspisV8R19/R745JointObservationPolynomial.olean /home/dombarker/project-offloads/aspis-r57-lean-src-20260929-a/AspisV8R19/R745JointObservationPolynomial.lean"
	User time (seconds): 2.18
	System time (seconds): 0.36
	Percent of CPU this job got: 101%
	Elapsed (wall clock) time (h:mm:ss or m:ss): 0:02.50
	Average shared text size (kbytes): 0
	Average unshared data size (kbytes): 0
	Average stack size (kbytes): 0
	Average total size (kbytes): 0
	Maximum resident set size (kbytes): 3306528
	Average resident set size (kbytes): 0
	Major (requiring I/O) page faults: 0
	Minor (reclaiming a frame) page faults: 79787
	Voluntary context switches: 1444
	Involuntary context switches: 68
	Swaps: 0
	File system inputs: 0
	File system outputs: 0
	Socket messages sent: 0
	Socket messages received: 0
	Signals delivered: 0
	Page size (bytes): 4096
	Exit status: 1
Finished with result: exit-code
Main processes terminated with: code=exited/status=1
Service runtime: 2.537s
CPU time consumed: 2.575s
Memory peak: 328.0K
Memory swap peak: 0B
