info: r50_focused: no previous manifest, creating one from scratch
info: toolchain not updated; already up-to-date
/home/dombarker/project-offloads/aspis-r50-lean-src-20260929-a/AspisV8R19/FixedQuerySource.lean:21:0: warning: automatically included section variable(s) unused in theorem `AspisR19.FixedQuerySource.weight_eq`:
  [NeZero 2]
consider restructuring your `variable` declarations so that the variables are not in scope or explicitly omit them:
  omit [NeZero 2] in theorem ...

Note: This linter can be disabled with `set_option linter.unusedSectionVars false`
'AspisR19.FixedQuerySource.column_eq' depends on axioms: [propext, Classical.choice, Quot.sound]
'AspisR19.FixedQuerySource.weight_eq' depends on axioms: [propext, Classical.choice, Quot.sound]
'AspisR19.FixedQuerySource.relation_eq' depends on axioms: [propext, Classical.choice, Quot.sound]
'AspisR19.FixedQuerySource.point_eq' depends on axioms: [propext, Classical.choice, Quot.sound]
'AspisR19.FixedQuerySource.observed_eq' depends on axioms: [propext, Classical.choice, Quot.sound]
'AspisR19.FixedQuerySource.matrix_eq' depends on axioms: [propext, Classical.choice, Quot.sound]
	Command being timed: "/home/dombarker/.elan/bin/lake env lean -R /home/dombarker/project-offloads/aspis-r50-lean-src-20260929-a -o /home/dombarker/project-offloads/aspis-r50-lean-20260929-d/lib/AspisV8R19/FixedQuerySource.olean /home/dombarker/project-offloads/aspis-r50-lean-src-20260929-a/AspisV8R19/FixedQuerySource.lean"
	User time (seconds): 0.92
	System time (seconds): 0.36
	Percent of CPU this job got: 115%
	Elapsed (wall clock) time (h:mm:ss or m:ss): 0:01.10
	Average shared text size (kbytes): 0
	Average unshared data size (kbytes): 0
	Average stack size (kbytes): 0
	Average total size (kbytes): 0
	Maximum resident set size (kbytes): 2472012
	Average resident set size (kbytes): 0
	Major (requiring I/O) page faults: 0
	Minor (reclaiming a frame) page faults: 57176
	Voluntary context switches: 2700
	Involuntary context switches: 137
	Swaps: 0
	File system inputs: 0
	File system outputs: 472
	Socket messages sent: 0
	Socket messages received: 0
	Signals delivered: 0
	Page size (bytes): 4096
	Exit status: 0
