'AspisR19.FixedQuerySourceGate.source_determinant' depends on axioms: [propext, Classical.choice, Quot.sound]
'AspisR19.FixedQuerySourceGate.source_nonsingular_iff' depends on axioms: [propext, Classical.choice, Quot.sound]
	Command being timed: "/home/dombarker/.elan/bin/lake env lean -R /home/dombarker/project-offloads/aspis-r50-lean-src-20260929-a -o /home/dombarker/project-offloads/aspis-r50-lean-20260929-j/lib/AspisV8R19/FixedQuerySourceGate.olean /home/dombarker/project-offloads/aspis-r50-lean-src-20260929-a/AspisV8R19/FixedQuerySourceGate.lean"
	User time (seconds): 0.90
	System time (seconds): 0.34
	Percent of CPU this job got: 105%
	Elapsed (wall clock) time (h:mm:ss or m:ss): 0:01.18
	Average shared text size (kbytes): 0
	Average unshared data size (kbytes): 0
	Average stack size (kbytes): 0
	Average total size (kbytes): 0
	Maximum resident set size (kbytes): 2466348
	Average resident set size (kbytes): 0
	Major (requiring I/O) page faults: 0
	Minor (reclaiming a frame) page faults: 56224
	Voluntary context switches: 2351
	Involuntary context switches: 46
	Swaps: 0
	File system inputs: 0
	File system outputs: 168
	Socket messages sent: 0
	Socket messages received: 0
	Signals delivered: 0
	Page size (bytes): 4096
	Exit status: 0
