Warning: Permanently added '100.108.41.90' (ED25519) to the list of known hosts.
Running as unit: aspis-focus-1791107424328455000.service; invocation ID: 98d8f04a6bdf45939815c2a4eff67665
/home/dombarker/project-offloads/aspis-r57-lean-src-20260929-a/AspisV8R19/R624DecoderInnerExecution.lean:102:17: warning: This simp argument is unused:
  Prod.fst

Hint: Omit it from the simp argument list.
  simp only [̵P̵r̵o̵d̵.̵f̵s̵t̵,̵ ̵P̵r̵o̵d̵.̵s̵n̵d̵]̵[̲P̲r̲o̲d̲.̲s̲n̲d̲]̲

Note: This linter can be disabled with `set_option linter.unusedSimpArgs false`
/home/dombarker/project-offloads/aspis-r57-lean-src-20260929-a/AspisV8R19/R624DecoderInnerExecution.lean:102:27: warning: This simp argument is unused:
  Prod.snd

Hint: Omit it from the simp argument list.
  simp only [Prod.fst,̵ ̵P̵r̵o̵d̵.̵s̵n̵d̵]

Note: This linter can be disabled with `set_option linter.unusedSimpArgs false`
/home/dombarker/project-offloads/aspis-r57-lean-src-20260929-a/AspisV8R19/R624DecoderInnerExecution.lean:110:24: warning: This simp argument is unused:
  hs

Hint: Omit it from the simp argument list.
  simp ̵[̵h̵s̵]̵

Note: This linter can be disabled with `set_option linter.unusedSimpArgs false`
/home/dombarker/project-offloads/aspis-r57-lean-src-20260929-a/AspisV8R19/R624DecoderInnerExecution.lean:111:21: warning: This simp argument is unused:
  hs

Hint: Omit it from the simp argument list.
  simp ̵[̵h̵s̵]̵

Note: This linter can be disabled with `set_option linter.unusedSimpArgs false`
/home/dombarker/project-offloads/aspis-r57-lean-src-20260929-a/AspisV8R19/R624DecoderInnerExecution.lean:114:21: warning: This simp argument is unused:
  hs

Hint: Omit it from the simp argument list.
  simp only [h̵s̵,̵ ̵bind_tc_ok]

Note: This linter can be disabled with `set_option linter.unusedSimpArgs false`
/home/dombarker/project-offloads/aspis-r57-lean-src-20260929-a/AspisV8R19/R624DecoderInnerExecution.lean:162:39: warning: This simp argument is unused:
  Array.getElem?_eq_getElem

Hint: Omit it from the simp argument list.
  simp [Array.index_usize, sourceWord, A̵r̵r̵a̵y̵.̵g̵e̵t̵E̵l̵e̵m̵?̵_̵e̵q̵_̵g̵e̵t̵E̵l̵e̵m̵,̵ ̵hv, hj]

Note: This linter can be disabled with `set_option linter.unusedSimpArgs false`
/home/dombarker/project-offloads/aspis-r57-lean-src-20260929-a/AspisV8R19/R624DecoderInnerExecution.lean:168:30: warning: This simp argument is unused:
  Array.getElem?_eq_getElem

Hint: Omit it from the simp argument list.
  simp [Array.update, setNat, A̵r̵r̵a̵y̵.̵g̵e̵t̵E̵l̵e̵m̵?̵_̵e̵q̵_̵g̵e̵t̵E̵l̵e̵m̵,̵ ̵hout, hi]

Note: This linter can be disabled with `set_option linter.unusedSimpArgs false`
/home/dombarker/project-offloads/aspis-r57-lean-src-20260929-a/AspisV8R19/R624DecoderInnerExecution.lean:312:2: warning: 'change (AspisV8R19.R486ParserCanonicalMask.accepted mask.bv ∧ value.bv.toNat + 1 < 2147483648) ↔ _' tactic does nothing

Note: This linter can be disabled with `set_option linter.unusedTactic false`
/home/dombarker/project-offloads/aspis-r57-lean-src-20260929-a/AspisV8R19/R624DecoderInnerExecution.lean:367:6: error: Tactic `subst` failed: did not find equation for eliminating 'value'

case inr.inr.inr.inr.inr.inr.inr
N block : Usize
v : Std.Array U64 8#usize
hblock : 8 * (↑block + 1) ≤ ↑N
out : Std.Array U32 N
value : U32
h : value = sourceMaskedValue (sourceWordNat v 7 blockWords._proof_16) ∨ value ∈ []
⊢ ↑value ≤ 2147483647
/home/dombarker/project-offloads/aspis-r57-lean-src-20260929-a/AspisV8R19/R624DecoderInnerExecution.lean:365:42: warning: This simp argument is unused:
  List.mem_singleton

Hint: Omit it from the simp argument list.
  simp only [blockWords, List.mem_cons,̵ ̵L̵i̵s̵t̵.̵m̵e̵m̵_̵s̵i̵n̵g̵l̵e̵t̵o̵n̵] at hv

Note: This linter can be disabled with `set_option linter.unusedSimpArgs false`
'AspisV8R19.R624DecoderInnerExecution.sourceMaskedValue_bound' depends on axioms: [propext,
 Classical.choice,
 Quot.sound]
'AspisV8R19.R624DecoderInnerExecution.source_index_success' depends on axioms: [propext, Classical.choice, Quot.sound]
'AspisV8R19.R624DecoderInnerExecution.source_update_success' depends on axioms: [propext]
'AspisV8R19.R624DecoderInnerExecution.source_index_arithmetic' depends on axioms: [propext,
 Classical.choice,
 Quot.sound]
'AspisV8R19.R624DecoderInnerExecution.wordStep_success' depends on axioms: [propext, Classical.choice, Quot.sound]
'AspisV8R19.R624DecoderInnerExecution.blockAcc' depends on axioms: [propext, Classical.choice, Quot.sound]
'AspisV8R19.R624DecoderInnerExecution.wordRun_block' depends on axioms: [propext, Classical.choice, Quot.sound]
'AspisV8R19.R624DecoderInnerExecution.sourceMaskCast_exact' depends on axioms: [propext, Classical.choice, Quot.sound]
'AspisV8R19.R624DecoderInnerExecution.wordStep' depends on axioms: [propext, Classical.choice, Quot.sound]
'AspisV8R19.R624DecoderInnerExecution.wordRun' depends on axioms: [propext, Classical.choice, Quot.sound]
'AspisV8R19.R624DecoderInnerExecution.body_factor' depends on axioms: [propext, Classical.choice, Quot.sound]
'AspisV8R19.R624DecoderInnerExecution.loop_exec' depends on axioms: [propext, Classical.choice, Quot.sound]
'AspisV8R19.R624DecoderInnerExecution.loop_exec_eight' depends on axioms: [propext, Classical.choice, Quot.sound]
'AspisV8R19.R624DecoderInnerExecution.blockAcc_eight_mask' depends on axioms: [propext, Classical.choice, Quot.sound]
'AspisV8R19.R624DecoderInnerExecution.blockAcc_eight_canonical_iff' depends on axioms: [propext,
 sorryAx,
 Classical.choice,
 Quot.sound]
'AspisV8R19.R624DecoderInnerExecution.sourceInvalid_accepted' depends on axioms: [propext, Classical.choice, Quot.sound]
'AspisV8R19.R624DecoderInnerExecution.sourceInvalid_fold_accepted' depends on axioms: [propext,
 Classical.choice,
 Quot.sound]
Command exited with non-zero status 1
	Command being timed: "/home/dombarker/.elan/bin/lake --dir /home/dombarker/project-offloads/aspis-r126-release-20260930-a/focus-workspace env lean -j1 -M4500 -R /home/dombarker/project-offloads/aspis-r57-lean-src-20260929-a -o /home/dombarker/project-offloads/aspis-r126-release-20260930-a/lib/AspisV8R19/R624DecoderInnerExecution.olean /home/dombarker/project-offloads/aspis-r57-lean-src-20260929-a/AspisV8R19/R624DecoderInnerExecution.lean"
	User time (seconds): 2.04
	System time (seconds): 0.39
	Percent of CPU this job got: 100%
	Elapsed (wall clock) time (h:mm:ss or m:ss): 0:02.42
	Average shared text size (kbytes): 0
	Average unshared data size (kbytes): 0
	Average stack size (kbytes): 0
	Average total size (kbytes): 0
	Maximum resident set size (kbytes): 3767320
	Average resident set size (kbytes): 0
	Major (requiring I/O) page faults: 0
	Minor (reclaiming a frame) page faults: 86857
	Voluntary context switches: 2601
	Involuntary context switches: 73
	Swaps: 0
	File system inputs: 0
	File system outputs: 0
	Socket messages sent: 0
	Socket messages received: 0
	Signals delivered: 0
	Page size (bytes): 4096
	Exit status: 1
Finished with result: exit-code
Main processes terminated with: code=exited/status=1
Service runtime: 2.452s
CPU time consumed: 2.466s
Memory peak: 552.0K
Memory swap peak: 0B
