Warning: Permanently added '100.108.41.90' (ED25519) to the list of known hosts.
Running as unit: aspis-focus-1791107660626880000.service; invocation ID: ed5603fb915c48479492949ae27584c9
/home/dombarker/project-offloads/aspis-r57-lean-src-20260929-a/AspisV8R19/R631DecoderChunkShape.lean:9:11: error(lean.unknownIdentifier): Unknown constant `List.toChunksExact`
/home/dombarker/project-offloads/aspis-r57-lean-src-20260929-a/AspisV8R19/R631DecoderChunkShape.lean:9:41: error(lean.invalidField): Invalid field notation: Type of
  c
is not known; cannot resolve field `length`

Hint: Consider replacing the field projection with a call to one of the following:
  • `Composition.length`
  • `CompositionAsSet.length`
  • `Computation.length`
  • `Cycle.length`
  • `FreeAddMonoid.length`
  • `FreeMonoid.length`
  • `List.length`
  • `Module.length`
  • `RelSeries.length`
  • `String.length`
  • `Computation.Results.length`
  • `FreeAddGroup.Red.length`
  • `FreeGroup.Red.length`
  • `List.Vector.length`
  • `Quiver.Path.length`
  • `Std.Iter.length`
  • `Std.IterM.length`
  • `Stream'.Seq.length`
  • `String.Internal.length`
  • `String.Slice.length`
  • `Aeneas.Std.Array.length`
  • `Aeneas.Std.Slice.length`
  • `FreeAddGroup.Red.Step.length`
  • `FreeGroup.Red.Step.length`
  • `Lean.Firefox.FrameTable.length`
  • `Lean.Firefox.FuncTable.length`
  • `Lean.Firefox.RawMarkerTable.length`
  • `Lean.Firefox.ResourceTable.length`
  • `Lean.Firefox.SamplesTable.length`
  • `Lean.Firefox.StackTable.length`
  • `Lean.Omega.Coeffs.length`
  • `Batteries.BinomialHeap.Imp.Heap.length`
  • `Lean.Grind.AC.Seq.length`
  • `Lean.Grind.CommRing.Mon.length`
  • `Lean.Grind.CommRing.Poly.length`
  • `Mathlib.Tactic.ClickSuggestions.Premise.length`
  • `Std.DHashMap.Internal.AssocList.length`
  • `Std.Http.Header.ContentLength.length`
  • `Aeneas.Std.alloc.vec.Vec.length`
  • `Lean.Elab.Tactic.Do.ProofMode.TypeList.length`
/home/dombarker/project-offloads/aspis-r57-lean-src-20260929-a/AspisV8R19/R631DecoderChunkShape.lean:10:9: error(lean.unknownIdentifier): Unknown constant `List.toChunksExact`
/home/dombarker/project-offloads/aspis-r57-lean-src-20260929-a/AspisV8R19/R631DecoderChunkShape.lean:26:5: error(lean.unknownIdentifier): Unknown constant `List.toChunksExact`
/home/dombarker/project-offloads/aspis-r57-lean-src-20260929-a/AspisV8R19/R631DecoderChunkShape.lean:27:5: error(lean.unknownIdentifier): Unknown constant `List.toChunksExact`
/home/dombarker/project-offloads/aspis-r57-lean-src-20260929-a/AspisV8R19/R631DecoderChunkShape.lean:28:9: error(lean.unknownIdentifier): Unknown constant `List.toChunksExact`
/home/dombarker/project-offloads/aspis-r57-lean-src-20260929-a/AspisV8R19/R631DecoderChunkShape.lean:43:0: warning: unused termination hints, function is not recursive
/home/dombarker/project-offloads/aspis-r57-lean-src-20260929-a/AspisV8R19/R631DecoderChunkShape.lean:46:14: error(lean.unknownIdentifier): Unknown constant `chunk_length`
'AspisV8R19.R631DecoderChunkShape.chunk_shape' depends on axioms: [sorryAx]
Command exited with non-zero status 1
	Command being timed: "/home/dombarker/.elan/bin/lake --dir /home/dombarker/project-offloads/aspis-r126-release-20260930-a/focus-workspace env lean -j1 -M4500 -R /home/dombarker/project-offloads/aspis-r57-lean-src-20260929-a -o /home/dombarker/project-offloads/aspis-r126-release-20260930-a/lib/AspisV8R19/R631DecoderChunkShape.olean /home/dombarker/project-offloads/aspis-r57-lean-src-20260929-a/AspisV8R19/R631DecoderChunkShape.lean"
	User time (seconds): 1.07
	System time (seconds): 0.37
	Percent of CPU this job got: 99%
	Elapsed (wall clock) time (h:mm:ss or m:ss): 0:01.45
	Average shared text size (kbytes): 0
	Average unshared data size (kbytes): 0
	Average stack size (kbytes): 0
	Average total size (kbytes): 0
	Maximum resident set size (kbytes): 3729192
	Average resident set size (kbytes): 0
	Major (requiring I/O) page faults: 12
	Minor (reclaiming a frame) page faults: 86108
	Voluntary context switches: 100
	Involuntary context switches: 64
	Swaps: 0
	File system inputs: 2288
	File system outputs: 0
	Socket messages sent: 0
	Socket messages received: 0
	Signals delivered: 0
	Page size (bytes): 4096
	Exit status: 1
Finished with result: exit-code
Main processes terminated with: code=exited/status=1
Service runtime: 1.481s
CPU time consumed: 1.474s
Memory peak: 548.0K
Memory swap peak: 0B
