Running as unit: aspis-v8-complete-13-prover-1788911822-3662087.scope; invocation ID: 5e65632a6aa54a168270c7f434035dc7
GAMMA_CONTROLS canonical_profiles=16 maximal_limb_dot=true noncanonical_positions=152 short_inputs=2
STRUCTURED_CONTROLS entries=16384 terminals=64 affine_x_y=true inversion_zero_every_position=true
PERF_CONTROLS exact_public_weights=8192 allocation_free_carry=4104 zero_one_coordinates=true
PERF {"seed":0,"phase":"setup_compiler_encoder_matrix","seconds":1.330493843}
PERF {"seed":1,"phase":"masking","seconds":0.000486908}
PERF {"seed":1,"phase":"c1_encode","seconds":0.348707924}
PERF {"seed":1,"phase":"c1_salts_pack_tree","seconds":0.756427473}
PERF {"seed":1,"phase":"c2_helpers_encode","seconds":0.147173662}
PERF {"seed":1,"phase":"c2_pack_tree","seconds":0.377889641}
semantic_round=0 checked=true
semantic_round=1 checked=true
semantic_round=2 checked=true
semantic_round=3 checked=true
semantic_round=4 checked=true
semantic_round=5 checked=true
semantic_round=6 checked=true
semantic_round=7 checked=true
semantic_round=8 checked=true
semantic_round=9 checked=true
PERF {"seed":1,"phase":"semantic_producer_literal","seconds":1.9726734339999998}
PERF {"seed":1,"phase":"ood_transpose_quotient","seconds":0.007667578}
STRESS {"attempts":275360,"seconds":1.267011243,"frontier_each":296,"security_credit_bits":0}
PERF {"seed":1,"phase":"relation_openings_serialize","seconds":1.268054523}
PERF {"seed":1,"phase":"prover_total_excludes_setup","seconds":4.879146849}
PERF {"seed":1,"phase":"host_verify_from_public_bytes","seconds":0.000625153}
PERF {"seed":1,"accepted":true,"body_bytes":40282,"max_body_bytes":40282,"stress_nonce_attempts":275360,"security_credit_bits":0,"full_transaction_cu":null}
PERF {"seed":2,"phase":"masking","seconds":0.000475233}
PERF {"seed":2,"phase":"c1_encode","seconds":0.351164847}
PERF {"seed":2,"phase":"c1_salts_pack_tree","seconds":0.747983634}
PERF {"seed":2,"phase":"c2_helpers_encode","seconds":0.147311554}
PERF {"seed":2,"phase":"c2_pack_tree","seconds":0.386789656}
semantic_round=0 checked=true
semantic_round=1 checked=true
semantic_round=2 checked=true
semantic_round=3 checked=true
semantic_round=4 checked=true
semantic_round=5 checked=true
semantic_round=6 checked=true
semantic_round=7 checked=true
semantic_round=8 checked=true
semantic_round=9 checked=true
PERF {"seed":2,"phase":"semantic_producer_literal","seconds":1.9643372449999998}
PERF {"seed":2,"phase":"ood_transpose_quotient","seconds":0.007635253}
STRESS {"attempts":674936,"seconds":2.979452383,"frontier_each":296,"security_credit_bits":0}
PERF {"seed":2,"phase":"relation_openings_serialize","seconds":2.980276989}
PERF {"seed":2,"phase":"prover_total_excludes_setup","seconds":6.586048928}
PERF {"seed":2,"phase":"host_verify_from_public_bytes","seconds":0.000575903}
PERF {"seed":2,"accepted":true,"body_bytes":40282,"max_body_bytes":40282,"stress_nonce_attempts":674936,"security_credit_bits":0,"full_transaction_cu":null}
PERF {"seed":3,"phase":"masking","seconds":0.000470273}
PERF {"seed":3,"phase":"c1_encode","seconds":0.304612141}
PERF {"seed":3,"phase":"c1_salts_pack_tree","seconds":0.753311235}
PERF {"seed":3,"phase":"c2_helpers_encode","seconds":0.132520281}
PERF {"seed":3,"phase":"c2_pack_tree","seconds":0.37457277}
semantic_round=0 checked=true
semantic_round=1 checked=true
semantic_round=2 checked=true
semantic_round=3 checked=true
semantic_round=4 checked=true
semantic_round=5 checked=true
semantic_round=6 checked=true
semantic_round=7 checked=true
semantic_round=8 checked=true
semantic_round=9 checked=true
PERF {"seed":3,"phase":"semantic_producer_literal","seconds":1.953970832}
PERF {"seed":3,"phase":"ood_transpose_quotient","seconds":0.007629364}
STRESS {"attempts":165721,"seconds":0.724109098,"frontier_each":296,"security_credit_bits":0}
PERF {"seed":3,"phase":"relation_openings_serialize","seconds":0.725095691}
PERF {"seed":3,"phase":"prover_total_excludes_setup","seconds":4.252247769}
PERF {"seed":3,"phase":"host_verify_from_public_bytes","seconds":0.000580208}
PERF {"seed":3,"accepted":true,"body_bytes":40282,"max_body_bytes":40282,"stress_nonce_attempts":165721,"security_credit_bits":0,"full_transaction_cu":null}
	Command being timed: "env NO_DNA=1 env ASPIS_V8_COMPLETE_CONTEXT=/home/dombarker/project-offloads/aspis-v8-performance-20260908.scS2Jz/complete-max-withdrawal-13-v1/context /home/dombarker/project-offloads/aspis-v8-performance-20260908.scS2Jz/docs/research/v8-no-work-100-20260907/experiments/performance-host/target/release/aspis-v8-performance-host /home/dombarker/project-offloads/aspis-v8-performance-20260908.scS2Jz/complete-max-withdrawal-13-v1/proofs"
	User time (seconds): 16.95
	System time (seconds): 0.13
	Percent of CPU this job got: 99%
	Elapsed (wall clock) time (h:mm:ss or m:ss): 0:17.08
	Average shared text size (kbytes): 0
	Average unshared data size (kbytes): 0
	Average stack size (kbytes): 0
	Average total size (kbytes): 0
	Maximum resident set size (kbytes): 202940
	Average resident set size (kbytes): 0
	Major (requiring I/O) page faults: 0
	Minor (reclaiming a frame) page faults: 120490
	Voluntary context switches: 15
	Involuntary context switches: 92
	Swaps: 0
	File system inputs: 0
	File system outputs: 264
	Socket messages sent: 0
	Socket messages received: 0
	Signals delivered: 0
	Page size (bytes): 4096
	Exit status: 0
