[[92mInfo[39m ] Imported: /home/dombarker/project-offloads/aspis-r604-combine-beta-generic-20261004-b/R604CombineBetaGeneric.llbc
Uncaught exception:
  
  Not_found

Raised at Stdlib__Map.Make.find in file "map.ml", line 141, characters 10-25
Called from Stdlib__List.map in file "list.ml", line 83, characters 15-19
Called from Aeneas__InterpStatements.eval_switch_with_join.match_ctx.reorder_output_abs in file "interp/InterpStatements.ml", line 1540, characters 8-55
Called from Stdlib__List.map in file "list.ml", line 86, characters 15-19
Called from Aeneas__InterpStatements.eval_switch_with_join in file "interp/InterpStatements.ml", line 1554, characters 15-38
Called from Aeneas__InterpStatements.eval_switch_raw.(fun) in file "interp/InterpStatements.ml", line 1247, characters 18-68
Called from Aeneas__InterpStatements.eval_switch.(fun) in file "interp/InterpStatements.ml", line 1186, characters 10-50
Called from Aeneas__InterpStatements.eval_statement.(fun) in file "interp/InterpStatements.ml", line 992, characters 10-44
Called from Aeneas__InterpStatements.eval_statement_list.(fun) in file "interp/InterpStatements.ml", line 1001, characters 29-57
Called from Stdlib__List.map in file "list.ml", line 83, characters 15-19
Called from Aeneas__InterpStatements.eval_statement_list.(fun) in file "interp/InterpStatements.ml", lines 1006-1014, characters 8-18
Called from Stdlib__List.map in file "list.ml", line 83, characters 15-19
Called from Aeneas__InterpStatements.eval_statement_list.(fun) in file "interp/InterpStatements.ml", lines 1006-1014, characters 8-18
Called from Stdlib__List.map in file "list.ml", line 83, characters 15-19
Called from Aeneas__InterpStatements.eval_statement_list.(fun) in file "interp/InterpStatements.ml", lines 1006-1014, characters 8-18
Called from Stdlib__List.map in file "list.ml", line 83, characters 15-19
Called from Aeneas__InterpStatements.eval_statement_list.(fun) in file "interp/InterpStatements.ml", lines 1006-1014, characters 8-18
Called from Stdlib__List.map in file "list.ml", line 83, characters 15-19
Called from Aeneas__InterpStatements.eval_statement_list.(fun) in file "interp/InterpStatements.ml", lines 1006-1014, characters 8-18
Called from Stdlib__List.map in file "list.ml", line 83, characters 15-19
Called from Aeneas__InterpStatements.eval_statement_list.(fun) in file "interp/InterpStatements.ml", lines 1006-1014, characters 8-18
Called from Stdlib__List.map in file "list.ml", line 83, characters 15-19
Called from Aeneas__InterpStatements.eval_statement_list.(fun) in file "interp/InterpStatements.ml", lines 1006-1014, characters 8-18
Called from Stdlib__List.map in file "list.ml", line 83, characters 15-19
Called from Aeneas__InterpStatements.eval_statement_list.(fun) in file "interp/InterpStatements.ml", lines 1006-1014, characters 8-18
Called from Aeneas__InterpStatements.eval_function_body.(fun) in file "interp/InterpStatements.ml", line 1968, characters 26-52
Called from Aeneas__Interp.evaluate_function_symbolic in file "interp/Interp.ml", line 605, characters 25-64
Called from Aeneas__Translate.translate_function_to_symbolics in file "Translate.ml", line 35, characters 8-71
Called from Aeneas__Translate.translate_function_to_pure_aux in file "Translate.ml", line 132, characters 4-61
Called from Aeneas__Translate.translate_function_to_pure in file "Translate.ml", lines 288-289, characters 6-41
Called from Aeneas__Translate.translate_crate_to_pure.process.(fun) in file "Translate.ml", lines 501-502, characters 16-45
Called from Stdlib__List.filter_map in file "list.ml", line 280, characters 12-15
Called from Stdlib__List.filter_map in file "list.ml", line 282, characters 23-37
Called from Aeneas__Parallel.catch_reraise in file "Parallel.ml", line 17, characters 6-9
Called from Aeneas__Translate.translate_crate_to_pure in file "Translate.ml", line 519, characters 22-62
Called from Aeneas__Translate.translate_crate in file "Translate.ml", line 2199, characters 31-71
Called from Dune__exe__Main in file "Main.ml", lines 743-744, characters 8-37
Command exited with non-zero status 2
	Command being timed: "timeout --signal=TERM --kill-after=5s 180s /home/dombarker/project-offloads/aspis-r614-scalar-constants-build-output-20261004-b/aeneas-r614-scalar-constants-candidate-20261004-b -sequential -no-progress-bar -abort-on-error -backend lean -namespace AspisR614SelectedCombineBeta -dest /home/dombarker/project-offloads/aspis-r614-combine-beta-translation-20261004-a/generated -subdir AspisR614SelectedCombineBeta -split-files -emit-json /home/dombarker/project-offloads/aspis-r604-combine-beta-generic-20261004-b/R604CombineBetaGeneric.llbc"
	User time (seconds): 1.43
	System time (seconds): 0.08
	Percent of CPU this job got: 99%
	Elapsed (wall clock) time (h:mm:ss or m:ss): 0:01.51
	Average shared text size (kbytes): 0
	Average unshared data size (kbytes): 0
	Average stack size (kbytes): 0
	Average total size (kbytes): 0
	Maximum resident set size (kbytes): 316800
	Average resident set size (kbytes): 0
	Major (requiring I/O) page faults: 0
	Minor (reclaiming a frame) page faults: 73534
	Voluntary context switches: 3
	Involuntary context switches: 6
	Swaps: 0
	File system inputs: 0
	File system outputs: 8
	Socket messages sent: 0
	Socket messages received: 0
	Signals delivered: 0
	Page size (bytes): 4096
	Exit status: 2
