warning: unused imports: `visit_copy_exceptional_terminal_links` and `visit_copy_terminal_links`
  --> /home/dombarker/project-offloads/aspis-r20-r117-primal-20260930-a/crates/aspis-statement/src/constraints_v4.rs:32:5
   |
32 |     visit_copy_exceptional_terminal_links, visit_copy_links, visit_copy_terminal_links,
   |     ^^^^^^^^^^^^^^^^^^^^^^^^^^^^^^^^^^^^^                    ^^^^^^^^^^^^^^^^^^^^^^^^^
   |
   = note: `#[warn(unused_imports)]` (part of `#[warn(unused)]`) on by default

warning: unused import: `decode_pool_v1_pair_late_public_statement_v1`
  --> /home/dombarker/project-offloads/aspis-r20-r117-primal-20260930-a/crates/aspis-statement/src/pool_v1/pair_forest_terminal.rs:15:5
   |
15 |     decode_pool_v1_pair_late_public_statement_v1, decode_pool_v1_pair_verified_afterstate_v1,
   |     ^^^^^^^^^^^^^^^^^^^^^^^^^^^^^^^^^^^^^^^^^^^^

warning: unused import: `pool_v1_note_commitment`
  --> /home/dombarker/project-offloads/aspis-r20-r117-primal-20260930-a/crates/aspis-statement/src/pool_v1/pair_trace.rs:50:5
   |
50 |     pool_v1_note_commitment, pool_v1_nullifier, pool_v1_tree_parent,
   |     ^^^^^^^^^^^^^^^^^^^^^^^

warning: unused imports: `trace_round_constant` and `trace_round_descriptor`
  --> /home/dombarker/project-offloads/aspis-r20-r117-primal-20260930-a/crates/aspis-statement/src/state_only_poseidon.rs:18:5
   |
18 |     trace_round_constant, trace_round_descriptor, EXTERNAL_FINAL, EXTERNAL_INITIAL, INTERNAL,
   |     ^^^^^^^^^^^^^^^^^^^^  ^^^^^^^^^^^^^^^^^^^^^^

warning: type `state_only_terminal::CompiledCopyLink` is more private than the item `state_only_terminal::constants::COMPILED_COPY_LINKS`
   --> /home/dombarker/project-offloads/aspis-r20-r117-primal-20260930-a/crates/aspis-statement/src/state_only_terminal_constants.rs:850:1
    |
850 | pub(crate) const COMPILED_COPY_LINKS: [CompiledCopyLink; 102] = [
    | ^^^^^^^^^^^^^^^^^^^^^^^^^^^^^^^^^^^^^^^^^^^^^^^^^^^^^^^^^^^^^ constant `state_only_terminal::constants::COMPILED_COPY_LINKS` is reachable at visibility `pub(crate)`
    |
note: but type `state_only_terminal::CompiledCopyLink` is only usable at visibility `pub(self)`
   --> /home/dombarker/project-offloads/aspis-r20-r117-primal-20260930-a/crates/aspis-statement/src/state_only_terminal.rs:88:1
    |
 88 | struct CompiledCopyLink {
    | ^^^^^^^^^^^^^^^^^^^^^^^
    = note: `#[warn(private_interfaces)]` on by default

warning: `aspis-statement` (lib) generated 5 warnings (run `cargo fix --lib -p aspis-statement` to apply 4 suggestions)
   Compiling aspis-v8-performance-host v0.0.0 (/home/dombarker/project-offloads/aspis-r20-r117-primal-20260930-a/docs/research/v8-no-work-100-20260907/experiments/performance-host)
warning: unused imports: `M31_HALF` and `M31`
 --> ../r17_owned_weights.rs:2:69
  |
2 | use super::{basis_transport::transport, corelib::field::{QM31 as K, M31, M31_HALF}};
  |                                                                     ^^^  ^^^^^^^^
  |
  = note: `#[warn(unused_imports)]` (part of `#[warn(unused)]`) on by default

warning: failed to resolve item path `crate::circle_norm::joined_inverse::line_norm::r110_norm::try_norm::_::call_once`: path `crate::circle_norm::joined_inverse::line_norm::r110_norm::try_norm::_` does not correspond to any item

warning: unused variable: `x`
   --> ../relation_callback.rs:238:17
    |
238 | ...   for (j,(x,y)) in [(base.x,base.y),(base.x,base.y.neg()),(base.x.neg(),base.y.neg()),(base.x.neg(),base.y)].into_iter().enumer...
    |               ^ help: if this is intentional, prefix it with an underscore: `_x`
    |
    = note: `#[warn(unused_variables)]` (part of `#[warn(unused)]`) on by default

warning: unused variable: `y`
   --> ../relation_callback.rs:238:19
    |
238 | ...   for (j,(x,y)) in [(base.x,base.y),(base.x,base.y.neg()),(base.x.neg(),base.y.neg()),(base.x.neg(),base.y)].into_iter().enumer...
    |                 ^ help: if this is intentional, prefix it with an underscore: `_y`

warning: variable does not need to be mutable
   --> ../payment_extraction.rs:213:9
    |
213 |     let mut encoded:Vec<Vec<M31>>=selected.iter().map(|m|enc.encode_c1_message(m).unwrap()).collect();
    |         ----^^^^^^^
    |         |
    |         help: remove this `mut`
    |
    = note: `#[warn(unused_mut)]` (part of `#[warn(unused)]`) on by default

ERROR Code failed to compile
warning: `aspis-v8-performance-host` (bin "aspis-v8-performance-host") generated 4 warnings (run `cargo fix --bin "aspis-v8-performance-host" -p aspis-v8-performance-host` to apply 4 suggestions)
error: could not compile `aspis-v8-performance-host` (bin "aspis-v8-performance-host"); 4 warnings emitted

Caused by:
  process didn't exit successfully: `/home/dombarker/project-offloads/ZK-v5-formal/toolchains/charon/bin/charon-driver charon-dont-cache-this-861464-1790916515099795556 /home/dombarker/.rustup/toolchains/nightly-2026-06-01-x86_64-unknown-linux-gnu/bin/rustc --crate-name aspis_v8_performance_host --edition=2021 ../relation_callback.rs --error-format=json --json=diagnostic-rendered-ansi,artifacts,future-incompat --crate-type bin --emit=dep-info,link -C opt-level=3 -C embed-bitcode=no -C codegen-units=1 --cfg 'feature="insecure-spend-fixture"' --cfg 'feature="selected-v7-kernels"' --check-cfg 'cfg(docsrs,test)' --check-cfg 'cfg(feature, values("insecure-spend-fixture", "selected-v7-kernels"))' -C metadata=36439f276d9d8ecf -C extra-filename=-f673778cffcff6d3 --out-dir /home/dombarker/project-offloads/aspis-r20-r117-primal-20260930-a/docs/research/v8-no-work-100-20260907/experiments/performance-host/target/x86_64-unknown-linux-gnu/release/deps --target x86_64-unknown-linux-gnu -C strip=debuginfo -L dependency=/home/dombarker/project-offloads/aspis-r20-r117-primal-20260930-a/docs/research/v8-no-work-100-20260907/experiments/performance-host/target/x86_64-unknown-linux-gnu/release/deps -L dependency=/home/dombarker/project-offloads/aspis-r20-r117-primal-20260930-a/docs/research/v8-no-work-100-20260907/experiments/performance-host/target/release/deps --extern aspis_core=/home/dombarker/project-offloads/aspis-r20-r117-primal-20260930-a/docs/research/v8-no-work-100-20260907/experiments/performance-host/target/x86_64-unknown-linux-gnu/release/deps/libaspis_core-d5cfdf4ae48ea2a5.rlib --extern aspis_statement=/home/dombarker/project-offloads/aspis-r20-r117-primal-20260930-a/docs/research/v8-no-work-100-20260907/experiments/performance-host/target/x86_64-unknown-linux-gnu/release/deps/libaspis_statement-12065fa0eb1e9e85.rlib --extern getrandom=/home/dombarker/project-offloads/aspis-r20-r117-primal-20260930-a/docs/research/v8-no-work-100-20260907/experiments/performance-host/target/x86_64-unknown-linux-gnu/release/deps/libgetrandom-214e7ab06b15c5a7.rlib --extern sha2=/home/dombarker/project-offloads/aspis-r20-r117-primal-20260930-a/docs/research/v8-no-work-100-20260907/experiments/performance-host/target/x86_64-unknown-linux-gnu/release/deps/libsha2-141e2a0ab539e4e1.rlib --extern zeroize=/home/dombarker/project-offloads/aspis-r20-r117-primal-20260930-a/docs/research/v8-no-work-100-20260907/experiments/performance-host/target/x86_64-unknown-linux-gnu/release/deps/libzeroize-996a53c09301961e.rlib --cfg v8_positive_transfer --cfg v8_complete --cfg v8_performance_fast --cfg v8_structured --cfg v8_fine_profile --cfg v8_batch_m --cfg v8_tower_batch --cfg v8_query_kernels --cfg v8_fused_rows --cfg v8_shared_weights --cfg v8_block_horner --cfg v8_gamma_wrap --cfg v8_reuse_gamma --cfg v8_grouped_linear --cfg v8_query_shared --cfg v8_range_m31 --cfg v8_range_cm31 --cfg v8_sparse_groups --cfg v8_range_dots --cfg v8_cm_schoolbook --cfg v8_prepared_schoolbook --cfg v8_quiet_profile --cfg v8_payment_extraction --cfg v8_performance --cfg v8_qm_hybrid --cfg v8_qm_lazy_c0 --cfg v8_gamma_partial -A dead_code -A unexpected_cfgs --cfg v8_circle_norm --cfg v8_chord_norm --cfg v8_joined_inverse --cfg v8_split_inverse --cfg v8_line_norm --cfg v8_quotient_fused --cfg v8_affine_primal --cfg v8_compact_workspace --cfg v8_gamma_fixed --cfg v8_merkle_slices --cfg v8_merkle_borrow --cfg v8_leaf_record` (exit status: 2)
Command exited with non-zero status 101
	Command being timed: "/home/dombarker/project-offloads/ZK-v5-formal/toolchains/charon/bin/charon cargo --preset aeneas --mir built --sysroot default --start-from crate::circle_norm::joined_inverse::line_norm::r110_norm::try_norm::_::call_once --include core::option --include aspis_core::field --dest-file /home/dombarker/project-offloads/aspis-r282-private-norm-closures-extract-20261002-a/R282PrivateNormClosures.llbc -- --offline --locked --release --jobs 1 --features insecure-spend-fixture,selected-v7-kernels --manifest-path /home/dombarker/project-offloads/aspis-r20-r117-primal-20260930-a/docs/research/v8-no-work-100-20260907/experiments/performance-host/Cargo.toml --bin aspis-v8-performance-host"
	User time (seconds): 13.93
	System time (seconds): 0.27
	Percent of CPU this job got: 100%
	Elapsed (wall clock) time (h:mm:ss or m:ss): 0:14.18
	Average shared text size (kbytes): 0
	Average unshared data size (kbytes): 0
	Average stack size (kbytes): 0
	Average total size (kbytes): 0
	Maximum resident set size (kbytes): 609108
	Average resident set size (kbytes): 0
	Major (requiring I/O) page faults: 17
	Minor (reclaiming a frame) page faults: 156806
	Voluntary context switches: 892
	Involuntary context switches: 96
	Swaps: 0
	File system inputs: 0
	File system outputs: 8192
	Socket messages sent: 0
	Socket messages received: 0
	Signals delivered: 0
	Page size (bytes): 4096
	Exit status: 101
