Warning: Permanently added '100.108.41.90' (ED25519) to the list of known hosts.
Running as unit: aspis-focus-1791088797247704000.service; invocation ID: ebb5e73695c147229695b7eaf2603469
/home/dombarker/project-offloads/aspis-r57-lean-src-20260929-a/AspisV8R19/R592FiniteBlockExecution.lean:13:47: error: Ambiguous term
  State
Possible interpretations:
  SourceDuplexStep.State : Type
  
  R587BlockSamplerBound.State : Type
/home/dombarker/project-offloads/aspis-r57-lean-src-20260929-a/AspisV8R19/R592FiniteBlockExecution.lean:18:13: warning: declaration uses `sorry`
/home/dombarker/project-offloads/aspis-r57-lean-src-20260929-a/AspisV8R19/R592FiniteBlockExecution.lean:25:13: warning: declaration uses `sorry`
/home/dombarker/project-offloads/aspis-r57-lean-src-20260929-a/AspisV8R19/R592FiniteBlockExecution.lean:20:8: warning: declaration uses `sorry`
/home/dombarker/project-offloads/aspis-r57-lean-src-20260929-a/AspisV8R19/R592FiniteBlockExecution.lean:25:2: warning: 'simp only [extendBlocks, dif_pos (show i.val / 8 < 4 by omega)]' tactic does nothing

Note: This linter can be disabled with `set_option linter.unusedTactic false`
/home/dombarker/project-offloads/aspis-r57-lean-src-20260929-a/AspisV8R19/R592FiniteBlockExecution.lean:26:2: warning: 'rfl' tactic does nothing

Note: This linter can be disabled with `set_option linter.unusedTactic false`
/home/dombarker/project-offloads/aspis-r57-lean-src-20260929-a/AspisV8R19/R592FiniteBlockExecution.lean:26:2: warning: this tactic is never executed

Note: This linter can be disabled with `set_option linter.unreachableTactic false`
/home/dombarker/project-offloads/aspis-r57-lean-src-20260929-a/AspisV8R19/R592FiniteBlockExecution.lean:28:8: warning: declaration uses `sorry`
/home/dombarker/project-offloads/aspis-r57-lean-src-20260929-a/AspisV8R19/R592FiniteBlockExecution.lean:35:8: warning: declaration uses `sorry`
/home/dombarker/project-offloads/aspis-r57-lean-src-20260929-a/AspisV8R19/R592FiniteBlockExecution.lean:44:2: warning: 'change _ = (indexedResult (extendBlocks blocks) challengeBlockProgram 0).1.1 at hout' tactic does nothing

Note: This linter can be disabled with `set_option linter.unusedTactic false`
/home/dombarker/project-offloads/aspis-r57-lean-src-20260929-a/AspisV8R19/R592FiniteBlockExecution.lean:45:2: warning: 'rw [hr] at hout' tactic does nothing

Note: This linter can be disabled with `set_option linter.unusedTactic false`
/home/dombarker/project-offloads/aspis-r57-lean-src-20260929-a/AspisV8R19/R592FiniteBlockExecution.lean:46:2: warning: 'exact hout' tactic does nothing

Note: This linter can be disabled with `set_option linter.unusedTactic false`
/home/dombarker/project-offloads/aspis-r57-lean-src-20260929-a/AspisV8R19/R592FiniteBlockExecution.lean:45:2: warning: this tactic is never executed

Note: This linter can be disabled with `set_option linter.unreachableTactic false`
/home/dombarker/project-offloads/aspis-r57-lean-src-20260929-a/AspisV8R19/R592FiniteBlockExecution.lean:46:2: warning: this tactic is never executed

Note: This linter can be disabled with `set_option linter.unreachableTactic false`
/home/dombarker/project-offloads/aspis-r57-lean-src-20260929-a/AspisV8R19/R592FiniteBlockExecution.lean:49:37: error: Application type mismatch: The argument
  observe
has type
  Option (List ℕ) → ℚ
but is expected to have type
  Option (List ℕ) × BlockCursor → ℚ
in the application
  outputMean challengeBlockProgram observe
'AspisV8R19.R592FiniteBlockExecution.extendBlocks_agree' does not depend on any axioms
'AspisV8R19.R592FiniteBlockExecution.blockTape_agree' depends on axioms: [propext,
 sorryAx,
 Classical.choice,
 Quot.sound]
'AspisV8R19.R592FiniteBlockExecution.block_word_tape' depends on axioms: [propext,
 sorryAx,
 Classical.choice,
 Quot.sound]
'AspisV8R19.R592FiniteBlockExecution.block_tape_result' depends on axioms: [propext,
 sorryAx,
 Classical.choice,
 Quot.sound]
'AspisV8R19.R592FiniteBlockExecution.independent_block_result_law' depends on axioms: [propext,
 sorryAx,
 Classical.choice,
 Quot.sound]
Command exited with non-zero status 1
	Command being timed: "/home/dombarker/.elan/bin/lake --dir /home/dombarker/project-offloads/aspis-r126-release-20260930-a/focus-workspace env lean -j1 -M4500 -R /home/dombarker/project-offloads/aspis-r57-lean-src-20260929-a -o /home/dombarker/project-offloads/aspis-r126-release-20260930-a/lib/AspisV8R19/R592FiniteBlockExecution.olean /home/dombarker/project-offloads/aspis-r57-lean-src-20260929-a/AspisV8R19/R592FiniteBlockExecution.lean"
	User time (seconds): 0.98
	System time (seconds): 0.32
	Percent of CPU this job got: 100%
	Elapsed (wall clock) time (h:mm:ss or m:ss): 0:01.29
	Average shared text size (kbytes): 0
	Average unshared data size (kbytes): 0
	Average stack size (kbytes): 0
	Average total size (kbytes): 0
	Maximum resident set size (kbytes): 3249148
	Average resident set size (kbytes): 0
	Major (requiring I/O) page faults: 0
	Minor (reclaiming a frame) page faults: 76595
	Voluntary context switches: 517
	Involuntary context switches: 57
	Swaps: 0
	File system inputs: 0
	File system outputs: 0
	Socket messages sent: 0
	Socket messages received: 0
	Signals delivered: 0
	Page size (bytes): 4096
	Exit status: 1
Finished with result: exit-code
Main processes terminated with: code=exited/status=1
Service runtime: 1.323s
CPU time consumed: 1.334s
Memory peak: 292.0K
Memory swap peak: 0B
