Running as unit: aspis-complete-typed-transfer-255-1-replay-1788910601-3647016.scope; invocation ID: d0a29b3ef017440c81433f6735a5d6c7
Error: replay/nullifier measurement requires same-page layout
Command exited with non-zero status 1
	Command being timed: "env NO_DNA=1 ASPIS_MATCHED_V7=0 /home/dombarker/project-offloads/aspis-v8-performance-20260908.scS2Jz/docs/research/v8-no-work-100-20260907/experiments/performance-svm/target/release/aspis-v7-pair-forest-combined-rejection /home/dombarker/project-offloads/aspis-v8-performance-20260908.scS2Jz/sbf-matched-pool/aspis_v8_comparison_pool_sbf.so /home/dombarker/project-offloads/aspis-v8-performance-20260908.scS2Jz/sbf-complete/aspis_v8_complete_sbf.so /home/dombarker/project-offloads/aspis-v8-performance-20260908.scS2Jz/sbf-matched-registry/aspis_v8_comparison_registry_sbf.so /home/dombarker/project-offloads/aspis-v8-performance-20260908.scS2Jz/sbf-complete/aspis_pair_forest_result_double.so /home/dombarker/project-offloads/aspis-v8-performance-20260908.scS2Jz/complete-matrix-typed-v1/transfer-255-1-replay.json /home/dombarker/project-offloads/aspis-v8-performance-20260908.scS2Jz/complete-transfer-255-v1/proofs/proof-1.bin replay 1400000 asq8 255 transfer"
	User time (seconds): 0.02
	System time (seconds): 0.00
	Percent of CPU this job got: 93%
	Elapsed (wall clock) time (h:mm:ss or m:ss): 0:00.03
	Average shared text size (kbytes): 0
	Average unshared data size (kbytes): 0
	Average stack size (kbytes): 0
	Average total size (kbytes): 0
	Maximum resident set size (kbytes): 29784
	Average resident set size (kbytes): 0
	Major (requiring I/O) page faults: 0
	Minor (reclaiming a frame) page faults: 7060
	Voluntary context switches: 1
	Involuntary context switches: 4
	Swaps: 0
	File system inputs: 0
	File system outputs: 0
	Socket messages sent: 0
	Socket messages received: 0
	Signals delivered: 0
	Page size (bytes): 4096
	Exit status: 1
