Running as unit: aspis-complete-typed-withdrawal-13-1-proof-rejection-1788910627-3647369.scope; invocation ID: c7cc0a3c83204b9aaf557ec27f090393
pair-forest Registry V2 proof-rejection PASS: 957970 CU, 1010 TxV1 bytes
asr2_fixture=/home/dombarker/project-offloads/aspis-v8-performance-20260908.scS2Jz/complete-matrix-typed-v1/withdrawal-13-1-proof-rejection.asr2.bin
ase2_fixture=/home/dombarker/project-offloads/aspis-v8-performance-20260908.scS2Jz/complete-matrix-typed-v1/withdrawal-13-1-proof-rejection.ase2.bin
evidence=/home/dombarker/project-offloads/aspis-v8-performance-20260908.scS2Jz/complete-matrix-typed-v1/withdrawal-13-1-proof-rejection.json
	Command being timed: "env NO_DNA=1 ASPIS_MATCHED_V7=0 /home/dombarker/project-offloads/aspis-v8-performance-20260908.scS2Jz/docs/research/v8-no-work-100-20260907/experiments/performance-svm/target/release/aspis-v7-pair-forest-combined-rejection /home/dombarker/project-offloads/aspis-v8-performance-20260908.scS2Jz/sbf-matched-pool/aspis_v8_comparison_pool_sbf.so /home/dombarker/project-offloads/aspis-v8-performance-20260908.scS2Jz/sbf-complete/aspis_v8_complete_sbf.so /home/dombarker/project-offloads/aspis-v8-performance-20260908.scS2Jz/sbf-matched-registry/aspis_v8_comparison_registry_sbf.so /home/dombarker/project-offloads/aspis-v8-performance-20260908.scS2Jz/sbf-complete/aspis_pair_forest_result_double.so /home/dombarker/project-offloads/aspis-v8-performance-20260908.scS2Jz/complete-matrix-typed-v1/withdrawal-13-1-proof-rejection.json /home/dombarker/project-offloads/aspis-v8-performance-20260908.scS2Jz/complete-withdrawal-13-v2/proofs/proof-1.bin proof-rejection 1400000 asq8 13 withdrawal"
	User time (seconds): 0.02
	System time (seconds): 0.00
	Percent of CPU this job got: 100%
	Elapsed (wall clock) time (h:mm:ss or m:ss): 0:00.03
	Average shared text size (kbytes): 0
	Average unshared data size (kbytes): 0
	Average stack size (kbytes): 0
	Average total size (kbytes): 0
	Maximum resident set size (kbytes): 29984
	Average resident set size (kbytes): 0
	Major (requiring I/O) page faults: 0
	Minor (reclaiming a frame) page faults: 7126
	Voluntary context switches: 1
	Involuntary context switches: 1
	Swaps: 0
	File system inputs: 0
	File system outputs: 48
	Socket messages sent: 0
	Socket messages received: 0
	Signals delivered: 0
	Page size (bytes): 4096
	Exit status: 0
