Warning: Permanently added '100.108.41.90' (ED25519) to the list of known hosts.
Running as unit: aspis-focus-1791145191146518000.service; invocation ID: b4844143caec41c48837daa75de4955c
'AspisR19.R759Point1TransportLeaves.transport_leaf_0637' depends on axioms: [propext, Classical.choice, Quot.sound]
'AspisR19.R759Point1TransportLeaves.transport_leaf_0638' depends on axioms: [propext, Classical.choice, Quot.sound]
'AspisR19.R759Point1TransportLeaves.transport_leaf_0639' depends on axioms: [propext, Classical.choice, Quot.sound]
'AspisR19.R759Point1TransportLeaves.transport_leaf_0736' depends on axioms: [propext, Classical.choice, Quot.sound]
'AspisR19.R759Point1TransportLeaves.transport_leaf_0752' depends on axioms: [propext, Classical.choice, Quot.sound]
'AspisR19.R759Point1TransportLeaves.transport_leaf_0753' depends on axioms: [propext, Classical.choice, Quot.sound]
'AspisR19.R759Point1TransportLeaves.transport_leaf_0754' depends on axioms: [propext, Classical.choice, Quot.sound]
'AspisR19.R759Point1TransportLeaves.transport_leaf_0755' depends on axioms: [propext, Classical.choice, Quot.sound]
'AspisR19.R759Point1TransportLeaves.transport_leaf_0756' depends on axioms: [propext, Classical.choice, Quot.sound]
'AspisR19.R759Point1TransportLeaves.transport_leaf_0757' depends on axioms: [propext, Classical.choice, Quot.sound]
'AspisR19.R759Point1TransportLeaves.transport_leaf_0758' depends on axioms: [propext, Classical.choice, Quot.sound]
'AspisR19.R759Point1TransportLeaves.transport_leaf_0759' depends on axioms: [propext, Classical.choice, Quot.sound]
'AspisR19.R759Point1TransportLeaves.transport_leaf_0760' depends on axioms: [propext, Classical.choice, Quot.sound]
'AspisR19.R759Point1TransportLeaves.transport_leaf_0761' depends on axioms: [propext, Classical.choice, Quot.sound]
'AspisR19.R759Point1TransportLeaves.transport_leaf_0762' depends on axioms: [propext, Classical.choice, Quot.sound]
'AspisR19.R759Point1TransportLeaves.transport_leaf_0763' depends on axioms: [propext, Classical.choice, Quot.sound]
'AspisR19.R759Point1TransportLeaves.transport_leaf_0764' depends on axioms: [propext, Classical.choice, Quot.sound]
'AspisR19.R759Point1TransportLeaves.transport_leaf_0765' depends on axioms: [propext, Classical.choice, Quot.sound]
'AspisR19.R759Point1TransportLeaves.transport_leaf_0766' depends on axioms: [propext, Classical.choice, Quot.sound]
'AspisR19.R759Point1TransportLeaves.transport_leaf_0767' depends on axioms: [propext, Classical.choice, Quot.sound]
'AspisR19.R759Point1TransportLeaves.transport_leaf_0864' depends on axioms: [propext, Classical.choice, Quot.sound]
'AspisR19.R759Point1TransportLeaves.transport_leaf_0880' depends on axioms: [propext, Classical.choice, Quot.sound]
'AspisR19.R759Point1TransportLeaves.transport_leaf_0881' depends on axioms: [propext, Classical.choice, Quot.sound]
'AspisR19.R759Point1TransportLeaves.transport_leaf_0882' depends on axioms: [propext, Classical.choice, Quot.sound]
'AspisR19.R759Point1TransportLeaves.transport_leaf_0883' depends on axioms: [propext, Classical.choice, Quot.sound]
'AspisR19.R759Point1TransportLeaves.transport_leaf_0884' depends on axioms: [propext, Classical.choice, Quot.sound]
'AspisR19.R759Point1TransportLeaves.transport_leaf_0885' depends on axioms: [propext, Classical.choice, Quot.sound]
'AspisR19.R759Point1TransportLeaves.transport_leaf_0886' depends on axioms: [propext, Classical.choice, Quot.sound]
'AspisR19.R759Point1TransportLeaves.transport_leaf_0887' depends on axioms: [propext, Classical.choice, Quot.sound]
'AspisR19.R759Point1TransportLeaves.transport_leaf_0888' depends on axioms: [propext, Classical.choice, Quot.sound]
'AspisR19.R759Point1TransportLeaves.transport_leaf_0889' depends on axioms: [propext, Classical.choice, Quot.sound]
'AspisR19.R759Point1TransportLeaves.transport_leaf_0890' depends on axioms: [propext, Classical.choice, Quot.sound]
	Command being timed: "/home/dombarker/.elan/bin/lake --dir /home/dombarker/project-offloads/aspis-r126-release-20260930-a/focus-workspace env lean -j1 -M4500 -R /home/dombarker/project-offloads/aspis-r57-lean-src-20260929-a -o /home/dombarker/project-offloads/aspis-r126-release-20260930-a/lib/AspisV8R19/R759Point1TransportChunk04.olean /home/dombarker/project-offloads/aspis-r57-lean-src-20260929-a/AspisV8R19/R759Point1TransportChunk04.lean"
	User time (seconds): 2.31
	System time (seconds): 0.34
	Percent of CPU this job got: 100%
	Elapsed (wall clock) time (h:mm:ss or m:ss): 0:02.63
	Average shared text size (kbytes): 0
	Average unshared data size (kbytes): 0
	Average stack size (kbytes): 0
	Average total size (kbytes): 0
	Maximum resident set size (kbytes): 3326060
	Average resident set size (kbytes): 0
	Major (requiring I/O) page faults: 0
	Minor (reclaiming a frame) page faults: 78684
	Voluntary context switches: 1814
	Involuntary context switches: 68
	Swaps: 0
	File system inputs: 0
	File system outputs: 696
	Socket messages sent: 0
	Socket messages received: 0
	Signals delivered: 0
	Page size (bytes): 4096
	Exit status: 0
Finished with result: success
Main processes terminated with: code=exited/status=0
Service runtime: 2.661s
CPU time consumed: 2.684s
Memory peak: 328.0K
Memory swap peak: 0B
