Warning: Permanently added '100.108.41.90' (ED25519) to the list of known hosts.
Running as unit: aspis-focus-1790913308467138000.service; invocation ID: a9a39c4119f944cba97b8638f48a220b
/home/dombarker/project-offloads/aspis-r57-lean-src-20260929-a/AspisV8R19/R260PrivateInputExecution.lean:26:2: error: Tactic `rfl` failed: The left-hand side
  core.option.Option.Insts.CoreOpsTry_traitFromResidualOptionInfallible.from_residual T none
is not definitionally equal to the right-hand side
  ok none

T : Type
⊢ core.option.Option.Insts.CoreOpsTry_traitFromResidualOptionInfallible.from_residual T none = ok none
'AspisV8R19.R260PrivateInputExecution.branch_none' does not depend on any axioms
'AspisV8R19.R260PrivateInputExecution.branch_some' does not depend on any axioms
'AspisV8R19.R260PrivateInputExecution.residual_none' depends on axioms: [propext, sorryAx, Classical.choice, Quot.sound]
'AspisV8R19.R260PrivateInputExecution.residual_complete' depends on axioms: [propext,
 sorryAx,
 Classical.choice,
 Quot.sound]
'AspisV8R19.R260PrivateInputExecution.input_complete' depends on axioms: [propext,
 sorryAx,
 Classical.choice,
 Quot.sound]
'AspisV8R19.R260PrivateInputExecution.input_encoded' depends on axioms: [propext, sorryAx, Classical.choice, Quot.sound]
Command exited with non-zero status 1
	Command being timed: "/home/dombarker/.elan/bin/lake --dir /home/dombarker/project-offloads/aspis-r126-release-20260930-a/focus-workspace env lean -j1 -M4500 -R /home/dombarker/project-offloads/aspis-r57-lean-src-20260929-a -o /home/dombarker/project-offloads/aspis-r126-release-20260930-a/lib/AspisV8R19/R260PrivateInputExecution.olean /home/dombarker/project-offloads/aspis-r57-lean-src-20260929-a/AspisV8R19/R260PrivateInputExecution.lean"
	User time (seconds): 1.08
	System time (seconds): 0.39
	Percent of CPU this job got: 100%
	Elapsed (wall clock) time (h:mm:ss or m:ss): 0:01.47
	Average shared text size (kbytes): 0
	Average unshared data size (kbytes): 0
	Average stack size (kbytes): 0
	Average total size (kbytes): 0
	Maximum resident set size (kbytes): 3693060
	Average resident set size (kbytes): 0
	Major (requiring I/O) page faults: 0
	Minor (reclaiming a frame) page faults: 86090
	Voluntary context switches: 542
	Involuntary context switches: 56
	Swaps: 0
	File system inputs: 0
	File system outputs: 0
	Socket messages sent: 0
	Socket messages received: 0
	Signals delivered: 0
	Page size (bytes): 4096
	Exit status: 1
Finished with result: exit-code
Main processes terminated with: code=exited/status=1
Service runtime: 1.503s
CPU time consumed: 1.507s
Memory peak: 256.0K
Memory swap peak: 0B
