{"accepted":true,"case":"honest","cu":1495663,"cu_limit":100000000,"custom_rejection":false,"error":null,"heap_bytes":262144,"limit_class":"diagnostic","logs":["Program 5oEzAP4izB65uRm2yDAEf9oALGwHpWkDfyKb8zBY3euC invoke [1]","Program 5oEzAP4izB65uRm2yDAEf9oALGwHpWkDfyKb8zBY3euC consumed 1495607 of 100000000 compute units","Program 5oEzAP4izB65uRm2yDAEf9oALGwHpWkDfyKb8zBY3euC success"],"resource_failure":false,"scope":"arithmetic-only-microbenchmark; never a budget acceptance result","status":"accepted","unchanged_accounts":true}
	Command being timed: "/home/dombarker/project-offloads/aspis-r24-trace-driver-20260928-a/r24-trace /home/dombarker/project-offloads/aspis-r20-r69-explicit-20260929-b/sbf-primary/aspis_v8_performance_sbf.so /home/dombarker/project-offloads/aspis-r19-channel-20260921-c/host-c/fixture-world0 --micro"
	User time (seconds): 0.19
	System time (seconds): 0.66
	Percent of CPU this job got: 100%
	Elapsed (wall clock) time (h:mm:ss or m:ss): 0:00.86
	Average shared text size (kbytes): 0
	Average unshared data size (kbytes): 0
	Average stack size (kbytes): 0
	Average total size (kbytes): 0
	Maximum resident set size (kbytes): 156364
	Average resident set size (kbytes): 0
	Major (requiring I/O) page faults: 0
	Minor (reclaiming a frame) page faults: 38271
	Voluntary context switches: 1
	Involuntary context switches: 4
	Swaps: 0
	File system inputs: 0
	File system outputs: 282504
	Socket messages sent: 0
	Socket messages received: 0
	Signals delivered: 0
	Page size (bytes): 4096
	Exit status: 0
