/home/dombarker/project-offloads/aspis-r50-lean-src-20260929-a/AspisV8R19/FixedQueryChordScale.lean:40:23: error: `simp` made no progress
'AspisR19.FixedQueryChordScale.point_scale' depends on axioms: [propext, Classical.choice, Quot.sound]
'AspisR19.FixedQueryChordScale.g_scale' depends on axioms: [propext, Quot.sound]
'AspisR19.FixedQueryChordScale.weight_scale' depends on axioms: [propext, Classical.choice, Quot.sound]
'AspisR19.FixedQueryChordScale.coefficient_scale' depends on axioms: [propext, Classical.choice, Quot.sound]
'AspisR19.FixedQueryChordScale.observation_scale' depends on axioms: [propext, sorryAx, Classical.choice, Quot.sound]
'AspisR19.FixedQueryChordScale.determinant_scale' depends on axioms: [propext, sorryAx, Classical.choice, Quot.sound]
'AspisR19.FixedQueryChordScale.rational_determinant' depends on axioms: [propext, sorryAx, Classical.choice, Quot.sound]
'AspisR19.FixedQueryChordScale.rational_nonzero_iff' depends on axioms: [propext, sorryAx, Classical.choice, Quot.sound]
Command exited with non-zero status 1
	Command being timed: "/home/dombarker/.elan/bin/lake env lean -R /home/dombarker/project-offloads/aspis-r50-lean-src-20260929-a -o /home/dombarker/project-offloads/aspis-r50-lean-20260929-i/lib/AspisV8R19/FixedQueryChordScale.olean /home/dombarker/project-offloads/aspis-r50-lean-src-20260929-a/AspisV8R19/FixedQueryChordScale.lean"
	User time (seconds): 0.96
	System time (seconds): 0.38
	Percent of CPU this job got: 118%
	Elapsed (wall clock) time (h:mm:ss or m:ss): 0:01.12
	Average shared text size (kbytes): 0
	Average unshared data size (kbytes): 0
	Average stack size (kbytes): 0
	Average total size (kbytes): 0
	Maximum resident set size (kbytes): 2470300
	Average resident set size (kbytes): 0
	Major (requiring I/O) page faults: 0
	Minor (reclaiming a frame) page faults: 56480
	Voluntary context switches: 3486
	Involuntary context switches: 68
	Swaps: 0
	File system inputs: 0
	File system outputs: 8
	Socket messages sent: 0
	Socket messages received: 0
	Signals delivered: 0
	Page size (bytes): 4096
	Exit status: 1
