    Blocking waiting for file lock on build directory
   Compiling aspis-core v0.1.0 (/home/dombarker/project-offloads/aspis-r0-p1-20261009/crates/aspis-core)
warning: unused imports: `begin_payment_zerocheck` and `verify_payment_sumcheck_messages`
  --> crates/aspis-core/src/circle_prefix.rs:17:5
   |
17 |     begin_payment_zerocheck, decode_wire, verify_payment_sumcheck_messages,
   |     ^^^^^^^^^^^^^^^^^^^^^^^               ^^^^^^^^^^^^^^^^^^^^^^^^^^^^^^^^
   |
   = note: `#[warn(unused_imports)]` on by default

warning: unused variable: `proof`
   --> crates/aspis-core/src/r0_probe/onchain.rs:422:5
    |
422 |     proof: &OpeningView<'_>,
    |     ^^^^^ help: if this is intentional, prefix it with an underscore: `_proof`
    |
    = note: `#[warn(unused_variables)]` on by default

warning: value passed to `state` is never read
   --> crates/aspis-core/src/r0_probe/relation.rs:161:9
    |
161 |     mut state: [u8; 32],
    |         ^^^^^
    |
    = help: maybe it is overwritten before being read?
    = note: `#[warn(unused_assignments)]` on by default

warning: function `verify_circle_layer0_opening_from_proof_deferred_canonical_for_depth_and_c2_leaf_bytes` is never used
   --> crates/aspis-core/src/circle_merkle.rs:419:15
    |
419 | pub(crate) fn verify_circle_layer0_opening_from_proof_deferred_canonical_for_depth_and_c2_leaf_bytes<
    |               ^^^^^^^^^^^^^^^^^^^^^^^^^^^^^^^^^^^^^^^^^^^^^^^^^^^^^^^^^^^^^^^^^^^^^^^^^^^^^^^^^^^^^^
    |
    = note: `#[warn(dead_code)]` on by default

warning: function `verify_circle_openings_deferred_canonical` is never used
    --> crates/aspis-core/src/circle_openings.rs:1006:15
     |
1006 | pub(crate) fn verify_circle_openings_deferred_canonical<'a>(
     |               ^^^^^^^^^^^^^^^^^^^^^^^^^^^^^^^^^^^^^^^^^

warning: function `verify_radix4_minimal_subtree_prevalidated_in_place` is never used
   --> crates/aspis-core/src/merkle.rs:329:15
    |
329 | pub(crate) fn verify_radix4_minimal_subtree_prevalidated_in_place(
    |               ^^^^^^^^^^^^^^^^^^^^^^^^^^^^^^^^^^^^^^^^^^^^^^^^^^^

   Compiling aspis-statement v0.1.0 (/home/dombarker/project-offloads/aspis-r0-p1-20261009/crates/aspis-statement)
warning: unused imports: `copy_logup_residual` and `range_logup_residual`
  --> crates/aspis-statement/src/constraints_v4.rs:21:56
   |
21 |     build_copy_logup_helper, build_range_logup_helper, copy_logup_residual, range_logup_residual,
   |                                                        ^^^^^^^^^^^^^^^^^^^  ^^^^^^^^^^^^^^^^^^^^
   |
   = note: `#[warn(unused_imports)]` on by default

warning: unused import: `evaluate_trace_round`
  --> crates/aspis-statement/src/constraints_v4.rs:26:5
   |
26 |     evaluate_trace_round, trace_round_constant, DIGEST_ELEMS, POSEIDON2_WIDTH, RATE,
   |     ^^^^^^^^^^^^^^^^^^^^

warning: unused imports: `is_poseidon_active_row`, `is_poseidon_padding_row`, `merkle_boundary_layout`, `visit_copy_exceptional_terminal_links`, and `visit_copy_terminal_links`
  --> crates/aspis-statement/src/constraints_v4.rs:30:47
   |
30 |     copy_terminal_pattern, has_carry_payload, is_poseidon_active_row, is_poseidon_padding_row,
   |                                               ^^^^^^^^^^^^^^^^^^^^^^  ^^^^^^^^^^^^^^^^^^^^^^^
31 |     merkle_boundary_layout, permutation_block_schedule, source_relation_layout,
   |     ^^^^^^^^^^^^^^^^^^^^^^
32 |     visit_copy_exceptional_terminal_links, visit_copy_links, visit_copy_terminal_links,
   |     ^^^^^^^^^^^^^^^^^^^^^^^^^^^^^^^^^^^^^                    ^^^^^^^^^^^^^^^^^^^^^^^^^

warning: unused import: `vec`
 --> crates/aspis-statement/src/pool_v1/pair_forest_copy_terminal.rs:8:25
  |
8 | use alloc::{boxed::Box, vec};
  |                         ^^^

warning: unused imports: `POOL_V1_PAIR_FOREST_ALL_LANES_MASK` and `decode_pool_v1_pair_late_public_statement_v1`
  --> crates/aspis-statement/src/pool_v1/pair_forest_terminal.rs:15:5
   |
15 |     decode_pool_v1_pair_late_public_statement_v1, decode_pool_v1_pair_verified_afterstate_v1,
   |     ^^^^^^^^^^^^^^^^^^^^^^^^^^^^^^^^^^^^^^^^^^^^
...
24 |     PoolV1WithdrawalPublicV1, POOL_V1_DIGEST_ENCODING_VERSION, POOL_V1_PAIR_FOREST_ALL_LANES_MASK,
   |                                                                ^^^^^^^^^^^^^^^^^^^^^^^^^^^^^^^^^^

warning: unused imports: `trace_round_constant` and `trace_round_descriptor`
  --> crates/aspis-statement/src/state_only_poseidon.rs:18:5
   |
18 |     trace_round_constant, trace_round_descriptor, EXTERNAL_FINAL, EXTERNAL_INITIAL, INTERNAL,
   |     ^^^^^^^^^^^^^^^^^^^^  ^^^^^^^^^^^^^^^^^^^^^^

warning: type `CompiledCopyLink` is more private than the item `COMPILED_COPY_LINKS`
   --> crates/aspis-statement/src/state_only_terminal_constants.rs:850:1
    |
850 | pub(crate) const COMPILED_COPY_LINKS: [CompiledCopyLink; 102] = [
    | ^^^^^^^^^^^^^^^^^^^^^^^^^^^^^^^^^^^^^^^^^^^^^^^^^^^^^^^^^^^^^ constant `COMPILED_COPY_LINKS` is reachable at visibility `pub(crate)`
    |
note: but type `CompiledCopyLink` is only usable at visibility `pub(self)`
   --> crates/aspis-statement/src/state_only_terminal.rs:88:1
    |
88  | struct CompiledCopyLink {
    | ^^^^^^^^^^^^^^^^^^^^^^^
    = note: `#[warn(private_interfaces)]` on by default

warning: fields `kinds`, `columns`, and `scales` are never read
  --> crates/aspis-statement/src/atomic_state_only_terminal.rs:59:5
   |
57 | struct CompiledAtomicPattern {
   |        --------------------- fields in this struct
58 |     /// 0 = zero, 1 = constant, 2 = affine local cell.
59 |     kinds: [u8; 16],
   |     ^^^^^
60 |     columns: [u8; 16],
   |     ^^^^^^^
61 |     scales: [u32; 16],
   |     ^^^^^^
   |
   = note: `CompiledAtomicPattern` has a derived impl for the trait `Clone`, but this is intentionally ignored during dead code analysis
   = note: `#[warn(dead_code)]` on by default

warning: fields `row`, `slot`, and `pattern` are never read
  --> crates/aspis-statement/src/atomic_state_only_terminal.rs:67:5
   |
66 | struct CompiledAtomicCopyEndpoint {
   |        -------------------------- fields in this struct
67 |     row: u16,
   |     ^^^
68 |     slot: u8,
   |     ^^^^
69 |     pattern: u8,
   |     ^^^^^^^
   |
   = note: `CompiledAtomicCopyEndpoint` has a derived impl for the trait `Clone`, but this is intentionally ignored during dead code analysis

warning: fields `tag`, `producer`, and `consumer` are never read
  --> crates/aspis-statement/src/atomic_state_only_terminal.rs:74:5
   |
73 | struct CompiledAtomicCopyLink {
   |        ---------------------- fields in this struct
74 |     tag: u32,
   |     ^^^
75 |     producer: CompiledAtomicCopyEndpoint,
   |     ^^^^^^^^
76 |     consumer: CompiledAtomicCopyEndpoint,
   |     ^^^^^^^^
   |
   = note: `CompiledAtomicCopyLink` has a derived impl for the trait `Clone`, but this is intentionally ignored during dead code analysis

warning: struct `AtomicSemanticSelectors` is never constructed
   --> crates/aspis-statement/src/atomic_state_only_terminal.rs:297:8
    |
297 | struct AtomicSemanticSelectors {
    |        ^^^^^^^^^^^^^^^^^^^^^^^

warning: associated items `at_point`, `row`, and `poseidon` are never used
   --> crates/aspis-statement/src/atomic_state_only_terminal.rs:305:8
    |
304 | impl AtomicSemanticSelectors {
    | ---------------------------- associated items in this implementation
305 |     fn at_point(point: &[QM31; 10]) -> Self {
    |        ^^^^^^^^
...
327 |     fn row(&self, row: usize) -> QM31 {
    |        ^^^
...
331 |     fn poseidon(&self) -> StateOnlyPoseidonSelectors {
    |        ^^^^^^^^

warning: constant `COMPILED_ATOMIC_COPY_ACTIVE_ROWS` is never used
 --> crates/aspis-statement/src/atomic_state_only_terminal_constants_legacy_partition.rs:6:18
  |
6 | pub(crate) const COMPILED_ATOMIC_COPY_ACTIVE_ROWS: [u16; 210] = [11, 12, 27, 28, 32, 43, 44, 48, 59, 60, 64, 75, 76, 80, 91, 92, 96, 107,...
  |                  ^^^^^^^^^^^^^^^^^^^^^^^^^^^^^^^^

warning: constant `COMPILED_ATOMIC_COPY_ACTIVE_ROWS_FINGERPRINT` is never used
 --> crates/aspis-statement/src/atomic_state_only_terminal_constants_legacy_partition.rs:7:18
  |
7 | pub(crate) const COMPILED_ATOMIC_COPY_ACTIVE_ROWS_FINGERPRINT: u64 = 0xfc90f89be110b6f5;
  |                  ^^^^^^^^^^^^^^^^^^^^^^^^^^^^^^^^^^^^^^^^^^^^

warning: constant `ATOMIC_COPY_PATTERNS` is never used
  --> crates/aspis-statement/src/atomic_state_only_terminal_constants_legacy_partition.rs:16:18
   |
16 | pub(crate) const ATOMIC_COPY_PATTERNS: [CompiledAtomicPattern; 15] = [
   |                  ^^^^^^^^^^^^^^^^^^^^

warning: constant `COMPILED_ATOMIC_COPY_LINKS` is never used
  --> crates/aspis-statement/src/atomic_state_only_terminal_constants_legacy_partition.rs:40:18
   |
40 | pub(crate) const COMPILED_ATOMIC_COPY_LINKS: [CompiledAtomicCopyLink; 183] = [
   |                  ^^^^^^^^^^^^^^^^^^^^^^^^^^

warning: function `compose_randomized_residuals` is never used
   --> crates/aspis-statement/src/constraints_v4.rs:275:4
    |
275 | fn compose_randomized_residuals(
    |    ^^^^^^^^^^^^^^^^^^^^^^^^^^^^

warning: function `compose_direct_range_randomized_residuals` is never used
   --> crates/aspis-statement/src/constraints_v4.rs:317:4
    |
317 | fn compose_direct_range_randomized_residuals(
    |    ^^^^^^^^^^^^^^^^^^^^^^^^^^^^^^^^^^^^^^^^^

warning: function `compose_direct_range_terminal_packed_residuals` is never used
   --> crates/aspis-statement/src/constraints_v4.rs:371:4
    |
371 | fn compose_direct_range_terminal_packed_residuals(
    |    ^^^^^^^^^^^^^^^^^^^^^^^^^^^^^^^^^^^^^^^^^^^^^^

warning: function `eq_row` is never used
   --> crates/aspis-statement/src/constraints_v4.rs:588:4
    |
588 | fn eq_row(point: &[QM31; 10], row: usize) -> QM31 {
    |    ^^^^^^

warning: function `compress_opened_tuple` is never used
    --> crates/aspis-statement/src/constraints_v4.rs:1184:4
     |
1184 | fn compress_opened_tuple(
     |    ^^^^^^^^^^^^^^^^^^^^^

warning: constant `COPY_ROUTING_EXPANDED_FACTOR_SUPPORT` is never used
    --> crates/aspis-statement/src/constraints_v4.rs:1203:7
     |
1203 | const COPY_ROUTING_EXPANDED_FACTOR_SUPPORT: usize = 674;
     |       ^^^^^^^^^^^^^^^^^^^^^^^^^^^^^^^^^^^^

warning: function `evaluate_exceptional_copy_routing_direct` is never used
    --> crates/aspis-statement/src/constraints_v4.rs:1717:4
     |
1717 | fn evaluate_exceptional_copy_routing_direct(
     |    ^^^^^^^^^^^^^^^^^^^^^^^^^^^^^^^^^^^^^^^^

warning: function `absorption_column_must_be_zero` is never used
    --> crates/aspis-statement/src/constraints_v4.rs:2586:4
     |
2586 | fn absorption_column_must_be_zero(block: usize, column: usize) -> bool {
     |    ^^^^^^^^^^^^^^^^^^^^^^^^^^^^^^

warning: function `lift` is never used
  --> crates/aspis-statement/src/direct_range_hiding_v4.rs:67:4
   |
67 | fn lift(value: M31) -> QM31 {
   |    ^^^^

warning: function `evaluate_trace_round_pair` is never used
   --> crates/aspis-statement/src/poseidon2.rs:239:15
    |
239 | pub(crate) fn evaluate_trace_round_pair(
    |               ^^^^^^^^^^^^^^^^^^^^^^^^^

warning: function `evaluate_trace_round` is never used
   --> crates/aspis-statement/src/poseidon2.rs:256:15
    |
256 | pub(crate) fn evaluate_trace_round(
    |               ^^^^^^^^^^^^^^^^^^^^

warning: function `apply_round_by_index` is never used
   --> crates/aspis-statement/src/poseidon2.rs:268:4
    |
268 | fn apply_round_by_index(state: &mut [M31; POSEIDON2_WIDTH], round: usize) -> Option<()> {
    |    ^^^^^^^^^^^^^^^^^^^^

warning: function `merkle_node_sponge_v2` is never used
   --> crates/aspis-statement/src/poseidon2.rs:480:15
    |
480 | pub(crate) fn merkle_node_sponge_v2(left: &Digest, right: &Digest) -> Digest {
    |               ^^^^^^^^^^^^^^^^^^^^^

warning: function `lift` is never used
   --> crates/aspis-statement/src/state_only_poseidon.rs:119:4
    |
119 | fn lift(value: M31) -> QM31 {
    |    ^^^^

warning: function `multilinear_evaluate` is never used
   --> crates/aspis-statement/src/state_only_poseidon.rs:619:4
    |
619 | fn multilinear_evaluate(column: &[M31], point: &[QM31; 10]) -> Option<QM31> {
    |    ^^^^^^^^^^^^^^^^^^^^

warning: fields `row`, `slot`, `present`, and `columns` are never read
  --> crates/aspis-statement/src/state_only_terminal.rs:81:5
   |
80 | struct CompiledCopyEndpoint {
   |        -------------------- fields in this struct
81 |     row: u16,
   |     ^^^
82 |     slot: u8,
   |     ^^^^
83 |     present: u16,
   |     ^^^^^^^
84 |     columns: u64,
   |     ^^^^^^^
   |
   = note: `CompiledCopyEndpoint` has a derived impl for the trait `Clone`, but this is intentionally ignored during dead code analysis

warning: fields `tag`, `producer`, and `consumer` are never read
  --> crates/aspis-statement/src/state_only_terminal.rs:89:5
   |
88 | struct CompiledCopyLink {
   |        ---------------- fields in this struct
89 |     tag: u32,
   |     ^^^
90 |     producer: CompiledCopyEndpoint,
   |     ^^^^^^^^
91 |     consumer: CompiledCopyEndpoint,
   |     ^^^^^^^^
   |
   = note: `CompiledCopyLink` has a derived impl for the trait `Clone`, but this is intentionally ignored during dead code analysis

warning: function `append_link` is never used
    --> crates/aspis-statement/src/trace_v4.rs:1017:4
     |
1017 | fn append_link(
     |    ^^^^^^^^^^^

warning: function `append_intra_permutation_links` is never used
    --> crates/aspis-statement/src/trace_v4.rs:1048:4
     |
1048 | fn append_intra_permutation_links(layout: &mut CopyLayout) {
     |    ^^^^^^^^^^^^^^^^^^^^^^^^^^^^^^

warning: function `append_sponge_continuation_links` is never used
    --> crates/aspis-statement/src/trace_v4.rs:1067:4
     |
1067 | fn append_sponge_continuation_links(layout: &mut CopyLayout) {
     |    ^^^^^^^^^^^^^^^^^^^^^^^^^^^^^^^^

warning: function `append_merkle_level_links` is never used
    --> crates/aspis-statement/src/trace_v4.rs:1090:4
     |
1090 | fn append_merkle_level_links(layout: &mut CopyLayout) {
     |    ^^^^^^^^^^^^^^^^^^^^^^^^^

warning: function `append_semantic_ingress_links` is never used
    --> crates/aspis-statement/src/trace_v4.rs:1107:4
     |
1107 | fn append_semantic_ingress_links(layout: &mut CopyLayout) {
     |    ^^^^^^^^^^^^^^^^^^^^^^^^^^^^^

warning: function `append_absorption_links` is never used
    --> crates/aspis-statement/src/trace_v4.rs:1163:4
     |
1163 | fn append_absorption_links(layout: &mut CopyLayout) {
     |    ^^^^^^^^^^^^^^^^^^^^^^^

warning: function `append_value_reconstruction_links` is never used
    --> crates/aspis-statement/src/trace_v4.rs:1190:4
     |
1190 | fn append_value_reconstruction_links(layout: &mut CopyLayout) {
     |    ^^^^^^^^^^^^^^^^^^^^^^^^^^^^^^^^^

Error: Function _ZN4core5array11try_from_fn17h11c44907632e4883E Stack offset of 32768 exceeded max offset of 4096 by 28672 bytes, please minimize large stack variables. Estimated function frame size: 32768 bytes. Exceeding the maximum stack offset may cause undefined behavior during execution.

Error: Function _ZN5alloc3vec16Vec$LT$T$C$A$GT$14extend_trusted17hdd83fe6727d166d2E Stack offset of 65552 exceeded max offset of 4096 by 61456 bytes, please minimize large stack variables. Estimated function frame size: 65600 bytes. Exceeding the maximum stack offset may cause undefined behavior during execution.

Error: Function _ZN10aspis_core2r05chord15polynomial_pair17h516baeb5ada9ae20E Stack offset of 98312 exceeded max offset of 4096 by 94216 bytes, please minimize large stack variables. Estimated function frame size: 98368 bytes. Exceeding the maximum stack offset may cause undefined behavior during execution.

Error: A function call in method _ZN10aspis_core2r05chord15polynomial_pair17h516baeb5ada9ae20E overwrites values in the frame. Please, decrease stack usage or remove parameters from the call. The function call may cause undefined behavior during execution.

Error: A function call in method _ZN10aspis_core2r05chord15polynomial_pair17h516baeb5ada9ae20E overwrites values in the frame. Please, decrease stack usage or remove parameters from the call. The function call may cause undefined behavior during execution.

Error: A function call in method _ZN10aspis_core2r05chord15polynomial_pair17h516baeb5ada9ae20E overwrites values in the frame. Please, decrease stack usage or remove parameters from the call. The function call may cause undefined behavior during execution.

Error: A function call in method _ZN10aspis_core2r05chord15polynomial_pair17h516baeb5ada9ae20E overwrites values in the frame. Please, decrease stack usage or remove parameters from the call. The function call may cause undefined behavior during execution.

Error: Function _ZN10aspis_core2r05chord11lift_linear17hf6dd6e31a6f2b03aE Stack offset of 98312 exceeded max offset of 4096 by 94216 bytes, please minimize large stack variables. Estimated function frame size: 98368 bytes. Exceeding the maximum stack offset may cause undefined behavior during execution.

Error: A function call in method _ZN10aspis_core2r05chord11lift_linear17hf6dd6e31a6f2b03aE overwrites values in the frame. Please, decrease stack usage or remove parameters from the call. The function call may cause undefined behavior during execution.

Error: A function call in method _ZN10aspis_core2r05chord11lift_linear17hf6dd6e31a6f2b03aE overwrites values in the frame. Please, decrease stack usage or remove parameters from the call. The function call may cause undefined behavior during execution.

Error: A function call in method _ZN10aspis_core2r05chord11lift_linear17hf6dd6e31a6f2b03aE overwrites values in the frame. Please, decrease stack usage or remove parameters from the call. The function call may cause undefined behavior during execution.

Error: A function call in method _ZN10aspis_core2r05chord11lift_linear17hf6dd6e31a6f2b03aE overwrites values in the frame. Please, decrease stack usage or remove parameters from the call. The function call may cause undefined behavior during execution.

Error: Function _ZN10aspis_core2r05chord13chord_message17hab32d6ec9b528644E Stack offset of 98308 exceeded max offset of 4096 by 94212 bytes, please minimize large stack variables. Estimated function frame size: 131328 bytes. Exceeding the maximum stack offset may cause undefined behavior during execution.

Error: Function _ZN10aspis_core2r07encoder12eval_message17hbb0fef3ced3102c6E Stack offset of 33064 exceeded max offset of 4096 by 28968 bytes, please minimize large stack variables. Estimated function frame size: 33088 bytes. Exceeding the maximum stack offset may cause undefined behavior during execution.

Error: Function _ZN10aspis_core2r07encoder19exact_final_encoder17hfc9c276d6eb7d56bE Stack offset of 16504 exceeded max offset of 4096 by 12408 bytes, please minimize large stack variables. Estimated function frame size: 16640 bytes. Exceeding the maximum stack offset may cause undefined behavior during execution.

Error: Function _ZN10aspis_core2r04fold12fold_message17he36a8396b3efe9ffE Stack offset of 8376 exceeded max offset of 4096 by 4280 bytes, please minimize large stack variables. Estimated function frame size: 8384 bytes. Exceeding the maximum stack offset may cause undefined behavior during execution.

Error: Function _ZN10aspis_core2r07opening9indicator17he617c69213b8bdffE Stack offset of 32832 exceeded max offset of 4096 by 28736 bytes, please minimize large stack variables. Estimated function frame size: 32832 bytes. Exceeding the maximum stack offset may cause undefined behavior during execution.

Error: Function _ZN10aspis_core2r07opening13row_eq_weight17h5bbbaf8926188405E Stack offset of 32984 exceeded max offset of 4096 by 28888 bytes, please minimize large stack variables. Estimated function frame size: 33024 bytes. Exceeding the maximum stack offset may cause undefined behavior during execution.

Error: Function _ZN10aspis_core2r07opening9eq_weight17haf11076502ccd456E Stack offset of 65536 exceeded max offset of 4096 by 61440 bytes, please minimize large stack variables. Estimated function frame size: 65536 bytes. Exceeding the maximum stack offset may cause undefined behavior during execution.

Error: Function _ZN10aspis_core2r07opening11OpeningData7weights17heea72e2ee22101f4E Stack offset of 65664 exceeded max offset of 4096 by 61568 bytes, please minimize large stack variables. Estimated function frame size: 394432 bytes. Exceeding the maximum stack offset may cause undefined behavior during execution.

Error: Function _ZN10aspis_core2r07opening11OpeningData17interpolant_batch17h407ef5ef311b2595E Stack offset of 34080 exceeded max offset of 4096 by 29984 bytes, please minimize large stack variables. Estimated function frame size: 34112 bytes. Exceeding the maximum stack offset may cause undefined behavior during execution.

Error: Function _ZN10aspis_core2r07opening11OpeningData11claim_prime17h57a119693bdb4cb6E Stack offset of 32772 exceeded max offset of 4096 by 28676 bytes, please minimize large stack variables. Estimated function frame size: 98496 bytes. Exceeding the maximum stack offset may cause undefined behavior during execution.

Error: Function _ZN10aspis_core2r07opening11OpeningData9q_weights17h3a41916a90e61532E Stack offset of 229664 exceeded max offset of 4096 by 225568 bytes, please minimize large stack variables. Estimated function frame size: 229696 bytes. Exceeding the maximum stack offset may cause undefined behavior during execution.

Error: A function call in method _ZN10aspis_core2r07opening11OpeningData9q_weights17h3a41916a90e61532E overwrites values in the frame. Please, decrease stack usage or remove parameters from the call. The function call may cause undefined behavior during execution.

Error: A function call in method _ZN10aspis_core2r07opening11OpeningData9q_weights17h3a41916a90e61532E overwrites values in the frame. Please, decrease stack usage or remove parameters from the call. The function call may cause undefined behavior during execution.

Error: A function call in method _ZN10aspis_core2r07opening11OpeningData9q_weights17h3a41916a90e61532E overwrites values in the frame. Please, decrease stack usage or remove parameters from the call. The function call may cause undefined behavior during execution.

Error: A function call in method _ZN10aspis_core2r07opening11OpeningData9q_weights17h3a41916a90e61532E overwrites values in the frame. Please, decrease stack usage or remove parameters from the call. The function call may cause undefined behavior during execution.

Error: A function call in method _ZN10aspis_core2r07opening11OpeningData9q_weights17h3a41916a90e61532E overwrites values in the frame. Please, decrease stack usage or remove parameters from the call. The function call may cause undefined behavior during execution.

Error: A function call in method _ZN10aspis_core2r07opening11OpeningData9q_weights17h3a41916a90e61532E overwrites values in the frame. Please, decrease stack usage or remove parameters from the call. The function call may cause undefined behavior during execution.

Error: A function call in method _ZN10aspis_core2r07opening11OpeningData9q_weights17h3a41916a90e61532E overwrites values in the frame. Please, decrease stack usage or remove parameters from the call. The function call may cause undefined behavior during execution.

Error: A function call in method _ZN10aspis_core2r07opening11OpeningData9q_weights17h3a41916a90e61532E overwrites values in the frame. Please, decrease stack usage or remove parameters from the call. The function call may cause undefined behavior during execution.

Error: Function _ZN10aspis_core2r07opening11OpeningData13total_weights17hedaa467fcb443ce1E Stack offset of 164040 exceeded max offset of 4096 by 159944 bytes, please minimize large stack variables. Estimated function frame size: 196928 bytes. Exceeding the maximum stack offset may cause undefined behavior during execution.

Error: Function _ZN10aspis_core2r06prover14EncodingDomain6encode17h96e8d9628e9f1bcbE Stack offset of 8192 exceeded max offset of 4096 by 4096 bytes, please minimize large stack variables. Estimated function frame size: 12416 bytes. Exceeding the maximum stack offset may cause undefined behavior during execution.

Error: Function _ZN10aspis_core2r06prover10Commitment3new17hf52b757a341ca9eaE Stack offset of 65672 exceeded max offset of 4096 by 61576 bytes, please minimize large stack variables. Estimated function frame size: 65856 bytes. Exceeding the maximum stack offset may cause undefined behavior during execution.

Error: Function _ZN10aspis_core2r06prover8quotient17h02e0caaf5df9befeE Stack offset of 229424 exceeded max offset of 4096 by 225328 bytes, please minimize large stack variables. Estimated function frame size: 328192 bytes. Exceeding the maximum stack offset may cause undefined behavior during execution.

Error: A function call in method _ZN10aspis_core2r06prover8quotient17h02e0caaf5df9befeE overwrites values in the frame. Please, decrease stack usage or remove parameters from the call. The function call may cause undefined behavior during execution.

Error: A function call in method _ZN10aspis_core2r06prover8quotient17h02e0caaf5df9befeE overwrites values in the frame. Please, decrease stack usage or remove parameters from the call. The function call may cause undefined behavior during execution.

Error: Function _ZN10aspis_core2r06prover13honest_claims17h2448c166220c4d9eE Stack offset of 40296 exceeded max offset of 4096 by 36200 bytes, please minimize large stack variables. Estimated function frame size: 40384 bytes. Exceeding the maximum stack offset may cause undefined behavior during execution.

Error: Function _ZN10aspis_core2r06prover8v_honest17h7007c0d3abf516f9E Stack offset of 99336 exceeded max offset of 4096 by 95240 bytes, please minimize large stack variables. Estimated function frame size: 99392 bytes. Exceeding the maximum stack offset may cause undefined behavior during execution.

Error: Function _ZN10aspis_core2r06prover5prove17hf8d960d601df50a6E Stack offset of 188920 exceeded max offset of 4096 by 184824 bytes, please minimize large stack variables. Estimated function frame size: 188992 bytes. Exceeding the maximum stack offset may cause undefined behavior during execution.

Error: Function _ZN10aspis_core2r08verifier7prepare17h08c9b99e2c22c5d9E Stack offset of 6480 exceeded max offset of 4096 by 2384 bytes, please minimize large stack variables. Estimated function frame size: 12928 bytes. Exceeding the maximum stack offset may cause undefined behavior during execution.

Error: Function _ZN10aspis_core2r08verifier8check_v117had8176ea497edae2E Stack offset of 67288 exceeded max offset of 4096 by 63192 bytes, please minimize large stack variables. Estimated function frame size: 67328 bytes. Exceeding the maximum stack offset may cause undefined behavior during execution.

Error: Function _ZN10aspis_core2r08verifier8check_v217ha7f8d737a61e1b49E Stack offset of 106720 exceeded max offset of 4096 by 102624 bytes, please minimize large stack variables. Estimated function frame size: 106816 bytes. Exceeding the maximum stack offset may cause undefined behavior during execution.

Error: Function _ZN10aspis_core2r08verifier6verify17h89f281bfbc9b7ceeE Stack offset of 30088 exceeded max offset of 4096 by 25992 bytes, please minimize large stack variables. Estimated function frame size: 41408 bytes. Exceeding the maximum stack offset may cause undefined behavior during execution.

Error: A function call in method _ZN10aspis_core2r08verifier6verify17h89f281bfbc9b7ceeE overwrites values in the frame. Please, decrease stack usage or remove parameters from the call. The function call may cause undefined behavior during execution.

Error: A function call in method _ZN10aspis_core2r08verifier6verify17h89f281bfbc9b7ceeE overwrites values in the frame. Please, decrease stack usage or remove parameters from the call. The function call may cause undefined behavior during execution.

Error: A function call in method _ZN10aspis_core2r08verifier6verify17h89f281bfbc9b7ceeE overwrites values in the frame. Please, decrease stack usage or remove parameters from the call. The function call may cause undefined behavior during execution.

Error: A function call in method _ZN10aspis_core2r08verifier6verify17h89f281bfbc9b7ceeE overwrites values in the frame. Please, decrease stack usage or remove parameters from the call. The function call may cause undefined behavior during execution.

Error: A function call in method _ZN10aspis_core2r08verifier6verify17h89f281bfbc9b7ceeE overwrites values in the frame. Please, decrease stack usage or remove parameters from the call. The function call may cause undefined behavior during execution.

Error: Function _ZN10aspis_core2r04wire6Reader6fields17h0a1f4f61b476ca00E Stack offset of 8248 exceeded max offset of 4096 by 4152 bytes, please minimize large stack variables. Estimated function frame size: 8256 bytes. Exceeding the maximum stack offset may cause undefined behavior during execution.

Error: Function _ZN10aspis_core2r04wire12OpeningProof5parse17h3aa6a25d107dca20E Stack offset of 17624 exceeded max offset of 4096 by 13528 bytes, please minimize large stack variables. Estimated function frame size: 37248 bytes. Exceeding the maximum stack offset may cause undefined behavior during execution.

Error: Function _ZN10aspis_core2r04wire12OpeningProof6encode17h1faced8afaed38c7E Stack offset of 9824 exceeded max offset of 4096 by 5728 bytes, please minimize large stack variables. Estimated function frame size: 10240 bytes. Exceeding the maximum stack offset may cause undefined behavior during execution.

Error: Function _ZN10aspis_core17state_only_prefix2r06Prefix12point_claims17h57483316bd9d423fE Stack offset of 9280 exceeded max offset of 4096 by 5184 bytes, please minimize large stack variables. Estimated function frame size: 9536 bytes. Exceeding the maximum stack offset may cause undefined behavior during execution.

Error: Function _ZN10aspis_core8r0_probe6prover14EncodingDomain6encode17h8a8a9aaaf44c7391E Stack offset of 8192 exceeded max offset of 4096 by 4096 bytes, please minimize large stack variables. Estimated function frame size: 12416 bytes. Exceeding the maximum stack offset may cause undefined behavior during execution.

Error: Function _ZN10aspis_core8r0_probe6prover10Commitment3new17h3f34de81b93dd25fE Stack offset of 65672 exceeded max offset of 4096 by 61576 bytes, please minimize large stack variables. Estimated function frame size: 65856 bytes. Exceeding the maximum stack offset may cause undefined behavior during execution.

Error: Function _ZN10aspis_core8r0_probe6prover8quotient17h7cea218a3461f576E Stack offset of 229424 exceeded max offset of 4096 by 225328 bytes, please minimize large stack variables. Estimated function frame size: 328192 bytes. Exceeding the maximum stack offset may cause undefined behavior during execution.

Error: A function call in method _ZN10aspis_core8r0_probe6prover8quotient17h7cea218a3461f576E overwrites values in the frame. Please, decrease stack usage or remove parameters from the call. The function call may cause undefined behavior during execution.

Error: A function call in method _ZN10aspis_core8r0_probe6prover8quotient17h7cea218a3461f576E overwrites values in the frame. Please, decrease stack usage or remove parameters from the call. The function call may cause undefined behavior during execution.

Error: Function _ZN10aspis_core8r0_probe6prover5prove17h7b75ce89b34203a5E Stack offset of 189096 exceeded max offset of 4096 by 185000 bytes, please minimize large stack variables. Estimated function frame size: 189184 bytes. Exceeding the maximum stack offset may cause undefined behavior during execution.

Error: A function call in method _ZN10aspis_core8r0_probe6prover5prove17h7b75ce89b34203a5E overwrites values in the frame. Please, decrease stack usage or remove parameters from the call. The function call may cause undefined behavior during execution.

Error: A function call in method _ZN10aspis_core8r0_probe6prover5prove17h7b75ce89b34203a5E overwrites values in the frame. Please, decrease stack usage or remove parameters from the call. The function call may cause undefined behavior during execution.

Error: A function call in method _ZN10aspis_core8r0_probe6prover5prove17h7b75ce89b34203a5E overwrites values in the frame. Please, decrease stack usage or remove parameters from the call. The function call may cause undefined behavior during execution.

Error: A function call in method _ZN10aspis_core8r0_probe6prover5prove17h7b75ce89b34203a5E overwrites values in the frame. Please, decrease stack usage or remove parameters from the call. The function call may cause undefined behavior during execution.

Error: Function _ZN10aspis_core8r0_probe8verifier7prepare17h28c9e7a81d173fb6E Stack offset of 6480 exceeded max offset of 4096 by 2384 bytes, please minimize large stack variables. Estimated function frame size: 12928 bytes. Exceeding the maximum stack offset may cause undefined behavior during execution.

Error: Function _ZN10aspis_core8r0_probe8verifier6verify17h49689aabd43f73a6E Stack offset of 30088 exceeded max offset of 4096 by 25992 bytes, please minimize large stack variables. Estimated function frame size: 41408 bytes. Exceeding the maximum stack offset may cause undefined behavior during execution.

Error: A function call in method _ZN10aspis_core8r0_probe8verifier6verify17h49689aabd43f73a6E overwrites values in the frame. Please, decrease stack usage or remove parameters from the call. The function call may cause undefined behavior during execution.

Error: A function call in method _ZN10aspis_core8r0_probe8verifier6verify17h49689aabd43f73a6E overwrites values in the frame. Please, decrease stack usage or remove parameters from the call. The function call may cause undefined behavior during execution.

Error: A function call in method _ZN10aspis_core8r0_probe8verifier6verify17h49689aabd43f73a6E overwrites values in the frame. Please, decrease stack usage or remove parameters from the call. The function call may cause undefined behavior during execution.

Error: A function call in method _ZN10aspis_core8r0_probe8verifier6verify17h49689aabd43f73a6E overwrites values in the frame. Please, decrease stack usage or remove parameters from the call. The function call may cause undefined behavior during execution.

Error: A function call in method _ZN10aspis_core8r0_probe8verifier6verify17h49689aabd43f73a6E overwrites values in the frame. Please, decrease stack usage or remove parameters from the call. The function call may cause undefined behavior during execution.

warning: `aspis-core` (lib) generated 6 warnings (run `cargo fix --lib -p aspis-core` to apply 1 suggestion)
Error: Function _ZN15aspis_statement17state_only_verify2r016verify_semantics17h01f39f0327612ae3E Stack offset of 4288 exceeded max offset of 4096 by 192 bytes, please minimize large stack variables. Estimated function frame size: 15104 bytes. Exceeding the maximum stack offset may cause undefined behavior during execution.

Error: Function _ZN15aspis_statement8trace_v420build_spend_trace_v428_$u7b$$u7b$closure$u7d$$u7d$17h2b2c0686b987e63dE Stack offset of 6168 exceeded max offset of 4096 by 2072 bytes, please minimize large stack variables. Estimated function frame size: 6208 bytes. Exceeding the maximum stack offset may cause undefined behavior during execution.

Error: Function _ZN15aspis_statement2r05Proof6encode17h55a501d21ebc6082E Stack offset of 11248 exceeded max offset of 4096 by 7152 bytes, please minimize large stack variables. Estimated function frame size: 22528 bytes. Exceeding the maximum stack offset may cause undefined behavior during execution.

Error: Function _ZN15aspis_statement2r016semantic_handoff17hb0e2b50857912e3eE Stack offset of 8132 exceeded max offset of 4096 by 4036 bytes, please minimize large stack variables. Estimated function frame size: 15872 bytes. Exceeding the maximum stack offset may cause undefined behavior during execution.

Error: Function _ZN15aspis_statement8r0_probe16semantic_handoff17h2c03490d250ff2feE Stack offset of 8132 exceeded max offset of 4096 by 4036 bytes, please minimize large stack variables. Estimated function frame size: 15872 bytes. Exceeding the maximum stack offset may cause undefined behavior during execution.

warning: `aspis-statement` (lib) generated 40 warnings (run `cargo fix --lib -p aspis-statement` to apply 6 suggestions)
   Compiling aspis-verifier v0.1.0 (/home/dombarker/project-offloads/aspis-r0-p1-20261009/programs/aspis-verifier)
warning: use of deprecated module `solana_program::system_instruction`: Use `solana_system_interface` crate instead
  --> programs/aspis-verifier/src/atomic_payment.rs:15:5
   |
15 |     system_instruction, system_program,
   |     ^^^^^^^^^^^^^^^^^^
   |
   = note: `#[warn(deprecated)]` on by default

warning: use of deprecated module `solana_program::system_program`: Use `solana_sdk_ids::system_program` instead
  --> programs/aspis-verifier/src/atomic_payment.rs:15:25
   |
15 |     system_instruction, system_program,
   |                         ^^^^^^^^^^^^^^

warning: use of deprecated field `solana_program::solana_program_entrypoint::BumpAllocator::start`: This field should not be accessed directly. It will become private in future versions
  --> programs/aspis-verifier/src/r0_cu_probe.rs:24:9
   |
24 |         start: solana_program::entrypoint::HEAP_START_ADDRESS as usize,
   |         ^^^^^^^^^^^^^^^^^^^^^^^^^^^^^^^^^^^^^^^^^^^^^^^^^^^^^^^^^^^^^^

warning: use of deprecated field `solana_program::solana_program_entrypoint::BumpAllocator::len`: This field should not be accessed directly. It will become private in future versions
  --> programs/aspis-verifier/src/r0_cu_probe.rs:25:9
   |
25 |         len: 256 * 1024,
   |         ^^^^^^^^^^^^^^^

warning: struct `AcceptedV7StagedPairAfterstateV1` is never constructed
   --> programs/aspis-verifier/src/v7_staged_pair_profile.rs:113:19
    |
113 | pub(crate) struct AcceptedV7StagedPairAfterstateV1 {
    |                   ^^^^^^^^^^^^^^^^^^^^^^^^^^^^^^^^
    |
    = note: `#[warn(dead_code)]` on by default

warning: function `accept_v7_staged_pair_after_full_verification_v1` is never used
   --> programs/aspis-verifier/src/v7_staged_pair_profile.rs:121:15
    |
121 | pub(crate) fn accept_v7_staged_pair_after_full_verification_v1(
    |               ^^^^^^^^^^^^^^^^^^^^^^^^^^^^^^^^^^^^^^^^^^^^^^^^

warning: function `encode_accepted_v7_staged_pair_result_v1` is never used
   --> programs/aspis-verifier/src/v7_staged_pair_profile.rs:129:15
    |
129 | pub(crate) fn encode_accepted_v7_staged_pair_result_v1(
    |               ^^^^^^^^^^^^^^^^^^^^^^^^^^^^^^^^^^^^^^^^

warning: function `emit_accepted_v7_staged_pair_result_v1` is never used
   --> programs/aspis-verifier/src/v7_staged_pair_profile.rs:140:15
    |
140 | pub(crate) fn emit_accepted_v7_staged_pair_result_v1(
    |               ^^^^^^^^^^^^^^^^^^^^^^^^^^^^^^^^^^^^^^

warning: `aspis-verifier` (lib) generated 8 warnings
    Finished `release` profile [optimized] target(s) in 19.64s
