Warning: Permanently added '100.108.41.90' (ED25519) to the list of known hosts.
Running as unit: aspis-focus-1791017289511374000.service; invocation ID: 8f29c99d692247dcb3523e7669332937
/home/dombarker/project-offloads/aspis-r57-lean-src-20260929-a/AspisV8R19/R454RefillProgramShape.lean:48:4: error: Type mismatch
  htail (next, out)
has type
  limbProgram n { state := (next, out).2, block := (next, out).1, index := 1 } =
    Program.done (limbRun (fun x => (next, out).2) n { state := (next, out).2, block := (next, out).1, index := 1 }).2
but is expected to have type
  limbProgram n { state := next, block := out, index := 1 } =
    Program.done (limbRun (fun x => next) (n + 1) { state := next, block := out, index := 0 }).2
'AspisV8R19.R454RefillProgramShape.limbProgram_refill_shape' depends on axioms: [propext, sorryAx, Quot.sound]
Command exited with non-zero status 1
	Command being timed: "/home/dombarker/.elan/bin/lake --dir /home/dombarker/project-offloads/aspis-r126-release-20260930-a/focus-workspace env lean -j1 -M4500 -R /home/dombarker/project-offloads/aspis-r57-lean-src-20260929-a -o /home/dombarker/project-offloads/aspis-r126-release-20260930-a/lib/AspisV8R19/R454RefillProgramShape.olean /home/dombarker/project-offloads/aspis-r57-lean-src-20260929-a/AspisV8R19/R454RefillProgramShape.lean"
	User time (seconds): 1.00
	System time (seconds): 0.37
	Percent of CPU this job got: 100%
	Elapsed (wall clock) time (h:mm:ss or m:ss): 0:01.37
	Average shared text size (kbytes): 0
	Average unshared data size (kbytes): 0
	Average stack size (kbytes): 0
	Average total size (kbytes): 0
	Maximum resident set size (kbytes): 3215948
	Average resident set size (kbytes): 0
	Major (requiring I/O) page faults: 0
	Minor (reclaiming a frame) page faults: 76651
	Voluntary context switches: 361
	Involuntary context switches: 55
	Swaps: 0
	File system inputs: 0
	File system outputs: 0
	Socket messages sent: 0
	Socket messages received: 0
	Signals delivered: 0
	Page size (bytes): 4096
	Exit status: 1
Finished with result: exit-code
Main processes terminated with: code=exited/status=1
Service runtime: 1.403s
CPU time consumed: 1.409s
Memory peak: 292.0K
Memory swap peak: 0B
