Warning: Permanently added '100.108.41.90' (ED25519) to the list of known hosts.
Running as unit: aspis-focus-1791076638981730000.service; invocation ID: 89e7a63b5be54fdeaf826ccdde2f54bf
/home/dombarker/project-offloads/aspis-r57-lean-src-20260929-a/AspisV8R19/R564ZeroChallengeExecutionV2.lean:14:56: warning: Variable name `hi` is not explicitly referenced.

The binding can be removed (if unused) or named `_` (if used implicitly).

Note: This linter can be disabled with `set_option linter.unusedVariables false`
/home/dombarker/project-offloads/aspis-r57-lean-src-20260929-a/AspisV8R19/R564ZeroChallengeExecutionV2.lean:17:34: warning: Variable name `hi` is not explicitly referenced.

The binding can be removed (if unused) or named `_` (if used implicitly).

Note: This linter can be disabled with `set_option linter.unusedVariables false`
/home/dombarker/project-offloads/aspis-r57-lean-src-20260929-a/AspisV8R19/R564ZeroChallengeExecutionV2.lean:64:2: error: No goals to be solved
'AspisV8R19.R564ZeroChallengeExecutionV2.limb_run_first_zero' depends on axioms: [propext, Quot.sound]
'AspisV8R19.R564ZeroChallengeExecutionV2.limbs_run_four_zero' depends on axioms: [propext, Classical.choice, Quot.sound]
'AspisV8R19.R564ZeroChallengeExecutionV2.challengeRun_firstFourZero' depends on axioms: [propext,
 Classical.choice,
 Quot.sound]
'AspisV8R19.R564ZeroChallengeExecutionV2.challenge_source_firstFourZero' depends on axioms: [propext,
 Classical.choice,
 Quot.sound,
 core.fmt.Formatter]
Command exited with non-zero status 1
	Command being timed: "/home/dombarker/.elan/bin/lake --dir /home/dombarker/project-offloads/aspis-r126-release-20260930-a/focus-workspace env lean -j1 -M4500 -R /home/dombarker/project-offloads/aspis-r57-lean-src-20260929-a -o /home/dombarker/project-offloads/aspis-r126-release-20260930-a/lib/AspisV8R19/R564ZeroChallengeExecutionV2.olean /home/dombarker/project-offloads/aspis-r57-lean-src-20260929-a/AspisV8R19/R564ZeroChallengeExecutionV2.lean"
	User time (seconds): 1.28
	System time (seconds): 0.38
	Percent of CPU this job got: 100%
	Elapsed (wall clock) time (h:mm:ss or m:ss): 0:01.67
	Average shared text size (kbytes): 0
	Average unshared data size (kbytes): 0
	Average stack size (kbytes): 0
	Average total size (kbytes): 0
	Maximum resident set size (kbytes): 3701632
	Average resident set size (kbytes): 0
	Major (requiring I/O) page faults: 0
	Minor (reclaiming a frame) page faults: 86413
	Voluntary context switches: 460
	Involuntary context switches: 75
	Swaps: 0
	File system inputs: 0
	File system outputs: 0
	Socket messages sent: 0
	Socket messages received: 0
	Signals delivered: 0
	Page size (bytes): 4096
	Exit status: 1
Finished with result: exit-code
Main processes terminated with: code=exited/status=1
Service runtime: 1.699s
CPU time consumed: 1.701s
Memory peak: 328.0K
Memory swap peak: 0B
