Warning: Permanently added '100.108.41.90' (ED25519) to the list of known hosts.
Running as unit: aspis-focus-1791157243362022000-8616519db2ec.service; invocation ID: 5cc240ceafb8447fb5f13184ed755b13
'AspisV8R19.R807SourceBlock39RowsChunk03.source_block39_row03' depends on axioms: [propext,
 Classical.choice,
 Quot.sound]
	Command being timed: "/home/dombarker/.elan/bin/lake --dir /home/dombarker/project-offloads/aspis-r126-release-20260930-a/focus-workspace env lean -j1 -M4500 -R /home/dombarker/project-offloads/aspis-r57-lean-src-20260929-a -o /home/dombarker/project-offloads/aspis-r126-release-20260930-a/lib/AspisV8R19/R807SourceBlock39RowsChunk03.olean /home/dombarker/project-offloads/aspis-r57-lean-src-20260929-a/AspisV8R19/R807SourceBlock39RowsChunk03.lean"
	User time (seconds): 2.80
	System time (seconds): 0.40
	Percent of CPU this job got: 99%
	Elapsed (wall clock) time (h:mm:ss or m:ss): 0:03.21
	Average shared text size (kbytes): 0
	Average unshared data size (kbytes): 0
	Average stack size (kbytes): 0
	Average total size (kbytes): 0
	Maximum resident set size (kbytes): 3645808
	Average resident set size (kbytes): 0
	Major (requiring I/O) page faults: 0
	Minor (reclaiming a frame) page faults: 80228
	Voluntary context switches: 230
	Involuntary context switches: 93
	Swaps: 0
	File system inputs: 8
	File system outputs: 320
	Socket messages sent: 0
	Socket messages received: 0
	Signals delivered: 0
	Page size (bytes): 4096
	Exit status: 0
Finished with result: success
Main processes terminated with: code=exited/status=0
Service runtime: 3.242s
CPU time consumed: 3.241s
Memory peak: 256.0K
Memory swap peak: 0B
