Warning: Permanently added '100.108.41.90' (ED25519) to the list of known hosts.
Running as unit: aspis-focus-1791015398940033000.service; invocation ID: 73a006200e80411f8f73b7805c3bf96d
/home/dombarker/project-offloads/aspis-r57-lean-src-20260929-a/AspisV8R19/R447SourceInitialBlockLaw.lean:1:0: error: object file '/home/dombarker/project-offloads/aspis-r126-release-20260930-a/lib/AspisV8R19/R444InitialSourceLimb.olean' of module AspisV8R19.R444InitialSourceLimb does not exist
Command exited with non-zero status 1
	Command being timed: "/home/dombarker/.elan/bin/lake --dir /home/dombarker/project-offloads/aspis-r126-release-20260930-a/focus-workspace env lean -j1 -M4500 -R /home/dombarker/project-offloads/aspis-r57-lean-src-20260929-a -o /home/dombarker/project-offloads/aspis-r126-release-20260930-a/lib/AspisV8R19/R447SourceInitialBlockLaw.olean /home/dombarker/project-offloads/aspis-r57-lean-src-20260929-a/AspisV8R19/R447SourceInitialBlockLaw.lean"
	User time (seconds): 0.06
	System time (seconds): 0.04
	Percent of CPU this job got: 100%
	Elapsed (wall clock) time (h:mm:ss or m:ss): 0:00.10
	Average shared text size (kbytes): 0
	Average unshared data size (kbytes): 0
	Average stack size (kbytes): 0
	Average total size (kbytes): 0
	Maximum resident set size (kbytes): 185296
	Average resident set size (kbytes): 0
	Major (requiring I/O) page faults: 0
	Minor (reclaiming a frame) page faults: 8823
	Voluntary context switches: 10
	Involuntary context switches: 10
	Swaps: 0
	File system inputs: 0
	File system outputs: 0
	Socket messages sent: 0
	Socket messages received: 0
	Signals delivered: 0
	Page size (bytes): 4096
	Exit status: 1
Finished with result: exit-code
Main processes terminated with: code=exited/status=1
Service runtime: 133ms
CPU time consumed: 134ms
Memory peak: 256.0K
Memory swap peak: 0B
