Warning: Permanently added '100.108.41.90' (ED25519) to the list of known hosts.
Running as unit: aspis-focus-1791157180607756000-e5fc62247491.service; invocation ID: f3835bebcde74d9387d3fd10c64ce617
'AspisV8R19.R807SourceBlock35RowsChunk00.source_block35_row00' depends on axioms: [propext,
 Classical.choice,
 Quot.sound]
'AspisV8R19.R807SourceBlock35RowsChunk00.source_block35_row01' depends on axioms: [propext,
 Classical.choice,
 Quot.sound]
	Command being timed: "/home/dombarker/.elan/bin/lake --dir /home/dombarker/project-offloads/aspis-r126-release-20260930-a/focus-workspace env lean -j1 -M4500 -R /home/dombarker/project-offloads/aspis-r57-lean-src-20260929-a -o /home/dombarker/project-offloads/aspis-r126-release-20260930-a/lib/AspisV8R19/R807SourceBlock35RowsChunk00.olean /home/dombarker/project-offloads/aspis-r57-lean-src-20260929-a/AspisV8R19/R807SourceBlock35RowsChunk00.lean"
	User time (seconds): 4.14
	System time (seconds): 0.40
	Percent of CPU this job got: 99%
	Elapsed (wall clock) time (h:mm:ss or m:ss): 0:04.54
	Average shared text size (kbytes): 0
	Average unshared data size (kbytes): 0
	Average stack size (kbytes): 0
	Average total size (kbytes): 0
	Maximum resident set size (kbytes): 3670732
	Average resident set size (kbytes): 0
	Major (requiring I/O) page faults: 1
	Minor (reclaiming a frame) page faults: 81176
	Voluntary context switches: 279
	Involuntary context switches: 80
	Swaps: 0
	File system inputs: 8
	File system outputs: 120
	Socket messages sent: 0
	Socket messages received: 0
	Signals delivered: 0
	Page size (bytes): 4096
	Exit status: 0
Finished with result: success
Main processes terminated with: code=exited/status=0
Service runtime: 4.583s
CPU time consumed: 4.580s
Memory peak: 256.0K
Memory swap peak: 0B
