Warning: Permanently added '100.108.41.90' (ED25519) to the list of known hosts.
Running as unit: aspis-focus-1791143432324282000.service; invocation ID: df17c73361f847e0a4a7816a43f81887
/home/dombarker/project-offloads/aspis-r57-lean-src-20260929-a/AspisV8R19/R754Point1GuardedTransport.lean:17:65: warning: Used `tac1 <;> tac2` where `(tac1; tac2)` would suffice

Note: This linter can be disabled with `set_option linter.unnecessarySeqFocus false`
/home/dombarker/project-offloads/aspis-r57-lean-src-20260929-a/AspisV8R19/R754Point1GuardedTransport.lean:23:2: warning: 'norm_num' tactic does nothing

Note: This linter can be disabled with `set_option linter.unusedTactic false`
/home/dombarker/project-offloads/aspis-r57-lean-src-20260929-a/AspisV8R19/R754Point1GuardedTransport.lean:23:11: warning: Used `tac1 <;> tac2` where `(tac1; tac2)` would suffice

Note: This linter can be disabled with `set_option linter.unnecessarySeqFocus false`
/home/dombarker/project-offloads/aspis-r57-lean-src-20260929-a/AspisV8R19/R754Point1GuardedTransport.lean:40:4: error: 'change' tactic failed, pattern
  sourcePointBasis AspisV8R19.R748JointWitnessPointEntry.point ↑(order j) -
      sourcePointBasis AspisV8R19.R748JointWitnessPointEntry.point 1023 =
    576
is not definitionally equal to target
  (fun k => sourcePointBasis AspisV8R19.R748JointWitnessPointEntry.point ↑k) (order j) -
      (fun k => sourcePointBasis AspisV8R19.R748JointWitnessPointEntry.point ↑k) 1023 =
    if order j ∈ inactive.erase 1023 then 576 else 0
/home/dombarker/project-offloads/aspis-r57-lean-src-20260929-a/AspisV8R19/R754Point1GuardedTransport.lean:45:4: error: 'change' tactic failed, pattern
  sourcePointBasis AspisV8R19.R748JointWitnessPointEntry.point ↑(order j) = 0
is not definitionally equal to target
  (fun k => sourcePointBasis AspisV8R19.R748JointWitnessPointEntry.point ↑k) (order j) =
    if order j ∈ inactive.erase 1023 then 576 else 0
'AspisR19.R754Point1GuardedTransport.point1_pivot_basis' depends on axioms: [propext, Classical.choice, Quot.sound]
'AspisR19.R754Point1GuardedTransport.point1_pivot_basis_neg' depends on axioms: [propext, Classical.choice, Quot.sound]
'AspisR19.R754Point1GuardedTransport.w_guarded' depends on axioms: [propext, sorryAx, Classical.choice, Quot.sound]
Command exited with non-zero status 1
	Command being timed: "/home/dombarker/.elan/bin/lake --dir /home/dombarker/project-offloads/aspis-r126-release-20260930-a/focus-workspace env lean -j1 -M4500 -R /home/dombarker/project-offloads/aspis-r57-lean-src-20260929-a -o /home/dombarker/project-offloads/aspis-r126-release-20260930-a/lib/AspisV8R19/R754Point1GuardedTransport.olean /home/dombarker/project-offloads/aspis-r57-lean-src-20260929-a/AspisV8R19/R754Point1GuardedTransport.lean"
	User time (seconds): 1.59
	System time (seconds): 0.34
	Percent of CPU this job got: 100%
	Elapsed (wall clock) time (h:mm:ss or m:ss): 0:01.93
	Average shared text size (kbytes): 0
	Average unshared data size (kbytes): 0
	Average stack size (kbytes): 0
	Average total size (kbytes): 0
	Maximum resident set size (kbytes): 3292324
	Average resident set size (kbytes): 0
	Major (requiring I/O) page faults: 0
	Minor (reclaiming a frame) page faults: 78863
	Voluntary context switches: 636
	Involuntary context switches: 73
	Swaps: 0
	File system inputs: 0
	File system outputs: 0
	Socket messages sent: 0
	Socket messages received: 0
	Signals delivered: 0
	Page size (bytes): 4096
	Exit status: 1
Finished with result: exit-code
Main processes terminated with: code=exited/status=1
Service runtime: 1.967s
CPU time consumed: 1.972s
Memory peak: 256.0K
Memory swap peak: 0B
