Warning: Permanently added '100.108.41.90' (ED25519) to the list of known hosts.
Running as unit: aspis-focus-1791128052411281000.service; invocation ID: 1baafb3bd6f34d5e989407da1eee4c0f
/home/dombarker/project-offloads/aspis-r57-lean-src-20260929-a/AspisV8R19/R707FullActiveDeterminant.lean:22:31: warning: This simp argument is unused:
  mul_zero

Hint: Omit it from the simp argument list.
  simp only [̵z̵e̵r̵o̵_̵m̵u̵l̵,̵s̵u̵b̵_̵z̵e̵r̵o̵,̵m̵u̵l̵_̵z̵e̵r̵o̵,̵a̵d̵d̵_̵z̵e̵r̵o̵]̵[̲z̲e̲r̲o̲_̲m̲u̲l̲,̲ ̲s̲u̲b̲_̲z̲e̲r̲o̲,̲ ̲a̲d̲d̲_̲z̲e̲r̲o̲]̲ at hc h0

Note: This linter can be disabled with `set_option linter.unusedSimpArgs false`
Try this:
  [apply] ring_nf
  
  The `ring` tactic failed to close the goal. Use `ring_nf` to obtain a normal form.
    
  Note that `ring` works primarily in *commutative* rings. If you have a noncommutative ring, abelian group or module, consider using `noncomm_ring`, `abel` or `module` instead.
/home/dombarker/project-offloads/aspis-r57-lean-src-20260929-a/AspisV8R19/R707FullActiveDeterminant.lean:39:70: error: unsolved goals
F : Type u_1
inst✝ : Field F
half : F
q : ℕ → F
h2 : 2 ≠ 0
h22 : q 1022 = 0
h23 : q 1023 = 0
hh : half / 2 * 2 = half
hp : Polynomial.C (half / 2) * Polynomial.C 2 = Polynomial.C half
⊢ Polynomial.X * Polynomial.C (-(half * q 1019)) +
        Polynomial.X * Polynomial.C (half * 2⁻¹) * Polynomial.C 2 * Polynomial.C (q 1019) +
      Polynomial.X ^ 2 * Polynomial.C (half * 2⁻¹) * Polynomial.C (q 1018) =
    Polynomial.X * Polynomial.C (half * 2⁻¹) * Polynomial.C 2 * Polynomial.C (q 1019) -
        Polynomial.X * Polynomial.C (q 1019) * Polynomial.C half +
      Polynomial.X ^ 2 * Polynomial.C (half * 2⁻¹) * Polynomial.C (q 1018)
/home/dombarker/project-offloads/aspis-r57-lean-src-20260929-a/AspisV8R19/R707FullActiveDeterminant.lean:35:13: warning: This simp argument is unused:
  map_neg

Hint: Omit it from the simp argument list.
  simp only [̵m̵a̵p̵_̵n̵e̵g̵,̵m̵a̵p̵_̵m̵u̵l̵,̵m̵a̵p̵_̵z̵e̵r̵o̵]̵[̲m̲a̲p̲_̲m̲u̲l̲,̲ ̲m̲a̲p̲_̲z̲e̲r̲o̲]̲

Note: This linter can be disabled with `set_option linter.unusedSimpArgs false`
/home/dombarker/project-offloads/aspis-r57-lean-src-20260929-a/AspisV8R19/R707FullActiveDeterminant.lean:35:29: warning: This simp argument is unused:
  map_zero

Hint: Omit it from the simp argument list.
  simp only [̵m̵a̵p̵_̵n̵e̵g̵,̵m̵a̵p̵_̵m̵u̵l̵,̵m̵a̵p̵_̵z̵e̵r̵o̵]̵[̲m̲a̲p̲_̲n̲e̲g̲,̲ ̲m̲a̲p̲_̲m̲u̲l̲]̲

Note: This linter can be disabled with `set_option linter.unusedSimpArgs false`
/home/dombarker/project-offloads/aspis-r57-lean-src-20260929-a/AspisV8R19/R707FullActiveDeterminant.lean:90:8: error: (kernel) excessive memory consumption detected
'AspisV8R19.R707FullActiveDeterminant.polyChord_eval' depends on axioms: [propext, Classical.choice, Quot.sound]
'AspisV8R19.R707FullActiveDeterminant.polyChord_top_pivot' depends on axioms: [propext,
 sorryAx,
 Classical.choice,
 Quot.sound]
'AspisV8R19.R707FullActiveDeterminant.full_update' depends on axioms: [propext, sorryAx, Classical.choice, Quot.sound]
'AspisV8R19.R707FullActiveDeterminant.full_det_factor' depends on axioms: [propext,
 Classical.choice,
 Quot.sound,
 full_det_factor]
'AspisV8R19.R707FullActiveDeterminant.full_det_ne_zero' depends on axioms: [propext,
 Classical.choice,
 Quot.sound,
 full_det_factor]
Command exited with non-zero status 1
	Command being timed: "/home/dombarker/.elan/bin/lake --dir /home/dombarker/project-offloads/aspis-r126-release-20260930-a/focus-workspace env lean -j1 -M4500 -R /home/dombarker/project-offloads/aspis-r57-lean-src-20260929-a -o /home/dombarker/project-offloads/aspis-r126-release-20260930-a/lib/AspisV8R19/R707FullActiveDeterminant.olean /home/dombarker/project-offloads/aspis-r57-lean-src-20260929-a/AspisV8R19/R707FullActiveDeterminant.lean"
	User time (seconds): 6.47
	System time (seconds): 0.50
	Percent of CPU this job got: 100%
	Elapsed (wall clock) time (h:mm:ss or m:ss): 0:06.97
	Average shared text size (kbytes): 0
	Average unshared data size (kbytes): 0
	Average stack size (kbytes): 0
	Average total size (kbytes): 0
	Maximum resident set size (kbytes): 4609316
	Average resident set size (kbytes): 0
	Major (requiring I/O) page faults: 0
	Minor (reclaiming a frame) page faults: 83189
	Voluntary context switches: 1342
	Involuntary context switches: 106
	Swaps: 0
	File system inputs: 0
	File system outputs: 0
	Socket messages sent: 0
	Socket messages received: 0
	Signals delivered: 0
	Page size (bytes): 4096
	Exit status: 1
Finished with result: exit-code
Main processes terminated with: code=exited/status=1
Service runtime: 7.005s
CPU time consumed: 7.018s
Memory peak: 328.0K
Memory swap peak: 0B
