Warning: Permanently added '100.108.41.90' (ED25519) to the list of known hosts.
Running as unit: aspis-focus-1791127971663934000.service; invocation ID: f97e0d7337c34da7ac456d1454c4b79c
/home/dombarker/project-offloads/aspis-r57-lean-src-20260929-a/AspisV8R19/R707FullActiveDeterminant.lean:22:31: warning: This simp argument is unused:
  mul_zero

Hint: Omit it from the simp argument list.
  simp only [̵z̵e̵r̵o̵_̵m̵u̵l̵,̵s̵u̵b̵_̵z̵e̵r̵o̵,̵m̵u̵l̵_̵z̵e̵r̵o̵,̵a̵d̵d̵_̵z̵e̵r̵o̵]̵[̲z̲e̲r̲o̲_̲m̲u̲l̲,̲ ̲s̲u̲b̲_̲z̲e̲r̲o̲,̲ ̲a̲d̲d̲_̲z̲e̲r̲o̲]̲ at hc h0

Note: This linter can be disabled with `set_option linter.unusedSimpArgs false`
/home/dombarker/project-offloads/aspis-r57-lean-src-20260929-a/AspisV8R19/R707FullActiveDeterminant.lean:34:39: error(lean.unknownIdentifier): Unknown constant `Polynomial.C_zero`
Try this:
  [apply] ring_nf
  
  The `ring` tactic failed to close the goal. Use `ring_nf` to obtain a normal form.
    
  Note that `ring` works primarily in *commutative* rings. If you have a noncommutative ring, abelian group or module, consider using `noncomm_ring`, `abel` or `module` instead.
/home/dombarker/project-offloads/aspis-r57-lean-src-20260929-a/AspisV8R19/R707FullActiveDeterminant.lean:39:70: error: unsolved goals
F : Type u_1
inst✝ : Field F
half : F
q : ℕ → F
h2 : 2 ≠ 0
h22 : q 1022 = 0
h23 : q 1023 = 0
hh : half / 2 * 2 = half
hp : Polynomial.C (half / 2) * Polynomial.C 2 = Polynomial.C half
⊢ Polynomial.C 0 + Polynomial.X * Polynomial.C (-(half * q 1019)) +
        Polynomial.X * Polynomial.C (half * 2⁻¹) * Polynomial.C 2 * Polynomial.C (q 1019) +
      Polynomial.X ^ 2 * Polynomial.C (half * 2⁻¹) * Polynomial.C (q 1018) =
    Polynomial.X * Polynomial.C (half * 2⁻¹) * Polynomial.C 2 * Polynomial.C (q 1019) -
        Polynomial.X * Polynomial.C (q 1019) * Polynomial.C half +
      Polynomial.X ^ 2 * Polynomial.C (half * 2⁻¹) * Polynomial.C (q 1018)
/home/dombarker/project-offloads/aspis-r57-lean-src-20260929-a/AspisV8R19/R707FullActiveDeterminant.lean:35:13: warning: This simp argument is unused:
  Polynomial.C_neg

Hint: Omit it from the simp argument list.
  simp only [̵P̵o̵l̵y̵n̵o̵m̵i̵a̵l̵.̵C̵_̵n̵e̵g̵,̵P̵o̵l̵y̵n̵o̵m̵i̵a̵l̵.̵C̵_̵m̵u̵l̵]̵[̲P̲o̲l̲y̲n̲o̲m̲i̲a̲l̲.̲C̲_̲m̲u̲l̲]̲

Note: This linter can be disabled with `set_option linter.unusedSimpArgs false`
/home/dombarker/project-offloads/aspis-r57-lean-src-20260929-a/AspisV8R19/R707FullActiveDeterminant.lean:56:63: error(lean.synthInstanceFailed): failed to synthesize instance of type class
  Field ℕ

Hint: Type class instance resolution failures can be inspected with the `set_option trace.Meta.synthInstance true` command.
/home/dombarker/project-offloads/aspis-r57-lean-src-20260929-a/AspisV8R19/R707FullActiveDeterminant.lean:58:61: error: Application type mismatch: The argument
  (chosenQ_top_zero (Pi.single j 1)).right.right.right
has type
  chosenQ (Pi.single j 1) 1023 = @OfNat.ofNat ?m.64 0 Zero.toOfNat0
but is expected to have type
  columnQ (Sum.inl j) 1023 = @OfNat.ofNat ℕ 0 (instOfNatNat 0)
in the application
  ⟨(chosenQ_top_zero (Pi.single j 1)).right.right.left, (chosenQ_top_zero (Pi.single j 1)).right.right.right⟩
/home/dombarker/project-offloads/aspis-r57-lean-src-20260929-a/AspisV8R19/R707FullActiveDeterminant.lean:58:62: error(lean.synthInstanceFailed): failed to synthesize instance of type class
  CommRing ℕ

Hint: Type class instance resolution failures can be inspected with the `set_option trace.Meta.synthInstance true` command.
/home/dombarker/project-offloads/aspis-r57-lean-src-20260929-a/AspisV8R19/R707FullActiveDeterminant.lean:59:59: error: Application type mismatch: The argument
  R706ExtraActiveColumn.extraQ_top.right.right.right
has type
  R706ExtraActiveColumn.extraQ 1023 = @OfNat.ofNat ?m.93 0 Zero.toOfNat0
but is expected to have type
  columnQ (Sum.inr j) 1023 = @OfNat.ofNat ℕ 0 (instOfNatNat 0)
in the application
  ⟨R706ExtraActiveColumn.extraQ_top.right.right.left, R706ExtraActiveColumn.extraQ_top.right.right.right⟩
/home/dombarker/project-offloads/aspis-r57-lean-src-20260929-a/AspisV8R19/R707FullActiveDeterminant.lean:81:53: error(lean.unknownIdentifier): Unknown identifier `column_top`
/home/dombarker/project-offloads/aspis-r57-lean-src-20260929-a/AspisV8R19/R707FullActiveDeterminant.lean:81:70: error(lean.unknownIdentifier): Unknown identifier `column_top`
/home/dombarker/project-offloads/aspis-r57-lean-src-20260929-a/AspisV8R19/R707FullActiveDeterminant.lean:84:6: error: Type mismatch: After simplification, term
  hrow (Sum.inl j)
 has type
  fullMatrix half (Sum.inr ()) (Sum.inl j) +
      Polynomial.C (half / 2) * Polynomial.X *
        fullMatrix half (Sum.inl R706ExtraActiveColumn.precedingHigh) (Sum.inl j) =
    0
but is expected to have type
  (fullMatrix half (Sum.inr ()) (Sum.inl j)).coeff n✝ +
      (Polynomial.C (half / 2) * Polynomial.X *
            fullMatrix half (Sum.inl R706ExtraActiveColumn.precedingHigh) (Sum.inl j)).coeff
        n✝ =
    0
/home/dombarker/project-offloads/aspis-r57-lean-src-20260929-a/AspisV8R19/R707FullActiveDeterminant.lean:87:6: error: Type mismatch: After simplification, term
  hrow (Sum.inr ())
 has type
  fullMatrix half (Sum.inr ()) (Sum.inr ()) +
      Polynomial.C (half / 2) * Polynomial.X *
        fullMatrix half (Sum.inl R706ExtraActiveColumn.precedingHigh) (Sum.inr ()) =
    Polynomial.C (half / 2) * Polynomial.X ^ 2
but is expected to have type
  (fullMatrix half (Sum.inr ()) (Sum.inr PUnit.unit)).coeff n✝ +
      (Polynomial.C (half / 2) * Polynomial.X *
            fullMatrix half (Sum.inl R706ExtraActiveColumn.precedingHigh) (Sum.inr PUnit.unit)).coeff
        n✝ =
    if n✝ = 2 then half / 2 else 0
/home/dombarker/project-offloads/aspis-r57-lean-src-20260929-a/AspisV8R19/R707FullActiveDeterminant.lean:89:8: error: (kernel) excessive memory consumption detected
'AspisV8R19.R707FullActiveDeterminant.polyChord_eval' depends on axioms: [propext, Classical.choice, Quot.sound]
'AspisV8R19.R707FullActiveDeterminant.polyChord_top_pivot' depends on axioms: [propext,
 sorryAx,
 Classical.choice,
 Quot.sound]
'AspisV8R19.R707FullActiveDeterminant.full_update' depends on axioms: [propext, sorryAx, Classical.choice, Quot.sound]
'AspisV8R19.R707FullActiveDeterminant.full_det_factor' depends on axioms: [propext,
 Classical.choice,
 Quot.sound,
 full_det_factor]
'AspisV8R19.R707FullActiveDeterminant.full_det_ne_zero' depends on axioms: [propext,
 Classical.choice,
 Quot.sound,
 full_det_factor]
Command exited with non-zero status 1
	Command being timed: "/home/dombarker/.elan/bin/lake --dir /home/dombarker/project-offloads/aspis-r126-release-20260930-a/focus-workspace env lean -j1 -M4500 -R /home/dombarker/project-offloads/aspis-r57-lean-src-20260929-a -o /home/dombarker/project-offloads/aspis-r126-release-20260930-a/lib/AspisV8R19/R707FullActiveDeterminant.olean /home/dombarker/project-offloads/aspis-r57-lean-src-20260929-a/AspisV8R19/R707FullActiveDeterminant.lean"
	User time (seconds): 6.48
	System time (seconds): 0.48
	Percent of CPU this job got: 100%
	Elapsed (wall clock) time (h:mm:ss or m:ss): 0:06.93
	Average shared text size (kbytes): 0
	Average unshared data size (kbytes): 0
	Average stack size (kbytes): 0
	Average total size (kbytes): 0
	Maximum resident set size (kbytes): 4609720
	Average resident set size (kbytes): 0
	Major (requiring I/O) page faults: 15
	Minor (reclaiming a frame) page faults: 82780
	Voluntary context switches: 1326
	Involuntary context switches: 89
	Swaps: 0
	File system inputs: 1936
	File system outputs: 0
	Socket messages sent: 0
	Socket messages received: 0
	Signals delivered: 0
	Page size (bytes): 4096
	Exit status: 1
Finished with result: exit-code
Main processes terminated with: code=exited/status=1
Service runtime: 6.954s
CPU time consumed: 7.000s
Memory peak: 324.0K
Memory swap peak: 0B
