Warning: Permanently added '100.108.41.90' (ED25519) to the list of known hosts.
Running as unit: aspis-focus-1791075711039014000.service; invocation ID: abd1e2bc813b4696a39b442f81f3efa6
/home/dombarker/project-offloads/aspis-r57-lean-src-20260929-a/AspisV8R19/R562ChannelTargetBoundary.lean:21:47: error: unexpected token '∑'; expected ')'
/home/dombarker/project-offloads/aspis-r57-lean-src-20260929-a/AspisV8R19/R562ChannelTargetBoundary.lean:61:47: error: unexpected token '∑'; expected ')'
/home/dombarker/project-offloads/aspis-r57-lean-src-20260929-a/AspisV8R19/R562ChannelTargetBoundary.lean:82:14: error(lean.unknownIdentifier): Unknown constant `structured_claim_zero`
/home/dombarker/project-offloads/aspis-r57-lean-src-20260929-a/AspisV8R19/R562ChannelTargetBoundary.lean:83:14: error(lean.unknownIdentifier): Unknown constant `structured_sparse_claim_zero`
Command exited with non-zero status 1
	Command being timed: "/home/dombarker/.elan/bin/lake --dir /home/dombarker/project-offloads/aspis-r126-release-20260930-a/focus-workspace env lean -j1 -M4500 -R /home/dombarker/project-offloads/aspis-r57-lean-src-20260929-a -o /home/dombarker/project-offloads/aspis-r126-release-20260930-a/lib/AspisV8R19/R562ChannelTargetBoundary.olean /home/dombarker/project-offloads/aspis-r57-lean-src-20260929-a/AspisV8R19/R562ChannelTargetBoundary.lean"
	User time (seconds): 0.67
	System time (seconds): 0.23
	Percent of CPU this job got: 99%
	Elapsed (wall clock) time (h:mm:ss or m:ss): 0:00.91
	Average shared text size (kbytes): 0
	Average unshared data size (kbytes): 0
	Average stack size (kbytes): 0
	Average total size (kbytes): 0
	Maximum resident set size (kbytes): 2278344
	Average resident set size (kbytes): 0
	Major (requiring I/O) page faults: 0
	Minor (reclaiming a frame) page faults: 53391
	Voluntary context switches: 78
	Involuntary context switches: 39
	Swaps: 0
	File system inputs: 0
	File system outputs: 0
	Socket messages sent: 0
	Socket messages received: 0
	Signals delivered: 0
	Page size (bytes): 4096
	Exit status: 1
Finished with result: exit-code
Main processes terminated with: code=exited/status=1
Service runtime: 938ms
CPU time consumed: 938ms
Memory peak: 328.0K
Memory swap peak: 0B
