Warning: Permanently added '100.108.41.90' (ED25519) to the list of known hosts.
Running as unit: aspis-focus-1790950468419568000.service; invocation ID: 6a96ab4118f540ab9fe1563cb4ecaa20
/home/dombarker/project-offloads/aspis-r57-lean-src-20260929-a/AspisV8R19/R374SingleCoordinateDegree.lean:19:34: warning: This simp argument is unused:
  Function.update_apply

Hint: Omit it from the simp argument list.
  simp [̵l̵i̵n̵e̵,̵F̵u̵n̵c̵t̵i̵o̵n̵.̵u̵p̵d̵a̵t̵e̵_̵a̵p̵p̵l̵y̵,̵h̵]̵[̲l̲i̲n̲e̲,̲ ̲h̲]̲

Note: This linter can be disabled with `set_option linter.unusedSimpArgs false`
/home/dombarker/project-offloads/aspis-r57-lean-src-20260929-a/AspisV8R19/R374SingleCoordinateDegree.lean:23:34: warning: This simp argument is unused:
  Function.update_apply

Hint: Omit it from the simp argument list.
  simp [̵l̵i̵n̵e̵,̵F̵u̵n̵c̵t̵i̵o̵n̵.̵u̵p̵d̵a̵t̵e̵_̵a̵p̵p̵l̵y̵,̵h̵]̵[̲l̲i̲n̲e̲,̲ ̲h̲]̲

Note: This linter can be disabled with `set_option linter.unusedSimpArgs false`
/home/dombarker/project-offloads/aspis-r57-lean-src-20260929-a/AspisV8R19/R374SingleCoordinateDegree.lean:30:10: error(lean.unknownIdentifier): Unknown constant `Polynomial.natDegree_prod_le.trans`
/home/dombarker/project-offloads/aspis-r57-lean-src-20260929-a/AspisV8R19/R374SingleCoordinateDegree.lean:31:4: error: No goals to be solved
/home/dombarker/project-offloads/aspis-r57-lean-src-20260929-a/AspisV8R19/R374SingleCoordinateDegree.lean:41:10: error(lean.unknownIdentifier): Unknown constant `Polynomial.natDegree_prod_le.trans`
/home/dombarker/project-offloads/aspis-r57-lean-src-20260929-a/AspisV8R19/R374SingleCoordinateDegree.lean:42:4: error: No goals to be solved
/home/dombarker/project-offloads/aspis-r57-lean-src-20260929-a/AspisV8R19/R374SingleCoordinateDegree.lean:76:4: error: Type mismatch
  hp
has type
  (line z j i * carry (line z j) i).natDegree ≤ 1
but is expected to have type
  0 + (line z j i * carry (line z j) i).natDegree ≤ 1
/home/dombarker/project-offloads/aspis-r57-lean-src-20260929-a/AspisV8R19/R374SingleCoordinateDegree.lean:82:37: error: `simp` made no progress
/home/dombarker/project-offloads/aspis-r57-lean-src-20260929-a/AspisV8R19/R374SingleCoordinateDegree.lean:88:8: error(lean.unknownIdentifier): Unknown constant `Polynomial.natDegree_prod_le.trans`
/home/dombarker/project-offloads/aspis-r57-lean-src-20260929-a/AspisV8R19/R374SingleCoordinateDegree.lean:89:2: error: No goals to be solved
/home/dombarker/project-offloads/aspis-r57-lean-src-20260929-a/AspisV8R19/R374SingleCoordinateDegree.lean:114:78: error: unsolved goals
case e_a
F : Type u_1
inst✝ : Field F
table : Fin 1024 → F
z : Fin 10 → F
j : Fin 10
which : Fin 3
x : F
r : Fin 1024
a✝ : r ∈ Finset.univ
⊢ (∏ x_1,
      if ↑r / 2 ^ (9 - ↑x_1) % 2 = 0 then 1 - point (fun j_1 => (evalRingHom x) (line z j j_1)) (↑which) x_1
      else point (fun j_1 => (evalRingHom x) (line z j j_1)) (↑which) x_1) =
    ∏ i,
      if ↑r / 2 ^ (9 - ↑i) % 2 = 0 then 1 - point (Function.update z j x) (↑which) i
      else point (Function.update z j x) (↑which) i
/home/dombarker/project-offloads/aspis-r57-lean-src-20260929-a/AspisV8R19/R374SingleCoordinateDegree.lean:121:79: warning: This simp argument is unused:
  line_eval

Hint: Omit it from the simp argument list.
  simp only [tensor, ̲map_prod, ̲apply_ite, ̲map_sub, ̲map_one, ̲ResidualModel.map_point,̵l̵i̵n̵e̵_̵e̵v̵a̵l̵]

Note: This linter can be disabled with `set_option linter.unusedSimpArgs false`
'AspisR19.R374SingleCoordinateDegree.line_eval' depends on axioms: [propext, Classical.choice, Quot.sound]
'AspisR19.R374SingleCoordinateDegree.line_degree' depends on axioms: [propext, Classical.choice, Quot.sound]
'AspisR19.R374SingleCoordinateDegree.carry_degree' depends on axioms: [propext, sorryAx, Classical.choice, Quot.sound]
'AspisR19.R374SingleCoordinateDegree.point_degree' depends on axioms: [propext, sorryAx, Classical.choice, Quot.sound]
'AspisR19.R374SingleCoordinateDegree.tensor_degree' depends on axioms: [propext, sorryAx, Classical.choice, Quot.sound]
'AspisR19.R374SingleCoordinateDegree.claim_degree' depends on axioms: [propext, sorryAx, Classical.choice, Quot.sound]
'AspisR19.R374SingleCoordinateDegree.claim_eval' depends on axioms: [propext, sorryAx, Classical.choice, Quot.sound]
Command exited with non-zero status 1
	Command being timed: "/home/dombarker/.elan/bin/lake --dir /home/dombarker/project-offloads/aspis-r126-release-20260930-a/focus-workspace env lean -j1 -M4500 -R /home/dombarker/project-offloads/aspis-r57-lean-src-20260929-a -o /home/dombarker/project-offloads/aspis-r126-release-20260930-a/lib/AspisV8R19/R374SingleCoordinateDegree.olean /home/dombarker/project-offloads/aspis-r57-lean-src-20260929-a/AspisV8R19/R374SingleCoordinateDegree.lean"
	User time (seconds): 1.00
	System time (seconds): 0.21
	Percent of CPU this job got: 101%
	Elapsed (wall clock) time (h:mm:ss or m:ss): 0:01.19
	Average shared text size (kbytes): 0
	Average unshared data size (kbytes): 0
	Average stack size (kbytes): 0
	Average total size (kbytes): 0
	Maximum resident set size (kbytes): 2289056
	Average resident set size (kbytes): 0
	Major (requiring I/O) page faults: 2
	Minor (reclaiming a frame) page faults: 53389
	Voluntary context switches: 929
	Involuntary context switches: 33
	Swaps: 0
	File system inputs: 192
	File system outputs: 0
	Socket messages sent: 0
	Socket messages received: 0
	Signals delivered: 0
	Page size (bytes): 4096
	Exit status: 1
Finished with result: exit-code
Main processes terminated with: code=exited/status=1
Service runtime: 1.226s
CPU time consumed: 1.248s
Memory peak: 548.0K
Memory swap peak: 0B
