Warning: Permanently added '100.108.41.90' (ED25519) to the list of known hosts.
Running as unit: aspis-focus-1790950557589827000.service; invocation ID: 86ec1b74dcad4a5bb9c4bc36248cee6c
/home/dombarker/project-offloads/aspis-r57-lean-src-20260929-a/AspisV8R19/R374SingleCoordinateDegree.lean:19:34: warning: This simp argument is unused:
  Function.update_apply

Hint: Omit it from the simp argument list.
  simp [̵l̵i̵n̵e̵,̵F̵u̵n̵c̵t̵i̵o̵n̵.̵u̵p̵d̵a̵t̵e̵_̵a̵p̵p̵l̵y̵,̵h̵]̵[̲l̲i̲n̲e̲,̲ ̲h̲]̲

Note: This linter can be disabled with `set_option linter.unusedSimpArgs false`
/home/dombarker/project-offloads/aspis-r57-lean-src-20260929-a/AspisV8R19/R374SingleCoordinateDegree.lean:23:34: warning: This simp argument is unused:
  Function.update_apply

Hint: Omit it from the simp argument list.
  simp [̵l̵i̵n̵e̵,̵F̵u̵n̵c̵t̵i̵o̵n̵.̵u̵p̵d̵a̵t̵e̵_̵a̵p̵p̵l̵y̵,̵h̵]̵[̲l̲i̲n̲e̲,̲ ̲h̲]̲

Note: This linter can be disabled with `set_option linter.unusedSimpArgs false`
/home/dombarker/project-offloads/aspis-r57-lean-src-20260929-a/AspisV8R19/R374SingleCoordinateDegree.lean:47:22: warning: This simp argument is unused:
  Function.update_apply

Hint: Omit it from the simp argument list.
  simp [̵h̵k̵,̵l̵i̵n̵e̵,̵F̵u̵n̵c̵t̵i̵o̵n̵.̵u̵p̵d̵a̵t̵e̵_̵a̵p̵p̵l̵y̵,̵h̵k̵j̵]̵[̲h̲k̲,̲ ̲l̲i̲n̲e̲,̲ ̲h̲k̲j̲]̲

Note: This linter can be disabled with `set_option linter.unusedSimpArgs false`
/home/dombarker/project-offloads/aspis-r57-lean-src-20260929-a/AspisV8R19/R374SingleCoordinateDegree.lean:80:10: error(lean.unknownIdentifier): Unknown identifier `natDegree_sub_le_of_degree_le`
/home/dombarker/project-offloads/aspis-r57-lean-src-20260929-a/AspisV8R19/R374SingleCoordinateDegree.lean:82:10: error(lean.unknownIdentifier): Unknown identifier `natDegree_sub_le_of_degree_le`
/home/dombarker/project-offloads/aspis-r57-lean-src-20260929-a/AspisV8R19/R374SingleCoordinateDegree.lean:94:14: error(lean.unknownIdentifier): Unknown identifier `natDegree_sub_le_of_degree_le`
'AspisR19.R374SingleCoordinateDegree.line_eval' depends on axioms: [propext, Classical.choice, Quot.sound]
'AspisR19.R374SingleCoordinateDegree.line_degree' depends on axioms: [propext, Classical.choice, Quot.sound]
'AspisR19.R374SingleCoordinateDegree.carry_degree' depends on axioms: [propext, Classical.choice, Quot.sound]
'AspisR19.R374SingleCoordinateDegree.point_degree' depends on axioms: [propext, sorryAx, Classical.choice, Quot.sound]
'AspisR19.R374SingleCoordinateDegree.tensor_degree' depends on axioms: [propext, sorryAx, Classical.choice, Quot.sound]
'AspisR19.R374SingleCoordinateDegree.claim_degree' depends on axioms: [propext, sorryAx, Classical.choice, Quot.sound]
'AspisR19.R374SingleCoordinateDegree.claim_eval' depends on axioms: [propext, Classical.choice, Quot.sound]
Command exited with non-zero status 1
	Command being timed: "/home/dombarker/.elan/bin/lake --dir /home/dombarker/project-offloads/aspis-r126-release-20260930-a/focus-workspace env lean -j1 -M4500 -R /home/dombarker/project-offloads/aspis-r57-lean-src-20260929-a -o /home/dombarker/project-offloads/aspis-r126-release-20260930-a/lib/AspisV8R19/R374SingleCoordinateDegree.olean /home/dombarker/project-offloads/aspis-r57-lean-src-20260929-a/AspisV8R19/R374SingleCoordinateDegree.lean"
	User time (seconds): 0.92
	System time (seconds): 0.23
	Percent of CPU this job got: 100%
	Elapsed (wall clock) time (h:mm:ss or m:ss): 0:01.15
	Average shared text size (kbytes): 0
	Average unshared data size (kbytes): 0
	Average stack size (kbytes): 0
	Average total size (kbytes): 0
	Maximum resident set size (kbytes): 2291548
	Average resident set size (kbytes): 0
	Major (requiring I/O) page faults: 0
	Minor (reclaiming a frame) page faults: 53088
	Voluntary context switches: 985
	Involuntary context switches: 44
	Swaps: 0
	File system inputs: 0
	File system outputs: 0
	Socket messages sent: 0
	Socket messages received: 0
	Signals delivered: 0
	Page size (bytes): 4096
	Exit status: 1
Finished with result: exit-code
Main processes terminated with: code=exited/status=1
Service runtime: 1.185s
CPU time consumed: 1.190s
Memory peak: 256.0K
Memory swap peak: 0B
