info: r49_focused: no previous manifest, creating one from scratch
info: toolchain not updated; already up-to-date
/home/dombarker/project-offloads/aspis-r49-lean-src-20260929-a/AspisV8R19/SourceFieldResidual.lean:18:0: warning: automatically included section variable(s) unused in theorem `AspisR19.SourceFieldResidual.weight_eq`:
  [NeZero 2]
consider restructuring your `variable` declarations so that the variables are not in scope or explicitly omit them:
  omit [NeZero 2] in theorem ...

Note: This linter can be disabled with `set_option linter.unusedSectionVars false`
/home/dombarker/project-offloads/aspis-r49-lean-src-20260929-a/AspisV8R19/SourceFieldResidual.lean:71:43: error: unexpected identifier after decimal point; consider parenthesizing the number
/home/dombarker/project-offloads/aspis-r49-lean-src-20260929-a/AspisV8R19/SourceFieldResidual.lean:79:8: warning: declaration uses `sorry`
/home/dombarker/project-offloads/aspis-r49-lean-src-20260929-a/AspisV8R19/SourceFieldResidual.lean:80:5: warning: Variable name `ht` is not explicitly referenced.

The binding can be removed (if unused) or named `_` (if used implicitly).

Note: This linter can be disabled with `set_option linter.unusedVariables false`
'AspisR19.SourceFieldResidual.weight_eq' depends on axioms: [propext, Classical.choice, Quot.sound]
'AspisR19.SourceFieldResidual.relation_eq' depends on axioms: [propext, Classical.choice, Quot.sound]
'AspisR19.SourceFieldResidual.point_eq' depends on axioms: [propext, Classical.choice, Quot.sound]
'AspisR19.SourceFieldResidual.observed_eq' depends on axioms: [propext, Classical.choice, Quot.sound]
'AspisR19.SourceFieldResidual.column_high' does not depend on any axioms
'AspisR19.SourceFieldResidual.matrix_equal' depends on axioms: [propext, sorryAx, Classical.choice, Quot.sound]
'AspisR19.SourceFieldResidual.det_ne_zero' depends on axioms: [propext, sorryAx, Classical.choice, Quot.sound]
'AspisR19.SourceFieldResidual.exact_qm31' depends on axioms: [propext, sorryAx, Classical.choice, Quot.sound]
Command exited with non-zero status 1
	Command being timed: "/home/dombarker/.elan/bin/lake env lean -R /home/dombarker/project-offloads/aspis-r49-lean-src-20260929-a -o /home/dombarker/project-offloads/aspis-r49-lean-20260929-i/lib/AspisV8R19/SourceFieldResidual.olean /home/dombarker/project-offloads/aspis-r49-lean-src-20260929-a/AspisV8R19/SourceFieldResidual.lean"
	User time (seconds): 1.17
	System time (seconds): 0.39
	Percent of CPU this job got: 124%
	Elapsed (wall clock) time (h:mm:ss or m:ss): 0:01.25
	Average shared text size (kbytes): 0
	Average unshared data size (kbytes): 0
	Average stack size (kbytes): 0
	Average total size (kbytes): 0
	Maximum resident set size (kbytes): 2465780
	Average resident set size (kbytes): 0
	Major (requiring I/O) page faults: 0
	Minor (reclaiming a frame) page faults: 56736
	Voluntary context switches: 4787
	Involuntary context switches: 62
	Swaps: 0
	File system inputs: 0
	File system outputs: 40
	Socket messages sent: 0
	Socket messages received: 0
	Signals delivered: 0
	Page size (bytes): 4096
	Exit status: 1
