Warning: Permanently added '100.108.41.90' (ED25519) to the list of known hosts.
Running as unit: aspis-focus-1790964080974562000.service; invocation ID: ea968dbec101460499a72558c1cc03d3
/home/dombarker/project-offloads/aspis-r57-lean-src-20260929-a/AspisV8R19/R415InterpolationExecution.lean:52:44: error: unsolved goals
w0 w1 w2 c0 c1 c2 : M31Exact
⊢ ok (encodeBase (w0 * c0 + w1 * c1 + w2 * c2)) =
    ok (encodeBase ↑(ZMod.val w0 * ZMod.val c0 + ZMod.val w1 * ZMod.val c1 + ZMod.val w2 * ZMod.val c2))
'AspisR403InterpolateThreeLimb.aspis_statement.state_only_poseidon.interpolate_three_constant_limb' depends on axioms: [propext,
 Classical.choice,
 Quot.sound]
'AspisV8R19.R415InterpolationExecution.reducer_eq_frozen' depends on axioms: [propext, Classical.choice, Quot.sound]
'AspisV8R19.R415InterpolationExecution.from_encode' depends on axioms: [propext, Quot.sound]
'AspisV8R19.R415InterpolationExecution.accumulator_bound' depends on axioms: [propext, Quot.sound]
'AspisV8R19.R415InterpolationExecution.interpolation_raw' depends on axioms: [propext, Classical.choice, Quot.sound]
'AspisV8R19.R415InterpolationExecution.interpolation_exact' depends on axioms: [propext,
 sorryAx,
 Classical.choice,
 Quot.sound]
Command exited with non-zero status 1
	Command being timed: "/home/dombarker/.elan/bin/lake --dir /home/dombarker/project-offloads/aspis-r126-release-20260930-a/focus-workspace env lean -j1 -M4500 -R /home/dombarker/project-offloads/aspis-r57-lean-src-20260929-a -o /home/dombarker/project-offloads/aspis-r126-release-20260930-a/lib/AspisV8R19/R415InterpolationExecution.olean /home/dombarker/project-offloads/aspis-r57-lean-src-20260929-a/AspisV8R19/R415InterpolationExecution.lean"
	User time (seconds): 1.05
	System time (seconds): 0.40
	Percent of CPU this job got: 99%
	Elapsed (wall clock) time (h:mm:ss or m:ss): 0:01.46
	Average shared text size (kbytes): 0
	Average unshared data size (kbytes): 0
	Average stack size (kbytes): 0
	Average total size (kbytes): 0
	Maximum resident set size (kbytes): 3699876
	Average resident set size (kbytes): 0
	Major (requiring I/O) page faults: 4
	Minor (reclaiming a frame) page faults: 86417
	Voluntary context switches: 530
	Involuntary context switches: 74
	Swaps: 0
	File system inputs: 1136
	File system outputs: 0
	Socket messages sent: 0
	Socket messages received: 0
	Signals delivered: 0
	Page size (bytes): 4096
	Exit status: 1
Finished with result: exit-code
Main processes terminated with: code=exited/status=1
Service runtime: 1.488s
CPU time consumed: 1.487s
Memory peak: 256.0K
Memory swap peak: 0B
