Warning: Permanently added '100.108.41.90' (ED25519) to the list of known hosts.
Running as unit: aspis-focus-1791016921295247000.service; invocation ID: db33a8db50e54ec3aae49416031b335d
/home/dombarker/project-offloads/aspis-r57-lean-src-20260929-a/AspisV8R19/R453SourceFirstLimbLaw.lean:22:13: error: Invalid simp theorem: Expected a proposition, but found
  (x_0 x_1 x_2 x_3 : Type) → Program x_0 x_1 x_2 → (x_2 → Program x_0 x_1 x_3) → Program x_0 x_1 x_3
/home/dombarker/project-offloads/aspis-r57-lean-src-20260929-a/AspisV8R19/R453SourceFirstLimbLaw.lean:22:2: error: `simp` made no progress
/home/dombarker/project-offloads/aspis-r57-lean-src-20260929-a/AspisV8R19/R453SourceFirstLimbLaw.lean:48:13: warning: This simp argument is unused:
  lazyMean

Hint: Omit it from the simp argument list.
  simp only ̵[̵l̵a̵z̵y̵M̵e̵a̵n̵]̵

Note: This linter can be disabled with `set_option linter.unusedSimpArgs false`
'AspisV8R19.R453SourceFirstLimbLaw.firstLimbProgram_shape' depends on axioms: [propext, sorryAx, Quot.sound]
'AspisV8R19.R453SourceFirstLimbLaw.first_limb_lazy_mean' depends on axioms: [propext,
 sorryAx,
 Classical.choice,
 Quot.sound]
'AspisV8R19.R453SourceFirstLimbLaw.first_limb_lazy_failure' depends on axioms: [propext,
 sorryAx,
 Classical.choice,
 Quot.sound]
Command exited with non-zero status 1
	Command being timed: "/home/dombarker/.elan/bin/lake --dir /home/dombarker/project-offloads/aspis-r126-release-20260930-a/focus-workspace env lean -j1 -M4500 -R /home/dombarker/project-offloads/aspis-r57-lean-src-20260929-a -o /home/dombarker/project-offloads/aspis-r126-release-20260930-a/lib/AspisV8R19/R453SourceFirstLimbLaw.olean /home/dombarker/project-offloads/aspis-r57-lean-src-20260929-a/AspisV8R19/R453SourceFirstLimbLaw.lean"
	User time (seconds): 0.92
	System time (seconds): 0.36
	Percent of CPU this job got: 100%
	Elapsed (wall clock) time (h:mm:ss or m:ss): 0:01.29
	Average shared text size (kbytes): 0
	Average unshared data size (kbytes): 0
	Average stack size (kbytes): 0
	Average total size (kbytes): 0
	Maximum resident set size (kbytes): 3216768
	Average resident set size (kbytes): 0
	Major (requiring I/O) page faults: 1
	Minor (reclaiming a frame) page faults: 76718
	Voluntary context switches: 448
	Involuntary context switches: 49
	Swaps: 0
	File system inputs: 168
	File system outputs: 0
	Socket messages sent: 0
	Socket messages received: 0
	Signals delivered: 0
	Page size (bytes): 4096
	Exit status: 1
Finished with result: exit-code
Main processes terminated with: code=exited/status=1
Service runtime: 1.317s
CPU time consumed: 1.318s
Memory peak: 292.0K
Memory swap peak: 0B
