Running as unit: aspis-r20-clean-b-wire-20260922.scope; invocation ID: d433c779f3214836840a77df5c6045d2
{"passed": 3281, "canonical_positions": 2796, "old_profiles": 0}
	Command being timed: "python3 /home/dombarker/project-offloads/aspis-r19-channel-20260921-c/check_r19_wire_controls.py --binary /home/dombarker/project-offloads/aspis-r20-clean-20260922-b/host-b/r19-host --fixture /home/dombarker/project-offloads/aspis-r19-channel-20260921-c/host-c/fixture-world0 --output /home/dombarker/project-offloads/aspis-r20-clean-20260922-b/wire-controls-b"
	User time (seconds): 3.78
	System time (seconds): 2.12
	Percent of CPU this job got: 104%
	Elapsed (wall clock) time (h:mm:ss or m:ss): 0:05.64
	Average shared text size (kbytes): 0
	Average unshared data size (kbytes): 0
	Average stack size (kbytes): 0
	Average total size (kbytes): 0
	Maximum resident set size (kbytes): 19712
	Average resident set size (kbytes): 0
	Major (requiring I/O) page faults: 0
	Minor (reclaiming a frame) page faults: 395560
	Voluntary context switches: 13128
	Involuntary context switches: 979
	Swaps: 0
	File system inputs: 0
	File system outputs: 263064
	Socket messages sent: 0
	Socket messages received: 0
	Signals delivered: 0
	Page size (bytes): 4096
	Exit status: 0
