Warning: Permanently added '100.108.41.90' (ED25519) to the list of known hosts.
Running as unit: aspis-focus-1791116313403528000.service; invocation ID: bb8cce969cff4984ba0e6f125ead064e
/home/dombarker/project-offloads/aspis-r57-lean-src-20260929-a/AspisV8R19/R616MixedLimbExecution.lean:72:73: warning: 'omega' tactic does nothing

Note: This linter can be disabled with `set_option linter.unusedTactic false`
/home/dombarker/project-offloads/aspis-r57-lean-src-20260929-a/AspisV8R19/R616MixedLimbExecution.lean:72:73: warning: this tactic is never executed

Note: This linter can be disabled with `set_option linter.unreachableTactic false`
/home/dombarker/project-offloads/aspis-r57-lean-src-20260929-a/AspisV8R19/R616MixedLimbExecution.lean:163:16: warning: Variable name `hpartition` is not explicitly referenced.

The binding can be removed (if unused) or named `_` (if used implicitly).

Note: This linter can be disabled with `set_option linter.unusedVariables false`
/home/dombarker/project-offloads/aspis-r57-lean-src-20260929-a/AspisV8R19/R616MixedLimbExecution.lean:163:28: warning: Variable name `hrem` is not explicitly referenced.

The binding can be removed (if unused) or named `_` (if used implicitly).

Note: This linter can be disabled with `set_option linter.unusedVariables false`
/home/dombarker/project-offloads/aspis-r57-lean-src-20260929-a/AspisV8R19/R616MixedLimbExecution.lean:202:15: warning: Variable name `hquot` is not explicitly referenced.

The binding can be removed (if unused) or named `_` (if used implicitly).

Note: This linter can be disabled with `set_option linter.unusedVariables false`
/home/dombarker/project-offloads/aspis-r57-lean-src-20260929-a/AspisV8R19/R616MixedLimbExecution.lean:203:15: warning: Variable name `hrem` is not explicitly referenced.

The binding can be removed (if unused) or named `_` (if used implicitly).

Note: This linter can be disabled with `set_option linter.unusedVariables false`
/home/dombarker/project-offloads/aspis-r57-lean-src-20260929-a/AspisV8R19/R616MixedLimbExecution.lean:230:10: warning: 'change 16 * (j.val / 4) + 4 * slot.val + j.val % 4 < 48' tactic does nothing

Note: This linter can be disabled with `set_option linter.unusedTactic false`
/home/dombarker/project-offloads/aspis-r57-lean-src-20260929-a/AspisV8R19/R616MixedLimbExecution.lean:458:21: warning: Variable name `hquot` is not explicitly referenced.

The binding can be removed (if unused) or named `_` (if used implicitly).

Note: This linter can be disabled with `set_option linter.unusedVariables false`
/home/dombarker/project-offloads/aspis-r57-lean-src-20260929-a/AspisV8R19/R616MixedLimbExecution.lean:459:21: warning: Variable name `hrem` is not explicitly referenced.

The binding can be removed (if unused) or named `_` (if used implicitly).

Note: This linter can be disabled with `set_option linter.unusedVariables false`
/home/dombarker/project-offloads/aspis-r57-lean-src-20260929-a/AspisV8R19/R616MixedLimbExecution.lean:624:2: warning: 'change (U64.wrapping_mul (UScalar.cast .U64 a) (UScalar.cast .U64 b)).val = _' tactic does nothing

Note: This linter can be disabled with `set_option linter.unusedTactic false`
/home/dombarker/project-offloads/aspis-r57-lean-src-20260929-a/AspisV8R19/R616MixedLimbExecution.lean:835:2: warning: try 'simp' instead of 'simpa'

Note: This linter can be disabled with `set_option linter.unnecessarySimpa false`
/home/dombarker/project-offloads/aspis-r57-lean-src-20260929-a/AspisV8R19/R616MixedLimbExecution.lean:1402:123: warning: Used `tac1 <;> tac2` where `(tac1; tac2)` would suffice

Note: This linter can be disabled with `set_option linter.unnecessarySeqFocus false`
/home/dombarker/project-offloads/aspis-r57-lean-src-20260929-a/AspisV8R19/R616MixedLimbExecution.lean:1403:123: warning: Used `tac1 <;> tac2` where `(tac1; tac2)` would suffice

Note: This linter can be disabled with `set_option linter.unnecessarySeqFocus false`
/home/dombarker/project-offloads/aspis-r57-lean-src-20260929-a/AspisV8R19/R616MixedLimbExecution.lean:1404:123: warning: Used `tac1 <;> tac2` where `(tac1; tac2)` would suffice

Note: This linter can be disabled with `set_option linter.unnecessarySeqFocus false`
/home/dombarker/project-offloads/aspis-r57-lean-src-20260929-a/AspisV8R19/R6Finished with result: success
Main processes terminated with: code=killed/status=TERM
Service runtime: 5min 52.562s
CPU time consumed: 5min 52.537s
Memory peak: 843.4M
Memory swap peak: 0B
