Warning: Permanently added '100.108.41.90' (ED25519) to the list of known hosts.
Running as unit: aspis-focus-1791168091125062000-852b9275d97b.service; invocation ID: 27a11b7cac5a4746ae479028a2848180
/home/dombarker/project-offloads/aspis-r57-lean-src-20260929-a/AspisV8R19/R875AugmentedSemanticMatrixHom.lean:38:0: warning: automatically included section variable(s) unused in theorem `AspisV8R19.R875AugmentedSemanticMatrixHom.map_indexedBasis`:
  [NeZero 2]
  [NeZero 2]
consider restructuring your `variable` declarations so that the variables are not in scope or explicitly omit them:
  omit [NeZero 2] [NeZero 2] in theorem ...

Note: This linter can be disabled with `set_option linter.unusedSectionVars false`
/home/dombarker/project-offloads/aspis-r57-lean-src-20260929-a/AspisV8R19/R875AugmentedSemanticMatrixHom.lean:51:0: warning: automatically included section variable(s) unused in theorem `AspisV8R19.R875AugmentedSemanticMatrixHom.map_rawObservation_indexedDirection`:
  [NeZero 2]
  [NeZero 2]
consider restructuring your `variable` declarations so that the variables are not in scope or explicitly omit them:
  omit [NeZero 2] [NeZero 2] in theorem ...

Note: This linter can be disabled with `set_option linter.unusedSectionVars false`
/home/dombarker/project-offloads/aspis-r57-lean-src-20260929-a/AspisV8R19/R875AugmentedSemanticMatrixHom.lean:99:22: warning: Local variable 'unit' resembles constructor 'PUnit.unit' - write '.unit' (with a dot) or 'PUnit.unit' to use the constructor.

Note: This linter can be disabled with `set_option linter.constructorNameAsVariable false`
/home/dombarker/project-offloads/aspis-r57-lean-src-20260929-a/AspisV8R19/R875AugmentedSemanticMatrixHom.lean:99:51: warning: Local variable 'unit' resembles constructor 'PUnit.unit' - write '.unit' (with a dot) or 'PUnit.unit' to use the constructor.

Note: This linter can be disabled with `set_option linter.constructorNameAsVariable false`
'AspisV8R19.R875AugmentedSemanticMatrixHom.map_indexedBasis' depends on axioms: [propext, Quot.sound]
'AspisV8R19.R875AugmentedSemanticMatrixHom.map_indexedDirection' depends on axioms: [propext,
 Classical.choice,
 Quot.sound]
'AspisV8R19.R875AugmentedSemanticMatrixHom.map_rawObservation_indexedDirection' depends on axioms: [propext,
 Classical.choice,
 Quot.sound]
'AspisV8R19.R875AugmentedSemanticMatrixHom.map_semanticEntry' depends on axioms: [propext, Classical.choice, Quot.sound]
'AspisV8R19.R875AugmentedSemanticMatrixHom.map_augmentedMatrix' depends on axioms: [propext,
 Classical.choice,
 Quot.sound]
'AspisV8R19.R875AugmentedSemanticMatrixHom.map_augmentedMatrix_det' depends on axioms: [propext,
 Classical.choice,
 Quot.sound]
	Command being timed: "/home/dombarker/.elan/bin/lake --dir /home/dombarker/project-offloads/aspis-r126-release-20260930-a/focus-workspace env lean -j1 -M4500 -R /home/dombarker/project-offloads/aspis-r57-lean-src-20260929-a -o /home/dombarker/project-offloads/aspis-r126-release-20260930-a/lib/AspisV8R19/R875AugmentedSemanticMatrixHom.olean /home/dombarker/project-offloads/aspis-r57-lean-src-20260929-a/AspisV8R19/R875AugmentedSemanticMatrixHom.lean"
	User time (seconds): 1.80
	System time (seconds): 0.35
	Percent of CPU this job got: 100%
	Elapsed (wall clock) time (h:mm:ss or m:ss): 0:02.14
	Average shared text size (kbytes): 0
	Average unshared data size (kbytes): 0
	Average stack size (kbytes): 0
	Average total size (kbytes): 0
	Maximum resident set size (kbytes): 3315360
	Average resident set size (kbytes): 0
	Major (requiring I/O) page faults: 0
	Minor (reclaiming a frame) page faults: 78886
	Voluntary context switches: 1212
	Involuntary context switches: 65
	Swaps: 0
	File system inputs: 0
	File system outputs: 576
	Socket messages sent: 0
	Socket messages received: 0
	Signals delivered: 0
	Page size (bytes): 4096
	Exit status: 0
Finished with result: success
Main processes terminated with: code=exited/status=0
Service runtime: 2.176s
CPU time consumed: 2.183s
Memory peak: 512.0K
Memory swap peak: 0B
