Warning: Permanently added '100.108.41.90' (ED25519) to the list of known hosts.
Running as unit: aspis-focus-1790939568224309000.service; invocation ID: 0773253d4df24ca5ba03cd457318f3cb
/home/dombarker/project-offloads/aspis-r57-lean-src-20260929-a/AspisV8R19/R350AfterGuardsExecution.lean:39:72: error: Ambiguous term
  VecU32
Possible interpretations:
  AspisR340BatchOutputRaw.VecU32 : Type
  
  R311BatchReverseLoopExecution.VecU32 : Type
/home/dombarker/project-offloads/aspis-r57-lean-src-20260929-a/AspisV8R19/R350AfterGuardsExecution.lean:45:8: warning: declaration uses `sorry`
/home/dombarker/project-offloads/aspis-r57-lean-src-20260929-a/AspisV8R19/R350AfterGuardsExecution.lean:46:30: warning: Variable name `hy` is not explicitly referenced.

The binding can be removed (if unused) or named `_` (if used implicitly).

Note: This linter can be disabled with `set_option linter.unusedVariables false`
/home/dombarker/project-offloads/aspis-r57-lean-src-20260929-a/AspisV8R19/R350AfterGuardsExecution.lean:48:5: warning: Variable name `hg` is not explicitly referenced.

The binding can be removed (if unused) or named `_` (if used implicitly).

Note: This linter can be disabled with `set_option linter.unusedVariables false`
/home/dombarker/project-offloads/aspis-r57-lean-src-20260929-a/AspisV8R19/R350AfterGuardsExecution.lean:65:2: warning: 'dsimp only' tactic does nothing

Note: This linter can be disabled with `set_option linter.unusedTactic false`
/home/dombarker/project-offloads/aspis-r57-lean-src-20260929-a/AspisV8R19/R350AfterGuardsExecution.lean:66:2: warning: 'by_cases hz :
  sourcePrefixValue f (xs.val.length - 1) * sourcePrefixValue g (ys.val.length - 1) = 0' tactic does nothing

Note: This linter can be disabled with `set_option linter.unusedTactic false`
/home/dombarker/project-offloads/aspis-r57-lean-src-20260929-a/AspisV8R19/R350AfterGuardsExecution.lean:68:2: warning: '·
  rw [if_pos hz]
  simp only [bind_tc_fail]' tactic does nothing

Note: This linter can be disabled with `set_option linter.unusedTactic false`
/home/dombarker/project-offloads/aspis-r57-lean-src-20260929-a/AspisV8R19/R350AfterGuardsExecution.lean:70:2: warning: '·
  rw [if_neg hz]
  simp only [bind_tc_ok]
  rw [selectedOutput0_model xs px f (sourcePrefixValue f) _ hx (fun j _ hj => hf j hj) (fun j hj => hpx j (by omega))]
  simp only [bind_tc_ok]
  rw [selectedOutput1_model ys py g (sourcePrefixValue g) _ hy (fun j _ hj => hg j hj) (fun j hj => hpy j (by omega))]
  simp only [bind_tc_ok]
  rfl' tactic does nothing

Note: This linter can be disabled with `set_option linter.unusedTactic false`
/home/dombarker/project-offloads/aspis-r57-lean-src-20260929-a/AspisV8R19/R350AfterGuardsExecution.lean:66:2: warning: this tactic is never executed

Note: This linter can be disabled with `set_option linter.unreachableTactic false`
/home/dombarker/project-offloads/aspis-r57-lean-src-20260929-a/AspisV8R19/R350AfterGuardsExecution.lean:68:2: warning: this tactic is never executed

Note: This linter can be disabled with `set_option linter.unreachableTactic false`
/home/dombarker/project-offloads/aspis-r57-lean-src-20260929-a/AspisV8R19/R350AfterGuardsExecution.lean:70:2: warning: this tactic is never executed

Note: This linter can be disabled with `set_option linter.unreachableTactic false`
'AspisV8R19.R350AfterGuardsExecution.after_guards_decomposition' depends on axioms: [propext,
 Classical.choice,
 Quot.sound]
'AspisV8R19.R350AfterGuardsExecution.sourceOutput' depends on axioms: [propext, sorryAx, Classical.choice, Quot.sound]
'AspisV8R19.R350AfterGuardsExecution.after_guards_complete' depends on axioms: [propext,
 sorryAx,
 Classical.choice,
 Quot.sound]
Command exited with non-zero status 1
	Command being timed: "/home/dombarker/.elan/bin/lake --dir /home/dombarker/project-offloads/aspis-r126-release-20260930-a/focus-workspace env lean -j1 -M4500 -R /home/dombarker/project-offloads/aspis-r57-lean-src-20260929-a -o /home/dombarker/project-offloads/aspis-r126-release-20260930-a/lib/AspisV8R19/R350AfterGuardsExecution.olean /home/dombarker/project-offloads/aspis-r57-lean-src-20260929-a/AspisV8R19/R350AfterGuardsExecution.lean"
	User time (seconds): 1.14
	System time (seconds): 0.36
	Percent of CPU this job got: 100%
	Elapsed (wall clock) time (h:mm:ss or m:ss): 0:01.50
	Average shared text size (kbytes): 0
	Average unshared data size (kbytes): 0
	Average stack size (kbytes): 0
	Average total size (kbytes): 0
	Maximum resident set size (kbytes): 3698596
	Average resident set size (kbytes): 0
	Major (requiring I/O) page faults: 0
	Minor (reclaiming a frame) page faults: 86240
	Voluntary context switches: 584
	Involuntary context switches: 58
	Swaps: 0
	File system inputs: 0
	File system outputs: 0
	Socket messages sent: 0
	Socket messages received: 0
	Signals delivered: 0
	Page size (bytes): 4096
	Exit status: 1
Finished with result: exit-code
Main processes terminated with: code=exited/status=1
Service runtime: 1.529s
CPU time consumed: 1.534s
Memory peak: 328.0K
Memory swap peak: 0B
