Warning: Permanently added '100.108.41.90' (ED25519) to the list of known hosts.
Running as unit: aspis-focus-1791104677086266000.service; invocation ID: f6d4b4ff13c941f4883a294c588aef11
/home/dombarker/project-offloads/aspis-r57-lean-src-20260929-a/AspisV8R19/R623PackedDecoderExecution.lean:70:4: warning: This simp argument is unused:
  core.iter.traits.iterator.IteratorChunksExact

Hint: Omit it from the simp argument list.
  simp [query_arithmetic.r55_decode_into_loop0.body, chunkIter,
      core.iter.adapters.enumerate.IteratorEnumerate.next, c̵o̵r̵e̵.̵i̵t̵e̵r̵.̵t̵r̵a̵i̵t̵s̵.̵i̵t̵e̵r̵a̵t̵o̵r̵.̵I̵t̵e̵r̵a̵t̵o̵r̵C̵h̵u̵n̵k̵s̵E̵x̵a̵c̵t̵,̵core.slice.iter.IteratorChunksExact.next]

Note: This linter can be disabled with `set_option linter.unusedSimpArgs false`
/home/dombarker/project-offloads/aspis-r57-lean-src-20260929-a/AspisV8R19/R623PackedDecoderExecution.lean:82:4: warning: This simp argument is unused:
  core.iter.traits.iterator.IteratorChunksExact

Hint: Omit it from the simp argument list.
  simp only [query_arithmetic.r55_decode_into_loop0.body, chunkIter,
      core.iter.adapters.enumerate.IteratorEnumerate.next, c̵o̵r̵e̵.̵i̵t̵e̵r̵.̵t̵r̵a̵i̵t̵s̵.̵i̵t̵e̵r̵a̵t̵o̵r̵.̵I̵t̵e̵r̵a̵t̵o̵r̵C̵h̵u̵n̵k̵s̵E̵x̵a̵c̵t̵,̵core.slice.iter.IteratorChunksExact.next,
      bind_tc_ok]

Note: This linter can be disabled with `set_option linter.unusedSimpArgs false`
/home/dombarker/project-offloads/aspis-r57-lean-src-20260929-a/AspisV8R19/R623PackedDecoderExecution.lean:87:34: warning: This simp argument is unused:
  bind_assoc_eq

Hint: Omit it from the simp argument list.
  simp [decodeBlock,̵ ̵b̵i̵n̵d̵_̵a̵s̵s̵o̵c̵_̵e̵q̵]

Note: This linter can be disabled with `set_option linter.unusedSimpArgs false`
/home/dombarker/project-offloads/aspis-r57-lean-src-20260929-a/AspisV8R19/R623PackedDecoderExecution.lean:117:36: error: Ambiguous term
  Error
Possible interpretations:
  AspisR614SelectedCombineBeta.Error : Type
  
  Std.Error : Type
/home/dombarker/project-offloads/aspis-r57-lean-src-20260929-a/AspisV8R19/R623PackedDecoderExecution.lean:152:47: warning: declaration uses `sorry`
'AspisV8R19.R623PackedDecoderExecution.decoder_outer_exact' does not depend on any axioms
'AspisV8R19.R623PackedDecoderExecution.body_nil' depends on axioms: [propext,
 Classical.choice,
 Quot.sound,
 core.fmt.Formatter]
'AspisV8R19.R623PackedDecoderExecution.body_cons' depends on axioms: [propext,
 Classical.choice,
 Quot.sound,
 core.fmt.Formatter]
'AspisV8R19.R623PackedDecoderExecution.outer_loop_exact' depends on axioms: [propext,
 Classical.choice,
 Quot.sound,
 core.fmt.Formatter]
Command exited with non-zero status 1
	Command being timed: "/home/dombarker/.elan/bin/lake --dir /home/dombarker/project-offloads/aspis-r126-release-20260930-a/focus-workspace env lean -j1 -M4500 -R /home/dombarker/project-offloads/aspis-r57-lean-src-20260929-a -o /home/dombarker/project-offloads/aspis-r126-release-20260930-a/lib/AspisV8R19/R623PackedDecoderExecution.olean /home/dombarker/project-offloads/aspis-r57-lean-src-20260929-a/AspisV8R19/R623PackedDecoderExecution.lean"
	User time (seconds): 2.74
	System time (seconds): 0.40
	Percent of CPU this job got: 100%
	Elapsed (wall clock) time (h:mm:ss or m:ss): 0:03.15
	Average shared text size (kbytes): 0
	Average unshared data size (kbytes): 0
	Average stack size (kbytes): 0
	Average total size (kbytes): 0
	Maximum resident set size (kbytes): 3741584
	Average resident set size (kbytes): 0
	Major (requiring I/O) page faults: 0
	Minor (reclaiming a frame) page faults: 87086
	Voluntary context switches: 1193
	Involuntary context switches: 70
	Swaps: 0
	File system inputs: 0
	File system outputs: 0
	Socket messages sent: 0
	Socket messages received: 0
	Signals delivered: 0
	Page size (bytes): 4096
	Exit status: 1
Finished with result: exit-code
Main processes terminated with: code=exited/status=1
Service runtime: 3.188s
CPU time consumed: 3.190s
Memory peak: 512.0K
Memory swap peak: 0B
