Warning: Permanently added '100.108.41.90' (ED25519) to the list of known hosts.
Running as unit: aspis-focus-1791156998148799000-0fcc9a90066f.service; invocation ID: a43f99f733b44e8db025acfddc991a85
'AspisV8R19.R807SourceBlock13RowsChunk01.source_block13_row02' depends on axioms: [propext,
 Classical.choice,
 Quot.sound]
'AspisV8R19.R807SourceBlock13RowsChunk01.source_block13_row03' depends on axioms: [propext,
 Classical.choice,
 Quot.sound]
	Command being timed: "/home/dombarker/.elan/bin/lake --dir /home/dombarker/project-offloads/aspis-r126-release-20260930-a/focus-workspace env lean -j1 -M4500 -R /home/dombarker/project-offloads/aspis-r57-lean-src-20260929-a -o /home/dombarker/project-offloads/aspis-r126-release-20260930-a/lib/AspisV8R19/R807SourceBlock13RowsChunk01.olean /home/dombarker/project-offloads/aspis-r57-lean-src-20260929-a/AspisV8R19/R807SourceBlock13RowsChunk01.lean"
	User time (seconds): 2.78
	System time (seconds): 0.39
	Percent of CPU this job got: 99%
	Elapsed (wall clock) time (h:mm:ss or m:ss): 0:03.18
	Average shared text size (kbytes): 0
	Average unshared data size (kbytes): 0
	Average stack size (kbytes): 0
	Average total size (kbytes): 0
	Maximum resident set size (kbytes): 3479304
	Average resident set size (kbytes): 0
	Major (requiring I/O) page faults: 0
	Minor (reclaiming a frame) page faults: 80108
	Voluntary context switches: 287
	Involuntary context switches: 88
	Swaps: 0
	File system inputs: 0
	File system outputs: 168
	Socket messages sent: 0
	Socket messages received: 0
	Signals delivered: 0
	Page size (bytes): 4096
	Exit status: 0
Finished with result: success
Main processes terminated with: code=exited/status=0
Service runtime: 3.211s
CPU time consumed: 3.209s
Memory peak: 288.0K
Memory swap peak: 0B
