Running as unit: aspis-v8-complete-255-context-1788911807-3661974.scope; invocation ID: 4123bf923ca54aa9ab17c6c8349ea22e
Exported authoritative synthetic account context; no proof verified.
	Command being timed: "env NO_DNA=1 env ASPIS_V8_EXPORT_CONTEXT=/home/dombarker/project-offloads/aspis-v8-performance-20260908.scS2Jz/complete-max-transfer-255-v1/context /home/dombarker/project-offloads/aspis-v8-performance-20260908.scS2Jz/docs/research/v8-no-work-100-20260907/experiments/performance-svm/target/release/aspis-v7-pair-forest-combined-rejection /home/dombarker/project-offloads/aspis-v8-performance-20260908.scS2Jz/sbf-selected-pool/aspis_pool.so /home/dombarker/project-offloads/aspis-v8-performance-20260908.scS2Jz/sbf-complete-lazy/aspis_v8_complete_sbf.so /home/dombarker/project-offloads/aspis-v8-performance-20260908.scS2Jz/sbf-selected-registry/aspis_registry.so /home/dombarker/project-offloads/aspis-v8-performance-20260908.scS2Jz/sbf-complete/aspis_pair_forest_result_double.so /home/dombarker/project-offloads/aspis-v8-performance-20260908.scS2Jz/complete-max-transfer-255-v1/export-unused.json /home/dombarker/project-offloads/aspis-v8-performance-20260908.scS2Jz/complete-max-transfer-255-v1/no-proof-needed.bin success 1400000 asq8 255 transfer"
	User time (seconds): 0.00
	System time (seconds): 0.00
	Percent of CPU this job got: 90%
	Elapsed (wall clock) time (h:mm:ss or m:ss): 0:00.01
	Average shared text size (kbytes): 0
	Average unshared data size (kbytes): 0
	Average stack size (kbytes): 0
	Average total size (kbytes): 0
	Maximum resident set size (kbytes): 4224
	Average resident set size (kbytes): 0
	Major (requiring I/O) page faults: 0
	Minor (reclaiming a frame) page faults: 690
	Voluntary context switches: 0
	Involuntary context switches: 5
	Swaps: 0
	File system inputs: 0
	File system outputs: 24
	Socket messages sent: 0
	Socket messages received: 0
	Signals delivered: 0
	Page size (bytes): 4096
	Exit status: 0
