   Compiling nom v8.0.0
   Compiling hex v0.4.3
   Compiling litesvm v0.16.0
   Compiling aspis-r17-svm-probe v0.0.0 (/home/dombarker/project-offloads/aspis-r22-svm-20260922-d)
    Finished `release` profile [optimized] target(s) in 4.47s
	Command being timed: "/home/dombarker/.cargo/bin/cargo build --release --offline --locked --jobs 2 --manifest-path /home/dombarker/project-offloads/aspis-r22-svm-20260922-d/Cargo.toml"
	User time (seconds): 6.39
	System time (seconds): 0.48
	Percent of CPU this job got: 152%
	Elapsed (wall clock) time (h:mm:ss or m:ss): 0:04.50
	Average shared text size (kbytes): 0
	Average unshared data size (kbytes): 0
	Average stack size (kbytes): 0
	Average total size (kbytes): 0
	Maximum resident set size (kbytes): 339516
	Average resident set size (kbytes): 0
	Major (requiring I/O) page faults: 493
	Minor (reclaiming a frame) page faults: 236559
	Voluntary context switches: 5806
	Involuntary context switches: 180
	Swaps: 0
	File system inputs: 107552
	File system outputs: 59432
	Socket messages sent: 0
	Socket messages received: 0
	Signals delivered: 0
	Page size (bytes): 4096
	Exit status: 0
