error: cannot update the lock file /home/dombarker/project-offloads/aspis-r22-svm-20260922-a/Cargo.lock because --locked was passed to prevent this
help: to generate the lock file without accessing the network, remove the --locked flag and use --offline instead.
Command exited with non-zero status 101
	Command being timed: "/home/dombarker/.cargo/bin/cargo build --release --offline --locked --jobs 2 --manifest-path /home/dombarker/project-offloads/aspis-r22-svm-20260922-a/Cargo.toml"
	User time (seconds): 0.03
	System time (seconds): 0.02
	Percent of CPU this job got: 93%
	Elapsed (wall clock) time (h:mm:ss or m:ss): 0:00.06
	Average shared text size (kbytes): 0
	Average unshared data size (kbytes): 0
	Average stack size (kbytes): 0
	Average total size (kbytes): 0
	Maximum resident set size (kbytes): 55720
	Average resident set size (kbytes): 0
	Major (requiring I/O) page faults: 0
	Minor (reclaiming a frame) page faults: 10345
	Voluntary context switches: 89
	Involuntary context switches: 2
	Swaps: 0
	File system inputs: 1600
	File system outputs: 8
	Socket messages sent: 0
	Socket messages received: 0
	Signals delivered: 0
	Page size (bytes): 4096
	Exit status: 101
