Warning: Permanently added '100.108.41.90' (ED25519) to the list of known hosts.
Running as unit: aspis-focus-1791088950238009000.service; invocation ID: 511c80ae719040888c0f9f3ead92e8d0
/home/dombarker/project-offloads/aspis-r57-lean-src-20260929-a/R577NativeInnerSamplerExecution.lean:52:54: warning: This simp argument is unused:
  bind_assoc_eq

Hint: Omit it from the simp argument list.
  simp [toCurrentTranscript, fromCurrentTranscript, b̵i̵n̵d̵_̵a̵s̵s̵o̵c̵_̵e̵q̵,̵ ̵bind_tc_ok, Prod.fst, Prod.snd]

Note: This linter can be disabled with `set_option linter.unusedSimpArgs false`
/home/dombarker/project-offloads/aspis-r57-lean-src-20260929-a/R577NativeInnerSamplerExecution.lean:53:6: warning: This simp argument is unused:
  Prod.fst

Hint: Omit it from the simp argument list.
  simp [toCurrentTranscript, fromCurrentTranscript, bind_assoc_eq, bind_tc_ok,
  ̵  ̵ ̵ ̵ ̵ ̵Prod.f̵st̵,̵ ̵P̵r̵o̵d̵.̵s̵nd]

Note: This linter can be disabled with `set_option linter.unusedSimpArgs false`
/home/dombarker/project-offloads/aspis-r57-lean-src-20260929-a/R577NativeInnerSamplerExecution.lean:53:16: warning: This simp argument is unused:
  Prod.snd

Hint: Omit it from the simp argument list.
  simp [toCurrentTranscript, fromCurrentTranscript, bind_assoc_eq, bind_tc_ok,
  ̵  ̵ ̵ ̵ ̵ ̵Prod.fst,̵ ̵P̵r̵o̵d̵.̵s̵n̵d̵]

Note: This linter can be disabled with `set_option linter.unusedSimpArgs false`
/home/dombarker/project-offloads/aspis-r57-lean-src-20260929-a/R577NativeInnerSamplerExecution.lean:91:35: warning: This simp argument is unused:
  R137SamplerWordRead.sourceRead_success block 0#usize (by decide)

Hint: Omit it from the simp argument list.
  simp only [hs, bind_tc_ok, R137SamplerW̵o̵r̵d̵R̵e̵a̵d̵.̵s̵o̵u̵r̵c̵e̵R̵e̵a̵d̵_̵s̵u̵c̵c̵e̵s̵s̵
  ̵ ̵ ̵ ̵ ̵ ̵ ̵ ̵ ̵ ̵ ̵b̵l̵o̵c̵k̵ ̵0̵#̵u̵s̵i̵z̵e̵ ̵(̵b̵y̵ ̵d̵e̵c̵i̵d̵e̵)̵,̵ ̵R̵1̵3̵7̵S̵a̵m̵p̵l̵e̵r̵InnerStep.decideWord] at h

Note: This linter can be disabled with `set_option linter.unusedSimpArgs false`
/home/dombarker/project-offloads/aspis-r57-lean-src-20260929-a/R577NativeInnerSamplerExecution.lean:213:21: warning: This simp argument is unused:
  bind_assoc_eq

Hint: Omit it from the simp argument list.
  simp only [bind_a̵s̵s̵o̵c̵_̵e̵q̵,̵ ̵b̵i̵n̵d̵_̵tc_ok, nativeControl, pendingNative, finishedNative]

Note: This linter can be disabled with `set_option linter.unusedSimpArgs false`
/home/dombarker/project-offloads/aspis-r57-lean-src-20260929-a/R577NativeInnerSamplerExecution.lean:218:36: warning: This simp argument is unused:
  bind_assoc_eq

Hint: Omit it from the simp argument list.
  simp only [hm0, ha0, hn0, b̵i̵n̵d̵_̵a̵s̵s̵o̵c̵_̵e̵q̵,̵ ̵bind_tc_ok, nativeControl, pendingNative, finishedNative]

Note: This linter can be disabled with `set_option linter.unusedSimpArgs false`
/home/dombarker/project-offloads/aspis-r57-lean-src-20260929-a/R577NativeInnerSamplerExecution.lean:219:12: warning: This simp argument is unused:
  nativeControl

Hint: Omit it from the simp argument list.
  simp only [hm0, ha0, hn0, bind_assoc_eq, bind_tc_ok, n̵a̵t̵i̵v̵e̵C̵o̵n̵t̵r̵o̵l̵,̵ ̵pendingNative, finishedNative]

Note: This linter can be disabled with `set_option linter.unusedSimpArgs false`
/home/dombarker/project-offloads/aspis-r57-lean-src-20260929-a/R577NativeInnerSamplerExecution.lean:219:27: warning: This simp argument is unused:
  pendingNative

Hint: Omit it from the simp argument list.
  simp only [hm0, ha0, hn0, bind_assoc_eq, bind_tc_ok, nativeControl, p̵e̵n̵d̵i̵n̵g̵N̵a̵t̵i̵v̵e̵,̵ ̵finishedNative]

Note: This linter can be disabled with `set_option linter.unusedSimpArgs false`
/home/dombarker/project-offloads/aspis-r57-lean-src-20260929-a/R577NativeInnerSamplerExecution.lean:219:42: warning: This simp argument is unused:
  finishedNative

Hint: Omit it from the simp argument list.
  simp only [hm0, ha0, hn0, bind_assoc_eq, bind_tc_ok, nativeControl, p̵e̵n̵d̵i̵n̵g̵N̵a̵t̵i̵v̵e̵,̵ ̵f̵i̵n̵i̵s̵h̵e̵d̵N̵a̵t̵i̵v̵e̵]̵p̲e̲n̲d̲i̲n̲g̲N̲a̲t̲i̲v̲e̲]̲

Note: This linter can be disabled with `set_option linter.unusedSimpArgs false`
/home/dombarker/project-offloads/aspis-r57-lean-src-20260929-a/R577NativeInnerSamplerExecution.lean:233:30: warning: This simp argument is unused:
  bind_assoc_eq

Hint: Omit it from the simp argument list.
  simp only [if_neg hr,̵ ̵b̵i̵n̵d̵_̵a̵s̵s̵o̵c̵_̵e̵q̵]

Note: This linter can be disabled with `set_option linter.unusedSimpArgs false`
/home/dombarker/project-offloads/aspis-r57-lean-src-20260929-a/R577NativeInnerSamplerExecution.lean:303:14: error: Type mismatch: After simplification, term
  ih (R137SamplerInnerStep.nextRange r hr) (fromCurrentTranscript pending.2.1) pending.2.2.1 pending.2.2.2 hj' hn'
 has type
  loop
      (fun x =>
        AspisR569MaskedClaimCompleteConsts.aspis_core.transcript.Transcript.challenge_qm31_loop0_loop0.body limb x.1
          x.2.1 x.2.2.1 x.2.2.2)
      (R137SamplerInnerStep.nextRange r hr, { state := pending.2.1.state, hash := pending.2.1.hash }, pending.2.2.1,
        pending.2.2.2) =
    do
    let v ←
      loop
          (fun x =>
            AspisR156FullFreeze.aspis_core.transcript.Transcript.challenge_qm31_loop0_loop0.body limb x.1 x.2.1 x.2.2.1
              x.2.2.2)
          (R137SamplerInnerStep.nextRange r hr, { state := pending.2.1.state, hash := pending.2.1.hash }, pending.2.2.1,
            pending.2.2.2)
    ok ({ state := v.1.state, hash := v.1.hash }, v.2.1, v.2.2.1, v.2.2.2.1, v.2.2.2.2)
but is expected to have type
  loop
      (fun x =>
        AspisR569MaskedClaimCompleteConsts.aspis_core.transcript.Transcript.challenge_qm31_loop0_loop0.body limb x.1
          x.2.1 x.2.2.1 x.2.2.2)
      (pending.1, { state := pending.2.1.state, hash := pending.2.1.hash }, pending.2.2.1, pending.2.2.2) =
    do
    let v ←
      loop
          (fun x =>
            AspisR156FullFreeze.aspis_core.transcript.Transcript.challenge_qm31_loop0_loop0.body limb x.1 x.2.1 x.2.2.1
              x.2.2.2)
          pending
    ok ({ state := v.1.state, hash := v.1.hash }, v.2.1, v.2.2.1, v.2.2.2.1, v.2.2.2.2)
/home/dombarker/project-offloads/aspis-r57-lean-src-20260929-a/R577NativeInnerSamplerExecution.lean:291:17: warning: This simp argument is unused:
  SamplerOuterExecution.range_next

Hint: Omit it from the simp argument list.
  simp only [S̵a̵m̵p̵l̵e̵r̵O̵u̵t̵e̵r̵E̵x̵e̵c̵u̵t̵i̵o̵n̵.̵r̵a̵n̵g̵e̵_̵n̵e̵x̵t̵,̵ ̵dif_pos hr, bind_tc_ok]

Note: This linter can be disabled with `set_option linter.unusedSimpArgs false`
/home/dombarker/project-offloads/aspis-r57-lean-src-20260929-a/R577NativeInnerSamplerExecution.lean:291:51: warning: This simp argument is unused:
  dif_pos hr

Hint: Omit it from the simp argument list.
  simp only [SamplerOuterExecution.range_next, d̵i̵f̵_̵p̵o̵s̵ ̵h̵r̵,̵ ̵bind_tc_ok]

Note: This linter can be disabled with `set_option linter.unusedSimpArgs false`
/home/dombarker/project-offloads/aspis-r57-lean-src-20260929-a/R577NativeInnerSamplerExecution.lean:291:63: warning: This simp argument is unused:
  bind_tc_ok

Hint: Omit it from the simp argument list.
  simp only [SamplerOuterExecution.range_next, dif_pos hr,̵ ̵b̵i̵n̵d̵_̵t̵c̵_̵o̵k̵]

Note: This linter can be disabled with `set_option linter.unusedSimpArgs false`
/home/dombarker/project-offloads/aspis-r57-lean-src-20260929-a/R577NativeInnerSamplerExecution.lean:294:24: warning: This simp argument is unused:
  hb

Hint: Omit it from the simp argument list.
  simp ̵[̵h̵b̵]̵

Note: This linter can be disabled with `set_option linter.unusedSimpArgs false`
/home/dombarker/project-offloads/aspis-r57-lean-src-20260929-a/R577NativeInnerSamplerExecution.lean:295:21: warning: This simp argument is unused:
  hb

Hint: Omit it from the simp argument list.
  simp ̵[̵h̵b̵]̵

Note: This linter can be disabled with `set_option linter.unusedSimpArgs false`
/home/dombarker/project-offloads/aspis-r57-lean-src-20260929-a/R577NativeInnerSamplerExecution.lean:298:30: warning: This simp argument is unused:
  hb

Hint: Omit it from the simp argument list.
  simp [h̵b̵,̵ ̵nativeControl, finishedNative]

Note: This linter can be disabled with `set_option linter.unusedSimpArgs false`
Command exited with non-zero status 1
	Command being timed: "/home/dombarker/.elan/bin/lake --dir /home/dombarker/project-offloads/aspis-r126-release-20260930-a/focus-workspace env lean -j1 -M4500 -R /home/dombarker/project-offloads/aspis-r57-lean-src-20260929-a -o /home/dombarker/project-offloads/aspis-r126-release-20260930-a/lib/R577NativeInnerSamplerExecution.olean /home/dombarker/project-offloads/aspis-r57-lean-src-20260929-a/R577NativeInnerSamplerExecution.lean"
	User time (seconds): 2.23
	System time (seconds): 0.37
	Percent of CPU this job got: 100%
	Elapsed (wall clock) time (h:mm:ss or m:ss): 0:02.59
	Average shared text size (kbytes): 0
	Average unshared data size (kbytes): 0
	Average stack size (kbytes): 0
	Average total size (kbytes): 0
	Maximum resident set size (kbytes): 3753516
	Average resident set size (kbytes): 0
	Major (requiring I/O) page faults: 0
	Minor (reclaiming a frame) page faults: 87220
	Voluntary context switches: 928
	Involuntary context switches: 73
	Swaps: 0
	File system inputs: 0
	File system outputs: 0
	Socket messages sent: 0
	Socket messages received: 0
	Signals delivered: 0
	Page size (bytes): 4096
	Exit status: 1
Finished with result: exit-code
Main processes terminated with: code=exited/status=1
Service runtime: 2.632s
CPU time consumed: 2.649s
Memory peak: 256.0K
Memory swap peak: 0B
