'AspisR19.WitnessRootData.rootStep01' depends on axioms: [propext, Classical.choice, Quot.sound]
	Command being timed: "/home/dombarker/.elan/bin/lake env lean -R /home/dombarker/project-offloads/aspis-r38-lean-src-20260929-a -o /home/dombarker/project-offloads/aspis-r38-lean-20260929-b/lib/AspisV8R19/WitnessRootStep01.olean /home/dombarker/project-offloads/aspis-r38-lean-src-20260929-a/AspisV8R19/WitnessRootStep01.lean"
	User time (seconds): 1.54
	System time (seconds): 0.69
	Percent of CPU this job got: 100%
	Elapsed (wall clock) time (h:mm:ss or m:ss): 0:02.23
	Average shared text size (kbytes): 0
	Average unshared data size (kbytes): 0
	Average stack size (kbytes): 0
	Average total size (kbytes): 0
	Maximum resident set size (kbytes): 2336120
	Average resident set size (kbytes): 0
	Major (requiring I/O) page faults: 14
	Minor (reclaiming a frame) page faults: 112697
	Voluntary context switches: 837
	Involuntary context switches: 44
	Swaps: 0
	File system inputs: 832
	File system outputs: 544
	Socket messages sent: 0
	Socket messages received: 0
	Signals delivered: 0
	Page size (bytes): 4096
	Exit status: 0
