Command exited with non-zero status 1
	Command being timed: "timeout 900 python3 /home/dombarker/project-offloads/aspis-fs-generic-20261006/evidence/run_g15_lake.py /home/dombarker/project-offloads/aspis-fs-generic-20261006/evidence/environment-base.json /home/dombarker/project-offloads/aspis-fs-generic-20261006/objects2 /home/dombarker/project-offloads/aspis-fs-generic-20261006/sources /home/dombarker/project-offloads/aspis-fs-generic-20261006/objects2/R0P/D3ObligationStop.olean /home/dombarker/project-offloads/aspis-fs-generic-20261006/sources/R0P/D3ObligationStop.lean 7000"
	User time (seconds): 1.89
	System time (seconds): 0.92
	Percent of CPU this job got: 99%
	Elapsed (wall clock) time (h:mm:ss or m:ss): 0:02.82
	Average shared text size (kbytes): 0
	Average unshared data size (kbytes): 0
	Average stack size (kbytes): 0
	Average total size (kbytes): 0
	Maximum resident set size (kbytes): 6783964
	Average resident set size (kbytes): 0
	Major (requiring I/O) page faults: 0
	Minor (reclaiming a frame) page faults: 144911
	Voluntary context switches: 142
	Involuntary context switches: 163
	Swaps: 0
	File system inputs: 0
	File system outputs: 8
	Socket messages sent: 0
	Socket messages received: 0
	Signals delivered: 0
	Page size (bytes): 4096
	Exit status: 1
