info: r44_focused: no previous manifest, creating one from scratch
info: toolchain not updated; already up-to-date
/home/dombarker/project-offloads/aspis-r44-lean-src-20260929-a/AspisV8R19/NormalizedQuerySection.lean:43:0: warning: automatically included section variable(s) unused in theorem `AspisR19.NormalizedQuerySection.extendLow_sum`:
  [NeZero 2]
consider restructuring your `variable` declarations so that the variables are not in scope or explicitly omit them:
  omit [NeZero 2] in theorem ...

Note: This linter can be disabled with `set_option linter.unusedSectionVars false`
/home/dombarker/project-offloads/aspis-r44-lean-src-20260929-a/AspisV8R19/NormalizedQuerySection.lean:74:54: warning: `Polynomial.eval_finset_sum` has been deprecated: Use `Polynomial.eval_finsetSum` instead
/home/dombarker/project-offloads/aspis-r44-lean-src-20260929-a/AspisV8R19/NormalizedQuerySection.lean:72:0: warning: automatically included section variable(s) unused in theorem `AspisR19.NormalizedQuerySection.represented_eval`:
  [NeZero 2]
consider restructuring your `variable` declarations so that the variables are not in scope or explicitly omit them:
  omit [NeZero 2] in theorem ...

Note: This linter can be disabled with `set_option linter.unusedSectionVars false`
'AspisR19.NormalizedQuerySection.low_evaluates' depends on axioms: [propext, Classical.choice, Quot.sound]
'AspisR19.NormalizedQuerySection.low_unique' depends on axioms: [propext, Classical.choice, Quot.sound]
'AspisR19.NormalizedQuerySection.normalized_high' depends on axioms: [propext, Classical.choice, Quot.sound]
'AspisR19.NormalizedQuerySection.extendLow_sum' depends on axioms: [propext, Classical.choice, Quot.sound]
'AspisR19.NormalizedQuerySection.normalized_evaluation' depends on axioms: [propext, Classical.choice, Quot.sound]
'AspisR19.NormalizedQuerySection.normalized_root' depends on axioms: [propext, Classical.choice, Quot.sound]
'AspisR19.NormalizedQuerySection.represented_eval' depends on axioms: [propext, Classical.choice, Quot.sound]
'AspisR19.NormalizedQuerySection.root_product_dvd' depends on axioms: [propext, Classical.choice, Quot.sound]
	Command being timed: "/home/dombarker/.elan/bin/lake env lean -R /home/dombarker/project-offloads/aspis-r44-lean-src-20260929-a -o /home/dombarker/project-offloads/aspis-r44-lean-20260929-b/lib/AspisV8R19/NormalizedQuerySection.olean /home/dombarker/project-offloads/aspis-r44-lean-src-20260929-a/AspisV8R19/NormalizedQuerySection.lean"
	User time (seconds): 1.05
	System time (seconds): 0.37
	Percent of CPU this job got: 124%
	Elapsed (wall clock) time (h:mm:ss or m:ss): 0:01.14
	Average shared text size (kbytes): 0
	Average unshared data size (kbytes): 0
	Average stack size (kbytes): 0
	Average total size (kbytes): 0
	Maximum resident set size (kbytes): 2313088
	Average resident set size (kbytes): 0
	Major (requiring I/O) page faults: 0
	Minor (reclaiming a frame) page faults: 53235
	Voluntary context switches: 3606
	Involuntary context switches: 53
	Swaps: 0
	File system inputs: 0
	File system outputs: 448
	Socket messages sent: 0
	Socket messages received: 0
	Signals delivered: 0
	Page size (bytes): 4096
	Exit status: 0
