Running as unit: aspis-r18-hostmain-1790015025.scope; invocation ID: 87cdb463256d45e7b72ffed0289cf5cf
warning: unused imports: `visit_copy_exceptional_terminal_links` and `visit_copy_terminal_links`
  --> /home/dombarker/project-offloads/aspis-r18-compact-20260921-b/crates/aspis-statement/src/constraints_v4.rs:32:5
   |
32 |     visit_copy_exceptional_terminal_links, visit_copy_links, visit_copy_terminal_links,
   |     ^^^^^^^^^^^^^^^^^^^^^^^^^^^^^^^^^^^^^                    ^^^^^^^^^^^^^^^^^^^^^^^^^
   |
   = note: `#[warn(unused_imports)]` (part of `#[warn(unused)]`) on by default

warning: unused import: `decode_pool_v1_pair_late_public_statement_v1`
  --> /home/dombarker/project-offloads/aspis-r18-compact-20260921-b/crates/aspis-statement/src/pool_v1/pair_forest_terminal.rs:15:5
   |
15 |     decode_pool_v1_pair_late_public_statement_v1, decode_pool_v1_pair_verified_afterstate_v1,
   |     ^^^^^^^^^^^^^^^^^^^^^^^^^^^^^^^^^^^^^^^^^^^^

warning: unused import: `pool_v1_note_commitment`
  --> /home/dombarker/project-offloads/aspis-r18-compact-20260921-b/crates/aspis-statement/src/pool_v1/pair_trace.rs:50:5
   |
50 |     pool_v1_note_commitment, pool_v1_nullifier, pool_v1_tree_parent,
   |     ^^^^^^^^^^^^^^^^^^^^^^^

warning: unused imports: `trace_round_constant` and `trace_round_descriptor`
  --> /home/dombarker/project-offloads/aspis-r18-compact-20260921-b/crates/aspis-statement/src/state_only_poseidon.rs:18:5
   |
18 |     trace_round_constant, trace_round_descriptor, EXTERNAL_FINAL, EXTERNAL_INITIAL, INTERNAL,
   |     ^^^^^^^^^^^^^^^^^^^^  ^^^^^^^^^^^^^^^^^^^^^^

warning: type `CompiledCopyLink` is more private than the item `COMPILED_COPY_LINKS`
   --> /home/dombarker/project-offloads/aspis-r18-compact-20260921-b/crates/aspis-statement/src/state_only_terminal_constants.rs:850:1
    |
850 | pub(crate) const COMPILED_COPY_LINKS: [CompiledCopyLink; 102] = [
    | ^^^^^^^^^^^^^^^^^^^^^^^^^^^^^^^^^^^^^^^^^^^^^^^^^^^^^^^^^^^^^ constant `COMPILED_COPY_LINKS` is reachable at visibility `pub(crate)`
    |
note: but type `CompiledCopyLink` is only usable at visibility `pub(self)`
   --> /home/dombarker/project-offloads/aspis-r18-compact-20260921-b/crates/aspis-statement/src/state_only_terminal.rs:88:1
    |
 88 | struct CompiledCopyLink {
    | ^^^^^^^^^^^^^^^^^^^^^^^
    = note: `#[warn(private_interfaces)]` on by default

warning: `aspis-statement` (lib) generated 5 warnings (run `cargo fix --lib -p aspis-statement` to apply 4 suggestions)
   Compiling aspis-v8-performance-host v0.0.0 (/home/dombarker/project-offloads/aspis-r18-compact-20260921-b/docs/research/v8-no-work-100-20260907/experiments/performance-host)
error[E0433]: failed to resolve: use of unresolved module or unlinked crate `solana_program`
   --> ../relation_callback.rs:380:9
    |
380 |     use solana_program::program_error::ProgramError;
    |         ^^^^^^^^^^^^^^ use of unresolved module or unlinked crate `solana_program`
    |
    = help: if you wanted to use a crate named `solana_program`, use `cargo add solana_program` to add it to your `Cargo.toml`

error[E0433]: failed to resolve: use of unresolved module or unlinked crate `solana_program`
   --> ../relation_callback.rs:366:1
    |
366 | solana_program::entrypoint!(r17_probe_entry);
    | ^^^^^^^^^^^^^^ use of unresolved module or unlinked crate `solana_program`

error[E0433]: failed to resolve: use of unresolved module or unlinked crate `solana_program`
  --> ../relation_callback.rs:63:35
   |
63 | fn hash(parts:&[&[u8]])->[u8;32] {solana_program::hash::hashv(parts).to_bytes()}
   |                                   ^^^^^^^^^^^^^^ use of unresolved module or unlinked crate `solana_program`
   |
   = help: if you wanted to use a crate named `solana_program`, use `cargo add solana_program` to add it to your `Cargo.toml`

error[E0433]: failed to resolve: use of unresolved module or unlinked crate `solana_program`
   --> ../relation_callback.rs:376:11
    |
376 |     _id: &solana_program::pubkey::Pubkey,
    |           ^^^^^^^^^^^^^^ use of unresolved module or unlinked crate `solana_program`
    |
    = help: if you wanted to use a crate named `solana_program`, use `cargo add solana_program` to add it to your `Cargo.toml`

error[E0433]: failed to resolve: use of unresolved module or unlinked crate `solana_program`
   --> ../relation_callback.rs:377:17
    |
377 |     accounts: &[solana_program::account_info::AccountInfo],
    |                 ^^^^^^^^^^^^^^ use of unresolved module or unlinked crate `solana_program`
    |
    = help: if you wanted to use a crate named `solana_program`, use `cargo add solana_program` to add it to your `Cargo.toml`

error[E0433]: failed to resolve: use of unresolved module or unlinked crate `solana_program`
   --> ../relation_callback.rs:379:6
    |
379 | ) -> solana_program::entrypoint::ProgramResult {
    |      ^^^^^^^^^^^^^^ use of unresolved module or unlinked crate `solana_program`
    |
    = help: if you wanted to use a crate named `solana_program`, use `cargo add solana_program` to add it to your `Cargo.toml`

warning: unused imports: `M31_HALF` and `M31`
 --> ../r17_owned_weights.rs:2:69
  |
2 | use super::{basis_transport::transport, corelib::field::{QM31 as K, M31, M31_HALF}};
  |                                                                     ^^^  ^^^^^^^^
  |
  = note: `#[warn(unused_imports)]` (part of `#[warn(unused)]`) on by default

warning: unused import: `aspis_statement::pool_v1::*`
 --> ../positive_transfer.rs:6:5
  |
6 | use aspis_statement::pool_v1::*;
  |     ^^^^^^^^^^^^^^^^^^^^^^^^^^^

warning: unused import: `evaluate_state_only_polynomial`
 --> ../performance_verifier.rs:6:63
  |
6 | use corelib::state_only_sumcheck::{begin_state_only_zerocheck,evaluate_state_only_polynomial};
  |                                                               ^^^^^^^^^^^^^^^^^^^^^^^^^^^^^^

error[E0601]: `main` function not found in crate `aspis_v8_performance_host`
   --> ../relation_callback.rs:390:2
    |
390 | }
    |  ^ consider adding a `main` function to `../relation_callback.rs`

warning: unused variable: `x`
   --> ../relation_callback.rs:232:17
    |
232 | ...   for (j,(x,y)) in [(base.x,base.y),(base.x,base.y.neg()),(base.x.neg(),base.y.neg()),(base.x.neg(),base.y)].into_iter().enumer...
    |               ^ help: if this is intentional, prefix it with an underscore: `_x`
    |
    = note: `#[warn(unused_variables)]` (part of `#[warn(unused)]`) on by default

warning: unused variable: `y`
   --> ../relation_callback.rs:232:19
    |
232 | ...   for (j,(x,y)) in [(base.x,base.y),(base.x,base.y.neg()),(base.x.neg(),base.y.neg()),(base.x.neg(),base.y)].into_iter().enumer...
    |                 ^ help: if this is intentional, prefix it with an underscore: `_y`

Some errors have detailed explanations: E0433, E0601.
For more information about an error, try `rustc --explain E0433`.
warning: `aspis-v8-performance-host` (bin "aspis-v8-performance-host") generated 5 warnings
error: could not compile `aspis-v8-performance-host` (bin "aspis-v8-performance-host") due to 7 previous errors; 5 warnings emitted
Command exited with non-zero status 101
	Command being timed: "systemd-run --user --scope --unit=aspis-r18-hostmain-1790015025 -p MemoryHigh=5G -p MemoryMax=7G -p MemorySwapMax=0 -p TasksMax=128 env CARGO_TARGET_DIR=/home/dombarker/project-offloads/aspis-v8-performance-20260908.scS2Jz/docs/research/v8-no-work-100-20260907/experiments/performance-host/target RUSTFLAGS=--cfg v8_positive_transfer --cfg v8_complete --cfg v8_performance_fast --cfg v8_structured --cfg v8_fine_profile --cfg v8_batch_m --cfg v8_tower_batch --cfg v8_query_kernels --cfg v8_fused_rows --cfg v8_shared_weights --cfg v8_block_horner --cfg v8_gamma_wrap --cfg v8_reuse_gamma --cfg v8_grouped_linear --cfg v8_query_shared --cfg v8_range_m31 --cfg v8_range_cm31 --cfg v8_sparse_groups --cfg v8_range_dots --cfg v8_cm_schoolbook --cfg v8_prepared_schoolbook --cfg v8_quiet_profile --cfg v8_qm_hybrid --cfg v8_qm_lazy_c0 --cfg v8_gamma_partial -A dead_code -A unexpected_cfgs --cfg v8_performance_sbf --cfg v8_circle_norm --cfg v8_chord_norm --cfg v8_joined_inverse --cfg v8_split_inverse --cfg v8_line_norm --cfg v8_quotient_fused --cfg v8_affine_primal --cfg v8_compact_workspace PATH=/home/dombarker/.cargo/bin:/usr/bin:/bin /home/dombarker/.cargo/bin/cargo build --offline --locked --release --jobs 2 --features selected-v7-kernels --manifest-path /home/dombarker/project-offloads/aspis-r18-compact-20260921-b/docs/research/v8-no-work-100-20260907/experiments/performance-host/Cargo.toml --bin aspis-v8-performance-host"
	User time (seconds): 0.28
	System time (seconds): 0.04
	Percent of CPU this job got: 91%
	Elapsed (wall clock) time (h:mm:ss or m:ss): 0:00.36
	Average shared text size (kbytes): 0
	Average unshared data size (kbytes): 0
	Average stack size (kbytes): 0
	Average total size (kbytes): 0
	Maximum resident set size (kbytes): 189268
	Average resident set size (kbytes): 0
	Major (requiring I/O) page faults: 3
	Minor (reclaiming a frame) page faults: 24798
	Voluntary context switches: 127
	Involuntary context switches: 11
	Swaps: 0
	File system inputs: 392
	File system outputs: 88
	Socket messages sent: 0
	Socket messages received: 0
	Signals delivered: 0
	Page size (bytes): 4096
	Exit status: 101
