Warning: Permanently added '100.108.41.90' (ED25519) to the list of known hosts.
Running as unit: aspis-focus-1791121513928366000.service; invocation ID: 43609b8c7d304d06bafa6255754f9c7d
'AspisV8R19.R636DecoderAcceptedHeader.accepted_header' depends on axioms: [propext,
 Classical.choice,
 Quot.sound,
 Aeneas.Std.core.fmt.Formatter]
'AspisV8R19.R635DecoderWholeCanonical.decoder_success_chunks' depends on axioms: [propext,
 Classical.choice,
 Quot.sound,
 Aeneas.Std.core.fmt.Formatter]
'AspisV8R19.R635DecoderWholeCanonical.chunks_prefixCanonical' depends on axioms: [propext,
 Classical.choice,
 Quot.sound,
 Aeneas.Std.core.fmt.Formatter]
/home/dombarker/project-offloads/aspis-r57-lean-src-20260929-a/AspisV8R19/R687FormatterTrace.lean:7:14: error(lean.unknownIdentifier): Unknown constant `AspisV8R19.R635DecoderWholeCanonical.fullPrefixCanonical_all`
/home/dombarker/project-offloads/aspis-r57-lean-src-20260929-a/AspisV8R19/R687FormatterTrace.lean:8:14: error(lean.unknownIdentifier): Unknown constant `AspisR614SelectedCombineBeta.combine_beta_loop_four`
Command exited with non-zero status 1
	Command being timed: "/home/dombarker/.elan/bin/lake --dir /home/dombarker/project-offloads/aspis-r126-release-20260930-a/focus-workspace env lean -j1 -M4500 -R /home/dombarker/project-offloads/aspis-r57-lean-src-20260929-a -o /home/dombarker/project-offloads/aspis-r126-release-20260930-a/lib/AspisV8R19/R687FormatterTrace.olean /home/dombarker/project-offloads/aspis-r57-lean-src-20260929-a/AspisV8R19/R687FormatterTrace.lean"
	User time (seconds): 0.95
	System time (seconds): 0.38
	Percent of CPU this job got: 99%
	Elapsed (wall clock) time (h:mm:ss or m:ss): 0:01.35
	Average shared text size (kbytes): 0
	Average unshared data size (kbytes): 0
	Average stack size (kbytes): 0
	Average total size (kbytes): 0
	Maximum resident set size (kbytes): 3724820
	Average resident set size (kbytes): 0
	Major (requiring I/O) page faults: 0
	Minor (reclaiming a frame) page faults: 86110
	Voluntary context switches: 19
	Involuntary context switches: 55
	Swaps: 0
	File system inputs: 16
	File system outputs: 0
	Socket messages sent: 0
	Socket messages received: 0
	Signals delivered: 0
	Page size (bytes): 4096
	Exit status: 1
Finished with result: exit-code
Main processes terminated with: code=exited/status=1
Service runtime: 1.378s
CPU time consumed: 1.369s
Memory peak: 328.0K
Memory swap peak: 0B
