[[92mInfo[39m ] Imported: /home/dombarker/project-offloads/aspis-r160freezestd-extract-20260930-a/R160FreezeStd.llbc
[[91mError[39m] Unexpected access to a global
Source: '/rustc/library/core/src/slice/iter/macros.rs', lines 28:8-43:27
Compiler source: interp/InterpPaths.ml, line 282

Uncaught exception:
  
  (Failure
    "Unexpected access to a global\
   \nSource: '/rustc/library/core/src/slice/iter/macros.rs', lines 28:8-43:27\
   \nCompiler source: interp/InterpPaths.ml, line 282")

Raised at Aeneas__Errors.craise_opt_span in file "Errors.ml", line 120, characters 4-23
Called from Aeneas__InterpPaths.access_update_place in file "interp/InterpPaths.ml", line 299, characters 8-41
Called from Aeneas__InterpPaths.try_read_place in file "interp/InterpPaths.ml", line 344, characters 8-52
Called from Aeneas__InterpPaths.read_place in file "interp/InterpPaths.ml", line 353, characters 8-40
Called from Aeneas__InterpExpressions.read_place_check in file "interp/InterpExpressions.ml", line 53, characters 15-43
Called from Aeneas__InterpExpressions.eval_operand_no_reorganize in file "interp/InterpExpressions.ml", line 580, characters 17-51
Called from Aeneas__InterpExpressions.eval_operand in file "interp/InterpExpressions.ml", line 620, characters 11-58
Called from Aeneas__InterpStatements.eval_switch_raw.(fun) in file "interp/InterpStatements.ml", line 1088, characters 34-65
Called from Aeneas__InterpStatements.eval_switch.(fun) in file "interp/InterpStatements.ml", line 1060, characters 10-50
Called from Aeneas__InterpStatements.eval_statement.(fun) in file "interp/InterpStatements.ml", line 866, characters 10-44
Called from Aeneas__InterpStatements.eval_statement_list.(fun) in file "interp/InterpStatements.ml", line 875, characters 29-57
Called from Aeneas__InterpStatements.eval_function_body.(fun) in file "interp/InterpStatements.ml", line 1842, characters 26-52
Called from Aeneas__Interp.evaluate_function_symbolic in file "interp/Interp.ml", line 605, characters 25-64
Called from Aeneas__Translate.translate_function_to_symbolics in file "Translate.ml", line 35, characters 8-71
Called from Aeneas__Translate.translate_function_to_pure_aux in file "Translate.ml", line 132, characters 4-61
Called from Aeneas__Translate.translate_function_to_pure in file "Translate.ml", lines 288-289, characters 6-41
Called from Aeneas__Translate.translate_crate_to_pure.process.(fun) in file "Translate.ml", lines 501-502, characters 16-45
Called from Stdlib__List.filter_map in file "list.ml", line 280, characters 12-15
Called from Stdlib__List.filter_map in file "list.ml", line 282, characters 23-37
Called from Aeneas__Parallel.catch_reraise in file "Parallel.ml", line 17, characters 6-9
Called from Aeneas__Translate.translate_crate_to_pure in file "Translate.ml", line 519, characters 22-62
Called from Aeneas__Translate.translate_crate in file "Translate.ml", line 2199, characters 31-71
Called from Dune__exe__Main in file "Main.ml", lines 743-744, characters 8-37
Command exited with non-zero status 2
	Command being timed: "/home/dombarker/project-offloads/aspis-v7-aeneas-source-unblock-20260830/aeneas-repro-r1 -sequential -no-progress-bar -abort-on-error -backend lean -namespace AspisR160FreezeStd -dest /home/dombarker/project-offloads/aspis-r160freezestd-extract-20260930-a/generated -subdir AspisR160FreezeStd -split-files -emit-json /home/dombarker/project-offloads/aspis-r160freezestd-extract-20260930-a/R160FreezeStd.llbc"
	User time (seconds): 4.55
	System time (seconds): 0.12
	Percent of CPU this job got: 99%
	Elapsed (wall clock) time (h:mm:ss or m:ss): 0:04.67
	Average shared text size (kbytes): 0
	Average unshared data size (kbytes): 0
	Average stack size (kbytes): 0
	Average total size (kbytes): 0
	Maximum resident set size (kbytes): 346744
	Average resident set size (kbytes): 0
	Major (requiring I/O) page faults: 1
	Minor (reclaiming a frame) page faults: 81957
	Voluntary context switches: 2
	Involuntary context switches: 24
	Swaps: 0
	File system inputs: 24
	File system outputs: 8
	Socket messages sent: 0
	Socket messages received: 0
	Signals delivered: 0
	Page size (bytes): 4096
	Exit status: 2
