Warning: Permanently added '100.108.41.90' (ED25519) to the list of known hosts.
Running as unit: aspis-focus-1791139651573871000.service; invocation ID: aeb7a1b857504249bac091fac79162c6
/home/dombarker/project-offloads/aspis-r57-lean-src-20260929-a/AspisV8R19/R745JointObservationPolynomial.lean:70:4: error: Type mismatch: After simplification, term
  Eq.symm
    (sourceChord_six_constants half (qdiff d s) (sdiff d) (1 + u * v) (u * v - 1) (-(u + v)) (alpha ^ (↑s + 1))
      (R707FullActiveDeterminant.rowCode j))
 has type
  (1 + u * v) *
          (sourceChord half (qdiff d s) 1 0 0 (R707FullActiveDeterminant.rowCode j) -
            alpha ^ (↑s + 1) * sourceChord half (sdiff d) 1 0 0 (R707FullActiveDeterminant.rowCode j)) +
        (u * v - 1) *
          (sourceChord half (qdiff d s) 0 1 0 (R707FullActiveDeterminant.rowCode j) -
            alpha ^ (↑s + 1) * sourceChord half (sdiff d) 0 1 0 (R707FullActiveDeterminant.rowCode j)) +
      (-v + -u) *
        (sourceChord half (qdiff d s) 0 0 1 (R707FullActiveDeterminant.rowCode j) -
          alpha ^ (↑s + 1) * sourceChord half (sdiff d) 0 0 1 (R707FullActiveDeterminant.rowCode j)) =
    sourceChord half (fun i => qdiff d s i - alpha ^ (↑s + 1) * sdiff d i) (1 + u * v) (u * v - 1) (-v + -u)
      (R707FullActiveDeterminant.rowCode j)
but is expected to have type
  (1 + u * v) *
        (sourceChord half (qdiff d s) 1 0 0 (R707FullActiveDeterminant.rowCode j) -
          alpha ^ (↑s + 1) * sourceChord half (sdiff d) 1 0 0 (R707FullActiveDeterminant.rowCode j)) +
      ((u * v - 1) *
          (sourceChord half (qdiff d s) 0 1 0 (R707FullActiveDeterminant.rowCode j) -
            alpha ^ (↑s + 1) * sourceChord half (sdiff d) 0 1 0 (R707FullActiveDeterminant.rowCode j)) +
        (-v + -u) *
          (sourceChord half (qdiff d s) 0 0 1 (R707FullActiveDeterminant.rowCode j) -
            alpha ^ (↑s + 1) * sourceChord half (sdiff d) 0 0 1 (R707FullActiveDeterminant.rowCode j))) =
    sourceChord half (fun i => qdiff d s i - alpha ^ (↑s + 1) * sdiff d i) (1 + u * v) (u * v - 1) (-v + -u)
      (R707FullActiveDeterminant.rowCode j)
/home/dombarker/project-offloads/aspis-r57-lean-src-20260929-a/AspisV8R19/R745JointObservationPolynomial.lean:80:4: error: maximum recursion depth has been reached
use `set_option maxRecDepth <num>` to increase limit
use `set_option diagnostics true` to get diagnostic information
/home/dombarker/project-offloads/aspis-r57-lean-src-20260929-a/AspisV8R19/R745JointObservationPolynomial.lean:87:4: error: maximum recursion depth has been reached
use `set_option maxRecDepth <num>` to increase limit
use `set_option diagnostics true` to get diagnostic information
/home/dombarker/project-offloads/aspis-r57-lean-src-20260929-a/AspisV8R19/R745JointObservationPolynomial.lean:107:57: error: Tactic `rewrite` failed: Did not find an occurrence of the pattern
  (eval (assignment ?alpha ?u ?v ?kappa ?tau ?z)).mapMatrix (polynomialMatrix ?half ?quarter ?cols)
in the target expression
  ((eval (assignment alpha u v kappa tau z)).mapMatrix (polynomialMatrix half quarter cols)).det =
    Matrix.det fun row col =>
      rawObservation half quarter (1 + u * v) (u * v - 1) (-(u + v)) kappa tau z
        (indexedDirection alpha (cols col).1 (cols col).2) row

F : Type u_1
inst✝³ : CommRing F
inst✝² : Nontrivial F
inst✝¹ : Fintype ObservationRow
inst✝ : DecidableEq ObservationRow
half quarter alpha u v kappa tau : F
z : Fin 10 → F
cols : ObservationRow → Fin 255 × Fin 3
⊢ ((eval (assignment alpha u v kappa tau z)).mapMatrix (polynomialMatrix half quarter cols)).det =
    Matrix.det fun row col =>
      rawObservation half quarter (1 + u * v) (u * v - 1) (-(u + v)) kappa tau z
        (indexedDirection alpha (cols col).1 (cols col).2) row

Note: The target expression is not type-correct under the `instances` transparency level, which may have triggered the failure. This is usually caused by unfolding of semireducible definitions in prior tactic steps. Use `set_option linter.tacticCheckInstances true` to investigate the source of the issue.
Full error:
  Application type mismatch: The argument
    fun row col =>
      rawObservation half quarter (1 + u * v) (u * v - 1) (-(u + v)) kappa tau z
        (indexedDirection alpha (cols col).1 (cols col).2) row
  has type
    ObservationRow → ObservationRow → F
  but is expected to have type
    Matrix ObservationRow ObservationRow F
  in the application
    Matrix.det fun row col =>
      rawObservation half quarter (1 + u * v) (u * v - 1) (-(u + v)) kappa tau z
        (indexedDirection alpha (cols col).1 (cols col).2) row
'AspisV8R19.R745JointObservationPolynomial.eval_polynomialEntry' depends on axioms: [propext,
 sorryAx,
 Classical.choice,
 Quot.sound]
'AspisV8R19.R745JointObservationPolynomial.eval_polynomialMatrix' depends on axioms: [propext,
 sorryAx,
 Classical.choice,
 Quot.sound]
'AspisV8R19.R745JointObservationPolynomial.eval_polynomialMatrix_det' depends on axioms: [propext,
 sorryAx,
 Classical.choice,
 Quot.sound]
Command exited with non-zero status 1
	Command being timed: "/home/dombarker/.elan/bin/lake --dir /home/dombarker/project-offloads/aspis-r126-release-20260930-a/focus-workspace env lean -j1 -M4500 -R /home/dombarker/project-offloads/aspis-r57-lean-src-20260929-a -o /home/dombarker/project-offloads/aspis-r126-release-20260930-a/lib/AspisV8R19/R745JointObservationPolynomial.olean /home/dombarker/project-offloads/aspis-r57-lean-src-20260929-a/AspisV8R19/R745JointObservationPolynomial.lean"
	User time (seconds): 2.01
	System time (seconds): 0.35
	Percent of CPU this job got: 101%
	Elapsed (wall clock) time (h:mm:ss or m:ss): 0:02.33
	Average shared text size (kbytes): 0
	Average unshared data size (kbytes): 0
	Average stack size (kbytes): 0
	Average total size (kbytes): 0
	Maximum resident set size (kbytes): 3302964
	Average resident set size (kbytes): 0
	Major (requiring I/O) page faults: 0
	Minor (reclaiming a frame) page faults: 78907
	Voluntary context switches: 1567
	Involuntary context switches: 75
	Swaps: 0
	File system inputs: 0
	File system outputs: 0
	Socket messages sent: 0
	Socket messages received: 0
	Signals delivered: 0
	Page size (bytes): 4096
	Exit status: 1
Finished with result: exit-code
Main processes terminated with: code=exited/status=1
Service runtime: 2.363s
CPU time consumed: 2.387s
Memory peak: 288.0K
Memory swap peak: 0B
