Warning: Permanently added '100.108.41.90' (ED25519) to the list of known hosts.
Running as unit: aspis-focus-1791155843944166000-2ebc7f518e99.service; invocation ID: 27a4a86d5e6e4b8492dc2f3a91431b06
/home/dombarker/project-offloads/aspis-r57-lean-src-20260929-a/AspisV8R19/R811SourceLowerZeroPrototype.lean:14:28: error: Ambiguous term
  M
Possible interpretations:
  R748JointWitnessPointEntry.M : Type
  
  R804LiteralSourceRow114.M : Type
  
  R807SourceBlock01Binding.M : Type
'AspisV8R19.R811SourceLowerZeroPrototype.rowFlat35_lower_zero' depends on axioms: [propext,
 Classical.choice,
 Quot.sound]
Command exited with non-zero status 1
	Command being timed: "/home/dombarker/.elan/bin/lake --dir /home/dombarker/project-offloads/aspis-r126-release-20260930-a/focus-workspace env lean -j1 -M4500 -R /home/dombarker/project-offloads/aspis-r57-lean-src-20260929-a -o /home/dombarker/project-offloads/aspis-r126-release-20260930-a/lib/AspisV8R19/R811SourceLowerZeroPrototype.olean /home/dombarker/project-offloads/aspis-r57-lean-src-20260929-a/AspisV8R19/R811SourceLowerZeroPrototype.lean"
	User time (seconds): 3.98
	System time (seconds): 0.39
	Percent of CPU this job got: 99%
	Elapsed (wall clock) time (h:mm:ss or m:ss): 0:04.38
	Average shared text size (kbytes): 0
	Average unshared data size (kbytes): 0
	Average stack size (kbytes): 0
	Average total size (kbytes): 0
	Maximum resident set size (kbytes): 3741212
	Average resident set size (kbytes): 0
	Major (requiring I/O) page faults: 0
	Minor (reclaiming a frame) page faults: 80649
	Voluntary context switches: 403
	Involuntary context switches: 71
	Swaps: 0
	File system inputs: 0
	File system outputs: 0
	Socket messages sent: 0
	Socket messages received: 0
	Signals delivered: 0
	Page size (bytes): 4096
	Exit status: 1
Finished with result: exit-code
Main processes terminated with: code=exited/status=1
Service runtime: 4.412s
CPU time consumed: 4.411s
Memory peak: 256.0K
Memory swap peak: 0B
