Warning: Permanently added '100.108.41.90' (ED25519) to the list of known hosts.
Running as unit: aspis-focus-1791018067902582000.service; invocation ID: dfb61ba032f84c338b925ccc0084cc1f
'AspisV8R19.R458ScanConsumptionBound.sourceScan_count_le_length' depends on axioms: [propext,
 Classical.choice,
 Quot.sound]
'AspisV8R19.R458ScanConsumptionBound.sourceScan_none_count_eq_length' depends on axioms: [propext]
'AspisV8R19.R458ScanConsumptionBound.sourceScan_some_count_pos' depends on axioms: [propext,
 Classical.choice,
 Quot.sound]
	Command being timed: "/home/dombarker/.elan/bin/lake --dir /home/dombarker/project-offloads/aspis-r126-release-20260930-a/focus-workspace env lean -j1 -M4500 -R /home/dombarker/project-offloads/aspis-r57-lean-src-20260929-a -o /home/dombarker/project-offloads/aspis-r126-release-20260930-a/lib/docs/research/v8-full-view-zk-20260912/lean/AspisV8R19/R458ScanConsumptionBound.olean /home/dombarker/project-offloads/aspis-r57-lean-src-20260929-a/docs/research/v8-full-view-zk-20260912/lean/AspisV8R19/R458ScanConsumptionBound.lean"
	User time (seconds): 1.01
	System time (seconds): 0.35
	Percent of CPU this job got: 100%
	Elapsed (wall clock) time (h:mm:ss or m:ss): 0:01.36
	Average shared text size (kbytes): 0
	Average unshared data size (kbytes): 0
	Average stack size (kbytes): 0
	Average total size (kbytes): 0
	Maximum resident set size (kbytes): 3226144
	Average resident set size (kbytes): 0
	Major (requiring I/O) page faults: 0
	Minor (reclaiming a frame) page faults: 76484
	Voluntary context switches: 297
	Involuntary context switches: 61
	Swaps: 0
	File system inputs: 0
	File system outputs: 104
	Socket messages sent: 0
	Socket messages received: 0
	Signals delivered: 0
	Page size (bytes): 4096
	Exit status: 0
Finished with result: success
Main processes terminated with: code=exited/status=0
Service runtime: 1.399s
CPU time consumed: 1.400s
Memory peak: 292.0K
Memory swap peak: 0B
