Warning: Permanently added '100.108.41.90' (ED25519) to the list of known hosts.
Running as unit: aspis-r176freezestdlayout.service; invocation ID: e3c31d5a150d488e993f723a68ed507d
in [(base.x,base.y),(base.x,base.y.neg()),(base.x.neg(),base.y.neg()),(base.x.neg(),base.y)].into_iter().enumer...
    |                 ^ help: if this is intentional, prefix it with an underscore: `_y`

warning: variable does not need to be mutable
   --> ../payment_extraction.rs:213:9
    |
213 |     let mut encoded:Vec<Vec<M31>>=selected.iter().map(|m|enc.encode_c1_message(m).unwrap()).collect();
    |         ----^^^^^^^
    |         |
    |         help: remove this `mut`
    |
    = note: `#[warn(unused_mut)]` (part of `#[warn(unused)]`) on by default

warning: `aspis-v8-performance-host` (bin "aspis-v8-performance-host") generated 4 warnings (run `cargo fix --bin "aspis-v8-performance-host" -p aspis-v8-performance-host` to apply 4 suggestions)
    Finished `release` profile [optimized] target(s) in 14.05s
	Command being timed: "/home/dombarker/project-offloads/ZK-v5-formal/toolchains/charon/bin/charon cargo --preset aeneas --mir built --sysroot default --start-from crate::freeze --include core::option --include core::result::_::map_err --include aspis_core::field --include aspis_core::circle --include aspis_core::transcript --include core::slice::iter::_::fold --include alloc::vec::_::extend --include core::slice::iter::Iter --include core::ptr::non_null::NonNull --dest-file /home/dombarker/project-offloads/aspis-r176freezestdlayout-extract-20260930-a/R176FreezeStdLayout.llbc -- --offline --locked --release --jobs 1 --features insecure-spend-fixture,selected-v7-kernels --manifest-path /home/dombarker/project-offloads/aspis-r20-r117-primal-20260930-a/docs/research/v8-no-work-100-20260907/experiments/performance-host/Cargo.toml --bin aspis-v8-performance-host"
	User time (seconds): 13.81
	System time (seconds): 0.27
	Percent of CPU this job got: 99%
	Elapsed (wall clock) time (h:mm:ss or m:ss): 0:14.10
	Average shared text size (kbytes): 0
	Average unshared data size (kbytes): 0
	Average stack size (kbytes): 0
	Average total size (kbytes): 0
	Maximum resident set size (kbytes): 626592
	Average resident set size (kbytes): 0
	Major (requiring I/O) page faults: 18
	Minor (reclaiming a frame) page faults: 166021
	Voluntary context switches: 844
	Involuntary context switches: 88
	Swaps: 0
	File system inputs: 176
	File system outputs: 15232
	Socket messages sent: 0
	Socket messages received: 0
	Signals delivered: 0
	Page size (bytes): 4096
	Exit status: 0

EXTRACT_EXIT 0
ar (Generated_Types.Free 0)),\
   \n      Generated_Types.RShared)),\
   \n   Generated_Types.NotNull))\
   \nSource: '/rustc/library/core/src/ptr/non_null.rs', lines 74:0-74:35\
   \nCompiler source: llbc/TypesAnalysis.ml, line 485")

Raised at Aeneas__Errors.craise_opt_span in file "Errors.ml", line 120, characters 4-23
Called from Stdlib__List.fold_left in file "list.ml", line 123, characters 24-34
Called from Aeneas__TypesAnalysis.analyze_type_decl in file "llbc/TypesAnalysis.ml", lines 521-525, characters 6-33
Called from Stdlib__List.fold_left in file "list.ml", line 123, characters 24-34
Called from Aeneas__TypesAnalysis.analyze_type_declaration_group.analyze in file "llbc/TypesAnalysis.ml", lines 564-566, characters 6-23
Called from Aeneas__Interp.analyze_type_declarations.(fun) in file "interp/Interp.ml", line 31, characters 10-62
Called from Stdlib__List.fold_left in file "list.ml", line 123, characters 24-34
Called from Aeneas__Interp.compute_contexts in file "interp/Interp.ml", line 149, characters 19-66
Called from Aeneas__Translate.translate_crate_to_pure in file "Translate.ml", line 323, characters 18-40
Called from Aeneas__Translate.translate_crate in file "Translate.ml", line 2199, characters 31-71
Called from Dune__exe__Main in file "Main.ml", lines 743-744, characters 8-37
Command exited with non-zero status 2
	Command being timed: "/home/dombarker/project-offloads/aspis-switch-global-20261001-a/aeneas-switch-global -sequential -no-progress-bar -abort-on-error -backend lean -namespace AspisR176FreezeStdLayout -dest /home/dombarker/project-offloads/aspis-r176freezestdlayout-extract-20260930-a/generated -subdir AspisR176FreezeStdLayout -split-files -emit-json /home/dombarker/project-offloads/aspis-r176freezestdlayout-extract-20260930-a/R176FreezeStdLayout.llbc"
	User time (seconds): 0.27
	System time (seconds): 0.01
	Percent of CPU this job got: 99%
	Elapsed (wall clock) time (h:mm:ss or m:ss): 0:00.29
	Average shared text size (kbytes): 0
	Average unshared data size (kbytes): 0
	Average stack size (kbytes): 0
	Average total size (kbytes): 0
	Maximum resident set size (kbytes): 87296
	Average resident set size (kbytes): 0
	Major (requiring I/O) page faults: 0
	Minor (reclaiming a frame) page faults: 16174
	Voluntary context switches: 1
	Involuntary context switches: 2
	Swaps: 0
	File system inputs: 0
	File system outputs: 8
	Socket messages sent: 0
	Socket messages received: 0
	Signals delivered: 0
	Page size (bytes): 4096
	Exit status: 2

TRANSLATE_EXIT 2
Finished with result: exit-code
Main processes terminated with: code=exited/status=2
Service runtime: 14.441s
CPU time consumed: 14.415s
Memory peak: 512.0K
Memory swap peak: 0B
