Warning: Permanently added '100.108.41.90' (ED25519) to the list of known hosts.
Running as unit: aspis-freeze-return-probe-20261001-b.service; invocation ID: a4bd7644585a404ba176d8881037e1c4
	Command being timed: "/home/dombarker/project-offloads/ZK-v5-formal/toolchains/charon/bin/charon rustc --preset aeneas --mir built --sysroot default --start-from crate::after_loop --include core::option --dest-file /home/dombarker/project-offloads/aspis-freeze-return-probe-20261001-b/after_loop.llbc -- --crate-type lib -C opt-level=3 /home/dombarker/project-offloads/aspis-freeze-return-probe-20261001-b/after_loop.rs"
	User time (seconds): 0.06
	System time (seconds): 0.05
	Percent of CPU this job got: 108%
	Elapsed (wall clock) time (h:mm:ss or m:ss): 0:00.10
	Average shared text size (kbytes): 0
	Average unshared data size (kbytes): 0
	Average stack size (kbytes): 0
	Average total size (kbytes): 0
	Maximum resident set size (kbytes): 144320
	Average resident set size (kbytes): 0
	Major (requiring I/O) page faults: 0
	Minor (reclaiming a frame) page faults: 24046
	Voluntary context switches: 429
	Involuntary context switches: 18
	Swaps: 0
	File system inputs: 0
	File system outputs: 712
	Socket messages sent: 0
	Socket messages received: 0
	Signals delivered: 0
	Page size (bytes): 4096
	Exit status: 0

EXTRACT_EXIT 0
tdlib__List.map in file "list.ml", line 83, characters 15-19
Called from Aeneas__InterpStatements.eval_statement_list.(fun) in file "interp/InterpStatements.ml", lines 880-888, characters 8-18
Called from Aeneas__InterpStatements.eval_function_body.(fun) in file "interp/InterpStatements.ml", line 1842, characters 26-52
Called from Aeneas__Interp.evaluate_function_symbolic in file "interp/Interp.ml", line 605, characters 25-64
Called from Aeneas__Translate.translate_function_to_symbolics in file "Translate.ml", line 35, characters 8-71
Called from Aeneas__Translate.translate_function_to_pure_aux in file "Translate.ml", line 132, characters 4-61
Called from Aeneas__Translate.translate_function_to_pure in file "Translate.ml", lines 288-289, characters 6-41
Called from Aeneas__Translate.translate_crate_to_pure.process.(fun) in file "Translate.ml", lines 501-502, characters 16-45
Called from Stdlib__List.filter_map in file "list.ml", line 280, characters 12-15
Called from Aeneas__Parallel.catch_reraise in file "Parallel.ml", line 17, characters 6-9
Called from Aeneas__Translate.translate_crate_to_pure in file "Translate.ml", line 519, characters 22-62
Called from Aeneas__Translate.translate_crate in file "Translate.ml", line 2199, characters 31-71
Called from Dune__exe__Main in file "Main.ml", lines 743-744, characters 8-37
Command exited with non-zero status 2
	Command being timed: "/home/dombarker/project-offloads/aspis-switch-global-20261001-a/aeneas-switch-global -sequential -no-progress-bar -abort-on-error -backend lean -namespace AspisFreezeReturnProbe -dest /home/dombarker/project-offloads/aspis-freeze-return-probe-20261001-b/generated -subdir AspisFreezeReturnProbe -split-files -emit-json /home/dombarker/project-offloads/aspis-freeze-return-probe-20261001-b/after_loop.llbc"
	User time (seconds): 0.26
	System time (seconds): 0.01
	Percent of CPU this job got: 99%
	Elapsed (wall clock) time (h:mm:ss or m:ss): 0:00.27
	Average shared text size (kbytes): 0
	Average unshared data size (kbytes): 0
	Average stack size (kbytes): 0
	Average total size (kbytes): 0
	Maximum resident set size (kbytes): 64416
	Average resident set size (kbytes): 0
	Major (requiring I/O) page faults: 0
	Minor (reclaiming a frame) page faults: 10493
	Voluntary context switches: 1
	Involuntary context switches: 2
	Swaps: 0
	File system inputs: 0
	File system outputs: 16
	Socket messages sent: 0
	Socket messages received: 0
	Signals delivered: 0
	Page size (bytes): 4096
	Exit status: 2

TRANSLATE_EXIT 2
Finished with result: exit-code
Main processes terminated with: code=exited/status=2
Service runtime: 418ms
CPU time consumed: 428ms
Memory peak: 256.0K
Memory swap peak: 0B
