[[92mInfo[39m ] Imported: /home/dombarker/project-offloads/aspis-r174freezestdvalues-extract-20260930-a/R174FreezeStdValues.llbc
Uncaught exception:
  
  (Invalid_argument "option is None")

Raised at Stdlib.invalid_arg in file "stdlib.ml", line 30, characters 20-45
Called from Stdlib__Option.get in file "option.ml" (inlined), line 21, characters 41-69
Called from Aeneas__FunsAnalysis.analyze_module.analyze_fun_decls.visit_fun.object#visit_rvalue in file "llbc/FunsAnalysis.ml", line 176, characters 22-65
Called from Charon__Generated_LlbcAst.iter_statement_base#visit_Assign in file "charon-ml/src/generated/Generated_LlbcAst.ml", lines 9-149, characters 0-6
Called from Charon__Generated_LlbcAst.map_statement_base#visit_Match in file "charon-ml/src/generated/Generated_LlbcAst.ml", lines 9-149, characters 0-6
Called from Charon__LlbcAst.iter_statement#visit_block_suffix in file "charon-ml/src/LlbcAst.ml", line 25, characters 12-39
Called from Stdlib__List.iter in file "list.ml", line 112, characters 12-15
Called from Aeneas__FunsAnalysis.analyze_module.analyze_fun_decls in file "llbc/FunsAnalysis.ml", line 234, characters 4-25
Called from Aeneas__FunsAnalysis.analyze_module.analyze_fun_decl_group in file "llbc/FunsAnalysis.ml", line 275, characters 15-45
Called from Aeneas__FunsAnalysis.analyze_module.analyze_decl_groups in file "llbc/FunsAnalysis.ml", line 285, characters 13-70
Called from Aeneas__FunsAnalysis.analyze_module in file "llbc/FunsAnalysis.ml", line 316, characters 2-36
Called from Aeneas__Interp.compute_contexts in file "interp/Interp.ml", line 158, characters 18-61
Called from Aeneas__Translate.translate_crate_to_pure in file "Translate.ml", line 323, characters 18-40
Called from Aeneas__Translate.translate_crate in file "Translate.ml", line 2199, characters 31-71
Called from Dune__exe__Main in file "Main.ml", lines 743-744, characters 8-37
Command exited with non-zero status 2
	Command being timed: "/home/dombarker/project-offloads/aspis-v7-aeneas-source-unblock-20260830/aeneas-repro-r1 -sequential -no-progress-bar -abort-on-error -backend lean -namespace AspisR174FreezeStdValues -dest /home/dombarker/project-offloads/aspis-r174freezestdvalues-extract-20260930-a/generated -subdir AspisR174FreezeStdValues -split-files -emit-json /home/dombarker/project-offloads/aspis-r174freezestdvalues-extract-20260930-a/R174FreezeStdValues.llbc"
	User time (seconds): 0.28
	System time (seconds): 0.02
	Percent of CPU this job got: 91%
	Elapsed (wall clock) time (h:mm:ss or m:ss): 0:00.33
	Average shared text size (kbytes): 0
	Average unshared data size (kbytes): 0
	Average stack size (kbytes): 0
	Average total size (kbytes): 0
	Maximum resident set size (kbytes): 86064
	Average resident set size (kbytes): 0
	Major (requiring I/O) page faults: 226
	Minor (reclaiming a frame) page faults: 16134
	Voluntary context switches: 271
	Involuntary context switches: 2
	Swaps: 0
	File system inputs: 57608
	File system outputs: 8
	Socket messages sent: 0
	Socket messages received: 0
	Signals delivered: 0
	Page size (bytes): 4096
	Exit status: 2
