Warning: Permanently added '100.108.41.90' (ED25519) to the list of known hosts.
Running as unit: aspis-focus-1791142026180911000.service; invocation ID: 861b4b19c5c24be6b45bb951698b8c9e
/home/dombarker/project-offloads/aspis-r57-lean-src-20260929-a/AspisV8R19/R748JointWitnessPointEntry.lean:32:4: warning: 'change (14 : Fin 1024) ∈ T163SourceTable.inactive' tactic does nothing

Note: This linter can be disabled with `set_option linter.unusedTactic false`
/home/dombarker/project-offloads/aspis-r57-lean-src-20260929-a/AspisV8R19/R748JointWitnessPointEntry.lean:42:16: warning: This simp argument is unused:
  sourcePointBasis

Hint: Omit it from the simp argument list.
  simp +decide [sourceP̵o̵i̵n̵t̵B̵a̵s̵i̵s̵,̵ ̵s̵o̵u̵r̵c̵e̵MultilinearFactors, Fin.prod_univ_succ, p]

Note: This linter can be disabled with `set_option linter.unusedSimpArgs false`
/home/dombarker/project-offloads/aspis-r57-lean-src-20260929-a/AspisV8R19/R748JointWitnessPointEntry.lean:42:34: warning: This simp argument is unused:
  sourceMultilinearFactors

Hint: Omit it from the simp argument list.
  simp +decide [sourcePointBasis, s̵o̵u̵r̵c̵e̵M̵u̵l̵t̵i̵l̵i̵n̵e̵a̵r̵F̵a̵c̵t̵o̵r̵s̵,̵ ̵Fin.prod_univ_succ, p]

Note: This linter can be disabled with `set_option linter.unusedSimpArgs false`
/home/dombarker/project-offloads/aspis-r57-lean-src-20260929-a/AspisV8R19/R748JointWitnessPointEntry.lean:42:60: warning: This simp argument is unused:
  Fin.prod_univ_succ

Hint: Omit it from the simp argument list.
  simp +decide [sourcePointBasis, sourceMultilinearFactors, F̵i̵n̵.̵p̵r̵o̵d̵_̵u̵n̵i̵v̵_̵s̵u̵c̵c̵,̵ ̵p]

Note: This linter can be disabled with `set_option linter.unusedSimpArgs false`
/home/dombarker/project-offloads/aspis-r57-lean-src-20260929-a/AspisV8R19/R748JointWitnessPointEntry.lean:42:80: warning: This simp argument is unused:
  p

Hint: Omit it from the simp argument list.
  simp +decide [sourcePointBasis, sourceMultilinearFactors, Fin.prod_univ_succ,̵ ̵p̵]

Note: This linter can be disabled with `set_option linter.unusedSimpArgs false`
/home/dombarker/project-offloads/aspis-r57-lean-src-20260929-a/AspisV8R19/R748JointWitnessPointEntry.lean:50:4: warning: 'change (15 : Fin 1024) ∈ T163SourceTable.inactive' tactic does nothing

Note: This linter can be disabled with `set_option linter.unusedTactic false`
/home/dombarker/project-offloads/aspis-r57-lean-src-20260929-a/AspisV8R19/R748JointWitnessPointEntry.lean:60:16: warning: This simp argument is unused:
  sourcePointBasis

Hint: Omit it from the simp argument list.
  simp +decide [sourceP̵o̵i̵n̵t̵B̵a̵s̵i̵s̵,̵ ̵s̵o̵u̵r̵c̵e̵MultilinearFactors, Fin.prod_univ_succ, p]

Note: This linter can be disabled with `set_option linter.unusedSimpArgs false`
/home/dombarker/project-offloads/aspis-r57-lean-src-20260929-a/AspisV8R19/R748JointWitnessPointEntry.lean:60:34: warning: This simp argument is unused:
  sourceMultilinearFactors

Hint: Omit it from the simp argument list.
  simp +decide [sourcePointBasis, s̵o̵u̵r̵c̵e̵M̵u̵l̵t̵i̵l̵i̵n̵e̵a̵r̵F̵a̵c̵t̵o̵r̵s̵,̵ ̵Fin.prod_univ_succ, p]

Note: This linter can be disabled with `set_option linter.unusedSimpArgs false`
/home/dombarker/project-offloads/aspis-r57-lean-src-20260929-a/AspisV8R19/R748JointWitnessPointEntry.lean:60:60: warning: This simp argument is unused:
  Fin.prod_univ_succ

Hint: Omit it from the simp argument list.
  simp +decide [sourcePointBasis, sourceMultilinearFactors, F̵i̵n̵.̵p̵r̵o̵d̵_̵u̵n̵i̵v̵_̵s̵u̵c̵c̵,̵ ̵p]

Note: This linter can be disabled with `set_option linter.unusedSimpArgs false`
/home/dombarker/project-offloads/aspis-r57-lean-src-20260929-a/AspisV8R19/R748JointWitnessPointEntry.lean:60:80: warning: This simp argument is unused:
  p

Hint: Omit it from the simp argument list.
  simp +decide [sourcePointBasis, sourceMultilinearFactors, Fin.prod_univ_succ,̵ ̵p̵]

Note: This linter can be disabled with `set_option linter.unusedSimpArgs false`
/home/dombarker/project-offloads/aspis-r57-lean-src-20260929-a/AspisV8R19/R748JointWitnessPointEntry.lean:68:4: warning: 'change (30 : Fin 1024) ∈ T163SourceTable.inactive' tactic does nothing

Note: This linter can be disabled with `set_option linter.unusedTactic false`
/home/dombarker/project-offloads/aspis-r57-lean-src-20260929-a/AspisV8R19/R748JointWitnessPointEntry.lean:78:16: warning: This simp argument is unused:
  sourcePointBasis

Hint: Omit it from the simp argument list.
  simp +decide [sourceP̵o̵i̵n̵t̵B̵a̵s̵i̵s̵,̵ ̵s̵o̵u̵r̵c̵e̵MultilinearFactors, Fin.prod_univ_succ, p]

Note: This linter can be disabled with `set_option linter.unusedSimpArgs false`
/home/dombarker/project-offloads/aspis-r57-lean-src-20260929-a/AspisV8R19/R748JointWitnessPointEntry.lean:78:34: warning: This simp argument is unused:
  sourceMultilinearFactors

Hint: Omit it from the simp argument list.
  simp +decide [sourcePointBasis, s̵o̵u̵r̵c̵e̵M̵u̵l̵t̵i̵l̵i̵n̵e̵a̵r̵F̵a̵c̵t̵o̵r̵s̵,̵ ̵Fin.prod_univ_succ, p]

Note: This linter can be disabled with `set_option linter.unusedSimpArgs false`
/home/dombarker/project-offloads/aspis-r57-lean-src-20260929-a/AspisV8R19/R748JointWitnessPointEntry.lean:78:60: warning: This simp argument is unused:
  Fin.prod_univ_succ

Hint: Omit it from the simp argument list.
  simp +decide [sourcePointBasis, sourceMultilinearFactors, F̵i̵n̵.̵p̵r̵o̵d̵_̵u̵n̵i̵v̵_̵s̵u̵c̵c̵,̵ ̵p]

Note: This linter can be disabled with `set_option linter.unusedSimpArgs false`
/home/dombarker/project-offloads/aspis-r57-lean-src-20260929-a/AspisV8R19/R748JointWitnessPointEntry.lean:78:80: warning: This simp argument is unused:
  p

Hint: Omit it from the simp argument list.
  simp +decide [sourcePointBasis, sourceMultilinearFactors, Fin.prod_univ_succ,̵ ̵p̵]

Note: This linter can be disabled with `set_option linter.unusedSimpArgs false`
/home/dombarker/project-offloads/aspis-r57-lean-src-20260929-a/AspisV8R19/R748JointWitnessPointEntry.lean:86:4: warning: 'change (31 : Fin 1024) ∈ T163SourceTable.inactive' tactic does nothing

Note: This linter can be disabled with `set_option linter.unusedTactic false`
/home/dombarker/project-offloads/aspis-r57-lean-src-20260929-a/AspisV8R19/R748JointWitnessPointEntry.lean:96:16: warning: This simp argument is unused:
  sourcePointBasis

Hint: Omit it from the simp argument list.
  simp +decide [sourceP̵o̵i̵n̵t̵B̵a̵s̵i̵s̵,̵ ̵s̵o̵u̵r̵c̵e̵MultilinearFactors, Fin.prod_univ_succ, p]

Note: This linter can be disabled with `set_option linter.unusedSimpArgs false`
/home/dombarker/project-offloads/aspis-r57-lean-src-20260929-a/AspisV8R19/R748JointWitnessPointEntry.lean:96:34: warning: This simp argument is unused:
  sourceMultilinearFactors

Hint: Omit it from the simp argument list.
  simp +decide [sourcePointBasis, s̵o̵u̵r̵c̵e̵M̵u̵l̵t̵i̵l̵i̵n̵e̵a̵r̵F̵a̵c̵t̵o̵r̵s̵,̵ ̵Fin.prod_univ_succ, p]

Note: This linter can be disabled with `set_option linter.unusedSimpArgs false`
/home/dombarker/project-offloads/aspis-r57-lean-src-20260929-a/AspisV8R19/R748JointWitnessPointEntry.lean:96:60: warning: This simp argument is unused:
  Fin.prod_univ_succ

Hint: Omit it from the simp argument list.
  simp +decide [sourcePointBasis, sourceMultilinearFactors, F̵i̵n̵.̵p̵r̵o̵d̵_̵u̵n̵i̵v̵_̵s̵u̵c̵c̵,̵ ̵p]

Note: This linter can be disabled with `set_option linter.unusedSimpArgs false`
/home/dombarker/project-offloads/aspis-r57-lean-src-20260929-a/AspisV8R19/R748JointWitnessPointEntry.lean:96:80: warning: This simp argument is unused:
  p

Hint: Omit it from the simp argument list.
  simp +decide [sourcePointBasis, sourceMultilinearFactors, Fin.prod_univ_succ,̵ ̵p̵]

Note: This linter can be disabled with `set_option linter.unusedSimpArgs false`
/home/dombarker/project-offloads/aspis-r57-lean-src-20260929-a/AspisV8R19/R748JointWitnessPointEntry.lean:104:4: warning: 'change (47 : Fin 1024) ∈ T163SourceTable.inactive' tactic does nothing

Note: This linter can be disabled with `set_option linter.unusedTactic false`
/home/dombarker/project-offloads/aspis-r57-lean-src-20260929-a/AspisV8R19/R748JointWitnessPointEntry.lean:114:16: warning: This simp argument is unused:
  sourcePointBasis

Hint: Omit it from the simp argument list.
  simp +decide [sourceP̵o̵i̵n̵t̵B̵a̵s̵i̵s̵,̵ ̵s̵o̵u̵r̵c̵e̵MultilinearFactors, Fin.prod_univ_succ, p]

Note: This linter can be disabled with `set_option linter.unusedSimpArgs false`
/home/dombarker/project-offloads/aspis-r57-lean-src-20260929-a/AspisV8R19/R748JointWitnessPointEntry.lean:114:34: warning: This simp argument is unused:
  sourceMultilinearFactors

Hint: Omit it from the simp argument list.
  simp +decide [sourcePointBasis, s̵o̵u̵r̵c̵e̵M̵u̵l̵t̵i̵l̵i̵n̵e̵a̵r̵F̵a̵c̵t̵o̵r̵s̵,̵ ̵Fin.prod_univ_succ, p]

Note: This linter can be disabled with `set_option linter.unusedSimpArgs false`
/home/dombarker/project-offloads/aspis-r57-lean-src-20260929-a/AspisV8R19/R748JointWitnessPointEntry.lean:114:60: warning: This simp argument is unused:
  Fin.prod_univ_succ

Hint: Omit it from the simp argument list.
  simp +decide [sourcePointBasis, sourceMultilinearFactors, F̵i̵n̵.̵p̵r̵o̵d̵_̵u̵n̵i̵v̵_̵s̵u̵c̵c̵,̵ ̵p]

Note: This linter can be disabled with `set_option linter.unusedSimpArgs false`
/home/dombarker/project-offloads/aspis-r57-lean-src-20260929-a/AspisV8R19/R748JointWitnessPointEntry.lean:114:80: warning: This simp argument is unused:
  p

Hint: Omit it from the simp argument list.
  simp +decide [sourcePointBasis, sourceMultilinearFactors, Fin.prod_univ_succ,̵ ̵p̵]

Note: This linter can be disabled with `set_option linter.unusedSimpArgs false`
/home/dombarker/project-offloads/aspis-r57-lean-src-20260929-a/AspisV8R19/R748JointWitnessPointEntry.lean:122:4: warning: 'change (62 : Fin 1024) ∈ T163SourceTable.inactive' tactic does nothing

Note: This linter can be disabled with `set_option linter.unusedTactic false`
/home/dombarker/project-offloads/aspis-r57-lean-src-20260929-a/AspisV8R19/R748JointWitnessPointEntry.lean:132:16: warning: This simp argument is unused:
  sourcePointBasis

Hint: Omit it from the simp argument list.
  simp +decide [sourceP̵o̵i̵n̵t̵B̵a̵s̵i̵s̵,̵ ̵s̵o̵u̵r̵c̵e̵MultilinearFactors, Fin.prod_univ_succ, p]

Note: This linter can be disabled with `set_option linter.unusedSimpArgs false`
/home/dombarker/project-offloads/aspis-r57-lean-src-20260929-a/AspisV8R19/R748JointWitnessPointEntry.lean:132:34: warning: This simp argument is unused:
  sourceMultilinearFactors

Hint: Omit it from the simp argument list.
  simp +decide [sourcePointBasis, s̵o̵u̵r̵c̵e̵M̵u̵l̵t̵i̵l̵i̵n̵e̵a̵r̵F̵a̵c̵t̵o̵r̵s̵,̵ ̵Fin.prod_univ_succ, p]

Note: This linter can be disabled with `set_option linter.unusedSimpArgs false`
/home/dombarker/project-offloads/aspis-r57-lean-src-20260929-a/AspisV8R19/R748JointWitnessPointEntry.lean:132:60: warning: This simp argument is unused:
  Fin.prod_univ_succ

Hint: Omit it from the simp argument list.
  simp +decide [sourcePointBasis, sourceMultilinearFactors, F̵i̵n̵.̵p̵r̵o̵d̵_̵u̵n̵i̵v̵_̵s̵u̵c̵c̵,̵ ̵p]

Note: This linter can be disabled with `set_option linter.unusedSimpArgs false`
/home/dombarker/project-offloads/aspis-r57-lean-src-20260929-a/AspisV8R19/R748JointWitnessPointEntry.lean:132:80: warning: This simp argument is unused:
  p

Hint: Omit it from the simp argument list.
  simp +decide [sourcePointBasis, sourceMultilinearFactors, Fin.prod_univ_succ,̵ ̵p̵]

Note: This linter can be disabled with `set_option linter.unusedSimpArgs false`
/home/dombarker/project-offloads/aspis-r57-lean-src-20260929-a/AspisV8R19/R748JointWitnessPointEntry.lean:140:4: warning: 'change (13 : Fin 1024) ∈ T163SourceTable.inactive' tactic does nothing

Note: This linter can be disabled with `set_option linter.unusedTactic false`
/home/dombarker/project-offloads/aspis-r57-lean-src-20260929-a/AspisV8R19/R748JointWitnessPointEntry.lean:150:16: warning: This simp argument is unused:
  sourcePointBasis

Hint: Omit it from the simp argument list.
  simp +decide [sourceP̵o̵i̵n̵t̵B̵a̵s̵i̵s̵,̵ ̵s̵o̵u̵r̵c̵e̵MultilinearFactors, Fin.prod_univ_succ, p]

Note: This linter can be disabled with `set_option linter.unusedSimpArgs false`
/home/dombarker/project-offloads/aspis-r57-lean-src-20260929-a/AspisV8R19/R748JointWitnessPointEntry.lean:150:34: warning: This simp argument is unused:
  sourceMultilinearFactors

Hint: Omit it from the simp argument list.
  simp +decide [sourcePointBasis, s̵o̵u̵r̵c̵e̵M̵u̵l̵t̵i̵l̵i̵n̵e̵a̵r̵F̵a̵c̵t̵o̵r̵s̵,̵ ̵Fin.prod_univ_succ, p]

Note: This linter can be disabled with `set_option linter.unusedSimpArgs false`
/home/dombarker/project-offloads/aspis-r57-lean-src-20260929-a/AspisV8R19/R748JointWitnessPointEntry.lean:150:60: warning: This simp argument is unused:
  Fin.prod_univ_succ

Hint: Omit it from the simp argument list.
  simp +decide [sourcePointBasis, sourceMultilinearFactors, F̵i̵n̵.̵p̵r̵o̵d̵_̵u̵n̵i̵v̵_̵s̵u̵c̵c̵,̵ ̵p]

Note: This linter can be disabled with `set_option linter.unusedSimpArgs false`
/home/dombarker/project-offloads/aspis-r57-lean-src-20260929-a/AspisV8R19/R748JointWitnessPointEntry.lean:150:80: warning: This simp argument is unused:
  p

Hint: Omit it from the simp argument list.
  simp +decide [sourcePointBasis, sourceMultilinearFactors, Fin.prod_univ_succ,̵ ̵p̵]

Note: This linter can be disabled with `set_option linter.unusedSimpArgs false`
/home/dombarker/project-offloads/aspis-r57-lean-src-20260929-a/AspisV8R19/R748JointWitnessPointEntry.lean:169:16: warning: This simp argument is unused:
  sourcePointBasis

Hint: Omit it from the simp argument list.
  simp +decide [sourceP̵o̵i̵n̵t̵B̵a̵s̵i̵s̵,̵ ̵s̵o̵u̵r̵c̵e̵MultilinearFactors, Fin.prod_univ_succ, p]

Note: This linter can be disabled with `set_option linter.unusedSimpArgs false`
/home/dombarker/project-offloads/aspis-r57-lean-src-20260929-a/AspisV8R19/R748JointWitnessPointEntry.lean:169:34: warning: This simp argument is unused:
  sourceMultilinearFactors

Hint: Omit it from the simp argument list.
  simp +decide [sourcePointBasis, s̵o̵u̵r̵c̵e̵M̵u̵l̵t̵i̵l̵i̵n̵e̵a̵r̵F̵a̵c̵t̵o̵r̵s̵,̵ ̵Fin.prod_univ_succ, p]

Note: This linter can be disabled with `set_option linter.unusedSimpArgs false`
/home/dombarker/project-offloads/aspis-r57-lean-src-20260929-a/AspisV8R19/R748JointWitnessPointEntry.lean:169:60: warning: This simp argument is unused:
  Fin.prod_univ_succ

Hint: Omit it from the simp argument list.
  simp +decide [sourcePointBasis, sourceMultilinearFactors, F̵i̵n̵.̵p̵r̵o̵d̵_̵u̵n̵i̵v̵_̵s̵u̵c̵c̵,̵ ̵p]

Note: This linter can be disabled with `set_option linter.unusedSimpArgs false`
/home/dombarker/project-offloads/aspis-r57-lean-src-20260929-a/AspisV8R19/R748JointWitnessPointEntry.lean:169:80: warning: This simp argument is unused:
  p

Hint: Omit it from the simp argument list.
  simp +decide [sourcePointBasis, sourceMultilinearFactors, Fin.prod_univ_succ,̵ ̵p̵]

Note: This linter can be disabled with `set_option linter.unusedSimpArgs false`
/home/dombarker/project-offloads/aspis-r57-lean-src-20260929-a/AspisV8R19/R748JointWitnessPointEntry.lean:177:4: warning: 'change (269 : Fin 1024) ∈ T163SourceTable.inactive' tactic does nothing

Note: This linter can be disabled with `set_option linter.unusedTactic false`
/home/dombarker/project-offloads/aspis-r57-lean-src-20260929-a/AspisV8R19/R748JointWitnessPointEntry.lean:187:16: warning: This simp argument is unused:
  sourcePointBasis

Hint: Omit it from the simp argument list.
  simp +decide [sourceP̵o̵i̵n̵t̵B̵a̵s̵i̵s̵,̵ ̵s̵o̵u̵r̵c̵e̵MultilinearFactors, Fin.prod_univ_succ, p]

Note: This linter can be disabled with `set_option linter.unusedSimpArgs false`
/home/dombarker/project-offloads/aspis-r57-lean-src-20260929-a/AspisV8R19/R748JointWitnessPointEntry.lean:187:34: warning: This simp argument is unused:
  sourceMultilinearFactors

Hint: Omit it from the simp argument list.
  simp +decide [sourcePointBasis, s̵o̵u̵r̵c̵e̵M̵u̵l̵t̵i̵l̵i̵n̵e̵a̵r̵F̵a̵c̵t̵o̵r̵s̵,̵ ̵Fin.prod_univ_succ, p]

Note: This linter can be disabled with `set_option linter.unusedSimpArgs false`
/home/dombarker/project-offloads/aspis-r57-lean-src-20260929-a/AspisV8R19/R748JointWitnessPointEntry.lean:187:60: warning: This simp argument is unused:
  Fin.prod_univ_succ

Hint: Omit it from the simp argument list.
  simp +decide [sourcePointBasis, sourceMultilinearFactors, F̵i̵n̵.̵p̵r̵o̵d̵_̵u̵n̵i̵v̵_̵s̵u̵c̵c̵,̵ ̵p]

Note: This linter can be disabled with `set_option linter.unusedSimpArgs false`
/home/dombarker/project-offloads/aspis-r57-lean-src-20260929-a/AspisV8R19/R748JointWitnessPointEntry.lean:187:80: warning: This simp argument is unused:
  p

Hint: Omit it from the simp argument list.
  simp +decide [sourcePointBasis, sourceMultilinearFactors, Fin.prod_univ_succ,̵ ̵p̵]

Note: This linter can be disabled with `set_option linter.unusedSimpArgs false`
/home/dombarker/project-offloads/aspis-r57-lean-src-20260929-a/AspisV8R19/R748JointWitnessPointEntry.lean:206:16: warning: This simp argument is unused:
  sourcePointBasis

Hint: Omit it from the simp argument list.
  simp +decide [sourceP̵o̵i̵n̵t̵B̵a̵s̵i̵s̵,̵ ̵s̵o̵u̵r̵c̵e̵MultilinearFactors, Fin.prod_univ_succ, p]

Note: This linter can be disabled with `set_option linter.unusedSimpArgs false`
/home/dombarker/project-offloads/aspis-r57-lean-src-20260929-a/AspisV8R19/R748JointWitnessPointEntry.lean:206:34: warning: This simp argument is unused:
  sourceMultilinearFactors

Hint: Omit it from the simp argument list.
  simp +decide [sourcePointBasis, s̵o̵u̵r̵c̵e̵M̵u̵l̵t̵i̵l̵i̵n̵e̵a̵r̵F̵a̵c̵t̵o̵r̵s̵,̵ ̵Fin.prod_univ_succ, p]

Note: This linter can be disabled with `set_option linter.unusedSimpArgs false`
/home/dombarker/project-offloads/aspis-r57-lean-src-20260929-a/AspisV8R19/R748JointWitnessPointEntry.lean:206:60: warning: This simp argument is unused:
  Fin.prod_univ_succ

Hint: Omit it from the simp argument list.
  simp +decide [sourcePointBasis, sourceMultilinearFactors, F̵i̵n̵.̵p̵r̵o̵d̵_̵u̵n̵i̵v̵_̵s̵u̵c̵c̵,̵ ̵p]

Note: This linter can be disabled with `set_option linter.unusedSimpArgs false`
/home/dombarker/project-offloads/aspis-r57-lean-src-20260929-a/AspisV8R19/R748JointWitnessPointEntry.lean:206:80: warning: This simp argument is unused:
  p

Hint: Omit it from the simp argument list.
  simp +decide [sourcePointBasis, sourceMultilinearFactors, Fin.prod_univ_succ,̵ ̵p̵]

Note: This linter can be disabled with `set_option linter.unusedSimpArgs false`
/home/dombarker/project-offloads/aspis-r57-lean-src-20260929-a/AspisV8R19/R748JointWitnessPointEntry.lean:214:4: warning: 'change (397 : Fin 1024) ∈ T163SourceTable.inactive' tactic does nothing

Note: This linter can be disabled with `set_option linter.unusedTactic false`
/home/dombarker/project-offloads/aspis-r57-lean-src-20260929-a/AspisV8R19/R748JointWitnessPointEntry.lean:224:16: warning: This simp argument is unused:
  sourcePointBasis

Hint: Omit it from the simp argument list.
  simp +decide [sourceP̵o̵i̵n̵t̵B̵a̵s̵i̵s̵,̵ ̵s̵o̵u̵r̵c̵e̵MultilinearFactors, Fin.prod_univ_succ, p]

Note: This linter can be disabled with `set_option linter.unusedSimpArgs false`
/home/dombarker/project-offloads/aspis-r57-lean-src-20260929-a/AspisV8R19/R748JointWitnessPointEntry.lean:224:34: warning: This simp argument is unused:
  sourceMultilinearFactors

Hint: Omit it from the simp argument list.
  simp +decide [sourcePointBasis, s̵o̵u̵r̵c̵e̵M̵u̵l̵t̵i̵l̵i̵n̵e̵a̵r̵F̵a̵c̵t̵o̵r̵s̵,̵ ̵Fin.prod_univ_succ, p]

Note: This linter can be disabled with `set_option linter.unusedSimpArgs false`
/home/dombarker/project-offloads/aspis-r57-lean-src-20260929-a/AspisV8R19/R748JointWitnessPointEntry.lean:224:60: warning: This simp argument is unused:
  Fin.prod_univ_succ

Hint: Omit it from the simp argument list.
  simp +decide [sourcePointBasis, sourceMultilinearFactors, F̵i̵n̵.̵p̵r̵o̵d̵_̵u̵n̵i̵v̵_̵s̵u̵c̵c̵,̵ ̵p]

Note: This linter can be disabled with `set_option linter.unusedSimpArgs false`
/home/dombarker/project-offloads/aspis-r57-lean-src-20260929-a/AspisV8R19/R748JointWitnessPointEntry.lean:224:80: warning: This simp argument is unused:
  p

Hint: Omit it from the simp argument list.
  simp +decide [sourcePointBasis, sourceMultilinearFactors, Fin.prod_univ_succ,̵ ̵p̵]

Note: This linter can be disabled with `set_option linter.unusedSimpArgs false`
/home/dombarker/project-offloads/aspis-r57-lean-src-20260929-a/AspisV8R19/R748JointWitnessPointEntry.lean:243:16: warning: This simp argument is unused:
  sourcePointBasis

Hint: Omit it from the simp argument list.
  simp +decide [sourceP̵o̵i̵n̵t̵B̵a̵s̵i̵s̵,̵ ̵s̵o̵u̵r̵c̵e̵MultilinearFactors, Fin.prod_univ_succ, p]

Note: This linter can be disabled with `set_option linter.unusedSimpArgs false`
/home/dombarker/project-offloads/aspis-r57-lean-src-20260929-a/AspisV8R19/R748JointWitnessPointEntry.lean:243:34: warning: This simp argument is unused:
  sourceMultilinearFactors

Hint: Omit it from the simp argument list.
  simp +decide [sourcePointBasis, s̵o̵u̵r̵c̵e̵M̵u̵l̵t̵i̵l̵i̵n̵e̵a̵r̵F̵a̵c̵t̵o̵r̵s̵,̵ ̵Fin.prod_univ_succ, p]

Note: This linter can be disabled with `set_option linter.unusedSimpArgs false`
/home/dombarker/project-offloads/aspis-r57-lean-src-20260929-a/AspisV8R19/R748JointWitnessPointEntry.lean:243:60: warning: This simp argument is unused:
  Fin.prod_univ_succ

Hint: Omit it from the simp argument list.
  simp +decide [sourcePointBasis, sourceMultilinearFactors, F̵i̵n̵.̵p̵r̵o̵d̵_̵u̵n̵i̵v̵_̵s̵u̵c̵c̵,̵ ̵p]

Note: This linter can be disabled with `set_option linter.unusedSimpArgs false`
/home/dombarker/project-offloads/aspis-r57-lean-src-20260929-a/AspisV8R19/R748JointWitnessPointEntry.lean:243:80: warning: This simp argument is unused:
  p

Hint: Omit it from the simp argument list.
  simp +decide [sourcePointBasis, sourceMultilinearFactors, Fin.prod_univ_succ,̵ ̵p̵]

Note: This linter can be disabled with `set_option linter.unusedSimpArgs false`
/home/dombarker/project-offloads/aspis-r57-lean-src-20260929-a/AspisV8R19/R748JointWitnessPointEntry.lean:251:4: warning: 'change (461 : Fin 1024) ∈ T163SourceTable.inactive' tactic does nothing

Note: This linter can be disabled with `set_option linter.unusedTactic false`
/home/dombarker/project-offloads/aspis-r57-lean-src-20260929-a/AspisV8R19/R748JointWitnessPointEntry.lean:261:16: warning: This simp argument is unused:
  sourcePointBasis

Hint: Omit it from the simp argument list.
  simp +decide [sourceP̵o̵i̵n̵t̵B̵a̵s̵i̵s̵,̵ ̵s̵o̵u̵r̵c̵e̵MultilinearFactors, Fin.prod_univ_succ, p]

Note: This linter can be disabled with `set_option linter.unusedSimpArgs false`
/home/dombarker/project-offloads/aspis-r57-lean-src-20260929-a/AspisV8R19/R748JointWitnessPointEntry.lean:261:34: warning: This simp argument is unused:
  sourceMultilinearFactors

Hint: Omit it from the simp argument list.
  simp +decide [sourcePointBasis, s̵o̵u̵r̵c̵e̵M̵u̵l̵t̵i̵l̵i̵n̵e̵a̵r̵F̵a̵c̵t̵o̵r̵s̵,̵ ̵Fin.prod_univ_succ, p]

Note: This linter can be disabled with `set_option linter.unusedSimpArgs false`
/home/dombarker/project-offloads/aspis-r57-lean-src-20260929-a/AspisV8R19/R748JointWitnessPointEntry.lean:261:60: warning: This simp argument is unused:
  Fin.prod_univ_succ

Hint: Omit it from the simp argument list.
  simp +decide [sourcePointBasis, sourceMultilinearFactors, F̵i̵n̵.̵p̵r̵o̵d̵_̵u̵n̵i̵v̵_̵s̵u̵c̵c̵,̵ ̵p]

Note: This linter can be disabled with `set_option linter.unusedSimpArgs false`
/home/dombarker/project-offloads/aspis-r57-lean-src-20260929-a/AspisV8R19/R748JointWitnessPointEntry.lean:261:80: warning: This simp argument is unused:
  p

Hint: Omit it from the simp argument list.
  simp +decide [sourcePointBasis, sourceMultilinearFactors, Fin.prod_univ_succ,̵ ̵p̵]

Note: This linter can be disabled with `set_option linter.unusedSimpArgs false`
/home/dombarker/project-offloads/aspis-r57-lean-src-20260929-a/AspisV8R19/R748JointWitnessPointEntry.lean:269:4: warning: 'change (476 : Fin 1024) ∈ T163SourceTable.inactive' tactic does nothing

Note: This linter can be disabled with `set_option linter.unusedTactic false`
/home/dombarker/project-offloads/aspis-r57-lean-src-20260929-a/AspisV8R19/R748JointWitnessPointEntry.lean:279:16: warning: This simp argument is unused:
  sourcePointBasis

Hint: Omit it from the simp argument list.
  simp +decide [sourceP̵o̵i̵n̵t̵B̵a̵s̵i̵s̵,̵ ̵s̵o̵u̵r̵c̵e̵MultilinearFactors, Fin.prod_univ_succ, p]

Note: This linter can be disabled with `set_option linter.unusedSimpArgs false`
/home/dombarker/project-offloads/aspis-r57-lean-src-20260929-a/AspisV8R19/R748JointWitnessPointEntry.lean:279:34: warning: This simp argument is unused:
  sourceMultilinearFactors

Hint: Omit it from the simp argument list.
  simp +decide [sourcePointBasis, s̵o̵u̵r̵c̵e̵M̵u̵l̵t̵i̵l̵i̵n̵e̵a̵r̵F̵a̵c̵t̵o̵r̵s̵,̵ ̵Fin.prod_univ_succ, p]

Note: This linter can be disabled with `set_option linter.unusedSimpArgs false`
/home/dombarker/project-offloads/aspis-r57-lean-src-20260929-a/AspisV8R19/R748JointWitnessPointEntry.lean:279:60: warning: This simp argument is unused:
  Fin.prod_univ_succ

Hint: Omit it from the simp argument list.
  simp +decide [sourcePointBasis, sourceMultilinearFactors, F̵i̵n̵.̵p̵r̵o̵d̵_̵u̵n̵i̵v̵_̵s̵u̵c̵c̵,̵ ̵p]

Note: This linter can be disabled with `set_option linter.unusedSimpArgs false`
/home/dombarker/project-offloads/aspis-r57-lean-src-20260929-a/AspisV8R19/R748JointWitnessPointEntry.lean:279:80: warning: This simp argument is unused:
  p

Hint: Omit it from the simp argument list.
  simp +decide [sourcePointBasis, sourceMultilinearFactors, Fin.prod_univ_succ,̵ ̵p̵]

Note: This linter can be disabled with `set_option linter.unusedSimpArgs false`
/home/dombarker/project-offloads/aspis-r57-lean-src-20260929-a/AspisV8R19/R748JointWitnessPointEntry.lean:287:4: warning: 'change (492 : Fin 1024) ∈ T163SourceTable.inactive' tactic does nothing

Note: This linter can be disabled with `set_option linter.unusedTactic false`
/home/dombarker/project-offloads/aspis-r57-lean-src-20260929-a/AspisV8R19/R748JointWitnessPointEntry.lean:297:16: warning: This simp argument is unused:
  sourcePointBasis

Hint: Omit it from the simp argument list.
  simp +decide [sourceP̵o̵i̵n̵t̵B̵a̵s̵i̵s̵,̵ ̵s̵o̵u̵r̵c̵e̵MultilinearFactors, Fin.prod_univ_succ, p]

Note: This linter can be disabled with `set_option linter.unusedSimpArgs false`
/home/dombarker/project-offloads/aspis-r57-lean-src-20260929-a/AspisV8R19/R748JointWitnessPointEntry.lean:297:34: warning: This simp argument is unused:
  sourceMultilinearFactors

Hint: Omit it from the simp argument list.
  simp +decide [sourcePointBasis, s̵o̵u̵r̵c̵e̵M̵u̵l̵t̵i̵l̵i̵n̵e̵a̵r̵F̵a̵c̵t̵o̵r̵s̵,̵ ̵Fin.prod_univ_succ, p]

Note: This linter can be disabled with `set_option linter.unusedSimpArgs false`
/home/dombarker/project-offloads/aspis-r57-lean-src-20260929-a/AspisV8R19/R748JointWitnessPointEntry.lean:297:60: warning: This simp argument is unused:
  Fin.prod_univ_succ

Hint: Omit it from the simp argument list.
  simp +decide [sourcePointBasis, sourceMultilinearFactors, F̵i̵n̵.̵p̵r̵o̵d̵_̵u̵n̵i̵v̵_̵s̵u̵c̵c̵,̵ ̵p]

Note: This linter can be disabled with `set_option linter.unusedSimpArgs false`
/home/dombarker/project-offloads/aspis-r57-lean-src-20260929-a/AspisV8R19/R748JointWitnessPointEntry.lean:297:80: warning: This simp argument is unused:
  p

Hint: Omit it from the simp argument list.
  simp +decide [sourcePointBasis, sourceMultilinearFactors, Fin.prod_univ_succ,̵ ̵p̵]

Note: This linter can be disabled with `set_option linter.unusedSimpArgs false`
/home/dombarker/project-offloads/aspis-r57-lean-src-20260929-a/AspisV8R19/R748JointWitnessPointEntry.lean:305:4: warning: 'change (493 : Fin 1024) ∈ T163SourceTable.inactive' tactic does nothing

Note: This linter can be disabled with `set_option linter.unusedTactic false`
/home/dombarker/project-offloads/aspis-r57-lean-src-20260929-a/AspisV8R19/R748JointWitnessPointEntry.lean:315:16: warning: This simp argument is unused:
  sourcePointBasis

Hint: Omit it from the simp argument list.
  simp +decide [sourceP̵o̵i̵n̵t̵B̵a̵s̵i̵s̵,̵ ̵s̵o̵u̵r̵c̵e̵MultilinearFactors, Fin.prod_univ_succ, p]

Note: This linter can be disabled with `set_option linter.unusedSimpArgs false`
/home/dombarker/project-offloads/aspis-r57-lean-src-20260929-a/AspisV8R19/R748JointWitnessPointEntry.lean:315:34: warning: This simp argument is unused:
  sourceMultilinearFactors

Hint: Omit it from the simp argument list.
  simp +decide [sourcePointBasis, s̵o̵u̵r̵c̵e̵M̵u̵l̵t̵i̵l̵i̵n̵e̵a̵r̵F̵a̵c̵t̵o̵r̵s̵,̵ ̵Fin.prod_univ_succ, p]

Note: This linter can be disabled with `set_option linter.unusedSimpArgs false`
/home/dombarker/project-offloads/aspis-r57-lean-src-20260929-a/AspisV8R19/R748JointWitnessPointEntry.lean:315:60: warning: This simp argument is unused:
  Fin.prod_univ_succ

Hint: Omit it from the simp argument list.
  simp +decide [sourcePointBasis, sourceMultilinearFactors, F̵i̵n̵.̵p̵r̵o̵d̵_̵u̵n̵i̵v̵_̵s̵u̵c̵c̵,̵ ̵p]

Note: This linter can be disabled with `set_option linter.unusedSimpArgs false`
/home/dombarker/project-offloads/aspis-r57-lean-src-20260929-a/AspisV8R19/R748JointWitnessPointEntry.lean:315:80: warning: This simp argument is unused:
  p

Hint: Omit it from the simp argument list.
  simp +decide [sourcePointBasis, sourceMultilinearFactors, Fin.prod_univ_succ,̵ ̵p̵]

Note: This linter can be disabled with `set_option linter.unusedSimpArgs false`
/home/dombarker/project-offloads/aspis-r57-lean-src-20260929-a/AspisV8R19/R748JointWitnessPointEntry.lean:334:16: warning: This simp argument is unused:
  sourcePointBasis

Hint: Omit it from the simp argument list.
  simp +decide [sourceP̵o̵i̵n̵t̵B̵a̵s̵i̵s̵,̵ ̵s̵o̵u̵r̵c̵e̵MultilinearFactors, Fin.prod_univ_succ, p]

Note: This linter can be disabled with `set_option linter.unusedSimpArgs false`
/home/dombarker/project-offloads/aspis-r57-lean-src-20260929-a/AspisV8R19/R748JointWitnessPointEntry.lean:334:34: warning: This simp argument is unused:
  sourceMultilinearFactors

Hint: Omit it from the simp argument list.
  simp +decide [sourcePointBasis, s̵o̵u̵r̵c̵e̵M̵u̵l̵t̵i̵l̵i̵n̵e̵a̵r̵F̵a̵c̵t̵o̵r̵s̵,̵ ̵Fin.prod_univ_succ, p]

Note: This linter can be disabled with `set_option linter.unusedSimpArgs false`
/home/dombarker/project-offloads/aspis-r57-lean-src-20260929-a/AspisV8R19/R748JointWitnessPointEntry.lean:334:60: warning: This simp argument is unused:
  Fin.prod_univ_succ

Hint: Omit it from the simp argument list.
  simp +decide [sourcePointBasis, sourceMultilinearFactors, F̵i̵n̵.̵p̵r̵o̵d̵_̵u̵n̵i̵v̵_̵s̵u̵c̵c̵,̵ ̵p]

Note: This linter can be disabled with `set_option linter.unusedSimpArgs false`
/home/dombarker/project-offloads/aspis-r57-lean-src-20260929-a/AspisV8R19/R748JointWitnessPointEntry.lean:334:80: warning: This simp argument is unused:
  p

Hint: Omit it from the simp argument list.
  simp +decide [sourcePointBasis, sourceMultilinearFactors, Fin.prod_univ_succ,̵ ̵p̵]

Note: This linter can be disabled with `set_option linter.unusedSimpArgs false`
/home/dombarker/project-offloads/aspis-r57-lean-src-20260929-a/AspisV8R19/R748JointWitnessPointEntry.lean:342:4: warning: 'change (509 : Fin 1024) ∈ T163SourceTable.inactive' tactic does nothing

Note: This linter can be disabled with `set_option linter.unusedTactic false`
/home/dombarker/project-offloads/aspis-r57-lean-src-20260929-a/AspisV8R19/R748JointWitnessPointEntry.lean:352:16: warning: This simp argument is unused:
  sourcePointBasis

Hint: Omit it from the simp argument list.
  simp +decide [sourceP̵o̵i̵n̵t̵B̵a̵s̵i̵s̵,̵ ̵s̵o̵u̵r̵c̵e̵MultilinearFactors, Fin.prod_univ_succ, p]

Note: This linter can be disabled with `set_option linter.unusedSimpArgs false`
/home/dombarker/project-offloads/aspis-r57-lean-src-20260929-a/AspisV8R19/R748JointWitnessPointEntry.lean:352:34: warning: This simp argument is unused:
  sourceMultilinearFactors

Hint: Omit it from the simp argument list.
  simp +decide [sourcePointBasis, s̵o̵u̵r̵c̵e̵M̵u̵l̵t̵i̵l̵i̵n̵e̵a̵r̵F̵a̵c̵t̵o̵r̵s̵,̵ ̵Fin.prod_univ_succ, p]

Note: This linter can be disabled with `set_option linter.unusedSimpArgs false`
/home/dombarker/project-offloads/aspis-r57-lean-src-20260929-a/AspisV8R19/R748JointWitnessPointEntry.lean:352:60: warning: This simp argument is unused:
  Fin.prod_univ_succ

Hint: Omit it from the simp argument list.
  simp +decide [sourcePointBasis, sourceMultilinearFactors, F̵i̵n̵.̵p̵r̵o̵d̵_̵u̵n̵i̵v̵_̵s̵u̵c̵c̵,̵ ̵p]

Note: This linter can be disabled with `set_option linter.unusedSimpArgs false`
/home/dombarker/project-offloads/aspis-r57-lean-src-20260929-a/AspisV8R19/R748JointWitnessPointEntry.lean:352:80: warning: This simp argument is unused:
  p

Hint: Omit it from the simp argument list.
  simp +decide [sourcePointBasis, sourceMultilinearFactors, Fin.prod_univ_succ,̵ ̵p̵]

Note: This linter can be disabled with `set_option linter.unusedSimpArgs false`
/home/dombarker/project-offloads/aspis-r57-lean-src-20260929-a/AspisV8R19/R748JointWitnessPointEntry.lean:360:4: warning: 'change (525 : Fin 1024) ∈ T163SourceTable.inactive' tactic does nothing

Note: This linter can be disabled with `set_option linter.unusedTactic false`
/home/dombarker/project-offloads/aspis-r57-lean-src-20260929-a/AspisV8R19/R748JointWitnessPointEntry.lean:370:16: warning: This simp argument is unused:
  sourcePointBasis

Hint: Omit it from the simp argument list.
  simp +decide [sourceP̵o̵i̵n̵t̵B̵a̵s̵i̵s̵,̵ ̵s̵o̵u̵r̵c̵e̵MultilinearFactors, Fin.prod_univ_succ, p]

Note: This linter can be disabled with `set_option linter.unusedSimpArgs false`
/home/dombarker/project-offloads/aspis-r57-lean-src-20260929-a/AspisV8R19/R748JointWitnessPointEntry.lean:370:34: warning: This simp argument is unused:
  sourceMultilinearFactors

Hint: Omit it from the simp argument list.
  simp +decide [sourcePointBasis, s̵o̵u̵r̵c̵e̵M̵u̵l̵t̵i̵l̵i̵n̵e̵a̵r̵F̵a̵c̵t̵o̵r̵s̵,̵ ̵Fin.prod_univ_succ, p]

Note: This linter can be disabled with `set_option linter.unusedSimpArgs false`
/home/dombarker/project-offloads/aspis-r57-lean-src-20260929-a/AspisV8R19/R748JointWitnessPointEntry.lean:370:60: warning: This simp argument is unused:
  Fin.prod_univ_succ

Hint: Omit it from the simp argument list.
  simp +decide [sourcePointBasis, sourceMultilinearFactors, F̵i̵n̵.̵p̵r̵o̵d̵_̵u̵n̵i̵v̵_̵s̵u̵c̵c̵,̵ ̵p]

Note: This linter can be disabled with `set_option linter.unusedSimpArgs false`
/home/dombarker/project-offloads/aspis-r57-lean-src-20260929-a/AspisV8R19/R748JointWitnessPointEntry.lean:370:80: warning: This simp argument is unused:
  p

Hint: Omit it from the simp argument list.
  simp +decide [sourcePointBasis, sourceMultilinearFactors, Fin.prod_univ_succ,̵ ̵p̵]

Note: This linter can be disabled with `set_option linter.unusedSimpArgs false`
/home/dombarker/project-offloads/aspis-r57-lean-src-20260929-a/AspisV8R19/R748JointWitnessPointEntry.lean:389:16: warning: This simp argument is unused:
  sourcePointBasis

Hint: Omit it from the simp argument list.
  simp +decide [sourceP̵o̵i̵n̵t̵B̵a̵s̵i̵s̵,̵ ̵s̵o̵u̵r̵c̵e̵MultilinearFactors, Fin.prod_univ_succ, p]

Note: This linter can be disabled with `set_option linter.unusedSimpArgs false`
/home/dombarker/project-offloads/aspis-r57-lean-src-20260929-a/AspisV8R19/R748JointWitnessPointEntry.lean:389:34: warning: This simp argument is unused:
  sourceMultilinearFactors

Hint: Omit it from the simp argument list.
  simp +decide [sourcePointBasis, s̵o̵u̵r̵c̵e̵M̵u̵l̵t̵i̵l̵i̵n̵e̵a̵r̵F̵a̵c̵t̵o̵r̵s̵,̵ ̵Fin.prod_univ_succ, p]

Note: This linter can be disabled with `set_option linter.unusedSimpArgs false`
/home/dombarker/project-offloads/aspis-r57-lean-src-20260929-a/AspisV8R19/R748JointWitnessPointEntry.lean:389:60: warning: This simp argument is unused:
  Fin.prod_univ_succ

Hint: Omit it from the simp argument list.
  simp +decide [sourcePointBasis, sourceMultilinearFactors, F̵i̵n̵.̵p̵r̵o̵d̵_̵u̵n̵i̵v̵_̵s̵u̵c̵c̵,̵ ̵p]

Note: This linter can be disabled with `set_option linter.unusedSimpArgs false`
/home/dombarker/project-offloads/aspis-r57-lean-src-20260929-a/AspisV8R19/R748JointWitnessPointEntry.lean:389:80: warning: This simp argument is unused:
  p

Hint: Omit it from the simp argument list.
  simp +decide [sourcePointBasis, sourceMultilinearFactors, Fin.prod_univ_succ,̵ ̵p̵]

Note: This linter can be disabled with `set_option linter.unusedSimpArgs false`
/home/dombarker/project-offloads/aspis-r57-lean-src-20260929-a/AspisV8R19/R748JointWitnessPointEntry.lean:395:43: warning: This simp argument is unused:
  ↓reduceIte

Hint: Omit it from the simp argument list.
  simp only [Nat.reduceMod, Nat.reduceDiv,̵ ̵↓̵r̵e̵d̵u̵c̵e̵I̵t̵e̵]

Note: This linter can be disabled with `set_option linter.unusedSimpArgs false`
/home/dombarker/project-offloads/aspis-r57-lean-src-20260929-a/AspisV8R19/R748JointWitnessPointEntry.lean:419:43: warning: This simp argument is unused:
  ↓reduceIte

Hint: Omit it from the simp argument list.
  simp only [Nat.reduceMod, Nat.reduceDiv,̵ ̵↓̵r̵e̵d̵u̵c̵e̵I̵t̵e̵]

Note: This linter can be disabled with `set_option linter.unusedSimpArgs false`
'AspisV8R19.R748FiniteGatherSchedules.gather95' depends on axioms: [propext]
'AspisV8R19.R748JointWitnessPointEntry.pw191' depends on axioms: [propext, Classical.choice, Quot.sound]
'AspisV8R19.R748JointWitnessPointEntry.pw188' depends on axioms: [propext, Classical.choice, Quot.sound]
'AspisV8R19.R748JointWitnessPointEntry.pw3' depends on axioms: [propext, Classical.choice, Quot.sound]
'AspisV8R19.R748JointWitnessPointEntry.pw0' depends on axioms: [propext, Classical.choice, Quot.sound]
'AspisV8R19.R748JointWitnessPointEntry.fixed_point_entry' depends on axioms: [propext, Classical.choice, Quot.sound]
	Command being timed: "/home/dombarker/.elan/bin/lake --dir /home/dombarker/project-offloads/aspis-r126-release-20260930-a/focus-workspace env lean -j1 -M4500 -R /home/dombarker/project-offloads/aspis-r57-lean-src-20260929-a -o /home/dombarker/project-offloads/aspis-r126-release-20260930-a/lib/AspisV8R19/R748JointWitnessPointEntry.olean /home/dombarker/project-offloads/aspis-r57-lean-src-20260929-a/AspisV8R19/R748JointWitnessPointEntry.lean"
	User time (seconds): 14.08
	System time (seconds): 0.59
	Percent of CPU this job got: 100%
	Elapsed (wall clock) time (h:mm:ss or m:ss): 0:14.66
	Average shared text size (kbytes): 0
	Average unshared data size (kbytes): 0
	Average stack size (kbytes): 0
	Average total size (kbytes): 0
	Maximum resident set size (kbytes): 3800908
	Average resident set size (kbytes): 0
	Major (requiring I/O) page faults: 0
	Minor (reclaiming a frame) page faults: 177496
	Voluntary context switches: 3312
	Involuntary context switches: 141
	Swaps: 0
	File system inputs: 8
	File system outputs: 2152
	Socket messages sent: 0
	Socket messages received: 0
	Signals delivered: 0
	Page size (bytes): 4096
	Exit status: 0
Finished with result: success
Main processes terminated with: code=exited/status=0
Service runtime: 14.688s
CPU time consumed: 14.702s
Memory peak: 256.0K
Memory swap peak: 0B
