info: r45_focused: no previous manifest, creating one from scratch
info: toolchain not updated; already up-to-date
Try this:
  [apply] ring_nf
  
  The `ring` tactic failed to close the goal. Use `ring_nf` to obtain a normal form.
    
  Note that `ring` works primarily in *commutative* rings. If you have a noncommutative ring, abelian group or module, consider using `noncomm_ring`, `abel` or `module` instead.
/home/dombarker/project-offloads/aspis-r45-lean-src-20260929-a/AspisV8R19/SourceEncodedOpening.lean:24:14: error: unsolved goals
case succ
F : Type u_1
inst✝¹ : Field F
inst✝ : NeZero 2
v : ℕ → F
x y : F
n : ℕ
ih :
  ∑ r ∈ Finset.range (2 * n), circleWeight x y r * v r =
    ∑ x_1 ∈ Finset.range n, naturalLineValue x x_1 * v (2 * x_1) +
      y * ∑ x_1 ∈ Finset.range n, naturalLineValue x x_1 * v (2 * x_1 + 1)
⊢ ∑ x_1 ∈ Finset.range n, naturalLineValue x x_1 * v (x_1 * 2) +
          y * ∑ x_1 ∈ Finset.range n, naturalLineValue x x_1 * v (1 + x_1 * 2) +
        naturalLineValue x (n * 2 / 2) * v (n * 2) +
      (naturalLineValue x ((1 + n * 2) / 2) * if 1 = 0 then 1 else y) * v (1 + n * 2) =
    ∑ x_1 ∈ Finset.range n, naturalLineValue x x_1 * v (x_1 * 2) +
          y * ∑ x_1 ∈ Finset.range n, naturalLineValue x x_1 * v (1 + x_1 * 2) +
        y * v (1 + n * 2) * naturalLineValue x n +
      v (n * 2) * naturalLineValue x n
/home/dombarker/project-offloads/aspis-r45-lean-src-20260929-a/AspisV8R19/SourceEncodedOpening.lean:27:50: warning: This simp argument is unused:
  Nat.mul_div_right

Hint: Omit it from the simp argument list.
  simp only [̵F̵i̵n̵s̵e̵t̵.̵s̵u̵m̵_̵r̵a̵n̵g̵e̵_̵s̵u̵c̵c̵,̵c̵i̵r̵c̵l̵e̵W̵e̵i̵g̵h̵t̵,̵N̵a̵t̵.̵m̵u̵l̵_̵d̵i̵v̵_̵r̵i̵g̵h̵t̵,̵
  ̵ ̵ ̵ ̵ ̵ ̵ ̵N̵a̵t̵.̵m̵u̵l̵_̵m̵o̵d̵_̵r̵i̵g̵h̵t̵,̵N̵a̵t̵.̵m̵u̵l̵_̵a̵d̵d̵_̵d̵i̵v̵,̵s̵h̵o̵w̵ ̵1̵/̵2̵=̵0̵[̲F̲i̲n̲s̲e̲t̲.̲s̲u̲m̲_̲r̲a̲n̲g̲e̲_̲s̲u̲c̲c̲,̲ ̲c̲i̲r̲c̲l̲e̲W̲e̲i̲g̲h̲t̲,̲ ̲N̲a̲t̲.̲m̲u̲l̲_̲m̲o̲d̲_̲r̲i̲g̲h̲t̲,̲ ̲N̲a̲t̲.̲m̲u̲l̲_̲a̲d̲d̲_̲d̲i̲v̲,̲
  ̲ ̲ ̲ ̲ ̲ ̲ ̲s̲h̲o̲w̲ ̲1̲ ̲/̲ ̲2̲ ̲=̲ ̲0̲ by decide, N̵a̵t̵.̵a̵d̵d̵_̵z̵e̵r̵o̵,̵N̵a̵t̵.̵a̵d̵d̵_̵m̵o̵d̵,̵N̵a̵t̵.̵m̵o̵d̵_̵s̵e̵l̵f̵,̵N̵a̵t̵.̵z̵e̵r̵o̵_̵a̵d̵d̵,̵N̵a̵t̵.̵m̵o̵d̵_̵e̵q̵_̵o̵f̵_̵l̵t̵N̲a̲t̲.̲a̲d̲d̲_̲z̲e̲r̲o̲,̲ ̲N̲a̲t̲.̲a̲d̲d̲_̲m̲o̲d̲,̲ ̲N̲a̲t̲.̲m̲o̲d̲_̲s̲e̲l̲f̲,̲ ̲N̲a̲t̲.̲z̲e̲r̲o̲_̲a̲d̲d̲,̲
  ̲ ̲ ̲ ̲ ̲ ̲ ̲N̲a̲t̲.̲m̲o̲d̲_̲e̲q̲_̲o̲f̲_̲l̲t̲ (by decide : 1̵<̵2̵)̵,̵
  ̵ ̵ ̵ ̵ ̵ ̵ ̵↓̵r̵e̵d̵u̵c̵e̵I̵t̵e̵,̵m̵u̵l̵_̵o̵n̵e̵]̵1̲ ̲<̲ ̲2̲)̲,̲ ̲↓̲r̲e̲d̲u̲c̲e̲I̲t̲e̲,̲ ̲m̲u̲l̲_̲o̲n̲e̲]̲

Note: This linter can be disabled with `set_option linter.unusedSimpArgs false`
/home/dombarker/project-offloads/aspis-r45-lean-src-20260929-a/AspisV8R19/SourceEncodedOpening.lean:28:24: warning: This simp argument is unused:
  Nat.mul_add_div

Hint: Omit it from the simp argument list.
  simp only [̵F̵i̵n̵s̵e̵t̵.̵s̵u̵m̵_̵r̵a̵n̵g̵e̵_̵s̵u̵c̵c̵,̵c̵i̵r̵c̵l̵e̵W̵e̵i̵g̵h̵t̵,̵N̵a̵t̵.̵m̵u̵l̵_̵d̵i̵v̵_̵r̵i̵g̵h̵t̵,̵
  ̵ ̵ ̵ ̵ ̵ ̵ ̵N̵a̵t̵.̵m̵u̵l̵_̵m̵o̵d̵_̵r̵i̵g̵h̵t̵,̵N̵a̵t̵.̵m̵u̵l̵_̵a̵d̵d̵_̵d̵i̵v̵,̵s̵h̵o̵w̵ ̵1̵/̵2̵=̵0̵[̲F̲i̲n̲s̲e̲t̲.̲s̲u̲m̲_̲r̲a̲n̲g̲e̲_̲s̲u̲c̲c̲,̲ ̲c̲i̲r̲c̲l̲e̲W̲e̲i̲g̲h̲t̲,̲ ̲N̲a̲t̲.̲m̲u̲l̲_̲d̲i̲v̲_̲r̲i̲g̲h̲t̲,̲ ̲N̲a̲t̲.̲m̲u̲l̲_̲m̲o̲d̲_̲r̲i̲g̲h̲t̲,̲
  ̲ ̲ ̲ ̲ ̲ ̲ ̲s̲h̲o̲w̲ ̲1̲ ̲/̲ ̲2̲ ̲=̲ ̲0̲ by decide, N̵a̵t̵.̵a̵d̵d̵_̵z̵e̵r̵o̵,̵N̵a̵t̵.̵a̵d̵d̵_̵m̵o̵d̵,̵N̵a̵t̵.̵m̵o̵d̵_̵s̵e̵l̵f̵,̵N̵a̵t̵.̵z̵e̵r̵o̵_̵a̵d̵d̵,̵N̵a̵t̵.̵m̵o̵d̵_̵e̵q̵_̵o̵f̵_̵l̵t̵N̲a̲t̲.̲a̲d̲d̲_̲z̲e̲r̲o̲,̲ ̲N̲a̲t̲.̲a̲d̲d̲_̲m̲o̲d̲,̲ ̲N̲a̲t̲.̲m̲o̲d̲_̲s̲e̲l̲f̲,̲ ̲N̲a̲t̲.̲z̲e̲r̲o̲_̲a̲d̲d̲,̲
  ̲ ̲ ̲ ̲ ̲ ̲ ̲N̲a̲t̲.̲m̲o̲d̲_̲e̲q̲_̲o̲f̲_̲l̲t̲ (by decide : 1̵<̵2̵)̵,̵
  ̵ ̵ ̵ ̵ ̵ ̵ ̵↓̵r̵e̵d̵u̵c̵e̵I̵t̵e̵,̵m̵u̵l̵_̵o̵n̵e̵]̵1̲ ̲<̲ ̲2̲)̲,̲ ̲↓̲r̲e̲d̲u̲c̲e̲I̲t̲e̲,̲ ̲m̲u̲l̲_̲o̲n̲e̲]̲

Note: This linter can be disabled with `set_option linter.unusedSimpArgs false`
/home/dombarker/project-offloads/aspis-r45-lean-src-20260929-a/AspisV8R19/SourceEncodedOpening.lean:28:40: warning: This simp argument is unused:
  show 1 / 2 = 0 by decide

Hint: Omit it from the simp argument list.
  simp only [̵F̵i̵n̵s̵e̵t̵.̵s̵u̵m̵_̵r̵a̵n̵g̵e̵_̵s̵u̵c̵c̵,̵c̵i̵r̵c̵l̵e̵W̵e̵i̵g̵h̵t̵,̵N̵a̵t̵.̵m̵u̵l̵_̵d̵i̵v̵_̵r̵i̵g̵h̵t̵,̵
  ̵ ̵ ̵ ̵ ̵ ̵ ̵N̵a̵t̵.̵m̵u̵l̵_̵m̵o̵d̵_̵r̵i̵g̵h̵t̵,̵N̵a̵t̵.̵m̵u̵l̵_̵a̵d̵d̵_̵d̵i̵v̵,̵s̵h̵o̵w̵ ̵1̵/̵2̵=̵0̵ ̵b̵y̵ ̵d̵e̵c̵i̵d̵e̵,̵
  ̵ ̵ ̵ ̵ ̵ ̵ ̵N̵a̵t̵.̵a̵d̵d̵_̵z̵e̵r̵o̵,̵N̵a̵t̵.̵a̵d̵d̵_̵m̵o̵d̵,̵N̵a̵t̵.̵m̵o̵d̵_̵s̵e̵l̵f̵,̵N̵a̵t̵.̵z̵e̵r̵o̵_̵a̵d̵d̵,̵N̵a̵t̵.̵m̵o̵d̵_̵e̵q̵_̵o̵f̵_̵l̵t̵[̲F̲i̲n̲s̲e̲t̲.̲s̲u̲m̲_̲r̲a̲n̲g̲e̲_̲s̲u̲c̲c̲,̲ ̲c̲i̲r̲c̲l̲e̲W̲e̲i̲g̲h̲t̲,̲ ̲N̲a̲t̲.̲m̲u̲l̲_̲d̲i̲v̲_̲r̲i̲g̲h̲t̲,̲ ̲N̲a̲t̲.̲m̲u̲l̲_̲m̲o̲d̲_̲r̲i̲g̲h̲t̲,̲
  ̲ ̲ ̲ ̲ ̲ ̲ ̲N̲a̲t̲.̲m̲u̲l̲_̲a̲d̲d̲_̲d̲i̲v̲,̲ ̲N̲a̲t̲.̲a̲d̲d̲_̲z̲e̲r̲o̲,̲ ̲N̲a̲t̲.̲a̲d̲d̲_̲m̲o̲d̲,̲ ̲N̲a̲t̲.̲m̲o̲d̲_̲s̲e̲l̲f̲,̲ ̲N̲a̲t̲.̲z̲e̲r̲o̲_̲a̲d̲d̲,̲
  ̲ ̲ ̲ ̲ ̲ ̲ ̲N̲a̲t̲.̲m̲o̲d̲_̲e̲q̲_̲o̲f̲_̲l̲t̲ (by decide : 1̵<̵2̵)̵,̵
  ̵ ̵ ̵ ̵ ̵ ̵ ̵↓̵r̵e̵d̵u̵c̵e̵I̵t̵e̵,̵m̵u̵l̵_̵o̵n̵e̵]̵1̲ ̲<̲ ̲2̲)̲,̲ ̲↓̲r̲e̲d̲u̲c̲e̲I̲t̲e̲,̲ ̲m̲u̲l̲_̲o̲n̲e̲]̲

Note: This linter can be disabled with `set_option linter.unusedSimpArgs false`
/home/dombarker/project-offloads/aspis-r45-lean-src-20260929-a/AspisV8R19/SourceEncodedOpening.lean:29:6: warning: This simp argument is unused:
  Nat.add_zero

Hint: Omit it from the simp argument list.
  simp only [̵F̵i̵n̵s̵e̵t̵.̵s̵u̵m̵_̵r̵a̵n̵g̵e̵_̵s̵u̵c̵c̵,̵c̵i̵r̵c̵l̵e̵W̵e̵i̵g̵h̵t̵,̵N̵a̵t̵.̵m̵u̵l̵_̵d̵i̵v̵_̵r̵i̵g̵h̵t̵,̵
  ̵ ̵ ̵ ̵ ̵ ̵ ̵N̵a̵t̵.̵m̵u̵l̵_̵m̵o̵d̵_̵r̵i̵g̵h̵t̵,̵N̵a̵t̵.̵m̵u̵l̵_̵a̵d̵d̵_̵d̵i̵v̵,̵s̵h̵o̵w̵ ̵1̵/̵2̵=̵0̵[̲F̲i̲n̲s̲e̲t̲.̲s̲u̲m̲_̲r̲a̲n̲g̲e̲_̲s̲u̲c̲c̲,̲ ̲c̲i̲r̲c̲l̲e̲W̲e̲i̲g̲h̲t̲,̲ ̲N̲a̲t̲.̲m̲u̲l̲_̲d̲i̲v̲_̲r̲i̲g̲h̲t̲,̲ ̲N̲a̲t̲.̲m̲u̲l̲_̲m̲o̲d̲_̲r̲i̲g̲h̲t̲,̲
  ̲ ̲ ̲ ̲ ̲ ̲ ̲N̲a̲t̲.̲m̲u̲l̲_̲a̲d̲d̲_̲d̲i̲v̲,̲ ̲s̲h̲o̲w̲ ̲1̲ ̲/̲ ̲2̲ ̲=̲ ̲0̲ by decide, N̵a̵t̵.̵a̵d̵d̵_̵z̵e̵r̵o̵,̵N̵a̵t̵.̵a̵d̵d̵_̵m̵o̵d̵,̵N̵a̵t̵.̵m̵o̵d̵_̵s̵e̵l̵f̵,̵N̵a̵t̵.̵z̵e̵r̵o̵_̵a̵d̵d̵,̵N̵a̵t̵.̵m̵o̵d̵_̵e̵q̵_̵o̵f̵_̵l̵t̵N̲a̲t̲.̲a̲d̲d̲_̲m̲o̲d̲,̲ ̲N̲a̲t̲.̲m̲o̲d̲_̲s̲e̲l̲f̲,̲ ̲N̲a̲t̲.̲z̲e̲r̲o̲_̲a̲d̲d̲,̲
  ̲ ̲ ̲ ̲ ̲ ̲ ̲N̲a̲t̲.̲m̲o̲d̲_̲e̲q̲_̲o̲f̲_̲l̲t̲ (by decide : 1̵<̵2̵)̵,̵
  ̵ ̵ ̵ ̵ ̵ ̵ ̵↓̵r̵e̵d̵u̵c̵e̵I̵t̵e̵,̵m̵u̵l̵_̵o̵n̵e̵]̵1̲ ̲<̲ ̲2̲)̲,̲ ̲↓̲r̲e̲d̲u̲c̲e̲I̲t̲e̲,̲ ̲m̲u̲l̲_̲o̲n̲e̲]̲

Note: This linter can be disabled with `set_option linter.unusedSimpArgs false`
/home/dombarker/project-offloads/aspis-r45-lean-src-20260929-a/AspisV8R19/SourceEncodedOpening.lean:29:31: warning: This simp argument is unused:
  Nat.mod_self

Hint: Omit it from the simp argument list.
  simp only [̵F̵i̵n̵s̵e̵t̵.̵s̵u̵m̵_̵r̵a̵n̵g̵e̵_̵s̵u̵c̵c̵,̵c̵i̵r̵c̵l̵e̵W̵e̵i̵g̵h̵t̵,̵N̵a̵t̵.̵m̵u̵l̵_̵d̵i̵v̵_̵r̵i̵g̵h̵t̵,̵
  ̵ ̵ ̵ ̵ ̵ ̵ ̵N̵a̵t̵.̵m̵u̵l̵_̵m̵o̵d̵_̵r̵i̵g̵h̵t̵,̵N̵a̵t̵.̵m̵u̵l̵_̵a̵d̵d̵_̵d̵i̵v̵,̵s̵h̵o̵w̵ ̵1̵/̵2̵=̵0̵[̲F̲i̲n̲s̲e̲t̲.̲s̲u̲m̲_̲r̲a̲n̲g̲e̲_̲s̲u̲c̲c̲,̲ ̲c̲i̲r̲c̲l̲e̲W̲e̲i̲g̲h̲t̲,̲ ̲N̲a̲t̲.̲m̲u̲l̲_̲d̲i̲v̲_̲r̲i̲g̲h̲t̲,̲ ̲N̲a̲t̲.̲m̲u̲l̲_̲m̲o̲d̲_̲r̲i̲g̲h̲t̲,̲
  ̲ ̲ ̲ ̲ ̲ ̲ ̲N̲a̲t̲.̲m̲u̲l̲_̲a̲d̲d̲_̲d̲i̲v̲,̲ ̲s̲h̲o̲w̲ ̲1̲ ̲/̲ ̲2̲ ̲=̲ ̲0̲ by decide, N̵a̵t̵.̵a̵d̵d̵_̵z̵e̵r̵o̵,̵N̵a̵t̵.̵a̵d̵d̵_̵m̵o̵d̵,̵N̵a̵t̵.̵m̵o̵d̵_̵s̵e̵l̵f̵,̵N̵a̵t̵.̵z̵e̵r̵o̵_̵a̵d̵d̵,̵N̵a̵t̵.̵m̵o̵d̵_̵e̵q̵_̵o̵f̵_̵l̵t̵N̲a̲t̲.̲a̲d̲d̲_̲z̲e̲r̲o̲,̲ ̲N̲a̲t̲.̲a̲d̲d̲_̲m̲o̲d̲,̲ ̲N̲a̲t̲.̲z̲e̲r̲o̲_̲a̲d̲d̲,̲
  ̲ ̲ ̲ ̲ ̲ ̲ ̲N̲a̲t̲.̲m̲o̲d̲_̲e̲q̲_̲o̲f̲_̲l̲t̲ (by decide : 1̵<̵2̵)̵,̵
  ̵ ̵ ̵ ̵ ̵ ̵ ̵↓̵r̵e̵d̵u̵c̵e̵I̵t̵e̵,̵m̵u̵l̵_̵o̵n̵e̵]̵1̲ ̲<̲ ̲2̲)̲,̲ ̲↓̲r̲e̲d̲u̲c̲e̲I̲t̲e̲,̲ ̲m̲u̲l̲_̲o̲n̲e̲]̲

Note: This linter can be disabled with `set_option linter.unusedSimpArgs false`
/home/dombarker/project-offloads/aspis-r45-lean-src-20260929-a/AspisV8R19/SourceEncodedOpening.lean:33:0: warning: automatically included section variable(s) unused in theorem `AspisR19.SourceEncodedOpening.serialized_restrict`:
  [NeZero 2]
consider restructuring your `variable` declarations so that the variables are not in scope or explicitly omit them:
  omit [NeZero 2] in theorem ...

Note: This linter can be disabled with `set_option linter.unusedSectionVars false`
Try this:
  [apply] ring_nf
  
  The `ring` tactic failed to close the goal. Use `ring_nf` to obtain a normal form.
    
  Note that `ring` works primarily in *commutative* rings. If you have a noncommutative ring, abelian group or module, consider using `noncomm_ring`, `abel` or `module` instead.
/home/dombarker/project-offloads/aspis-r45-lean-src-20260929-a/AspisV8R19/SourceEncodedOpening.lean:42:81: error: unsolved goals
F : Type u_1
inst✝¹ : Field F
inst✝ : NeZero 2
q : ℕ → F
a b c x y : F
⊢ (∑ x_1 ∈ Finset.range 514,
        naturalLineValue x x_1 * finiteChordEven 512 (sourceEdges 2⁻¹ 512) (sourceEdges 2⁻¹ 513) q a b c (x_1 * 2 / 2) +
      ∑ x_1 ∈ Finset.range 514,
        y * naturalLineValue x x_1 *
          if 1 = 0 then finiteChordEven 512 (sourceEdges 2⁻¹ 512) (sourceEdges 2⁻¹ 513) q a b c ((1 + x_1 * 2) / 2)
          else finiteChordOdd 512 (sourceEdges 2⁻¹ 512) q a b c ((1 + x_1 * 2) / 2)) =
    ∑ x_1 ∈ Finset.range 514,
        naturalLineValue x x_1 * finiteChordEven 512 (sourceEdges 2⁻¹ 512) (sourceEdges 2⁻¹ 513) q a b c x_1 +
      ∑ x_1 ∈ Finset.range 514, y * naturalLineValue x x_1 * finiteChordOdd 512 (sourceEdges 2⁻¹ 512) q a b c x_1
/home/dombarker/project-offloads/aspis-r45-lean-src-20260929-a/AspisV8R19/SourceEncodedOpening.lean:45:4: warning: This simp argument is unused:
  Nat.mul_div_right

Hint: Omit it from the simp argument list.
  simp only [̵s̵o̵u̵r̵c̵e̵C̵h̵o̵r̵d̵,̵f̵i̵n̵i̵t̵e̵C̵h̵o̵r̵d̵C̵o̵e̵f̵f̵i̵c̵i̵e̵n̵t̵,̵N̵a̵t̵.̵m̵u̵l̵_̵m̵o̵d̵_̵r̵i̵g̵h̵t̵,̵
  ̵ ̵ ̵ ̵ ̵N̵a̵t̵.̵m̵u̵l̵_̵d̵i̵v̵_̵r̵i̵g̵h̵t̵,̵N̵a̵t̵.̵m̵u̵l̵_̵a̵d̵d̵_̵d̵i̵v̵,̵N̵a̵t̵.̵a̵d̵d̵_̵m̵o̵d̵,̵N̵a̵t̵.̵m̵o̵d̵_̵s̵e̵l̵f̵,̵
  ̵ ̵ ̵ ̵ ̵N̵a̵t̵.̵z̵e̵r̵o̵_̵a̵d̵d̵,̵s̵h̵o̵w̵ ̵1̵/̵2̵=̵0̵[̲s̲o̲u̲r̲c̲e̲C̲h̲o̲r̲d̲,̲ ̲f̲i̲n̲i̲t̲e̲C̲h̲o̲r̲d̲C̲o̲e̲f̲f̲i̲c̲i̲e̲n̲t̲,̲ ̲N̲a̲t̲.̲m̲u̲l̲_̲m̲o̲d̲_̲r̲i̲g̲h̲t̲,̲ ̲N̲a̲t̲.̲m̲u̲l̲_̲a̲d̲d̲_̲d̲i̲v̲,̲ ̲N̲a̲t̲.̲a̲d̲d̲_̲m̲o̲d̲,̲
  ̲ ̲ ̲ ̲ ̲N̲a̲t̲.̲m̲o̲d̲_̲s̲e̲l̲f̲,̲ ̲N̲a̲t̲.̲z̲e̲r̲o̲_̲a̲d̲d̲,̲ ̲s̲h̲o̲w̲ ̲1̲ ̲/̲ ̲2̲ ̲=̲ ̲0̲ by d̵e̵c̵i̵d̵e̵,̵N̵a̵t̵.̵a̵d̵d̵_̵z̵e̵r̵o̵,̵d̲e̲c̲i̲d̲e̲,̲ ̲N̲a̲t̲.̲a̲d̲d̲_̲z̲e̲r̲o̲,̲
      Nat.mod_eq_of_lt (by decide : 1̵<̵2̵)̵,̵↓̵r̵e̵d̵u̵c̵e̵I̵t̵e̵,̵o̵u̵t̵p̵u̵t̵V̵a̵l̵u̵e̵,̵r̵a̵n̵g̵e̵D̵o̵t̵,̵F̵i̵n̵s̵e̵t̵.̵m̵u̵l̵_̵s̵u̵m̵]̵1̲ ̲<̲ ̲2̲)̲,̲ ̲↓̲r̲e̲d̲u̲c̲e̲I̲t̲e̲,̲ ̲o̲u̲t̲p̲u̲t̲V̲a̲l̲u̲e̲,̲ ̲r̲a̲n̲g̲e̲D̲o̲t̲,̲ ̲F̲i̲n̲s̲e̲t̲.̲m̲u̲l̲_̲s̲u̲m̲]̲

Note: This linter can be disabled with `set_option linter.unusedSimpArgs false`
/home/dombarker/project-offloads/aspis-r45-lean-src-20260929-a/AspisV8R19/SourceEncodedOpening.lean:45:22: warning: This simp argument is unused:
  Nat.mul_add_div

Hint: Omit it from the simp argument list.
  simp only [̵s̵o̵u̵r̵c̵e̵C̵h̵o̵r̵d̵,̵f̵i̵n̵i̵t̵e̵C̵h̵o̵r̵d̵C̵o̵e̵f̵f̵i̵c̵i̵e̵n̵t̵,̵N̵a̵t̵.̵m̵u̵l̵_̵m̵o̵d̵_̵r̵i̵g̵h̵t̵,̵
  ̵ ̵ ̵ ̵ ̵N̵a̵t̵.̵m̵u̵l̵_̵d̵i̵v̵_̵r̵i̵g̵h̵t̵,̵N̵a̵t̵.̵m̵u̵l̵_̵a̵d̵d̵_̵d̵i̵v̵,̵N̵a̵t̵.̵a̵d̵d̵_̵m̵o̵d̵,̵N̵a̵t̵.̵m̵o̵d̵_̵s̵e̵l̵f̵,̵
  ̵ ̵ ̵ ̵ ̵N̵a̵t̵.̵z̵e̵r̵o̵_̵a̵d̵d̵,̵s̵h̵o̵w̵ ̵1̵/̵2̵=̵0̵[̲s̲o̲u̲r̲c̲e̲C̲h̲o̲r̲d̲,̲ ̲f̲i̲n̲i̲t̲e̲C̲h̲o̲r̲d̲C̲o̲e̲f̲f̲i̲c̲i̲e̲n̲t̲,̲ ̲N̲a̲t̲.̲m̲u̲l̲_̲m̲o̲d̲_̲r̲i̲g̲h̲t̲,̲ ̲N̲a̲t̲.̲m̲u̲l̲_̲d̲i̲v̲_̲r̲i̲g̲h̲t̲,̲ ̲N̲a̲t̲.̲a̲d̲d̲_̲m̲o̲d̲,̲
  ̲ ̲ ̲ ̲ ̲N̲a̲t̲.̲m̲o̲d̲_̲s̲e̲l̲f̲,̲ ̲N̲a̲t̲.̲z̲e̲r̲o̲_̲a̲d̲d̲,̲ ̲s̲h̲o̲w̲ ̲1̲ ̲/̲ ̲2̲ ̲=̲ ̲0̲ by d̵e̵c̵i̵d̵e̵,̵N̵a̵t̵.̵a̵d̵d̵_̵z̵e̵r̵o̵,̵d̲e̲c̲i̲d̲e̲,̲ ̲N̲a̲t̲.̲a̲d̲d̲_̲z̲e̲r̲o̲,̲
      Nat.mod_eq_of_lt (by decide : 1̵<̵2̵)̵,̵↓̵r̵e̵d̵u̵c̵e̵I̵t̵e̵,̵o̵u̵t̵p̵u̵t̵V̵a̵l̵u̵e̵,̵r̵a̵n̵g̵e̵D̵o̵t̵,̵F̵i̵n̵s̵e̵t̵.̵m̵u̵l̵_̵s̵u̵m̵]̵1̲ ̲<̲ ̲2̲)̲,̲ ̲↓̲r̲e̲d̲u̲c̲e̲I̲t̲e̲,̲ ̲o̲u̲t̲p̲u̲t̲V̲a̲l̲u̲e̲,̲ ̲r̲a̲n̲g̲e̲D̲o̲t̲,̲ ̲F̲i̲n̲s̲e̲t̲.̲m̲u̲l̲_̲s̲u̲m̲]̲

Note: This linter can be disabled with `set_option linter.unusedSimpArgs false`
/home/dombarker/project-offloads/aspis-r45-lean-src-20260929-a/AspisV8R19/SourceEncodedOpening.lean:45:50: warning: This simp argument is unused:
  Nat.mod_self

Hint: Omit it from the simp argument list.
  simp only [sourceChord, ̲finiteChordCoefficient, ̲Nat.mul_mod_right,
  ̵  ̵ ̵ ̵Nat.mul_div_right,
  ̲ ̲ ̲ ̲ ̲Nat.mul_add_div, ̲Nat.add_mod,N̵a̵t̵.̵m̵o̵d̵_̵s̵e̵l̵f̵,̵
  ̵  ̵ ̵ ̵Nat.zero_add, ̲show 1 ̲/ ̲2 ̲= ̲0 by decide, ̲Nat.add_zero,
      Nat.mod_eq_of_lt (by decide : 1 ̲< ̲2), ̲↓reduceIte, ̲outputValue, ̲rangeDot, ̲Finset.mul_sum]

Note: This linter can be disabled with `set_option linter.unusedSimpArgs false`
/home/dombarker/project-offloads/aspis-r45-lean-src-20260929-a/AspisV8R19/SourceEncodedOpening.lean:46:17: warning: This simp argument is unused:
  show 1 / 2 = 0 by decide

Hint: Omit it from the simp argument list.
  simp only [̵s̵o̵u̵r̵c̵e̵C̵h̵o̵r̵d̵,̵f̵i̵n̵i̵t̵e̵C̵h̵o̵r̵d̵C̵o̵e̵f̵f̵i̵c̵i̵e̵n̵t̵,̵N̵a̵t̵.̵m̵u̵l̵_̵m̵o̵d̵_̵r̵i̵g̵h̵t̵,̵
  ̵ ̵ ̵ ̵ ̵N̵a̵t̵.̵m̵u̵l̵_̵d̵i̵v̵_̵r̵i̵g̵h̵t̵,̵N̵a̵t̵.̵m̵u̵l̵_̵a̵d̵d̵_̵d̵i̵v̵,̵N̵a̵t̵.̵a̵d̵d̵_̵m̵o̵d̵,̵N̵a̵t̵.̵m̵o̵d̵_̵s̵e̵l̵f̵,̵
  ̵ ̵ ̵ ̵ ̵N̵a̵t̵.̵z̵e̵r̵o̵_̵a̵d̵d̵,̵s̵h̵o̵w̵ ̵1̵/̵2̵=̵0̵ ̵b̵y̵ ̵d̵e̵c̵i̵d̵e̵,̵N̵a̵t̵.̵a̵d̵d̵_̵z̵e̵r̵o̵,̵[̲s̲o̲u̲r̲c̲e̲C̲h̲o̲r̲d̲,̲ ̲f̲i̲n̲i̲t̲e̲C̲h̲o̲r̲d̲C̲o̲e̲f̲f̲i̲c̲i̲e̲n̲t̲,̲ ̲N̲a̲t̲.̲m̲u̲l̲_̲m̲o̲d̲_̲r̲i̲g̲h̲t̲,̲ ̲N̲a̲t̲.̲m̲u̲l̲_̲d̲i̲v̲_̲r̲i̲g̲h̲t̲,̲
  ̲ ̲ ̲ ̲ ̲N̲a̲t̲.̲m̲u̲l̲_̲a̲d̲d̲_̲d̲i̲v̲,̲ ̲N̲a̲t̲.̲a̲d̲d̲_̲m̲o̲d̲,̲ ̲N̲a̲t̲.̲m̲o̲d̲_̲s̲e̲l̲f̲,̲ ̲N̲a̲t̲.̲z̲e̲r̲o̲_̲a̲d̲d̲,̲ ̲N̲a̲t̲.̲a̲d̲d̲_̲z̲e̲r̲o̲,̲
      Nat.mod_eq_of_lt (by decide : 1̵<̵2̵)̵,̵↓̵r̵e̵d̵u̵c̵e̵I̵t̵e̵,̵o̵u̵t̵p̵u̵t̵V̵a̵l̵u̵e̵,̵r̵a̵n̵g̵e̵D̵o̵t̵,̵F̵i̵n̵s̵e̵t̵.̵m̵u̵l̵_̵s̵u̵m̵]̵1̲ ̲<̲ ̲2̲)̲,̲ ̲↓̲r̲e̲d̲u̲c̲e̲I̲t̲e̲,̲ ̲o̲u̲t̲p̲u̲t̲V̲a̲l̲u̲e̲,̲ ̲r̲a̲n̲g̲e̲D̲o̲t̲,̲ ̲F̲i̲n̲s̲e̲t̲.̲m̲u̲l̲_̲s̲u̲m̲]̲

Note: This linter can be disabled with `set_option linter.unusedSimpArgs false`
/home/dombarker/project-offloads/aspis-r45-lean-src-20260929-a/AspisV8R19/SourceEncodedOpening.lean:46:38: warning: This simp argument is unused:
  Nat.add_zero

Hint: Omit it from the simp argument list.
  simp only [̵s̵o̵u̵r̵c̵e̵C̵h̵o̵r̵d̵,̵f̵i̵n̵i̵t̵e̵C̵h̵o̵r̵d̵C̵o̵e̵f̵f̵i̵c̵i̵e̵n̵t̵,̵N̵a̵t̵.̵m̵u̵l̵_̵m̵o̵d̵_̵r̵i̵g̵h̵t̵,̵
  ̵ ̵ ̵ ̵ ̵N̵a̵t̵.̵m̵u̵l̵_̵d̵i̵v̵_̵r̵i̵g̵h̵t̵,̵N̵a̵t̵.̵m̵u̵l̵_̵a̵d̵d̵_̵d̵i̵v̵,̵N̵a̵t̵.̵a̵d̵d̵_̵m̵o̵d̵,̵N̵a̵t̵.̵m̵o̵d̵_̵s̵e̵l̵f̵,̵
  ̵ ̵ ̵ ̵ ̵N̵a̵t̵.̵z̵e̵r̵o̵_̵a̵d̵d̵,̵s̵h̵o̵w̵ ̵1̵/̵2̵=̵0̵[̲s̲o̲u̲r̲c̲e̲C̲h̲o̲r̲d̲,̲ ̲f̲i̲n̲i̲t̲e̲C̲h̲o̲r̲d̲C̲o̲e̲f̲f̲i̲c̲i̲e̲n̲t̲,̲ ̲N̲a̲t̲.̲m̲u̲l̲_̲m̲o̲d̲_̲r̲i̲g̲h̲t̲,̲ ̲N̲a̲t̲.̲m̲u̲l̲_̲d̲i̲v̲_̲r̲i̲g̲h̲t̲,̲
  ̲ ̲ ̲ ̲ ̲N̲a̲t̲.̲m̲u̲l̲_̲a̲d̲d̲_̲d̲i̲v̲,̲ ̲N̲a̲t̲.̲a̲d̲d̲_̲m̲o̲d̲,̲ ̲N̲a̲t̲.̲m̲o̲d̲_̲s̲e̲l̲f̲,̲ ̲N̲a̲t̲.̲z̲e̲r̲o̲_̲a̲d̲d̲,̲ ̲s̲h̲o̲w̲ ̲1̲ ̲/̲ ̲2̲ ̲=̲ ̲0̲ by d̵e̵c̵i̵d̵e̵,̵N̵a̵t̵.̵a̵d̵d̵_̵z̵e̵r̵o̵,̵d̲e̲c̲i̲d̲e̲,̲
      Nat.mod_eq_of_lt (by decide : 1̵<̵2̵)̵,̵↓̵r̵e̵d̵u̵c̵e̵I̵t̵e̵,̵o̵u̵t̵p̵u̵t̵V̵a̵l̵u̵e̵,̵r̵a̵n̵g̵e̵D̵o̵t̵,̵F̵i̵n̵s̵e̵t̵.̵m̵u̵l̵_̵s̵u̵m̵]̵1̲ ̲<̲ ̲2̲)̲,̲ ̲↓̲r̲e̲d̲u̲c̲e̲I̲t̲e̲,̲ ̲o̲u̲t̲p̲u̲t̲V̲a̲l̲u̲e̲,̲ ̲r̲a̲n̲g̲e̲D̲o̲t̲,̲ ̲F̲i̲n̲s̲e̲t̲.̲m̲u̲l̲_̲s̲u̲m̲]̲

Note: This linter can be disabled with `set_option linter.unusedSimpArgs false`
/home/dombarker/project-offloads/aspis-r45-lean-src-20260929-a/AspisV8R19/SourceEncodedOpening.lean:50:0: warning: automatically included section variable(s) unused in theorem `AspisR19.SourceEncodedOpening.flattened_chord_tail`:
  [NeZero 2]
consider restructuring your `variable` declarations so that the variables are not in scope or explicitly omit them:
  omit [NeZero 2] in theorem ...

Note: This linter can be disabled with `set_option linter.unusedSectionVars false`
'AspisR19.SourceEncodedOpening.serialized_pairs' depends on axioms: [propext, sorryAx, Classical.choice, Quot.sound]
'AspisR19.SourceEncodedOpening.serialized_restrict' depends on axioms: [propext, Classical.choice, Quot.sound]
'AspisR19.SourceEncodedOpening.serialized_chord' depends on axioms: [propext, sorryAx, Classical.choice, Quot.sound]
'AspisR19.SourceEncodedOpening.flattened_chord_tail' depends on axioms: [propext, Classical.choice, Quot.sound]
'AspisR19.SourceEncodedOpening.retained_chord_evaluation' depends on axioms: [propext,
 sorryAx,
 Classical.choice,
 Quot.sound]
'AspisR19.SourceEncodedOpening.mask_opening' depends on axioms: [propext, sorryAx, Classical.choice, Quot.sound]
'AspisR19.SourceEncodedOpening.mask_first_ood_zero' depends on axioms: [propext, sorryAx, Classical.choice, Quot.sound]
'AspisR19.SourceEncodedOpening.mask_second_ood_zero' depends on axioms: [propext, sorryAx, Classical.choice, Quot.sound]
Command exited with non-zero status 1
	Command being timed: "/home/dombarker/.elan/bin/lake env lean -R /home/dombarker/project-offloads/aspis-r45-lean-src-20260929-a -o /home/dombarker/project-offloads/aspis-r45-lean-20260929-h/lib/AspisV8R19/SourceEncodedOpening.olean /home/dombarker/project-offloads/aspis-r45-lean-src-20260929-a/AspisV8R19/SourceEncodedOpening.lean"
	User time (seconds): 1.72
	System time (seconds): 0.35
	Percent of CPU this job got: 142%
	Elapsed (wall clock) time (h:mm:ss or m:ss): 0:01.45
	Average shared text size (kbytes): 0
	Average unshared data size (kbytes): 0
	Average stack size (kbytes): 0
	Average total size (kbytes): 0
	Maximum resident set size (kbytes): 2324276
	Average resident set size (kbytes): 0
	Major (requiring I/O) page faults: 0
	Minor (reclaiming a frame) page faults: 54892
	Voluntary context switches: 4026
	Involuntary context switches: 61
	Swaps: 0
	File system inputs: 0
	File system outputs: 72
	Socket messages sent: 0
	Socket messages received: 0
	Signals delivered: 0
	Page size (bytes): 4096
	Exit status: 1
