Warning: Permanently added '100.108.41.90' (ED25519) to the list of known hosts.
Running as unit: aspis-focus-1791141815044939000.service; invocation ID: 0c17e4d4caf5415a9b4aff73e01a89dc
/home/dombarker/project-offloads/aspis-r57-lean-src-20260929-a/AspisV8R19/R749JointBlock39Row28.lean:13:2: error: No goals to be solved
/home/dombarker/project-offloads/aspis-r57-lean-src-20260929-a/AspisV8R19/R749JointBlock39Row28.lean:18:2: error: No goals to be solved
/home/dombarker/project-offloads/aspis-r57-lean-src-20260929-a/AspisV8R19/R749JointBlock39Row28.lean:23:2: error: No goals to be solved
/home/dombarker/project-offloads/aspis-r57-lean-src-20260929-a/AspisV8R19/R749JointBlock39Row28.lean:28:2: error: No goals to be solved
/home/dombarker/project-offloads/aspis-r57-lean-src-20260929-a/AspisV8R19/R749JointBlock39Row28.lean:33:2: error: No goals to be solved
/home/dombarker/project-offloads/aspis-r57-lean-src-20260929-a/AspisV8R19/R749JointBlock39Row28.lean:48:2: error: No goals to be solved
/home/dombarker/project-offloads/aspis-r57-lean-src-20260929-a/AspisV8R19/R749JointBlock39Row28.lean:53:2: error: No goals to be solved
/home/dombarker/project-offloads/aspis-r57-lean-src-20260929-a/AspisV8R19/R749JointBlock39Row28.lean:58:2: error: No goals to be solved
/home/dombarker/project-offloads/aspis-r57-lean-src-20260929-a/AspisV8R19/R749JointBlock39Row28.lean:63:2: error: No goals to be solved
/home/dombarker/project-offloads/aspis-r57-lean-src-20260929-a/AspisV8R19/R749JointBlock39Row28.lean:68:2: error: No goals to be solved
/home/dombarker/project-offloads/aspis-r57-lean-src-20260929-a/AspisV8R19/R749JointBlock39Row28.lean:73:2: error: No goals to be solved
/home/dombarker/project-offloads/aspis-r57-lean-src-20260929-a/AspisV8R19/R749JointBlock39Row28.lean:78:2: error: No goals to be solved
/home/dombarker/project-offloads/aspis-r57-lean-src-20260929-a/AspisV8R19/R749JointBlock39Row28.lean:83:2: error: No goals to be solved
/home/dombarker/project-offloads/aspis-r57-lean-src-20260929-a/AspisV8R19/R749JointBlock39Row28.lean:88:2: error: No goals to be solved
/home/dombarker/project-offloads/aspis-r57-lean-src-20260929-a/AspisV8R19/R749JointBlock39Row28.lean:93:2: error: No goals to be solved
/home/dombarker/project-offloads/aspis-r57-lean-src-20260929-a/AspisV8R19/R749JointBlock39Row28.lean:98:2: error: No goals to be solved
/home/dombarker/project-offloads/aspis-r57-lean-src-20260929-a/AspisV8R19/R749JointBlock39Row28.lean:103:2: error: No goals to be solved
/home/dombarker/project-offloads/aspis-r57-lean-src-20260929-a/AspisV8R19/R749JointBlock39Row28.lean:108:2: error: No goals to be solved
/home/dombarker/project-offloads/aspis-r57-lean-src-20260929-a/AspisV8R19/R749JointBlock39Row28.lean:195:2: error: No goals to be solved
/home/dombarker/project-offloads/aspis-r57-lean-src-20260929-a/AspisV8R19/R749JointBlock39Row28.lean:200:2: error: No goals to be solved
/home/dombarker/project-offloads/aspis-r57-lean-src-20260929-a/AspisV8R19/R749JointBlock39Row28.lean:233:4: error: Type mismatch: After simplification, term
  cell_28
 has type
  @Eq M ((B * A) 28 28) 1
but is expected to have type
  @Eq M ((B * A) 28 28) (1 28 ((fun i => i) ⟨28, ⋯⟩))
'R749JointBlock39Row28.row28' depends on axioms: [propext, sorryAx, Classical.choice, Quot.sound]
Command exited with non-zero status 1
	Command being timed: "/home/dombarker/.elan/bin/lake --dir /home/dombarker/project-offloads/aspis-r126-release-20260930-a/focus-workspace env lean -j1 -M4500 -R /home/dombarker/project-offloads/aspis-r57-lean-src-20260929-a -o /home/dombarker/project-offloads/aspis-r126-release-20260930-a/lib/AspisV8R19/R749JointBlock39Row28.olean /home/dombarker/project-offloads/aspis-r57-lean-src-20260929-a/AspisV8R19/R749JointBlock39Row28.lean"
	User time (seconds): 10.52
	System time (seconds): 0.39
	Percent of CPU this job got: 100%
	Elapsed (wall clock) time (h:mm:ss or m:ss): 0:10.91
	Average shared text size (kbytes): 0
	Average unshared data size (kbytes): 0
	Average stack size (kbytes): 0
	Average total size (kbytes): 0
	Maximum resident set size (kbytes): 3325004
	Average resident set size (kbytes): 0
	Major (requiring I/O) page faults: 0
	Minor (reclaiming a frame) page faults: 91832
	Voluntary context switches: 1392
	Involuntary context switches: 105
	Swaps: 0
	File system inputs: 0
	File system outputs: 0
	Socket messages sent: 0
	Socket messages received: 0
	Signals delivered: 0
	Page size (bytes): 4096
	Exit status: 1
Finished with result: exit-code
Main processes terminated with: code=exited/status=1
Service runtime: 10.950s
CPU time consumed: 10.956s
Memory peak: 288.0K
Memory swap peak: 0B
