Warning: Permanently added '100.108.41.90' (ED25519) to the list of known hosts.
Running as unit: aspis-focus-1790962175551116000.service; invocation ID: 6b7295e9596b48c6b95982d188ab2f22
'AspisV8R19.R409Q22Relabeling.keep_rename' depends on axioms: [propext, Quot.sound]
'AspisV8R19.R409Q22Relabeling.scan_rename' depends on axioms: [propext, Quot.sound]
'AspisV8R19.R409Q22Relabeling.finish_rename' depends on axioms: [propext, Quot.sound]
'AspisV8R19.R409Q22Relabeling.extend_value' depends on axioms: [propext, Classical.choice, Quot.sound]
'AspisV8R19.R409Q22Relabeling.block_values' depends on axioms: [propext, Classical.choice, Quot.sound]
'AspisV8R19.R409Q22Relabeling.candidate_kernel_rename' depends on axioms: [propext, Classical.choice, Quot.sound]
'AspisV8R19.R409Q22Relabeling.empty_kernel_invariant' depends on axioms: [propext, Classical.choice, Quot.sound]
	Command being timed: "/home/dombarker/.elan/bin/lake --dir /home/dombarker/project-offloads/aspis-r126-release-20260930-a/focus-workspace env lean -j1 -M4500 -R /home/dombarker/project-offloads/aspis-r57-lean-src-20260929-a -o /home/dombarker/project-offloads/aspis-r126-release-20260930-a/lib/AspisV8R19/R409Q22Relabeling.olean /home/dombarker/project-offloads/aspis-r57-lean-src-20260929-a/AspisV8R19/R409Q22Relabeling.lean"
	User time (seconds): 1.15
	System time (seconds): 0.32
	Percent of CPU this job got: 100%
	Elapsed (wall clock) time (h:mm:ss or m:ss): 0:01.48
	Average shared text size (kbytes): 0
	Average unshared data size (kbytes): 0
	Average stack size (kbytes): 0
	Average total size (kbytes): 0
	Maximum resident set size (kbytes): 3235524
	Average resident set size (kbytes): 0
	Major (requiring I/O) page faults: 0
	Minor (reclaiming a frame) page faults: 76564
	Voluntary context switches: 773
	Involuntary context switches: 46
	Swaps: 0
	File system inputs: 0
	File system outputs: 320
	Socket messages sent: 0
	Socket messages received: 0
	Signals delivered: 0
	Page size (bytes): 4096
	Exit status: 0
Finished with result: success
Main processes terminated with: code=exited/status=0
Service runtime: 1.505s
CPU time consumed: 1.507s
Memory peak: 288.0K
Memory swap peak: 0B
