Warning: Permanently added '100.108.41.90' (ED25519) to the list of known hosts.
Running as unit: aspis-focus-1791086973060171000.service; invocation ID: d9f222a31a7d4b218200f22bc477c8d8
/home/dombarker/project-offloads/aspis-r57-lean-src-20260929-a/docs/research/v8-full-view-zk-20260912/lean/AspisV8R19/R577NativeInnerSamplerExecution.lean:52:54: warning: This simp argument is unused:
  bind_assoc_eq

Hint: Omit it from the simp argument list.
  simp [toCurrentTranscript, fromCurrentTranscript, b̵i̵n̵d̵_̵a̵s̵s̵o̵c̵_̵e̵q̵,̵ ̵bind_tc_ok, Prod.fst, Prod.snd]

Note: This linter can be disabled with `set_option linter.unusedSimpArgs false`
/home/dombarker/project-offloads/aspis-r57-lean-src-20260929-a/docs/research/v8-full-view-zk-20260912/lean/AspisV8R19/R577NativeInnerSamplerExecution.lean:53:6: warning: This simp argument is unused:
  Prod.fst

Hint: Omit it from the simp argument list.
  simp [toCurrentTranscript, fromCurrentTranscript, bind_assoc_eq, bind_tc_ok,
  ̵  ̵ ̵ ̵ ̵ ̵Prod.f̵st̵,̵ ̵P̵r̵o̵d̵.̵s̵nd]

Note: This linter can be disabled with `set_option linter.unusedSimpArgs false`
/home/dombarker/project-offloads/aspis-r57-lean-src-20260929-a/docs/research/v8-full-view-zk-20260912/lean/AspisV8R19/R577NativeInnerSamplerExecution.lean:53:16: warning: This simp argument is unused:
  Prod.snd

Hint: Omit it from the simp argument list.
  simp [toCurrentTranscript, fromCurrentTranscript, bind_assoc_eq, bind_tc_ok,
  ̵  ̵ ̵ ̵ ̵ ̵Prod.fst,̵ ̵P̵r̵o̵d̵.̵s̵n̵d̵]

Note: This linter can be disabled with `set_option linter.unusedSimpArgs false`
/home/dombarker/project-offloads/aspis-r57-lean-src-20260929-a/docs/research/v8-full-view-zk-20260912/lean/AspisV8R19/R577NativeInnerSamplerExecution.lean:116:51: error: Function expected at
  Result (Std.Array U8 32#usize × NTranscript)
but this term has type
  Type

Note: Expected a function because this term is being applied to the argument
  _
/home/dombarker/project-offloads/aspis-r57-lean-src-20260929-a/docs/research/v8-full-view-zk-20260912/lean/AspisV8R19/R577NativeInnerSamplerExecution.lean:99:23: warning: This simp argument is unused:
  current_roundtrip

Hint: Omit it from the simp argument list.
  simp only [AspisR569MaskedClaimCompleteConsts.aspis_core.transcript.Transcript.challenge_qm31_loop0_loop0.body,
      AspisR156FullFreeze.aspis_core.transcript.Transcript.challenge_qm31_loop0_loop0.body,
      AspisR569MaskedClaimCompleteConsts.aspis_core.field.P,
  ̵  ̵ ̵ ̵AspisR156FullFreeze.aspis_core.field.P,
      nativeSqueeze_map, c̵u̵r̵r̵e̵n̵t̵_̵r̵o̵u̵n̵d̵t̵r̵i̵p̵,̵ ̵bind_assoc_eq, bind_tc_ok, lift]

Note: This linter can be disabled with `set_option linter.unusedSimpArgs false`
/home/dombarker/project-offloads/aspis-r57-lean-src-20260929-a/docs/research/v8-full-view-zk-20260912/lean/AspisV8R19/R577NativeInnerSamplerExecution.lean:140:30: warning: This simp argument is unused:
  bind_assoc_eq

Hint: Omit it from the simp argument list.
  simp only [if_neg hr,̵ ̵b̵i̵n̵d̵_̵a̵s̵s̵o̵c̵_̵e̵q̵]

Note: This linter can be disabled with `set_option linter.unusedSimpArgs false`
Command exited with non-zero status 1
	Command being timed: "/home/dombarker/.elan/bin/lake --dir /home/dombarker/project-offloads/aspis-r126-release-20260930-a/focus-workspace env lean -j1 -M4500 -R /home/dombarker/project-offloads/aspis-r57-lean-src-20260929-a -o /home/dombarker/project-offloads/aspis-r126-release-20260930-a/lib/docs/research/v8-full-view-zk-20260912/lean/AspisV8R19/R577NativeInnerSamplerExecution.olean /home/dombarker/project-offloads/aspis-r57-lean-src-20260929-a/docs/research/v8-full-view-zk-20260912/lean/AspisV8R19/R577NativeInnerSamplerExecution.lean"
	User time (seconds): 1.86
	System time (seconds): 0.39
	Percent of CPU this job got: 100%
	Elapsed (wall clock) time (h:mm:ss or m:ss): 0:02.25
	Average shared text size (kbytes): 0
	Average unshared data size (kbytes): 0
	Average stack size (kbytes): 0
	Average total size (kbytes): 0
	Maximum resident set size (kbytes): 3745248
	Average resident set size (kbytes): 0
	Major (requiring I/O) page faults: 0
	Minor (reclaiming a frame) page faults: 86588
	Voluntary context switches: 715
	Involuntary context switches: 85
	Swaps: 0
	File system inputs: 0
	File system outputs: 0
	Socket messages sent: 0
	Socket messages received: 0
	Signals delivered: 0
	Page size (bytes): 4096
	Exit status: 1
Finished with result: exit-code
Main processes terminated with: code=exited/status=1
Service runtime: 2.280s
CPU time consumed: 2.283s
Memory peak: 516.0K
Memory swap peak: 0B
