Warning: Permanently added '100.108.41.90' (ED25519) to the list of known hosts.
Running as unit: aspis-focus-1790812228921288000.service; invocation ID: 3c0dffea307a42ddbdd4e17b6932b137
/home/dombarker/project-offloads/aspis-r57-lean-src-20260929-a/AspisV8R19/R169InnerSamplerExecution.lean:51:21: warning: This simp argument is unused:
  bind_assoc_eq

Hint: Omit it from the simp argument list.
  simp only [bind_a̵s̵s̵o̵c̵_̵e̵q̵,̵ ̵b̵i̵n̵d̵_̵tc_ok, control, pending, finished]

Note: This linter can be disabled with `set_option linter.unusedSimpArgs false`
/home/dombarker/project-offloads/aspis-r57-lean-src-20260929-a/AspisV8R19/R169InnerSamplerExecution.lean:103:18: error: `simp` made no progress

Note: The target expression is not type-correct under the `instances` transparency level, which may have triggered the failure. This is usually caused by unfolding of semireducible definitions in prior tactic steps. Use `set_option linter.tacticCheckInstances true` to investigate the source of the issue.
Full error:
  Application type mismatch: The argument
    Eq.refl true
  has type
    @Eq Bool true true
  but is expected to have type
    @Eq Bool (decide (32 ≤ UScalar.cMax UScalarTy.Usize)) true
  in the application
    id (Eq.refl true)
/home/dombarker/project-offloads/aspis-r57-lean-src-20260929-a/AspisV8R19/R169InnerSamplerExecution.lean:104:15: error: `simp` made no progress

Note: The target expression is not type-correct under the `instances` transparency level, which may have triggered the failure. This is usually caused by unfolding of semireducible definitions in prior tactic steps. Use `set_option linter.tacticCheckInstances true` to investigate the source of the issue.
Full error:
  Application type mismatch: The argument
    Eq.refl true
  has type
    @Eq Bool true true
  but is expected to have type
    @Eq Bool (decide (32 ≤ UScalar.cMax UScalarTy.Usize)) true
  in the application
    id (Eq.refl true)
/home/dombarker/project-offloads/aspis-r57-lean-src-20260929-a/AspisV8R19/R169InnerSamplerExecution.lean:107:10: error: `simp` made no progress

Note: The target expression is not type-correct under the `instances` transparency level, which may have triggered the failure. This is usually caused by unfolding of semireducible definitions in prior tactic steps. Use `set_option linter.tacticCheckInstances true` to investigate the source of the issue.
Full error:
  Application type mismatch: The argument
    Eq.refl true
  has type
    @Eq Bool true true
  but is expected to have type
    @Eq Bool (decide (32 ≤ UScalar.cMax UScalarTy.Usize)) true
  in the application
    id (Eq.refl true)
/home/dombarker/project-offloads/aspis-r57-lean-src-20260929-a/AspisV8R19/R169InnerSamplerExecution.lean:87:20: warning: This simp argument is unused:
  finished

Hint: Omit it from the simp argument list.
  simp only [R137SamplerInnerStep.exhausted limb r s b j hr, b̵i̵n̵d̵_̵t̵c̵_̵o̵k̵,̵ ̵f̵i̵n̵i̵s̵h̵e̵d̵]̵b̲i̲n̲d̲_̲t̲c̲_̲o̲k̲]̲

Note: This linter can be disabled with `set_option linter.unusedSimpArgs false`
'AspisV8R19.R169InnerSamplerExecution.body_map' depends on axioms: [propext,
 Classical.choice,
 Quot.sound,
 core.fmt.Formatter]
'AspisV8R19.R169InnerSamplerExecution.loop_map' depends on axioms: [propext,
 sorryAx,
 Classical.choice,
 Quot.sound,
 core.fmt.Formatter]
Command exited with non-zero status 1
	Command being timed: "/home/dombarker/.elan/bin/lake --dir /home/dombarker/project-offloads/aspis-r126-release-20260930-a/focus-workspace env lean -j1 -M4500 -R /home/dombarker/project-offloads/aspis-r57-lean-src-20260929-a -o /home/dombarker/project-offloads/aspis-r126-release-20260930-a/lib/AspisV8R19/R169InnerSamplerExecution.olean /home/dombarker/project-offloads/aspis-r57-lean-src-20260929-a/AspisV8R19/R169InnerSamplerExecution.lean"
	User time (seconds): 1.83
	System time (seconds): 0.56
	Percent of CPU this job got: 100%
	Elapsed (wall clock) time (h:mm:ss or m:ss): 0:02.39
	Average shared text size (kbytes): 0
	Average unshared data size (kbytes): 0
	Average stack size (kbytes): 0
	Average total size (kbytes): 0
	Maximum resident set size (kbytes): 3695344
	Average resident set size (kbytes): 0
	Major (requiring I/O) page faults: 0
	Minor (reclaiming a frame) page faults: 87013
	Voluntary context switches: 876
	Involuntary context switches: 77
	Swaps: 0
	File system inputs: 0
	File system outputs: 0
	Socket messages sent: 0
	Socket messages received: 0
	Signals delivered: 0
	Page size (bytes): 4096
	Exit status: 1
Finished with result: exit-code
Main processes terminated with: code=exited/status=1
Service runtime: 2.425s
CPU time consumed: 2.434s
Memory peak: 256.0K
Memory swap peak: 0B
