Warning: Permanently added '100.108.41.90' (ED25519) to the list of known hosts.
Running as unit: aspis-focus-1790812335682493000.service; invocation ID: df5b748b07154344ba895254bfd1337e
/home/dombarker/project-offloads/aspis-r57-lean-src-20260929-a/AspisV8R19/R169InnerSamplerExecution.lean:51:21: warning: This simp argument is unused:
  bind_assoc_eq

Hint: Omit it from the simp argument list.
  simp only [bind_a̵s̵s̵o̵c̵_̵e̵q̵,̵ ̵b̵i̵n̵d̵_̵tc_ok, control, pending, finished]

Note: This linter can be disabled with `set_option linter.unusedSimpArgs false`
/home/dombarker/project-offloads/aspis-r57-lean-src-20260929-a/AspisV8R19/R169InnerSamplerExecution.lean:87:20: warning: This simp argument is unused:
  finished

Hint: Omit it from the simp argument list.
  simp only [R137SamplerInnerStep.exhausted limb r s b j hr, b̵i̵n̵d̵_̵t̵c̵_̵o̵k̵,̵ ̵f̵i̵n̵i̵s̵h̵e̵d̵]̵b̲i̲n̲d̲_̲t̲c̲_̲o̲k̲]̲

Note: This linter can be disabled with `set_option linter.unusedSimpArgs false`
/home/dombarker/project-offloads/aspis-r57-lean-src-20260929-a/AspisV8R19/R169InnerSamplerExecution.lean:103:31: warning: This simp argument is unused:
  hs

Hint: Omit it from the simp argument list.
  simp only [h̵s̵,̵ ̵bind_tc_fail]

Note: This linter can be disabled with `set_option linter.unusedSimpArgs false`
/home/dombarker/project-offloads/aspis-r57-lean-src-20260929-a/AspisV8R19/R169InnerSamplerExecution.lean:104:28: warning: This simp argument is unused:
  hs

Hint: Omit it from the simp argument list.
  simp only [h̵s̵,̵ ̵bind_tc_div]

Note: This linter can be disabled with `set_option linter.unusedSimpArgs false`
/home/dombarker/project-offloads/aspis-r57-lean-src-20260929-a/AspisV8R19/R169InnerSamplerExecution.lean:107:21: warning: This simp argument is unused:
  hs

Hint: Omit it from the simp argument list.
  simp only [h̵s̵,̵ ̵bind_tc_ok]

Note: This linter can be disabled with `set_option linter.unusedSimpArgs false`
/home/dombarker/project-offloads/aspis-r57-lean-src-20260929-a/AspisV8R19/R169InnerSamplerExecution.lean:109:28: warning: This simp argument is unused:
  hw

Hint: Omit it from the simp argument list.
  simp ̵[̵h̵w̵]̵

Note: This linter can be disabled with `set_option linter.unusedSimpArgs false`
/home/dombarker/project-offloads/aspis-r57-lean-src-20260929-a/AspisV8R19/R169InnerSamplerExecution.lean:110:25: warning: This simp argument is unused:
  hw

Hint: Omit it from the simp argument list.
  simp ̵[̵h̵w̵]̵

Note: This linter can be disabled with `set_option linter.unusedSimpArgs false`
/home/dombarker/project-offloads/aspis-r57-lean-src-20260929-a/AspisV8R19/R169InnerSamplerExecution.lean:113:25: warning: This simp argument is unused:
  hw

Hint: Omit it from the simp argument list.
  simp only [h̵w̵,̵ ̵bind_tc_ok, R137SamplerInnerStep.decideWord]

Note: This linter can be disabled with `set_option linter.unusedSimpArgs false`
/home/dombarker/project-offloads/aspis-r57-lean-src-20260929-a/AspisV8R19/R169InnerSamplerExecution.lean:117:56: warning: This simp argument is unused:
  bind_tc_ok

Hint: Omit it from the simp argument list.
  simp only [if_neg hm, control, pending,̵ ̵b̵i̵n̵d̵_̵t̵c̵_̵o̵k̵]

Note: This linter can be disabled with `set_option linter.unusedSimpArgs false`
/home/dombarker/project-offloads/aspis-r57-lean-src-20260929-a/AspisV8R19/R169InnerSamplerExecution.lean:126:26: warning: This simp argument is unused:
  hw

Hint: Omit it from the simp argument list.
  simp ̵[̵h̵w̵]̵

Note: This linter can be disabled with `set_option linter.unusedSimpArgs false`
/home/dombarker/project-offloads/aspis-r57-lean-src-20260929-a/AspisV8R19/R169InnerSamplerExecution.lean:127:23: warning: This simp argument is unused:
  hw

Hint: Omit it from the simp argument list.
  simp ̵[̵h̵w̵]̵

Note: This linter can be disabled with `set_option linter.unusedSimpArgs false`
/home/dombarker/project-offloads/aspis-r57-lean-src-20260929-a/AspisV8R19/R169InnerSamplerExecution.lean:130:23: warning: This simp argument is unused:
  hw

Hint: Omit it from the simp argument list.
  simp only [h̵w̵,̵ ̵bind_tc_ok, R137SamplerInnerStep.decideWord]

Note: This linter can be disabled with `set_option linter.unusedSimpArgs false`
/home/dombarker/project-offloads/aspis-r57-lean-src-20260929-a/AspisV8R19/R169InnerSamplerExecution.lean:134:54: warning: This simp argument is unused:
  bind_tc_ok

Hint: Omit it from the simp argument list.
  simp only [if_neg hm, control, pending,̵ ̵b̵i̵n̵d̵_̵t̵c̵_̵o̵k̵]

Note: This linter can be disabled with `set_option linter.unusedSimpArgs false`
'AspisV8R19.R169InnerSamplerExecution.body_map' depends on axioms: [propext,
 Classical.choice,
 Quot.sound,
 core.fmt.Formatter]
'AspisV8R19.R169InnerSamplerExecution.loop_map' depends on axioms: [propext,
 Classical.choice,
 Quot.sound,
 core.fmt.Formatter]
	Command being timed: "/home/dombarker/.elan/bin/lake --dir /home/dombarker/project-offloads/aspis-r126-release-20260930-a/focus-workspace env lean -j1 -M4500 -R /home/dombarker/project-offloads/aspis-r57-lean-src-20260929-a -o /home/dombarker/project-offloads/aspis-r126-release-20260930-a/lib/AspisV8R19/R169InnerSamplerExecution.olean /home/dombarker/project-offloads/aspis-r57-lean-src-20260929-a/AspisV8R19/R169InnerSamplerExecution.lean"
	User time (seconds): 2.00
	System time (seconds): 0.54
	Percent of CPU this job got: 100%
	Elapsed (wall clock) time (h:mm:ss or m:ss): 0:02.54
	Average shared text size (kbytes): 0
	Average unshared data size (kbytes): 0
	Average stack size (kbytes): 0
	Average total size (kbytes): 0
	Maximum resident set size (kbytes): 3712424
	Average resident set size (kbytes): 0
	Major (requiring I/O) page faults: 0
	Minor (reclaiming a frame) page faults: 87029
	Voluntary context switches: 838
	Involuntary context switches: 81
	Swaps: 0
	File system inputs: 0
	File system outputs: 1232
	Socket messages sent: 0
	Socket messages received: 0
	Signals delivered: 0
	Page size (bytes): 4096
	Exit status: 0
Finished with result: success
Main processes terminated with: code=exited/status=0
Service runtime: 2.572s
CPU time consumed: 2.576s
Memory peak: 516.0K
Memory swap peak: 0B
