Warning: Permanently added '100.108.41.90' (ED25519) to the list of known hosts.
Running as unit: aspis-focus-1791070746216538000.service; invocation ID: a589486cdf6b4d5dacef28ff9305da3f
/home/dombarker/project-offloads/aspis-r57-lean-src-20260929-a/AspisV8R19/R541JointSchurEquivalence.lean:39:4: error: Type mismatch
  LinearMap.map_zero D
has type
  D 0 = 0
but is expected to have type
  D (T v) = 0
Try this:
  [apply] abel_nf
'AspisV8R19.R541.joint_schur_equivalence' depends on axioms: [propext, sorryAx, Classical.choice, Quot.sound]
Command exited with non-zero status 1
	Command being timed: "/home/dombarker/.elan/bin/lake --dir /home/dombarker/project-offloads/aspis-r126-release-20260930-a/focus-workspace env lean -j1 -M4500 -R /home/dombarker/project-offloads/aspis-r57-lean-src-20260929-a -o /home/dombarker/project-offloads/aspis-r126-release-20260930-a/lib/AspisV8R19/R541JointSchurEquivalence.olean /home/dombarker/project-offloads/aspis-r57-lean-src-20260929-a/AspisV8R19/R541JointSchurEquivalence.lean"
	User time (seconds): 0.71
	System time (seconds): 0.18
	Percent of CPU this job got: 100%
	Elapsed (wall clock) time (h:mm:ss or m:ss): 0:00.89
	Average shared text size (kbytes): 0
	Average unshared data size (kbytes): 0
	Average stack size (kbytes): 0
	Average total size (kbytes): 0
	Maximum resident set size (kbytes): 1752816
	Average resident set size (kbytes): 0
	Major (requiring I/O) page faults: 2
	Minor (reclaiming a frame) page faults: 43119
	Voluntary context switches: 671
	Involuntary context switches: 27
	Swaps: 0
	File system inputs: 352
	File system outputs: 0
	Socket messages sent: 0
	Socket messages received: 0
	Signals delivered: 0
	Page size (bytes): 4096
	Exit status: 1
Finished with result: exit-code
Main processes terminated with: code=exited/status=1
Service runtime: 920ms
CPU time consumed: 923ms
Memory peak: 256.0K
Memory swap peak: 0B
