Warning: Permanently added '100.108.41.90' (ED25519) to the list of known hosts.
Running as unit: aspis-focus-1791070762069745000.service; invocation ID: e077099bea0f4a2f9702a9d1e14a42b7
/home/dombarker/project-offloads/aspis-r57-lean-src-20260929-a/AspisV8R19/R541JointSchurEquivalence.lean:39:10: error: Tactic `rewrite` failed: Did not find an occurrence of the pattern
  T.range
in the target expression
  T v ∈ D.ker

F : Type u_1
U : Type u_2
V : Type u_3
A : Type u_4
B : Type u_5
C : Type u_6
W : Type u_7
inst✝¹² : Field F
inst✝¹¹ : AddCommGroup U
inst✝¹⁰ : Module F U
inst✝⁹ : AddCommGroup V
inst✝⁸ : Module F V
inst✝⁷ : AddCommGroup A
inst✝⁶ : Module F A
inst✝⁵ : AddCommGroup B
inst✝⁴ : Module F B
inst✝³ : AddCommGroup C
inst✝² : Module F C
inst✝¹ : AddCommGroup W
inst✝ : Module F W
H : U →ₗ[F] A
T : V →ₗ[F] B
M : U →ₗ[F] B
K : C →ₗ[F] U
D : B →ₗ[F] W
u0 : U
h : A
t0 : B
hu0 : H u0 = h
kernel_parametrized : K.range = H.ker
obstruction_complete : D.ker = T.range
u : U
v : V
hu : H u = h
hv : T v = t0 + M (u - u0)
hdiff : u - u0 ∈ K.range
c : C
hc : K c = u - u0
⊢ T v ∈ D.ker
Try this:
  [apply] abel_nf
'AspisV8R19.R541.joint_schur_equivalence' depends on axioms: [propext, sorryAx, Classical.choice, Quot.sound]
Command exited with non-zero status 1
	Command being timed: "/home/dombarker/.elan/bin/lake --dir /home/dombarker/project-offloads/aspis-r126-release-20260930-a/focus-workspace env lean -j1 -M4500 -R /home/dombarker/project-offloads/aspis-r57-lean-src-20260929-a -o /home/dombarker/project-offloads/aspis-r126-release-20260930-a/lib/AspisV8R19/R541JointSchurEquivalence.olean /home/dombarker/project-offloads/aspis-r57-lean-src-20260929-a/AspisV8R19/R541JointSchurEquivalence.lean"
	User time (seconds): 0.74
	System time (seconds): 0.18
	Percent of CPU this job got: 100%
	Elapsed (wall clock) time (h:mm:ss or m:ss): 0:00.91
	Average shared text size (kbytes): 0
	Average unshared data size (kbytes): 0
	Average stack size (kbytes): 0
	Average total size (kbytes): 0
	Maximum resident set size (kbytes): 1753048
	Average resident set size (kbytes): 0
	Major (requiring I/O) page faults: 0
	Minor (reclaiming a frame) page faults: 43115
	Voluntary context switches: 696
	Involuntary context switches: 27
	Swaps: 0
	File system inputs: 0
	File system outputs: 0
	Socket messages sent: 0
	Socket messages received: 0
	Signals delivered: 0
	Page size (bytes): 4096
	Exit status: 1
Finished with result: exit-code
Main processes terminated with: code=exited/status=1
Service runtime: 958ms
CPU time consumed: 967ms
Memory peak: 256.0K
Memory swap peak: 0B
