Warning: Permanently added '100.108.41.90' (ED25519) to the list of known hosts.
Running as unit: aspis-focus-1791053986006801000.service; invocation ID: 672c4b92ad16463c945052e198dd5297
/home/dombarker/project-offloads/aspis-r57-lean-src-20260929-a/AspisV8R19/R516FiniteGFamily.lean:17:0: warning: automatically included section variable(s) unused in theorem `AspisR19.R516FiniteGFamily.family_mask_balanced`:
  [NeZero 2]
consider restructuring your `variable` declarations so that the variables are not in scope or explicitly omit them:
  omit [NeZero 2] in theorem ...

Note: This linter can be disabled with `set_option linter.unusedSectionVars false`
'AspisR19.R516FiniteGFamily.family_mask_balanced' depends on axioms: [propext, Classical.choice, Quot.sound]
'AspisR19.R516FiniteGFamily.family_mask_mixed_coin_zero' depends on axioms: [propext, Classical.choice, Quot.sound]
	Command being timed: "/home/dombarker/.elan/bin/lake --dir /home/dombarker/project-offloads/aspis-r126-release-20260930-a/focus-workspace env lean -j1 -M4500 -R /home/dombarker/project-offloads/aspis-r57-lean-src-20260929-a -o /home/dombarker/project-offloads/aspis-r126-release-20260930-a/lib/AspisV8R19/R516FiniteGFamily.olean /home/dombarker/project-offloads/aspis-r57-lean-src-20260929-a/AspisV8R19/R516FiniteGFamily.lean"
	User time (seconds): 0.67
	System time (seconds): 0.25
	Percent of CPU this job got: 100%
	Elapsed (wall clock) time (h:mm:ss or m:ss): 0:00.92
	Average shared text size (kbytes): 0
	Average unshared data size (kbytes): 0
	Average stack size (kbytes): 0
	Average total size (kbytes): 0
	Maximum resident set size (kbytes): 2295728
	Average resident set size (kbytes): 0
	Major (requiring I/O) page faults: 0
	Minor (reclaiming a frame) page faults: 53185
	Voluntary context switches: 270
	Involuntary context switches: 48
	Swaps: 0
	File system inputs: 0
	File system outputs: 152
	Socket messages sent: 0
	Socket messages received: 0
	Signals delivered: 0
	Page size (bytes): 4096
	Exit status: 0
Finished with result: success
Main processes terminated with: code=exited/status=0
Service runtime: 963ms
CPU time consumed: 964ms
Memory peak: 292.0K
Memory swap peak: 0B
