Warning: Permanently added '100.108.41.90' (ED25519) to the list of known hosts.
Running as unit: aspis-focus-1791056188410317000.service; invocation ID: 647447e141bc4d82b1bfb6649e4518fc
/home/dombarker/project-offloads/aspis-r57-lean-src-20260929-a/AspisR530SelectedPartialWord/R530SelectedPartialWord.lean:34:6: error: Tactic `rewrite` failed: Did not find an occurrence of the pattern
  (↑(UScalar.and x mask64) + ↑(x.wrapping_shr 31#u32)) % 2 ^ 64
in the target expression
  (↑(UScalar.and x mask64) + ↑(x.wrapping_shr 31#u32)) % UScalar.size UScalarTy.U64 = partialFold ↑x

x : U64
hand : ↑(UScalar.and x mask64) = ↑x &&& P
hshr : ↑(x.wrapping_shr 31#u32) = ↑x >>> 31
hfold : foldBits ↑x < 2 ^ 64
hmod : (↑(UScalar.and x mask64) + ↑(x.wrapping_shr 31#u32)) % 2 ^ 64 = foldBits ↑x
⊢ (↑(UScalar.and x mask64) + ↑(x.wrapping_shr 31#u32)) % UScalar.size UScalarTy.U64 = partialFold ↑x
/home/dombarker/project-offloads/aspis-r57-lean-src-20260929-a/AspisR530SelectedPartialWord/R530SelectedPartialWord.lean:42:2: error: Type mismatch: After simplification, term
  BitVec.isLt x.bv
 has type
  @LT.lt ℕ instLTNat x.bv.toNat (2 ^ 64)
but is expected to have type
  @LT.lt ℕ instLTNat (↑x) 18446744073709551616
'AspisV8R19.R530SelectedPartialWord.partialWord_value' depends on axioms: [propext,
 sorryAx,
 Classical.choice,
 Quot.sound]
'AspisV8R19.R530SelectedPartialWord.partialWord_range' depends on axioms: [propext,
 sorryAx,
 Classical.choice,
 Quot.sound]
'AspisV8R19.R530SelectedPartialWord.partialWord_mod' depends on axioms: [propext, sorryAx, Classical.choice, Quot.sound]
Command exited with non-zero status 1
	Command being timed: "/home/dombarker/.elan/bin/lake --dir /home/dombarker/project-offloads/aspis-r126-release-20260930-a/focus-workspace env lean -j1 -M4500 -R /home/dombarker/project-offloads/aspis-r57-lean-src-20260929-a -o /home/dombarker/project-offloads/aspis-r126-release-20260930-a/lib/AspisR530SelectedPartialWord/R530SelectedPartialWord.olean /home/dombarker/project-offloads/aspis-r57-lean-src-20260929-a/AspisR530SelectedPartialWord/R530SelectedPartialWord.lean"
	User time (seconds): 0.98
	System time (seconds): 0.38
	Percent of CPU this job got: 100%
	Elapsed (wall clock) time (h:mm:ss or m:ss): 0:01.35
	Average shared text size (kbytes): 0
	Average unshared data size (kbytes): 0
	Average stack size (kbytes): 0
	Average total size (kbytes): 0
	Maximum resident set size (kbytes): 3683852
	Average resident set size (kbytes): 0
	Major (requiring I/O) page faults: 0
	Minor (reclaiming a frame) page faults: 85856
	Voluntary context switches: 303
	Involuntary context switches: 80
	Swaps: 0
	File system inputs: 0
	File system outputs: 0
	Socket messages sent: 0
	Socket messages received: 0
	Signals delivered: 0
	Page size (bytes): 4096
	Exit status: 1
Finished with result: exit-code
Main processes terminated with: code=exited/status=1
Service runtime: 1.385s
CPU time consumed: 1.393s
Memory peak: 256.0K
Memory swap peak: 0B
