Warning: Permanently added '100.108.41.90' (ED25519) to the list of known hosts.
Running as unit: aspis-focus-1791109513635064000.service; invocation ID: 29bad243ab594ca8aecbe37f5d722b4a
/home/dombarker/project-offloads/aspis-r57-lean-src-20260929-a/AspisV8R19/R639PackedByteBits.lean:16:40: error: unsolved goals
b : Std.Array U8 31#usize
off : ℕ
hoff : off ≤ 23
bit : ℕ
hbit : bit < 64
hq : bit / 8 < 8
hb : (↑b).length = 31
hp : off + bit / 8 < (↑b).length
hp31 : off + bit / 8 < 31
⊢ Byte.testBit (↑b)[off + bit / 8].bv (bit % 8) = (↑(↑b)[off + bit / 8]).testBit (bit % 8)
'AspisV8R19.R639PackedByteBits.eight_from_le_bytes_bit' depends on axioms: [propext,
 sorryAx,
 Classical.choice,
 Quot.sound]
Command exited with non-zero status 1
	Command being timed: "/home/dombarker/.elan/bin/lake --dir /home/dombarker/project-offloads/aspis-r126-release-20260930-a/focus-workspace env lean -j1 -M4500 -R /home/dombarker/project-offloads/aspis-r57-lean-src-20260929-a -o /home/dombarker/project-offloads/aspis-r126-release-20260930-a/lib/AspisV8R19/R639PackedByteBits.olean /home/dombarker/project-offloads/aspis-r57-lean-src-20260929-a/AspisV8R19/R639PackedByteBits.lean"
	User time (seconds): 1.30
	System time (seconds): 0.33
	Percent of CPU this job got: 100%
	Elapsed (wall clock) time (h:mm:ss or m:ss): 0:01.63
	Average shared text size (kbytes): 0
	Average unshared data size (kbytes): 0
	Average stack size (kbytes): 0
	Average total size (kbytes): 0
	Maximum resident set size (kbytes): 3737252
	Average resident set size (kbytes): 0
	Major (requiring I/O) page faults: 0
	Minor (reclaiming a frame) page faults: 86386
	Voluntary context switches: 362
	Involuntary context switches: 54
	Swaps: 0
	File system inputs: 0
	File system outputs: 0
	Socket messages sent: 0
	Socket messages received: 0
	Signals delivered: 0
	Page size (bytes): 4096
	Exit status: 1
Finished with result: exit-code
Main processes terminated with: code=exited/status=1
Service runtime: 1.668s
CPU time consumed: 1.673s
Memory peak: 332.0K
Memory swap peak: 0B
