Warning: Permanently added '100.108.41.90' (ED25519) to the list of known hosts.
Running as unit: aspis-focus-1790946995815473000.service; invocation ID: c1902373521c44be9bfad9490e47dd14
'AspisV8R17.reverseMaskAccumulator_eq_reverse_fold' depends on axioms: [propext, Quot.sound]
'AspisV8R17.sourceMaskLoop_cons' depends on axioms: [propext, Quot.sound]
'AspisV8R17.reverseMaskAccumulator_scale' depends on axioms: [propext, Quot.sound]
'AspisV8R17.sourceMaskLoop_eq_structuredMask' depends on axioms: [propext, Classical.choice, Quot.sound]
'AspisV8R17.sourceMaskLoop_cube_sum' depends on axioms: [propext, Classical.choice, Quot.sound]
'AspisV8R17.sourceMaskLoop_suffix_round' depends on axioms: [propext, Classical.choice, Quot.sound]
	Command being timed: "/home/dombarker/.elan/bin/lake --dir /home/dombarker/project-offloads/aspis-r126-release-20260930-a/focus-workspace env lean -j1 -M4500 -R /home/dombarker/project-offloads/aspis-r57-lean-src-20260929-a -o /home/dombarker/project-offloads/aspis-r126-release-20260930-a/lib/AspisV8R17/SourceMaskLoop.olean /home/dombarker/project-offloads/aspis-r57-lean-src-20260929-a/AspisV8R17/SourceMaskLoop.lean"
	User time (seconds): 0.76
	System time (seconds): 0.19
	Percent of CPU this job got: 100%
	Elapsed (wall clock) time (h:mm:ss or m:ss): 0:00.95
	Average shared text size (kbytes): 0
	Average unshared data size (kbytes): 0
	Average stack size (kbytes): 0
	Average total size (kbytes): 0
	Maximum resident set size (kbytes): 1928196
	Average resident set size (kbytes): 0
	Major (requiring I/O) page faults: 0
	Minor (reclaiming a frame) page faults: 46763
	Voluntary context switches: 990
	Involuntary context switches: 33
	Swaps: 0
	File system inputs: 0
	File system outputs: 552
	Socket messages sent: 0
	Socket messages received: 0
	Signals delivered: 0
	Page size (bytes): 4096
	Exit status: 0
Finished with result: success
Main processes terminated with: code=exited/status=0
Service runtime: 981ms
CPU time consumed: 985ms
Memory peak: 512.0K
Memory swap peak: 0B
