Running as unit: aspis-complete-profile-transfer-13-1-1788911642-3660370.scope; invocation ID: 10ab9aad98634de89c1e7dd002a37220
pair-forest Registry V2 success PASS: 1192377 CU, 845 TxV1 bytes
asr2_fixture=/home/dombarker/project-offloads/aspis-v8-performance-20260908.scS2Jz/complete-profile-v1/transfer-13-1.asr2.bin
ase2_fixture=/home/dombarker/project-offloads/aspis-v8-performance-20260908.scS2Jz/complete-profile-v1/transfer-13-1.ase2.bin
evidence=/home/dombarker/project-offloads/aspis-v8-performance-20260908.scS2Jz/complete-profile-v1/transfer-13-1.json
	Command being timed: "env NO_DNA=1 ASPIS_MATCHED_V7=0 ASPIS_COMPLETE_TX_LIMIT=1400000 /home/dombarker/project-offloads/aspis-v8-performance-20260908.scS2Jz/docs/research/v8-no-work-100-20260907/experiments/performance-svm/target/release/aspis-v7-pair-forest-combined-rejection /home/dombarker/project-offloads/aspis-v8-performance-20260908.scS2Jz/sbf-selected-pool/aspis_pool.so /home/dombarker/project-offloads/aspis-v8-performance-20260908.scS2Jz/sbf-complete-profile/aspis_v8_complete_sbf.so /home/dombarker/project-offloads/aspis-v8-performance-20260908.scS2Jz/sbf-selected-registry/aspis_registry.so /home/dombarker/project-offloads/aspis-v8-performance-20260908.scS2Jz/sbf-complete/aspis_pair_forest_result_double.so /home/dombarker/project-offloads/aspis-v8-performance-20260908.scS2Jz/complete-profile-v1/transfer-13-1.json /home/dombarker/project-offloads/aspis-v8-performance-20260908.scS2Jz/complete-transfer-13-v1/proofs/proof-1.bin success 1400000 asq8 13 transfer"
	User time (seconds): 0.02
	System time (seconds): 0.01
	Percent of CPU this job got: 97%
	Elapsed (wall clock) time (h:mm:ss or m:ss): 0:00.04
	Average shared text size (kbytes): 0
	Average unshared data size (kbytes): 0
	Average stack size (kbytes): 0
	Average total size (kbytes): 0
	Maximum resident set size (kbytes): 28336
	Average resident set size (kbytes): 0
	Major (requiring I/O) page faults: 0
	Minor (reclaiming a frame) page faults: 6714
	Voluntary context switches: 4
	Involuntary context switches: 2
	Swaps: 0
	File system inputs: 1800
	File system outputs: 56
	Socket messages sent: 0
	Socket messages received: 0
	Signals delivered: 0
	Page size (bytes): 4096
	Exit status: 0
