info: r68_focused: no previous manifest, creating one from scratch
info: toolchain not updated; already up-to-date
'AspisV8R19.TraversalLaws.map_append' depends on axioms: [propext, Quot.sound]
'AspisV8R19.TraversalLaws.map_first_failure' depends on axioms: [propext]
'AspisV8R19.TraversalLaws.map_first_divergence' depends on axioms: [propext]
'AspisV8R19.TraversalLaws.map_pure' depends on axioms: [propext]
'AspisV8R19.TraversalLaws.map_eta' does not depend on any axioms
'AspisV8R19.TraversalLaws.map_four' depends on axioms: [propext, Quot.sound]
'AspisV8R19.TraversalLaws.array_four' depends on axioms: [propext, Classical.choice, Quot.sound]
'AspisV8R19.TraversalLaws.array_empty' depends on axioms: [propext, Classical.choice, Quot.sound]
'AspisV8R19.TraversalLaws.stateful_map_control' does not depend on any axioms
'AspisV8R19.TraversalLaws.stale_state_negative' does not depend on any axioms
'AspisV8R19.TraversalLaws.any_done' depends on axioms: [propext, Classical.choice, Quot.sound]
'AspisV8R19.TraversalLaws.any_hit' depends on axioms: [propext, Classical.choice, Quot.sound]
'AspisV8R19.TraversalLaws.any_continue' depends on axioms: [propext, Classical.choice, Quot.sound]
'AspisV8R19.TraversalLaws.any_next_failure' depends on axioms: [propext, Classical.choice, Quot.sound]
'AspisV8R19.TraversalLaws.any_callback_failure' depends on axioms: [propext, Classical.choice, Quot.sound]
'AspisV8R19.TraversalLaws.chain_left_hit' depends on axioms: [propext]
'AspisV8R19.TraversalLaws.chain_left_exhausted' depends on axioms: [propext]
'AspisV8R19.TraversalLaws.chain_right_not_fused' depends on axioms: [propext]
'AspisV8R19.TraversalLaws.option_some' does not depend on any axioms
'AspisV8R19.TraversalLaws.option_none' does not depend on any axioms
	Command being timed: "/home/dombarker/.elan/bin/lake env lean -j1 -M4500 -R /home/dombarker/project-offloads/aspis-r57-lean-src-20260929-a -o /home/dombarker/project-offloads/aspis-r68-library-20260929-f/lib/AspisV8R19/TraversalLaws.olean /home/dombarker/project-offloads/aspis-r57-lean-src-20260929-a/AspisV8R19/TraversalLaws.lean"
	User time (seconds): 1.38
	System time (seconds): 0.38
	Percent of CPU this job got: 100%
	Elapsed (wall clock) time (h:mm:ss or m:ss): 0:01.76
	Average shared text size (kbytes): 0
	Average unshared data size (kbytes): 0
	Average stack size (kbytes): 0
	Average total size (kbytes): 0
	Maximum resident set size (kbytes): 2531716
	Average resident set size (kbytes): 0
	Major (requiring I/O) page faults: 0
	Minor (reclaiming a frame) page faults: 65096
	Voluntary context switches: 1261
	Involuntary context switches: 58
	Swaps: 0
	File system inputs: 0
	File system outputs: 1024
	Socket messages sent: 0
	Socket messages received: 0
	Signals delivered: 0
	Page size (bytes): 4096
	Exit status: 0
