info: r41_focused: no previous manifest, creating one from scratch
info: toolchain not updated; already up-to-date
'AspisR19.ResidualDegree.add_bound' depends on axioms: [propext, Classical.choice, Quot.sound]
'AspisR19.ResidualDegree.sub_bound' depends on axioms: [propext, Classical.choice, Quot.sound]
'AspisR19.ResidualDegree.mul_bound' depends on axioms: [propext, Classical.choice, Quot.sound]
'AspisR19.ResidualDegree.mul_constant' depends on axioms: [propext, Classical.choice, Quot.sound]
'AspisR19.ResidualDegree.x_degree' depends on axioms: [propext, Classical.choice, Quot.sound]
'AspisR19.ResidualDegree.xx_degree' depends on axioms: [propext, Classical.choice, Quot.sound]
'AspisR19.ResidualDegree.delta_degree' depends on axioms: [propext, Classical.choice, Quot.sound]
'AspisR19.ResidualDegree.chord_degree' depends on axioms: [propext, Classical.choice, Quot.sound]
'AspisR19.ResidualDegree.carry_degree' depends on axioms: [propext, Classical.choice, Quot.sound]
'AspisR19.ResidualDegree.point_degree' depends on axioms: [propext, Classical.choice, Quot.sound]
'AspisR19.ResidualDegree.tensor_degree' depends on axioms: [propext, Classical.choice, Quot.sound]
'AspisR19.ResidualDegree.code_degree' depends on axioms: [propext, Classical.choice, Quot.sound]
'AspisR19.ResidualDegree.point_weight_degree' depends on axioms: [propext, Classical.choice, Quot.sound]
'AspisR19.ResidualDegree.shift_degree' depends on axioms: [propext, Classical.choice, Quot.sound]
'AspisR19.ResidualDegree.root_run_degree' depends on axioms: [propext, Classical.choice, Quot.sound]
'AspisR19.ResidualDegree.root_coefficients_degree' depends on axioms: [propext, Classical.choice, Quot.sound]
'AspisR19.ResidualDegree.quotient_degree' depends on axioms: [propext, Classical.choice, Quot.sound]
'AspisR19.ResidualDegree.poly_degree' depends on axioms: [propext, Classical.choice, Quot.sound]
	Command being timed: "/home/dombarker/.elan/bin/lake env lean -R /home/dombarker/project-offloads/aspis-r41-lean-src-20260929-a -o /home/dombarker/project-offloads/aspis-r41-lean-20260929-d/lib/AspisV8R19/ResidualDegree.olean /home/dombarker/project-offloads/aspis-r41-lean-src-20260929-a/AspisV8R19/ResidualDegree.lean"
	User time (seconds): 1.81
	System time (seconds): 0.35
	Percent of CPU this job got: 157%
	Elapsed (wall clock) time (h:mm:ss or m:ss): 0:01.38
	Average shared text size (kbytes): 0
	Average unshared data size (kbytes): 0
	Average stack size (kbytes): 0
	Average total size (kbytes): 0
	Maximum resident set size (kbytes): 2310304
	Average resident set size (kbytes): 0
	Major (requiring I/O) page faults: 0
	Minor (reclaiming a frame) page faults: 53773
	Voluntary context switches: 5488
	Involuntary context switches: 63
	Swaps: 0
	File system inputs: 0
	File system outputs: 1280
	Socket messages sent: 0
	Socket messages received: 0
	Signals delivered: 0
	Page size (bytes): 4096
	Exit status: 0
