info: r40_focused: no previous manifest, creating one from scratch
info: toolchain not updated; already up-to-date
'AspisR19.ResidualEntryCertificate.sum108' depends on axioms: [propext, Classical.choice, Quot.sound]
'AspisR19.ResidualEntryCertificate.poly_slots' depends on axioms: [propext, Classical.choice, Quot.sound]
	Command being timed: "/home/dombarker/.elan/bin/lake env lean -R /home/dombarker/project-offloads/aspis-r40-lean-src-20260929-a -o /home/dombarker/project-offloads/aspis-r40-lean-20260929-a/lib/AspisV8R19/ResidualEntryCertificate.olean /home/dombarker/project-offloads/aspis-r40-lean-src-20260929-a/AspisV8R19/ResidualEntryCertificate.lean"
	User time (seconds): 1.57
	System time (seconds): 0.36
	Percent of CPU this job got: 107%
	Elapsed (wall clock) time (h:mm:ss or m:ss): 0:01.80
	Average shared text size (kbytes): 0
	Average unshared data size (kbytes): 0
	Average stack size (kbytes): 0
	Average total size (kbytes): 0
	Maximum resident set size (kbytes): 2287948
	Average resident set size (kbytes): 0
	Major (requiring I/O) page faults: 0
	Minor (reclaiming a frame) page faults: 53316
	Voluntary context switches: 2600
	Involuntary context switches: 48
	Swaps: 0
	File system inputs: 0
	File system outputs: 1248
	Socket messages sent: 0
	Socket messages received: 0
	Signals delivered: 0
	Page size (bytes): 4096
	Exit status: 0
