FSV8OODBodyScript.lean:23:2: error: Tactic `simp` failed with a nested error:
maximum recursion depth has been reached
use `set_option maxRecDepth <num>` to increase limit
use `set_option diagnostics true` to get diagnostic information
FSV8OODBodyScript.lean:51:0: warning: automatically included section variable(s) unused in theorem `AspisV8Completion.FSV8OODBodyScript.run_answerScript`:
  [DecidableEq Point]
consider restructuring your `variable` declarations so that the variables are not in scope or explicitly omit them:
  omit [DecidableEq Point] in theorem ...

Note: This linter can be disabled with `set_option linter.unusedSectionVars false`
FSV8OODBodyScript.lean:77:25: error(lean.invalidDottedIdent): Invalid dotted identifier notation: The expected type of `.error` could not be determined

Hint: Using one of these would be unambiguous:
  [apply] `Except.error`
  [apply] `EST.Out.error`
  [apply] `EStateM.Result.error`
  [apply] `Lean.Macro.Exception.error`
  [apply] `Std.Internal.Parsec.ParseResult.error`
  [apply] `Std.Http.Protocol.H1.Machine.error`
FSV8OODBodyScript.lean:83:33: error(lean.invalidDottedIdent): Invalid dotted identifier notation: The expected type of `.error` could not be determined

Hint: Using one of these would be unambiguous:
  [apply] `Except.error`
  [apply] `EST.Out.error`
  [apply] `EStateM.Result.error`
  [apply] `Lean.Macro.Exception.error`
  [apply] `Std.Internal.Parsec.ParseResult.error`
  [apply] `Std.Http.Protocol.H1.Machine.error`
FSV8OODBodyScript.lean:87:25: error(lean.invalidDottedIdent): Invalid dotted identifier notation: The expected type of `.ok` could not be determined

Hint: Using one of these would be unambiguous:
  [apply] `Except.ok`
  [apply] `EST.Out.ok`
  [apply] `EStateM.Result.ok`
  [apply] `Std.Http.Response.ok`
  [apply] `Std.Http.Status.ok`
FSV8OODBodyScript.lean:99:26: error(lean.unknownIdentifier): Unknown identifier `bodyPairScript`

Note: It is not possible to treat `bodyPairScript` as an implicitly bound variable here because the `autoImplicit` option is set to `false`.
FSV8OODBodyScript.lean:100:12: error(lean.invalidDottedIdent): Invalid dotted identifier notation: The expected type of `.ok` could not be determined

Hint: Using one of these would be unambiguous:
  [apply] `Except.ok`
  [apply] `EST.Out.ok`
  [apply] `EStateM.Result.ok`
  [apply] `Std.Http.Response.ok`
  [apply] `Std.Http.Status.ok`
FSV8OODBodyScript.lean:102:13: error(lean.unknownIdentifier): Unknown identifier `bodyPairScript`
FSV8OODBodyScript.lean:102:2: error: `simp` made no progress
FSV8OODBodyScript.lean:128:29: error(lean.unknownIdentifier): Unknown identifier `bodyPairScript`

Note: It is not possible to treat `bodyPairScript` as an implicitly bound variable here because the `autoImplicit` option is set to `false`.
FSV8OODBodyScript.lean:130:5: error(lean.unknownIdentifier): Unknown identifier `bodyPairScript`
FSV8OODBodyScript.lean:139:17: error(lean.unknownIdentifier): Unknown identifier `bodyPairScript`

Note: It is not possible to treat `bodyPairScript` as an implicitly bound variable here because the `autoImplicit` option is set to `false`.
'AspisV8Completion.FSV8OODBodyScript.answer_bytes_size' depends on axioms: [propext, sorryAx, Quot.sound]
'AspisV8Completion.FSV8OODBodyScript.answer_fields_canonical' depends on axioms: [propext, Quot.sound]
'AspisV8Completion.FSV8OODBodyScript.run_answerScript' depends on axioms: [propext, Quot.sound]
FSV8OODBodyScript.lean:145:14: error(lean.unknownIdentifier): Unknown constant `successful_answers_same_body`
FSV8OODBodyScript.lean:146:14: error(lean.unknownIdentifier): Unknown constant `body_pair_prefix`
FSV8OODBodyScript.lean:147:14: error(lean.unknownIdentifier): Unknown constant `body_pair_valid`
        1.13 real         0.78 user         0.20 sys
           664813568  maximum resident set size
                   0  average shared memory size
                   0  average unshared data size
                   0  average unshared stack size
               47863  page reclaims
                  34  page faults
                   0  swaps
                   0  block input operations
                   0  block output operations
                   0  messages sent
                   0  messages received
                   0  signals received
                   9  voluntary context switches
                4341  involuntary context switches
           317032334  instructions retired
           121129622  cycles elapsed
            11633384  peak memory footprint
