Warning: Permanently added '100.108.41.90' (ED25519) to the list of known hosts.
Running as unit: aspis-focus-1791036420353749000.service; invocation ID: 8e53d52ef2fd4a4e88e8c9c510d5f4f1
/home/dombarker/project-offloads/aspis-r57-lean-src-20260929-a/AspisV8R19/R480CallerPointerReads.lean:45:48: error: omega could not prove the goal:
a possible counterexample may satisfy the constraints
  0 ≤ c ≤ 387
  0 ≤ b ≤ 28
where
 b := ↑index
 c := ↑(↑v).length
/home/dombarker/project-offloads/aspis-r57-lean-src-20260929-a/AspisV8R19/R480CallerPointerReads.lean:46:22: error: failed to prove index is valid, possible solutions:
  - Use `have`-expressions to prove the index is valid
  - Use `a[i]!` notation instead, runtime check is performed, and 'Panic' error message is produced if index is not valid
  - Use `a[i]?` notation instead, result is an `Option` type
  - Use `a[i]'h` notation instead, where `h` is a proof that index is valid
a : Allocation field.QM31
v : alloc.vec.Vec field.QM31
hcells : a.cells = ↑v
index : ℕ
hindex : index < 29
⊢ 359 + index < (↑v).length
/home/dombarker/project-offloads/aspis-r57-lean-src-20260929-a/AspisV8R19/R480CallerPointerReads.lean:55:48: error: omega could not prove the goal:
a possible counterexample may satisfy the constraints
  0 ≤ c ≤ 416
  0 ≤ b ≤ 28
where
 b := ↑index
 c := ↑(↑v).length
/home/dombarker/project-offloads/aspis-r57-lean-src-20260929-a/AspisV8R19/R480CallerPointerReads.lean:56:22: error: failed to prove index is valid, possible solutions:
  - Use `have`-expressions to prove the index is valid
  - Use `a[i]!` notation instead, runtime check is performed, and 'Panic' error message is produced if index is not valid
  - Use `a[i]?` notation instead, result is an `Option` type
  - Use `a[i]'h` notation instead, where `h` is a proof that index is valid
a : Allocation field.QM31
v : alloc.vec.Vec field.QM31
hcells : a.cells = ↑v
index : ℕ
hindex : index < 29
⊢ 388 + index < (↑v).length
/home/dombarker/project-offloads/aspis-r57-lean-src-20260929-a/AspisV8R19/R480CallerPointerReads.lean:72:4: error: `simp` made no progress

Note: The target expression is not type-correct under the `instances` transparency level, which may have triggered the failure. This is usually caused by unfolding of semireducible definitions in prior tactic steps. Use `set_option linter.tacticCheckInstances true` to investigate the source of the issue.
Full error:
  Application type mismatch: The argument
    v
  has type
    alloc.vec.Vec field.QM31
  but is expected to have type
    { l // l.length ≤ Usize.max }
  in the application
    ↑v
/home/dombarker/project-offloads/aspis-r57-lean-src-20260929-a/AspisV8R19/R480CallerPointerReads.lean:80:55: error: omega could not prove the goal:
a possible counterexample may satisfy the constraints
  d ≥ 0
  c ≥ 388
  0 ≤ b ≤ 28
  b - d ≥ -359
where
 b := ↑index
 c := ↑a.cells.length
 d := ↑(↑v).length
/home/dombarker/project-offloads/aspis-r57-lean-src-20260929-a/AspisV8R19/R480CallerPointerReads.lean:95:4: error: `simp` made no progress

Note: The target expression is not type-correct under the `instances` transparency level, which may have triggered the failure. This is usually caused by unfolding of semireducible definitions in prior tactic steps. Use `set_option linter.tacticCheckInstances true` to investigate the source of the issue.
Full error:
  Application type mismatch: The argument
    v
  has type
    alloc.vec.Vec field.QM31
  but is expected to have type
    { l // l.length ≤ Usize.max }
  in the application
    ↑v
/home/dombarker/project-offloads/aspis-r57-lean-src-20260929-a/AspisV8R19/R480CallerPointerReads.lean:103:55: error: omega could not prove the goal:
a possible counterexample may satisfy the constraints
  d ≥ 0
  c ≥ 417
  0 ≤ b ≤ 28
  b - d ≥ -388
where
 b := ↑index
 c := ↑a.cells.length
 d := ↑(↑v).length
'AspisV8R19.R480CallerPointerReads.first_caller_pointer_read' depends on axioms: [propext,
 sorryAx,
 Classical.choice,
 Quot.sound]
'AspisV8R19.R480CallerPointerReads.second_caller_pointer_read' depends on axioms: [propext,
 sorryAx,
 Classical.choice,
 Quot.sound]
Command exited with non-zero status 1
	Command being timed: "/home/dombarker/.elan/bin/lake --dir /home/dombarker/project-offloads/aspis-r126-release-20260930-a/focus-workspace env lean -j1 -M4500 -R /home/dombarker/project-offloads/aspis-r57-lean-src-20260929-a -o /home/dombarker/project-offloads/aspis-r126-release-20260930-a/lib/AspisV8R19/R480CallerPointerReads.olean /home/dombarker/project-offloads/aspis-r57-lean-src-20260929-a/AspisV8R19/R480CallerPointerReads.lean"
	User time (seconds): 1.26
	System time (seconds): 0.40
	Percent of CPU this job got: 100%
	Elapsed (wall clock) time (h:mm:ss or m:ss): 0:01.66
	Average shared text size (kbytes): 0
	Average unshared data size (kbytes): 0
	Average stack size (kbytes): 0
	Average total size (kbytes): 0
	Maximum resident set size (kbytes): 3704144
	Average resident set size (kbytes): 0
	Major (requiring I/O) page faults: 0
	Minor (reclaiming a frame) page faults: 86684
	Voluntary context switches: 408
	Involuntary context switches: 82
	Swaps: 0
	File system inputs: 0
	File system outputs: 0
	Socket messages sent: 0
	Socket messages received: 0
	Signals delivered: 0
	Page size (bytes): 4096
	Exit status: 1
Finished with result: exit-code
Main processes terminated with: code=exited/status=1
Service runtime: 1.688s
CPU time consumed: 1.697s
Memory peak: 328.0K
Memory swap peak: 0B
