Warning: Permanently added '100.108.41.90' (ED25519) to the list of known hosts.
Running as unit: aspis-focus-1791036137228573000.service; invocation ID: d49a57b21e3946c190b97465b183f938
/home/dombarker/project-offloads/aspis-r57-lean-src-20260929-a/AspisV8R19/R479CallerBatchSlices.lean:33:4: warning: This simp argument is unused:
  core.slice.index.SliceIndexRangeUsizeSlice

Hint: Omit it from the simp argument list.
  simp [selectedSlice, alloc.vec.Vec.index, c̵o̵r̵e̵.̵s̵l̵i̵c̵e̵.̵i̵n̵d̵e̵x̵.̵S̵l̵i̵c̵e̵I̵n̵d̵e̵x̵R̵a̵n̵g̵e̵U̵s̵i̵z̵e̵S̵l̵i̵c̵e̵,̵core.slice.index.SliceIndexRangeUsizeSlice.index,
      UScalar.le_equiv, Slice.length]

Note: This linter can be disabled with `set_option linter.unusedSimpArgs false`
/home/dombarker/project-offloads/aspis-r57-lean-src-20260929-a/AspisV8R19/R479CallerBatchSlices.lean:43:4: warning: This simp argument is unused:
  core.slice.index.SliceIndexRangeUsizeSlice

Hint: Omit it from the simp argument list.
  simp [selectedSlice, alloc.vec.Vec.index, c̵o̵r̵e̵.̵s̵l̵i̵c̵e̵.̵i̵n̵d̵e̵x̵.̵S̵l̵i̵c̵e̵I̵n̵d̵e̵x̵R̵a̵n̵g̵e̵U̵s̵i̵z̵e̵S̵l̵i̵c̵e̵,̵core.slice.index.SliceIndexRangeUsizeSlice.index,
      UScalar.le_equiv, Slice.length] at h

Note: This linter can be disabled with `set_option linter.unusedSimpArgs false`
/home/dombarker/project-offloads/aspis-r57-lean-src-20260929-a/AspisV8R19/R479CallerBatchSlices.lean:89:32: warning: This simp argument is unused:
  List.getElem?_take

Hint: Omit it from the simp argument list.
  simp [firstRange, List.slice, List.getElem?_t̵a̵k̵e̵,̵ ̵L̵i̵s̵t̵.̵g̵e̵t̵E̵l̵e̵m̵?̵_̵drop, hindex]

Note: This linter can be disabled with `set_option linter.unusedSimpArgs false`
/home/dombarker/project-offloads/aspis-r57-lean-src-20260929-a/AspisV8R19/R479CallerBatchSlices.lean:102:33: warning: This simp argument is unused:
  List.getElem?_take

Hint: Omit it from the simp argument list.
  simp [secondRange, List.slice, List.getElem?_t̵a̵k̵e̵,̵ ̵L̵i̵s̵t̵.̵g̵e̵t̵E̵l̵e̵m̵?̵_̵drop, hindex]

Note: This linter can be disabled with `set_option linter.unusedSimpArgs false`
'AspisV8R19.R479CallerBatchSlices.selectedSlice_values' depends on axioms: [propext, Quot.sound]
'AspisV8R19.R479CallerBatchSlices.firstRange_length' depends on axioms: [propext, Classical.choice, Quot.sound]
'AspisV8R19.R479CallerBatchSlices.secondRange_length' depends on axioms: [propext, Classical.choice, Quot.sound]
'AspisV8R19.R479CallerBatchSlices.firstRange_index' depends on axioms: [propext, Classical.choice, Quot.sound]
'AspisV8R19.R479CallerBatchSlices.secondRange_index' depends on axioms: [propext, Classical.choice, Quot.sound]
	Command being timed: "/home/dombarker/.elan/bin/lake --dir /home/dombarker/project-offloads/aspis-r126-release-20260930-a/focus-workspace env lean -j1 -M4500 -R /home/dombarker/project-offloads/aspis-r57-lean-src-20260929-a -o /home/dombarker/project-offloads/aspis-r126-release-20260930-a/lib/AspisV8R19/R479CallerBatchSlices.olean /home/dombarker/project-offloads/aspis-r57-lean-src-20260929-a/AspisV8R19/R479CallerBatchSlices.lean"
	User time (seconds): 1.57
	System time (seconds): 0.37
	Percent of CPU this job got: 100%
	Elapsed (wall clock) time (h:mm:ss or m:ss): 0:01.95
	Average shared text size (kbytes): 0
	Average unshared data size (kbytes): 0
	Average stack size (kbytes): 0
	Average total size (kbytes): 0
	Maximum resident set size (kbytes): 3717588
	Average resident set size (kbytes): 0
	Major (requiring I/O) page faults: 0
	Minor (reclaiming a frame) page faults: 86964
	Voluntary context switches: 713
	Involuntary context switches: 66
	Swaps: 0
	File system inputs: 0
	File system outputs: 304
	Socket messages sent: 0
	Socket messages received: 0
	Signals delivered: 0
	Page size (bytes): 4096
	Exit status: 0
Finished with result: success
Main processes terminated with: code=exited/status=0
Service runtime: 1.978s
CPU time consumed: 1.979s
Memory peak: 516.0K
Memory swap peak: 0B
