info: r60_focused: no previous manifest, creating one from scratch
info: toolchain not updated; already up-to-date
'AspisV8R17.RawReducer.first_fold_lt' depends on axioms: [propext, Classical.choice, Quot.sound]
'AspisV8R17.RawReducer.second_fold_cast_exact' depends on axioms: [propext, Classical.choice, Quot.sound]
'AspisV8R17.RawReducer.rawReduceU64_canonical' depends on axioms: [propext, Classical.choice, Quot.sound]
'AspisV8R17.RawReducer.rawReduceU64_eq_mod_nat' depends on axioms: [propext, Classical.choice, Quot.sound]
	Command being timed: "/home/dombarker/.elan/bin/lake env lean -R /home/dombarker/project-offloads/aspis-r57-lean-src-20260929-a -o /home/dombarker/project-offloads/aspis-r60-lean-20260929-b/lib/AspisV8R17/RawReducerNat.olean /home/dombarker/project-offloads/aspis-r57-lean-src-20260929-a/AspisV8R17/RawReducerNat.lean"
	User time (seconds): 0.56
	System time (seconds): 0.13
	Percent of CPU this job got: 143%
	Elapsed (wall clock) time (h:mm:ss or m:ss): 0:00.48
	Average shared text size (kbytes): 0
	Average unshared data size (kbytes): 0
	Average stack size (kbytes): 0
	Average total size (kbytes): 0
	Maximum resident set size (kbytes): 550924
	Average resident set size (kbytes): 0
	Major (requiring I/O) page faults: 76
	Minor (reclaiming a frame) page faults: 18027
	Voluntary context switches: 2911
	Involuntary context switches: 27
	Swaps: 0
	File system inputs: 1592
	File system outputs: 512
	Socket messages sent: 0
	Socket messages received: 0
	Signals delivered: 0
	Page size (bytes): 4096
	Exit status: 0
