Warning: Permanently added '100.108.41.90' (ED25519) to the list of known hosts.
Running as unit: aspis-focus-1791122867268981000.service; invocation ID: fef730b1ca394c229924674dc367547f
/home/dombarker/project-offloads/aspis-r57-lean-src-20260929-a/AspisV8R19/R688CombineBetaFieldInterpretation.lean:101:25: warning: Used `tac1 <;> tac2` where `(tac1; tac2)` would suffice

Note: This linter can be disabled with `set_option linter.unnecessarySeqFocus false`
/home/dombarker/project-offloads/aspis-r57-lean-src-20260929-a/AspisV8R19/R688CombineBetaFieldInterpretation.lean:123:25: error: Tactic `rewrite` failed: Did not find an occurrence of the pattern
  (4 * ↑group + 1) / 4
in the target expression
  base (arrayAt a2 ⟨16 * (↑⟨4 * ↑group + ↑0, ⋯⟩ / 4) + 4 * ↑(sourceIndex slot) + ↑⟨4 * ↑group + ↑0, ⋯⟩ % 4, ⋯⟩) *
            base (arrayAt (arrayAt powers.mixed ⟨4 * ↑group + ↑0, ⋯⟩) limb) +
          base
              (arrayAt a2 ⟨16 * (↑⟨4 * ↑group + ↑1, ⋯⟩ / 4) + 4 * ↑(sourceIndex slot) + ↑⟨4 * ↑group + ↑1, ⋯⟩ % 4, ⋯⟩) *
            base (arrayAt (arrayAt powers.mixed ⟨4 * ↑group + ↑1, ⋯⟩) limb) +
        base (arrayAt a2 ⟨16 * (↑⟨4 * ↑group + ↑2, ⋯⟩ / 4) + 4 * ↑(sourceIndex slot) + ↑⟨4 * ↑group + ↑2, ⋯⟩ % 4, ⋯⟩) *
          base (arrayAt (arrayAt powers.mixed ⟨4 * ↑group + ↑2, ⋯⟩) limb) +
      base (arrayAt a2 ⟨16 * (↑⟨4 * ↑group + ↑3, ⋯⟩ / 4) + 4 * ↑(sourceIndex slot) + ↑⟨4 * ↑group + ↑3, ⋯⟩ % 4, ⋯⟩) *
        base (arrayAt (arrayAt powers.mixed ⟨4 * ↑group + ↑3, ⋯⟩) limb) =
    matrixCoordinate (mixedMatrix powers group) (base (arrayAt a2 (c2Index group slot 0)))
      (base (arrayAt a2 (c2Index group slot 1))) (base (arrayAt a2 (c2Index group slot 2)))
      (base (arrayAt a2 (c2Index group slot 3))) limb

case e_a
a1 : Std.Array U32 104#usize
a2 : Std.Array U32 48#usize
powers : query_arithmetic.BetaCoefficients
slot limb : U4
group : Fin 3
a✝ : group ∈ Finset.univ
hdiv1 : (4 * ↑group + 1) / 4 = ↑group
hdiv2 : (4 * ↑group + 2) / 4 = ↑group
hdiv3 : (4 * ↑group + 3) / 4 = ↑group
⊢ base (arrayAt a2 ⟨16 * (↑⟨4 * ↑group + ↑0, ⋯⟩ / 4) + 4 * ↑(sourceIndex slot) + ↑⟨4 * ↑group + ↑0, ⋯⟩ % 4, ⋯⟩) *
            base (arrayAt (arrayAt powers.mixed ⟨4 * ↑group + ↑0, ⋯⟩) limb) +
          base
              (arrayAt a2 ⟨16 * (↑⟨4 * ↑group + ↑1, ⋯⟩ / 4) + 4 * ↑(sourceIndex slot) + ↑⟨4 * ↑group + ↑1, ⋯⟩ % 4, ⋯⟩) *
            base (arrayAt (arrayAt powers.mixed ⟨4 * ↑group + ↑1, ⋯⟩) limb) +
        base (arrayAt a2 ⟨16 * (↑⟨4 * ↑group + ↑2, ⋯⟩ / 4) + 4 * ↑(sourceIndex slot) + ↑⟨4 * ↑group + ↑2, ⋯⟩ % 4, ⋯⟩) *
          base (arrayAt (arrayAt powers.mixed ⟨4 * ↑group + ↑2, ⋯⟩) limb) +
      base (arrayAt a2 ⟨16 * (↑⟨4 * ↑group + ↑3, ⋯⟩ / 4) + 4 * ↑(sourceIndex slot) + ↑⟨4 * ↑group + ↑3, ⋯⟩ % 4, ⋯⟩) *
        base (arrayAt (arrayAt powers.mixed ⟨4 * ↑group + ↑3, ⋯⟩) limb) =
    matrixCoordinate (mixedMatrix powers group) (base (arrayAt a2 (c2Index group slot 0)))
      (base (arrayAt a2 (c2Index group slot 1))) (base (arrayAt a2 (c2Index group slot 2)))
      (base (arrayAt a2 (c2Index group slot 3))) limb

Note: The target expression is not type-correct under the `instances` transparency level, which may have triggered the failure. This is usually caused by unfolding of semireducible definitions in prior tactic steps. Use `set_option linter.tacticCheckInstances true` to investigate the source of the issue.
Full error:
  Application type mismatch: The argument
    rawCoordinate._proof_1 slot ⟨4 * ↑group + ↑0, Decidable.byContradiction fun a => sum_fin12_group._proof_1 group 0 a⟩
  has type
    @LT.lt ℕ instLTNat (16 * (↑⟨4 * ↑group + ↑0, ⋯⟩ / 4) + 4 * ↑(sourceIndex slot) + ↑⟨4 * ↑group + ↑0, ⋯⟩ % 4) 48
  but is expected to have type
    @LT.lt ℕ instLTNat (16 * (↑⟨4 * ↑group + ↑0, ⋯⟩ / 4) + 4 * ↑(sourceIndex slot) + ↑⟨4 * ↑group + ↑0, ⋯⟩ % 4)
      ↑48#usize
  in the application
    ⟨16 * (↑⟨4 * ↑group + ↑0, ⋯⟩ / 4) + 4 * ↑(sourceIndex slot) + ↑⟨4 * ↑group + ↑0, ⋯⟩ % 4, ⋯⟩
/home/dombarker/project-offloads/aspis-r57-lean-src-20260929-a/AspisV8R19/R688CombineBetaFieldInterpretation.lean:195:65: warning: This simp argument is unused:
  QuadraticAlgebra.im_add

Hint: Omit it from the simp argument list.
  simp only [coordinate, interpreted, QuadraticAlgebra.re_add,̵ ̵Q̵u̵a̵d̵r̵a̵t̵i̵c̵A̵l̵g̵e̵b̵r̵a̵.̵i̵m̵_̵a̵d̵d̵]

Note: This linter can be disabled with `set_option linter.unusedSimpArgs false`
/home/dombarker/project-offloads/aspis-r57-lean-src-20260929-a/AspisV8R19/R688CombineBetaFieldInterpretation.lean:205:65: warning: This simp argument is unused:
  QuadraticAlgebra.re_add

Hint: Omit it from the simp argument list.
  simp only [coordinate, interpreted, QuadraticAlgebra.im_add,̵ ̵Q̵u̵a̵d̵r̵a̵t̵i̵c̵A̵l̵g̵e̵b̵r̵a̵.̵r̵e̵_̵a̵d̵d̵]

Note: This linter can be disabled with `set_option linter.unusedSimpArgs false`
'AspisV8R19.R688CombineBetaFieldInterpretation.combine_beta_field_interpretation' depends on axioms: [propext,
 sorryAx,
 Classical.choice,
 Quot.sound,
 core.fmt.Formatter]
Command exited with non-zero status 1
	Command being timed: "/home/dombarker/.elan/bin/lake --dir /home/dombarker/project-offloads/aspis-r126-release-20260930-a/focus-workspace env lean -j1 -M4500 -R /home/dombarker/project-offloads/aspis-r57-lean-src-20260929-a -o /home/dombarker/project-offloads/aspis-r126-release-20260930-a/lib/AspisV8R19/R688CombineBetaFieldInterpretation.olean /home/dombarker/project-offloads/aspis-r57-lean-src-20260929-a/AspisV8R19/R688CombineBetaFieldInterpretation.lean"
	User time (seconds): 2.07
	System time (seconds): 0.41
	Percent of CPU this job got: 101%
	Elapsed (wall clock) time (h:mm:ss or m:ss): 0:02.45
	Average shared text size (kbytes): 0
	Average unshared data size (kbytes): 0
	Average stack size (kbytes): 0
	Average total size (kbytes): 0
	Maximum resident set size (kbytes): 3766896
	Average resident set size (kbytes): 0
	Major (requiring I/O) page faults: 0
	Minor (reclaiming a frame) page faults: 87942
	Voluntary context switches: 1545
	Involuntary context switches: 82
	Swaps: 0
	File system inputs: 0
	File system outputs: 0
	Socket messages sent: 0
	Socket messages received: 0
	Signals delivered: 0
	Page size (bytes): 4096
	Exit status: 1
Finished with result: exit-code
Main processes terminated with: code=exited/status=1
Service runtime: 2.484s
CPU time consumed: 2.516s
Memory peak: 328.0K
Memory swap peak: 0B
