'AspisV8Completion.SuccessfulReplayAlphaBoundary.successful_replay_constructs_actual_alpha_run' depends on axioms: [propext,
 Classical.choice,
 Quot.sound]
        3.70 real         1.76 user         1.71 sys
          5618565120  maximum resident set size
                   0  average shared memory size
                   0  average unshared data size
                   0  average unshared stack size
              427804  page reclaims
                1293  page faults
                   0  swaps
                   0  block input operations
                   0  block output operations
                   0  messages sent
                   0  messages received
                   0  signals received
                 230  voluntary context switches
                4280  involuntary context switches
         33656887323  instructions retired
         12445495315  cycles elapsed
           872555408  peak memory footprint
