Warning: Permanently added '100.108.41.90' (ED25519) to the list of known hosts.
Running as unit: aspis-focus-1791141653687854000.service; invocation ID: c837671f4e7445a58964225301ec1f42
/home/dombarker/project-offloads/aspis-r57-lean-src-20260929-a/AspisV8R19/R748JointWitnessPointEntry.lean:33:16: warning: This simp argument is unused:
  sourcePointBasis

Hint: Omit it from the simp argument list.
  simp +decide [sourceP̵o̵i̵n̵t̵B̵a̵s̵i̵s̵,̵ ̵s̵o̵u̵r̵c̵e̵MultilinearFactors, Fin.prod_univ_succ, p]

Note: This linter can be disabled with `set_option linter.unusedSimpArgs false`
/home/dombarker/project-offloads/aspis-r57-lean-src-20260929-a/AspisV8R19/R748JointWitnessPointEntry.lean:33:34: warning: This simp argument is unused:
  sourceMultilinearFactors

Hint: Omit it from the simp argument list.
  simp +decide [sourcePointBasis, s̵o̵u̵r̵c̵e̵M̵u̵l̵t̵i̵l̵i̵n̵e̵a̵r̵F̵a̵c̵t̵o̵r̵s̵,̵ ̵Fin.prod_univ_succ, p]

Note: This linter can be disabled with `set_option linter.unusedSimpArgs false`
/home/dombarker/project-offloads/aspis-r57-lean-src-20260929-a/AspisV8R19/R748JointWitnessPointEntry.lean:33:60: warning: This simp argument is unused:
  Fin.prod_univ_succ

Hint: Omit it from the simp argument list.
  simp +decide [sourcePointBasis, sourceMultilinearFactors, F̵i̵n̵.̵p̵r̵o̵d̵_̵u̵n̵i̵v̵_̵s̵u̵c̵c̵,̵ ̵p]

Note: This linter can be disabled with `set_option linter.unusedSimpArgs false`
/home/dombarker/project-offloads/aspis-r57-lean-src-20260929-a/AspisV8R19/R748JointWitnessPointEntry.lean:33:80: warning: This simp argument is unused:
  p

Hint: Omit it from the simp argument list.
  simp +decide [sourcePointBasis, sourceMultilinearFactors, Fin.prod_univ_succ,̵ ̵p̵]

Note: This linter can be disabled with `set_option linter.unusedSimpArgs false`
/home/dombarker/project-offloads/aspis-r57-lean-src-20260929-a/AspisV8R19/R748JointWitnessPointEntry.lean:42:16: warning: This simp argument is unused:
  sourcePointBasis

Hint: Omit it from the simp argument list.
  simp +decide [sourceP̵o̵i̵n̵t̵B̵a̵s̵i̵s̵,̵ ̵s̵o̵u̵r̵c̵e̵MultilinearFactors, Fin.prod_univ_succ, p]

Note: This linter can be disabled with `set_option linter.unusedSimpArgs false`
/home/dombarker/project-offloads/aspis-r57-lean-src-20260929-a/AspisV8R19/R748JointWitnessPointEntry.lean:42:34: warning: This simp argument is unused:
  sourceMultilinearFactors

Hint: Omit it from the simp argument list.
  simp +decide [sourcePointBasis, s̵o̵u̵r̵c̵e̵M̵u̵l̵t̵i̵l̵i̵n̵e̵a̵r̵F̵a̵c̵t̵o̵r̵s̵,̵ ̵Fin.prod_univ_succ, p]

Note: This linter can be disabled with `set_option linter.unusedSimpArgs false`
/home/dombarker/project-offloads/aspis-r57-lean-src-20260929-a/AspisV8R19/R748JointWitnessPointEntry.lean:42:60: warning: This simp argument is unused:
  Fin.prod_univ_succ

Hint: Omit it from the simp argument list.
  simp +decide [sourcePointBasis, sourceMultilinearFactors, F̵i̵n̵.̵p̵r̵o̵d̵_̵u̵n̵i̵v̵_̵s̵u̵c̵c̵,̵ ̵p]

Note: This linter can be disabled with `set_option linter.unusedSimpArgs false`
/home/dombarker/project-offloads/aspis-r57-lean-src-20260929-a/AspisV8R19/R748JointWitnessPointEntry.lean:42:80: warning: This simp argument is unused:
  p

Hint: Omit it from the simp argument list.
  simp +decide [sourcePointBasis, sourceMultilinearFactors, Fin.prod_univ_succ,̵ ̵p̵]

Note: This linter can be disabled with `set_option linter.unusedSimpArgs false`
/home/dombarker/project-offloads/aspis-r57-lean-src-20260929-a/AspisV8R19/R748JointWitnessPointEntry.lean:51:16: warning: This simp argument is unused:
  sourcePointBasis

Hint: Omit it from the simp argument list.
  simp +decide [sourceP̵o̵i̵n̵t̵B̵a̵s̵i̵s̵,̵ ̵s̵o̵u̵r̵c̵e̵MultilinearFactors, Fin.prod_univ_succ, p]

Note: This linter can be disabled with `set_option linter.unusedSimpArgs false`
/home/dombarker/project-offloads/aspis-r57-lean-src-20260929-a/AspisV8R19/R748JointWitnessPointEntry.lean:51:34: warning: This simp argument is unused:
  sourceMultilinearFactors

Hint: Omit it from the simp argument list.
  simp +decide [sourcePointBasis, s̵o̵u̵r̵c̵e̵M̵u̵l̵t̵i̵l̵i̵n̵e̵a̵r̵F̵a̵c̵t̵o̵r̵s̵,̵ ̵Fin.prod_univ_succ, p]

Note: This linter can be disabled with `set_option linter.unusedSimpArgs false`
/home/dombarker/project-offloads/aspis-r57-lean-src-20260929-a/AspisV8R19/R748JointWitnessPointEntry.lean:51:60: warning: This simp argument is unused:
  Fin.prod_univ_succ

Hint: Omit it from the simp argument list.
  simp +decide [sourcePointBasis, sourceMultilinearFactors, F̵i̵n̵.̵p̵r̵o̵d̵_̵u̵n̵i̵v̵_̵s̵u̵c̵c̵,̵ ̵p]

Note: This linter can be disabled with `set_option linter.unusedSimpArgs false`
/home/dombarker/project-offloads/aspis-r57-lean-src-20260929-a/AspisV8R19/R748JointWitnessPointEntry.lean:51:80: warning: This simp argument is unused:
  p

Hint: Omit it from the simp argument list.
  simp +decide [sourcePointBasis, sourceMultilinearFactors, Fin.prod_univ_succ,̵ ̵p̵]

Note: This linter can be disabled with `set_option linter.unusedSimpArgs false`
/home/dombarker/project-offloads/aspis-r57-lean-src-20260929-a/AspisV8R19/R748JointWitnessPointEntry.lean:60:16: warning: This simp argument is unused:
  sourcePointBasis

Hint: Omit it from the simp argument list.
  simp +decide [sourceP̵o̵i̵n̵t̵B̵a̵s̵i̵s̵,̵ ̵s̵o̵u̵r̵c̵e̵MultilinearFactors, Fin.prod_univ_succ, p]

Note: This linter can be disabled with `set_option linter.unusedSimpArgs false`
/home/dombarker/project-offloads/aspis-r57-lean-src-20260929-a/AspisV8R19/R748JointWitnessPointEntry.lean:60:34: warning: This simp argument is unused:
  sourceMultilinearFactors

Hint: Omit it from the simp argument list.
  simp +decide [sourcePointBasis, s̵o̵u̵r̵c̵e̵M̵u̵l̵t̵i̵l̵i̵n̵e̵a̵r̵F̵a̵c̵t̵o̵r̵s̵,̵ ̵Fin.prod_univ_succ, p]

Note: This linter can be disabled with `set_option linter.unusedSimpArgs false`
/home/dombarker/project-offloads/aspis-r57-lean-src-20260929-a/AspisV8R19/R748JointWitnessPointEntry.lean:60:60: warning: This simp argument is unused:
  Fin.prod_univ_succ

Hint: Omit it from the simp argument list.
  simp +decide [sourcePointBasis, sourceMultilinearFactors, F̵i̵n̵.̵p̵r̵o̵d̵_̵u̵n̵i̵v̵_̵s̵u̵c̵c̵,̵ ̵p]

Note: This linter can be disabled with `set_option linter.unusedSimpArgs false`
/home/dombarker/project-offloads/aspis-r57-lean-src-20260929-a/AspisV8R19/R748JointWitnessPointEntry.lean:60:80: warning: This simp argument is unused:
  p

Hint: Omit it from the simp argument list.
  simp +decide [sourcePointBasis, sourceMultilinearFactors, Fin.prod_univ_succ,̵ ̵p̵]

Note: This linter can be disabled with `set_option linter.unusedSimpArgs false`
/home/dombarker/project-offloads/aspis-r57-lean-src-20260929-a/AspisV8R19/R748JointWitnessPointEntry.lean:69:16: warning: This simp argument is unused:
  sourcePointBasis

Hint: Omit it from the simp argument list.
  simp +decide [sourceP̵o̵i̵n̵t̵B̵a̵s̵i̵s̵,̵ ̵s̵o̵u̵r̵c̵e̵MultilinearFactors, Fin.prod_univ_succ, p]

Note: This linter can be disabled with `set_option linter.unusedSimpArgs false`
/home/dombarker/project-offloads/aspis-r57-lean-src-20260929-a/AspisV8R19/R748JointWitnessPointEntry.lean:69:34: warning: This simp argument is unused:
  sourceMultilinearFactors

Hint: Omit it from the simp argument list.
  simp +decide [sourcePointBasis, s̵o̵u̵r̵c̵e̵M̵u̵l̵t̵i̵l̵i̵n̵e̵a̵r̵F̵a̵c̵t̵o̵r̵s̵,̵ ̵Fin.prod_univ_succ, p]

Note: This linter can be disabled with `set_option linter.unusedSimpArgs false`
/home/dombarker/project-offloads/aspis-r57-lean-src-20260929-a/AspisV8R19/R748JointWitnessPointEntry.lean:69:60: warning: This simp argument is unused:
  Fin.prod_univ_succ

Hint: Omit it from the simp argument list.
  simp +decide [sourcePointBasis, sourceMultilinearFactors, F̵i̵n̵.̵p̵r̵o̵d̵_̵u̵n̵i̵v̵_̵s̵u̵c̵c̵,̵ ̵p]

Note: This linter can be disabled with `set_option linter.unusedSimpArgs false`
/home/dombarker/project-offloads/aspis-r57-lean-src-20260929-a/AspisV8R19/R748JointWitnessPointEntry.lean:69:80: warning: This simp argument is unused:
  p

Hint: Omit it from the simp argument list.
  simp +decide [sourcePointBasis, sourceMultilinearFactors, Fin.prod_univ_succ,̵ ̵p̵]

Note: This linter can be disabled with `set_option linter.unusedSimpArgs false`
/home/dombarker/project-offloads/aspis-r57-lean-src-20260929-a/AspisV8R19/R748JointWitnessPointEntry.lean:78:16: warning: This simp argument is unused:
  sourcePointBasis

Hint: Omit it from the simp argument list.
  simp +decide [sourceP̵o̵i̵n̵t̵B̵a̵s̵i̵s̵,̵ ̵s̵o̵u̵r̵c̵e̵MultilinearFactors, Fin.prod_univ_succ, p]

Note: This linter can be disabled with `set_option linter.unusedSimpArgs false`
/home/dombarker/project-offloads/aspis-r57-lean-src-20260929-a/AspisV8R19/R748JointWitnessPointEntry.lean:78:34: warning: This simp argument is unused:
  sourceMultilinearFactors

Hint: Omit it from the simp argument list.
  simp +decide [sourcePointBasis, s̵o̵u̵r̵c̵e̵M̵u̵l̵t̵i̵l̵i̵n̵e̵a̵r̵F̵a̵c̵t̵o̵r̵s̵,̵ ̵Fin.prod_univ_succ, p]

Note: This linter can be disabled with `set_option linter.unusedSimpArgs false`
/home/dombarker/project-offloads/aspis-r57-lean-src-20260929-a/AspisV8R19/R748JointWitnessPointEntry.lean:78:60: warning: This simp argument is unused:
  Fin.prod_univ_succ

Hint: Omit it from the simp argument list.
  simp +decide [sourcePointBasis, sourceMultilinearFactors, F̵i̵n̵.̵p̵r̵o̵d̵_̵u̵n̵i̵v̵_̵s̵u̵c̵c̵,̵ ̵p]

Note: This linter can be disabled with `set_option linter.unusedSimpArgs false`
/home/dombarker/project-offloads/aspis-r57-lean-src-20260929-a/AspisV8R19/R748JointWitnessPointEntry.lean:78:80: warning: This simp argument is unused:
  p

Hint: Omit it from the simp argument list.
  simp +decide [sourcePointBasis, sourceMultilinearFactors, Fin.prod_univ_succ,̵ ̵p̵]

Note: This linter can be disabled with `set_option linter.unusedSimpArgs false`
/home/dombarker/project-offloads/aspis-r57-lean-src-20260929-a/AspisV8R19/R748JointWitnessPointEntry.lean:87:16: warning: This simp argument is unused:
  sourcePointBasis

Hint: Omit it from the simp argument list.
  simp +decide [sourceP̵o̵i̵n̵t̵B̵a̵s̵i̵s̵,̵ ̵s̵o̵u̵r̵c̵e̵MultilinearFactors, Fin.prod_univ_succ, p]

Note: This linter can be disabled with `set_option linter.unusedSimpArgs false`
/home/dombarker/project-offloads/aspis-r57-lean-src-20260929-a/AspisV8R19/R748JointWitnessPointEntry.lean:87:34: warning: This simp argument is unused:
  sourceMultilinearFactors

Hint: Omit it from the simp argument list.
  simp +decide [sourcePointBasis, s̵o̵u̵r̵c̵e̵M̵u̵l̵t̵i̵l̵i̵n̵e̵a̵r̵F̵a̵c̵t̵o̵r̵s̵,̵ ̵Fin.prod_univ_succ, p]

Note: This linter can be disabled with `set_option linter.unusedSimpArgs false`
/home/dombarker/project-offloads/aspis-r57-lean-src-20260929-a/AspisV8R19/R748JointWitnessPointEntry.lean:87:60: warning: This simp argument is unused:
  Fin.prod_univ_succ

Hint: Omit it from the simp argument list.
  simp +decide [sourcePointBasis, sourceMultilinearFactors, F̵i̵n̵.̵p̵r̵o̵d̵_̵u̵n̵i̵v̵_̵s̵u̵c̵c̵,̵ ̵p]

Note: This linter can be disabled with `set_option linter.unusedSimpArgs false`
/home/dombarker/project-offloads/aspis-r57-lean-src-20260929-a/AspisV8R19/R748JointWitnessPointEntry.lean:87:80: warning: This simp argument is unused:
  p

Hint: Omit it from the simp argument list.
  simp +decide [sourcePointBasis, sourceMultilinearFactors, Fin.prod_univ_succ,̵ ̵p̵]

Note: This linter can be disabled with `set_option linter.unusedSimpArgs false`
/home/dombarker/project-offloads/aspis-r57-lean-src-20260929-a/AspisV8R19/R748JointWitnessPointEntry.lean:96:16: warning: This simp argument is unused:
  sourcePointBasis

Hint: Omit it from the simp argument list.
  simp +decide [sourceP̵o̵i̵n̵t̵B̵a̵s̵i̵s̵,̵ ̵s̵o̵u̵r̵c̵e̵MultilinearFactors, Fin.prod_univ_succ, p]

Note: This linter can be disabled with `set_option linter.unusedSimpArgs false`
/home/dombarker/project-offloads/aspis-r57-lean-src-20260929-a/AspisV8R19/R748JointWitnessPointEntry.lean:96:34: warning: This simp argument is unused:
  sourceMultilinearFactors

Hint: Omit it from the simp argument list.
  simp +decide [sourcePointBasis, s̵o̵u̵r̵c̵e̵M̵u̵l̵t̵i̵l̵i̵n̵e̵a̵r̵F̵a̵c̵t̵o̵r̵s̵,̵ ̵Fin.prod_univ_succ, p]

Note: This linter can be disabled with `set_option linter.unusedSimpArgs false`
/home/dombarker/project-offloads/aspis-r57-lean-src-20260929-a/AspisV8R19/R748JointWitnessPointEntry.lean:96:60: warning: This simp argument is unused:
  Fin.prod_univ_succ

Hint: Omit it from the simp argument list.
  simp +decide [sourcePointBasis, sourceMultilinearFactors, F̵i̵n̵.̵p̵r̵o̵d̵_̵u̵n̵i̵v̵_̵s̵u̵c̵c̵,̵ ̵p]

Note: This linter can be disabled with `set_option linter.unusedSimpArgs false`
/home/dombarker/project-offloads/aspis-r57-lean-src-20260929-a/AspisV8R19/R748JointWitnessPointEntry.lean:96:80: warning: This simp argument is unused:
  p

Hint: Omit it from the simp argument list.
  simp +decide [sourcePointBasis, sourceMultilinearFactors, Fin.prod_univ_succ,̵ ̵p̵]

Note: This linter can be disabled with `set_option linter.unusedSimpArgs false`
/home/dombarker/project-offloads/aspis-r57-lean-src-20260929-a/AspisV8R19/R748JointWitnessPointEntry.lean:105:16: warning: This simp argument is unused:
  sourcePointBasis

Hint: Omit it from the simp argument list.
  simp +decide [sourceP̵o̵i̵n̵t̵B̵a̵s̵i̵s̵,̵ ̵s̵o̵u̵r̵c̵e̵MultilinearFactors, Fin.prod_univ_succ, p]

Note: This linter can be disabled with `set_option linter.unusedSimpArgs false`
/home/dombarker/project-offloads/aspis-r57-lean-src-20260929-a/AspisV8R19/R748JointWitnessPointEntry.lean:105:34: warning: This simp argument is unused:
  sourceMultilinearFactors

Hint: Omit it from the simp argument list.
  simp +decide [sourcePointBasis, s̵o̵u̵r̵c̵e̵M̵u̵l̵t̵i̵l̵i̵n̵e̵a̵r̵F̵a̵c̵t̵o̵r̵s̵,̵ ̵Fin.prod_univ_succ, p]

Note: This linter can be disabled with `set_option linter.unusedSimpArgs false`
/home/dombarker/project-offloads/aspis-r57-lean-src-20260929-a/AspisV8R19/R748JointWitnessPointEntry.lean:105:60: warning: This simp argument is unused:
  Fin.prod_univ_succ

Hint: Omit it from the simp argument list.
  simp +decide [sourcePointBasis, sourceMultilinearFactors, F̵i̵n̵.̵p̵r̵o̵d̵_̵u̵n̵i̵v̵_̵s̵u̵c̵c̵,̵ ̵p]

Note: This linter can be disabled with `set_option linter.unusedSimpArgs false`
/home/dombarker/project-offloads/aspis-r57-lean-src-20260929-a/AspisV8R19/R748JointWitnessPointEntry.lean:105:80: warning: This simp argument is unused:
  p

Hint: Omit it from the simp argument list.
  simp +decide [sourcePointBasis, sourceMultilinearFactors, Fin.prod_univ_succ,̵ ̵p̵]

Note: This linter can be disabled with `set_option linter.unusedSimpArgs false`
/home/dombarker/project-offloads/aspis-r57-lean-src-20260929-a/AspisV8R19/R748JointWitnessPointEntry.lean:114:16: warning: This simp argument is unused:
  sourcePointBasis

Hint: Omit it from the simp argument list.
  simp +decide [sourceP̵o̵i̵n̵t̵B̵a̵s̵i̵s̵,̵ ̵s̵o̵u̵r̵c̵e̵MultilinearFactors, Fin.prod_univ_succ, p]

Note: This linter can be disabled with `set_option linter.unusedSimpArgs false`
/home/dombarker/project-offloads/aspis-r57-lean-src-20260929-a/AspisV8R19/R748JointWitnessPointEntry.lean:114:34: warning: This simp argument is unused:
  sourceMultilinearFactors

Hint: Omit it from the simp argument list.
  simp +decide [sourcePointBasis, s̵o̵u̵r̵c̵e̵M̵u̵l̵t̵i̵l̵i̵n̵e̵a̵r̵F̵a̵c̵t̵o̵r̵s̵,̵ ̵Fin.prod_univ_succ, p]

Note: This linter can be disabled with `set_option linter.unusedSimpArgs false`
/home/dombarker/project-offloads/aspis-r57-lean-src-20260929-a/AspisV8R19/R748JointWitnessPointEntry.lean:114:60: warning: This simp argument is unused:
  Fin.prod_univ_succ

Hint: Omit it from the simp argument list.
  simp +decide [sourcePointBasis, sourceMultilinearFactors, F̵i̵n̵.̵p̵r̵o̵d̵_̵u̵n̵i̵v̵_̵s̵u̵c̵c̵,̵ ̵p]

Note: This linter can be disabled with `set_option linter.unusedSimpArgs false`
/home/dombarker/project-offloads/aspis-r57-lean-src-20260929-a/AspisV8R19/R748JointWitnessPointEntry.lean:114:80: warning: This simp argument is unused:
  p

Hint: Omit it from the simp argument list.
  simp +decide [sourcePointBasis, sourceMultilinearFactors, Fin.prod_univ_succ,̵ ̵p̵]

Note: This linter can be disabled with `set_option linter.unusedSimpArgs false`
/home/dombarker/project-offloads/aspis-r57-lean-src-20260929-a/AspisV8R19/R748JointWitnessPointEntry.lean:123:16: warning: This simp argument is unused:
  sourcePointBasis

Hint: Omit it from the simp argument list.
  simp +decide [sourceP̵o̵i̵n̵t̵B̵a̵s̵i̵s̵,̵ ̵s̵o̵u̵r̵c̵e̵MultilinearFactors, Fin.prod_univ_succ, p]

Note: This linter can be disabled with `set_option linter.unusedSimpArgs false`
/home/dombarker/project-offloads/aspis-r57-lean-src-20260929-a/AspisV8R19/R748JointWitnessPointEntry.lean:123:34: warning: This simp argument is unused:
  sourceMultilinearFactors

Hint: Omit it from the simp argument list.
  simp +decide [sourcePointBasis, s̵o̵u̵r̵c̵e̵M̵u̵l̵t̵i̵l̵i̵n̵e̵a̵r̵F̵a̵c̵t̵o̵r̵s̵,̵ ̵Fin.prod_univ_succ, p]

Note: This linter can be disabled with `set_option linter.unusedSimpArgs false`
/home/dombarker/project-offloads/aspis-r57-lean-src-20260929-a/AspisV8R19/R748JointWitnessPointEntry.lean:123:60: warning: This simp argument is unused:
  Fin.prod_univ_succ

Hint: Omit it from the simp argument list.
  simp +decide [sourcePointBasis, sourceMultilinearFactors, F̵i̵n̵.̵p̵r̵o̵d̵_̵u̵n̵i̵v̵_̵s̵u̵c̵c̵,̵ ̵p]

Note: This linter can be disabled with `set_option linter.unusedSimpArgs false`
/home/dombarker/project-offloads/aspis-r57-lean-src-20260929-a/AspisV8R19/R748JointWitnessPointEntry.lean:123:80: warning: This simp argument is unused:
  p

Hint: Omit it from the simp argument list.
  simp +decide [sourcePointBasis, sourceMultilinearFactors, Fin.prod_univ_succ,̵ ̵p̵]

Note: This linter can be disabled with `set_option linter.unusedSimpArgs false`
/home/dombarker/project-offloads/aspis-r57-lean-src-20260929-a/AspisV8R19/R748JointWitnessPointEntry.lean:132:16: warning: This simp argument is unused:
  sourcePointBasis

Hint: Omit it from the simp argument list.
  simp +decide [sourceP̵o̵i̵n̵t̵B̵a̵s̵i̵s̵,̵ ̵s̵o̵u̵r̵c̵e̵MultilinearFactors, Fin.prod_univ_succ, p]

Note: This linter can be disabled with `set_option linter.unusedSimpArgs false`
/home/dombarker/project-offloads/aspis-r57-lean-src-20260929-a/AspisV8R19/R748JointWitnessPointEntry.lean:132:34: warning: This simp argument is unused:
  sourceMultilinearFactors

Hint: Omit it from the simp argument list.
  simp +decide [sourcePointBasis, s̵o̵u̵r̵c̵e̵M̵u̵l̵t̵i̵l̵i̵n̵e̵a̵r̵F̵a̵c̵t̵o̵r̵s̵,̵ ̵Fin.prod_univ_succ, p]

Note: This linter can be disabled with `set_option linter.unusedSimpArgs false`
/home/dombarker/project-offloads/aspis-r57-lean-src-20260929-a/AspisV8R19/R748JointWitnessPointEntry.lean:132:60: warning: This simp argument is unused:
  Fin.prod_univ_succ

Hint: Omit it from the simp argument list.
  simp +decide [sourcePointBasis, sourceMultilinearFactors, F̵i̵n̵.̵p̵r̵o̵d̵_̵u̵n̵i̵v̵_̵s̵u̵c̵c̵,̵ ̵p]

Note: This linter can be disabled with `set_option linter.unusedSimpArgs false`
/home/dombarker/project-offloads/aspis-r57-lean-src-20260929-a/AspisV8R19/R748JointWitnessPointEntry.lean:132:80: warning: This simp argument is unused:
  p

Hint: Omit it from the simp argument list.
  simp +decide [sourcePointBasis, sourceMultilinearFactors, Fin.prod_univ_succ,̵ ̵p̵]

Note: This linter can be disabled with `set_option linter.unusedSimpArgs false`
/home/dombarker/project-offloads/aspis-r57-lean-src-20260929-a/AspisV8R19/R748JointWitnessPointEntry.lean:141:16: warning: This simp argument is unused:
  sourcePointBasis

Hint: Omit it from the simp argument list.
  simp +decide [sourceP̵o̵i̵n̵t̵B̵a̵s̵i̵s̵,̵ ̵s̵o̵u̵r̵c̵e̵MultilinearFactors, Fin.prod_univ_succ, p]

Note: This linter can be disabled with `set_option linter.unusedSimpArgs false`
/home/dombarker/project-offloads/aspis-r57-lean-src-20260929-a/AspisV8R19/R748JointWitnessPointEntry.lean:141:34: warning: This simp argument is unused:
  sourceMultilinearFactors

Hint: Omit it from the simp argument list.
  simp +decide [sourcePointBasis, s̵o̵u̵r̵c̵e̵M̵u̵l̵t̵i̵l̵i̵n̵e̵a̵r̵F̵a̵c̵t̵o̵r̵s̵,̵ ̵Fin.prod_univ_succ, p]

Note: This linter can be disabled with `set_option linter.unusedSimpArgs false`
/home/dombarker/project-offloads/aspis-r57-lean-src-20260929-a/AspisV8R19/R748JointWitnessPointEntry.lean:141:60: warning: This simp argument is unused:
  Fin.prod_univ_succ

Hint: Omit it from the simp argument list.
  simp +decide [sourcePointBasis, sourceMultilinearFactors, F̵i̵n̵.̵p̵r̵o̵d̵_̵u̵n̵i̵v̵_̵s̵u̵c̵c̵,̵ ̵p]

Note: This linter can be disabled with `set_option linter.unusedSimpArgs false`
/home/dombarker/project-offloads/aspis-r57-lean-src-20260929-a/AspisV8R19/R748JointWitnessPointEntry.lean:141:80: warning: This simp argument is unused:
  p

Hint: Omit it from the simp argument list.
  simp +decide [sourcePointBasis, sourceMultilinearFactors, Fin.prod_univ_succ,̵ ̵p̵]

Note: This linter can be disabled with `set_option linter.unusedSimpArgs false`
/home/dombarker/project-offloads/aspis-r57-lean-src-20260929-a/AspisV8R19/R748JointWitnessPointEntry.lean:150:16: warning: This simp argument is unused:
  sourcePointBasis

Hint: Omit it from the simp argument list.
  simp +decide [sourceP̵o̵i̵n̵t̵B̵a̵s̵i̵s̵,̵ ̵s̵o̵u̵r̵c̵e̵MultilinearFactors, Fin.prod_univ_succ, p]

Note: This linter can be disabled with `set_option linter.unusedSimpArgs false`
/home/dombarker/project-offloads/aspis-r57-lean-src-20260929-a/AspisV8R19/R748JointWitnessPointEntry.lean:150:34: warning: This simp argument is unused:
  sourceMultilinearFactors

Hint: Omit it from the simp argument list.
  simp +decide [sourcePointBasis, s̵o̵u̵r̵c̵e̵M̵u̵l̵t̵i̵l̵i̵n̵e̵a̵r̵F̵a̵c̵t̵o̵r̵s̵,̵ ̵Fin.prod_univ_succ, p]

Note: This linter can be disabled with `set_option linter.unusedSimpArgs false`
/home/dombarker/project-offloads/aspis-r57-lean-src-20260929-a/AspisV8R19/R748JointWitnessPointEntry.lean:150:60: warning: This simp argument is unused:
  Fin.prod_univ_succ

Hint: Omit it from the simp argument list.
  simp +decide [sourcePointBasis, sourceMultilinearFactors, F̵i̵n̵.̵p̵r̵o̵d̵_̵u̵n̵i̵v̵_̵s̵u̵c̵c̵,̵ ̵p]

Note: This linter can be disabled with `set_option linter.unusedSimpArgs false`
/home/dombarker/project-offloads/aspis-r57-lean-src-20260929-a/AspisV8R19/R748JointWitnessPointEntry.lean:150:80: warning: This simp argument is unused:
  p

Hint: Omit it from the simp argument list.
  simp +decide [sourcePointBasis, sourceMultilinearFactors, Fin.prod_univ_succ,̵ ̵p̵]

Note: This linter can be disabled with `set_option linter.unusedSimpArgs false`
/home/dombarker/project-offloads/aspis-r57-lean-src-20260929-a/AspisV8R19/R748JointWitnessPointEntry.lean:159:16: warning: This simp argument is unused:
  sourcePointBasis

Hint: Omit it from the simp argument list.
  simp +decide [sourceP̵o̵i̵n̵t̵B̵a̵s̵i̵s̵,̵ ̵s̵o̵u̵r̵c̵e̵MultilinearFactors, Fin.prod_univ_succ, p]

Note: This linter can be disabled with `set_option linter.unusedSimpArgs false`
/home/dombarker/project-offloads/aspis-r57-lean-src-20260929-a/AspisV8R19/R748JointWitnessPointEntry.lean:159:34: warning: This simp argument is unused:
  sourceMultilinearFactors

Hint: Omit it from the simp argument list.
  simp +decide [sourcePointBasis, s̵o̵u̵r̵c̵e̵M̵u̵l̵t̵i̵l̵i̵n̵e̵a̵r̵F̵a̵c̵t̵o̵r̵s̵,̵ ̵Fin.prod_univ_succ, p]

Note: This linter can be disabled with `set_option linter.unusedSimpArgs false`
/home/dombarker/project-offloads/aspis-r57-lean-src-20260929-a/AspisV8R19/R748JointWitnessPointEntry.lean:159:60: warning: This simp argument is unused:
  Fin.prod_univ_succ

Hint: Omit it from the simp argument list.
  simp +decide [sourcePointBasis, sourceMultilinearFactors, F̵i̵n̵.̵p̵r̵o̵d̵_̵u̵n̵i̵v̵_̵s̵u̵c̵c̵,̵ ̵p]

Note: This linter can be disabled with `set_option linter.unusedSimpArgs false`
/home/dombarker/project-offloads/aspis-r57-lean-src-20260929-a/AspisV8R19/R748JointWitnessPointEntry.lean:159:80: warning: This simp argument is unused:
  p

Hint: Omit it from the simp argument list.
  simp +decide [sourcePointBasis, sourceMultilinearFactors, Fin.prod_univ_succ,̵ ̵p̵]

Note: This linter can be disabled with `set_option linter.unusedSimpArgs false`
/home/dombarker/project-offloads/aspis-r57-lean-src-20260929-a/AspisV8R19/R748JointWitnessPointEntry.lean:168:16: warning: This simp argument is unused:
  sourcePointBasis

Hint: Omit it from the simp argument list.
  simp +decide [sourceP̵o̵i̵n̵t̵B̵a̵s̵i̵s̵,̵ ̵s̵o̵u̵r̵c̵e̵MultilinearFactors, Fin.prod_univ_succ, p]

Note: This linter can be disabled with `set_option linter.unusedSimpArgs false`
/home/dombarker/project-offloads/aspis-r57-lean-src-20260929-a/AspisV8R19/R748JointWitnessPointEntry.lean:168:34: warning: This simp argument is unused:
  sourceMultilinearFactors

Hint: Omit it from the simp argument list.
  simp +decide [sourcePointBasis, s̵o̵u̵r̵c̵e̵M̵u̵l̵t̵i̵l̵i̵n̵e̵a̵r̵F̵a̵c̵t̵o̵r̵s̵,̵ ̵Fin.prod_univ_succ, p]

Note: This linter can be disabled with `set_option linter.unusedSimpArgs false`
/home/dombarker/project-offloads/aspis-r57-lean-src-20260929-a/AspisV8R19/R748JointWitnessPointEntry.lean:168:60: warning: This simp argument is unused:
  Fin.prod_univ_succ

Hint: Omit it from the simp argument list.
  simp +decide [sourcePointBasis, sourceMultilinearFactors, F̵i̵n̵.̵p̵r̵o̵d̵_̵u̵n̵i̵v̵_̵s̵u̵c̵c̵,̵ ̵p]

Note: This linter can be disabled with `set_option linter.unusedSimpArgs false`
/home/dombarker/project-offloads/aspis-r57-lean-src-20260929-a/AspisV8R19/R748JointWitnessPointEntry.lean:168:80: warning: This simp argument is unused:
  p

Hint: Omit it from the simp argument list.
  simp +decide [sourcePointBasis, sourceMultilinearFactors, Fin.prod_univ_succ,̵ ̵p̵]

Note: This linter can be disabled with `set_option linter.unusedSimpArgs false`
/home/dombarker/project-offloads/aspis-r57-lean-src-20260929-a/AspisV8R19/R748JointWitnessPointEntry.lean:177:16: warning: This simp argument is unused:
  sourcePointBasis

Hint: Omit it from the simp argument list.
  simp +decide [sourceP̵o̵i̵n̵t̵B̵a̵s̵i̵s̵,̵ ̵s̵o̵u̵r̵c̵e̵MultilinearFactors, Fin.prod_univ_succ, p]

Note: This linter can be disabled with `set_option linter.unusedSimpArgs false`
/home/dombarker/project-offloads/aspis-r57-lean-src-20260929-a/AspisV8R19/R748JointWitnessPointEntry.lean:177:34: warning: This simp argument is unused:
  sourceMultilinearFactors

Hint: Omit it from the simp argument list.
  simp +decide [sourcePointBasis, s̵o̵u̵r̵c̵e̵M̵u̵l̵t̵i̵l̵i̵n̵e̵a̵r̵F̵a̵c̵t̵o̵r̵s̵,̵ ̵Fin.prod_univ_succ, p]

Note: This linter can be disabled with `set_option linter.unusedSimpArgs false`
/home/dombarker/project-offloads/aspis-r57-lean-src-20260929-a/AspisV8R19/R748JointWitnessPointEntry.lean:177:60: warning: This simp argument is unused:
  Fin.prod_univ_succ

Hint: Omit it from the simp argument list.
  simp +decide [sourcePointBasis, sourceMultilinearFactors, F̵i̵n̵.̵p̵r̵o̵d̵_̵u̵n̵i̵v̵_̵s̵u̵c̵c̵,̵ ̵p]

Note: This linter can be disabled with `set_option linter.unusedSimpArgs false`
/home/dombarker/project-offloads/aspis-r57-lean-src-20260929-a/AspisV8R19/R748JointWitnessPointEntry.lean:177:80: warning: This simp argument is unused:
  p

Hint: Omit it from the simp argument list.
  simp +decide [sourcePointBasis, sourceMultilinearFactors, Fin.prod_univ_succ,̵ ̵p̵]

Note: This linter can be disabled with `set_option linter.unusedSimpArgs false`
/home/dombarker/project-offloads/aspis-r57-lean-src-20260929-a/AspisV8R19/R748JointWitnessPointEntry.lean:186:16: warning: This simp argument is unused:
  sourcePointBasis

Hint: Omit it from the simp argument list.
  simp +decide [sourceP̵o̵i̵n̵t̵B̵a̵s̵i̵s̵,̵ ̵s̵o̵u̵r̵c̵e̵MultilinearFactors, Fin.prod_univ_succ, p]

Note: This linter can be disabled with `set_option linter.unusedSimpArgs false`
/home/dombarker/project-offloads/aspis-r57-lean-src-20260929-a/AspisV8R19/R748JointWitnessPointEntry.lean:186:34: warning: This simp argument is unused:
  sourceMultilinearFactors

Hint: Omit it from the simp argument list.
  simp +decide [sourcePointBasis, s̵o̵u̵r̵c̵e̵M̵u̵l̵t̵i̵l̵i̵n̵e̵a̵r̵F̵a̵c̵t̵o̵r̵s̵,̵ ̵Fin.prod_univ_succ, p]

Note: This linter can be disabled with `set_option linter.unusedSimpArgs false`
/home/dombarker/project-offloads/aspis-r57-lean-src-20260929-a/AspisV8R19/R748JointWitnessPointEntry.lean:186:60: warning: This simp argument is unused:
  Fin.prod_univ_succ

Hint: Omit it from the simp argument list.
  simp +decide [sourcePointBasis, sourceMultilinearFactors, F̵i̵n̵.̵p̵r̵o̵d̵_̵u̵n̵i̵v̵_̵s̵u̵c̵c̵,̵ ̵p]

Note: This linter can be disabled with `set_option linter.unusedSimpArgs false`
/home/dombarker/project-offloads/aspis-r57-lean-src-20260929-a/AspisV8R19/R748JointWitnessPointEntry.lean:186:80: warning: This simp argument is unused:
  p

Hint: Omit it from the simp argument list.
  simp +decide [sourcePointBasis, sourceMultilinearFactors, Fin.prod_univ_succ,̵ ̵p̵]

Note: This linter can be disabled with `set_option linter.unusedSimpArgs false`
/home/dombarker/project-offloads/aspis-r57-lean-src-20260929-a/AspisV8R19/R748JointWitnessPointEntry.lean:195:16: warning: This simp argument is unused:
  sourcePointBasis

Hint: Omit it from the simp argument list.
  simp +decide [sourceP̵o̵i̵n̵t̵B̵a̵s̵i̵s̵,̵ ̵s̵o̵u̵r̵c̵e̵MultilinearFactors, Fin.prod_univ_succ, p]

Note: This linter can be disabled with `set_option linter.unusedSimpArgs false`
/home/dombarker/project-offloads/aspis-r57-lean-src-20260929-a/AspisV8R19/R748JointWitnessPointEntry.lean:195:34: warning: This simp argument is unused:
  sourceMultilinearFactors

Hint: Omit it from the simp argument list.
  simp +decide [sourcePointBasis, s̵o̵u̵r̵c̵e̵M̵u̵l̵t̵i̵l̵i̵n̵e̵a̵r̵F̵a̵c̵t̵o̵r̵s̵,̵ ̵Fin.prod_univ_succ, p]

Note: This linter can be disabled with `set_option linter.unusedSimpArgs false`
/home/dombarker/project-offloads/aspis-r57-lean-src-20260929-a/AspisV8R19/R748JointWitnessPointEntry.lean:195:60: warning: This simp argument is unused:
  Fin.prod_univ_succ

Hint: Omit it from the simp argument list.
  simp +decide [sourcePointBasis, sourceMultilinearFactors, F̵i̵n̵.̵p̵r̵o̵d̵_̵u̵n̵i̵v̵_̵s̵u̵c̵c̵,̵ ̵p]

Note: This linter can be disabled with `set_option linter.unusedSimpArgs false`
/home/dombarker/project-offloads/aspis-r57-lean-src-20260929-a/AspisV8R19/R748JointWitnessPointEntry.lean:195:80: warning: This simp argument is unused:
  p

Hint: Omit it from the simp argument list.
  simp +decide [sourcePointBasis, sourceMultilinearFactors, Fin.prod_univ_succ,̵ ̵p̵]

Note: This linter can be disabled with `set_option linter.unusedSimpArgs false`
/home/dombarker/project-offloads/aspis-r57-lean-src-20260929-a/AspisV8R19/R748JointWitnessPointEntry.lean:204:16: warning: This simp argument is unused:
  sourcePointBasis

Hint: Omit it from the simp argument list.
  simp +decide [sourceP̵o̵i̵n̵t̵B̵a̵s̵i̵s̵,̵ ̵s̵o̵u̵r̵c̵e̵MultilinearFactors, Fin.prod_univ_succ, p]

Note: This linter can be disabled with `set_option linter.unusedSimpArgs false`
/home/dombarker/project-offloads/aspis-r57-lean-src-20260929-a/AspisV8R19/R748JointWitnessPointEntry.lean:204:34: warning: This simp argument is unused:
  sourceMultilinearFactors

Hint: Omit it from the simp argument list.
  simp +decide [sourcePointBasis, s̵o̵u̵r̵c̵e̵M̵u̵l̵t̵i̵l̵i̵n̵e̵a̵r̵F̵a̵c̵t̵o̵r̵s̵,̵ ̵Fin.prod_univ_succ, p]

Note: This linter can be disabled with `set_option linter.unusedSimpArgs false`
/home/dombarker/project-offloads/aspis-r57-lean-src-20260929-a/AspisV8R19/R748JointWitnessPointEntry.lean:204:60: warning: This simp argument is unused:
  Fin.prod_univ_succ

Hint: Omit it from the simp argument list.
  simp +decide [sourcePointBasis, sourceMultilinearFactors, F̵i̵n̵.̵p̵r̵o̵d̵_̵u̵n̵i̵v̵_̵s̵u̵c̵c̵,̵ ̵p]

Note: This linter can be disabled with `set_option linter.unusedSimpArgs false`
/home/dombarker/project-offloads/aspis-r57-lean-src-20260929-a/AspisV8R19/R748JointWitnessPointEntry.lean:204:80: warning: This simp argument is unused:
  p

Hint: Omit it from the simp argument list.
  simp +decide [sourcePointBasis, sourceMultilinearFactors, Fin.prod_univ_succ,̵ ̵p̵]

Note: This linter can be disabled with `set_option linter.unusedSimpArgs false`
/home/dombarker/project-offloads/aspis-r57-lean-src-20260929-a/AspisV8R19/R748JointWitnessPointEntry.lean:209:2: error: `dsimp` made no progress
'AspisV8R19.R748JointWitnessPointEntry.pw191' depends on axioms: [propext, sorryAx, Classical.choice, Quot.sound]
Command exited with non-zero status 1
	Command being timed: "/home/dombarker/.elan/bin/lake --dir /home/dombarker/project-offloads/aspis-r126-release-20260930-a/focus-workspace env lean -j1 -M4500 -R /home/dombarker/project-offloads/aspis-r57-lean-src-20260929-a -o /home/dombarker/project-offloads/aspis-r126-release-20260930-a/lib/AspisV8R19/R748JointWitnessPointEntry.olean /home/dombarker/project-offloads/aspis-r57-lean-src-20260929-a/AspisV8R19/R748JointWitnessPointEntry.lean"
	User time (seconds): 12.31
	System time (seconds): 0.53
	Percent of CPU this job got: 100%
	Elapsed (wall clock) time (h:mm:ss or m:ss): 0:12.83
	Average shared text size (kbytes): 0
	Average unshared data size (kbytes): 0
	Average stack size (kbytes): 0
	Average total size (kbytes): 0
	Maximum resident set size (kbytes): 3423224
	Average resident set size (kbytes): 0
	Major (requiring I/O) page faults: 0
	Minor (reclaiming a frame) page faults: 157786
	Voluntary context switches: 2095
	Involuntary context switches: 161
	Swaps: 0
	File system inputs: 600
	File system outputs: 0
	Socket messages sent: 0
	Socket messages received: 0
	Signals delivered: 0
	Page size (bytes): 4096
	Exit status: 1
Finished with result: exit-code
Main processes terminated with: code=exited/status=1
Service runtime: 12.863s
CPU time consumed: 12.878s
Memory peak: 512.0K
Memory swap peak: 0B
