Warning: Permanently added '100.108.41.90' (ED25519) to the list of known hosts.
Running as unit: aspis-focus-1791141477704260000.service; invocation ID: 59c101edec2d42438ed04103009235ea
/home/dombarker/project-offloads/aspis-r57-lean-src-20260929-a/AspisV8R19/R748LeafTest.lean:17:60: error: maximum recursion depth has been reached
use `set_option maxRecDepth <num>` to increase limit
use `set_option diagnostics true` to get diagnostic information
/home/dombarker/project-offloads/aspis-r57-lean-src-20260929-a/AspisV8R19/R748LeafTest.lean:18:57: error: unsolved goals
⊢ (if 508 >>> 1 % 2 = 0 then
      if 508 >>> 2 % 2 = 0 then
        if 508 >>> 3 % 2 = 0 then
          if 508 >>> 4 % 2 = 0 then
            if 508 >>> 5 % 2 = 0 then
              if 508 >>> 6 % 2 = 0 then
                if 508 >>> 7 % 2 = 0 then
                  if 508 >>> 8 % 2 = 0 then
                    if 508 >>> 9 % 2 = 0 then
                      ![1, 1, 2, 3, 4, 2, 2, 3, 0, 2] 2 *
                          (![1, 1, 2, 3, 4, 2, 2, 3, 0, 2] 3 *
                            (![1, 1, 2, 3, 4, 2, 2, 3, 0, 2] 4 *
                              (![1, 1, 2, 3, 4, 2, 2, 3, 0, 2] 5 *
                                (![1, 1, 2, 3, 4, 2, 2, 3, 0, 2] 6 *
                                  (![1, 1, 2, 3, 4, 2, 2, 3, 0, 2] 7 *
                                    (![1, 1, 2, 3, 4, 2, 2, 3, 0, 2] 8 * ![1, 1, 2, 3, 4, 2, 2, 3, 0, 2] 9)))))) *
                        ((1 -
                            Function.update
                              (Function.update
                                (Function.update
                                  (Function.update
                                    (Function.update
                                      (Function.update
                                        (Function.update
                                          (Function.update
                                            (Function.update ![1, 1, 2, 3, 4, 2, 2, 3, 0, 2] 9
                                              (1 - ![1, 1, 2, 3, 4, 2, 2, 3, 0, 2] 9))
                                            8
                                            (![1, 1, 2, 3, 4, 2, 2, 3, 0, 2] 8 + ![1, 1, 2, 3, 4, 2, 2, 3, 0, 2] 9 -
                                              (![1, 1, 2, 3, 4, 2, 2, 3, 0, 2] 8 * ![1, 1, 2, 3, 4, 2, 2, 3, 0, 2] 9 +
                                                ![1, 1, 2, 3, 4, 2, 2, 3, 0, 2] 8 * ![1, 1, 2, 3, 4, 2, 2, 3, 0, 2] 9)))
                                          7
                                          (![1, 1, 2, 3, 4, 2, 2, 3, 0, 2] 7 +
                                              ![1, 1, 2, 3, 4, 2, 2, 3, 0, 2] 8 * ![1, 1, 2, 3, 4, 2, 2, 3, 0, 2] 9 -
                                            (![1, 1, 2, 3, 4, 2, 2, 3, 0, 2] 7 *
                                                (![1, 1, 2, 3, 4, 2, 2, 3, 0, 2] 8 *
                                                  ![1, 1, 2, 3, 4, 2, 2, 3, 0, 2] 9) +
                                              ![1, 1, 2, 3, 4, 2, 2, 3, 0, 2] 7 *
                                                (![1, 1, 2, 3, 4, 2, 2, 3, 0, 2] 8 *
                                                  ![1, 1, 2, 3, 4, 2, 2, 3, 0, 2] 9))))
                                        6
                                        (![1, 1, 2, 3, 4, 2, 2, 3, 0, 2] 6 +
                                            ![1, 1, 2, 3, 4, 2, 2, 3, 0, 2] 7 *
                                              (![1, 1, 2, 3, 4, 2, 2, 3, 0, 2] 8 * ![1, 1, 2, 3, 4, 2, 2, 3, 0, 2] 9) -
                                          (![1, 1, 2, 3, 4, 2, 2, 3, 0, 2] 6 *
                                              (![1, 1, 2, 3, 4, 2, 2, 3, 0, 2] 7 *
                                                (![1, 1, 2, 3, 4, 2, 2, 3, 0, 2] 8 *
                                                  ![1, 1, 2, 3, 4, 2, 2, 3, 0, 2] 9)) +
                                            ![1, 1, 2, 3, 4, 2, 2, 3, 0, 2] 6 *
                                              (![1, 1, 2, 3, 4, 2, 2, 3, 0, 2] 7 *
                                                (![1, 1, 2, 3, 4, 2, 2, 3, 0, 2] 8 *
                                                  ![1, 1, 2, 3, 4, 2, 2, 3, 0, 2] 9)))))
                                      5
                                      (![1, 1, 2, 3, 4, 2, 2, 3, 0, 2] 5 +
                                          ![1, 1, 2, 3, 4, 2, 2, 3, 0, 2] 6 *
                                            (![1, 1, 2, 3, 4, 2, 2, 3, 0, 2] 7 *
                                              (![1, 1, 2, 3, 4, 2, 2, 3, 0, 2] 8 * ![1, 1, 2, 3, 4, 2, 2, 3, 0, 2] 9)) -
                                        (![1, 1, 2, 3, 4, 2, 2, 3, 0, 2] 5 *
                                            (![1, 1, 2, 3, 4, 2, 2, 3, 0, 2] 6 *
                                              (![1, 1, 2, 3, 4, 2, 2, 3, 0, 2] 7 *
                                                (![1, 1, 2, 3, 4, 2, 2, 3, 0, 2] 8 *
                                                  ![1, 1, 2, 3, 4, 2, 2, 3, 0, 2] 9))) +
                                          ![1, 1, 2, 3, 4, 2, 2, 3, 0, 2] 5 *
                                            (![1, 1, 2, 3, 4, 2, 2, 3, 0, 2] 6 *
                                              (![1, 1, 2, 3, 4, 2, 2, 3, 0, 2] 7 *
                                                (![1, 1, 2, 3, 4, 2, 2, 3, 0, 2] 8 *
                                                  ![1, 1, 2, 3, 4, 2, 2, 3, 0, 2] 9))))))
                                    4
                                    (![1, 1, 2, 3, 4, 2, 2, 3, 0, 2] 4 +
                                        ![1, 1, 2, 3, 4, 2, 2, 3, 0, 2] 5 *
                                          (![1, 1, 2, 3, 4, 2, 2, 3, 0, 2] 6 *
                                            (![1, 1, 2, 3, 4, 2, 2, 3, 0, 2] 7 *
                                              (![1, 1, 2, 3, 4, 2, 2, 3, 0, 2] 8 *
                                                ![1, 1, 2, 3, 4, 2, 2, 3, 0, 2] 9))) -
                                      (![1, 1, 2, 3, 4, 2, 2, 3, 0, 2] 4 *
                                          (![1, 1, 2, 3, 4, 2, 2, 3, 0, 2] 5 *
                                            (![1, 1, 2, 3, 4, 2, 2, 3, 0, 2] 6 *
                                              (![1, 1, 2, 3, 4, 2, 2, 3, 0, 2] 7 *
                                                (![1, 1, 2, 3, 4, 2, 2, 3, 0, 2] 8 *
                                                  ![1, 1, 2, 3, 4, 2, 2, 3, 0, 2] 9)))) +
                                        ![1, 1, 2, 3, 4, 2, 2, 3, 0, 2] 4 *
                                          (![1, 1, 2, 3, 4, 2, 2, 3, 0, 2] 5 *
                                            (![1, 1, 2, 3, 4, 2, 2, 3, 0, 2] 6 *
                                              (![1, 1, 2, 3, 4, 2, 2, 3, 0, 2] 7 *
                                                (![1, 1, 2, 3, 4, 2, 2, 3, 0, 2] 8 *
                                                  ![1, 1, 2, 3, 4, 2, 2, 3, 0, 2] 9)))))))
                                  3
                                  (![1, 1, 2, 3, 4, 2, 2, 3, 0, 2] 3 +
                                      ![1, 1, 2, 3, 4, 2, 2, 3, 0, 2] 4 *
                                        (![1, 1, 2, 3, 4, 2, 2, 3, 0, 2] 5 *
                                          (![1, 1, 2, 3, 4, 2, 2, 3, 0, 2] 6 *
                                            (![1, 1, 2, 3, 4, 2, 2, 3, 0, 2] 7 *
                                              (![1, 1, 2, 3, 4, 2, 2, 3, 0, 2] 8 *
                                                ![1, 1, 2, 3, 4, 2, 2, 3, 0, 2] 9)))) -
                                    (![1, 1, 2, 3, 4, 2, 2, 3, 0, 2] 3 *
                                        (![1, 1, 2, 3, 4, 2, 2, 3, 0, 2] 4 *
                                          (![1, 1, 2, 3, 4, 2, 2, 3, 0, 2] 5 *
                                            (![1, 1, 2, 3, 4, 2, 2, 3, 0, 2] 6 *
                                              (![1, 1, 2, 3, 4, 2, 2, 3, 0, 2] 7 *
                                                (![1, 1, 2, 3, 4, 2, 2, 3, 0, 2] 8 *
                                                  ![1, 1, 2, 3, 4, 2, 2, 3, 0, 2] 9))))) +
                                      ![1, 1, 2, 3, 4, 2, 2, 3, 0, 2] 3 *
                                        (![1, 1, 2, 3, 4, 2, 2, 3, 0, 2] 4 *
                                          (![1, 1, 2, 3, 4, 2, 2, 3, 0, 2] 5 *
                                            (![1, 1, 2, 3, 4, 2, 2, 3, 0, 2] 6 *
                                              (![1, 1, 2, 3, 4, 2, 2, 3, 0, 2] 7 *
                                                (![1, 1, 2, 3, 4, 2, 2, 3, 0, 2] 8 *
                                                  ![1, 1, 2, 3, 4, 2, 2, 3, 0, 2] 9))))))))
                                2
                                (![1, 1, 2, 3, 4, 2, 2, 3, 0, 2] 2 +
                                    ![1, 1, 2, 3, 4, 2, 2, 3, 0, 2] 3 *
                                      (![1, 1, 2, 3, 4, 2, 2, 3, 0, 2] 4 *
                                        (![1, 1, 2, 3, 4, 2, 2, 3, 0, 2] 5 *
                                          (![1, 1, 2, 3, 4, 2, 2, 3, 0, 2] 6 *
                                            (![1, 1, 2, 3, 4, 2, 2, 3, 0, 2] 7 *
                                              (![1, 1, 2, 3, 4, 2, 2, 3, 0, 2] 8 *
                                                ![1, 1, 2, 3, 4, 2, 2, 3, 0, 2] 9))))) -
                                  (![1, 1, 2, 3, 4, 2, 2, 3, 0, 2] 2 *
                                      (![1, 1, 2, 3, 4, 2, 2, 3, 0, 2] 3 *
                                        (![1, 1, 2, 3, 4, 2, 2, 3, 0, 2] 4 *
                                          (![1, 1, 2, 3, 4, 2, 2, 3, 0, 2] 5 *
                                            (![1, 1, 2, 3, 4, 2, 2, 3, 0, 2] 6 *
                                              (![1, 1, 2, 3, 4, 2, 2, 3, 0, 2] 7 *
                                                (![1, 1, 2, 3, 4, 2, 2, 3, 0, 2] 8 *
                                                  ![1, 1, 2, 3, 4, 2, 2, 3, 0, 2] 9)))))) +
                                    ![1, 1, 2, 3, 4, 2, 2, 3, 0, 2] 2 *
                                      (![1, 1, 2, 3, 4, 2, 2, 3, 0, 2] 3 *
                                        (![1, 1, 2, 3, 4, 2, 2, 3, 0, 2] 4 *
                                          (![1, 1, 2, 3, 4, 2, 2, 3, 0, 2] 5 *
                                            (![1, 1, 2, 3, 4, 2, 2, 3, 0, 2] 6 *
                                              (![1, 1, 2, 3, 4, 2, 2, 3, 0, 2] 7 *
                                                (![1, 1, 2, 3, 4, 2, 2, 3, 0, 2] 8 *
                                                  ![1, 1, 2, 3, 4, 2, 2, 3, 0, 2] 9)))))))))
                              1
                              (1 -
                                ![1, 1, 2, 3, 4, 2, 2, 3, 0, 2] 2 *
                                  (![1, 1, 2, 3, 4, 2, 2, 3, 0, 2] 3 *
                                    (![1, 1, 2, 3, 4, 2, 2, 3, 0, 2] 4 *
                                      (![1, 1, 2, 3, 4, 2, 2, 3, 0, 2] 5 *
                                        (![1, 1, 2, 3, 4, 2, 2, 3, 0, 2] 6 *
                                          (![1, 1, 2, 3, 4, 2, 2, 3, 0, 2] 7 *
                                            (![1, 1, 2, 3, 4, 2, 2, 3, 0, 2] 8 *
                                              ![1, 1, 2, 3, 4, 2, 2, 3, 0, 2] 9)))))))
                              (Fin.succ 0)) *
                          ((1 -
                              Function.update
                                (Function.update
                                  (Function.update
                                    (Function.update
                                      (Function.update
                                        (Function.update
                                          (Function.update
                                            (Function.update
                                              (Function.update ![1, 1, 2, 3, 4, 2, 2, 3, 0, 2] 9
                                                (1 - ![1, 1, 2, 3, 4, 2, 2, 3, 0, 2] 9))
                                              8
                                              (![1, 1, 2, 3, 4, 2, 2, 3, 0, 2] 8 + ![1, 1, 2, 3, 4, 2, 2, 3, 0, 2] 9 -
                                                (![1, 1, 2, 3, 4, 2, 2, 3, 0, 2] 8 * ![1, 1, 2, 3, 4, 2, 2, 3, 0, 2] 9 +
                                                  ![1, 1, 2, 3, 4, 2, 2, 3, 0, 2] 8 *
                                                    ![1, 1, 2, 3, 4, 2, 2, 3, 0, 2] 9)))
                                            7
                                            (![1, 1, 2, 3, 4, 2, 2, 3, 0, 2] 7 +
                                                ![1, 1, 2, 3, 4, 2, 2, 3, 0, 2] 8 * ![1, 1, 2, 3, 4, 2, 2, 3, 0, 2] 9 -
                                              (![1, 1, 2, 3, 4, 2, 2, 3, 0, 2] 7 *
                                                  (![1, 1, 2, 3, 4, 2, 2, 3, 0, 2] 8 *
                                                    ![1, 1, 2, 3, 4, 2, 2, 3, 0, 2] 9) +
                                                ![1, 1, 2, 3, 4, 2, 2, 3, 0, 2] 7 *
                                                  (![1, 1, 2, 3, 4, 2, 2, 3, 0, 2] 8 *
                                                    ![1, 1, 2, 3, 4, 2, 2, 3, 0, 2] 9))))
                                          6
                                          (![1, 1, 2, 3, 4, 2, 2, 3, 0, 2] 6 +
                                              ![1, 1, 2, 3, 4, 2, 2, 3, 0, 2] 7 *
                                                (![1, 1, 2, 3, 4, 2, 2, 3, 0, 2] 8 *
                                                  ![1, 1, 2, 3, 4, 2, 2, 3, 0, 2] 9) -
                                            (![1, 1, 2, 3, 4, 2, 2, 3, 0, 2] 6 *
                                                (![1, 1, 2, 3, 4, 2, 2, 3, 0, 2] 7 *
                                                  (![1, 1, 2, 3, 4, 2, 2, 3, 0, 2] 8 *
                                                    ![1, 1, 2, 3, 4, 2, 2, 3, 0, 2] 9)) +
                                              ![1, 1, 2, 3, 4, 2, 2, 3, 0, 2] 6 *
                                                (![1, 1, 2, 3, 4, 2, 2, 3, 0, 2] 7 *
                                                  (![1, 1, 2, 3, 4, 2, 2, 3, 0, 2] 8 *
                                                    ![1, 1, 2, 3, 4, 2, 2, 3, 0, 2] 9)))))
                                        5
                                        (![1, 1, 2, 3, 4, 2, 2, 3, 0, 2] 5 +
                                            ![1, 1, 2, 3, 4, 2, 2, 3, 0, 2] 6 *
                                              (![1, 1, 2, 3, 4, 2, 2, 3, 0, 2] 7 *
                                                (![1, 1, 2, 3, 4, 2, 2, 3, 0, 2] 8 *
                                                  ![1, 1, 2, 3, 4, 2, 2, 3, 0, 2] 9)) -
                                          (![1, 1, 2, 3, 4, 2, 2, 3, 0, 2] 5 *
                                              (![1, 1, 2, 3, 4, 2, 2, 3, 0, 2] 6 *
                                                (![1, 1, 2, 3, 4, 2, 2, 3, 0, 2] 7 *
                                                  (![1, 1, 2, 3, 4, 2, 2, 3, 0, 2] 8 *
                                                    ![1, 1, 2, 3, 4, 2, 2, 3, 0, 2] 9))) +
                                            ![1, 1, 2, 3, 4, 2, 2, 3, 0, 2] 5 *
                                              (![1, 1, 2, 3, 4, 2, 2, 3, 0, 2] 6 *
                                                (![1, 1, 2, 3, 4, 2, 2, 3, 0, 2] 7 *
                                                  (![1, 1, 2, 3, 4, 2, 2, 3, 0, 2] 8 *
                                                    ![1, 1, 2, 3, 4, 2, 2, 3, 0, 2] 9))))))
                                      4
                                      (![1, 1, 2, 3, 4, 2, 2, 3, 0, 2] 4 +
                                          ![1, 1, 2, 3, 4, 2, 2, 3, 0, 2] 5 *
                                            (![1, 1, 2, 3, 4, 2, 2, 3, 0, 2] 6 *
                                              (![1, 1, 2, 3, 4, 2, 2, 3, 0, 2] 7 *
                                                (![1, 1, 2, 3, 4, 2, 2, 3, 0, 2] 8 *
                                                  ![1, 1, 2, 3, 4, 2, 2, 3, 0, 2] 9))) -
                                        (![1, 1, 2, 3, 4, 2, 2, 3, 0, 2] 4 *
                                            (![1, 1, 2, 3, 4, 2, 2, 3, 0, 2] 5 *
                                              (![1, 1, 2, 3, 4, 2, 2, 3, 0, 2] 6 *
                                                (![1, 1, 2, 3, 4, 2, 2, 3, 0, 2] 7 *
                                                  (![1, 1, 2, 3, 4, 2, 2, 3, 0, 2] 8 *
                                                    ![1, 1, 2, 3, 4, 2, 2, 3, 0, 2] 9)))) +
                                          ![1, 1, 2, 3, 4, 2, 2, 3, 0, 2] 4 *
                                            (![1, 1, 2, 3, 4, 2, 2, 3, 0, 2] 5 *
                                              (![1, 1, 2, 3, 4, 2, 2, 3, 0, 2] 6 *
                                                (![1, 1, 2, 3, 4, 2, 2, 3, 0, 2] 7 *
                                                  (![1, 1, 2, 3, 4, 2, 2, 3, 0, 2] 8 *
                                                    ![1, 1, 2, 3, 4, 2, 2, 3, 0, 2] 9)))))))
                                    3
                                    (![1, 1, 2, 3, 4, 2, 2, 3, 0, 2] 3 +
                                        ![1, 1, 2, 3, 4, 2, 2, 3, 0, 2] 4 *
                                          (![1, 1, 2, 3, 4, 2, 2, 3, 0, 2] 5 *
                                            (![1, 1, 2, 3, 4, 2, 2, 3, 0, 2] 6 *
                                              (![1, 1, 2, 3, 4, 2, 2, 3, 0, 2] 7 *
                                                (![1, 1, 2, 3, 4, 2, 2, 3, 0, 2] 8 *
                                                  ![1, 1, 2, 3, 4, 2, 2, 3, 0, 2] 9)))) -
                                      (![1, 1, 2, 3, 4, 2, 2, 3, 0, 2] 3 *
                                          (![1, 1, 2, 3, 4, 2, 2, 3, 0, 2] 4 *
                                            (![1, 1, 2, 3, 4, 2, 2, 3, 0, 2] 5 *
                                              (![1, 1, 2, 3, 4, 2, 2, 3, 0, 2] 6 *
                                                (![1, 1, 2, 3, 4, 2, 2, 3, 0, 2] 7 *
                                                  (![1, 1, 2, 3, 4, 2, 2, 3, 0, 2] 8 *
                                                    ![1, 1, 2, 3, 4, 2, 2, 3, 0, 2] 9))))) +
                                        ![1, 1, 2, 3, 4, 2, 2, 3, 0, 2] 3 *
                                          (![1, 1, 2, 3, 4, 2, 2, 3, 0, 2] 4 *
                                            (![1, 1, 2, 3, 4, 2, 2, 3, 0, 2] 5 *
                                              (![1, 1, 2, 3, 4, 2, 2, 3, 0, 2] 6 *
                                                (![1, 1, 2, 3, 4, 2, 2, 3, 0, 2] 7 *
                                                  (![1, 1, 2, 3, 4, 2, 2, 3, 0, 2] 8 *
                                                    ![1, 1, 2, 3, 4, 2, 2, 3, 0, 2] 9))))))))
                                  2
                                  (![1, 1, 2, 3, 4, 2, 2, 3, 0, 2] 2 +
                                      ![1, 1, 2, 3, 4, 2, 2, 3, 0, 2] 3 *
                                        (![1, 1, 2, 3, 4, 2, 2, 3, 0, 2] 4 *
                                          (![1, 1, 2, 3, 4, 2, 2, 3, 0, 2] 5 *
                                            (![1, 1, 2, 3, 4, 2, 2, 3, 0, 2] 6 *
                                              (![1, 1, 2, 3, 4, 2, 2, 3, 0, 2] 7 *
                                                (Matrix.vecCons 1
                                                    (Matrix.vecCons 1
                                                      (Matrix.vecCons 2
                                                        (Matrix.vecCons 3
                                                          (Matrix.vecCons 4
                                                            (Matrix.vecCons 2
                                                              (Matrix.vecCons 2
                                                                (Matrix.vecCons 3
                                                                  (Matrix.vecCons 0 (Matrix.vecCons 2 ⋯)))))))))
                                                    ⋯ *
                                                  ⋯))))) -
                                    ⋯))
                                ⋯ ⋯ ⋯) *
                            ⋯))
                    else ⋯
                  else ⋯
                else ⋯
              else ⋯
            else ⋯
          else ⋯
        else ⋯
      else ⋯
    else ⋯) =
    ⋯
/home/dombarker/project-offloads/aspis-r57-lean-src-20260929-a/AspisV8R19/R748LeafTest.lean:22:57: error: unsolved goals
⊢ (if 1023 >>> 1 % 2 = 0 then
      if 1023 >>> 2 % 2 = 0 then
        if 1023 >>> 3 % 2 = 0 then
          if 1023 >>> 4 % 2 = 0 then
            if 1023 >>> 5 % 2 = 0 then
              if 1023 >>> 6 % 2 = 0 then
                if 1023 >>> 7 % 2 = 0 then
                  if 1023 >>> 8 % 2 = 0 then
                    if 1023 >>> 9 % 2 = 0 then
                      ![1, 1, 2, 3, 4, 2, 2, 3, 0, 2] 2 *
                          (![1, 1, 2, 3, 4, 2, 2, 3, 0, 2] 3 *
                            (![1, 1, 2, 3, 4, 2, 2, 3, 0, 2] 4 *
                              (![1, 1, 2, 3, 4, 2, 2, 3, 0, 2] 5 *
                                (![1, 1, 2, 3, 4, 2, 2, 3, 0, 2] 6 *
                                  (![1, 1, 2, 3, 4, 2, 2, 3, 0, 2] 7 *
                                    (![1, 1, 2, 3, 4, 2, 2, 3, 0, 2] 8 * ![1, 1, 2, 3, 4, 2, 2, 3, 0, 2] 9)))))) *
                        ((1 -
                            Function.update
                              (Function.update
                                (Function.update
                                  (Function.update
                                    (Function.update
                                      (Function.update
                                        (Function.update
                                          (Function.update
                                            (Function.update ![1, 1, 2, 3, 4, 2, 2, 3, 0, 2] 9
                                              (1 - ![1, 1, 2, 3, 4, 2, 2, 3, 0, 2] 9))
                                            8
                                            (![1, 1, 2, 3, 4, 2, 2, 3, 0, 2] 8 + ![1, 1, 2, 3, 4, 2, 2, 3, 0, 2] 9 -
                                              (![1, 1, 2, 3, 4, 2, 2, 3, 0, 2] 8 * ![1, 1, 2, 3, 4, 2, 2, 3, 0, 2] 9 +
                                                ![1, 1, 2, 3, 4, 2, 2, 3, 0, 2] 8 * ![1, 1, 2, 3, 4, 2, 2, 3, 0, 2] 9)))
                                          7
                                          (![1, 1, 2, 3, 4, 2, 2, 3, 0, 2] 7 +
                                              ![1, 1, 2, 3, 4, 2, 2, 3, 0, 2] 8 * ![1, 1, 2, 3, 4, 2, 2, 3, 0, 2] 9 -
                                            (![1, 1, 2, 3, 4, 2, 2, 3, 0, 2] 7 *
                                                (![1, 1, 2, 3, 4, 2, 2, 3, 0, 2] 8 *
                                                  ![1, 1, 2, 3, 4, 2, 2, 3, 0, 2] 9) +
                                              ![1, 1, 2, 3, 4, 2, 2, 3, 0, 2] 7 *
                                                (![1, 1, 2, 3, 4, 2, 2, 3, 0, 2] 8 *
                                                  ![1, 1, 2, 3, 4, 2, 2, 3, 0, 2] 9))))
                                        6
                                        (![1, 1, 2, 3, 4, 2, 2, 3, 0, 2] 6 +
                                            ![1, 1, 2, 3, 4, 2, 2, 3, 0, 2] 7 *
                                              (![1, 1, 2, 3, 4, 2, 2, 3, 0, 2] 8 * ![1, 1, 2, 3, 4, 2, 2, 3, 0, 2] 9) -
                                          (![1, 1, 2, 3, 4, 2, 2, 3, 0, 2] 6 *
                                              (![1, 1, 2, 3, 4, 2, 2, 3, 0, 2] 7 *
                                                (![1, 1, 2, 3, 4, 2, 2, 3, 0, 2] 8 *
                                                  ![1, 1, 2, 3, 4, 2, 2, 3, 0, 2] 9)) +
                                            ![1, 1, 2, 3, 4, 2, 2, 3, 0, 2] 6 *
                                              (![1, 1, 2, 3, 4, 2, 2, 3, 0, 2] 7 *
                                                (![1, 1, 2, 3, 4, 2, 2, 3, 0, 2] 8 *
                                                  ![1, 1, 2, 3, 4, 2, 2, 3, 0, 2] 9)))))
                                      5
                                      (![1, 1, 2, 3, 4, 2, 2, 3, 0, 2] 5 +
                                          ![1, 1, 2, 3, 4, 2, 2, 3, 0, 2] 6 *
                                            (![1, 1, 2, 3, 4, 2, 2, 3, 0, 2] 7 *
                                              (![1, 1, 2, 3, 4, 2, 2, 3, 0, 2] 8 * ![1, 1, 2, 3, 4, 2, 2, 3, 0, 2] 9)) -
                                        (![1, 1, 2, 3, 4, 2, 2, 3, 0, 2] 5 *
                                            (![1, 1, 2, 3, 4, 2, 2, 3, 0, 2] 6 *
                                              (![1, 1, 2, 3, 4, 2, 2, 3, 0, 2] 7 *
                                                (![1, 1, 2, 3, 4, 2, 2, 3, 0, 2] 8 *
                                                  ![1, 1, 2, 3, 4, 2, 2, 3, 0, 2] 9))) +
                                          ![1, 1, 2, 3, 4, 2, 2, 3, 0, 2] 5 *
                                            (![1, 1, 2, 3, 4, 2, 2, 3, 0, 2] 6 *
                                              (![1, 1, 2, 3, 4, 2, 2, 3, 0, 2] 7 *
                                                (![1, 1, 2, 3, 4, 2, 2, 3, 0, 2] 8 *
                                                  ![1, 1, 2, 3, 4, 2, 2, 3, 0, 2] 9))))))
                                    4
                                    (![1, 1, 2, 3, 4, 2, 2, 3, 0, 2] 4 +
                                        ![1, 1, 2, 3, 4, 2, 2, 3, 0, 2] 5 *
                                          (![1, 1, 2, 3, 4, 2, 2, 3, 0, 2] 6 *
                                            (![1, 1, 2, 3, 4, 2, 2, 3, 0, 2] 7 *
                                              (![1, 1, 2, 3, 4, 2, 2, 3, 0, 2] 8 *
                                                ![1, 1, 2, 3, 4, 2, 2, 3, 0, 2] 9))) -
                                      (![1, 1, 2, 3, 4, 2, 2, 3, 0, 2] 4 *
                                          (![1, 1, 2, 3, 4, 2, 2, 3, 0, 2] 5 *
                                            (![1, 1, 2, 3, 4, 2, 2, 3, 0, 2] 6 *
                                              (![1, 1, 2, 3, 4, 2, 2, 3, 0, 2] 7 *
                                                (![1, 1, 2, 3, 4, 2, 2, 3, 0, 2] 8 *
                                                  ![1, 1, 2, 3, 4, 2, 2, 3, 0, 2] 9)))) +
                                        ![1, 1, 2, 3, 4, 2, 2, 3, 0, 2] 4 *
                                          (![1, 1, 2, 3, 4, 2, 2, 3, 0, 2] 5 *
                                            (![1, 1, 2, 3, 4, 2, 2, 3, 0, 2] 6 *
                                              (![1, 1, 2, 3, 4, 2, 2, 3, 0, 2] 7 *
                                                (![1, 1, 2, 3, 4, 2, 2, 3, 0, 2] 8 *
                                                  ![1, 1, 2, 3, 4, 2, 2, 3, 0, 2] 9)))))))
                                  3
                                  (![1, 1, 2, 3, 4, 2, 2, 3, 0, 2] 3 +
                                      ![1, 1, 2, 3, 4, 2, 2, 3, 0, 2] 4 *
                                        (![1, 1, 2, 3, 4, 2, 2, 3, 0, 2] 5 *
                                          (![1, 1, 2, 3, 4, 2, 2, 3, 0, 2] 6 *
                                            (![1, 1, 2, 3, 4, 2, 2, 3, 0, 2] 7 *
                                              (![1, 1, 2, 3, 4, 2, 2, 3, 0, 2] 8 *
                                                ![1, 1, 2, 3, 4, 2, 2, 3, 0, 2] 9)))) -
                                    (![1, 1, 2, 3, 4, 2, 2, 3, 0, 2] 3 *
                                        (![1, 1, 2, 3, 4, 2, 2, 3, 0, 2] 4 *
                                          (![1, 1, 2, 3, 4, 2, 2, 3, 0, 2] 5 *
                                            (![1, 1, 2, 3, 4, 2, 2, 3, 0, 2] 6 *
                                              (![1, 1, 2, 3, 4, 2, 2, 3, 0, 2] 7 *
                                                (![1, 1, 2, 3, 4, 2, 2, 3, 0, 2] 8 *
                                                  ![1, 1, 2, 3, 4, 2, 2, 3, 0, 2] 9))))) +
                                      ![1, 1, 2, 3, 4, 2, 2, 3, 0, 2] 3 *
                                        (![1, 1, 2, 3, 4, 2, 2, 3, 0, 2] 4 *
                                          (![1, 1, 2, 3, 4, 2, 2, 3, 0, 2] 5 *
                                            (![1, 1, 2, 3, 4, 2, 2, 3, 0, 2] 6 *
                                              (![1, 1, 2, 3, 4, 2, 2, 3, 0, 2] 7 *
                                                (![1, 1, 2, 3, 4, 2, 2, 3, 0, 2] 8 *
                                                  ![1, 1, 2, 3, 4, 2, 2, 3, 0, 2] 9))))))))
                                2
                                (![1, 1, 2, 3, 4, 2, 2, 3, 0, 2] 2 +
                                    ![1, 1, 2, 3, 4, 2, 2, 3, 0, 2] 3 *
                                      (![1, 1, 2, 3, 4, 2, 2, 3, 0, 2] 4 *
                                        (![1, 1, 2, 3, 4, 2, 2, 3, 0, 2] 5 *
                                          (![1, 1, 2, 3, 4, 2, 2, 3, 0, 2] 6 *
                                            (![1, 1, 2, 3, 4, 2, 2, 3, 0, 2] 7 *
                                              (![1, 1, 2, 3, 4, 2, 2, 3, 0, 2] 8 *
                                                ![1, 1, 2, 3, 4, 2, 2, 3, 0, 2] 9))))) -
                                  (![1, 1, 2, 3, 4, 2, 2, 3, 0, 2] 2 *
                                      (![1, 1, 2, 3, 4, 2, 2, 3, 0, 2] 3 *
                                        (![1, 1, 2, 3, 4, 2, 2, 3, 0, 2] 4 *
                                          (![1, 1, 2, 3, 4, 2, 2, 3, 0, 2] 5 *
                                            (![1, 1, 2, 3, 4, 2, 2, 3, 0, 2] 6 *
                                              (![1, 1, 2, 3, 4, 2, 2, 3, 0, 2] 7 *
                                                (![1, 1, 2, 3, 4, 2, 2, 3, 0, 2] 8 *
                                                  ![1, 1, 2, 3, 4, 2, 2, 3, 0, 2] 9)))))) +
                                    ![1, 1, 2, 3, 4, 2, 2, 3, 0, 2] 2 *
                                      (![1, 1, 2, 3, 4, 2, 2, 3, 0, 2] 3 *
                                        (![1, 1, 2, 3, 4, 2, 2, 3, 0, 2] 4 *
                                          (![1, 1, 2, 3, 4, 2, 2, 3, 0, 2] 5 *
                                            (![1, 1, 2, 3, 4, 2, 2, 3, 0, 2] 6 *
                                              (![1, 1, 2, 3, 4, 2, 2, 3, 0, 2] 7 *
                                                (![1, 1, 2, 3, 4, 2, 2, 3, 0, 2] 8 *
                                                  ![1, 1, 2, 3, 4, 2, 2, 3, 0, 2] 9)))))))))
                              1
                              (1 -
                                ![1, 1, 2, 3, 4, 2, 2, 3, 0, 2] 2 *
                                  (![1, 1, 2, 3, 4, 2, 2, 3, 0, 2] 3 *
                                    (![1, 1, 2, 3, 4, 2, 2, 3, 0, 2] 4 *
                                      (![1, 1, 2, 3, 4, 2, 2, 3, 0, 2] 5 *
                                        (![1, 1, 2, 3, 4, 2, 2, 3, 0, 2] 6 *
                                          (![1, 1, 2, 3, 4, 2, 2, 3, 0, 2] 7 *
                                            (![1, 1, 2, 3, 4, 2, 2, 3, 0, 2] 8 *
                                              ![1, 1, 2, 3, 4, 2, 2, 3, 0, 2] 9)))))))
                              (Fin.succ 0)) *
                          ((1 -
                              Function.update
                                (Function.update
                                  (Function.update
                                    (Function.update
                                      (Function.update
                                        (Function.update
                                          (Function.update
                                            (Function.update
                                              (Function.update ![1, 1, 2, 3, 4, 2, 2, 3, 0, 2] 9
                                                (1 - ![1, 1, 2, 3, 4, 2, 2, 3, 0, 2] 9))
                                              8
                                              (![1, 1, 2, 3, 4, 2, 2, 3, 0, 2] 8 + ![1, 1, 2, 3, 4, 2, 2, 3, 0, 2] 9 -
                                                (![1, 1, 2, 3, 4, 2, 2, 3, 0, 2] 8 * ![1, 1, 2, 3, 4, 2, 2, 3, 0, 2] 9 +
                                                  ![1, 1, 2, 3, 4, 2, 2, 3, 0, 2] 8 *
                                                    ![1, 1, 2, 3, 4, 2, 2, 3, 0, 2] 9)))
                                            7
                                            (![1, 1, 2, 3, 4, 2, 2, 3, 0, 2] 7 +
                                                ![1, 1, 2, 3, 4, 2, 2, 3, 0, 2] 8 * ![1, 1, 2, 3, 4, 2, 2, 3, 0, 2] 9 -
                                              (![1, 1, 2, 3, 4, 2, 2, 3, 0, 2] 7 *
                                                  (![1, 1, 2, 3, 4, 2, 2, 3, 0, 2] 8 *
                                                    ![1, 1, 2, 3, 4, 2, 2, 3, 0, 2] 9) +
                                                ![1, 1, 2, 3, 4, 2, 2, 3, 0, 2] 7 *
                                                  (![1, 1, 2, 3, 4, 2, 2, 3, 0, 2] 8 *
                                                    ![1, 1, 2, 3, 4, 2, 2, 3, 0, 2] 9))))
                                          6
                                          (![1, 1, 2, 3, 4, 2, 2, 3, 0, 2] 6 +
                                              ![1, 1, 2, 3, 4, 2, 2, 3, 0, 2] 7 *
                                                (![1, 1, 2, 3, 4, 2, 2, 3, 0, 2] 8 *
                                                  ![1, 1, 2, 3, 4, 2, 2, 3, 0, 2] 9) -
                                            (![1, 1, 2, 3, 4, 2, 2, 3, 0, 2] 6 *
                                                (![1, 1, 2, 3, 4, 2, 2, 3, 0, 2] 7 *
                                                  (![1, 1, 2, 3, 4, 2, 2, 3, 0, 2] 8 *
                                                    ![1, 1, 2, 3, 4, 2, 2, 3, 0, 2] 9)) +
                                              ![1, 1, 2, 3, 4, 2, 2, 3, 0, 2] 6 *
                                                (![1, 1, 2, 3, 4, 2, 2, 3, 0, 2] 7 *
                                                  (![1, 1, 2, 3, 4, 2, 2, 3, 0, 2] 8 *
                                                    ![1, 1, 2, 3, 4, 2, 2, 3, 0, 2] 9)))))
                                        5
                                        (![1, 1, 2, 3, 4, 2, 2, 3, 0, 2] 5 +
                                            ![1, 1, 2, 3, 4, 2, 2, 3, 0, 2] 6 *
                                              (![1, 1, 2, 3, 4, 2, 2, 3, 0, 2] 7 *
                                                (![1, 1, 2, 3, 4, 2, 2, 3, 0, 2] 8 *
                                                  ![1, 1, 2, 3, 4, 2, 2, 3, 0, 2] 9)) -
                                          (![1, 1, 2, 3, 4, 2, 2, 3, 0, 2] 5 *
                                              (![1, 1, 2, 3, 4, 2, 2, 3, 0, 2] 6 *
                                                (![1, 1, 2, 3, 4, 2, 2, 3, 0, 2] 7 *
                                                  (![1, 1, 2, 3, 4, 2, 2, 3, 0, 2] 8 *
                                                    ![1, 1, 2, 3, 4, 2, 2, 3, 0, 2] 9))) +
                                            ![1, 1, 2, 3, 4, 2, 2, 3, 0, 2] 5 *
                                              (![1, 1, 2, 3, 4, 2, 2, 3, 0, 2] 6 *
                                                (![1, 1, 2, 3, 4, 2, 2, 3, 0, 2] 7 *
                                                  (![1, 1, 2, 3, 4, 2, 2, 3, 0, 2] 8 *
                                                    ![1, 1, 2, 3, 4, 2, 2, 3, 0, 2] 9))))))
                                      4
                                      (![1, 1, 2, 3, 4, 2, 2, 3, 0, 2] 4 +
                                          ![1, 1, 2, 3, 4, 2, 2, 3, 0, 2] 5 *
                                            (![1, 1, 2, 3, 4, 2, 2, 3, 0, 2] 6 *
                                              (![1, 1, 2, 3, 4, 2, 2, 3, 0, 2] 7 *
                                                (![1, 1, 2, 3, 4, 2, 2, 3, 0, 2] 8 *
                                                  ![1, 1, 2, 3, 4, 2, 2, 3, 0, 2] 9))) -
                                        (![1, 1, 2, 3, 4, 2, 2, 3, 0, 2] 4 *
                                            (![1, 1, 2, 3, 4, 2, 2, 3, 0, 2] 5 *
                                              (![1, 1, 2, 3, 4, 2, 2, 3, 0, 2] 6 *
                                                (![1, 1, 2, 3, 4, 2, 2, 3, 0, 2] 7 *
                                                  (![1, 1, 2, 3, 4, 2, 2, 3, 0, 2] 8 *
                                                    ![1, 1, 2, 3, 4, 2, 2, 3, 0, 2] 9)))) +
                                          ![1, 1, 2, 3, 4, 2, 2, 3, 0, 2] 4 *
                                            (![1, 1, 2, 3, 4, 2, 2, 3, 0, 2] 5 *
                                              (![1, 1, 2, 3, 4, 2, 2, 3, 0, 2] 6 *
                                                (![1, 1, 2, 3, 4, 2, 2, 3, 0, 2] 7 *
                                                  (![1, 1, 2, 3, 4, 2, 2, 3, 0, 2] 8 *
                                                    ![1, 1, 2, 3, 4, 2, 2, 3, 0, 2] 9)))))))
                                    3
                                    (![1, 1, 2, 3, 4, 2, 2, 3, 0, 2] 3 +
                                        ![1, 1, 2, 3, 4, 2, 2, 3, 0, 2] 4 *
                                          (![1, 1, 2, 3, 4, 2, 2, 3, 0, 2] 5 *
                                            (![1, 1, 2, 3, 4, 2, 2, 3, 0, 2] 6 *
                                              (![1, 1, 2, 3, 4, 2, 2, 3, 0, 2] 7 *
                                                (![1, 1, 2, 3, 4, 2, 2, 3, 0, 2] 8 *
                                                  ![1, 1, 2, 3, 4, 2, 2, 3, 0, 2] 9)))) -
                                      (![1, 1, 2, 3, 4, 2, 2, 3, 0, 2] 3 *
                                          (![1, 1, 2, 3, 4, 2, 2, 3, 0, 2] 4 *
                                            (![1, 1, 2, 3, 4, 2, 2, 3, 0, 2] 5 *
                                              (![1, 1, 2, 3, 4, 2, 2, 3, 0, 2] 6 *
                                                (![1, 1, 2, 3, 4, 2, 2, 3, 0, 2] 7 *
                                                  (![1, 1, 2, 3, 4, 2, 2, 3, 0, 2] 8 *
                                                    ![1, 1, 2, 3, 4, 2, 2, 3, 0, 2] 9))))) +
                                        ![1, 1, 2, 3, 4, 2, 2, 3, 0, 2] 3 *
                                          (![1, 1, 2, 3, 4, 2, 2, 3, 0, 2] 4 *
                                            (![1, 1, 2, 3, 4, 2, 2, 3, 0, 2] 5 *
                                              (![1, 1, 2, 3, 4, 2, 2, 3, 0, 2] 6 *
                                                (![1, 1, 2, 3, 4, 2, 2, 3, 0, 2] 7 *
                                                  (![1, 1, 2, 3, 4, 2, 2, 3, 0, 2] 8 *
                                                    ![1, 1, 2, 3, 4, 2, 2, 3, 0, 2] 9))))))))
                                  2
                                  (![1, 1, 2, 3, 4, 2, 2, 3, 0, 2] 2 +
                                      ![1, 1, 2, 3, 4, 2, 2, 3, 0, 2] 3 *
                                        (![1, 1, 2, 3, 4, 2, 2, 3, 0, 2] 4 *
                                          (![1, 1, 2, 3, 4, 2, 2, 3, 0, 2] 5 *
                                            (![1, 1, 2, 3, 4, 2, 2, 3, 0, 2] 6 *
                                              (![1, 1, 2, 3, 4, 2, 2, 3, 0, 2] 7 *
                                                (Matrix.vecCons 1
                                                    (Matrix.vecCons 1
                                                      (Matrix.vecCons 2
                                                        (Matrix.vecCons 3
                                                          (Matrix.vecCons 4
                                                            (Matrix.vecCons 2
                                                              (Matrix.vecCons 2
                                                                (Matrix.vecCons 3
                                                                  (Matrix.vecCons 0 (Matrix.vecCons 2 ⋯)))))))))
                                                    ⋯ *
                                                  ⋯))))) -
                                    ⋯))
                                ⋯ ⋯ ⋯) *
                            ⋯))
                    else ⋯
                  else ⋯
                else ⋯
              else ⋯
            else ⋯
          else ⋯
        else ⋯
      else ⋯
    else ⋯) =
    ⋯
/home/dombarker/project-offloads/aspis-r57-lean-src-20260929-a/AspisV8R19/R748LeafTest.lean:29:6: error: Failed to rewrite using equation theorems for `transportDual`
/home/dombarker/project-offloads/aspis-r57-lean-src-20260929-a/AspisV8R19/R748LeafTest.lean:28:42: warning: This simp argument is unused:
  ↓reduceIte

Hint: Omit it from the simp argument list.
  simp only [extendFin1024, Nat.reduceLT,̵ ̵↓̵r̵e̵d̵u̵c̵e̵I̵t̵e̵]

Note: This linter can be disabled with `set_option linter.unusedSimpArgs false`
Command exited with non-zero status 1
	Command being timed: "/home/dombarker/.elan/bin/lake --dir /home/dombarker/project-offloads/aspis-r126-release-20260930-a/focus-workspace env lean -j1 -M4500 -R /home/dombarker/project-offloads/aspis-r57-lean-src-20260929-a -o /home/dombarker/project-offloads/aspis-r126-release-20260930-a/lib/AspisV8R19/R748LeafTest.olean /home/dombarker/project-offloads/aspis-r57-lean-src-20260929-a/AspisV8R19/R748LeafTest.lean"
	User time (seconds): 6.04
	System time (seconds): 0.34
	Percent of CPU this job got: 101%
	Elapsed (wall clock) time (h:mm:ss or m:ss): 0:06.29
	Average shared text size (kbytes): 0
	Average unshared data size (kbytes): 0
	Average stack size (kbytes): 0
	Average total size (kbytes): 0
	Maximum resident set size (kbytes): 3304340
	Average resident set size (kbytes): 0
	Major (requiring I/O) page faults: 0
	Minor (reclaiming a frame) page faults: 79642
	Voluntary context switches: 411
	Involuntary context switches: 81
	Swaps: 0
	File system inputs: 128
	File system outputs: 0
	Socket messages sent: 0
	Socket messages received: 0
	Signals delivered: 0
	Page size (bytes): 4096
	Exit status: 1
Finished with result: exit-code
Main processes terminated with: code=exited/status=1
Service runtime: 6.320s
CPU time consumed: 6.411s
Memory peak: 288.0K
Memory swap peak: 0B
