Warning: Permanently added '100.108.41.90' (ED25519) to the list of known hosts.
Running as unit: aspis-focus-1791141446223695000.service; invocation ID: 859033ac68244aa28e2efe58839fa1f0
[0, 576, 0, 0, 0, 0, 576, 576, 576, 576, 576, 576, 576, 576, 576, 576, 576, 576, 576, 720, 576, 576, 576, 576, 576, 504]
/home/dombarker/project-offloads/aspis-r57-lean-src-20260929-a/AspisV8R19/R748PointValueProbe.lean:18:40: error: omega could not prove the goal:
a possible counterexample may satisfy the constraints
  a ≥ 1024
where
 a := ↑n
[7632, 1152, 6912, 4032]
988560
Command exited with non-zero status 1
	Command being timed: "/home/dombarker/.elan/bin/lake --dir /home/dombarker/project-offloads/aspis-r126-release-20260930-a/focus-workspace env lean -j1 -M4500 -R /home/dombarker/project-offloads/aspis-r57-lean-src-20260929-a -o /home/dombarker/project-offloads/aspis-r126-release-20260930-a/lib/AspisV8R19/R748PointValueProbe.olean /home/dombarker/project-offloads/aspis-r57-lean-src-20260929-a/AspisV8R19/R748PointValueProbe.lean"
	User time (seconds): 1.35
	System time (seconds): 0.35
	Percent of CPU this job got: 100%
	Elapsed (wall clock) time (h:mm:ss or m:ss): 0:01.70
	Average shared text size (kbytes): 0
	Average unshared data size (kbytes): 0
	Average stack size (kbytes): 0
	Average total size (kbytes): 0
	Maximum resident set size (kbytes): 3286520
	Average resident set size (kbytes): 0
	Major (requiring I/O) page faults: 0
	Minor (reclaiming a frame) page faults: 77448
	Voluntary context switches: 392
	Involuntary context switches: 61
	Swaps: 0
	File system inputs: 0
	File system outputs: 0
	Socket messages sent: 0
	Socket messages received: 0
	Signals delivered: 0
	Page size (bytes): 4096
	Exit status: 1
Finished with result: exit-code
Main processes terminated with: code=exited/status=1
Service runtime: 1.730s
CPU time consumed: 1.735s
Memory peak: 512.0K
Memory swap peak: 0B
