Warning: Permanently added '100.108.41.90' (ED25519) to the list of known hosts.
Running as unit: aspis-focus-1791141559639336000.service; invocation ID: 8bef2a53bf8749098f591d05ccb943da
/home/dombarker/project-offloads/aspis-r57-lean-src-20260929-a/AspisV8R19/R748LeafTest.lean:26:55: error: unsolved goals
⊢ (if 508 >>> 1 % 2 = 0 then
      -if 508 >>> 2 % 2 = 0 then
          -if 508 >>> 3 % 2 = 0 then
              -if 508 >>> 4 % 2 = 0 then
                  -if 508 >>> 5 % 2 = 0 then
                      -if 508 >>> 6 % 2 = 0 then
                          -if 508 >>> 7 % 2 = 0 then
                              -if 508 >>> 8 % 2 = 0 then 0 else if 508 >>> 9 % 2 = 0 then 0 else 24
                            else if 508 >>> 8 % 2 = 0 then 0 else if 508 >>> 9 % 2 = 0 then 0 else 48
                        else
                          if 508 >>> 7 % 2 = 0 then
                            -if 508 >>> 8 % 2 = 0 then 0 else if 508 >>> 9 % 2 = 0 then 0 else 36
                          else if 508 >>> 8 % 2 = 0 then 0 else if 508 >>> 9 % 2 = 0 then 0 else 72
                    else
                      if 508 >>> 6 % 2 = 0 then
                        -if 508 >>> 7 % 2 = 0 then -if 508 >>> 8 % 2 = 0 then 0 else if 508 >>> 9 % 2 = 0 then 0 else 32
                          else if 508 >>> 8 % 2 = 0 then 0 else if 508 >>> 9 % 2 = 0 then 0 else 64
                      else
                        if 508 >>> 7 % 2 = 0 then -if 508 >>> 8 % 2 = 0 then 0 else if 508 >>> 9 % 2 = 0 then 0 else 48
                        else if 508 >>> 8 % 2 = 0 then 0 else if 508 >>> 9 % 2 = 0 then 0 else 96
                else
                  if 508 >>> 5 % 2 = 0 then
                    -if 508 >>> 6 % 2 = 0 then
                        -if 508 >>> 7 % 2 = 0 then -if 508 >>> 8 % 2 = 0 then 0 else if 508 >>> 9 % 2 = 0 then 0 else 48
                          else if 508 >>> 8 % 2 = 0 then 0 else if 508 >>> 9 % 2 = 0 then 0 else 96
                      else
                        if 508 >>> 7 % 2 = 0 then -if 508 >>> 8 % 2 = 0 then 0 else if 508 >>> 9 % 2 = 0 then 0 else 72
                        else if 508 >>> 8 % 2 = 0 then 0 else if 508 >>> 9 % 2 = 0 then 0 else 144
                  else
                    if 508 >>> 6 % 2 = 0 then
                      -if 508 >>> 7 % 2 = 0 then -if 508 >>> 8 % 2 = 0 then 0 else if 508 >>> 9 % 2 = 0 then 0 else 64
                        else if 508 >>> 8 % 2 = 0 then 0 else if 508 >>> 9 % 2 = 0 then 0 else 128
                    else
                      if 508 >>> 7 % 2 = 0 then -if 508 >>> 8 % 2 = 0 then 0 else if 508 >>> 9 % 2 = 0 then 0 else 96
                      else if 508 >>> 8 % 2 = 0 then 0 else if 508 >>> 9 % 2 = 0 then 0 else 192
            else
              if 508 >>> 4 % 2 = 0 then
                -if 508 >>> 5 % 2 = 0 then
                    -if 508 >>> 6 % 2 = 0 then
                        -if 508 >>> 7 % 2 = 0 then -if 508 >>> 8 % 2 = 0 then 0 else if 508 >>> 9 % 2 = 0 then 0 else 48
                          else if 508 >>> 8 % 2 = 0 then 0 else if 508 >>> 9 % 2 = 0 then 0 else 96
                      else
                        if 508 >>> 7 % 2 = 0 then -if 508 >>> 8 % 2 = 0 then 0 else if 508 >>> 9 % 2 = 0 then 0 else 72
                        else if 508 >>> 8 % 2 = 0 then 0 else if 508 >>> 9 % 2 = 0 then 0 else 144
                  else
                    if 508 >>> 6 % 2 = 0 then
                      -if 508 >>> 7 % 2 = 0 then -if 508 >>> 8 % 2 = 0 then 0 else if 508 >>> 9 % 2 = 0 then 0 else 64
                        else if 508 >>> 8 % 2 = 0 then 0 else if 508 >>> 9 % 2 = 0 then 0 else 128
                    else
                      if 508 >>> 7 % 2 = 0 then -if 508 >>> 8 % 2 = 0 then 0 else if 508 >>> 9 % 2 = 0 then 0 else 96
                      else if 508 >>> 8 % 2 = 0 then 0 else if 508 >>> 9 % 2 = 0 then 0 else 192
              else
                if 508 >>> 5 % 2 = 0 then
                  -if 508 >>> 6 % 2 = 0 then
                      -if 508 >>> 7 % 2 = 0 then -if 508 >>> 8 % 2 = 0 then 0 else if 508 >>> 9 % 2 = 0 then 0 else 96
                        else if 508 >>> 8 % 2 = 0 then 0 else if 508 >>> 9 % 2 = 0 then 0 else 192
                    else
                      if 508 >>> 7 % 2 = 0 then -if 508 >>> 8 % 2 = 0 then 0 else if 508 >>> 9 % 2 = 0 then 0 else 144
                      else if 508 >>> 8 % 2 = 0 then 0 else if 508 >>> 9 % 2 = 0 then 0 else 288
                else
                  if 508 >>> 6 % 2 = 0 then
                    -if 508 >>> 7 % 2 = 0 then -if 508 >>> 8 % 2 = 0 then 0 else if 508 >>> 9 % 2 = 0 then 0 else 128
                      else if 508 >>> 8 % 2 = 0 then 0 else if 508 >>> 9 % 2 = 0 then 0 else 256
                  else
                    if 508 >>> 7 % 2 = 0 then -if 508 >>> 8 % 2 = 0 then 0 else if 508 >>> 9 % 2 = 0 then 0 else 192
                    else if 508 >>> 8 % 2 = 0 then 0 else if 508 >>> 9 % 2 = 0 then 0 else 384
        else
          if 508 >>> 3 % 2 = 0 then
            -if 508 >>> 4 % 2 = 0 then
                -if 508 >>> 5 % 2 = 0 then
                    -if 508 >>> 6 % 2 = 0 then
                        -if 508 >>> 7 % 2 = 0 then -if 508 >>> 8 % 2 = 0 then 0 else if 508 >>> 9 % 2 = 0 then 0 else 36
                          else if 508 >>> 8 % 2 = 0 then 0 else if 508 >>> 9 % 2 = 0 then 0 else 72
                      else
                        if 508 >>> 7 % 2 = 0 then -if 508 >>> 8 % 2 = 0 then 0 else if 508 >>> 9 % 2 = 0 then 0 else 54
                        else if 508 >>> 8 % 2 = 0 then 0 else if 508 >>> 9 % 2 = 0 then 0 else 108
                  else
                    if 508 >>> 6 % 2 = 0 then
                      -if 508 >>> 7 % 2 = 0 then -if 508 >>> 8 % 2 = 0 then 0 else if 508 >>> 9 % 2 = 0 then 0 else 48
                        else if 508 >>> 8 % 2 = 0 then 0 else if 508 >>> 9 % 2 = 0 then 0 else 96
                    else
                      if 508 >>> 7 % 2 = 0 then -if 508 >>> 8 % 2 = 0 then 0 else if 508 >>> 9 % 2 = 0 then 0 else 72
                      else if 508 >>> 8 % 2 = 0 then 0 else if 508 >>> 9 % 2 = 0 then 0 else 144
              else
                if 508 >>> 5 % 2 = 0 then
                  -if 508 >>> 6 % 2 = 0 then
                      -if 508 >>> 7 % 2 = 0 then -if 508 >>> 8 % 2 = 0 then 0 else if 508 >>> 9 % 2 = 0 then 0 else 72
                        else if 508 >>> 8 % 2 = 0 then 0 else if 508 >>> 9 % 2 = 0 then 0 else 144
                    else
                      if 508 >>> 7 % 2 = 0 then -if 508 >>> 8 % 2 = 0 then 0 else if 508 >>> 9 % 2 = 0 then 0 else 108
                      else if 508 >>> 8 % 2 = 0 then 0 else if 508 >>> 9 % 2 = 0 then 0 else 216
                else
                  if 508 >>> 6 % 2 = 0 then
                    -if 508 >>> 7 % 2 = 0 then -if 508 >>> 8 % 2 = 0 then 0 else if 508 >>> 9 % 2 = 0 then 0 else 96
                      else if 508 >>> 8 % 2 = 0 then 0 else if 508 >>> 9 % 2 = 0 then 0 else 192
                  else
                    if 508 >>> 7 % 2 = 0 then -if 508 >>> 8 % 2 = 0 then 0 else if 508 >>> 9 % 2 = 0 then 0 else 144
                    else if 508 >>> 8 % 2 = 0 then 0 else if 508 >>> 9 % 2 = 0 then 0 else 288
          else
            if 508 >>> 4 % 2 = 0 then
              -if 508 >>> 5 % 2 = 0 then
                  -if 508 >>> 6 % 2 = 0 then
                      -if 508 >>> 7 % 2 = 0 then -if 508 >>> 8 % 2 = 0 then 0 else if 508 >>> 9 % 2 = 0 then 0 else 72
                        else if 508 >>> 8 % 2 = 0 then 0 else if 508 >>> 9 % 2 = 0 then 0 else 144
                    else
                      if 508 >>> 7 % 2 = 0 then -if 508 >>> 8 % 2 = 0 then 0 else if 508 >>> 9 % 2 = 0 then 0 else 108
                      else if 508 >>> 8 % 2 = 0 then 0 else if 508 >>> 9 % 2 = 0 then 0 else 216
                else
                  if 508 >>> 6 % 2 = 0 then
                    -if 508 >>> 7 % 2 = 0 then -if 508 >>> 8 % 2 = 0 then 0 else if 508 >>> 9 % 2 = 0 then 0 else 96
                      else if 508 >>> 8 % 2 = 0 then 0 else if 508 >>> 9 % 2 = 0 then 0 else 192
                  else
                    if 508 >>> 7 % 2 = 0 then -if 508 >>> 8 % 2 = 0 then 0 else if 508 >>> 9 % 2 = 0 then 0 else 144
                    else if 508 >>> 8 % 2 = 0 then 0 else if 508 >>> 9 % 2 = 0 then 0 else 288
            else
              if 508 >>> 5 % 2 = 0 then
                -if 508 >>> 6 % 2 = 0 then
                    -if 508 >>> 7 % 2 = 0 then -if 508 >>> 8 % 2 = 0 then 0 else if 508 >>> 9 % 2 = 0 then 0 else 144
                      else if 508 >>> 8 % 2 = 0 then 0 else if 508 >>> 9 % 2 = 0 then 0 else 288
                  else
                    if 508 >>> 7 % 2 = 0 then -if 508 >>> 8 % 2 = 0 then 0 else if 508 >>> 9 % 2 = 0 then 0 else 216
                    else if 508 >>> 8 % 2 = 0 then 0 else if 508 >>> 9 % 2 = 0 then 0 else 432
              else
                if 508 >>> 6 % 2 = 0 then
                  -if 508 >>> 7 % 2 = 0 then -if 508 >>> 8 % 2 = 0 then 0 else if 508 >>> 9 % 2 = 0 then 0 else 192
                    else if 508 >>> 8 % 2 = 0 then 0 else if 508 >>> 9 % 2 = 0 then 0 else 384
                else
                  if 508 >>> 7 % 2 = 0 then -if 508 >>> 8 % 2 = 0 then 0 else if 508 >>> 9 % 2 = 0 then 0 else 288
                  else if 508 >>> 8 % 2 = 0 then 0 else if 508 >>> 9 % 2 = 0 then 0 else 576
    else
      if 508 >>> 2 % 2 = 0 then
        -if 508 >>> 3 % 2 = 0 then
            -if 508 >>> 4 % 2 = 0 then
                -if 508 >>> 5 % 2 = 0 then
                    -if 508 >>> 6 % 2 = 0 then
                        -if 508 >>> 7 % 2 = 0 then -if 508 >>> 8 % 2 = 0 then 0 else if 508 >>> 9 % 2 = 0 then 0 else 48
                          else if 508 >>> 8 % 2 = 0 then 0 else if 508 >>> 9 % 2 = 0 then 0 else 96
                      else
                        if 508 >>> 7 % 2 = 0 then -if 508 >>> 8 % 2 = 0 then 0 else if 508 >>> 9 % 2 = 0 then 0 else 72
                        else if 508 >>> 8 % 2 = 0 then 0 else if 508 >>> 9 % 2 = 0 then 0 else 144
                  else
                    if 508 >>> 6 % 2 = 0 then
                      -if 508 >>> 7 % 2 = 0 then -if 508 >>> 8 % 2 = 0 then 0 else if 508 >>> 9 % 2 = 0 then 0 else 64
                        else if 508 >>> 8 % 2 = 0 then 0 else if 508 >>> 9 % 2 = 0 then 0 else 128
                    else
                      if 508 >>> 7 % 2 = 0 then -if 508 >>> 8 % 2 = 0 then 0 else if 508 >>> 9 % 2 = 0 then 0 else 96
                      else if 508 >>> 8 % 2 = 0 then 0 else if 508 >>> 9 % 2 = 0 then 0 else 192
              else
                if 508 >>> 5 % 2 = 0 then
                  -if 508 >>> 6 % 2 = 0 then
                      -if 508 >>> 7 % 2 = 0 then -if 508 >>> 8 % 2 = 0 then 0 else if 508 >>> 9 % 2 = 0 then 0 else 96
                        else if 508 >>> 8 % 2 = 0 then 0 else if 508 >>> 9 % 2 = 0 then 0 else 192
                    else
                      if 508 >>> 7 % 2 = 0 then -if 508 >>> 8 % 2 = 0 then 0 else if 508 >>> 9 % 2 = 0 then 0 else 144
                      else if 508 >>> 8 % 2 = 0 then 0 else if 508 >>> 9 % 2 = 0 then 0 else 288
                else
                  if 508 >>> 6 % 2 = 0 then
                    -if 508 >>> 7 % 2 = 0 then -if 508 >>> 8 % 2 = 0 then 0 else if 508 >>> 9 % 2 = 0 then 0 else 128
                      else if 508 >>> 8 % 2 = 0 then 0 else if 508 >>> 9 % 2 = 0 then 0 else 256
                  else
                    if 508 >>> 7 % 2 = 0 then -if 508 >>> 8 % 2 = 0 then 0 else if 508 >>> 9 % 2 = 0 then 0 else 192
                    else if 508 >>> 8 % 2 = 0 then 0 else if 508 >>> 9 % 2 = 0 then 0 else 384
          else
            if 508 >>> 4 % 2 = 0 then
              -if 508 >>> 5 % 2 = 0 then
                  -if 508 >>> 6 % 2 = 0 then
                      -if 508 >>> 7 % 2 = 0 then -if 508 >>> 8 % 2 = 0 then 0 else if 508 >>> 9 % 2 = 0 then 0 else 96
                        else if 508 >>> 8 % 2 = 0 then 0 else if 508 >>> 9 % 2 = 0 then 0 else 192
                    else
                      if 508 >>> 7 % 2 = 0 then -if 508 >>> 8 % 2 = 0 then 0 else if 508 >>> 9 % 2 = 0 then 0 else 144
                      else if 508 >>> 8 % 2 = 0 then 0 else if 508 >>> 9 % 2 = 0 then 0 else 288
                else
                  if 508 >>> 6 % 2 = 0 then
                    -if 508 >>> 7 % 2 = 0 then -if 508 >>> 8 % 2 = 0 then 0 else if 508 >>> 9 % 2 = 0 then 0 else 128
                      else if 508 >>> 8 % 2 = 0 then 0 else if 508 >>> 9 % 2 = 0 then 0 else 256
                  else
                    if 508 >>> 7 % 2 = 0 then -if 508 >>> 8 % 2 = 0 then 0 else if 508 >>> 9 % 2 = 0 then 0 else 192
                    else if 508 >>> 8 % 2 = 0 then 0 else if 508 >>> 9 % 2 = 0 then 0 else 384
            else
              if 508 >>> 5 % 2 = 0 then
                -if 508 >>> 6 % 2 = 0 then
                    -if 508 >>> 7 % 2 = 0 then -if 508 >>> 8 % 2 = 0 then 0 else if 508 >>> 9 % 2 = 0 then 0 else 192
                      else if 508 >>> 8 % 2 = 0 then 0 else if 508 >>> 9 % 2 = 0 then 0 else 384
                  else
                    if 508 >>> 7 % 2 = 0 then -if 508 >>> 8 % 2 = 0 then 0 else if 508 >>> 9 % 2 = 0 then 0 else 288
                    else if 508 >>> 8 % 2 = 0 then 0 else if 508 >>> 9 % 2 = 0 then 0 else 576
              else
                if 508 >>> 6 % 2 = 0 then
                  -if 508 >>> 7 % 2 = 0 then -if 508 >>> 8 % 2 = 0 then 0 else if 508 >>> 9 % 2 = 0 then 0 else 256
                    else if 508 >>> 8 % 2 = 0 then 0 else if 508 >>> 9 % 2 = 0 then 0 else 512
                else
                  if 508 >>> 7 % 2 = 0 then -if 508 >>> 8 % 2 = 0 then 0 else if 508 >>> 9 % 2 = 0 then 0 else 384
                  else if 508 >>> 8 % 2 = 0 then 0 else if 508 >>> 9 % 2 = 0 then 0 else 768
      else
        if 508 >>> 3 % 2 = 0 then
          -if 508 >>> 4 % 2 = 0 then
              -if 508 >>> 5 % 2 = 0 then
                  -if 508 >>> 6 % 2 = 0 then
                      -if 508 >>> 7 % 2 = 0 then -if 508 >>> 8 % 2 = 0 then 0 else if 508 >>> 9 % 2 = 0 then 0 else 72
                        else if 508 >>> 8 % 2 = 0 then 0 else if 508 >>> 9 % 2 = 0 then 0 else 144
                    else
                      if 508 >>> 7 % 2 = 0 then -if 508 >>> 8 % 2 = 0 then 0 else if 508 >>> 9 % 2 = 0 then 0 else 108
                      else if 508 >>> 8 % 2 = 0 then 0 else if 508 >>> 9 % 2 = 0 then 0 else 216
                else
                  if 508 >>> 6 % 2 = 0 then
                    -if 508 >>> 7 % 2 = 0 then -if 508 >>> 8 % 2 = 0 then 0 else if 508 >>> 9 % 2 = 0 then 0 else 96
                      else if 508 >>> 8 % 2 = 0 then 0 else if 508 >>> 9 % 2 = 0 then 0 else 192
                  else
                    if 508 >>> 7 % 2 = 0 then -if 508 >>> 8 % 2 = 0 then 0 else if 508 >>> 9 % 2 = 0 then 0 else 144
                    else if 508 >>> 8 % 2 = 0 then 0 else if 508 >>> 9 % 2 = 0 then 0 else 288
            else
              if 508 >>> 5 % 2 = 0 then
                -if 508 >>> 6 % 2 = 0 then
                    -if 508 >>> 7 % 2 = 0 then -if 508 >>> 8 % 2 = 0 then 0 else if 508 >>> 9 % 2 = 0 then 0 else 144
                      else if 508 >>> 8 % 2 = 0 then 0 else if 508 >>> 9 % 2 = 0 then 0 else 288
                  else
                    if 508 >>> 7 % 2 = 0 then -if 508 >>> 8 % 2 = 0 then 0 else if 508 >>> 9 % 2 = 0 then 0 else 216
                    else if 508 >>> 8 % 2 = 0 then 0 else if 508 >>> 9 % 2 = 0 then 0 else 432
              else
                if 508 >>> 6 % 2 = 0 then
                  -if 508 >>> 7 % 2 = 0 then -if 508 >>> 8 % 2 = 0 then 0 else if 508 >>> 9 % 2 = 0 then 0 else 192
                    else if 508 >>> 8 % 2 = 0 then 0 else if 508 >>> 9 % 2 = 0 then 0 else 384
                else
                  if 508 >>> 7 % 2 = 0 then -if 508 >>> 8 % 2 = 0 then 0 else if 508 >>> 9 % 2 = 0 then 0 else 288
                  else if 508 >>> 8 % 2 = 0 then 0 else if 508 >>> 9 % 2 = 0 then 0 else 576
        else
          if 508 >>> 4 % 2 = 0 then
            -if 508 >>> 5 % 2 = 0 then
                -if 508 >>> 6 % 2 = 0 then
                    -if 508 >>> 7 % 2 = 0 then -if 508 >>> 8 % 2 = 0 then 0 else if 508 >>> 9 % 2 = 0 then 0 else 144
                      else if 508 >>> 8 % 2 = 0 then 0 else if 508 >>> 9 % 2 = 0 then 0 else 288
                  else
                    if 508 >>> 7 % 2 = 0 then -if 508 >>> 8 % 2 = 0 then 0 else if 508 >>> 9 % 2 = 0 then 0 else 216
                    else if 508 >>> 8 % 2 = 0 then 0 else if 508 >>> 9 % 2 = 0 then 0 else 432
              else
                if 508 >>> 6 % 2 = 0 then
                  -if 508 >>> 7 % 2 = 0 then -if 508 >>> 8 % 2 = 0 then 0 else if 508 >>> 9 % 2 = 0 then 0 else 192
                    else if 508 >>> 8 % 2 = 0 then 0 else if 508 >>> 9 % 2 = 0 then 0 else 384
                else
                  if 508 >>> 7 % 2 = 0 then -if 508 >>> 8 % 2 = 0 then 0 else if 508 >>> 9 % 2 = 0 then 0 else 288
                  else if 508 >>> 8 % 2 = 0 then 0 else if 508 >>> 9 % 2 = 0 then 0 else 576
          else
            if 508 >>> 5 % 2 = 0 then
              -if 508 >>> 6 % 2 = 0 then
                  -if 508 >>> 7 % 2 = 0 then -if 508 >>> 8 % 2 = 0 then 0 else if 508 >>> 9 % 2 = 0 then 0 else 288
                    else if 508 >>> 8 % 2 = 0 then 0 else if 508 >>> 9 % 2 = 0 then 0 else 576
                else
                  if 508 >>> 7 % 2 = 0 then -if 508 >>> 8 % 2 = 0 then 0 else if 508 >>> 9 % 2 = 0 then 0 else 432
                  else if 508 >>> 8 % 2 = 0 then 0 else if 508 >>> 9 % 2 = 0 then 0 else 864
            else
              if 508 >>> 6 % 2 = 0 then
                -if 508 >>> 7 % 2 = 0 then -if 508 >>> 8 % 2 = 0 then 0 else if 508 >>> 9 % 2 = 0 then 0 else 384
                  else if 508 >>> 8 % 2 = 0 then 0 else if 508 >>> 9 % 2 = 0 then 0 else 768
              else
                if 508 >>> 7 % 2 = 0 then -if 508 >>> 8 % 2 = 0 then 0 else if 508 >>> 9 % 2 = 0 then 0 else 576
                else if 508 >>> 8 % 2 = 0 then 0 else if 508 >>> 9 % 2 = 0 then 0 else 1152) =
    0
Command exited with non-zero status 1
	Command being timed: "/home/dombarker/.elan/bin/lake --dir /home/dombarker/project-offloads/aspis-r126-release-20260930-a/focus-workspace env lean -j1 -M4500 -R /home/dombarker/project-offloads/aspis-r57-lean-src-20260929-a -o /home/dombarker/project-offloads/aspis-r126-release-20260930-a/lib/AspisV8R19/R748LeafTest.olean /home/dombarker/project-offloads/aspis-r57-lean-src-20260929-a/AspisV8R19/R748LeafTest.lean"
	User time (seconds): 4.45
	System time (seconds): 0.39
	Percent of CPU this job got: 100%
	Elapsed (wall clock) time (h:mm:ss or m:ss): 0:04.81
	Average shared text size (kbytes): 0
	Average unshared data size (kbytes): 0
	Average stack size (kbytes): 0
	Average total size (kbytes): 0
	Maximum resident set size (kbytes): 3415768
	Average resident set size (kbytes): 0
	Major (requiring I/O) page faults: 2
	Minor (reclaiming a frame) page faults: 80850
	Voluntary context switches: 485
	Involuntary context switches: 84
	Swaps: 0
	File system inputs: 200
	File system outputs: 0
	Socket messages sent: 0
	Socket messages received: 0
	Signals delivered: 0
	Page size (bytes): 4096
	Exit status: 1
Finished with result: exit-code
Main processes terminated with: code=exited/status=1
Service runtime: 4.836s
CPU time consumed: 4.876s
Memory peak: 516.0K
Memory swap peak: 0B
