Warning: Permanently added '100.108.41.90' (ED25519) to the list of known hosts.
Running as unit: aspis-focus-1791141677463047000.service; invocation ID: 31f27073a7794c5f9245c13bfafdbcd7
/home/dombarker/project-offloads/aspis-r57-lean-src-20260929-a/AspisV8R19/R748JointWitnessPointEntry.lean:33:16: warning: This simp argument is unused:
  sourcePointBasis

Hint: Omit it from the simp argument list.
  simp +decide [sourceP̵o̵i̵n̵t̵B̵a̵s̵i̵s̵,̵ ̵s̵o̵u̵r̵c̵e̵MultilinearFactors, Fin.prod_univ_succ, p]

Note: This linter can be disabled with `set_option linter.unusedSimpArgs false`
/home/dombarker/project-offloads/aspis-r57-lean-src-20260929-a/AspisV8R19/R748JointWitnessPointEntry.lean:33:34: warning: This simp argument is unused:
  sourceMultilinearFactors

Hint: Omit it from the simp argument list.
  simp +decide [sourcePointBasis, s̵o̵u̵r̵c̵e̵M̵u̵l̵t̵i̵l̵i̵n̵e̵a̵r̵F̵a̵c̵t̵o̵r̵s̵,̵ ̵Fin.prod_univ_succ, p]

Note: This linter can be disabled with `set_option linter.unusedSimpArgs false`
/home/dombarker/project-offloads/aspis-r57-lean-src-20260929-a/AspisV8R19/R748JointWitnessPointEntry.lean:33:60: warning: This simp argument is unused:
  Fin.prod_univ_succ

Hint: Omit it from the simp argument list.
  simp +decide [sourcePointBasis, sourceMultilinearFactors, F̵i̵n̵.̵p̵r̵o̵d̵_̵u̵n̵i̵v̵_̵s̵u̵c̵c̵,̵ ̵p]

Note: This linter can be disabled with `set_option linter.unusedSimpArgs false`
/home/dombarker/project-offloads/aspis-r57-lean-src-20260929-a/AspisV8R19/R748JointWitnessPointEntry.lean:33:80: warning: This simp argument is unused:
  p

Hint: Omit it from the simp argument list.
  simp +decide [sourcePointBasis, sourceMultilinearFactors, Fin.prod_univ_succ,̵ ̵p̵]

Note: This linter can be disabled with `set_option linter.unusedSimpArgs false`
/home/dombarker/project-offloads/aspis-r57-lean-src-20260929-a/AspisV8R19/R748JointWitnessPointEntry.lean:42:16: warning: This simp argument is unused:
  sourcePointBasis

Hint: Omit it from the simp argument list.
  simp +decide [sourceP̵o̵i̵n̵t̵B̵a̵s̵i̵s̵,̵ ̵s̵o̵u̵r̵c̵e̵MultilinearFactors, Fin.prod_univ_succ, p]

Note: This linter can be disabled with `set_option linter.unusedSimpArgs false`
/home/dombarker/project-offloads/aspis-r57-lean-src-20260929-a/AspisV8R19/R748JointWitnessPointEntry.lean:42:34: warning: This simp argument is unused:
  sourceMultilinearFactors

Hint: Omit it from the simp argument list.
  simp +decide [sourcePointBasis, s̵o̵u̵r̵c̵e̵M̵u̵l̵t̵i̵l̵i̵n̵e̵a̵r̵F̵a̵c̵t̵o̵r̵s̵,̵ ̵Fin.prod_univ_succ, p]

Note: This linter can be disabled with `set_option linter.unusedSimpArgs false`
/home/dombarker/project-offloads/aspis-r57-lean-src-20260929-a/AspisV8R19/R748JointWitnessPointEntry.lean:42:60: warning: This simp argument is unused:
  Fin.prod_univ_succ

Hint: Omit it from the simp argument list.
  simp +decide [sourcePointBasis, sourceMultilinearFactors, F̵i̵n̵.̵p̵r̵o̵d̵_̵u̵n̵i̵v̵_̵s̵u̵c̵c̵,̵ ̵p]

Note: This linter can be disabled with `set_option linter.unusedSimpArgs false`
/home/dombarker/project-offloads/aspis-r57-lean-src-20260929-a/AspisV8R19/R748JointWitnessPointEntry.lean:42:80: warning: This simp argument is unused:
  p

Hint: Omit it from the simp argument list.
  simp +decide [sourcePointBasis, sourceMultilinearFactors, Fin.prod_univ_succ,̵ ̵p̵]

Note: This linter can be disabled with `set_option linter.unusedSimpArgs false`
/home/dombarker/project-offloads/aspis-r57-lean-src-20260929-a/AspisV8R19/R748JointWitnessPointEntry.lean:51:16: warning: This simp argument is unused:
  sourcePointBasis

Hint: Omit it from the simp argument list.
  simp +decide [sourceP̵o̵i̵n̵t̵B̵a̵s̵i̵s̵,̵ ̵s̵o̵u̵r̵c̵e̵MultilinearFactors, Fin.prod_univ_succ, p]

Note: This linter can be disabled with `set_option linter.unusedSimpArgs false`
/home/dombarker/project-offloads/aspis-r57-lean-src-20260929-a/AspisV8R19/R748JointWitnessPointEntry.lean:51:34: warning: This simp argument is unused:
  sourceMultilinearFactors

Hint: Omit it from the simp argument list.
  simp +decide [sourcePointBasis, s̵o̵u̵r̵c̵e̵M̵u̵l̵t̵i̵l̵i̵n̵e̵a̵r̵F̵a̵c̵t̵o̵r̵s̵,̵ ̵Fin.prod_univ_succ, p]

Note: This linter can be disabled with `set_option linter.unusedSimpArgs false`
/home/dombarker/project-offloads/aspis-r57-lean-src-20260929-a/AspisV8R19/R748JointWitnessPointEntry.lean:51:60: warning: This simp argument is unused:
  Fin.prod_univ_succ

Hint: Omit it from the simp argument list.
  simp +decide [sourcePointBasis, sourceMultilinearFactors, F̵i̵n̵.̵p̵r̵o̵d̵_̵u̵n̵i̵v̵_̵s̵u̵c̵c̵,̵ ̵p]

Note: This linter can be disabled with `set_option linter.unusedSimpArgs false`
/home/dombarker/project-offloads/aspis-r57-lean-src-20260929-a/AspisV8R19/R748JointWitnessPointEntry.lean:51:80: warning: This simp argument is unused:
  p

Hint: Omit it from the simp argument list.
  simp +decide [sourcePointBasis, sourceMultilinearFactors, Fin.prod_univ_succ,̵ ̵p̵]

Note: This linter can be disabled with `set_option linter.unusedSimpArgs false`
/home/dombarker/project-offloads/aspis-r57-lean-src-20260929-a/AspisV8R19/R748JointWitnessPointEntry.lean:60:16: warning: This simp argument is unused:
  sourcePointBasis

Hint: Omit it from the simp argument list.
  simp +decide [sourceP̵o̵i̵n̵t̵B̵a̵s̵i̵s̵,̵ ̵s̵o̵u̵r̵c̵e̵MultilinearFactors, Fin.prod_univ_succ, p]

Note: This linter can be disabled with `set_option linter.unusedSimpArgs false`
/home/dombarker/project-offloads/aspis-r57-lean-src-20260929-a/AspisV8R19/R748JointWitnessPointEntry.lean:60:34: warning: This simp argument is unused:
  sourceMultilinearFactors

Hint: Omit it from the simp argument list.
  simp +decide [sourcePointBasis, s̵o̵u̵r̵c̵e̵M̵u̵l̵t̵i̵l̵i̵n̵e̵a̵r̵F̵a̵c̵t̵o̵r̵s̵,̵ ̵Fin.prod_univ_succ, p]

Note: This linter can be disabled with `set_option linter.unusedSimpArgs false`
/home/dombarker/project-offloads/aspis-r57-lean-src-20260929-a/AspisV8R19/R748JointWitnessPointEntry.lean:60:60: warning: This simp argument is unused:
  Fin.prod_univ_succ

Hint: Omit it from the simp argument list.
  simp +decide [sourcePointBasis, sourceMultilinearFactors, F̵i̵n̵.̵p̵r̵o̵d̵_̵u̵n̵i̵v̵_̵s̵u̵c̵c̵,̵ ̵p]

Note: This linter can be disabled with `set_option linter.unusedSimpArgs false`
/home/dombarker/project-offloads/aspis-r57-lean-src-20260929-a/AspisV8R19/R748JointWitnessPointEntry.lean:60:80: warning: This simp argument is unused:
  p

Hint: Omit it from the simp argument list.
  simp +decide [sourcePointBasis, sourceMultilinearFactors, Fin.prod_univ_succ,̵ ̵p̵]

Note: This linter can be disabled with `set_option linter.unusedSimpArgs false`
/home/dombarker/project-offloads/aspis-r57-lean-src-20260929-a/AspisV8R19/R748JointWitnessPointEntry.lean:69:16: warning: This simp argument is unused:
  sourcePointBasis

Hint: Omit it from the simp argument list.
  simp +decide [sourceP̵o̵i̵n̵t̵B̵a̵s̵i̵s̵,̵ ̵s̵o̵u̵r̵c̵e̵MultilinearFactors, Fin.prod_univ_succ, p]

Note: This linter can be disabled with `set_option linter.unusedSimpArgs false`
/home/dombarker/project-offloads/aspis-r57-lean-src-20260929-a/AspisV8R19/R748JointWitnessPointEntry.lean:69:34: warning: This simp argument is unused:
  sourceMultilinearFactors

Hint: Omit it from the simp argument list.
  simp +decide [sourcePointBasis, s̵o̵u̵r̵c̵e̵M̵u̵l̵t̵i̵l̵i̵n̵e̵a̵r̵F̵a̵c̵t̵o̵r̵s̵,̵ ̵Fin.prod_univ_succ, p]

Note: This linter can be disabled with `set_option linter.unusedSimpArgs false`
/home/dombarker/project-offloads/aspis-r57-lean-src-20260929-a/AspisV8R19/R748JointWitnessPointEntry.lean:69:60: warning: This simp argument is unused:
  Fin.prod_univ_succ

Hint: Omit it from the simp argument list.
  simp +decide [sourcePointBasis, sourceMultilinearFactors, F̵i̵n̵.̵p̵r̵o̵d̵_̵u̵n̵i̵v̵_̵s̵u̵c̵c̵,̵ ̵p]

Note: This linter can be disabled with `set_option linter.unusedSimpArgs false`
/home/dombarker/project-offloads/aspis-r57-lean-src-20260929-a/AspisV8R19/R748JointWitnessPointEntry.lean:69:80: warning: This simp argument is unused:
  p

Hint: Omit it from the simp argument list.
  simp +decide [sourcePointBasis, sourceMultilinearFactors, Fin.prod_univ_succ,̵ ̵p̵]

Note: This linter can be disabled with `set_option linter.unusedSimpArgs false`
/home/dombarker/project-offloads/aspis-r57-lean-src-20260929-a/AspisV8R19/R748JointWitnessPointEntry.lean:78:16: warning: This simp argument is unused:
  sourcePointBasis

Hint: Omit it from the simp argument list.
  simp +decide [sourceP̵o̵i̵n̵t̵B̵a̵s̵i̵s̵,̵ ̵s̵o̵u̵r̵c̵e̵MultilinearFactors, Fin.prod_univ_succ, p]

Note: This linter can be disabled with `set_option linter.unusedSimpArgs false`
/home/dombarker/project-offloads/aspis-r57-lean-src-20260929-a/AspisV8R19/R748JointWitnessPointEntry.lean:78:34: warning: This simp argument is unused:
  sourceMultilinearFactors

Hint: Omit it from the simp argument list.
  simp +decide [sourcePointBasis, s̵o̵u̵r̵c̵e̵M̵u̵l̵t̵i̵l̵i̵n̵e̵a̵r̵F̵a̵c̵t̵o̵r̵s̵,̵ ̵Fin.prod_univ_succ, p]

Note: This linter can be disabled with `set_option linter.unusedSimpArgs false`
/home/dombarker/project-offloads/aspis-r57-lean-src-20260929-a/AspisV8R19/R748JointWitnessPointEntry.lean:78:60: warning: This simp argument is unused:
  Fin.prod_univ_succ

Hint: Omit it from the simp argument list.
  simp +decide [sourcePointBasis, sourceMultilinearFactors, F̵i̵n̵.̵p̵r̵o̵d̵_̵u̵n̵i̵v̵_̵s̵u̵c̵c̵,̵ ̵p]

Note: This linter can be disabled with `set_option linter.unusedSimpArgs false`
/home/dombarker/project-offloads/aspis-r57-lean-src-20260929-a/AspisV8R19/R748JointWitnessPointEntry.lean:78:80: warning: This simp argument is unused:
  p

Hint: Omit it from the simp argument list.
  simp +decide [sourcePointBasis, sourceMultilinearFactors, Fin.prod_univ_succ,̵ ̵p̵]

Note: This linter can be disabled with `set_option linter.unusedSimpArgs false`
/home/dombarker/project-offloads/aspis-r57-lean-src-20260929-a/AspisV8R19/R748JointWitnessPointEntry.lean:87:16: warning: This simp argument is unused:
  sourcePointBasis

Hint: Omit it from the simp argument list.
  simp +decide [sourceP̵o̵i̵n̵t̵B̵a̵s̵i̵s̵,̵ ̵s̵o̵u̵r̵c̵e̵MultilinearFactors, Fin.prod_univ_succ, p]

Note: This linter can be disabled with `set_option linter.unusedSimpArgs false`
/home/dombarker/project-offloads/aspis-r57-lean-src-20260929-a/AspisV8R19/R748JointWitnessPointEntry.lean:87:34: warning: This simp argument is unused:
  sourceMultilinearFactors

Hint: Omit it from the simp argument list.
  simp +decide [sourcePointBasis, s̵o̵u̵r̵c̵e̵M̵u̵l̵t̵i̵l̵i̵n̵e̵a̵r̵F̵a̵c̵t̵o̵r̵s̵,̵ ̵Fin.prod_univ_succ, p]

Note: This linter can be disabled with `set_option linter.unusedSimpArgs false`
/home/dombarker/project-offloads/aspis-r57-lean-src-20260929-a/AspisV8R19/R748JointWitnessPointEntry.lean:87:60: warning: This simp argument is unused:
  Fin.prod_univ_succ

Hint: Omit it from the simp argument list.
  simp +decide [sourcePointBasis, sourceMultilinearFactors, F̵i̵n̵.̵p̵r̵o̵d̵_̵u̵n̵i̵v̵_̵s̵u̵c̵c̵,̵ ̵p]

Note: This linter can be disabled with `set_option linter.unusedSimpArgs false`
/home/dombarker/project-offloads/aspis-r57-lean-src-20260929-a/AspisV8R19/R748JointWitnessPointEntry.lean:87:80: warning: This simp argument is unused:
  p

Hint: Omit it from the simp argument list.
  simp +decide [sourcePointBasis, sourceMultilinearFactors, Fin.prod_univ_succ,̵ ̵p̵]

Note: This linter can be disabled with `set_option linter.unusedSimpArgs false`
/home/dombarker/project-offloads/aspis-r57-lean-src-20260929-a/AspisV8R19/R748JointWitnessPointEntry.lean:96:16: warning: This simp argument is unused:
  sourcePointBasis

Hint: Omit it from the simp argument list.
  simp +decide [sourceP̵o̵i̵n̵t̵B̵a̵s̵i̵s̵,̵ ̵s̵o̵u̵r̵c̵e̵MultilinearFactors, Fin.prod_univ_succ, p]

Note: This linter can be disabled with `set_option linter.unusedSimpArgs false`
/home/dombarker/project-offloads/aspis-r57-lean-src-20260929-a/AspisV8R19/R748JointWitnessPointEntry.lean:96:34: warning: This simp argument is unused:
  sourceMultilinearFactors

Hint: Omit it from the simp argument list.
  simp +decide [sourcePointBasis, s̵o̵u̵r̵c̵e̵M̵u̵l̵t̵i̵l̵i̵n̵e̵a̵r̵F̵a̵c̵t̵o̵r̵s̵,̵ ̵Fin.prod_univ_succ, p]

Note: This linter can be disabled with `set_option linter.unusedSimpArgs false`
/home/dombarker/project-offloads/aspis-r57-lean-src-20260929-a/AspisV8R19/R748JointWitnessPointEntry.lean:96:60: warning: This simp argument is unused:
  Fin.prod_univ_succ

Hint: Omit it from the simp argument list.
  simp +decide [sourcePointBasis, sourceMultilinearFactors, F̵i̵n̵.̵p̵r̵o̵d̵_̵u̵n̵i̵v̵_̵s̵u̵c̵c̵,̵ ̵p]

Note: This linter can be disabled with `set_option linter.unusedSimpArgs false`
/home/dombarker/project-offloads/aspis-r57-lean-src-20260929-a/AspisV8R19/R748JointWitnessPointEntry.lean:96:80: warning: This simp argument is unused:
  p

Hint: Omit it from the simp argument list.
  simp +decide [sourcePointBasis, sourceMultilinearFactors, Fin.prod_univ_succ,̵ ̵p̵]

Note: This linter can be disabled with `set_option linter.unusedSimpArgs false`
/home/dombarker/project-offloads/aspis-r57-lean-src-20260929-a/AspisV8R19/R748JointWitnessPointEntry.lean:105:16: warning: This simp argument is unused:
  sourcePointBasis

Hint: Omit it from the simp argument list.
  simp +decide [sourceP̵o̵i̵n̵t̵B̵a̵s̵i̵s̵,̵ ̵s̵o̵u̵r̵c̵e̵MultilinearFactors, Fin.prod_univ_succ, p]

Note: This linter can be disabled with `set_option linter.unusedSimpArgs false`
/home/dombarker/project-offloads/aspis-r57-lean-src-20260929-a/AspisV8R19/R748JointWitnessPointEntry.lean:105:34: warning: This simp argument is unused:
  sourceMultilinearFactors

Hint: Omit it from the simp argument list.
  simp +decide [sourcePointBasis, s̵o̵u̵r̵c̵e̵M̵u̵l̵t̵i̵l̵i̵n̵e̵a̵r̵F̵a̵c̵t̵o̵r̵s̵,̵ ̵Fin.prod_univ_succ, p]

Note: This linter can be disabled with `set_option linter.unusedSimpArgs false`
/home/dombarker/project-offloads/aspis-r57-lean-src-20260929-a/AspisV8R19/R748JointWitnessPointEntry.lean:105:60: warning: This simp argument is unused:
  Fin.prod_univ_succ

Hint: Omit it from the simp argument list.
  simp +decide [sourcePointBasis, sourceMultilinearFactors, F̵i̵n̵.̵p̵r̵o̵d̵_̵u̵n̵i̵v̵_̵s̵u̵c̵c̵,̵ ̵p]

Note: This linter can be disabled with `set_option linter.unusedSimpArgs false`
/home/dombarker/project-offloads/aspis-r57-lean-src-20260929-a/AspisV8R19/R748JointWitnessPointEntry.lean:105:80: warning: This simp argument is unused:
  p

Hint: Omit it from the simp argument list.
  simp +decide [sourcePointBasis, sourceMultilinearFactors, Fin.prod_univ_succ,̵ ̵p̵]

Note: This linter can be disabled with `set_option linter.unusedSimpArgs false`
/home/dombarker/project-offloads/aspis-r57-lean-src-20260929-a/AspisV8R19/R748JointWitnessPointEntry.lean:114:16: warning: This simp argument is unused:
  sourcePointBasis

Hint: Omit it from the simp argument list.
  simp +decide [sourceP̵o̵i̵n̵t̵B̵a̵s̵i̵s̵,̵ ̵s̵o̵u̵r̵c̵e̵MultilinearFactors, Fin.prod_univ_succ, p]

Note: This linter can be disabled with `set_option linter.unusedSimpArgs false`
/home/dombarker/project-offloads/aspis-r57-lean-src-20260929-a/AspisV8R19/R748JointWitnessPointEntry.lean:114:34: warning: This simp argument is unused:
  sourceMultilinearFactors

Hint: Omit it from the simp argument list.
  simp +decide [sourcePointBasis, s̵o̵u̵r̵c̵e̵M̵u̵l̵t̵i̵l̵i̵n̵e̵a̵r̵F̵a̵c̵t̵o̵r̵s̵,̵ ̵Fin.prod_univ_succ, p]

Note: This linter can be disabled with `set_option linter.unusedSimpArgs false`
/home/dombarker/project-offloads/aspis-r57-lean-src-20260929-a/AspisV8R19/R748JointWitnessPointEntry.lean:114:60: warning: This simp argument is unused:
  Fin.prod_univ_succ

Hint: Omit it from the simp argument list.
  simp +decide [sourcePointBasis, sourceMultilinearFactors, F̵i̵n̵.̵p̵r̵o̵d̵_̵u̵n̵i̵v̵_̵s̵u̵c̵c̵,̵ ̵p]

Note: This linter can be disabled with `set_option linter.unusedSimpArgs false`
/home/dombarker/project-offloads/aspis-r57-lean-src-20260929-a/AspisV8R19/R748JointWitnessPointEntry.lean:114:80: warning: This simp argument is unused:
  p

Hint: Omit it from the simp argument list.
  simp +decide [sourcePointBasis, sourceMultilinearFactors, Fin.prod_univ_succ,̵ ̵p̵]

Note: This linter can be disabled with `set_option linter.unusedSimpArgs false`
/home/dombarker/project-offloads/aspis-r57-lean-src-20260929-a/AspisV8R19/R748JointWitnessPointEntry.lean:123:16: warning: This simp argument is unused:
  sourcePointBasis

Hint: Omit it from the simp argument list.
  simp +decide [sourceP̵o̵i̵n̵t̵B̵a̵s̵i̵s̵,̵ ̵s̵o̵u̵r̵c̵e̵MultilinearFactors, Fin.prod_univ_succ, p]

Note: This linter can be disabled with `set_option linter.unusedSimpArgs false`
/home/dombarker/project-offloads/aspis-r57-lean-src-20260929-a/AspisV8R19/R748JointWitnessPointEntry.lean:123:34: warning: This simp argument is unused:
  sourceMultilinearFactors

Hint: Omit it from the simp argument list.
  simp +decide [sourcePointBasis, s̵o̵u̵r̵c̵e̵M̵u̵l̵t̵i̵l̵i̵n̵e̵a̵r̵F̵a̵c̵t̵o̵r̵s̵,̵ ̵Fin.prod_univ_succ, p]

Note: This linter can be disabled with `set_option linter.unusedSimpArgs false`
/home/dombarker/project-offloads/aspis-r57-lean-src-20260929-a/AspisV8R19/R748JointWitnessPointEntry.lean:123:60: warning: This simp argument is unused:
  Fin.prod_univ_succ

Hint: Omit it from the simp argument list.
  simp +decide [sourcePointBasis, sourceMultilinearFactors, F̵i̵n̵.̵p̵r̵o̵d̵_̵u̵n̵i̵v̵_̵s̵u̵c̵c̵,̵ ̵p]

Note: This linter can be disabled with `set_option linter.unusedSimpArgs false`
/home/dombarker/project-offloads/aspis-r57-lean-src-20260929-a/AspisV8R19/R748JointWitnessPointEntry.lean:123:80: warning: This simp argument is unused:
  p

Hint: Omit it from the simp argument list.
  simp +decide [sourcePointBasis, sourceMultilinearFactors, Fin.prod_univ_succ,̵ ̵p̵]

Note: This linter can be disabled with `set_option linter.unusedSimpArgs false`
/home/dombarker/project-offloads/aspis-r57-lean-src-20260929-a/AspisV8R19/R748JointWitnessPointEntry.lean:132:16: warning: This simp argument is unused:
  sourcePointBasis

Hint: Omit it from the simp argument list.
  simp +decide [sourceP̵o̵i̵n̵t̵B̵a̵s̵i̵s̵,̵ ̵s̵o̵u̵r̵c̵e̵MultilinearFactors, Fin.prod_univ_succ, p]

Note: This linter can be disabled with `set_option linter.unusedSimpArgs false`
/home/dombarker/project-offloads/aspis-r57-lean-src-20260929-a/AspisV8R19/R748JointWitnessPointEntry.lean:132:34: warning: This simp argument is unused:
  sourceMultilinearFactors

Hint: Omit it from the simp argument list.
  simp +decide [sourcePointBasis, s̵o̵u̵r̵c̵e̵M̵u̵l̵t̵i̵l̵i̵n̵e̵a̵r̵F̵a̵c̵t̵o̵r̵s̵,̵ ̵Fin.prod_univ_succ, p]

Note: This linter can be disabled with `set_option linter.unusedSimpArgs false`
/home/dombarker/project-offloads/aspis-r57-lean-src-20260929-a/AspisV8R19/R748JointWitnessPointEntry.lean:132:60: warning: This simp argument is unused:
  Fin.prod_univ_succ

Hint: Omit it from the simp argument list.
  simp +decide [sourcePointBasis, sourceMultilinearFactors, F̵i̵n̵.̵p̵r̵o̵d̵_̵u̵n̵i̵v̵_̵s̵u̵c̵c̵,̵ ̵p]

Note: This linter can be disabled with `set_option linter.unusedSimpArgs false`
/home/dombarker/project-offloads/aspis-r57-lean-src-20260929-a/AspisV8R19/R748JointWitnessPointEntry.lean:132:80: warning: This simp argument is unused:
  p

Hint: Omit it from the simp argument list.
  simp +decide [sourcePointBasis, sourceMultilinearFactors, Fin.prod_univ_succ,̵ ̵p̵]

Note: This linter can be disabled with `set_option linter.unusedSimpArgs false`
/home/dombarker/project-offloads/aspis-r57-lean-src-20260929-a/AspisV8R19/R748JointWitnessPointEntry.lean:141:16: warning: This simp argument is unused:
  sourcePointBasis

Hint: Omit it from the simp argument list.
  simp +decide [sourceP̵o̵i̵n̵t̵B̵a̵s̵i̵s̵,̵ ̵s̵o̵u̵r̵c̵e̵MultilinearFactors, Fin.prod_univ_succ, p]

Note: This linter can be disabled with `set_option linter.unusedSimpArgs false`
/home/dombarker/project-offloads/aspis-r57-lean-src-20260929-a/AspisV8R19/R748JointWitnessPointEntry.lean:141:34: warning: This simp argument is unused:
  sourceMultilinearFactors

Hint: Omit it from the simp argument list.
  simp +decide [sourcePointBasis, s̵o̵u̵r̵c̵e̵M̵u̵l̵t̵i̵l̵i̵n̵e̵a̵r̵F̵a̵c̵t̵o̵r̵s̵,̵ ̵Fin.prod_univ_succ, p]

Note: This linter can be disabled with `set_option linter.unusedSimpArgs false`
/home/dombarker/project-offloads/aspis-r57-lean-src-20260929-a/AspisV8R19/R748JointWitnessPointEntry.lean:141:60: warning: This simp argument is unused:
  Fin.prod_univ_succ

Hint: Omit it from the simp argument list.
  simp +decide [sourcePointBasis, sourceMultilinearFactors, F̵i̵n̵.̵p̵r̵o̵d̵_̵u̵n̵i̵v̵_̵s̵u̵c̵c̵,̵ ̵p]

Note: This linter can be disabled with `set_option linter.unusedSimpArgs false`
/home/dombarker/project-offloads/aspis-r57-lean-src-20260929-a/AspisV8R19/R748JointWitnessPointEntry.lean:141:80: warning: This simp argument is unused:
  p

Hint: Omit it from the simp argument list.
  simp +decide [sourcePointBasis, sourceMultilinearFactors, Fin.prod_univ_succ,̵ ̵p̵]

Note: This linter can be disabled with `set_option linter.unusedSimpArgs false`
/home/dombarker/project-offloads/aspis-r57-lean-src-20260929-a/AspisV8R19/R748JointWitnessPointEntry.lean:150:16: warning: This simp argument is unused:
  sourcePointBasis

Hint: Omit it from the simp argument list.
  simp +decide [sourceP̵o̵i̵n̵t̵B̵a̵s̵i̵s̵,̵ ̵s̵o̵u̵r̵c̵e̵MultilinearFactors, Fin.prod_univ_succ, p]

Note: This linter can be disabled with `set_option linter.unusedSimpArgs false`
/home/dombarker/project-offloads/aspis-r57-lean-src-20260929-a/AspisV8R19/R748JointWitnessPointEntry.lean:150:34: warning: This simp argument is unused:
  sourceMultilinearFactors

Hint: Omit it from the simp argument list.
  simp +decide [sourcePointBasis, s̵o̵u̵r̵c̵e̵M̵u̵l̵t̵i̵l̵i̵n̵e̵a̵r̵F̵a̵c̵t̵o̵r̵s̵,̵ ̵Fin.prod_univ_succ, p]

Note: This linter can be disabled with `set_option linter.unusedSimpArgs false`
/home/dombarker/project-offloads/aspis-r57-lean-src-20260929-a/AspisV8R19/R748JointWitnessPointEntry.lean:150:60: warning: This simp argument is unused:
  Fin.prod_univ_succ

Hint: Omit it from the simp argument list.
  simp +decide [sourcePointBasis, sourceMultilinearFactors, F̵i̵n̵.̵p̵r̵o̵d̵_̵u̵n̵i̵v̵_̵s̵u̵c̵c̵,̵ ̵p]

Note: This linter can be disabled with `set_option linter.unusedSimpArgs false`
/home/dombarker/project-offloads/aspis-r57-lean-src-20260929-a/AspisV8R19/R748JointWitnessPointEntry.lean:150:80: warning: This simp argument is unused:
  p

Hint: Omit it from the simp argument list.
  simp +decide [sourcePointBasis, sourceMultilinearFactors, Fin.prod_univ_succ,̵ ̵p̵]

Note: This linter can be disabled with `set_option linter.unusedSimpArgs false`
/home/dombarker/project-offloads/aspis-r57-lean-src-20260929-a/AspisV8R19/R748JointWitnessPointEntry.lean:159:16: warning: This simp argument is unused:
  sourcePointBasis

Hint: Omit it from the simp argument list.
  simp +decide [sourceP̵o̵i̵n̵t̵B̵a̵s̵i̵s̵,̵ ̵s̵o̵u̵r̵c̵e̵MultilinearFactors, Fin.prod_univ_succ, p]

Note: This linter can be disabled with `set_option linter.unusedSimpArgs false`
/home/dombarker/project-offloads/aspis-r57-lean-src-20260929-a/AspisV8R19/R748JointWitnessPointEntry.lean:159:34: warning: This simp argument is unused:
  sourceMultilinearFactors

Hint: Omit it from the simp argument list.
  simp +decide [sourcePointBasis, s̵o̵u̵r̵c̵e̵M̵u̵l̵t̵i̵l̵i̵n̵e̵a̵r̵F̵a̵c̵t̵o̵r̵s̵,̵ ̵Fin.prod_univ_succ, p]

Note: This linter can be disabled with `set_option linter.unusedSimpArgs false`
/home/dombarker/project-offloads/aspis-r57-lean-src-20260929-a/AspisV8R19/R748JointWitnessPointEntry.lean:159:60: warning: This simp argument is unused:
  Fin.prod_univ_succ

Hint: Omit it from the simp argument list.
  simp +decide [sourcePointBasis, sourceMultilinearFactors, F̵i̵n̵.̵p̵r̵o̵d̵_̵u̵n̵i̵v̵_̵s̵u̵c̵c̵,̵ ̵p]

Note: This linter can be disabled with `set_option linter.unusedSimpArgs false`
/home/dombarker/project-offloads/aspis-r57-lean-src-20260929-a/AspisV8R19/R748JointWitnessPointEntry.lean:159:80: warning: This simp argument is unused:
  p

Hint: Omit it from the simp argument list.
  simp +decide [sourcePointBasis, sourceMultilinearFactors, Fin.prod_univ_succ,̵ ̵p̵]

Note: This linter can be disabled with `set_option linter.unusedSimpArgs false`
/home/dombarker/project-offloads/aspis-r57-lean-src-20260929-a/AspisV8R19/R748JointWitnessPointEntry.lean:168:16: warning: This simp argument is unused:
  sourcePointBasis

Hint: Omit it from the simp argument list.
  simp +decide [sourceP̵o̵i̵n̵t̵B̵a̵s̵i̵s̵,̵ ̵s̵o̵u̵r̵c̵e̵MultilinearFactors, Fin.prod_univ_succ, p]

Note: This linter can be disabled with `set_option linter.unusedSimpArgs false`
/home/dombarker/project-offloads/aspis-r57-lean-src-20260929-a/AspisV8R19/R748JointWitnessPointEntry.lean:168:34: warning: This simp argument is unused:
  sourceMultilinearFactors

Hint: Omit it from the simp argument list.
  simp +decide [sourcePointBasis, s̵o̵u̵r̵c̵e̵M̵u̵l̵t̵i̵l̵i̵n̵e̵a̵r̵F̵a̵c̵t̵o̵r̵s̵,̵ ̵Fin.prod_univ_succ, p]

Note: This linter can be disabled with `set_option linter.unusedSimpArgs false`
/home/dombarker/project-offloads/aspis-r57-lean-src-20260929-a/AspisV8R19/R748JointWitnessPointEntry.lean:168:60: warning: This simp argument is unused:
  Fin.prod_univ_succ

Hint: Omit it from the simp argument list.
  simp +decide [sourcePointBasis, sourceMultilinearFactors, F̵i̵n̵.̵p̵r̵o̵d̵_̵u̵n̵i̵v̵_̵s̵u̵c̵c̵,̵ ̵p]

Note: This linter can be disabled with `set_option linter.unusedSimpArgs false`
/home/dombarker/project-offloads/aspis-r57-lean-src-20260929-a/AspisV8R19/R748JointWitnessPointEntry.lean:168:80: warning: This simp argument is unused:
  p

Hint: Omit it from the simp argument list.
  simp +decide [sourcePointBasis, sourceMultilinearFactors, Fin.prod_univ_succ,̵ ̵p̵]

Note: This linter can be disabled with `set_option linter.unusedSimpArgs false`
/home/dombarker/project-offloads/aspis-r57-lean-src-20260929-a/AspisV8R19/R748JointWitnessPointEntry.lean:177:16: warning: This simp argument is unused:
  sourcePointBasis

Hint: Omit it from the simp argument list.
  simp +decide [sourceP̵o̵i̵n̵t̵B̵a̵s̵i̵s̵,̵ ̵s̵o̵u̵r̵c̵e̵MultilinearFactors, Fin.prod_univ_succ, p]

Note: This linter can be disabled with `set_option linter.unusedSimpArgs false`
/home/dombarker/project-offloads/aspis-r57-lean-src-20260929-a/AspisV8R19/R748JointWitnessPointEntry.lean:177:34: warning: This simp argument is unused:
  sourceMultilinearFactors

Hint: Omit it from the simp argument list.
  simp +decide [sourcePointBasis, s̵o̵u̵r̵c̵e̵M̵u̵l̵t̵i̵l̵i̵n̵e̵a̵r̵F̵a̵c̵t̵o̵r̵s̵,̵ ̵Fin.prod_univ_succ, p]

Note: This linter can be disabled with `set_option linter.unusedSimpArgs false`
/home/dombarker/project-offloads/aspis-r57-lean-src-20260929-a/AspisV8R19/R748JointWitnessPointEntry.lean:177:60: warning: This simp argument is unused:
  Fin.prod_univ_succ

Hint: Omit it from the simp argument list.
  simp +decide [sourcePointBasis, sourceMultilinearFactors, F̵i̵n̵.̵p̵r̵o̵d̵_̵u̵n̵i̵v̵_̵s̵u̵c̵c̵,̵ ̵p]

Note: This linter can be disabled with `set_option linter.unusedSimpArgs false`
/home/dombarker/project-offloads/aspis-r57-lean-src-20260929-a/AspisV8R19/R748JointWitnessPointEntry.lean:177:80: warning: This simp argument is unused:
  p

Hint: Omit it from the simp argument list.
  simp +decide [sourcePointBasis, sourceMultilinearFactors, Fin.prod_univ_succ,̵ ̵p̵]

Note: This linter can be disabled with `set_option linter.unusedSimpArgs false`
/home/dombarker/project-offloads/aspis-r57-lean-src-20260929-a/AspisV8R19/R748JointWitnessPointEntry.lean:186:16: warning: This simp argument is unused:
  sourcePointBasis

Hint: Omit it from the simp argument list.
  simp +decide [sourceP̵o̵i̵n̵t̵B̵a̵s̵i̵s̵,̵ ̵s̵o̵u̵r̵c̵e̵MultilinearFactors, Fin.prod_univ_succ, p]

Note: This linter can be disabled with `set_option linter.unusedSimpArgs false`
/home/dombarker/project-offloads/aspis-r57-lean-src-20260929-a/AspisV8R19/R748JointWitnessPointEntry.lean:186:34: warning: This simp argument is unused:
  sourceMultilinearFactors

Hint: Omit it from the simp argument list.
  simp +decide [sourcePointBasis, s̵o̵u̵r̵c̵e̵M̵u̵l̵t̵i̵l̵i̵n̵e̵a̵r̵F̵a̵c̵t̵o̵r̵s̵,̵ ̵Fin.prod_univ_succ, p]

Note: This linter can be disabled with `set_option linter.unusedSimpArgs false`
/home/dombarker/project-offloads/aspis-r57-lean-src-20260929-a/AspisV8R19/R748JointWitnessPointEntry.lean:186:60: warning: This simp argument is unused:
  Fin.prod_univ_succ

Hint: Omit it from the simp argument list.
  simp +decide [sourcePointBasis, sourceMultilinearFactors, F̵i̵n̵.̵p̵r̵o̵d̵_̵u̵n̵i̵v̵_̵s̵u̵c̵c̵,̵ ̵p]

Note: This linter can be disabled with `set_option linter.unusedSimpArgs false`
/home/dombarker/project-offloads/aspis-r57-lean-src-20260929-a/AspisV8R19/R748JointWitnessPointEntry.lean:186:80: warning: This simp argument is unused:
  p

Hint: Omit it from the simp argument list.
  simp +decide [sourcePointBasis, sourceMultilinearFactors, Fin.prod_univ_succ,̵ ̵p̵]

Note: This linter can be disabled with `set_option linter.unusedSimpArgs false`
/home/dombarker/project-offloads/aspis-r57-lean-src-20260929-a/AspisV8R19/R748JointWitnessPointEntry.lean:195:16: warning: This simp argument is unused:
  sourcePointBasis

Hint: Omit it from the simp argument list.
  simp +decide [sourceP̵o̵i̵n̵t̵B̵a̵s̵i̵s̵,̵ ̵s̵o̵u̵r̵c̵e̵MultilinearFactors, Fin.prod_univ_succ, p]

Note: This linter can be disabled with `set_option linter.unusedSimpArgs false`
/home/dombarker/project-offloads/aspis-r57-lean-src-20260929-a/AspisV8R19/R748JointWitnessPointEntry.lean:195:34: warning: This simp argument is unused:
  sourceMultilinearFactors

Hint: Omit it from the simp argument list.
  simp +decide [sourcePointBasis, s̵o̵u̵r̵c̵e̵M̵u̵l̵t̵i̵l̵i̵n̵e̵a̵r̵F̵a̵c̵t̵o̵r̵s̵,̵ ̵Fin.prod_univ_succ, p]

Note: This linter can be disabled with `set_option linter.unusedSimpArgs false`
/home/dombarker/project-offloads/aspis-r57-lean-src-20260929-a/AspisV8R19/R748JointWitnessPointEntry.lean:195:60: warning: This simp argument is unused:
  Fin.prod_univ_succ

Hint: Omit it from the simp argument list.
  simp +decide [sourcePointBasis, sourceMultilinearFactors, F̵i̵n̵.̵p̵r̵o̵d̵_̵u̵n̵i̵v̵_̵s̵u̵c̵c̵,̵ ̵p]

Note: This linter can be disabled with `set_option linter.unusedSimpArgs false`
/home/dombarker/project-offloads/aspis-r57-lean-src-20260929-a/AspisV8R19/R748JointWitnessPointEntry.lean:195:80: warning: This simp argument is unused:
  p

Hint: Omit it from the simp argument list.
  simp +decide [sourcePointBasis, sourceMultilinearFactors, Fin.prod_univ_succ,̵ ̵p̵]

Note: This linter can be disabled with `set_option linter.unusedSimpArgs false`
/home/dombarker/project-offloads/aspis-r57-lean-src-20260929-a/AspisV8R19/R748JointWitnessPointEntry.lean:204:16: warning: This simp argument is unused:
  sourcePointBasis

Hint: Omit it from the simp argument list.
  simp +decide [sourceP̵o̵i̵n̵t̵B̵a̵s̵i̵s̵,̵ ̵s̵o̵u̵r̵c̵e̵MultilinearFactors, Fin.prod_univ_succ, p]

Note: This linter can be disabled with `set_option linter.unusedSimpArgs false`
/home/dombarker/project-offloads/aspis-r57-lean-src-20260929-a/AspisV8R19/R748JointWitnessPointEntry.lean:204:34: warning: This simp argument is unused:
  sourceMultilinearFactors

Hint: Omit it from the simp argument list.
  simp +decide [sourcePointBasis, s̵o̵u̵r̵c̵e̵M̵u̵l̵t̵i̵l̵i̵n̵e̵a̵r̵F̵a̵c̵t̵o̵r̵s̵,̵ ̵Fin.prod_univ_succ, p]

Note: This linter can be disabled with `set_option linter.unusedSimpArgs false`
/home/dombarker/project-offloads/aspis-r57-lean-src-20260929-a/AspisV8R19/R748JointWitnessPointEntry.lean:204:60: warning: This simp argument is unused:
  Fin.prod_univ_succ

Hint: Omit it from the simp argument list.
  simp +decide [sourcePointBasis, sourceMultilinearFactors, F̵i̵n̵.̵p̵r̵o̵d̵_̵u̵n̵i̵v̵_̵s̵u̵c̵c̵,̵ ̵p]

Note: This linter can be disabled with `set_option linter.unusedSimpArgs false`
/home/dombarker/project-offloads/aspis-r57-lean-src-20260929-a/AspisV8R19/R748JointWitnessPointEntry.lean:204:80: warning: This simp argument is unused:
  p

Hint: Omit it from the simp argument list.
  simp +decide [sourcePointBasis, sourceMultilinearFactors, Fin.prod_univ_succ,̵ ̵p̵]

Note: This linter can be disabled with `set_option linter.unusedSimpArgs false`
/home/dombarker/project-offloads/aspis-r57-lean-src-20260929-a/AspisV8R19/R748JointWitnessPointEntry.lean:207:31: error: unsolved goals
⊢ -(5 *
            (extendFin1024 (transportDual inactive 1023 order fun i => sourcePointBasis point ↑i) 190 -
              (1073741824 * extendFin1024 (transportDual inactive 1023 order fun i => sourcePointBasis point ↑i) 190 +
                        1073741824 ^ 2 *
                          extendFin1024 (transportDual inactive 1023 order fun i => sourcePointBasis point ↑i) 186 +
                      1073741824 ^ 3 *
                        extendFin1024 (transportDual inactive 1023 order fun i => sourcePointBasis point ↑i) 178 +
                    1073741824 ^ 4 *
                      extendFin1024 (transportDual inactive 1023 order fun i => sourcePointBasis point ↑i) 162 +
                  1073741824 ^ 5 *
                    extendFin1024 (transportDual inactive 1023 order fun i => sourcePointBasis point ↑i) 130 +
                1073741824 ^ 5 *
                  extendFin1024 (transportDual inactive 1023 order fun i => sourcePointBasis point ↑i) 194))) +
        7 * extendFin1024 (transportDual inactive 1023 order fun i => sourcePointBasis point ↑i) 191 +
      5 *
        (1073741824 * extendFin1024 (transportDual inactive 1023 order fun i => sourcePointBasis point ↑i) 189 +
                  1073741824 ^ 2 *
                    extendFin1024 (transportDual inactive 1023 order fun i => sourcePointBasis point ↑i) 185 +
                1073741824 ^ 3 *
                  extendFin1024 (transportDual inactive 1023 order fun i => sourcePointBasis point ↑i) 177 +
              1073741824 ^ 4 *
                extendFin1024 (transportDual inactive 1023 order fun i => sourcePointBasis point ↑i) 161 +
            1073741824 ^ 5 * extendFin1024 (transportDual inactive 1023 order fun i => sourcePointBasis point ↑i) 129 +
          1073741824 ^ 5 * extendFin1024 (transportDual inactive 1023 order fun i => sourcePointBasis point ↑i) 193) =
    7632
/home/dombarker/project-offloads/aspis-r57-lean-src-20260929-a/AspisV8R19/R748JointWitnessPointEntry.lean:210:43: warning: This simp argument is unused:
  ↓reduceIte

Hint: Omit it from the simp argument list.
  simp only [Nat.reduceMod, Nat.reduceDiv,̵ ̵↓̵r̵e̵d̵u̵c̵e̵I̵t̵e̵]

Note: This linter can be disabled with `set_option linter.unusedSimpArgs false`
/home/dombarker/project-offloads/aspis-r57-lean-src-20260929-a/AspisV8R19/R748JointWitnessPointEntry.lean:213:8: warning: This simp argument is unused:
  w_190

Hint: Omit it from the simp argument list.
  simp [̵w̵_̵1̵9̵0̵,̵w̵_̵1̵8̵6̵,̵w̵_̵1̵7̵8̵,̵w̵_̵1̵6̵2̵,̵w̵_̵1̵3̵0̵,̵w̵_̵1̵9̵4̵,̵w̵_̵1̵9̵1̵,̵w̵_̵1̵8̵9̵,̵w̵_̵1̵8̵5̵,̵w̵_̵1̵7̵7̵,̵w̵_̵1̵6̵1̵,̵w̵_̵1̵2̵9̵]̵[̲w̲_̲1̲8̲6̲,̲ ̲w̲_̲1̲7̲8̲,̲ ̲w̲_̲1̲6̲2̲,̲ ̲w̲_̲1̲3̲0̲,̲ ̲w̲_̲1̲9̲4̲,̲ ̲w̲_̲1̲9̲1̲,̲ ̲w̲_̲1̲8̲9̲,̲ ̲w̲_̲1̲8̲5̲,̲ ̲w̲_̲1̲7̲7̲,̲ ̲w̲_̲1̲6̲1̲,̲ ̲w̲_̲1̲2̲9̲]̲

Note: This linter can be disabled with `set_option linter.unusedSimpArgs false`
/home/dombarker/project-offloads/aspis-r57-lean-src-20260929-a/AspisV8R19/R748JointWitnessPointEntry.lean:213:14: warning: This simp argument is unused:
  w_186

Hint: Omit it from the simp argument list.
  simp [̵w̵_̵1̵9̵0̵,̵w̵_̵1̵8̵6̵,̵w̵_̵1̵7̵8̵,̵w̵_̵1̵6̵2̵,̵w̵_̵1̵3̵0̵,̵w̵_̵1̵9̵4̵,̵w̵_̵1̵9̵1̵,̵w̵_̵1̵8̵9̵,̵w̵_̵1̵8̵5̵,̵w̵_̵1̵7̵7̵,̵w̵_̵1̵6̵1̵,̵w̵_̵1̵2̵9̵]̵[̲w̲_̲1̲9̲0̲,̲ ̲w̲_̲1̲7̲8̲,̲ ̲w̲_̲1̲6̲2̲,̲ ̲w̲_̲1̲3̲0̲,̲ ̲w̲_̲1̲9̲4̲,̲ ̲w̲_̲1̲9̲1̲,̲ ̲w̲_̲1̲8̲9̲,̲ ̲w̲_̲1̲8̲5̲,̲ ̲w̲_̲1̲7̲7̲,̲ ̲w̲_̲1̲6̲1̲,̲ ̲w̲_̲1̲2̲9̲]̲

Note: This linter can be disabled with `set_option linter.unusedSimpArgs false`
/home/dombarker/project-offloads/aspis-r57-lean-src-20260929-a/AspisV8R19/R748JointWitnessPointEntry.lean:213:20: warning: This simp argument is unused:
  w_178

Hint: Omit it from the simp argument list.
  simp [̵w̵_̵1̵9̵0̵,̵w̵_̵1̵8̵6̵,̵w̵_̵1̵7̵8̵,̵w̵_̵1̵6̵2̵,̵w̵_̵1̵3̵0̵,̵w̵_̵1̵9̵4̵,̵w̵_̵1̵9̵1̵,̵w̵_̵1̵8̵9̵,̵w̵_̵1̵8̵5̵,̵w̵_̵1̵7̵7̵,̵w̵_̵1̵6̵1̵,̵w̵_̵1̵2̵9̵]̵[̲w̲_̲1̲9̲0̲,̲ ̲w̲_̲1̲8̲6̲,̲ ̲w̲_̲1̲6̲2̲,̲ ̲w̲_̲1̲3̲0̲,̲ ̲w̲_̲1̲9̲4̲,̲ ̲w̲_̲1̲9̲1̲,̲ ̲w̲_̲1̲8̲9̲,̲ ̲w̲_̲1̲8̲5̲,̲ ̲w̲_̲1̲7̲7̲,̲ ̲w̲_̲1̲6̲1̲,̲ ̲w̲_̲1̲2̲9̲]̲

Note: This linter can be disabled with `set_option linter.unusedSimpArgs false`
/home/dombarker/project-offloads/aspis-r57-lean-src-20260929-a/AspisV8R19/R748JointWitnessPointEntry.lean:213:26: warning: This simp argument is unused:
  w_162

Hint: Omit it from the simp argument list.
  simp [̵w̵_̵1̵9̵0̵,̵w̵_̵1̵8̵6̵,̵w̵_̵1̵7̵8̵,̵w̵_̵1̵6̵2̵,̵w̵_̵1̵3̵0̵,̵w̵_̵1̵9̵4̵,̵w̵_̵1̵9̵1̵,̵w̵_̵1̵8̵9̵,̵w̵_̵1̵8̵5̵,̵w̵_̵1̵7̵7̵,̵w̵_̵1̵6̵1̵,̵w̵_̵1̵2̵9̵]̵[̲w̲_̲1̲9̲0̲,̲ ̲w̲_̲1̲8̲6̲,̲ ̲w̲_̲1̲7̲8̲,̲ ̲w̲_̲1̲3̲0̲,̲ ̲w̲_̲1̲9̲4̲,̲ ̲w̲_̲1̲9̲1̲,̲ ̲w̲_̲1̲8̲9̲,̲ ̲w̲_̲1̲8̲5̲,̲ ̲w̲_̲1̲7̲7̲,̲ ̲w̲_̲1̲6̲1̲,̲ ̲w̲_̲1̲2̲9̲]̲

Note: This linter can be disabled with `set_option linter.unusedSimpArgs false`
/home/dombarker/project-offloads/aspis-r57-lean-src-20260929-a/AspisV8R19/R748JointWitnessPointEntry.lean:213:32: warning: This simp argument is unused:
  w_130

Hint: Omit it from the simp argument list.
  simp [̵w̵_̵1̵9̵0̵,̵w̵_̵1̵8̵6̵,̵w̵_̵1̵7̵8̵,̵w̵_̵1̵6̵2̵,̵w̵_̵1̵3̵0̵,̵w̵_̵1̵9̵4̵,̵w̵_̵1̵9̵1̵,̵w̵_̵1̵8̵9̵,̵w̵_̵1̵8̵5̵,̵w̵_̵1̵7̵7̵,̵w̵_̵1̵6̵1̵,̵w̵_̵1̵2̵9̵]̵[̲w̲_̲1̲9̲0̲,̲ ̲w̲_̲1̲8̲6̲,̲ ̲w̲_̲1̲7̲8̲,̲ ̲w̲_̲1̲6̲2̲,̲ ̲w̲_̲1̲9̲4̲,̲ ̲w̲_̲1̲9̲1̲,̲ ̲w̲_̲1̲8̲9̲,̲ ̲w̲_̲1̲8̲5̲,̲ ̲w̲_̲1̲7̲7̲,̲ ̲w̲_̲1̲6̲1̲,̲ ̲w̲_̲1̲2̲9̲]̲

Note: This linter can be disabled with `set_option linter.unusedSimpArgs false`
/home/dombarker/project-offloads/aspis-r57-lean-src-20260929-a/AspisV8R19/R748JointWitnessPointEntry.lean:213:38: warning: This simp argument is unused:
  w_194

Hint: Omit it from the simp argument list.
  simp [̵w̵_̵1̵9̵0̵,̵w̵_̵1̵8̵6̵,̵w̵_̵1̵7̵8̵,̵w̵_̵1̵6̵2̵,̵w̵_̵1̵3̵0̵,̵w̵_̵1̵9̵4̵,̵w̵_̵1̵9̵1̵,̵w̵_̵1̵8̵9̵,̵w̵_̵1̵8̵5̵,̵w̵_̵1̵7̵7̵,̵w̵_̵1̵6̵1̵,̵w̵_̵1̵2̵9̵]̵[̲w̲_̲1̲9̲0̲,̲ ̲w̲_̲1̲8̲6̲,̲ ̲w̲_̲1̲7̲8̲,̲ ̲w̲_̲1̲6̲2̲,̲ ̲w̲_̲1̲3̲0̲,̲ ̲w̲_̲1̲9̲1̲,̲ ̲w̲_̲1̲8̲9̲,̲ ̲w̲_̲1̲8̲5̲,̲ ̲w̲_̲1̲7̲7̲,̲ ̲w̲_̲1̲6̲1̲,̲ ̲w̲_̲1̲2̲9̲]̲

Note: This linter can be disabled with `set_option linter.unusedSimpArgs false`
/home/dombarker/project-offloads/aspis-r57-lean-src-20260929-a/AspisV8R19/R748JointWitnessPointEntry.lean:213:44: warning: This simp argument is unused:
  w_191

Hint: Omit it from the simp argument list.
  simp [̵w̵_̵1̵9̵0̵,̵w̵_̵1̵8̵6̵,̵w̵_̵1̵7̵8̵,̵w̵_̵1̵6̵2̵,̵w̵_̵1̵3̵0̵,̵w̵_̵1̵9̵4̵,̵w̵_̵1̵9̵1̵,̵w̵_̵1̵8̵9̵,̵w̵_̵1̵8̵5̵,̵w̵_̵1̵7̵7̵,̵w̵_̵1̵6̵1̵,̵w̵_̵1̵2̵9̵]̵[̲w̲_̲1̲9̲0̲,̲ ̲w̲_̲1̲8̲6̲,̲ ̲w̲_̲1̲7̲8̲,̲ ̲w̲_̲1̲6̲2̲,̲ ̲w̲_̲1̲3̲0̲,̲ ̲w̲_̲1̲9̲4̲,̲ ̲w̲_̲1̲8̲9̲,̲ ̲w̲_̲1̲8̲5̲,̲ ̲w̲_̲1̲7̲7̲,̲ ̲w̲_̲1̲6̲1̲,̲ ̲w̲_̲1̲2̲9̲]̲

Note: This linter can be disabled with `set_option linter.unusedSimpArgs false`
/home/dombarker/project-offloads/aspis-r57-lean-src-20260929-a/AspisV8R19/R748JointWitnessPointEntry.lean:213:50: warning: This simp argument is unused:
  w_189

Hint: Omit it from the simp argument list.
  simp [̵w̵_̵1̵9̵0̵,̵w̵_̵1̵8̵6̵,̵w̵_̵1̵7̵8̵,̵w̵_̵1̵6̵2̵,̵w̵_̵1̵3̵0̵,̵w̵_̵1̵9̵4̵,̵w̵_̵1̵9̵1̵,̵w̵_̵1̵8̵9̵,̵w̵_̵1̵8̵5̵,̵w̵_̵1̵7̵7̵,̵w̵_̵1̵6̵1̵,̵w̵_̵1̵2̵9̵]̵[̲w̲_̲1̲9̲0̲,̲ ̲w̲_̲1̲8̲6̲,̲ ̲w̲_̲1̲7̲8̲,̲ ̲w̲_̲1̲6̲2̲,̲ ̲w̲_̲1̲3̲0̲,̲ ̲w̲_̲1̲9̲4̲,̲ ̲w̲_̲1̲9̲1̲,̲ ̲w̲_̲1̲8̲5̲,̲ ̲w̲_̲1̲7̲7̲,̲ ̲w̲_̲1̲6̲1̲,̲ ̲w̲_̲1̲2̲9̲]̲

Note: This linter can be disabled with `set_option linter.unusedSimpArgs false`
/home/dombarker/project-offloads/aspis-r57-lean-src-20260929-a/AspisV8R19/R748JointWitnessPointEntry.lean:213:56: warning: This simp argument is unused:
  w_185

Hint: Omit it from the simp argument list.
  simp [̵w̵_̵1̵9̵0̵,̵w̵_̵1̵8̵6̵,̵w̵_̵1̵7̵8̵,̵w̵_̵1̵6̵2̵,̵w̵_̵1̵3̵0̵,̵w̵_̵1̵9̵4̵,̵w̵_̵1̵9̵1̵,̵w̵_̵1̵8̵9̵,̵w̵_̵1̵8̵5̵,̵w̵_̵1̵7̵7̵,̵w̵_̵1̵6̵1̵,̵w̵_̵1̵2̵9̵]̵[̲w̲_̲1̲9̲0̲,̲ ̲w̲_̲1̲8̲6̲,̲ ̲w̲_̲1̲7̲8̲,̲ ̲w̲_̲1̲6̲2̲,̲ ̲w̲_̲1̲3̲0̲,̲ ̲w̲_̲1̲9̲4̲,̲ ̲w̲_̲1̲9̲1̲,̲ ̲w̲_̲1̲8̲9̲,̲ ̲w̲_̲1̲7̲7̲,̲ ̲w̲_̲1̲6̲1̲,̲ ̲w̲_̲1̲2̲9̲]̲

Note: This linter can be disabled with `set_option linter.unusedSimpArgs false`
/home/dombarker/project-offloads/aspis-r57-lean-src-20260929-a/AspisV8R19/R748JointWitnessPointEntry.lean:213:62: warning: This simp argument is unused:
  w_177

Hint: Omit it from the simp argument list.
  simp [̵w̵_̵1̵9̵0̵,̵w̵_̵1̵8̵6̵,̵w̵_̵1̵7̵8̵,̵w̵_̵1̵6̵2̵,̵w̵_̵1̵3̵0̵,̵w̵_̵1̵9̵4̵,̵w̵_̵1̵9̵1̵,̵w̵_̵1̵8̵9̵,̵w̵_̵1̵8̵5̵,̵w̵_̵1̵7̵7̵,̵w̵_̵1̵6̵1̵,̵w̵_̵1̵2̵9̵]̵[̲w̲_̲1̲9̲0̲,̲ ̲w̲_̲1̲8̲6̲,̲ ̲w̲_̲1̲7̲8̲,̲ ̲w̲_̲1̲6̲2̲,̲ ̲w̲_̲1̲3̲0̲,̲ ̲w̲_̲1̲9̲4̲,̲ ̲w̲_̲1̲9̲1̲,̲ ̲w̲_̲1̲8̲9̲,̲ ̲w̲_̲1̲8̲5̲,̲ ̲w̲_̲1̲6̲1̲,̲ ̲w̲_̲1̲2̲9̲]̲

Note: This linter can be disabled with `set_option linter.unusedSimpArgs false`
/home/dombarker/project-offloads/aspis-r57-lean-src-20260929-a/AspisV8R19/R748JointWitnessPointEntry.lean:213:68: warning: This simp argument is unused:
  w_161

Hint: Omit it from the simp argument list.
  simp [̵w̵_̵1̵9̵0̵,̵w̵_̵1̵8̵6̵,̵w̵_̵1̵7̵8̵,̵w̵_̵1̵6̵2̵,̵w̵_̵1̵3̵0̵,̵w̵_̵1̵9̵4̵,̵w̵_̵1̵9̵1̵,̵w̵_̵1̵8̵9̵,̵w̵_̵1̵8̵5̵,̵w̵_̵1̵7̵7̵,̵w̵_̵1̵6̵1̵,̵w̵_̵1̵2̵9̵]̵[̲w̲_̲1̲9̲0̲,̲ ̲w̲_̲1̲8̲6̲,̲ ̲w̲_̲1̲7̲8̲,̲ ̲w̲_̲1̲6̲2̲,̲ ̲w̲_̲1̲3̲0̲,̲ ̲w̲_̲1̲9̲4̲,̲ ̲w̲_̲1̲9̲1̲,̲ ̲w̲_̲1̲8̲9̲,̲ ̲w̲_̲1̲8̲5̲,̲ ̲w̲_̲1̲7̲7̲,̲ ̲w̲_̲1̲2̲9̲]̲

Note: This linter can be disabled with `set_option linter.unusedSimpArgs false`
/home/dombarker/project-offloads/aspis-r57-lean-src-20260929-a/AspisV8R19/R748JointWitnessPointEntry.lean:213:74: warning: This simp argument is unused:
  w_129

Hint: Omit it from the simp argument list.
  simp [̵w̵_̵1̵9̵0̵,̵w̵_̵1̵8̵6̵,̵w̵_̵1̵7̵8̵,̵w̵_̵1̵6̵2̵,̵w̵_̵1̵3̵0̵,̵w̵_̵1̵9̵4̵,̵w̵_̵1̵9̵1̵,̵w̵_̵1̵8̵9̵,̵w̵_̵1̵8̵5̵,̵w̵_̵1̵7̵7̵,̵w̵_̵1̵6̵1̵,̵w̵_̵1̵2̵9̵]̵[̲w̲_̲1̲9̲0̲,̲ ̲w̲_̲1̲8̲6̲,̲ ̲w̲_̲1̲7̲8̲,̲ ̲w̲_̲1̲6̲2̲,̲ ̲w̲_̲1̲3̲0̲,̲ ̲w̲_̲1̲9̲4̲,̲ ̲w̲_̲1̲9̲1̲,̲ ̲w̲_̲1̲8̲9̲,̲ ̲w̲_̲1̲8̲5̲,̲ ̲w̲_̲1̲7̲7̲,̲ ̲w̲_̲1̲6̲1̲]̲

Note: This linter can be disabled with `set_option linter.unusedSimpArgs false`
'AspisV8R19.R748JointWitnessPointEntry.pw191' depends on axioms: [propext, sorryAx, Classical.choice, Quot.sound]
Command exited with non-zero status 1
	Command being timed: "/home/dombarker/.elan/bin/lake --dir /home/dombarker/project-offloads/aspis-r126-release-20260930-a/focus-workspace env lean -j1 -M4500 -R /home/dombarker/project-offloads/aspis-r57-lean-src-20260929-a -o /home/dombarker/project-offloads/aspis-r126-release-20260930-a/lib/AspisV8R19/R748JointWitnessPointEntry.olean /home/dombarker/project-offloads/aspis-r57-lean-src-20260929-a/AspisV8R19/R748JointWitnessPointEntry.lean"
	User time (seconds): 13.57
	System time (seconds): 0.46
	Percent of CPU this job got: 100%
	Elapsed (wall clock) time (h:mm:ss or m:ss): 0:14.02
	Average shared text size (kbytes): 0
	Average unshared data size (kbytes): 0
	Average stack size (kbytes): 0
	Average total size (kbytes): 0
	Maximum resident set size (kbytes): 3542628
	Average resident set size (kbytes): 0
	Major (requiring I/O) page faults: 0
	Minor (reclaiming a frame) page faults: 120858
	Voluntary context switches: 2016
	Involuntary context switches: 174
	Swaps: 0
	File system inputs: 0
	File system outputs: 0
	Socket messages sent: 0
	Socket messages received: 0
	Signals delivered: 0
	Page size (bytes): 4096
	Exit status: 1
Finished with result: exit-code
Main processes terminated with: code=exited/status=1
Service runtime: 14.052s
CPU time consumed: 14.068s
Memory peak: 512.0K
Memory swap peak: 0B
