Warning: Permanently added '100.108.41.90' (ED25519) to the list of known hosts.
Running as unit: aspis-focus-1791145019543898000.service; invocation ID: f63f32d7f1b84896826e970a5ee4fbd4
'AspisV8R19.R748SchedulePrototype.loop255' depends on axioms: [propext]
'AspisV8R19.R748SchedulePrototype.gather255' depends on axioms: [propext]
'AspisV8R19.R748SchedulePrototype.loop254' depends on axioms: [propext]
/home/dombarker/project-offloads/aspis-r57-lean-src-20260929-a/AspisV8R19/R748SchedulePrototype.lean:28:2: error: No goals to be solved
'AspisV8R19.R748SchedulePrototype.gather254' depends on axioms: [propext]
'AspisV8R19.R748SchedulePrototype.loop252' depends on axioms: [propext]
/home/dombarker/project-offloads/aspis-r57-lean-src-20260929-a/AspisV8R19/R748SchedulePrototype.lean:36:2: error: No goals to be solved
'AspisV8R19.R748SchedulePrototype.gather252' depends on axioms: [propext]
'AspisV8R19.R748SchedulePrototype.loop248' depends on axioms: [propext]
/home/dombarker/project-offloads/aspis-r57-lean-src-20260929-a/AspisV8R19/R748SchedulePrototype.lean:44:2: error: No goals to be solved
'AspisV8R19.R748SchedulePrototype.gather248' depends on axioms: [propext]
'AspisV8R19.R748SchedulePrototype.loop240' depends on axioms: [propext]
/home/dombarker/project-offloads/aspis-r57-lean-src-20260929-a/AspisV8R19/R748SchedulePrototype.lean:52:2: error: No goals to be solved
'AspisV8R19.R748SchedulePrototype.gather240' depends on axioms: [propext]
'AspisV8R19.R748SchedulePrototype.loop224' depends on axioms: [propext]
/home/dombarker/project-offloads/aspis-r57-lean-src-20260929-a/AspisV8R19/R748SchedulePrototype.lean:60:2: error: No goals to be solved
'AspisV8R19.R748SchedulePrototype.gather224' depends on axioms: [propext]
'AspisV8R19.R748SchedulePrototype.loop192' depends on axioms: [propext]
/home/dombarker/project-offloads/aspis-r57-lean-src-20260929-a/AspisV8R19/R748SchedulePrototype.lean:68:2: error: No goals to be solved
'AspisV8R19.R748SchedulePrototype.gather192' depends on axioms: [propext]
'AspisV8R19.R748SchedulePrototype.loop128' depends on axioms: [propext]
/home/dombarker/project-offloads/aspis-r57-lean-src-20260929-a/AspisV8R19/R748SchedulePrototype.lean:76:2: error: No goals to be solved
'AspisV8R19.R748SchedulePrototype.gather128' depends on axioms: [propext]
'AspisV8R19.R748SchedulePrototype.loop256' depends on axioms: [propext]
/home/dombarker/project-offloads/aspis-r57-lean-src-20260929-a/AspisV8R19/R748SchedulePrototype.lean:84:2: error: No goals to be solved
'AspisV8R19.R748SchedulePrototype.gather256' depends on axioms: [propext]
/home/dombarker/project-offloads/aspis-r57-lean-src-20260929-a/AspisV8R19/R748SchedulePrototype.lean:91:2: error: No goals to be solved
'AspisV8R19.R748SchedulePrototype.gatherGather255' depends on axioms: [propext]
Command exited with non-zero status 1
	Command being timed: "/home/dombarker/.elan/bin/lake --dir /home/dombarker/project-offloads/aspis-r126-release-20260930-a/focus-workspace env lean -j1 -M4500 -R /home/dombarker/project-offloads/aspis-r57-lean-src-20260929-a -o /home/dombarker/project-offloads/aspis-r126-release-20260930-a/lib/AspisV8R19/R748SchedulePrototype.olean /home/dombarker/project-offloads/aspis-r57-lean-src-20260929-a/AspisV8R19/R748SchedulePrototype.lean"
	User time (seconds): 1.14
	System time (seconds): 0.37
	Percent of CPU this job got: 100%
	Elapsed (wall clock) time (h:mm:ss or m:ss): 0:01.51
	Average shared text size (kbytes): 0
	Average unshared data size (kbytes): 0
	Average stack size (kbytes): 0
	Average total size (kbytes): 0
	Maximum resident set size (kbytes): 3289828
	Average resident set size (kbytes): 0
	Major (requiring I/O) page faults: 0
	Minor (reclaiming a frame) page faults: 78449
	Voluntary context switches: 1058
	Involuntary context switches: 57
	Swaps: 0
	File system inputs: 0
	File system outputs: 0
	Socket messages sent: 0
	Socket messages received: 0
	Signals delivered: 0
	Page size (bytes): 4096
	Exit status: 1
Finished with result: exit-code
Main processes terminated with: code=exited/status=1
Service runtime: 1.542s
CPU time consumed: 1.547s
Memory peak: 328.0K
Memory swap peak: 0B
