[[92mInfo[39m ] Imported: /home/dombarker/project-offloads/aspis-v7-aeneas-source-unblock-20260830/extraction/V7Tag73CurrentGammaOpaque.llbc
[[91mError[39m] Internal error, please file an issue
Source: 'crates/aspis-core/src/field.rs', lines 1981:20-1989:21
Compiler source: interp/InterpMatchCtxs.ml, line 1443

Uncaught exception:
  
  (Failure
    "Internal error, please file an issue\
   \nSource: 'crates/aspis-core/src/field.rs', lines 1981:20-1989:21\
   \nCompiler source: interp/InterpMatchCtxs.ml, line 1443")

Raised at Aeneas__Errors.craise_opt_span in file "Errors.ml", line 120, characters 4-23
Called from Aeneas__Errors.cassert_recover in file "Errors.ml" (inlined), line 172, characters 2-62
Called from Aeneas__Errors.sanity_check_recover in file "Errors.ml" (inlined), lines 178-179, characters 2-42
Called from Aeneas__InterpMatchCtxs.MakeJoinMatcher.match_symbolic_values in file "interp/InterpMatchCtxs.ml", line 1443, characters 6-56
Called from Aeneas__InterpMatchCtxs.MakeMatcher.match_tvalues in file "interp/InterpMatchCtxs.ml", line 511, characters 17-68
Called from Aeneas__InterpMatchCtxs.MakeMatcher.match_tvalues in file "interp/InterpMatchCtxs.ml" (inlined), line 433, characters 20-43
Called from Aeneas__InterpMatchCtxs.MakeMatcher.match_tvalues in file "interp/InterpMatchCtxs.ml", line 483, characters 21-38
Called from Aeneas__InterpJoin.join_ctxs.join_prefixes in file "interp/InterpJoin.ml", line 753, characters 16-47
Called from Aeneas__InterpJoin.join_ctxs.join_prefixes in file "interp/InterpJoin.ml", line 756, characters 15-40
Called from Aeneas__InterpJoin.join_ctxs.join_prefixes in file "interp/InterpJoin.ml", line 756, characters 15-40
Called from Aeneas__InterpJoin.join_ctxs.join_prefixes in file "interp/InterpJoin.ml", line 780, characters 15-40
Called from Aeneas__InterpJoin.join_ctxs in file "interp/InterpJoin.ml", line 805, characters 17-40
Called from Aeneas__InterpJoin.match_ctx_with_target in file "interp/InterpJoin.ml", lines 1499-1500, characters 6-15
Called from Aeneas__InterpLoops.eval_loop_symbolic_apply_loop in file "interp/InterpLoops.ml", lines 117-118, characters 6-69
Called from Aeneas__InterpLoops.eval_loop_symbolic.(fun) in file "interp/InterpLoops.ml", lines 457-458, characters 4-41
Called from Aeneas__InterpLoops.eval_loop.(fun) in file "interp/InterpLoops.ml", line 575, characters 16-67
Called from Aeneas__InterpStatements.eval_statement.(fun) in file "interp/InterpStatements.ml", line 866, characters 10-44
Called from Aeneas__InterpStatements.eval_statement_list.(fun) in file "interp/InterpStatements.ml", line 875, characters 29-57
Called from Stdlib__List.map in file "list.ml", line 83, characters 15-19
Called from Aeneas__InterpStatements.eval_statement_list.(fun) in file "interp/InterpStatements.ml", lines 880-888, characters 8-18
Called from Stdlib__List.map in file "list.ml", line 83, characters 15-19
Called from Aeneas__InterpStatements.eval_statement_list.(fun) in file "interp/InterpStatements.ml", lines 880-888, characters 8-18
Called from Stdlib__List.map in file "list.ml", line 83, characters 15-19
Called from Aeneas__InterpStatements.eval_statement_list.(fun) in file "interp/InterpStatements.ml", lines 880-888, characters 8-18
Called from Stdlib__List.map in file "list.ml", line 83, characters 15-19
Called from Aeneas__InterpStatements.eval_statement_list.(fun) in file "interp/InterpStatements.ml", lines 880-888, characters 8-18
Called from Stdlib__List.map in file "list.ml", line 83, characters 15-19
Called from Aeneas__InterpStatements.eval_statement_list.(fun) in file "interp/InterpStatements.ml", lines 880-888, characters 8-18
Called from Stdlib__List.map in file "list.ml", line 83, characters 15-19
Called from Aeneas__InterpStatements.eval_statement_list.(fun) in file "interp/InterpStatements.ml", lines 880-888, characters 8-18
Called from Stdlib__List.map in file "list.ml", line 83, characters 15-19
Called from Aeneas__InterpStatements.eval_statement_list.(fun) in file "interp/InterpStatements.ml", lines 880-888, characters 8-18
Called from Stdlib__List.map in file "list.ml", line 83, characters 15-19
Called from Aeneas__InterpStatements.eval_statement_list.(fun) in file "interp/InterpStatements.ml", lines 880-888, characters 8-18
Called from Stdlib__List.map in file "list.ml", line 83, characters 15-19
Called from Aeneas__InterpStatements.eval_statement_list.(fun) in file "interp/InterpStatements.ml", lines 880-888, characters 8-18
Called from Stdlib__List.map in file "list.ml", line 83, characters 15-19
Called from Aeneas__InterpStatements.eval_statement_list.(fun) in file "interp/InterpStatements.ml", lines 880-888, characters 8-18
Called from Stdlib__List.map in file "list.ml", line 83, characters 15-19
Called from Aeneas__InterpStatements.eval_statement_list.(fun) in file "interp/InterpStatements.ml", lines 880-888, characters 8-18
Called from Stdlib__List.map in file "list.ml", line 83, characters 15-19
Called from Aeneas__InterpStatements.eval_statement_list.(fun) in file "interp/InterpStatements.ml", lines 880-888, characters 8-18
Called from Stdlib__List.map in file "list.ml", line 83, characters 15-19
Called from Aeneas__InterpStatements.eval_statement_list.(fun) in file "interp/InterpStatements.ml", lines 880-888, characters 8-18
Called from Stdlib__List.map in file "list.ml", line 83, characters 15-19
Called from Aeneas__InterpStatements.eval_statement_list.(fun) in file "interp/InterpStatements.ml", lines 880-888, characters 8-18
Called from Stdlib__List.map in file "list.ml", line 83, characters 15-19
Called from Aeneas__InterpStatements.eval_statement_list.(fun) in file "interp/InterpStatements.ml", lines 880-888, characters 8-18
Called from Stdlib__List.map in file "list.ml", line 83, characters 15-19
Called from Aeneas__InterpStatements.eval_statement_list.(fun) in file "interp/InterpStatements.ml", lines 880-888, characters 8-18
Called from Stdlib__List.map in file "list.ml", line 83, characters 15-19
Called from Aeneas__InterpStatements.eval_statement_list.(fun) in file "interp/InterpStatements.ml", lines 880-888, characters 8-18
Called from Stdlib__List.map in file "list.ml", line 83, characters 15-19
Called from Aeneas__InterpStatements.eval_statement_list.(fun) in file "interp/InterpStatements.ml", lines 880-888, characters 8-18
Called from Stdlib__List.map in file "list.ml", line 83, characters 15-19
Called from Aeneas__InterpStatements.eval_statement_list.(fun) in file "interp/InterpStatements.ml", lines 880-888, characters 8-18
Called from Stdlib__List.map in file "list.ml", line 83, characters 15-19
Called from Aeneas__InterpStatements.eval_statement_list.(fun) in file "interp/InterpStatements.ml", lines 880-888, characters 8-18
Called from Stdlib__List.map in file "list.ml", line 83, characters 15-19
Called from Aeneas__InterpStatements.eval_statement_list.(fun) in file "interp/InterpStatements.ml", lines 880-888, characters 8-18
Called from Stdlib__List.map in file "list.ml", line 83, characters 15-19
Called from Aeneas__InterpStatements.eval_statement_list.(fun) in file "interp/InterpStatements.ml", lines 880-888, characters 8-18
Called from Stdlib__List.map in file "list.ml", line 83, characters 15-19
Called from Aeneas__InterpStatements.eval_statement_list.(fun) in file "interp/InterpStatements.ml", lines 880-888, characters 8-18
Called from Stdlib__List.map in file "list.ml", line 83, characters 15-19
Called from Aeneas__InterpStatements.eval_statement_list.(fun) in file "interp/InterpStatements.ml", lines 880-888, characters 8-18
Called from Stdlib__List.map in file "list.ml", line 83, characters 15-19
Called from Aeneas__InterpStatements.eval_statement_list.(fun) in file "interp/InterpStatements.ml", lines 880-888, characters 8-18
Called from Stdlib__List.map in file "list.ml", line 83, characters 15-19
Called from Aeneas__InterpStatements.eval_statement_list.(fun) in file "interp/InterpStatements.ml", lines 880-888, characters 8-18
Called from Stdlib__List.map in file "list.ml", line 83, characters 15-19
Called from Aeneas__InterpStatements.eval_statement_list.(fun) in file "interp/InterpStatements.ml", lines 880-888, characters 8-18
Called from Stdlib__List.map in file "list.ml", line 83, characters 15-19
Called from Aeneas__InterpStatements.eval_statement_list.(fun) in file "interp/InterpStatements.ml", lines 880-888, characters 8-18
Called from Stdlib__List.map in file "list.ml", line 83, characters 15-19
Called from Aeneas__InterpStatements.eval_statement_list.(fun) in file "interp/InterpStatements.ml", lines 880-888, characters 8-18
Called from Stdlib__List.map in file "list.ml", line 83, characters 15-19
Called from Aeneas__InterpStatements.eval_statement_list.(fun) in file "interp/InterpStatements.ml", lines 880-888, characters 8-18
Called from Stdlib__List.map in file "list.ml", line 83, characters 15-19
Called from Aeneas__InterpStatements.eval_statement_list.(fun) in file "interp/InterpStatements.ml", lines 880-888, characters 8-18
Called from Stdlib__List.map in file "list.ml", line 83, characters 15-19
Called from Aeneas__InterpStatements.eval_statement_list.(fun) in file "interp/InterpStatements.ml", lines 880-888, characters 8-18
Called from Stdlib__List.map in file "list.ml", line 83, characters 15-19
Called from Aeneas__InterpStatements.eval_statement_list.(fun) in file "interp/InterpStatements.ml", lines 880-888, characters 8-18
Called from Stdlib__List.map in file "list.ml", line 83, characters 15-19
Called from Aeneas__InterpStatements.eval_statement_list.(fun) in file "interp/InterpStatements.ml", lines 880-888, characters 8-18
Called from Stdlib__List.map in file "list.ml", line 83, characters 15-19
Called from Aeneas__InterpStatements.eval_statement_list.(fun) in file "interp/InterpStatements.ml", lines 880-888, characters 8-18
Called from Stdlib__List.map in file "list.ml", line 83, characters 15-19
Called from Aeneas__InterpStatements.eval_statement_list.(fun) in file "interp/InterpStatements.ml", lines 880-888, characters 8-18
Called from Stdlib__List.map in file "list.ml", line 83, characters 15-19
Called from Aeneas__InterpStatements.eval_statement_list.(fun) in file "interp/InterpStatements.ml", lines 880-888, characters 8-18
Called from Stdlib__List.map in file "list.ml", line 83, characters 15-19
Called from Aeneas__InterpStatements.eval_statement_list.(fun) in file "interp/InterpStatements.ml", lines 880-888, characters 8-18
Called from Stdlib__List.map in file "list.ml", line 83, characters 15-19
Called from Aeneas__InterpStatements.eval_statement_list.(fun) in file "interp/InterpStatements.ml", lines 880-888, characters 8-18
Called from Stdlib__List.map in file "list.ml", line 83, characters 15-19
Called from Aeneas__InterpStatements.eval_statement_list.(fun) in file "interp/InterpStatements.ml", lines 880-888, characters 8-18
Called from Stdlib__List.map in file "list.ml", line 83, characters 15-19
Called from Aeneas__InterpStatements.eval_statement_list.(fun) in file "interp/InterpStatements.ml", lines 880-888, characters 8-18
Called from Stdlib__List.map in file "list.ml", line 83, characters 15-19
Called from Aeneas__InterpStatements.eval_statement_list.(fun) in file "interp/InterpStatements.ml", lines 880-888, characters 8-18
Called from Stdlib__List.map in file "list.ml", line 83, characters 15-19
Called from Aeneas__InterpStatements.eval_statement_list.(fun) in file "interp/InterpStatements.ml", lines 880-888, characters 8-18
Called from Stdlib__List.map in file "list.ml", line 83, characters 15-19
Called from Aeneas__InterpStatements.eval_statement_list.(fun) in file "interp/InterpStatements.ml", lines 880-888, characters 8-18
Called from Stdlib__List.map in file "list.ml", line 83, characters 15-19
Called from Aeneas__InterpStatements.eval_statement_list.(fun) in file "interp/InterpStatements.ml", lines 880-888, characters 8-18
Called from Stdlib__List.map in file "list.ml", line 83, characters 15-19
Called from Aeneas__InterpStatements.eval_statement_list.(fun) in file "interp/InterpStatements.ml", lines 880-888, characters 8-18
Called from Stdlib__List.map in file "list.ml", line 83, characters 15-19
Called from Aeneas__InterpStatements.eval_statement_list.(fun) in file "interp/InterpStatements.ml", lines 880-888, characters 8-18
Called from Stdlib__List.map in file "list.ml", line 83, characters 15-19
Called from Aeneas__InterpStatements.eval_statement_list.(fun) in file "interp/InterpStatements.ml", lines 880-888, characters 8-18
Called from Stdlib__List.map in file "list.ml", line 83, characters 15-19
Called from Aeneas__InterpStatements.eval_statement_list.(fun) in file "interp/InterpStatements.ml", lines 880-888, characters 8-18
Called from Stdlib__List.map in file "list.ml", line 83, characters 15-19
Called from Aeneas__InterpStatements.eval_statement_list.(fun) in file "interp/InterpStatements.ml", lines 880-888, characters 8-18
Called from Stdlib__List.map in file "list.ml", line 83, characters 15-19
Called from Aeneas__InterpStatements.eval_statement_list.(fun) in file "interp/InterpStatements.ml", lines 880-888, characters 8-18
Called from Stdlib__List.map in file "list.ml", line 83, characters 15-19
Called from Aeneas__InterpStatements.eval_statement_list.(fun) in file "interp/InterpStatements.ml", lines 880-888, characters 8-18
Called from Stdlib__List.map in file "list.ml", line 83, characters 15-19
Called from Aeneas__InterpStatements.eval_statement_list.(fun) in file "interp/InterpStatements.ml", lines 880-888, characters 8-18
Called from Stdlib__List.map in file "list.ml", line 83, characters 15-19
Called from Aeneas__InterpStatements.eval_statement_list.(fun) in file "interp/InterpStatements.ml", lines 880-888, characters 8-18
Called from Stdlib__List.map in file "list.ml", line 83, characters 15-19
Called from Aeneas__InterpStatements.eval_statement_list.(fun) in file "interp/InterpStatements.ml", lines 880-888, characters 8-18
Called from Stdlib__List.map in file "list.ml", line 83, characters 15-19
Called from Aeneas__InterpStatements.eval_statement_list.(fun) in file "interp/InterpStatements.ml", lines 880-888, characters 8-18
Called from Stdlib__List.map in file "list.ml", line 83, characters 15-19
Called from Aeneas__InterpStatements.eval_statement_list.(fun) in file "interp/InterpStatements.ml", lines 880-888, characters 8-18
Called from Stdlib__List.map in file "list.ml", line 83, characters 15-19
Called from Aeneas__InterpStatements.eval_statement_list.(fun) in file "interp/InterpStatements.ml", lines 880-888, characters 8-18
Called from Stdlib__List.map in file "list.ml", line 83, characters 15-19
Called from Aeneas__InterpStatements.eval_statement_list.(fun) in file "interp/InterpStatements.ml", lines 880-888, characters 8-18
Called from Stdlib__List.map in file "list.ml", line 83, characters 15-19
Called from Aeneas__InterpStatements.eval_statement_list.(fun) in file "interp/InterpStatements.ml", lines 880-888, characters 8-18
Called from Stdlib__List.map in file "list.ml", line 87, characters 15-19
Called from Aeneas__InterpStatements.eval_statement_list.(fun) in file "interp/InterpStatements.ml", lines 880-888, characters 8-18
Called from Stdlib__List.map in file "list.ml", line 83, characters 15-19
Called from Aeneas__InterpStatements.eval_statement_list.(fun) in file "interp/InterpStatements.ml", lines 880-888, characters 8-18
Called from Stdlib__List.map in file "list.ml", line 83, characters 15-19
Called from Aeneas__InterpStatements.eval_statement_list.(fun) in file "interp/InterpStatements.ml", lines 880-888, characters 8-18
Called from Stdlib__List.map in file "list.ml", line 83, characters 15-19
Called from Aeneas__InterpStatements.eval_statement_list.(fun) in file "interp/InterpStatements.ml", lines 880-888, characters 8-18
Called from Stdlib__List.map in file "list.ml", line 83, characters 15-19
Called from Aeneas__InterpStatements.eval_statement_list.(fun) in file "interp/InterpStatements.ml", lines 880-888, characters 8-18
Called from Aeneas__InterpLoopsFixedPoint.compute_loop_entry_fixed_point.compute_fixed_point in file "interp/InterpLoopsFixedPoint.ml", line 171, characters 24-42
Called from Aeneas__InterpLoopsFixedPoint.compute_loop_entry_fixed_point in file "interp/InterpLoopsFixedPoint.ml", line 236, characters 11-60
Called from Aeneas__InterpLoops.eval_loop_symbolic.(fun) in file "interp/InterpLoops.ml", line 364, characters 4-73
Called from Aeneas__InterpLoops.eval_loop.(fun) in file "interp/InterpLoops.ml", line 575, characters 16-67
Called from Aeneas__InterpStatements.eval_statement.(fun) in file "interp/InterpStatements.ml", line 866, characters 10-44
Called from Aeneas__InterpStatements.eval_statement_list.(fun) in file "interp/InterpStatements.ml", line 875, characters 29-57
Called from Stdlib__List.map in file "list.ml", line 83, characters 15-19
Called from Aeneas__InterpStatements.eval_statement_list.(fun) in file "interp/InterpStatements.ml", lines 880-888, characters 8-18
Called from Stdlib__List.map in file "list.ml", line 83, characters 15-19
Called from Aeneas__InterpStatements.eval_statement_list.(fun) in file "interp/InterpStatements.ml", lines 880-888, characters 8-18
Called from Stdlib__List.map in file "list.ml", line 83, characters 15-19
Called from Aeneas__InterpStatements.eval_statement_list.(fun) in file "interp/InterpStatements.ml", lines 880-888, characters 8-18
Called from Stdlib__List.map in file "list.ml", line 83, characters 15-19
Called from Aeneas__InterpStatements.eval_statement_list.(fun) in file "interp/InterpStatements.ml", lines 880-888, characters 8-18
Called from Stdlib__List.map in file "list.ml", line 83, characters 15-19
Called from Aeneas__InterpStatements.eval_statement_list.(fun) in file "interp/InterpStatements.ml", lines 880-888, characters 8-18
Called from Stdlib__List.map in file "list.ml", line 83, characters 15-19
Called from Aeneas__InterpStatements.eval_statement_list.(fun) in file "interp/InterpStatements.ml", lines 880-888, characters 8-18
Called from Stdlib__List.map in file "list.ml", line 83, characters 15-19
Called from Aeneas__InterpStatements.eval_statement_list.(fun) in file "interp/InterpStatements.ml", lines 880-888, characters 8-18
Called from Stdlib__List.map in file "list.ml", line 83, characters 15-19
Called from Aeneas__InterpStatements.eval_statement_list.(fun) in file "interp/InterpStatements.ml", lines 880-888, characters 8-18
Called from Stdlib__List.map in file "list.ml", line 83, characters 15-19
Called from Aeneas__InterpStatements.eval_statement_list.(fun) in file "interp/InterpStatements.ml", lines 880-888, characters 8-18
Called from Stdlib__List.map in file "list.ml", line 83, characters 15-19
Called from Aeneas__InterpStatements.eval_statement_list.(fun) in file "interp/InterpStatements.ml", lines 880-888, characters 8-18
Called from Stdlib__List.map in file "list.ml", line 83, characters 15-19
Called from Aeneas__InterpStatements.eval_statement_list.(fun) in file "interp/InterpStatements.ml", lines 880-888, characters 8-18
Called from Stdlib__List.map in file "list.ml", line 83, characters 15-19
Called from Aeneas__InterpStatements.eval_statement_list.(fun) in file "interp/InterpStatements.ml", lines 880-888, characters 8-18
Called from Stdlib__List.map in file "list.ml", line 83, characters 15-19
Called from Aeneas__InterpStatements.eval_statement_list.(fun) in file "interp/InterpStatements.ml", lines 880-888, characters 8-18
Called from Stdlib__List.map in file "list.ml", line 83, characters 15-19
Called from Aeneas__InterpStatements.eval_statement_list.(fun) in file "interp/InterpStatements.ml", lines 880-888, characters 8-18
Called from Stdlib__List.map in file "list.ml", line 83, characters 15-19
Called from Aeneas__InterpStatements.eval_statement_list.(fun) in file "interp/InterpStatements.ml", lines 880-888, characters 8-18
Called from Stdlib__List.map in file "list.ml", line 83, characters 15-19
Called from Aeneas__InterpStatements.eval_statement_list.(fun) in file "interp/InterpStatements.ml", lines 880-888, characters 8-18
Called from Stdlib__List.map in file "list.ml", line 83, characters 15-19
Called from Aeneas__InterpStatements.eval_statement_list.(fun) in file "interp/InterpStatements.ml", lines 880-888, characters 8-18
Called from Stdlib__List.map in file "list.ml", line 83, characters 15-19
Called from Aeneas__InterpStatements.eval_statement_list.(fun) in file "interp/InterpStatements.ml", lines 880-888, characters 8-18
Called from Stdlib__List.map in file "list.ml", line 83, characters 15-19
Called from Aeneas__InterpStatements.eval_statement_list.(fun) in file "interp/InterpStatements.ml", lines 880-888, characters 8-18
Called from Stdlib__List.map in file "list.ml", line 83, characters 15-19
Called from Aeneas__InterpStatements.eval_statement_list.(fun) in file "interp/InterpStatements.ml", lines 880-888, characters 8-18
Called from Stdlib__List.map in file "list.ml", line 83, characters 15-19
Called from Aeneas__InterpStatements.eval_statement_list.(fun) in file "interp/InterpStatements.ml", lines 880-888, characters 8-18
Called from Stdlib__List.map in file "list.ml", line 83, characters 15-19
Called from Aeneas__InterpStatements.eval_statement_list.(fun) in file "interp/InterpStatements.ml", lines 880-888, characters 8-18
Called from Stdlib__List.map in file "list.ml", line 83, characters 15-19
Called from Aeneas__InterpStatements.eval_statement_list.(fun) in file "interp/InterpStatements.ml", lines 880-888, characters 8-18
Called from Stdlib__List.map in file "list.ml", line 83, characters 15-19
Called from Aeneas__InterpStatements.eval_statement_list.(fun) in file "interp/InterpStatements.ml", lines 880-888, characters 8-18
Called from Stdlib__List.map in file "list.ml", line 83, characters 15-19
Called from Aeneas__InterpStatements.eval_statement_list.(fun) in file "interp/InterpStatements.ml", lines 880-888, characters 8-18
Called from Stdlib__List.map in file "list.ml", line 83, characters 15-19
Called from Aeneas__InterpStatements.eval_statement_list.(fun) in file "interp/InterpStatements.ml", lines 880-888, characters 8-18
Called from Stdlib__List.map in file "list.ml", line 83, characters 15-19
Called from Aeneas__InterpStatements.eval_statement_list.(fun) in file "interp/InterpStatements.ml", lines 880-888, characters 8-18
Called from Stdlib__List.map in file "list.ml", line 83, characters 15-19
Called from Aeneas__InterpStatements.eval_statement_list.(fun) in file "interp/InterpStatements.ml", lines 880-888, characters 8-18
Called from Stdlib__List.map in file "list.ml", line 83, characters 15-19
Called from Aeneas__InterpStatements.eval_statement_list.(fun) in file "interp/InterpStatements.ml", lines 880-888, characters 8-18
Called from Stdlib__List.map in file "list.ml", line 83, characters 15-19
Called from Aeneas__InterpStatements.eval_statement_list.(fun) in file "interp/InterpStatements.ml", lines 880-888, characters 8-18
Called from Stdlib__List.map in file "list.ml", line 83, characters 15-19
Called from Aeneas__InterpStatements.eval_statement_list.(fun) in file "interp/InterpStatements.ml", lines 880-888, characters 8-18
Called from Stdlib__List.map in file "list.ml", line 83, characters 15-19
Called from Aeneas__InterpStatements.eval_statement_list.(fun) in file "interp/InterpStatements.ml", lines 880-888, characters 8-18
Called from Stdlib__List.map in file "list.ml", line 83, characters 15-19
Called from Aeneas__InterpStatements.eval_statement_list.(fun) in file "interp/InterpStatements.ml", lines 880-888, characters 8-18
Called from Stdlib__List.map in file "list.ml", line 83, characters 15-19
Called from Aeneas__InterpStatements.eval_statement_list.(fun) in file "interp/InterpStatements.ml", lines 880-888, characters 8-18
Called from Stdlib__List.map in file "list.ml", line 83, characters 15-19
Called from Aeneas__InterpStatements.eval_statement_list.(fun) in file "interp/InterpStatements.ml", lines 880-888, characters 8-18
Called from Stdlib__List.map in file "list.ml", line 83, characters 15-19
Called from Aeneas__InterpStatements.eval_statement_list.(fun) in file "interp/InterpStatements.ml", lines 880-888, characters 8-18
Called from Stdlib__List.map in file "list.ml", line 83, characters 15-19
Called from Aeneas__InterpStatements.eval_statement_list.(fun) in file "interp/InterpStatements.ml", lines 880-888, characters 8-18
Called from Stdlib__List.map in file "list.ml", line 83, characters 15-19
Called from Aeneas__InterpStatements.eval_statement_list.(fun) in file "interp/InterpStatements.ml", lines 880-888, characters 8-18
Called from Stdlib__List.map in file "list.ml", line 83, characters 15-19
Called from Aeneas__InterpStatements.eval_statement_list.(fun) in file "interp/InterpStatements.ml", lines 880-888, characters 8-18
Called from Stdlib__List.map in file "list.ml", line 83, characters 15-19
Called from Aeneas__InterpStatements.eval_statement_list.(fun) in file "interp/InterpStatements.ml", lines 880-888, characters 8-18
Called from Stdlib__List.map in file "list.ml", line 83, characters 15-19
Called from Aeneas__InterpStatements.eval_statement_list.(fun) in file "interp/InterpStatements.ml", lines 880-888, characters 8-18
Called from Stdlib__List.map in file "list.ml", line 83, characters 15-19
Called from Aeneas__InterpStatements.eval_statement_list.(fun) in file "interp/InterpStatements.ml", lines 880-888, characters 8-18
Called from Stdlib__List.map in file "list.ml", line 83, characters 15-19
Called from Aeneas__InterpStatements.eval_statement_list.(fun) in file "interp/InterpStatements.ml", lines 880-888, characters 8-18
Called from Stdlib__List.map in file "list.ml", line 83, characters 15-19
Called from Aeneas__InterpStatements.eval_statement_list.(fun) in file "interp/InterpStatements.ml", lines 880-888, characters 8-18
Called from Stdlib__List.map in file "list.ml", line 83, characters 15-19
Called from Aeneas__InterpStatements.eval_statement_list.(fun) in file "interp/InterpStatements.ml", lines 880-888, characters 8-18
Called from Stdlib__List.map in file "list.ml", line 83, characters 15-19
Called from Aeneas__InterpStatements.eval_statement_list.(fun) in file "interp/InterpStatements.ml", lines 880-888, characters 8-18
Called from Stdlib__List.map in file "list.ml", line 83, characters 15-19
Called from Aeneas__InterpStatements.eval_statement_list.(fun) in file "interp/InterpStatements.ml", lines 880-888, characters 8-18
Called from Stdlib__List.map in file "list.ml", line 83, characters 15-19
Called from Aeneas__InterpStatements.eval_statement_list.(fun) in file "interp/InterpStatements.ml", lines 880-888, characters 8-18
Called from Stdlib__List.map in file "list.ml", line 83, characters 15-19
Called from Aeneas__InterpStatements.eval_statement_list.(fun) in file "interp/InterpStatements.ml", lines 880-888, characters 8-18
Called from Stdlib__List.map in file "list.ml", line 83, characters 15-19
Called from Aeneas__InterpStatements.eval_statement_list.(fun) in file "interp/InterpStatements.ml", lines 880-888, characters 8-18
Called from Stdlib__List.map in file "list.ml", line 83, characters 15-19
Called from Aeneas__InterpStatements.eval_statement_list.(fun) in file "interp/InterpStatements.ml", lines 880-888, characters 8-18
Called from Stdlib__List.map in file "list.ml", line 83, characters 15-19
Called from Aeneas__InterpStatements.eval_statement_list.(fun) in file "interp/InterpStatements.ml", lines 880-888, characters 8-18
Called from Stdlib__List.map in file "list.ml", line 87, characters 15-19
Called from Aeneas__InterpStatements.eval_statement_list.(fun) in file "interp/InterpStatements.ml", lines 880-888, characters 8-18
Called from Stdlib__List.map in file "list.ml", line 83, characters 15-19
Called from Aeneas__InterpStatements.eval_statement_list.(fun) in file "interp/InterpStatements.ml", lines 880-888, characters 8-18
Called from Stdlib__List.map in file "list.ml", line 83, characters 15-19
Called from Aeneas__InterpStatements.eval_statement_list.(fun) in file "interp/InterpStatements.ml", lines 880-888, characters 8-18
Called from Stdlib__List.map in file "list.ml", line 83, characters 15-19
Called from Aeneas__InterpStatements.eval_statement_list.(fun) in file "interp/InterpStatements.ml", lines 880-888, characters 8-18
Called from Stdlib__List.map in file "list.ml", line 83, characters 15-19
Called from Aeneas__InterpStatements.eval_statement_list.(fun) in file "interp/InterpStatements.ml", lines 880-888, characters 8-18
Called from Aeneas__InterpLoopsFixedPoint.compute_loop_entry_fixed_point.compute_fixed_point in file "interp/InterpLoopsFixedPoint.ml", line 171, characters 24-42
Called from Aeneas__InterpLoopsFixedPoint.compute_loop_entry_fixed_point in file "interp/InterpLoopsFixedPoint.ml", line 236, characters 11-60
Called from Aeneas__InterpLoops.eval_loop_symbolic.(fun) in file "interp/InterpLoops.ml", line 364, characters 4-73
Called from Aeneas__InterpLoops.eval_loop.(fun) in file "interp/InterpLoops.ml", line 575, characters 16-67
Called from Aeneas__InterpStatements.eval_statement.(fun) in file "interp/InterpStatements.ml", line 866, characters 10-44
Called from Aeneas__InterpStatements.eval_statement_list.(fun) in file "interp/InterpStatements.ml", line 875, characters 29-57
Called from Stdlib__List.map in file "list.ml", line 83, characters 15-19
Called from Aeneas__InterpStatements.eval_statement_list.(fun) in file "interp/InterpStatements.ml", lines 880-888, characters 8-18
Called from Stdlib__List.map in file "list.ml", line 83, characters 15-19
Called from Aeneas__InterpStatements.eval_statement_list.(fun) in file "interp/InterpStatements.ml", lines 880-888, characters 8-18
Called from Stdlib__List.map in file "list.ml", line 83, characters 15-19
Called from Aeneas__InterpStatements.eval_statement_list.(fun) in file "interp/InterpStatements.ml", lines 880-888, characters 8-18
Called from Stdlib__List.map in file "list.ml", line 83, characters 15-19
Called from Aeneas__InterpStatements.eval_statement_list.(fun) in file "interp/InterpStatements.ml", lines 880-888, characters 8-18
Called from Stdlib__List.map in file "list.ml", line 83, characters 15-19
Called from Aeneas__InterpStatements.eval_statement_list.(fun) in file "interp/InterpStatements.ml", lines 880-888, characters 8-18
Called from Stdlib__List.map in file "list.ml", line 83, characters 15-19
Called from Aeneas__InterpStatements.eval_statement_list.(fun) in file "interp/InterpStatements.ml", lines 880-888, characters 8-18
Called from Stdlib__List.map in file "list.ml", line 83, characters 15-19
Called from Aeneas__InterpStatements.eval_statement_list.(fun) in file "interp/InterpStatements.ml", lines 880-888, characters 8-18
Called from Stdlib__List.map in file "list.ml", line 83, characters 15-19
Called from Aeneas__InterpStatements.eval_statement_list.(fun) in file "interp/InterpStatements.ml", lines 880-888, characters 8-18
Called from Stdlib__List.map in file "list.ml", line 83, characters 15-19
Called from Aeneas__InterpStatements.eval_statement_list.(fun) in file "interp/InterpStatements.ml", lines 880-888, characters 8-18
Called from Stdlib__List.map in file "list.ml", line 83, characters 15-19
Called from Aeneas__InterpStatements.eval_statement_list.(fun) in file "interp/InterpStatements.ml", lines 880-888, characters 8-18
Called from Stdlib__List.map in file "list.ml", line 83, characters 15-19
Called from Aeneas__InterpStatements.eval_statement_list.(fun) in file "interp/InterpStatements.ml", lines 880-888, characters 8-18
Called from Stdlib__List.map in file "list.ml", line 83, characters 15-19
Called from Aeneas__InterpStatements.eval_statement_list.(fun) in file "interp/InterpStatements.ml", lines 880-888, characters 8-18
Called from Stdlib__List.map in file "list.ml", line 83, characters 15-19
Called from Aeneas__InterpStatements.eval_statement_list.(fun) in file "interp/InterpStatements.ml", lines 880-888, characters 8-18
Called from Stdlib__List.map in file "list.ml", line 83, characters 15-19
Called from Aeneas__InterpStatements.eval_statement_list.(fun) in file "interp/InterpStatements.ml", lines 880-888, characters 8-18
Called from Stdlib__List.map in file "list.ml", line 83, characters 15-19
Called from Aeneas__InterpStatements.eval_statement_list.(fun) in file "interp/InterpStatements.ml", lines 880-888, characters 8-18
Called from Stdlib__List.map in file "list.ml", line 83, characters 15-19
Called from Aeneas__InterpStatements.eval_statement_list.(fun) in file "interp/InterpStatements.ml", lines 880-888, characters 8-18
Called from Stdlib__List.map in file "list.ml", line 83, characters 15-19
Called from Aeneas__InterpStatements.eval_statement_list.(fun) in file "interp/InterpStatements.ml", lines 880-888, characters 8-18
Called from Stdlib__List.map in file "list.ml", line 83, characters 15-19
Called from Aeneas__InterpStatements.eval_statement_list.(fun) in file "interp/InterpStatements.ml", lines 880-888, characters 8-18
Called from Stdlib__List.map in file "list.ml", line 83, characters 15-19
Called from Aeneas__InterpStatements.eval_statement_list.(fun) in file "interp/InterpStatements.ml", lines 880-888, characters 8-18
Called from Stdlib__List.map in file "list.ml", line 83, characters 15-19
Called from Aeneas__InterpStatements.eval_statement_list.(fun) in file "interp/InterpStatements.ml", lines 880-888, characters 8-18
Called from Stdlib__List.map in file "list.ml", line 83, characters 15-19
Called from Aeneas__InterpStatements.eval_statement_list.(fun) in file "interp/InterpStatements.ml", lines 880-888, characters 8-18
Called from Stdlib__List.map in file "list.ml", line 87, characters 15-19
Called from Aeneas__InterpStatements.eval_statement_list.(fun) in file "interp/InterpStatements.ml", lines 880-888, characters 8-18
Called from Stdlib__List.map in file "list.ml", line 83, characters 15-19
Called from Aeneas__InterpStatements.eval_statement_list.(fun) in file "interp/InterpStatements.ml", lines 880-888, characters 8-18
Called from Stdlib__List.map in file "list.ml", line 83, characters 15-19
Called from Aeneas__InterpStatements.eval_statement_list.(fun) in file "interp/InterpStatements.ml", lines 880-888, characters 8-18
Called from Stdlib__List.map in file "list.ml", line 83, characters 15-19
Called from Aeneas__InterpStatements.eval_statement_list.(fun) in file "interp/InterpStatements.ml", lines 880-888, characters 8-18
Called from Stdlib__List.map in file "list.ml", line 83, characters 15-19
Called from Aeneas__InterpStatements.eval_statement_list.(fun) in file "interp/InterpStatements.ml", lines 880-888, characters 8-18
Called from Aeneas__InterpLoopsFixedPoint.compute_loop_entry_fixed_point.compute_fixed_point in file "interp/InterpLoopsFixedPoint.ml", line 171, characters 24-42
Called from Aeneas__InterpLoopsFixedPoint.compute_loop_entry_fixed_point in file "interp/InterpLoopsFixedPoint.ml", line 236, characters 11-60
Called from Aeneas__InterpLoops.eval_loop_symbolic.(fun) in file "interp/InterpLoops.ml", line 364, characters 4-73
Called from Aeneas__InterpLoops.eval_loop.(fun) in file "interp/InterpLoops.ml", line 575, characters 16-67
Called from Aeneas__InterpStatements.eval_statement.(fun) in file "interp/InterpStatements.ml", line 866, characters 10-44
Called from Aeneas__InterpStatements.eval_statement_list.(fun) in file "interp/InterpStatements.ml", line 875, characters 29-57
Called from Stdlib__List.map in file "list.ml", line 83, characters 15-19
Called from Aeneas__InterpStatements.eval_statement_list.(fun) in file "interp/InterpStatements.ml", lines 880-888, characters 8-18
Called from Stdlib__List.map in file "list.ml", line 83, characters 15-19
Called from Aeneas__InterpStatements.eval_statement_list.(fun) in file "interp/InterpStatements.ml", lines 880-888, characters 8-18
Called from Stdlib__List.map in file "list.ml", line 83, characters 15-19
Called from Aeneas__InterpStatements.eval_statement_list.(fun) in file "interp/InterpStatements.ml", lines 880-888, characters 8-18
Called from Stdlib__List.map in file "list.ml", line 83, characters 15-19
Called from Aeneas__InterpStatements.eval_statement_list.(fun) in file "interp/InterpStatements.ml", lines 880-888, characters 8-18
Called from Stdlib__List.map in file "list.ml", line 83, characters 15-19
Called from Aeneas__InterpStatements.eval_statement_list.(fun) in file "interp/InterpStatements.ml", lines 880-888, characters 8-18
Called from Stdlib__List.map in file "list.ml", line 83, characters 15-19
Called from Aeneas__InterpStatements.eval_statement_list.(fun) in file "interp/InterpStatements.ml", lines 880-888, characters 8-18
Called from Stdlib__List.map in file "list.ml", line 83, characters 15-19
Called from Aeneas__InterpStatements.eval_statement_list.(fun) in file "interp/InterpStatements.ml", lines 880-888, characters 8-18
Called from Stdlib__List.map in file "list.ml", line 83, characters 15-19
Called from Aeneas__InterpStatements.eval_statement_list.(fun) in file "interp/InterpStatements.ml", lines 880-888, characters 8-18
Called from Stdlib__List.map in file "list.ml", line 83, characters 15-19
Called from Aeneas__InterpStatements.eval_statement_list.(fun) in file "interp/InterpStatements.ml", lines 880-888, characters 8-18
Called from Stdlib__List.map in file "list.ml", line 83, characters 15-19
Called from Aeneas__InterpStatements.eval_statement_list.(fun) in file "interp/InterpStatements.ml", lines 880-888, characters 8-18
Called from Stdlib__List.map in file "list.ml", line 83, characters 15-19
Called from Aeneas__InterpStatements.eval_statement_list.(fun) in file "interp/InterpStatements.ml", lines 880-888, characters 8-18
Called from Stdlib__List.map in file "list.ml", line 83, characters 15-19
Called from Aeneas__InterpStatements.eval_statement_list.(fun) in file "interp/InterpStatements.ml", lines 880-888, characters 8-18
Called from Stdlib__List.map in file "list.ml", line 83, characters 15-19
Called from Aeneas__InterpStatements.eval_statement_list.(fun) in file "interp/InterpStatements.ml", lines 880-888, characters 8-18
Called from Stdlib__List.map in file "list.ml", line 83, characters 15-19
Called from Aeneas__InterpStatements.eval_statement_list.(fun) in file "interp/InterpStatements.ml", lines 880-888, characters 8-18
Called from Stdlib__List.map in file "list.ml", line 83, characters 15-19
Called from Aeneas__InterpStatements.eval_statement_list.(fun) in file "interp/InterpStatements.ml", lines 880-888, characters 8-18
Called from Stdlib__List.map in file "list.ml", line 83, characters 15-19
Called from Aeneas__InterpStatements.eval_statement_list.(fun) in file "interp/InterpStatements.ml", lines 880-888, characters 8-18
Called from Stdlib__List.map in file "list.ml", line 83, characters 15-19
Called from Aeneas__InterpStatements.eval_statement_list.(fun) in file "interp/InterpStatements.ml", lines 880-888, characters 8-18
Called from Stdlib__List.map in file "list.ml", line 83, characters 15-19
Called from Aeneas__InterpStatements.eval_statement_list.(fun) in file "interp/InterpStatements.ml", lines 880-888, characters 8-18
Called from Stdlib__List.map in file "list.ml", line 83, characters 15-19
Called from Aeneas__InterpStatements.eval_statement_list.(fun) in file "interp/InterpStatements.ml", lines 880-888, characters 8-18
Called from Stdlib__List.map in file "list.ml", line 83, characters 15-19
Called from Aeneas__InterpStatements.eval_statement_list.(fun) in file "interp/InterpStatements.ml", lines 880-888, characters 8-18
Called from Stdlib__List.map in file "list.ml", line 83, characters 15-19
Called from Aeneas__InterpStatements.eval_statement_list.(fun) in file "interp/InterpStatements.ml", lines 880-888, characters 8-18
Called from Stdlib__List.map in file "list.ml", line 83, characters 15-19
Called from Aeneas__InterpStatements.eval_statement_list.(fun) in file "interp/InterpStatements.ml", lines 880-888, characters 8-18
Called from Stdlib__List.map in file "list.ml", line 83, characters 15-19
Called from Aeneas__InterpStatements.eval_statement_list.(fun) in file "interp/InterpStatements.ml", lines 880-888, characters 8-18
Called from Stdlib__List.map in file "list.ml", line 83, characters 15-19
Called from Aeneas__InterpStatements.eval_statement_list.(fun) in file "interp/InterpStatements.ml", lines 880-888, characters 8-18
Called from Stdlib__List.map in file "list.ml", line 83, characters 15-19
Called from Aeneas__InterpStatements.eval_statement_list.(fun) in file "interp/InterpStatements.ml", lines 880-888, characters 8-18
Called from Stdlib__List.map in file "list.ml", line 83, characters 15-19
Called from Aeneas__InterpStatements.eval_statement_list.(fun) in file "interp/InterpStatements.ml", lines 880-888, characters 8-18
Called from Stdlib__List.map in file "list.ml", line 87, characters 15-19
Called from Aeneas__InterpStatements.eval_statement_list.(fun) in file "interp/InterpStatements.ml", lines 880-888, characters 8-18
Called from Stdlib__List.map in file "list.ml", line 83, characters 15-19
Called from Aeneas__InterpStatements.eval_statement_list.(fun) in file "interp/InterpStatements.ml", lines 880-888, characters 8-18
Called from Stdlib__List.map in file "list.ml", line 83, characters 15-19
Called from Aeneas__InterpStatements.eval_statement_list.(fun) in file "interp/InterpStatements.ml", lines 880-888, characters 8-18
Called from Stdlib__List.map in file "list.ml", line 83, characters 15-19
Called from Aeneas__InterpStatements.eval_statement_list.(fun) in file "interp/InterpStatements.ml", lines 880-888, characters 8-18
Called from Stdlib__List.map in file "list.ml", line 83, characters 15-19
Called from Aeneas__InterpStatements.eval_statement_list.(fun) in file "interp/InterpStatements.ml", lines 880-888, characters 8-18
Called from Aeneas__InterpLoopsFixedPoint.compute_loop_entry_fixed_point.compute_fixed_point in file "interp/InterpLoopsFixedPoint.ml", line 171, characters 24-42
Called from Aeneas__InterpLoopsFixedPoint.compute_loop_entry_fixed_point in file "interp/InterpLoopsFixedPoint.ml", line 236, characters 11-60
Called from Aeneas__InterpLoops.eval_loop_symbolic.(fun) in file "interp/InterpLoops.ml", line 364, characters 4-73
Called from Aeneas__InterpLoops.eval_loop.(fun) in file "interp/InterpLoops.ml", line 575, characters 16-67
Called from Aeneas__InterpStatements.eval_statement.(fun) in file "interp/InterpStatements.ml", line 866, characters 10-44
Called from Aeneas__InterpStatements.eval_statement_list.(fun) in file "interp/InterpStatements.ml", line 875, characters 29-57
Called from Stdlib__List.map in file "list.ml", line 83, characters 15-19
Called from Aeneas__InterpStatements.eval_statement_list.(fun) in file "interp/InterpStatements.ml", lines 880-888, characters 8-18
Called from Stdlib__List.map in file "list.ml", line 83, characters 15-19
Called from Aeneas__InterpStatements.eval_statement_list.(fun) in file "interp/InterpStatements.ml", lines 880-888, characters 8-18
Called from Stdlib__List.map in file "list.ml", line 83, characters 15-19
Called from Aeneas__InterpStatements.eval_statement_list.(fun) in file "interp/InterpStatements.ml", lines 880-888, characters 8-18
Called from Stdlib__List.map in file "list.ml", line 83, characters 15-19
Called from Aeneas__InterpStatements.eval_statement_list.(fun) in file "interp/InterpStatements.ml", lines 880-888, characters 8-18
Called from Stdlib__List.map in file "list.ml", line 83, characters 15-19
Called from Aeneas__InterpStatements.eval_statement_list.(fun) in file "interp/InterpStatements.ml", lines 880-888, characters 8-18
Called from Stdlib__List.map in file "list.ml", line 83, characters 15-19
Called from Aeneas__InterpStatements.eval_statement_list.(fun) in file "interp/InterpStatements.ml", lines 880-888, characters 8-18
Called from Stdlib__List.map in file "list.ml", line 83, characters 15-19
Called from Aeneas__InterpStatements.eval_statement_list.(fun) in file "interp/InterpStatements.ml", lines 880-888, characters 8-18
Called from Stdlib__List.map in file "list.ml", line 83, characters 15-19
Called from Aeneas__InterpStatements.eval_statement_list.(fun) in file "interp/InterpStatements.ml", lines 880-888, characters 8-18
Called from Stdlib__List.map in file "list.ml", line 83, characters 15-19
Called from Aeneas__InterpStatements.eval_statement_list.(fun) in file "interp/InterpStatements.ml", lines 880-888, characters 8-18
Called from Stdlib__List.map in file "list.ml", line 83, characters 15-19
Called from Aeneas__InterpStatements.eval_statement_list.(fun) in file "interp/InterpStatements.ml", lines 880-888, characters 8-18
Called from Stdlib__List.map in file "list.ml", line 83, characters 15-19
Called from Aeneas__InterpStatements.eval_statement_list.(fun) in file "interp/InterpStatements.ml", lines 880-888, characters 8-18
Called from Stdlib__List.map in file "list.ml", line 83, characters 15-19
Called from Aeneas__InterpStatements.eval_statement_list.(fun) in file "interp/InterpStatements.ml", lines 880-888, characters 8-18
Called from Stdlib__List.map in file "list.ml", line 83, characters 15-19
Called from Aeneas__InterpStatements.eval_statement_list.(fun) in file "interp/InterpStatements.ml", lines 880-888, characters 8-18
Called from Stdlib__List.map in file "list.ml", line 83, characters 15-19
Called from Aeneas__InterpStatements.eval_statement_list.(fun) in file "interp/InterpStatements.ml", lines 880-888, characters 8-18
Called from Stdlib__List.map in file "list.ml", line 83, characters 15-19
Called from Aeneas__InterpStatements.eval_statement_list.(fun) in file "interp/InterpStatements.ml", lines 880-888, characters 8-18
Called from Stdlib__List.map in file "list.ml", line 83, characters 15-19
Called from Aeneas__InterpStatements.eval_statement_list.(fun) in file "interp/InterpStatements.ml", lines 880-888, characters 8-18
Called from Stdlib__List.map in file "list.ml", line 83, characters 15-19
Called from Aeneas__InterpStatements.eval_statement_list.(fun) in file "interp/InterpStatements.ml", lines 880-888, characters 8-18
Called from Stdlib__List.map in file "list.ml", line 83, characters 15-19
Called from Aeneas__InterpStatements.eval_statement_list.(fun) in file "interp/InterpStatements.ml", lines 880-888, characters 8-18
Called from Stdlib__List.map in file "list.ml", line 83, characters 15-19
Called from Aeneas__InterpStatements.eval_statement_list.(fun) in file "interp/InterpStatements.ml", lines 880-888, characters 8-18
Called from Stdlib__List.map in file "list.ml", line 83, characters 15-19
Called from Aeneas__InterpStatements.eval_statement_list.(fun) in file "interp/InterpStatements.ml", lines 880-888, characters 8-18
Called from Stdlib__List.map in file "list.ml", line 83, characters 15-19
Called from Aeneas__InterpStatements.eval_statement_list.(fun) in file "interp/InterpStatements.ml", lines 880-888, characters 8-18
Called from Aeneas__InterpStatements.eval_switch_raw.(fun) in file "interp/InterpStatements.ml", line 1253, characters 31-56
Called from Aeneas__InterpStatements.eval_switch.(fun) in file "interp/InterpStatements.ml", line 1060, characters 10-50
Called from Stdlib__List.map in file "list.ml", line 86, characters 15-19
Called from Aeneas__InterpStatements.eval_switch_raw.(fun) in file "interp/InterpStatements.ml", line 1262, characters 14-77
Called from Aeneas__InterpStatements.eval_switch.(fun) in file "interp/InterpStatements.ml", line 1060, characters 10-50
Called from Aeneas__InterpStatements.eval_statement.(fun) in file "interp/InterpStatements.ml", line 866, characters 10-44
Called from Aeneas__InterpStatements.eval_statement_list.(fun) in file "interp/InterpStatements.ml", line 875, characters 29-57
Called from Stdlib__List.map in file "list.ml", line 83, characters 15-19
Called from Aeneas__InterpStatements.eval_statement_list.(fun) in file "interp/InterpStatements.ml", lines 880-888, characters 8-18
Called from Stdlib__List.map in file "list.ml", line 83, characters 15-19
Called from Aeneas__InterpStatements.eval_statement_list.(fun) in file "interp/InterpStatements.ml", lines 880-888, characters 8-18
Called from Stdlib__List.map in file "list.ml", line 83, characters 15-19
Called from Aeneas__InterpStatements.eval_statement_list.(fun) in file "interp/InterpStatements.ml", lines 880-888, characters 8-18
Called from Stdlib__List.map in file "list.ml", line 83, characters 15-19
Called from Aeneas__InterpStatements.eval_statement_list.(fun) in file "interp/InterpStatements.ml", lines 880-888, characters 8-18
Called from Aeneas__InterpLoopsFixedPoint.compute_loop_entry_fixed_point.compute_fixed_point in file "interp/InterpLoopsFixedPoint.ml", line 171, characters 24-42
Called from Aeneas__InterpLoopsFixedPoint.compute_loop_entry_fixed_point in file "interp/InterpLoopsFixedPoint.ml", line 236, characters 11-60
Called from Aeneas__InterpLoops.eval_loop_symbolic.(fun) in file "interp/InterpLoops.ml", line 364, characters 4-73
Called from Aeneas__InterpLoops.eval_loop.(fun) in file "interp/InterpLoops.ml", line 575, characters 16-67
Called from Aeneas__InterpStatements.eval_statement.(fun) in file "interp/InterpStatements.ml", line 866, characters 10-44
Called from Aeneas__InterpStatements.eval_statement_list.(fun) in file "interp/InterpStatements.ml", line 875, characters 29-57
Called from Stdlib__List.map in file "list.ml", line 83, characters 15-19
Called from Aeneas__InterpStatements.eval_statement_list.(fun) in file "interp/InterpStatements.ml", lines 880-888, characters 8-18
Called from Stdlib__List.map in file "list.ml", line 83, characters 15-19
Called from Aeneas__InterpStatements.eval_statement_list.(fun) in file "interp/InterpStatements.ml", lines 880-888, characters 8-18
Called from Stdlib__List.map in file "list.ml", line 83, characters 15-19
Called from Aeneas__InterpStatements.eval_statement_list.(fun) in file "interp/InterpStatements.ml", lines 880-888, characters 8-18
Called from Stdlib__List.map in file "list.ml", line 83, characters 15-19
Called from Aeneas__InterpStatements.eval_statement_list.(fun) in file "interp/InterpStatements.ml", lines 880-888, characters 8-18
Called from Stdlib__List.map in file "list.ml", line 83, characters 15-19
Called from Aeneas__InterpStatements.eval_statement_list.(fun) in file "interp/InterpStatements.ml", lines 880-888, characters 8-18
Called from Aeneas__InterpStatements.eval_function_body.(fun) in file "interp/InterpStatements.ml", line 1842, characters 26-52
Called from Aeneas__Interp.evaluate_function_symbolic in file "interp/Interp.ml", line 605, characters 25-64
Called from Aeneas__Translate.translate_function_to_symbolics in file "Translate.ml", line 35, characters 8-71
Called from Aeneas__Translate.translate_function_to_pure_aux in file "Translate.ml", line 132, characters 4-61
Called from Aeneas__Translate.translate_function_to_pure in file "Translate.ml", lines 288-289, characters 6-41
Called from Aeneas__Translate.translate_crate_to_pure.process.(fun) in file "Translate.ml", lines 501-502, characters 16-45
Called from Stdlib__List.filter_map in file "list.ml", line 280, characters 12-15
Called from Stdlib__List.filter_map in file "list.ml", line 282, characters 23-37
Called from Aeneas__Parallel.catch_reraise in file "Parallel.ml", line 17, characters 6-9
Called from Aeneas__Translate.translate_crate_to_pure in file "Translate.ml", line 519, characters 22-62
Called from Aeneas__Translate.translate_crate in file "Translate.ml", line 2199, characters 31-71
Called from Dune__exe__Main in file "Main.ml", lines 743-744, characters 8-37
