Warning: Permanently added '100.108.41.90' (ED25519) to the list of known hosts.
Running as unit: aspis-focus-1791155565072621000-7b055aee5075.service; invocation ID: acd1aeba559d4ec29e9e0b981e772dce
'AspisV8R19.R806Point02SelectedChunk00.p0_d023_s0_flat00' depends on axioms: [propext, Classical.choice, Quot.sound]
/home/dombarker/project-offloads/aspis-r57-lean-src-20260929-a/AspisV8R19/R806Point02SelectedChunk00.lean:30:2: error: (deterministic) timeout at `isDefEq`, maximum number of heartbeats (200000) has been reached

Note: Use `set_option maxHeartbeats <num>` to set the limit.

Hint: Additional diagnostic information may be available using the `set_option diagnostics true` command.
'AspisV8R19.R806Point02SelectedChunk00.p2_d023_s0_flat00' depends on axioms: [propext,
 sorryAx,
 Classical.choice,
 Quot.sound]
'AspisV8R19.R806Point02SelectedChunk00.p0_d023_s1_flat01' depends on axioms: [propext, Classical.choice, Quot.sound]
/home/dombarker/project-offloads/aspis-r57-lean-src-20260929-a/AspisV8R19/R806Point02SelectedChunk00.lean:46:2: error: (deterministic) timeout at `isDefEq`, maximum number of heartbeats (200000) has been reached

Note: Use `set_option maxHeartbeats <num>` to set the limit.

Hint: Additional diagnostic information may be available using the `set_option diagnostics true` command.
'AspisV8R19.R806Point02SelectedChunk00.p2_d023_s1_flat01' depends on axioms: [propext,
 sorryAx,
 Classical.choice,
 Quot.sound]
'AspisV8R19.R806Point02SelectedChunk00.p0_d023_s2_flat02' depends on axioms: [propext, Classical.choice, Quot.sound]
/home/dombarker/project-offloads/aspis-r57-lean-src-20260929-a/AspisV8R19/R806Point02SelectedChunk00.lean:62:2: error: (deterministic) timeout at `isDefEq`, maximum number of heartbeats (200000) has been reached

Note: Use `set_option maxHeartbeats <num>` to set the limit.

Hint: Additional diagnostic information may be available using the `set_option diagnostics true` command.
'AspisV8R19.R806Point02SelectedChunk00.p2_d023_s2_flat02' depends on axioms: [propext,
 sorryAx,
 Classical.choice,
 Quot.sound]
/home/dombarker/project-offloads/aspis-r57-lean-src-20260929-a/AspisV8R19/R806Point02SelectedChunk00.lean:71:6: error(lean.unknownIdentifier): Unknown identifier `pw0_0097`
/home/dombarker/project-offloads/aspis-r57-lean-src-20260929-a/AspisV8R19/R806Point02SelectedChunk00.lean:68:96: error: unsolved goals
⊢ R780Point02WeightPrototype.pw0 97 - 7 ^ (0 + 1) * R780Point02WeightPrototype.pw0 96 -
      (R780Point02WeightPrototype.pw0 1 - 7 ^ (0 + 1) * R780Point02WeightPrototype.pw0 0) =
    0
'AspisV8R19.R806Point02SelectedChunk00.p0_d024_s0_flat03' depends on axioms: [propext,
 sorryAx,
 Classical.choice,
 Quot.sound]
/home/dombarker/project-offloads/aspis-r57-lean-src-20260929-a/AspisV8R19/R806Point02SelectedChunk00.lean:78:2: error: (deterministic) timeout at `isDefEq`, maximum number of heartbeats (200000) has been reached

Note: Use `set_option maxHeartbeats <num>` to set the limit.

Hint: Additional diagnostic information may be available using the `set_option diagnostics true` command.
'AspisV8R19.R806Point02SelectedChunk00.p2_d024_s0_flat03' depends on axioms: [propext,
 sorryAx,
 Classical.choice,
 Quot.sound]
/home/dombarker/project-offloads/aspis-r57-lean-src-20260929-a/AspisV8R19/R806Point02SelectedChunk00.lean:87:6: error(lean.unknownIdentifier): Unknown identifier `pw0_0098`
/home/dombarker/project-offloads/aspis-r57-lean-src-20260929-a/AspisV8R19/R806Point02SelectedChunk00.lean:84:96: error: unsolved goals
⊢ R780Point02WeightPrototype.pw0 98 - 7 ^ (1 + 1) * R780Point02WeightPrototype.pw0 96 -
      (R780Point02WeightPrototype.pw0 2 - 7 ^ (1 + 1) * R780Point02WeightPrototype.pw0 0) =
    0
'AspisV8R19.R806Point02SelectedChunk00.p0_d024_s1_flat04' depends on axioms: [propext,
 sorryAx,
 Classical.choice,
 Quot.sound]
/home/dombarker/project-offloads/aspis-r57-lean-src-20260929-a/AspisV8R19/R806Point02SelectedChunk00.lean:94:2: error: (deterministic) timeout at `isDefEq`, maximum number of heartbeats (200000) has been reached

Note: Use `set_option maxHeartbeats <num>` to set the limit.

Hint: Additional diagnostic information may be available using the `set_option diagnostics true` command.
'AspisV8R19.R806Point02SelectedChunk00.p2_d024_s1_flat04' depends on axioms: [propext,
 sorryAx,
 Classical.choice,
 Quot.sound]
/home/dombarker/project-offloads/aspis-r57-lean-src-20260929-a/AspisV8R19/R806Point02SelectedChunk00.lean:103:6: error(lean.unknownIdentifier): Unknown identifier `pw0_0099`
/home/dombarker/project-offloads/aspis-r57-lean-src-20260929-a/AspisV8R19/R806Point02SelectedChunk00.lean:100:96: error: unsolved goals
⊢ R780Point02WeightPrototype.pw0 99 - 7 ^ (2 + 1) * R780Point02WeightPrototype.pw0 96 -
      (R780Point02WeightPrototype.pw0 3 - 7 ^ (2 + 1) * R780Point02WeightPrototype.pw0 0) =
    0
'AspisV8R19.R806Point02SelectedChunk00.p0_d024_s2_flat05' depends on axioms: [propext,
 sorryAx,
 Classical.choice,
 Quot.sound]
/home/dombarker/project-offloads/aspis-r57-lean-src-20260929-a/AspisV8R19/R806Point02SelectedChunk00.lean:110:2: error: (deterministic) timeout at `isDefEq`, maximum number of heartbeats (200000) has been reached

Note: Use `set_option maxHeartbeats <num>` to set the limit.

Hint: Additional diagnostic information may be available using the `set_option diagnostics true` command.
'AspisV8R19.R806Point02SelectedChunk00.p2_d024_s2_flat05' depends on axioms: [propext,
 sorryAx,
 Classical.choice,
 Quot.sound]
/home/dombarker/project-offloads/aspis-r57-lean-src-20260929-a/AspisV8R19/R806Point02SelectedChunk00.lean:119:6: error(lean.unknownIdentifier): Unknown identifier `pw0_0185`
/home/dombarker/project-offloads/aspis-r57-lean-src-20260929-a/AspisV8R19/R806Point02SelectedChunk00.lean:116:96: error: unsolved goals
⊢ R780Point02WeightPrototype.pw0 185 - 7 ^ (0 + 1) * R780Point02WeightPrototype.pw0 184 -
      (R780Point02WeightPrototype.pw0 1 - 7 ^ (0 + 1) * R780Point02WeightPrototype.pw0 0) =
    0
'AspisV8R19.R806Point02SelectedChunk00.p0_d046_s0_flat06' depends on axioms: [propext,
 sorryAx,
 Classical.choice,
 Quot.sound]
/home/dombarker/project-offloads/aspis-r57-lean-src-20260929-a/AspisV8R19/R806Point02SelectedChunk00.lean:126:2: error: (deterministic) timeout at `isDefEq`, maximum number of heartbeats (200000) has been reached

Note: Use `set_option maxHeartbeats <num>` to set the limit.

Hint: Additional diagnostic information may be available using the `set_option diagnostics true` command.
'AspisV8R19.R806Point02SelectedChunk00.p2_d046_s0_flat06' depends on axioms: [propext,
 sorryAx,
 Classical.choice,
 Quot.sound]
/home/dombarker/project-offloads/aspis-r57-lean-src-20260929-a/AspisV8R19/R806Point02SelectedChunk00.lean:135:6: error(lean.unknownIdentifier): Unknown identifier `pw0_0177`
/home/dombarker/project-offloads/aspis-r57-lean-src-20260929-a/AspisV8R19/R806Point02SelectedChunk00.lean:132:96: error: unsolved goals
⊢ R780Point02WeightPrototype.pw0 177 - 7 ^ (0 + 1) * R780Point02WeightPrototype.pw0 176 -
      (R780Point02WeightPrototype.pw0 1 - 7 ^ (0 + 1) * R780Point02WeightPrototype.pw0 0) =
    0
'AspisV8R19.R806Point02SelectedChunk00.p0_d044_s0_flat07' depends on axioms: [propext,
 sorryAx,
 Classical.choice,
 Quot.sound]
/home/dombarker/project-offloads/aspis-r57-lean-src-20260929-a/AspisV8R19/R806Point02SelectedChunk00.lean:142:2: error: (deterministic) timeout at `isDefEq`, maximum number of heartbeats (200000) has been reached

Note: Use `set_option maxHeartbeats <num>` to set the limit.

Hint: Additional diagnostic information may be available using the `set_option diagnostics true` command.
'AspisV8R19.R806Point02SelectedChunk00.p2_d044_s0_flat07' depends on axioms: [propext,
 sorryAx,
 Classical.choice,
 Quot.sound]
Command exited with non-zero status 1
	Command being timed: "/home/dombarker/.elan/bin/lake --dir /home/dombarker/project-offloads/aspis-r126-release-20260930-a/focus-workspace env lean -j1 -M4500 -R /home/dombarker/project-offloads/aspis-r57-lean-src-20260929-a -o /home/dombarker/project-offloads/aspis-r126-release-20260930-a/lib/AspisV8R19/R806Point02SelectedChunk00.olean /home/dombarker/project-offloads/aspis-r57-lean-src-20260929-a/AspisV8R19/R806Point02SelectedChunk00.lean"
	User time (seconds): 129.20
	System time (seconds): 0.74
	Percent of CPU this job got: 100%
	Elapsed (wall clock) time (h:mm:ss or m:ss): 2:09.94
	Average shared text size (kbytes): 0
	Average unshared data size (kbytes): 0
	Average stack size (kbytes): 0
	Average total size (kbytes): 0
	Maximum resident set size (kbytes): 3347520
	Average resident set size (kbytes): 0
	Major (requiring I/O) page faults: 0
	Minor (reclaiming a frame) page faults: 189778
	Voluntary context switches: 901
	Involuntary context switches: 1028
	Swaps: 0
	File system inputs: 0
	File system outputs: 0
	Socket messages sent: 0
	Socket messages received: 0
	Signals delivered: 0
	Page size (bytes): 4096
	Exit status: 1
Finished with result: exit-code
Main processes terminated with: code=exited/status=1
Service runtime: 2min 9.976s
CPU time consumed: 2min 9.981s
Memory peak: 288.0K
Memory swap peak: 0B
