Warning: Permanently added '100.108.41.90' (ED25519) to the list of known hosts.
Running as unit: aspis-focus-1791078979840747000.service; invocation ID: da0c066709fe4709ae059e903dc22deb
/home/dombarker/project-offloads/aspis-r57-lean-src-20260929-a/AspisV8R19/R567ClaimSerializationInjectivity.lean:38:10: warning: This simp argument is unused:
  Array.length_eq

Hint: Omit it from the simp argument list.
  simp ̵[̵A̵r̵r̵a̵y̵.̵l̵e̵n̵g̵t̵h̵_̵e̵q̵]̵

Note: This linter can be disabled with `set_option linter.unusedSimpArgs false`
/home/dombarker/project-offloads/aspis-r57-lean-src-20260929-a/AspisV8R19/R567ClaimSerializationInjectivity.lean:44:17: warning: This simp argument is unused:
  cm31Bytes

Hint: Omit it from the simp argument list.
  simp only [̵c̵m̵3̵1̵B̵y̵t̵e̵s̵]̵ ̵at ha hb

Note: This linter can be disabled with `set_option linter.unusedSimpArgs false`
'AspisV8R19.R567ClaimSerializationInjectivity.u32_to_le_bytes_injective' depends on axioms: [propext,
 Classical.choice,
 Quot.sound]
'AspisV8R19.R567ClaimSerializationInjectivity.cm31_bytes_injective' depends on axioms: [propext,
 Classical.choice,
 Quot.sound]
'AspisV8R19.R567ClaimSerializationInjectivity.current_qm31_bytes_injective' depends on axioms: [propext,
 Classical.choice,
 Quot.sound]
	Command being timed: "/home/dombarker/.elan/bin/lake --dir /home/dombarker/project-offloads/aspis-r126-release-20260930-a/focus-workspace env lean -j1 -M4500 -R /home/dombarker/project-offloads/aspis-r57-lean-src-20260929-a -o /home/dombarker/project-offloads/aspis-r126-release-20260930-a/lib/AspisV8R19/R567ClaimSerializationInjectivity.olean /home/dombarker/project-offloads/aspis-r57-lean-src-20260929-a/AspisV8R19/R567ClaimSerializationInjectivity.lean"
	User time (seconds): 1.22
	System time (seconds): 0.36
	Percent of CPU this job got: 100%
	Elapsed (wall clock) time (h:mm:ss or m:ss): 0:01.58
	Average shared text size (kbytes): 0
	Average unshared data size (kbytes): 0
	Average stack size (kbytes): 0
	Average total size (kbytes): 0
	Maximum resident set size (kbytes): 3709552
	Average resident set size (kbytes): 0
	Major (requiring I/O) page faults: 0
	Minor (reclaiming a frame) page faults: 86582
	Voluntary context switches: 436
	Involuntary context switches: 73
	Swaps: 0
	File system inputs: 8
	File system outputs: 248
	Socket messages sent: 0
	Socket messages received: 0
	Signals delivered: 0
	Page size (bytes): 4096
	Exit status: 0
Finished with result: success
Main processes terminated with: code=exited/status=0
Service runtime: 1.613s
CPU time consumed: 1.614s
Memory peak: 256.0K
Memory swap peak: 0B
