info: r77_focused: no previous manifest, creating one from scratch
info: toolchain not updated; already up-to-date
'AspisV8R19.SamplerWriteback.bounded_matches' depends on axioms: [propext,
 Classical.choice,
 Quot.sound,
 core.fmt.Formatter]
'AspisV8R19.SamplerWriteback.written_four' depends on axioms: [propext, Classical.choice, Quot.sound]
'AspisV8R19.SamplerWriteback.finish_four' depends on axioms: [propext, Classical.choice, Quot.sound]
	Command being timed: "/home/dombarker/.elan/bin/lake env lean -j1 -M4500 -R /home/dombarker/project-offloads/aspis-r57-lean-src-20260929-a -o /home/dombarker/project-offloads/aspis-r77-final-20260929-a/lib/AspisV8R19/SamplerWriteback.olean /home/dombarker/project-offloads/aspis-r57-lean-src-20260929-a/AspisV8R19/SamplerWriteback.lean"
	User time (seconds): 1.44
	System time (seconds): 0.58
	Percent of CPU this job got: 99%
	Elapsed (wall clock) time (h:mm:ss or m:ss): 0:02.04
	Average shared text size (kbytes): 0
	Average unshared data size (kbytes): 0
	Average stack size (kbytes): 0
	Average total size (kbytes): 0
	Maximum resident set size (kbytes): 3706784
	Average resident set size (kbytes): 0
	Major (requiring I/O) page faults: 126
	Minor (reclaiming a frame) page faults: 86180
	Voluntary context switches: 1151
	Involuntary context switches: 79
	Swaps: 0
	File system inputs: 2688
	File system outputs: 632
	Socket messages sent: 0
	Socket messages received: 0
	Signals delivered: 0
	Page size (bytes): 4096
	Exit status: 0
