Warning: Permanently added '100.108.41.90' (ED25519) to the list of known hosts.
Running as unit: aspis-focus-1790904351156907000.service; invocation ID: e72d584f12394a98830a9fadcff74ada
/home/dombarker/project-offloads/aspis-r57-lean-src-20260929-a/AspisV8R19/R211CircleDomain.lean:59:14: error(lean.unknownIdentifier): Unknown identifier `pow_eq_zero`
/home/dombarker/project-offloads/aspis-r57-lean-src-20260929-a/AspisV8R19/R211CircleDomain.lean:65:14: error(lean.unknownIdentifier): Unknown identifier `pow_eq_zero`
'AspisV8R19.R211CircleDomain.successful_parameter' depends on axioms: [propext,
 Classical.choice,
 Quot.sound,
 core.fmt.Formatter]
'AspisV8R19.R211CircleDomain.successful_domain' depends on axioms: [propext,
 sorryAx,
 Classical.choice,
 Quot.sound,
 core.fmt.Formatter]
Command exited with non-zero status 1
	Command being timed: "/home/dombarker/.elan/bin/lake --dir /home/dombarker/project-offloads/aspis-r126-release-20260930-a/focus-workspace env lean -j1 -M4500 -R /home/dombarker/project-offloads/aspis-r57-lean-src-20260929-a -o /home/dombarker/project-offloads/aspis-r126-release-20260930-a/lib/AspisV8R19/R211CircleDomain.olean /home/dombarker/project-offloads/aspis-r57-lean-src-20260929-a/AspisV8R19/R211CircleDomain.lean"
	User time (seconds): 2.99
	System time (seconds): 0.37
	Percent of CPU this job got: 99%
	Elapsed (wall clock) time (h:mm:ss or m:ss): 0:03.37
	Average shared text size (kbytes): 0
	Average unshared data size (kbytes): 0
	Average stack size (kbytes): 0
	Average total size (kbytes): 0
	Maximum resident set size (kbytes): 3718412
	Average resident set size (kbytes): 0
	Major (requiring I/O) page faults: 4
	Minor (reclaiming a frame) page faults: 87236
	Voluntary context switches: 620
	Involuntary context switches: 70
	Swaps: 0
	File system inputs: 912
	File system outputs: 0
	Socket messages sent: 0
	Socket messages received: 0
	Signals delivered: 0
	Page size (bytes): 4096
	Exit status: 1
Finished with result: exit-code
Main processes terminated with: code=exited/status=1
Service runtime: 3.404s
CPU time consumed: 3.400s
Memory peak: 256.0K
Memory swap peak: 0B
