Warning: Permanently added '100.108.41.90' (ED25519) to the list of known hosts.
Running as unit: aspis-focus-1791055422470577000.service; invocation ID: 249b8863c5bf48cc86dfc9125b1a2952
'AspisR19.R524FinitePreparedFold.polynomialFold_add' depends on axioms: [propext, Classical.choice, Quot.sound]
'AspisR19.R524FinitePreparedFold.polynomialFold_mul' depends on axioms: [propext, Classical.choice, Quot.sound]
'AspisR19.R524FinitePreparedFold.polynomialFold_weighted_sum' depends on axioms: [propext, Classical.choice, Quot.sound]
'AspisR19.R524FinitePreparedFold.family_prepared_final_zero' depends on axioms: [propext, Classical.choice, Quot.sound]
	Command being timed: "/home/dombarker/.elan/bin/lake --dir /home/dombarker/project-offloads/aspis-r126-release-20260930-a/focus-workspace env lean -j1 -M4500 -R /home/dombarker/project-offloads/aspis-r57-lean-src-20260929-a -o /home/dombarker/project-offloads/aspis-r126-release-20260930-a/lib/AspisV8R19/R524FinitePreparedFold.olean /home/dombarker/project-offloads/aspis-r57-lean-src-20260929-a/AspisV8R19/R524FinitePreparedFold.lean"
	User time (seconds): 1.06
	System time (seconds): 0.25
	Percent of CPU this job got: 100%
	Elapsed (wall clock) time (h:mm:ss or m:ss): 0:01.31
	Average shared text size (kbytes): 0
	Average unshared data size (kbytes): 0
	Average stack size (kbytes): 0
	Average total size (kbytes): 0
	Maximum resident set size (kbytes): 2311332
	Average resident set size (kbytes): 0
	Major (requiring I/O) page faults: 0
	Minor (reclaiming a frame) page faults: 55214
	Voluntary context switches: 598
	Involuntary context switches: 38
	Swaps: 0
	File system inputs: 0
	File system outputs: 1072
	Socket messages sent: 0
	Socket messages received: 0
	Signals delivered: 0
	Page size (bytes): 4096
	Exit status: 0
Finished with result: success
Main processes terminated with: code=exited/status=0
Service runtime: 1.348s
CPU time consumed: 1.351s
Memory peak: 552.0K
Memory swap peak: 0B
