R17_PUBLIC_PREFIX {"fields":[69, 126, 108, 3, 16, 77, 38, 65, 96, 71, 2, 121, 104, 240, 48, 36, 121, 7, 148, 68, 25, 61, 57, 37, 245, 36, 248, 124, 188, 136, 223, 111, 97, 163, 55, 30, 19, 145, 41, 18, 245, 35, 119, 93, 105, 163, 191, 105, 228, 18, 78, 31, 30, 98, 137, 13, 77, 226, 15, 24, 5, 168, 139, 107, 123, 47, 203, 63, 100, 34, 30, 47, 60, 202, 62, 50, 124, 203, 38, 43, 61, 58, 154, 13, 110, 30, 11, 59, 108, 33, 93, 119, 246, 75, 48, 22, 217, 128, 21, 104, 83, 123, 3, 69, 93, 152, 192, 57, 197, 36, 173, 77, 155, 91, 227, 39, 106, 178, 172, 46, 250, 43, 63, 24, 82, 66, 159, 76, 161, 13, 5, 109, 177, 240, 39, 44, 152, 167, 145, 7, 221, 182, 238, 109, 170, 34, 164, 83, 236, 41, 28, 105, 76, 168, 23, 113, 212, 87, 19, 89, 194, 228, 239, 22, 189, 159, 94, 5, 66, 250, 241, 91, 18, 239, 125, 31, 233, 36, 168, 108, 47, 0, 225, 88, 238, 6, 218, 29, 125, 118, 91, 63, 57, 4, 177, 116, 204, 12, 137, 54, 195, 194, 71, 46, 122, 168, 61, 4, 241, 145, 132, 1, 29, 119, 146, 11, 17, 133, 1, 84, 42, 98, 75, 40, 129, 179, 38, 48, 225, 146, 133, 11, 47, 232, 38, 8, 44, 56, 238, 16, 5, 162, 241, 92, 212, 71, 173, 19, 131, 44, 173, 43, 250, 126, 53, 100, 179, 152, 145, 107, 210, 126, 158, 47, 32, 111, 137, 23, 93, 137, 218, 89, 176, 20, 41, 76, 180, 80, 177, 31, 231, 16, 123, 11, 141, 76, 3, 116],"queries":[255736, 203761, 134208, 190717, 199881, 149529, 96430, 174079, 110934, 9757, 147514, 207545, 218875, 127624, 117628, 250630, 123026, 166575, 258786, 66645, 7989, 91425]}
R17_PUBLIC_PREFIX_ACCEPTED
	Command being timed: "/home/dombarker/project-offloads/aspis-r19-queries-host-20260921-a/r19-host --audit-existing /home/dombarker/project-offloads/aspis-r18-minimal-20260921-b/evidence-r18-minimal-b/fixture-world0"
	User time (seconds): 0.01
	System time (seconds): 0.00
	Percent of CPU this job got: 94%
	Elapsed (wall clock) time (h:mm:ss or m:ss): 0:00.01
	Average shared text size (kbytes): 0
	Average unshared data size (kbytes): 0
	Average stack size (kbytes): 0
	Average total size (kbytes): 0
	Maximum resident set size (kbytes): 3520
	Average resident set size (kbytes): 0
	Major (requiring I/O) page faults: 0
	Minor (reclaiming a frame) page faults: 174
	Voluntary context switches: 1
	Involuntary context switches: 3
	Swaps: 0
	File system inputs: 0
	File system outputs: 16
	Socket messages sent: 0
	Socket messages received: 0
	Signals delivered: 0
	Page size (bytes): 4096
	Exit status: 0
