Warning: Permanently added '100.108.41.90' (ED25519) to the list of known hosts.
Running as unit: aspis-focus-1790896963072838000.service; invocation ID: 926394b76b214eaf9df1f37ecee0e62f
'AspisR182IteratorDefault.core.iter.traits.iterator.Iterator.fold.default_loop.body' does not depend on any axioms
'AspisR182IteratorDefault.core.iter.traits.iterator.Iterator.fold.default_loop' depends on axioms: [propext,
 Classical.choice,
 Quot.sound]
'AspisR182IteratorDefault.core.iter.traits.iterator.Iterator.fold.default' depends on axioms: [propext,
 Classical.choice,
 Quot.sound]
	Command being timed: "/home/dombarker/.elan/bin/lake --dir /home/dombarker/project-offloads/aspis-r126-release-20260930-a/focus-workspace env lean -j1 -M4500 -R /home/dombarker/project-offloads/aspis-r57-lean-src-20260929-a -o /home/dombarker/project-offloads/aspis-r126-release-20260930-a/lib/AspisR182IteratorDefault/FunsDefaultFold.olean /home/dombarker/project-offloads/aspis-r57-lean-src-20260929-a/AspisR182IteratorDefault/FunsDefaultFold.lean"
	User time (seconds): 0.72
	System time (seconds): 0.27
	Percent of CPU this job got: 99%
	Elapsed (wall clock) time (h:mm:ss or m:ss): 0:00.99
	Average shared text size (kbytes): 0
	Average unshared data size (kbytes): 0
	Average stack size (kbytes): 0
	Average total size (kbytes): 0
	Maximum resident set size (kbytes): 2527876
	Average resident set size (kbytes): 0
	Major (requiring I/O) page faults: 0
	Minor (reclaiming a frame) page faults: 64294
	Voluntary context switches: 194
	Involuntary context switches: 44
	Swaps: 0
	File system inputs: 0
	File system outputs: 144
	Socket messages sent: 0
	Socket messages received: 0
	Signals delivered: 0
	Page size (bytes): 4096
	Exit status: 0
Finished with result: success
Main processes terminated with: code=exited/status=0
Service runtime: 1.022s
CPU time consumed: 1.022s
Memory peak: 552.0K
Memory swap peak: 0B
