Warning: Permanently added '100.108.41.90' (ED25519) to the list of known hosts.
Running as unit: aspis-focus-1790897526296461000.service; invocation ID: 21a389a95bd544d4801f1fd995d51ea4
/home/dombarker/project-offloads/aspis-r57-lean-src-20260929-a/AspisV8R19/R183DefaultFoldExecution.lean:31:10: warning: try 'simp' instead of 'simpa'

Note: This linter can be disabled with `set_option linter.unnecessarySimpa false`
/home/dombarker/project-offloads/aspis-r57-lean-src-20260929-a/AspisV8R19/R183DefaultFoldExecution.lean:63:10: warning: This simp argument is unused:
  core.iter.traits.iterator.IteratorSliceIter

Hint: Omit it from the simp argument list.
  simp [AspisR182IteratorDefault.core.iter.traits.iterator.Iterator.fold.default_loop.body,
            c̵o̵r̵e̵.̵i̵t̵e̵r̵.̵t̵r̵a̵i̵t̵s̵.̵i̵t̵e̵r̵a̵t̵o̵r̵.̵I̵t̵e̵r̵a̵t̵o̵r̵S̵l̵i̵c̵e̵I̵t̵e̵r̵,̵core.slice.iter.IteratorSliceIter.next, Slice.len, hstop', hnil, foldMutList]

Note: This linter can be disabled with `set_option linter.unusedSimpArgs false`
/home/dombarker/project-offloads/aspis-r57-lean-src-20260929-a/AspisV8R19/R183DefaultFoldExecution.lean:73:10: warning: This simp argument is unused:
  core.iter.traits.iterator.IteratorSliceIter

Hint: Omit it from the simp argument list.
  simp only [AspisR182IteratorDefault.core.iter.traits.iterator.Iterator.fold.default_loop.body,
            c̵o̵r̵e̵.̵i̵t̵e̵r̵.̵t̵r̵a̵i̵t̵s̵.̵i̵t̵e̵r̵a̵t̵o̵r̵.̵I̵t̵e̵r̵a̵t̵o̵r̵S̵l̵i̵c̵e̵I̵t̵e̵r̵,̵core.slice.iter.IteratorSliceIter.next, dif_pos hlt, bind_tc_ok]

Note: This linter can be disabled with `set_option linter.unusedSimpArgs false`
'AspisV8R19.R183DefaultFoldExecution.foldMutList' does not depend on any axioms
'AspisV8R19.R183DefaultFoldExecution.drop_split' depends on axioms: [propext, Classical.choice, Quot.sound]
'AspisV8R19.R183DefaultFoldExecution.default_fold_slice' depends on axioms: [propext, Classical.choice, Quot.sound]
	Command being timed: "/home/dombarker/.elan/bin/lake --dir /home/dombarker/project-offloads/aspis-r126-release-20260930-a/focus-workspace env lean -j1 -M4500 -R /home/dombarker/project-offloads/aspis-r57-lean-src-20260929-a -o /home/dombarker/project-offloads/aspis-r126-release-20260930-a/lib/AspisV8R19/R183DefaultFoldExecution.olean /home/dombarker/project-offloads/aspis-r57-lean-src-20260929-a/AspisV8R19/R183DefaultFoldExecution.lean"
	User time (seconds): 1.15
	System time (seconds): 0.28
	Percent of CPU this job got: 100%
	Elapsed (wall clock) time (h:mm:ss or m:ss): 0:01.43
	Average shared text size (kbytes): 0
	Average unshared data size (kbytes): 0
	Average stack size (kbytes): 0
	Average total size (kbytes): 0
	Maximum resident set size (kbytes): 2538208
	Average resident set size (kbytes): 0
	Major (requiring I/O) page faults: 1
	Minor (reclaiming a frame) page faults: 64806
	Voluntary context switches: 903
	Involuntary context switches: 63
	Swaps: 0
	File system inputs: 24
	File system outputs: 824
	Socket messages sent: 0
	Socket messages received: 0
	Signals delivered: 0
	Page size (bytes): 4096
	Exit status: 0
Finished with result: success
Main processes terminated with: code=exited/status=0
Service runtime: 1.464s
CPU time consumed: 1.467s
Memory peak: 516.0K
Memory swap peak: 0B
