Warning: Permanently added '100.108.41.90' (ED25519) to the list of known hosts.
Running as unit: aspis-focus-1790896919004227000.service; invocation ID: 58663c3283c44f18a2983f5a28338e1c
/home/dombarker/project-offloads/aspis-r57-lean-src-20260929-a/AspisR182IteratorDefault/FunsDefaultFold.lean:10:2: error: Unknown attribute `[rust_loop_body]`
/home/dombarker/project-offloads/aspis-r57-lean-src-20260929-a/AspisR182IteratorDefault/FunsDefaultFold.lean:30:2: error: Unknown attribute `[rust_loop]`
'AspisR182IteratorDefault.core.iter.traits.iterator.Iterator.fold.default_loop.body' does not depend on any axioms
'AspisR182IteratorDefault.core.iter.traits.iterator.Iterator.fold.default_loop' depends on axioms: [propext,
 Classical.choice,
 Quot.sound]
'AspisR182IteratorDefault.core.iter.traits.iterator.Iterator.fold.default' depends on axioms: [propext,
 Classical.choice,
 Quot.sound]
/home/dombarker/project-offloads/aspis-r57-lean-src-20260929-a/AspisR182IteratorDefault/FunsDefaultFold.lean:64:0: error: Unexpected name `AspisR182IteratorDefault` after `end`: The current section is unnamed

Hint: Delete the name `AspisR182IteratorDefault` to end the current unnamed scope; outer named scopes can then be closed using additional `end` command(s):
  end ̵A̵s̵p̵i̵s̵R̵1̵8̵2̵I̵t̵e̵r̵a̵t̵o̵r̵D̵e̵f̵a̵u̵l̵t̵
Command exited with non-zero status 1
	Command being timed: "/home/dombarker/.elan/bin/lake --dir /home/dombarker/project-offloads/aspis-r126-release-20260930-a/focus-workspace env lean -j1 -M4500 -R /home/dombarker/project-offloads/aspis-r57-lean-src-20260929-a -o /home/dombarker/project-offloads/aspis-r126-release-20260930-a/lib/AspisR182IteratorDefault/FunsDefaultFold.olean /home/dombarker/project-offloads/aspis-r57-lean-src-20260929-a/AspisR182IteratorDefault/FunsDefaultFold.lean"
	User time (seconds): 0.72
	System time (seconds): 0.26
	Percent of CPU this job got: 99%
	Elapsed (wall clock) time (h:mm:ss or m:ss): 0:00.99
	Average shared text size (kbytes): 0
	Average unshared data size (kbytes): 0
	Average stack size (kbytes): 0
	Average total size (kbytes): 0
	Maximum resident set size (kbytes): 2517316
	Average resident set size (kbytes): 0
	Major (requiring I/O) page faults: 7
	Minor (reclaiming a frame) page faults: 64273
	Voluntary context switches: 180
	Involuntary context switches: 43
	Swaps: 0
	File system inputs: 1376
	File system outputs: 0
	Socket messages sent: 0
	Socket messages received: 0
	Signals delivered: 0
	Page size (bytes): 4096
	Exit status: 1
Finished with result: exit-code
Main processes terminated with: code=exited/status=1
Service runtime: 1.019s
CPU time consumed: 1.014s
Memory peak: 328.0K
Memory swap peak: 0B
