Warning: Permanently added '100.108.41.90' (ED25519) to the list of known hosts.
Running as unit: aspis-r182iteratordefault.service; invocation ID: 47d34be7403f4375b735a4dc353313ee
sed variable: `y`
   --> ../relation_callback.rs:238:19
    |
238 | ...   for (j,(x,y)) in [(base.x,base.y),(base.x,base.y.neg()),(base.x.neg(),base.y.neg()),(base.x.neg(),base.y)].into_iter().enumer...
    |                 ^ help: if this is intentional, prefix it with an underscore: `_y`

warning: variable does not need to be mutable
   --> ../payment_extraction.rs:213:9
    |
213 |     let mut encoded:Vec<Vec<M31>>=selected.iter().map(|m|enc.encode_c1_message(m).unwrap()).collect();
    |         ----^^^^^^^
    |         |
    |         help: remove this `mut`
    |
    = note: `#[warn(unused_mut)]` (part of `#[warn(unused)]`) on by default

warning: `aspis-v8-performance-host` (bin "aspis-v8-performance-host") generated 4 warnings (run `cargo fix --bin "aspis-v8-performance-host" -p aspis-v8-performance-host` to apply 4 suggestions)
    Finished `release` profile [optimized] target(s) in 14.66s
	Command being timed: "/home/dombarker/project-offloads/ZK-v5-formal/toolchains/charon/bin/charon cargo --preset aeneas --mir built --sysroot default --start-from crate::freeze --include core::option --include core::result::_::map_err --include aspis_core::field --include aspis_core::circle --include aspis_core::transcript --include core::iter::traits::iterator::Iterator::fold --dest-file /home/dombarker/project-offloads/aspis-r182iteratordefault-extract-20261002-a/R182IteratorDefault.llbc -- --offline --locked --release --jobs 1 --features insecure-spend-fixture,selected-v7-kernels --manifest-path /home/dombarker/project-offloads/aspis-r20-r117-primal-20260930-a/docs/research/v8-no-work-100-20260907/experiments/performance-host/Cargo.toml --bin aspis-v8-performance-host"
	User time (seconds): 14.40
	System time (seconds): 0.28
	Percent of CPU this job got: 99%
	Elapsed (wall clock) time (h:mm:ss or m:ss): 0:14.71
	Average shared text size (kbytes): 0
	Average unshared data size (kbytes): 0
	Average stack size (kbytes): 0
	Average total size (kbytes): 0
	Maximum resident set size (kbytes): 625104
	Average resident set size (kbytes): 0
	Major (requiring I/O) page faults: 16
	Minor (reclaiming a frame) page faults: 165583
	Voluntary context switches: 847
	Involuntary context switches: 192
	Swaps: 0
	File system inputs: 0
	File system outputs: 14824
	Socket messages sent: 0
	Socket messages received: 0
	Signals delivered: 0
	Page size (bytes): 4096
	Exit status: 0

EXTRACT_EXIT 0
ving the builtin information for trait decl 'core::iter::traits::iterator::Iterator', could not find the information for item 'fold'. The model defined in the Lean library seems to be missing the corresponding field.
Source: '/rustc/library/core/src/iter/traits/iterator.rs', lines 42:0-42:24
Compiler source: extract/Extract.ml, line 2871

[[92mInfo[39m ] Creating missing directory: /home/dombarker/project-offloads/aspis-r182iteratordefault-extract-20261002-a/generated/AspisR182IteratorDefault
[[92mInfo[39m ] Generated: /home/dombarker/project-offloads/aspis-r182iteratordefault-extract-20261002-a/generated/AspisR182IteratorDefault/TypesExternal_Template.lean
[[92mInfo[39m ] Generated: /home/dombarker/project-offloads/aspis-r182iteratordefault-extract-20261002-a/generated/AspisR182IteratorDefault/Types.lean
[[92mInfo[39m ] Generated: /home/dombarker/project-offloads/aspis-r182iteratordefault-extract-20261002-a/generated/AspisR182IteratorDefault/FunsExternal_Template.lean
[[92mInfo[39m ] Generated: /home/dombarker/project-offloads/aspis-r182iteratordefault-extract-20261002-a/generated/AspisR182IteratorDefault/Funs.lean
[[92mInfo[39m ] Generated: /home/dombarker/project-offloads/aspis-r182iteratordefault-extract-20261002-a/generated/translation.json
[[92mInfo[39m ] Total execution time: 4.199369 seconds
	Command being timed: "/home/dombarker/project-offloads/aspis-return-continuation-20261002-a/aeneas-return-continuation -sequential -no-progress-bar -abort-on-error -backend lean -namespace AspisR182IteratorDefault -dest /home/dombarker/project-offloads/aspis-r182iteratordefault-extract-20261002-a/generated -subdir AspisR182IteratorDefault -split-files -emit-json /home/dombarker/project-offloads/aspis-r182iteratordefault-extract-20261002-a/R182IteratorDefault.llbc"
	User time (seconds): 4.19
	System time (seconds): 0.11
	Percent of CPU this job got: 99%
	Elapsed (wall clock) time (h:mm:ss or m:ss): 0:04.30
	Average shared text size (kbytes): 0
	Average unshared data size (kbytes): 0
	Average stack size (kbytes): 0
	Average total size (kbytes): 0
	Maximum resident set size (kbytes): 334824
	Average resident set size (kbytes): 0
	Major (requiring I/O) page faults: 0
	Minor (reclaiming a frame) page faults: 79050
	Voluntary context switches: 1
	Involuntary context switches: 48
	Swaps: 0
	File system inputs: 0
	File system outputs: 408
	Socket messages sent: 0
	Socket messages received: 0
	Signals delivered: 0
	Page size (bytes): 4096
	Exit status: 0

TRANSLATE_EXIT 0
Finished with result: success
Main processes terminated with: code=exited/status=0
Service runtime: 19.057s
CPU time consumed: 19.034s
Memory peak: 288.0K
Memory swap peak: 0B
