Warning: Permanently added '100.108.41.90' (ED25519) to the list of known hosts.
Running as unit: aspis-focus-1790897985286736000.service; invocation ID: 935a423a297f4da094d6a88518873adc
/home/dombarker/project-offloads/aspis-r57-lean-src-20260929-a/AspisV8R19/R184GammaBatchFold.lean:60:6: error: `simp` made no progress

Note: The target expression is not type-correct under the `instances` transparency level, which may have triggered the failure. This is usually caused by unfolding of semireducible definitions in prior tactic steps. Use `set_option linter.tacticCheckInstances true` to investigate the source of the issue.
Full error:
  Application type mismatch: The argument
    (R164ProductExecution.encode (power * gamma), R164ProductExecution.encode gamma)
  has type
    field.QM31 × field.QM31
  but is expected to have type
    AspisR156FullFreeze.freeze.closure_2.closure
  in the application
    (R164ProductExecution.encode (acc + power * value), R164ProductExecution.encode (power * gamma),
      R164ProductExecution.encode gamma)
'AspisV8R19.R184GammaBatchFold.closedGamma_foldMutList' depends on axioms: [propext,
 sorryAx,
 Classical.choice,
 Quot.sound]
'AspisV8R19.R184GammaBatchFold.gammaFold_closed_form' depends on axioms: [propext, Classical.choice, Quot.sound]
'AspisV8R19.R184GammaBatchFold.closedGamma_foldSlice' depends on axioms: [propext,
 sorryAx,
 Classical.choice,
 Quot.sound]
Command exited with non-zero status 1
	Command being timed: "/home/dombarker/.elan/bin/lake --dir /home/dombarker/project-offloads/aspis-r126-release-20260930-a/focus-workspace env lean -j1 -M4500 -R /home/dombarker/project-offloads/aspis-r57-lean-src-20260929-a -o /home/dombarker/project-offloads/aspis-r126-release-20260930-a/lib/AspisV8R19/R184GammaBatchFold.olean /home/dombarker/project-offloads/aspis-r57-lean-src-20260929-a/AspisV8R19/R184GammaBatchFold.lean"
	User time (seconds): 1.49
	System time (seconds): 0.36
	Percent of CPU this job got: 99%
	Elapsed (wall clock) time (h:mm:ss or m:ss): 0:01.85
	Average shared text size (kbytes): 0
	Average unshared data size (kbytes): 0
	Average stack size (kbytes): 0
	Average total size (kbytes): 0
	Maximum resident set size (kbytes): 3705732
	Average resident set size (kbytes): 0
	Major (requiring I/O) page faults: 23
	Minor (reclaiming a frame) page faults: 86733
	Voluntary context switches: 982
	Involuntary context switches: 84
	Swaps: 0
	File system inputs: 4704
	File system outputs: 0
	Socket messages sent: 0
	Socket messages received: 0
	Signals delivered: 0
	Page size (bytes): 4096
	Exit status: 1
Finished with result: exit-code
Main processes terminated with: code=exited/status=1
Service runtime: 1.884s
CPU time consumed: 1.883s
Memory peak: 552.0K
Memory swap peak: 0B
