Warning: Permanently added '100.108.41.90' (ED25519) to the list of known hosts.
Running as unit: aspis-focus-1790954690187344000.service; invocation ID: 5284575194204d45b5a2014d3567f081
/home/dombarker/project-offloads/aspis-r57-lean-src-20260929-a/AspisV8R19/R386CopyDegree.lean:164:65: error: maximum recursion depth has been reached
use `set_option maxRecDepth <num>` to increase limit
use `set_option diagnostics true` to get diagnostic information
/home/dombarker/project-offloads/aspis-r57-lean-src-20260929-a/AspisV8R19/R386CopyDegree.lean:173:66: error: maximum recursion depth has been reached
use `set_option maxRecDepth <num>` to increase limit
use `set_option diagnostics true` to get diagnostic information
/home/dombarker/project-offloads/aspis-r57-lean-src-20260929-a/AspisV8R19/R386CopyDegree.lean:184:2: error: maximum recursion depth has been reached
use `set_option maxRecDepth <num>` to increase limit
use `set_option diagnostics true` to get diagnostic information
/home/dombarker/project-offloads/aspis-r57-lean-src-20260929-a/AspisV8R19/R386CopyDegree.lean:187:2: error: maximum recursion depth has been reached
use `set_option maxRecDepth <num>` to increase limit
use `set_option diagnostics true` to get diagnostic information
/home/dombarker/project-offloads/aspis-r57-lean-src-20260929-a/AspisV8R19/R386CopyDegree.lean:197:2: error: maximum recursion depth has been reached
use `set_option maxRecDepth <num>` to increase limit
use `set_option diagnostics true` to get diagnostic information
/home/dombarker/project-offloads/aspis-r57-lean-src-20260929-a/AspisV8R19/R386CopyDegree.lean:200:2: error: maximum recursion depth has been reached
use `set_option maxRecDepth <num>` to increase limit
use `set_option diagnostics true` to get diagnostic information
/home/dombarker/project-offloads/aspis-r57-lean-src-20260929-a/AspisV8R19/R386CopyDegree.lean:209:86: error: maximum recursion depth has been reached
use `set_option maxRecDepth <num>` to increase limit
use `set_option diagnostics true` to get diagnostic information
/home/dombarker/project-offloads/aspis-r57-lean-src-20260929-a/AspisV8R19/R386CopyDegree.lean:243:103: error: maximum recursion depth has been reached
use `set_option maxRecDepth <num>` to increase limit
use `set_option diagnostics true` to get diagnostic information
'AspisR19.R386CopyDegree.rowSelector_degree' depends on axioms: [propext, Classical.choice, Quot.sound]
'AspisR19.R386CopyDegree.copyInnerValue_degree' depends on axioms: [propext, Classical.choice, Quot.sound]
'AspisR19.R386CopyDegree.copyValue_degree' depends on axioms: [propext, Classical.choice, Quot.sound]
'AspisR19.R386CopyDegree.copyWeight_degree' depends on axioms: [propext, Classical.choice, Quot.sound]
'AspisR19.R386CopyDegree.copyActive_degree' depends on axioms: [propext, Classical.choice, Quot.sound]
'AspisR19.R386CopyDegree.copyDenom_degree' depends on axioms: [propext, Classical.choice, Quot.sound]
'AspisR19.R386CopyDegree.copyPairDen_degree' depends on axioms: [propext, sorryAx, Classical.choice, Quot.sound]
'AspisR19.R386CopyDegree.copyOtherDen_degree' depends on axioms: [propext, sorryAx, Classical.choice, Quot.sound]
'AspisR19.R386CopyDegree.copyPairNumerator_degree' depends on axioms: [propext, sorryAx, Classical.choice, Quot.sound]
'AspisR19.R386CopyDegree.copyOtherNumerator_degree' depends on axioms: [propext, sorryAx, Classical.choice, Quot.sound]
'AspisR19.R386CopyDegree.copyCore_degree' depends on axioms: [propext, sorryAx, Classical.choice, Quot.sound]
'AspisR19.R386CopyDegree.copyResidual_degree' depends on axioms: [propext, sorryAx, Classical.choice, Quot.sound]
'AspisR19.R386CopyDegree.copyZerocheck_degree' depends on axioms: [propext, sorryAx, Classical.choice, Quot.sound]
'AspisR19.R386CopyDegree.copyInactiveHelper_degree' depends on axioms: [propext, Classical.choice, Quot.sound]
Command exited with non-zero status 1
	Command being timed: "/home/dombarker/.elan/bin/lake --dir /home/dombarker/project-offloads/aspis-r126-release-20260930-a/focus-workspace env lean -j1 -M4500 -R /home/dombarker/project-offloads/aspis-r57-lean-src-20260929-a -o /home/dombarker/project-offloads/aspis-r126-release-20260930-a/lib/AspisV8R19/R386CopyDegree.olean /home/dombarker/project-offloads/aspis-r57-lean-src-20260929-a/AspisV8R19/R386CopyDegree.lean"
	User time (seconds): 33.31
	System time (seconds): 0.64
	Percent of CPU this job got: 100%
	Elapsed (wall clock) time (h:mm:ss or m:ss): 0:33.95
	Average shared text size (kbytes): 0
	Average unshared data size (kbytes): 0
	Average stack size (kbytes): 0
	Average total size (kbytes): 0
	Maximum resident set size (kbytes): 4543776
	Average resident set size (kbytes): 0
	Major (requiring I/O) page faults: 0
	Minor (reclaiming a frame) page faults: 97586
	Voluntary context switches: 1266
	Involuntary context switches: 239
	Swaps: 0
	File system inputs: 0
	File system outputs: 0
	Socket messages sent: 0
	Socket messages received: 0
	Signals delivered: 0
	Page size (bytes): 4096
	Exit status: 1
Finished with result: exit-code
Main processes terminated with: code=exited/status=1
Service runtime: 33.978s
CPU time consumed: 33.984s
Memory peak: 512.0K
Memory swap peak: 0B
