Warning: Permanently added '100.108.41.90' (ED25519) to the list of known hosts.
Running as unit: aspis-focus-1790955304959317000.service; invocation ID: cde490ddf8264b0c85f5ee12b34600e7
'AspisR19.R386CopyDegree.rowSelector_degree' depends on axioms: [propext, Classical.choice, Quot.sound]
'AspisR19.R386CopyDegree.copyInnerValue_degree' depends on axioms: [propext, Classical.choice, Quot.sound]
'AspisR19.R386CopyDegree.copyValue_degree' depends on axioms: [propext, Classical.choice, Quot.sound]
'AspisR19.R386CopyDegree.copyWeight_degree' depends on axioms: [propext, Classical.choice, Quot.sound]
'AspisR19.R386CopyDegree.copyActive_degree' depends on axioms: [propext, Classical.choice, Quot.sound]
'AspisR19.R386CopyDegree.genericDenom_degree' depends on axioms: [propext, Classical.choice, Quot.sound]
'AspisR19.R386CopyDegree.genericPairDen_degree' depends on axioms: [propext, Classical.choice, Quot.sound]
'AspisR19.R386CopyDegree.genericOtherDen_degree' depends on axioms: [propext, Classical.choice, Quot.sound]
'AspisR19.R386CopyDegree.genericPairNumerator_degree' depends on axioms: [propext, Classical.choice, Quot.sound]
'AspisR19.R386CopyDegree.genericOtherNumerator_degree' depends on axioms: [propext, Classical.choice, Quot.sound]
'AspisR19.R386CopyDegree.genericCopyCore_degree' depends on axioms: [propext, Classical.choice, Quot.sound]
'AspisR19.R386CopyDegree.genericCopyResidual_degree' depends on axioms: [propext, Classical.choice, Quot.sound]
'AspisR19.R386CopyDegree.copyResidual_degree' depends on axioms: [propext, Classical.choice, Quot.sound]
'AspisR19.R386CopyDegree.copyZerocheck_degree' depends on axioms: [propext, Classical.choice, Quot.sound]
'AspisR19.R386CopyDegree.copyInactiveHelper_degree' depends on axioms: [propext, Classical.choice, Quot.sound]
	Command being timed: "/home/dombarker/.elan/bin/lake --dir /home/dombarker/project-offloads/aspis-r126-release-20260930-a/focus-workspace env lean -j1 -M4500 -R /home/dombarker/project-offloads/aspis-r57-lean-src-20260929-a -o /home/dombarker/project-offloads/aspis-r126-release-20260930-a/lib/AspisV8R19/R386CopyDegree.olean /home/dombarker/project-offloads/aspis-r57-lean-src-20260929-a/AspisV8R19/R386CopyDegree.lean"
	User time (seconds): 5.52
	System time (seconds): 0.35
	Percent of CPU this job got: 100%
	Elapsed (wall clock) time (h:mm:ss or m:ss): 0:05.87
	Average shared text size (kbytes): 0
	Average unshared data size (kbytes): 0
	Average stack size (kbytes): 0
	Average total size (kbytes): 0
	Maximum resident set size (kbytes): 3382588
	Average resident set size (kbytes): 0
	Major (requiring I/O) page faults: 0
	Minor (reclaiming a frame) page faults: 56456
	Voluntary context switches: 1419
	Involuntary context switches: 80
	Swaps: 0
	File system inputs: 24
	File system outputs: 352
	Socket messages sent: 0
	Socket messages received: 0
	Signals delivered: 0
	Page size (bytes): 4096
	Exit status: 0
Finished with result: success
Main processes terminated with: code=exited/status=0
Service runtime: 5.915s
CPU time consumed: 5.919s
Memory peak: 512.0K
Memory swap peak: 0B
