Warning: Permanently added '100.108.41.90' (ED25519) to the list of known hosts.
Running as unit: aspis-focus-1790954489244055000.service; invocation ID: 7d57cf35c4774fcb8870d706667a8c3b
/home/dombarker/project-offloads/aspis-r57-lean-src-20260929-a/AspisV8R19/R386CopyDegree.lean:161:2: error: maximum recursion depth has been reached
use `set_option maxRecDepth <num>` to increase limit
use `set_option diagnostics true` to get diagnostic information
/home/dombarker/project-offloads/aspis-r57-lean-src-20260929-a/AspisV8R19/R386CopyDegree.lean:174:2: error: maximum recursion depth has been reached
use `set_option maxRecDepth <num>` to increase limit
use `set_option diagnostics true` to get diagnostic information
/home/dombarker/project-offloads/aspis-r57-lean-src-20260929-a/AspisV8R19/R386CopyDegree.lean:188:4: error: maximum recursion depth has been reached
use `set_option maxRecDepth <num>` to increase limit
use `set_option diagnostics true` to get diagnostic information
/home/dombarker/project-offloads/aspis-r57-lean-src-20260929-a/AspisV8R19/R386CopyDegree.lean:194:4: error: maximum recursion depth has been reached
use `set_option maxRecDepth <num>` to increase limit
use `set_option diagnostics true` to get diagnostic information
/home/dombarker/project-offloads/aspis-r57-lean-src-20260929-a/AspisV8R19/R386CopyDegree.lean:208:4: error: maximum recursion depth has been reached
use `set_option maxRecDepth <num>` to increase limit
use `set_option diagnostics true` to get diagnostic information
/home/dombarker/project-offloads/aspis-r57-lean-src-20260929-a/AspisV8R19/R386CopyDegree.lean:214:4: error: maximum recursion depth has been reached
use `set_option maxRecDepth <num>` to increase limit
use `set_option diagnostics true` to get diagnostic information
/home/dombarker/project-offloads/aspis-r57-lean-src-20260929-a/AspisV8R19/R386CopyDegree.lean:262:24: error: Application type mismatch: The argument
  hNPn
has type
  (copyOtherDen tables valueCoeff tag z j chi * copyPairNumerator tables valueCoeff tag weightCoeff z j chi).natDegree ≤
    7
but is expected to have type
  (copyOtherDen tables valueCoeff tag z j chi * copyPairNumerator tables valueCoeff tag weightCoeff z j chi).natDegree ≤
    9
in the application
  sub_bound hPHCn hNPn
/home/dombarker/project-offloads/aspis-r57-lean-src-20260929-a/AspisV8R19/R386CopyDegree.lean:221:8: error: (kernel) excessive memory consumption detected
/home/dombarker/project-offloads/aspis-r57-lean-src-20260929-a/AspisV8R19/R386CopyDegree.lean:264:8: error: (kernel) excessive memory consumption detected
'AspisR19.R386CopyDegree.rowSelector_degree' depends on axioms: [propext, Classical.choice, Quot.sound]
'AspisR19.R386CopyDegree.copyInnerValue_degree' depends on axioms: [propext, Classical.choice, Quot.sound]
'AspisR19.R386CopyDegree.copyValue_degree' depends on axioms: [propext, Classical.choice, Quot.sound]
'AspisR19.R386CopyDegree.copyWeight_degree' depends on axioms: [propext, Classical.choice, Quot.sound]
'AspisR19.R386CopyDegree.copyActive_degree' depends on axioms: [propext, Classical.choice, Quot.sound]
'AspisR19.R386CopyDegree.copyDenom_degree' depends on axioms: [propext, Classical.choice, Quot.sound]
'AspisR19.R386CopyDegree.copyPairDen_degree' depends on axioms: [propext, sorryAx, Classical.choice, Quot.sound]
'AspisR19.R386CopyDegree.copyOtherDen_degree' depends on axioms: [propext, sorryAx, Classical.choice, Quot.sound]
'AspisR19.R386CopyDegree.copyPairNumerator_degree' depends on axioms: [propext, sorryAx, Classical.choice, Quot.sound]
'AspisR19.R386CopyDegree.copyOtherNumerator_degree' depends on axioms: [propext, sorryAx, Classical.choice, Quot.sound]
'AspisR19.R386CopyDegree.copyCore_degree' depends on axioms: [propext, Classical.choice, Quot.sound, copyCore_degree]
'AspisR19.R386CopyDegree.copyResidual_degree' depends on axioms: [propext,
 Classical.choice,
 Quot.sound,
 copyResidual_degree]
'AspisR19.R386CopyDegree.copyZerocheck_degree' depends on axioms: [propext,
 Classical.choice,
 Quot.sound,
 copyResidual_degree]
'AspisR19.R386CopyDegree.copyInactiveHelper_degree' depends on axioms: [propext, Classical.choice, Quot.sound]
Command exited with non-zero status 1
	Command being timed: "/home/dombarker/.elan/bin/lake --dir /home/dombarker/project-offloads/aspis-r126-release-20260930-a/focus-workspace env lean -j1 -M4500 -R /home/dombarker/project-offloads/aspis-r57-lean-src-20260929-a -o /home/dombarker/project-offloads/aspis-r126-release-20260930-a/lib/AspisV8R19/R386CopyDegree.olean /home/dombarker/project-offloads/aspis-r57-lean-src-20260929-a/AspisV8R19/R386CopyDegree.lean"
	User time (seconds): 78.79
	System time (seconds): 1.04
	Percent of CPU this job got: 100%
	Elapsed (wall clock) time (h:mm:ss or m:ss): 1:19.84
	Average shared text size (kbytes): 0
	Average unshared data size (kbytes): 0
	Average stack size (kbytes): 0
	Average total size (kbytes): 0
	Maximum resident set size (kbytes): 4610260
	Average resident set size (kbytes): 0
	Major (requiring I/O) page faults: 0
	Minor (reclaiming a frame) page faults: 204730
	Voluntary context switches: 1157
	Involuntary context switches: 483
	Swaps: 0
	File system inputs: 0
	File system outputs: 0
	Socket messages sent: 0
	Socket messages received: 0
	Signals delivered: 0
	Page size (bytes): 4096
	Exit status: 1
Finished with result: exit-code
Main processes terminated with: code=exited/status=1
Service runtime: 1min 19.870s
CPU time consumed: 1min 19.871s
Memory peak: 328.0K
Memory swap peak: 0B
