Warning: Permanently added '100.108.41.90' (ED25519) to the list of known hosts.
Running as unit: aspis-focus-1791160586994162000-6313e336f09c.service; invocation ID: 006bf759e60f4fcf992ccea5cfa0f4c6
'AspisV8R19.R833RootFixedJointPolynomial.eval_rootFixedEntry' depends on axioms: [propext, Classical.choice, Quot.sound]
'AspisV8R19.R833RootFixedJointPolynomial.eval_rootFixedMatrix' depends on axioms: [propext,
 Classical.choice,
 Quot.sound]
'AspisV8R19.R833RootFixedJointPolynomial.eval_rootFixedMatrix_det' depends on axioms: [propext,
 Classical.choice,
 Quot.sound]
	Command being timed: "/home/dombarker/.elan/bin/lake --dir /home/dombarker/project-offloads/aspis-r126-release-20260930-a/focus-workspace env lean -j1 -M4500 -R /home/dombarker/project-offloads/aspis-r57-lean-src-20260929-a -o /home/dombarker/project-offloads/aspis-r126-release-20260930-a/lib/AspisV8R19/R833RootFixedJointPolynomial.olean /home/dombarker/project-offloads/aspis-r57-lean-src-20260929-a/AspisV8R19/R833RootFixedJointPolynomial.lean"
	User time (seconds): 1.33
	System time (seconds): 0.35
	Percent of CPU this job got: 100%
	Elapsed (wall clock) time (h:mm:ss or m:ss): 0:01.69
	Average shared text size (kbytes): 0
	Average unshared data size (kbytes): 0
	Average stack size (kbytes): 0
	Average total size (kbytes): 0
	Maximum resident set size (kbytes): 3305760
	Average resident set size (kbytes): 0
	Major (requiring I/O) page faults: 0
	Minor (reclaiming a frame) page faults: 77753
	Voluntary context switches: 790
	Involuntary context switches: 60
	Swaps: 0
	File system inputs: 0
	File system outputs: 272
	Socket messages sent: 0
	Socket messages received: 0
	Signals delivered: 0
	Page size (bytes): 4096
	Exit status: 0
Finished with result: success
Main processes terminated with: code=exited/status=0
Service runtime: 1.718s
CPU time consumed: 1.720s
Memory peak: 556.0K
Memory swap peak: 0B
