Warning: Permanently added '100.108.41.90' (ED25519) to the list of known hosts.
Running as unit: aspis-focus-1791055019671271000.service; invocation ID: 0df6f8a62cd242eebedc9a23da8a78a8
/home/dombarker/project-offloads/aspis-r57-lean-src-20260929-a/AspisR520SourceMaskLinearity/SourceMaskLinearity.lean:16:6: error: Tactic `rewrite` failed: Did not find an occurrence of the pattern
  ∑ x ∈ ?m.20, (?m.22 x + ?m.23 x)
in the target expression
  ∑ r ∈ Finset.range 1024, AspisR19.CircleWeightBridge.sourceWeight x y r * (u + v) r =
    ∑ r ∈ Finset.range 1024, AspisR19.CircleWeightBridge.sourceWeight x y r * u r +
      ∑ r ∈ Finset.range 1024, AspisR19.CircleWeightBridge.sourceWeight x y r * v r

F : Type u_1
inst✝ : Field F
u v : ℕ → F
x y : F
⊢ ∑ r ∈ Finset.range 1024, AspisR19.CircleWeightBridge.sourceWeight x y r * (u + v) r =
    ∑ r ∈ Finset.range 1024, AspisR19.CircleWeightBridge.sourceWeight x y r * u r +
      ∑ r ∈ Finset.range 1024, AspisR19.CircleWeightBridge.sourceWeight x y r * v r
/home/dombarker/project-offloads/aspis-r57-lean-src-20260929-a/AspisR520SourceMaskLinearity/SourceMaskLinearity.lean:35:16: error(lean.unknownIdentifier): Unknown identifier `T163SourceTable.inactive`
/home/dombarker/project-offloads/aspis-r57-lean-src-20260929-a/AspisR520SourceMaskLinearity/SourceMaskLinearity.lean:35:46: error(lean.unknownIdentifier): Unknown identifier `T163SourceTable.order`
/home/dombarker/project-offloads/aspis-r57-lean-src-20260929-a/AspisR520SourceMaskLinearity/SourceMaskLinearity.lean:37:16: error(lean.unknownIdentifier): Unknown identifier `T163SourceTable.inactive`
/home/dombarker/project-offloads/aspis-r57-lean-src-20260929-a/AspisR520SourceMaskLinearity/SourceMaskLinearity.lean:37:46: error(lean.unknownIdentifier): Unknown identifier `T163SourceTable.order`
/home/dombarker/project-offloads/aspis-r57-lean-src-20260929-a/AspisR520SourceMaskLinearity/SourceMaskLinearity.lean:39:16: error(lean.unknownIdentifier): Unknown identifier `T163SourceTable.inactive`
/home/dombarker/project-offloads/aspis-r57-lean-src-20260929-a/AspisR520SourceMaskLinearity/SourceMaskLinearity.lean:39:46: error(lean.unknownIdentifier): Unknown identifier `T163SourceTable.order`
/home/dombarker/project-offloads/aspis-r57-lean-src-20260929-a/AspisR520SourceMaskLinearity/SourceMaskLinearity.lean:47:16: error(lean.unknownIdentifier): Unknown identifier `T163SourceTable.inactive`
/home/dombarker/project-offloads/aspis-r57-lean-src-20260929-a/AspisR520SourceMaskLinearity/SourceMaskLinearity.lean:47:46: error(lean.unknownIdentifier): Unknown identifier `T163SourceTable.order`
/home/dombarker/project-offloads/aspis-r57-lean-src-20260929-a/AspisR520SourceMaskLinearity/SourceMaskLinearity.lean:49:16: error(lean.unknownIdentifier): Unknown identifier `T163SourceTable.inactive`
/home/dombarker/project-offloads/aspis-r57-lean-src-20260929-a/AspisR520SourceMaskLinearity/SourceMaskLinearity.lean:49:46: error(lean.unknownIdentifier): Unknown identifier `T163SourceTable.order`
/home/dombarker/project-offloads/aspis-r57-lean-src-20260929-a/AspisR520SourceMaskLinearity/SourceMaskLinearity.lean:61:16: error(lean.unknownIdentifier): Unknown identifier `T163SourceTable.inactive`
/home/dombarker/project-offloads/aspis-r57-lean-src-20260929-a/AspisR520SourceMaskLinearity/SourceMaskLinearity.lean:61:46: error(lean.unknownIdentifier): Unknown identifier `T163SourceTable.order`
/home/dombarker/project-offloads/aspis-r57-lean-src-20260929-a/AspisR520SourceMaskLinearity/SourceMaskLinearity.lean:63:18: error(lean.unknownIdentifier): Unknown identifier `T163SourceTable.inactive`
/home/dombarker/project-offloads/aspis-r57-lean-src-20260929-a/AspisR520SourceMaskLinearity/SourceMaskLinearity.lean:63:48: error(lean.unknownIdentifier): Unknown identifier `T163SourceTable.order`
/home/dombarker/project-offloads/aspis-r57-lean-src-20260929-a/AspisR520SourceMaskLinearity/SourceMaskLinearity.lean:65:18: error(lean.unknownIdentifier): Unknown identifier `T163SourceTable.inactive`
/home/dombarker/project-offloads/aspis-r57-lean-src-20260929-a/AspisR520SourceMaskLinearity/SourceMaskLinearity.lean:65:48: error(lean.unknownIdentifier): Unknown identifier `T163SourceTable.order`
/home/dombarker/project-offloads/aspis-r57-lean-src-20260929-a/AspisR520SourceMaskLinearity/SourceMaskLinearity.lean:58:92: error: unsolved goals
F : Type u_1
inst✝ : Field F
m n : Fin 1024 → F
x y : F
⊢ sourceEvaluate (fun r => if h : r < 1024 then transport inactive 1023 order (m + n) ⟨r, h⟩ else 0) x y =
    sourceEvaluate (fun r => if h : r < 1024 then transport inactive 1023 order m ⟨r, h⟩ else 0) x y +
      sourceEvaluate (fun r => if h : r < 1024 then transport inactive 1023 order n ⟨r, h⟩ else 0) x y
/home/dombarker/project-offloads/aspis-r57-lean-src-20260929-a/AspisR520SourceMaskLinearity/SourceMaskLinearity.lean:73:16: error(lean.unknownIdentifier): Unknown identifier `T163SourceTable.inactive`
/home/dombarker/project-offloads/aspis-r57-lean-src-20260929-a/AspisR520SourceMaskLinearity/SourceMaskLinearity.lean:73:46: error(lean.unknownIdentifier): Unknown identifier `T163SourceTable.order`
/home/dombarker/project-offloads/aspis-r57-lean-src-20260929-a/AspisR520SourceMaskLinearity/SourceMaskLinearity.lean:75:18: error(lean.unknownIdentifier): Unknown identifier `T163SourceTable.inactive`
/home/dombarker/project-offloads/aspis-r57-lean-src-20260929-a/AspisR520SourceMaskLinearity/SourceMaskLinearity.lean:75:48: error(lean.unknownIdentifier): Unknown identifier `T163SourceTable.order`
/home/dombarker/project-offloads/aspis-r57-lean-src-20260929-a/AspisR520SourceMaskLinearity/SourceMaskLinearity.lean:70:80: error: unsolved goals
F : Type u_1
inst✝ : Field F
c : F
m : Fin 1024 → F
x y : F
⊢ sourceEvaluate (fun r => if h : r < 1024 then transport inactive 1023 order (fun i => c * m i) ⟨r, h⟩ else 0) x y =
    c * sourceEvaluate (fun r => if h : r < 1024 then transport inactive 1023 order m ⟨r, h⟩ else 0) x y
/home/dombarker/project-offloads/aspis-r57-lean-src-20260929-a/AspisR520SourceMaskLinearity/SourceMaskLinearity.lean:82:16: error(lean.unknownIdentifier): Unknown identifier `T163SourceTable.inactive`
/home/dombarker/project-offloads/aspis-r57-lean-src-20260929-a/AspisR520SourceMaskLinearity/SourceMaskLinearity.lean:82:46: error(lean.unknownIdentifier): Unknown identifier `T163SourceTable.order`
/home/dombarker/project-offloads/aspis-r57-lean-src-20260929-a/AspisR520SourceMaskLinearity/SourceMaskLinearity.lean:79:101: error: unsolved goals
F : Type u_1
inst✝ : Field F
x y : F
⊢ sourceEvaluate (fun r => if h : r < 1024 then transport inactive 1023 order 0 ⟨r, h⟩ else 0) x y = 0
/home/dombarker/project-offloads/aspis-r57-lean-src-20260929-a/AspisR520SourceMaskLinearity/SourceMaskLinearity.lean:95:32: error: unexpected token 'in'; expected ','
'AspisR520SourceMaskLinearity.sourceMaskEvaluate_add' depends on axioms: [propext,
 sorryAx,
 Classical.choice,
 Quot.sound]
'AspisR520SourceMaskLinearity.sourceMaskEvaluate_mul' depends on axioms: [propext,
 sorryAx,
 Classical.choice,
 Quot.sound]
'AspisR520SourceMaskLinearity.sourceMaskEvaluate_fin_sum' depends on axioms: [propext,
 sorryAx,
 Classical.choice,
 Quot.sound]
'AspisR520SourceMaskLinearity.sourceMaskEvaluate_weighted_fin_sum' depends on axioms: [propext,
 sorryAx,
 Classical.choice,
 Quot.sound]
Command exited with non-zero status 1
	Command being timed: "/home/dombarker/.elan/bin/lake --dir /home/dombarker/project-offloads/aspis-r126-release-20260930-a/focus-workspace env lean -j1 -M4500 -R /home/dombarker/project-offloads/aspis-r57-lean-src-20260929-a -o /home/dombarker/project-offloads/aspis-r126-release-20260930-a/lib/AspisR520SourceMaskLinearity/SourceMaskLinearity.olean /home/dombarker/project-offloads/aspis-r57-lean-src-20260929-a/AspisR520SourceMaskLinearity/SourceMaskLinearity.lean"
	User time (seconds): 0.74
	System time (seconds): 0.22
	Percent of CPU this job got: 100%
	Elapsed (wall clock) time (h:mm:ss or m:ss): 0:00.96
	Average shared text size (kbytes): 0
	Average unshared data size (kbytes): 0
	Average stack size (kbytes): 0
	Average total size (kbytes): 0
	Maximum resident set size (kbytes): 2285856
	Average resident set size (kbytes): 0
	Major (requiring I/O) page faults: 1
	Minor (reclaiming a frame) page faults: 53154
	Voluntary context switches: 773
	Involuntary context switches: 40
	Swaps: 0
	File system inputs: 128
	File system outputs: 0
	Socket messages sent: 0
	Socket messages received: 0
	Signals delivered: 0
	Page size (bytes): 4096
	Exit status: 1
Finished with result: exit-code
Main processes terminated with: code=exited/status=1
Service runtime: 991ms
CPU time consumed: 1.000s
Memory peak: 548.0K
Memory swap peak: 0B
