Warning: Permanently added '100.108.41.90' (ED25519) to the list of known hosts.
Running as unit: aspis-focus-1791055084251769000.service; invocation ID: 70dda074b0e043feae8915fc896cdd77
'AspisR520SourceMaskLinearity.sourceMaskEvaluate_add' depends on axioms: [propext, Classical.choice, Quot.sound]
'AspisR520SourceMaskLinearity.sourceMaskEvaluate_mul' depends on axioms: [propext, Classical.choice, Quot.sound]
'AspisR520SourceMaskLinearity.sourceMaskEvaluate_fin_sum' depends on axioms: [propext, Classical.choice, Quot.sound]
'AspisR520SourceMaskLinearity.sourceMaskEvaluate_weighted_fin_sum' depends on axioms: [propext,
 Classical.choice,
 Quot.sound]
	Command being timed: "/home/dombarker/.elan/bin/lake --dir /home/dombarker/project-offloads/aspis-r126-release-20260930-a/focus-workspace env lean -j1 -M4500 -R /home/dombarker/project-offloads/aspis-r57-lean-src-20260929-a -o /home/dombarker/project-offloads/aspis-r126-release-20260930-a/lib/AspisR520SourceMaskLinearity/SourceMaskLinearity.olean /home/dombarker/project-offloads/aspis-r57-lean-src-20260929-a/AspisR520SourceMaskLinearity/SourceMaskLinearity.lean"
	User time (seconds): 0.86
	System time (seconds): 0.23
	Percent of CPU this job got: 100%
	Elapsed (wall clock) time (h:mm:ss or m:ss): 0:01.09
	Average shared text size (kbytes): 0
	Average unshared data size (kbytes): 0
	Average stack size (kbytes): 0
	Average total size (kbytes): 0
	Maximum resident set size (kbytes): 2299792
	Average resident set size (kbytes): 0
	Major (requiring I/O) page faults: 0
	Minor (reclaiming a frame) page faults: 53253
	Voluntary context switches: 944
	Involuntary context switches: 47
	Swaps: 0
	File system inputs: 0
	File system outputs: 296
	Socket messages sent: 0
	Socket messages received: 0
	Signals delivered: 0
	Page size (bytes): 4096
	Exit status: 0
Finished with result: success
Main processes terminated with: code=exited/status=0
Service runtime: 1.120s
CPU time consumed: 1.124s
Memory peak: 324.0K
Memory swap peak: 0B
