Warning: Permanently added '100.108.41.90' (ED25519) to the list of known hosts.
Running as unit: aspis-focus-1791167720410922000-aa08da03eb9f.service; invocation ID: e522ebc48d21475ab96d6fb886d4398d
/home/dombarker/project-offloads/aspis-r57-lean-src-20260929-a/AspisV8R19/R865PointWeightBlock.lean:38:74: warning: Used `tac1 <;> tac2` where `(tac1; tac2)` would suffice

Note: This linter can be disabled with `set_option linter.unnecessarySeqFocus false`
/home/dombarker/project-offloads/aspis-r57-lean-src-20260929-a/AspisV8R19/R865PointWeightBlock.lean:222:64: warning: Variable name `hi` is not explicitly referenced.

The binding can be removed (if unused) or named `_` (if used implicitly).

Note: This linter can be disabled with `set_option linter.unusedVariables false`
/home/dombarker/project-offloads/aspis-r57-lean-src-20260929-a/AspisV8R19/R865PointWeightBlock.lean:232:63: warning: Variable name `hi` is not explicitly referenced.

The binding can be removed (if unused) or named `_` (if used implicitly).

Note: This linter can be disabled with `set_option linter.unusedVariables false`
/home/dombarker/project-offloads/aspis-r57-lean-src-20260929-a/AspisV8R19/R865PointWeightBlock.lean:307:6: warning: 'exact p1_sourceW_576 _ (by decide) (Or.inr (by decide)) (by decide)' tactic does nothing

Note: This linter can be disabled with `set_option linter.unusedTactic false`
/home/dombarker/project-offloads/aspis-r57-lean-src-20260929-a/AspisV8R19/R865PointWeightBlock.lean:307:6: warning: this tactic is never executed

Note: This linter can be disabled with `set_option linter.unreachableTactic false`
/home/dombarker/project-offloads/aspis-r57-lean-src-20260929-a/AspisV8R19/R865PointWeightBlock.lean:322:8: error: Tactic `rewrite` failed: Did not find an occurrence of the pattern
  sourceW point 2
in the target expression
  7 * sourceW point (2 * 192) + 5 * C - 5 * sourceW point (2 * 192 + 1) =
    7 * sourceW point (2 * 0) + 5 * C - 5 * sourceW point (2 * 0 + 1)

case «0»
point : Fin 10 → M
C : M
hw : ∀ n ∈ stencilPositions, sourceW point n = C
h2 : sourceW point 2 = C
h386 : sourceW point 386 = C
⊢ 7 * sourceW point (2 * 192) + 5 * C - 5 * sourceW point (2 * 192 + 1) =
    7 * sourceW point (2 * 0) + 5 * C - 5 * sourceW point (2 * 0 + 1)
/home/dombarker/project-offloads/aspis-r57-lean-src-20260929-a/AspisV8R19/R865PointWeightBlock.lean:335:8: error: Tactic `rewrite` failed: Did not find an occurrence of the pattern
  sourceW point 2
in the target expression
  -5 * (sourceW point (2 * 192) - C) + 7 * sourceW point (2 * 192 + 1) + 5 * C =
    -5 * (sourceW point (2 * 0) - C) + 7 * sourceW point (2 * 0 + 1) + 5 * C

case «1»
point : Fin 10 → M
C : M
hw : ∀ n ∈ stencilPositions, sourceW point n = C
h2 : sourceW point 2 = C
h3 : sourceW point 3 = C
h386 : sourceW point 386 = C
h387 : sourceW point 387 = C
⊢ -5 * (sourceW point (2 * 192) - C) + 7 * sourceW point (2 * 192 + 1) + 5 * C =
    -5 * (sourceW point (2 * 0) - C) + 7 * sourceW point (2 * 0 + 1) + 5 * C
/home/dombarker/project-offloads/aspis-r57-lean-src-20260929-a/AspisV8R19/R865PointWeightBlock.lean:345:8: error: Tactic `rewrite` failed: Did not find an occurrence of the pattern
  sourceW point 4
in the target expression
  7 * sourceW point (2 * 193) + 5 * C - 5 * sourceW point (2 * 193 + 1) =
    7 * sourceW point (2 * 1) + 5 * C - 5 * sourceW point (2 * 1 + 1)

case «2»
point : Fin 10 → M
C : M
hw : ∀ n ∈ stencilPositions, sourceW point n = C
h4 : sourceW point 4 = C
h388 : sourceW point 388 = C
⊢ 7 * sourceW point (2 * 193) + 5 * C - 5 * sourceW point (2 * 193 + 1) =
    7 * sourceW point (2 * 1) + 5 * C - 5 * sourceW point (2 * 1 + 1)
/home/dombarker/project-offloads/aspis-r57-lean-src-20260929-a/AspisV8R19/R865PointWeightBlock.lean:358:8: error: Tactic `rewrite` failed: Did not find an occurrence of the pattern
  sourceW point 4
in the target expression
  -5 * (sourceW point (2 * 193) - C) + 7 * sourceW point (2 * 193 + 1) + 5 * C =
    -5 * (sourceW point (2 * 1) - C) + 7 * sourceW point (2 * 1 + 1) + 5 * C

case «3»
point : Fin 10 → M
C : M
hw : ∀ n ∈ stencilPositions, sourceW point n = C
h4 : sourceW point 4 = C
h5 : sourceW point 5 = C
h388 : sourceW point 388 = C
h389 : sourceW point 389 = C
⊢ -5 * (sourceW point (2 * 193) - C) + 7 * sourceW point (2 * 193 + 1) + 5 * C =
    -5 * (sourceW point (2 * 1) - C) + 7 * sourceW point (2 * 1 + 1) + 5 * C
/home/dombarker/project-offloads/aspis-r57-lean-src-20260929-a/AspisV8R19/R865PointWeightBlock.lean:372:10: error: (deterministic) timeout at `isDefEq`, maximum number of heartbeats (200000) has been reached

Note: Use `set_option maxHeartbeats <num>` to set the limit.

Hint: Additional diagnostic information may be available using the `set_option diagnostics true` command.
/home/dombarker/project-offloads/aspis-r57-lean-src-20260929-a/AspisV8R19/R865PointWeightBlock.lean:361:0: error: (deterministic) timeout at `whnf`, maximum number of heartbeats (200000) has been reached

Note: Use `set_option maxHeartbeats <num>` to set the limit.

Hint: Additional diagnostic information may be available using the `set_option diagnostics true` command.
'AspisV8R19.R865PointWeightBlock.all_three_point_weight_blocks' does not depend on any axioms
AspisV8R19.R865PointWeightBlock.pw_even_formula (point : Fin 10 → M) (i : ℕ) (hi : i < 512) :
  pw point (2 * i) = 7 * we point i + 5 * sourceGather half (we point) i - 5 * wo point i
AspisV8R19.R865PointWeightBlock.pw_odd_formula (point : Fin 10 → M) (i : ℕ) (hi : i < 512) :
  pw point (2 * i + 1) =
    -5 * (we point i - sourceGather half (sourceGather half (we point)) i) + 7 * wo point i +
      5 * sourceGather half (wo point) i
'_private.AspisV8R19.R865PointWeightBlock.0.AspisV8R19.R865PointWeightBlock.pw_even_formula' depends on axioms: [propext,
 Classical.choice,
 Quot.sound]
'_private.AspisV8R19.R865PointWeightBlock.0.AspisV8R19.R865PointWeightBlock.pw_odd_formula' depends on axioms: [propext,
 Classical.choice,
 Quot.sound]
Command exited with non-zero status 1
	Command being timed: "/home/dombarker/.elan/bin/lake --dir /home/dombarker/project-offloads/aspis-r126-release-20260930-a/focus-workspace env lean -j1 -M4500 -R /home/dombarker/project-offloads/aspis-r57-lean-src-20260929-a -o /home/dombarker/project-offloads/aspis-r126-release-20260930-a/lib/AspisV8R19/R865PointWeightBlock.olean /home/dombarker/project-offloads/aspis-r57-lean-src-20260929-a/AspisV8R19/R865PointWeightBlock.lean"
	User time (seconds): 16.79
	System time (seconds): 0.42
	Percent of CPU this job got: 100%
	Elapsed (wall clock) time (h:mm:ss or m:ss): 0:17.20
	Average shared text size (kbytes): 0
	Average unshared data size (kbytes): 0
	Average stack size (kbytes): 0
	Average total size (kbytes): 0
	Maximum resident set size (kbytes): 3371636
	Average resident set size (kbytes): 0
	Major (requiring I/O) page faults: 0
	Minor (reclaiming a frame) page faults: 99387
	Voluntary context switches: 1747
	Involuntary context switches: 146
	Swaps: 0
	File system inputs: 0
	File system outputs: 0
	Socket messages sent: 0
	Socket messages received: 0
	Signals delivered: 0
	Page size (bytes): 4096
	Exit status: 1
Finished with result: exit-code
Main processes terminated with: code=exited/status=1
Service runtime: 17.239s
CPU time consumed: 17.255s
Memory peak: 328.0K
Memory swap peak: 0B
