Warning: Permanently added '100.108.41.90' (ED25519) to the list of known hosts.
Running as unit: aspis-focus-1791167400696407000-3d3e16ad9341.service; invocation ID: 7d2c6ed8d5cc49f997c1e33987ec16a0
/home/dombarker/project-offloads/aspis-r57-lean-src-20260929-a/AspisV8R19/R865PointWeightBlock.lean:33:74: warning: Used `tac1 <;> tac2` where `(tac1; tac2)` would suffice

Note: This linter can be disabled with `set_option linter.unnecessarySeqFocus false`
/home/dombarker/project-offloads/aspis-r57-lean-src-20260929-a/AspisV8R19/R865PointWeightBlock.lean:217:64: warning: Variable name `hi` is not explicitly referenced.

The binding can be removed (if unused) or named `_` (if used implicitly).

Note: This linter can be disabled with `set_option linter.unusedVariables false`
/home/dombarker/project-offloads/aspis-r57-lean-src-20260929-a/AspisV8R19/R865PointWeightBlock.lean:227:63: warning: Variable name `hi` is not explicitly referenced.

The binding can be removed (if unused) or named `_` (if used implicitly).

Note: This linter can be disabled with `set_option linter.unusedVariables false`
/home/dombarker/project-offloads/aspis-r57-lean-src-20260929-a/AspisV8R19/R865PointWeightBlock.lean:268:2: error: Type mismatch
  R750WitnessPointSupport.source_basis_zero_of_bits (↑(order ⟨n, hn⟩)) (Or.inl hbit)
has type
  sourcePointBasis (SourceStatementPoints.points R750WitnessPointSupport.zFin10 0) ↑(order ⟨n, hn⟩) = 0
but is expected to have type
  sourcePointBasis R771Point02Transport.point2 ↑(order ⟨n, hn⟩) = 0
/home/dombarker/project-offloads/aspis-r57-lean-src-20260929-a/AspisV8R19/R865PointWeightBlock.lean:281:2: error: Type mismatch: After simplification, term
  hw
 has type
  R748JointWitnessPointEntry.w n = 576
but is expected to have type
  transportDual inactive 1023 order
      (fun j => sourcePointBasis (SourceStatementPoints.points R750WitnessPointSupport.zFin10 1) ↑j) ⟨n, hn⟩ =
    576
/home/dombarker/project-offloads/aspis-r57-lean-src-20260929-a/AspisV8R19/R865PointWeightBlock.lean:305:6: warning: 'exact p1_sourceW_576 _ (by decide) (Or.inr (by decide)) (by decide)' tactic does nothing

Note: This linter can be disabled with `set_option linter.unusedTactic false`
/home/dombarker/project-offloads/aspis-r57-lean-src-20260929-a/AspisV8R19/R865PointWeightBlock.lean:305:6: warning: this tactic is never executed

Note: This linter can be disabled with `set_option linter.unreachableTactic false`
AspisV8R19.R865PointWeightBlock.pw_even_formula (point : Fin 10 → M) (i : ℕ) (hi : i < 512) :
  pw point (2 * i) = 7 * we point i + 5 * sourceGather half (we point) i - 5 * wo point i
AspisV8R19.R865PointWeightBlock.pw_odd_formula (point : Fin 10 → M) (i : ℕ) (hi : i < 512) :
  pw point (2 * i + 1) =
    -5 * (we point i - sourceGather half (sourceGather half (we point)) i) + 7 * wo point i +
      5 * sourceGather half (wo point) i
'_private.AspisV8R19.R865PointWeightBlock.0.AspisV8R19.R865PointWeightBlock.pw_even_formula' depends on axioms: [propext,
 Classical.choice,
 Quot.sound]
'_private.AspisV8R19.R865PointWeightBlock.0.AspisV8R19.R865PointWeightBlock.pw_odd_formula' depends on axioms: [propext,
 Classical.choice,
 Quot.sound]
Command exited with non-zero status 1
	Command being timed: "/home/dombarker/.elan/bin/lake --dir /home/dombarker/project-offloads/aspis-r126-release-20260930-a/focus-workspace env lean -j1 -M4500 -R /home/dombarker/project-offloads/aspis-r57-lean-src-20260929-a -o /home/dombarker/project-offloads/aspis-r126-release-20260930-a/lib/AspisV8R19/R865PointWeightBlock.olean /home/dombarker/project-offloads/aspis-r57-lean-src-20260929-a/AspisV8R19/R865PointWeightBlock.lean"
	User time (seconds): 10.35
	System time (seconds): 0.38
	Percent of CPU this job got: 101%
	Elapsed (wall clock) time (h:mm:ss or m:ss): 0:10.61
	Average shared text size (kbytes): 0
	Average unshared data size (kbytes): 0
	Average stack size (kbytes): 0
	Average total size (kbytes): 0
	Maximum resident set size (kbytes): 3347728
	Average resident set size (kbytes): 0
	Major (requiring I/O) page faults: 0
	Minor (reclaiming a frame) page faults: 83249
	Voluntary context switches: 1524
	Involuntary context switches: 118
	Swaps: 0
	File system inputs: 0
	File system outputs: 0
	Socket messages sent: 0
	Socket messages received: 0
	Signals delivered: 0
	Page size (bytes): 4096
	Exit status: 1
Finished with result: exit-code
Main processes terminated with: code=exited/status=1
Service runtime: 10.658s
CPU time consumed: 10.785s
Memory peak: 256.0K
Memory swap peak: 0B
