Warning: Permanently added '100.108.41.90' (ED25519) to the list of known hosts.
Running as unit: aspis-focus-1791053023435294000.service; invocation ID: 904f7b810b3744b088ffaec8754f79d8
'AspisR19.R511SourceDegenerateFold.extended_first_fold_zero' depends on axioms: [propext, Classical.choice, Quot.sound]
'AspisR19.R511SourceDegenerateFold.extended_selected_column_kernel_eval_zero' depends on axioms: [propext,
 Classical.choice,
 Quot.sound]
'AspisR19.R511SourceDegenerateFold.linear_combination_first_fold_zero' depends on axioms: [propext,
 Classical.choice,
 Quot.sound]
'AspisR19.R511SourceDegenerateFold.extended_linear_combination_kernel_eval_zero' depends on axioms: [propext,
 Classical.choice,
 Quot.sound]
'AspisR19.R511SourceDegenerateFold.source_quotient_slot_factor' depends on axioms: [propext,
 Classical.choice,
 Quot.sound]
'AspisR19.R511SourceDegenerateFold.source_quotient_first_fold_zero' depends on axioms: [propext,
 Classical.choice,
 Quot.sound]
'AspisR19.R511SourceDegenerateFold.selected_column_first_fold_zero' depends on axioms: [propext,
 Classical.choice,
 Quot.sound]
'AspisR19.R511SourceDegenerateFold.selected_column_kernel_eval_zero' depends on axioms: [propext,
 Classical.choice,
 Quot.sound]
	Command being timed: "/home/dombarker/.elan/bin/lake --dir /home/dombarker/project-offloads/aspis-r126-release-20260930-a/focus-workspace env lean -j1 -M4500 -R /home/dombarker/project-offloads/aspis-r57-lean-src-20260929-a -o /home/dombarker/project-offloads/aspis-r126-release-20260930-a/lib/AspisV8R19/R511SourceDegenerateFold.olean /home/dombarker/project-offloads/aspis-r57-lean-src-20260929-a/AspisV8R19/R511SourceDegenerateFold.lean"
	User time (seconds): 0.91
	System time (seconds): 0.25
	Percent of CPU this job got: 100%
	Elapsed (wall clock) time (h:mm:ss or m:ss): 0:01.16
	Average shared text size (kbytes): 0
	Average unshared data size (kbytes): 0
	Average stack size (kbytes): 0
	Average total size (kbytes): 0
	Maximum resident set size (kbytes): 2303048
	Average resident set size (kbytes): 0
	Major (requiring I/O) page faults: 0
	Minor (reclaiming a frame) page faults: 53353
	Voluntary context switches: 756
	Involuntary context switches: 42
	Swaps: 0
	File system inputs: 0
	File system outputs: 480
	Socket messages sent: 0
	Socket messages received: 0
	Signals delivered: 0
	Page size (bytes): 4096
	Exit status: 0
Finished with result: success
Main processes terminated with: code=exited/status=0
Service runtime: 1.200s
CPU time consumed: 1.205s
Memory peak: 516.0K
Memory swap peak: 0B
