Warning: Permanently added '100.108.41.90' (ED25519) to the list of known hosts.
Running as unit: aspis-focus-1791052755565882000.service; invocation ID: a01bfaed0fe141a983ef364058213e38
/home/dombarker/project-offloads/aspis-r57-lean-src-20260929-a/AspisV8R19/R511SourceDegenerateFold.lean:13:0: warning: automatically included section variable(s) unused in theorem `AspisR19.R511SourceDegenerateFold.source_quotient_slot_factor`:
  [NeZero 2]
consider restructuring your `variable` declarations so that the variables are not in scope or explicitly omit them:
  omit [NeZero 2] in theorem ...

Note: This linter can be disabled with `set_option linter.unusedSectionVars false`
/home/dombarker/project-offloads/aspis-r57-lean-src-20260929-a/AspisV8R19/R511SourceDegenerateFold.lean:25:44: warning: This simp argument is unused:
  hs

Hint: Omit it from the simp argument list.
  simp [NormalizationLoopBridge.sourceQuotient,
  ̵  ̵ ̵ ̵ ̵ ̵ ̵ ̵NormalizedQuotient.slotFactor, hk0,̵ ̵h̵s̵]

Note: This linter can be disabled with `set_option linter.unusedSimpArgs false`
/home/dombarker/project-offloads/aspis-r57-lean-src-20260929-a/AspisV8R19/R511SourceDegenerateFold.lean:25:52: warning: 'ring' tactic does nothing

Note: This linter can be disabled with `set_option linter.unusedTactic false`
/home/dombarker/project-offloads/aspis-r57-lean-src-20260929-a/AspisV8R19/R511SourceDegenerateFold.lean:25:52: warning: this tactic is never executed

Note: This linter can be disabled with `set_option linter.unreachableTactic false`
/home/dombarker/project-offloads/aspis-r57-lean-src-20260929-a/AspisV8R19/R511SourceDegenerateFold.lean:21:42: warning: Used `tac1 <;> tac2` where `(tac1; tac2)` would suffice

Note: This linter can be disabled with `set_option linter.unnecessarySeqFocus false`
/home/dombarker/project-offloads/aspis-r57-lean-src-20260929-a/AspisV8R19/R511SourceDegenerateFold.lean:53:24: warning: 'omega' tactic does nothing

Note: This linter can be disabled with `set_option linter.unusedTactic false`
/home/dombarker/project-offloads/aspis-r57-lean-src-20260929-a/AspisV8R19/R511SourceDegenerateFold.lean:53:24: warning: this tactic is never executed

Note: This linter can be disabled with `set_option linter.unreachableTactic false`
'AspisR19.R511SourceDegenerateFold.source_quotient_slot_factor' depends on axioms: [propext,
 Classical.choice,
 Quot.sound]
'AspisR19.R511SourceDegenerateFold.source_quotient_first_fold_zero' depends on axioms: [propext,
 Classical.choice,
 Quot.sound]
'AspisR19.R511SourceDegenerateFold.selected_column_first_fold_zero' depends on axioms: [propext,
 Classical.choice,
 Quot.sound]
'AspisR19.R511SourceDegenerateFold.selected_column_kernel_eval_zero' depends on axioms: [propext,
 Classical.choice,
 Quot.sound]
	Command being timed: "/home/dombarker/.elan/bin/lake --dir /home/dombarker/project-offloads/aspis-r126-release-20260930-a/focus-workspace env lean -j1 -M4500 -R /home/dombarker/project-offloads/aspis-r57-lean-src-20260929-a -o /home/dombarker/project-offloads/aspis-r126-release-20260930-a/lib/AspisV8R19/R511SourceDegenerateFold.olean /home/dombarker/project-offloads/aspis-r57-lean-src-20260929-a/AspisV8R19/R511SourceDegenerateFold.lean"
	User time (seconds): 0.82
	System time (seconds): 0.25
	Percent of CPU this job got: 100%
	Elapsed (wall clock) time (h:mm:ss or m:ss): 0:01.07
	Average shared text size (kbytes): 0
	Average unshared data size (kbytes): 0
	Average stack size (kbytes): 0
	Average total size (kbytes): 0
	Maximum resident set size (kbytes): 2303456
	Average resident set size (kbytes): 0
	Major (requiring I/O) page faults: 0
	Minor (reclaiming a frame) page faults: 53440
	Voluntary context switches: 583
	Involuntary context switches: 42
	Swaps: 0
	File system inputs: 0
	File system outputs: 440
	Socket messages sent: 0
	Socket messages received: 0
	Signals delivered: 0
	Page size (bytes): 4096
	Exit status: 0
Finished with result: success
Main processes terminated with: code=exited/status=0
Service runtime: 1.110s
CPU time consumed: 1.112s
Memory peak: 328.0K
Memory swap peak: 0B
