Warning: Permanently added '100.108.41.90' (ED25519) to the list of known hosts.
Running as unit: aspis-focus-1790963640381014000.service; invocation ID: 3b6e6df2a46c4e4fb3c1f7b7e03187f1
/home/dombarker/project-offloads/aspis-r57-lean-src-20260929-a/AspisR403InterpolateThreeLimb/Types.lean:22:10: warning: The declaration '__aeneas_pending_return_1' contains '__', which does not follow the mathlib naming conventions. Consider using single underscores instead.

Note: This linter can be disabled with `set_option linter.style.nameCheck false`
	Command being timed: "/home/dombarker/.elan/bin/lake --dir /home/dombarker/project-offloads/aspis-r126-release-20260930-a/focus-workspace env lean -j1 -M4500 -R /home/dombarker/project-offloads/aspis-r57-lean-src-20260929-a -o /home/dombarker/project-offloads/aspis-r126-release-20260930-a/lib/AspisR403InterpolateThreeLimb/Types.olean /home/dombarker/project-offloads/aspis-r57-lean-src-20260929-a/AspisR403InterpolateThreeLimb/Types.lean"
	User time (seconds): 0.78
	System time (seconds): 0.26
	Percent of CPU this job got: 99%
	Elapsed (wall clock) time (h:mm:ss or m:ss): 0:01.04
	Average shared text size (kbytes): 0
	Average unshared data size (kbytes): 0
	Average stack size (kbytes): 0
	Average total size (kbytes): 0
	Maximum resident set size (kbytes): 2530832
	Average resident set size (kbytes): 0
	Major (requiring I/O) page faults: 0
	Minor (reclaiming a frame) page faults: 64459
	Voluntary context switches: 222
	Involuntary context switches: 46
	Swaps: 0
	File system inputs: 0
	File system outputs: 152
	Socket messages sent: 0
	Socket messages received: 0
	Signals delivered: 0
	Page size (bytes): 4096
	Exit status: 0
Finished with result: success
Main processes terminated with: code=exited/status=0
Service runtime: 1.075s
CPU time consumed: 1.075s
Memory peak: 328.0K
Memory swap peak: 0B
