Warning: Permanently added '100.108.41.90' (ED25519) to the list of known hosts.
Running as unit: aspis-focus-1791086219866516000.service; invocation ID: 031a53d3ca1240bf88a182860683c581
/home/dombarker/project-offloads/aspis-r57-lean-src-20260929-a/AspisV8R19/R581NormalizedCorePolynomialScratch.lean:60:0: warning: automatically included section variable(s) unused in theorem `AspisV8R19.R581NormalizedCorePolynomial.normalizedEntry_eq_substitute`:
  [NeZero 2]
consider restructuring your `variable` declarations so that the variables are not in scope or explicitly omit them:
  omit [NeZero 2] in theorem ...

Note: This linter can be disabled with `set_option linter.unusedSectionVars false`
/home/dombarker/project-offloads/aspis-r57-lean-src-20260929-a/AspisV8R19/R581NormalizedCorePolynomialScratch.lean:82:4: warning: try 'simp' instead of 'simpa'

Note: This linter can be disabled with `set_option linter.unnecessarySimpa false`
/home/dombarker/project-offloads/aspis-r57-lean-src-20260929-a/AspisV8R19/R581NormalizedCorePolynomialScratch.lean:83:10: warning: 'simp' tactic does nothing

Note: This linter can be disabled with `set_option linter.unusedTactic false`
/home/dombarker/project-offloads/aspis-r57-lean-src-20260929-a/AspisV8R19/R581NormalizedCorePolynomialScratch.lean:83:10: warning: this tactic is never executed

Note: This linter can be disabled with `set_option linter.unreachableTactic false`
/home/dombarker/project-offloads/aspis-r57-lean-src-20260929-a/AspisV8R19/R581NormalizedCorePolynomialScratch.lean:106:0: warning: automatically included section variable(s) unused in theorem `AspisV8R19.R581NormalizedCorePolynomial.normalizedEntry_degree`:
  [NeZero 2]
consider restructuring your `variable` declarations so that the variables are not in scope or explicitly omit them:
  omit [NeZero 2] in theorem ...

Note: This linter can be disabled with `set_option linter.unusedSectionVars false`
/home/dombarker/project-offloads/aspis-r57-lean-src-20260929-a/AspisV8R19/R581NormalizedCorePolynomialScratch.lean:168:82: warning: 'try ring' tactic does nothing

Note: This linter can be disabled with `set_option linter.unusedTactic false`
/home/dombarker/project-offloads/aspis-r57-lean-src-20260929-a/AspisV8R19/R581NormalizedCorePolynomialScratch.lean:168:82: warning: this tactic is never executed

Note: This linter can be disabled with `set_option linter.unreachableTactic false`
'AspisV8R19.R581NormalizedCorePolynomial.substitute_component' depends on axioms: [propext,
 Classical.choice,
 Quot.sound]
'AspisV8R19.R581NormalizedCorePolynomial.normalizedEntry_eq_substitute' depends on axioms: [propext,
 Classical.choice,
 Quot.sound]
'AspisV8R19.R581NormalizedCorePolynomial.normalizedPolynomialMatrix_eval' depends on axioms: [propext,
 Classical.choice,
 Quot.sound]
'AspisV8R19.R581NormalizedCorePolynomial.normalizedPolynomialDet_eval' depends on axioms: [propext,
 Classical.choice,
 Quot.sound]
'AspisV8R19.R581NormalizedCorePolynomial.normalizedPolynomialDet_ne_zero' depends on axioms: [propext,
 Classical.choice,
 Quot.sound]
'AspisV8R19.R581NormalizedCorePolynomial.normalizedComponent_degree' depends on axioms: [propext,
 Classical.choice,
 Quot.sound]
'AspisV8R19.R581NormalizedCorePolynomial.normalizedEntry_degree' depends on axioms: [propext,
 Classical.choice,
 Quot.sound]
'AspisV8R19.R581NormalizedCorePolynomial.normalizedPolynomialDet_degree' depends on axioms: [propext,
 Classical.choice,
 Quot.sound]
	Command being timed: "/home/dombarker/.elan/bin/lake --dir /home/dombarker/project-offloads/aspis-r126-release-20260930-a/focus-workspace env lean -j1 -M4500 -R /home/dombarker/project-offloads/aspis-r57-lean-src-20260929-a -o /home/dombarker/project-offloads/aspis-r126-release-20260930-a/lib/AspisV8R19/R581NormalizedCorePolynomialScratch.olean /home/dombarker/project-offloads/aspis-r57-lean-src-20260929-a/AspisV8R19/R581NormalizedCorePolynomialScratch.lean"
	User time (seconds): 2.06
	System time (seconds): 0.24
	Percent of CPU this job got: 100%
	Elapsed (wall clock) time (h:mm:ss or m:ss): 0:02.30
	Average shared text size (kbytes): 0
	Average unshared data size (kbytes): 0
	Average stack size (kbytes): 0
	Average total size (kbytes): 0
	Maximum resident set size (kbytes): 2272760
	Average resident set size (kbytes): 0
	Major (requiring I/O) page faults: 0
	Minor (reclaiming a frame) page faults: 52600
	Voluntary context switches: 1281
	Involuntary context switches: 57
	Swaps: 0
	File system inputs: 0
	File system outputs: 1264
	Socket messages sent: 0
	Socket messages received: 0
	Signals delivered: 0
	Page size (bytes): 4096
	Exit status: 0
Finished with result: success
Main processes terminated with: code=exited/status=0
Service runtime: 2.328s
CPU time consumed: 2.334s
Memory peak: 324.0K
Memory swap peak: 0B
