Warning: Permanently added '100.108.41.90' (ED25519) to the list of known hosts.
Running as unit: aspis-focus-1791085987960923000.service; invocation ID: 491a7364cfea4f04abf25640f4beeaad
/home/dombarker/project-offloads/aspis-r57-lean-src-20260929-a/AspisV8R19/R581NormalizedCorePolynomialScratch.lean:58:2: error: No goals to be solved
/home/dombarker/project-offloads/aspis-r57-lean-src-20260929-a/AspisV8R19/R581NormalizedCorePolynomialScratch.lean:49:0: warning: automatically included section variable(s) unused in theorem `AspisV8R19.R581NormalizedCorePolynomial.substitute_component`:
  [NeZero 2]
consider restructuring your `variable` declarations so that the variables are not in scope or explicitly omit them:
  omit [NeZero 2] in theorem ...

Note: This linter can be disabled with `set_option linter.unusedSectionVars false`
/home/dombarker/project-offloads/aspis-r57-lean-src-20260929-a/AspisV8R19/R581NormalizedCorePolynomialScratch.lean:65:6: error: Tactic `rewrite` failed: Did not find an occurrence of the pattern
  substitute (componentPolynomial ?half ?u ?v ?w ?q0 ?q1 ?q2 ?q3 ?i)
in the target expression
  (1 + X 1 * X 2) * normalizedComponent half 1 0 0 (nz (basis j)) (ch 1 (basis j)) (ch 2 (basis j)) (ch 3 (basis j)) i +
        (X 1 * X 2 - 1) *
          normalizedComponent half 0 1 0 (nz (basis j)) (ch 1 (basis j)) (ch 2 (basis j)) (ch 3 (basis j)) i +
      -(X 1 + X 2) *
        normalizedComponent half 0 0 1 (nz (basis j)) (ch 1 (basis j)) (ch 2 (basis j)) (ch 3 (basis j)) i =
    substitution 1 *
          (eval₂Hom C substitution)
            (componentPolynomial half 1 0 0 (nz (basis j)) (ch 1 (basis j)) (ch 2 (basis j)) (ch 3 (basis j)) i) +
        substitution 2 *
          (eval₂Hom C substitution)
            (componentPolynomial half 0 1 0 (nz (basis j)) (ch 1 (basis j)) (ch 2 (basis j)) (ch 3 (basis j)) i) +
      substitution 3 *
        (eval₂Hom C substitution)
          (componentPolynomial half 0 0 1 (nz (basis j)) (ch 1 (basis j)) (ch 2 (basis j)) (ch 3 (basis j)) i)

F : Type u_1
inst✝¹ : Field F
inst✝ : NeZero 2
half : F
i j : Fin 271
⊢ (1 + X 1 * X 2) * normalizedComponent half 1 0 0 (nz (basis j)) (ch 1 (basis j)) (ch 2 (basis j)) (ch 3 (basis j)) i +
        (X 1 * X 2 - 1) *
          normalizedComponent half 0 1 0 (nz (basis j)) (ch 1 (basis j)) (ch 2 (basis j)) (ch 3 (basis j)) i +
      -(X 1 + X 2) *
        normalizedComponent half 0 0 1 (nz (basis j)) (ch 1 (basis j)) (ch 2 (basis j)) (ch 3 (basis j)) i =
    substitution 1 *
          (eval₂Hom C substitution)
            (componentPolynomial half 1 0 0 (nz (basis j)) (ch 1 (basis j)) (ch 2 (basis j)) (ch 3 (basis j)) i) +
        substitution 2 *
          (eval₂Hom C substitution)
            (componentPolynomial half 0 1 0 (nz (basis j)) (ch 1 (basis j)) (ch 2 (basis j)) (ch 3 (basis j)) i) +
      substitution 3 *
        (eval₂Hom C substitution)
          (componentPolynomial half 0 0 1 (nz (basis j)) (ch 1 (basis j)) (ch 2 (basis j)) (ch 3 (basis j)) i)
/home/dombarker/project-offloads/aspis-r57-lean-src-20260929-a/AspisV8R19/R581NormalizedCorePolynomialScratch.lean:93:82: warning: 'ring' tactic does nothing

Note: This linter can be disabled with `set_option linter.unusedTactic false`
/home/dombarker/project-offloads/aspis-r57-lean-src-20260929-a/AspisV8R19/R581NormalizedCorePolynomialScratch.lean:93:82: warning: this tactic is never executed

Note: This linter can be disabled with `set_option linter.unreachableTactic false`
Command exited with non-zero status 1
	Command being timed: "/home/dombarker/.elan/bin/lake --dir /home/dombarker/project-offloads/aspis-r126-release-20260930-a/focus-workspace env lean -j1 -M4500 -R /home/dombarker/project-offloads/aspis-r57-lean-src-20260929-a -o /home/dombarker/project-offloads/aspis-r126-release-20260930-a/lib/AspisV8R19/R581NormalizedCorePolynomialScratch.olean /home/dombarker/project-offloads/aspis-r57-lean-src-20260929-a/AspisV8R19/R581NormalizedCorePolynomialScratch.lean"
	User time (seconds): 1.49
	System time (seconds): 0.22
	Percent of CPU this job got: 101%
	Elapsed (wall clock) time (h:mm:ss or m:ss): 0:01.69
	Average shared text size (kbytes): 0
	Average unshared data size (kbytes): 0
	Average stack size (kbytes): 0
	Average total size (kbytes): 0
	Maximum resident set size (kbytes): 2249576
	Average resident set size (kbytes): 0
	Major (requiring I/O) page faults: 0
	Minor (reclaiming a frame) page faults: 52671
	Voluntary context switches: 565
	Involuntary context switches: 48
	Swaps: 0
	File system inputs: 0
	File system outputs: 0
	Socket messages sent: 0
	Socket messages received: 0
	Signals delivered: 0
	Page size (bytes): 4096
	Exit status: 1
Finished with result: exit-code
Main processes terminated with: code=exited/status=1
Service runtime: 1.718s
CPU time consumed: 1.739s
Memory peak: 548.0K
Memory swap peak: 0B
