Warning: Permanently added '100.108.41.90' (ED25519) to the list of known hosts.
Running as unit: aspis-focus-1791085604346177000.service; invocation ID: 01798672ecba45cd9b6d0067100e218e
/home/dombarker/project-offloads/aspis-r57-lean-src-20260929-a/AspisV8R19/R581NormalizedCorePolynomialScratch.lean:34:56: error: unsolved goals
F : Type u_1
inst✝¹ : Field F
inst✝ : NeZero 2
half alpha u v : F
i j : Fin 271
⊢ (eval (circleAssignment alpha u v))
      ((coreEntryPolynomial half i j).coeff.sum fun s a =>
        C a *
          s.prod fun n e =>
            if n = 0 then X 0 ^ e
            else if ↑n = 1 then (1 + X 1 * X 2) ^ e else if ↑n = 2 then (X 1 * X 2 - 1) ^ e else (-X 2 + -X 1) ^ e) =
    coreMatrix half alpha (1 + u * v) (u * v - 1) (-v + -u) i j
/home/dombarker/project-offloads/aspis-r57-lean-src-20260929-a/AspisV8R19/R581NormalizedCorePolynomialScratch.lean:36:55: warning: This simp argument is unused:
  circleAssignment

Hint: Omit it from the simp argument list.
  simp [normalizedPolynomialMatrix, substitute, eval₂, c̵i̵r̵c̵l̵e̵A̵ss̵i̵g̵n̵m̵e̵n̵t̵,̵ ̵s̵ubstitution,
  ̵  ̵ ̵ ̵corePolynomialMatrix_eval,
  ̲  ̲ ̲ ̲corePolynomialMatrix, coreEntryPolynomial_eval,
  ̵  ̵ ̵ ̵normalizedChordAssignment, coreAssignment]

Note: This linter can be disabled with `set_option linter.unusedSimpArgs false`
/home/dombarker/project-offloads/aspis-r57-lean-src-20260929-a/AspisV8R19/R581NormalizedCorePolynomialScratch.lean:37:4: warning: This simp argument is unused:
  corePolynomialMatrix_eval

Hint: Omit it from the simp argument list.
  simp [normalizedPolynomialMatrix, substitute, eval₂, circleAssignment, substitution,
      corePolynomialMatrix_̵e̵v̵a̵l̵, coreP̵o̵l̵y̵n̵o̵m̵i̵a̵l̵M̵a̵t̵r̵i̵x̵,̵ ̵c̵o̵r̵e̵EntryPolynomial_eval,
  ̵  ̵ ̵ ̵normalizedChordAssignment, coreAssignment]

Note: This linter can be disabled with `set_option linter.unusedSimpArgs false`
/home/dombarker/project-offloads/aspis-r57-lean-src-20260929-a/AspisV8R19/R581NormalizedCorePolynomialScratch.lean:37:53: warning: This simp argument is unused:
  coreEntryPolynomial_eval

Hint: Omit it from the simp argument list.
  simp [normalizedPolynomialMatrix, substitute, eval₂, circleAssignment, substitution,
      corePolynomialMatrix_eval, corePolynomialMatrix, c̵o̵r̵e̵E̵nt̵r̵y̵P̵ol̵y̵n̵o̵m̵i̵a̵l̵_̵e̵v̵a̵l̵,̵
  ̵ ̵ ̵ ̵ ̵n̵o̵rmalizedChordAssignment, coreAssignment]

Note: This linter can be disabled with `set_option linter.unusedSimpArgs false`
/home/dombarker/project-offloads/aspis-r57-lean-src-20260929-a/AspisV8R19/R581NormalizedCorePolynomialScratch.lean:38:4: warning: This simp argument is unused:
  normalizedChordAssignment

Hint: Omit it from the simp argument list.
  simp [normalizedPolynomialMatrix, substitute, eval₂, circleAssignment, substitution,
      corePolynomialMatrix_eval, corePolynomialMatrix, coreEntryPolynomial_eval,
  ̵  ̵ ̵ ̵n̵o̵r̵m̵a̵l̵i̵z̵e̵d̵C̵h̵o̵r̵d̵A̵s̵s̵i̵g̵n̵m̵e̵n̵t̵,̵ ̵coreAssignment]

Note: This linter can be disabled with `set_option linter.unusedSimpArgs false`
/home/dombarker/project-offloads/aspis-r57-lean-src-20260929-a/AspisV8R19/R581NormalizedCorePolynomialScratch.lean:38:31: warning: This simp argument is unused:
  coreAssignment

Hint: Omit it from the simp argument list.
  simp [normalizedPolynomialMatrix, substitute, eval₂, circleAssignment, substitution,
      corePolynomialMatrix_eval, corePolynomialMatrix, coreEntryPolynomial_eval,
      normalizedChordAssignment,̵ ̵c̵o̵r̵e̵A̵s̵s̵i̵g̵n̵m̵e̵n̵t̵]

Note: This linter can be disabled with `set_option linter.unusedSimpArgs false`
/home/dombarker/project-offloads/aspis-r57-lean-src-20260929-a/AspisV8R19/R581NormalizedCorePolynomialScratch.lean:52:2: error: `simp` made no progress
/home/dombarker/project-offloads/aspis-r57-lean-src-20260929-a/AspisV8R19/R581NormalizedCorePolynomialScratch.lean:58:7: error(lean.unknownIdentifier): Unknown constant `MvPolynomial.eval₂_at`
MvPolynomial.eval₂_eq_eval_map.{u, v, u_1} {R : Type u} {S₁ : Type v} {σ : Type u_1} [CommSemiring R] [CommSemiring S₁]
  (f : R →+* S₁) (g : σ → S₁) (p : MvPolynomial σ R) :
  MvPolynomial.eval₂ f g p = (MvPolynomial.eval g) ((MvPolynomial.map f) p)
/home/dombarker/project-offloads/aspis-r57-lean-src-20260929-a/AspisV8R19/R581NormalizedCorePolynomialScratch.lean:60:7: error(lean.unknownIdentifier): Unknown constant `MvPolynomial.eval₂_at_apply`
Command exited with non-zero status 1
	Command being timed: "/home/dombarker/.elan/bin/lake --dir /home/dombarker/project-offloads/aspis-r126-release-20260930-a/focus-workspace env lean -j1 -M4500 -R /home/dombarker/project-offloads/aspis-r57-lean-src-20260929-a -o /home/dombarker/project-offloads/aspis-r126-release-20260930-a/lib/AspisV8R19/R581NormalizedCorePolynomialScratch.olean /home/dombarker/project-offloads/aspis-r57-lean-src-20260929-a/AspisV8R19/R581NormalizedCorePolynomialScratch.lean"
	User time (seconds): 0.74
	System time (seconds): 0.25
	Percent of CPU this job got: 100%
	Elapsed (wall clock) time (h:mm:ss or m:ss): 0:00.98
	Average shared text size (kbytes): 0
	Average unshared data size (kbytes): 0
	Average stack size (kbytes): 0
	Average total size (kbytes): 0
	Maximum resident set size (kbytes): 2236840
	Average resident set size (kbytes): 0
	Major (requiring I/O) page faults: 0
	Minor (reclaiming a frame) page faults: 52010
	Voluntary context switches: 399
	Involuntary context switches: 47
	Swaps: 0
	File system inputs: 0
	File system outputs: 0
	Socket messages sent: 0
	Socket messages received: 0
	Signals delivered: 0
	Page size (bytes): 4096
	Exit status: 1
Finished with result: exit-code
Main processes terminated with: code=exited/status=1
Service runtime: 1.018s
CPU time consumed: 1.024s
Memory peak: 328.0K
Memory swap peak: 0B
