Warning: Permanently added '100.108.41.90' (ED25519) to the list of known hosts.
Running as unit: aspis-focus-1791085802058337000.service; invocation ID: a2621750be2e4236bfcf439207a67f5d
/home/dombarker/project-offloads/aspis-r57-lean-src-20260929-a/AspisV8R19/R581NormalizedCorePolynomialScratch.lean:50:6: error: Tactic `rewrite` failed: Did not find an occurrence of the pattern
  (eval₂Hom (RingHom.id F) fun k => ev (substitution k)) (coreEntryPolynomial half i j)
in the target expression
  (eval (circleAssignment alpha u v)) (eval₂ C substitution (coreEntryPolynomial half i j)) =
    coreMatrix half alpha (1 + u * v) (u * v - 1) (-(u + v)) i j

F : Type u_1
inst✝¹ : Field F
inst✝ : NeZero 2
half alpha u v : F
i j : Fin 271
ev : Poly F →+* F := eval (circleAssignment alpha u v)
hcomp : ev.comp (eval₂Hom C substitution) = eval₂Hom (RingHom.id F) fun k => ev (substitution k)
h :
  (eval (circleAssignment alpha u v)) (eval₂ C substitution (coreEntryPolynomial half i j)) =
    (eval₂Hom (RingHom.id F) fun k => ev (substitution k)) (coreEntryPolynomial half i j)
⊢ (eval (circleAssignment alpha u v)) (eval₂ C substitution (coreEntryPolynomial half i j)) =
    coreMatrix half alpha (1 + u * v) (u * v - 1) (-(u + v)) i j

Note: The target expression is not type-correct under the `instances` transparency level, which may have triggered the failure. This is usually caused by unfolding of semireducible definitions in prior tactic steps. Use `set_option linter.tacticCheckInstances true` to investigate the source of the issue.
Full error:
  function expected
    coreMatrix half alpha (1 + u * v) (u * v - 1) (-(u + v)) i
Try this:
  [apply] ring_nf
  
  The `ring` tactic failed to close the goal. Use `ring_nf` to obtain a normal form.
    
  Note that `ring` works primarily in *commutative* rings. If you have a noncommutative ring, abelian group or module, consider using `noncomm_ring`, `abel` or `module` instead.
/home/dombarker/project-offloads/aspis-r57-lean-src-20260929-a/AspisV8R19/R581NormalizedCorePolynomialScratch.lean:73:6: error: Tactic `rewrite` failed: Did not find an occurrence of the pattern
  (1 + z * -z, z * -z - 1, -(z + -z))
in the target expression
  0 = (coreMatrix half 1 (1 + z * -z) (z * -z - 1) (-(z + -z))).det

F : Type u_1
inst✝¹ : Field F
inst✝ : NeZero 2
half : F
hzero : (normalizedPolynomialMatrix half).det = 0
z : F
hz : z * z = -1
hz1 : z * -z = 1
hcoords : (1 + z * -z, z * -z - 1, -(z + -z)) = (2, 0, 0)
he : 0 = (coreMatrix half 1 (1 + z * -z) (z * -z - 1) (-(z + -z))).det
⊢ False
Command exited with non-zero status 1
	Command being timed: "/home/dombarker/.elan/bin/lake --dir /home/dombarker/project-offloads/aspis-r126-release-20260930-a/focus-workspace env lean -j1 -M4500 -R /home/dombarker/project-offloads/aspis-r57-lean-src-20260929-a -o /home/dombarker/project-offloads/aspis-r126-release-20260930-a/lib/AspisV8R19/R581NormalizedCorePolynomialScratch.olean /home/dombarker/project-offloads/aspis-r57-lean-src-20260929-a/AspisV8R19/R581NormalizedCorePolynomialScratch.lean"
	User time (seconds): 0.97
	System time (seconds): 0.21
	Percent of CPU this job got: 100%
	Elapsed (wall clock) time (h:mm:ss or m:ss): 0:01.18
	Average shared text size (kbytes): 0
	Average unshared data size (kbytes): 0
	Average stack size (kbytes): 0
	Average total size (kbytes): 0
	Maximum resident set size (kbytes): 2241452
	Average resident set size (kbytes): 0
	Major (requiring I/O) page faults: 0
	Minor (reclaiming a frame) page faults: 52565
	Voluntary context switches: 427
	Involuntary context switches: 38
	Swaps: 0
	File system inputs: 0
	File system outputs: 0
	Socket messages sent: 0
	Socket messages received: 0
	Signals delivered: 0
	Page size (bytes): 4096
	Exit status: 1
Finished with result: exit-code
Main processes terminated with: code=exited/status=1
Service runtime: 1.216s
CPU time consumed: 1.225s
Memory peak: 288.0K
Memory swap peak: 0B
