/home/dombarker/project-offloads/aspis-r52-lean-src-20260929-a/AspisV8R19/MemoizedProgramLaw.lean:65:20: error: typeclass instance problem is stuck
  Nonempty ?m.34

Note: Lean will not try to resolve this typeclass instance problem because the type argument to `Nonempty` is a metavariable. This argument must be fully determined before Lean will try to resolve the typeclass.

Hint: Adding type annotations and supplying implicit arguments to functions can give Lean more information for typeclass resolution. For example, if you have a variable `x` that you intend to be a `Nat`, but Lean reports it as having an unresolved type like `?m`, replacing `x` with `(x : Nat)` can get typeclass resolution un-stuck.
/home/dombarker/project-offloads/aspis-r52-lean-src-20260929-a/AspisV8R19/MemoizedProgramLaw.lean:94:2: error: Type mismatch
  empty_oracle_law p ?m.38
has type
  (@mean (I → A) Pi.instFintype fun H => ?m.38 (eval H p)) = lazyMean p (fun x => none) ?m.38
but is expected to have type
  (@mean (I → A) Pi.instFintype fun H => if event (eval H p) then 1 else 0) =
    lazyMean p (fun x => none) fun r => if event r then 1 else 0
'AspisV8R19.MemoizedProgramLaw.complete_empty' does not depend on any axioms
'AspisV8R19.MemoizedProgramLaw.complete_missing' depends on axioms: [propext]
'AspisV8R19.MemoizedProgramLaw.complete_cached' depends on axioms: [propext]
'AspisV8R19.MemoizedProgramLaw.complete_resample' depends on axioms: [propext, Quot.sound]
'AspisV8R19.MemoizedProgramLaw.complete_put_at' depends on axioms: [propext]
'AspisV8R19.MemoizedProgramLaw.lazy_cached' depends on axioms: [propext, Classical.choice, Quot.sound]
'AspisV8R19.MemoizedProgramLaw.exact_oracle_law' depends on axioms: [propext, sorryAx, Classical.choice, Quot.sound]
'AspisV8R19.MemoizedProgramLaw.empty_oracle_law' depends on axioms: [propext, sorryAx, Classical.choice, Quot.sound]
'AspisV8R19.MemoizedProgramLaw.outcome_event_law' depends on axioms: [propext, sorryAx, Classical.choice, Quot.sound]
Command exited with non-zero status 1
	Command being timed: "/home/dombarker/.elan/bin/lake env lean -R /home/dombarker/project-offloads/aspis-r52-lean-src-20260929-a -o /home/dombarker/project-offloads/aspis-r52-lean-20260929-c/lib/AspisV8R19/MemoizedProgramLaw.olean /home/dombarker/project-offloads/aspis-r52-lean-src-20260929-a/AspisV8R19/MemoizedProgramLaw.lean"
	User time (seconds): 2.46
	System time (seconds): 0.51
	Percent of CPU this job got: 111%
	Elapsed (wall clock) time (h:mm:ss or m:ss): 0:02.66
	Average shared text size (kbytes): 0
	Average unshared data size (kbytes): 0
	Average stack size (kbytes): 0
	Average total size (kbytes): 0
	Maximum resident set size (kbytes): 3252704
	Average resident set size (kbytes): 0
	Major (requiring I/O) page faults: 1
	Minor (reclaiming a frame) page faults: 77499
	Voluntary context switches: 4522
	Involuntary context switches: 89
	Swaps: 0
	File system inputs: 24
	File system outputs: 8
	Socket messages sent: 0
	Socket messages received: 0
	Signals delivered: 0
	Page size (bytes): 4096
	Exit status: 1
