info: r52_focused: no previous manifest, creating one from scratch
info: toolchain not updated; already up-to-date
/home/dombarker/project-offloads/aspis-r52-lean-src-20260929-a/AspisV8PairedCommitment/Table.lean:24:0: warning: automatically included section variable(s) unused in theorem `AspisV8PairedCommitment.extends_refl`:
  [DecidableEq Input]
  [DecidableEq Answer]
consider restructuring your `variable` declarations so that the variables are not in scope or explicitly omit them:
  omit [DecidableEq Input] [DecidableEq Answer] in theorem ...

Note: This linter can be disabled with `set_option linter.unusedSectionVars false`
/home/dombarker/project-offloads/aspis-r52-lean-src-20260929-a/AspisV8PairedCommitment/Table.lean:28:0: warning: automatically included section variable(s) unused in theorem `AspisV8PairedCommitment.extends_trans`:
  [DecidableEq Input]
  [DecidableEq Answer]
consider restructuring your `variable` declarations so that the variables are not in scope or explicitly omit them:
  omit [DecidableEq Input] [DecidableEq Answer] in theorem ...

Note: This linter can be disabled with `set_option linter.unusedSectionVars false`
/home/dombarker/project-offloads/aspis-r52-lean-src-20260929-a/AspisV8PairedCommitment/Table.lean:33:0: warning: automatically included section variable(s) unused in theorem `AspisV8PairedCommitment.put_extends`:
  [DecidableEq Answer]
consider restructuring your `variable` declarations so that the variables are not in scope or explicitly omit them:
  omit [DecidableEq Answer] in theorem ...

Note: This linter can be disabled with `set_option linter.unusedSectionVars false`
/home/dombarker/project-offloads/aspis-r52-lean-src-20260929-a/AspisV8PairedCommitment/Table.lean:82:0: warning: automatically included section variable(s) unused in theorem `AspisV8PairedCommitment.paired_answers_persist`:
  [DecidableEq Input]
  [DecidableEq Answer]
consider restructuring your `variable` declarations so that the variables are not in scope or explicitly omit them:
  omit [DecidableEq Input] [DecidableEq Answer] in theorem ...

Note: This linter can be disabled with `set_option linter.unusedSectionVars false`
'AspisV8PairedCommitment.accepted_pair_is_safe' depends on axioms: [propext]
'AspisV8PairedCommitment.rejected_pair_unchanged' depends on axioms: [propext]
'AspisV8PairedCommitment.paired_answers_persist' does not depend on any axioms
	Command being timed: "/home/dombarker/.elan/bin/lake env lean -R /home/dombarker/project-offloads/aspis-r52-lean-src-20260929-a -o /home/dombarker/project-offloads/aspis-r52-lean-20260929-c/lib/AspisV8PairedCommitment/Table.olean /home/dombarker/project-offloads/aspis-r52-lean-src-20260929-a/AspisV8PairedCommitment/Table.lean"
	User time (seconds): 0.45
	System time (seconds): 0.17
	Percent of CPU this job got: 123%
	Elapsed (wall clock) time (h:mm:ss or m:ss): 0:00.50
	Average shared text size (kbytes): 0
	Average unshared data size (kbytes): 0
	Average stack size (kbytes): 0
	Average total size (kbytes): 0
	Maximum resident set size (kbytes): 1046944
	Average resident set size (kbytes): 0
	Major (requiring I/O) page faults: 0
	Minor (reclaiming a frame) page faults: 26853
	Voluntary context switches: 2586
	Involuntary context switches: 23
	Swaps: 0
	File system inputs: 0
	File system outputs: 296
	Socket messages sent: 0
	Socket messages received: 0
	Signals delivered: 0
	Page size (bytes): 4096
	Exit status: 0
