Warning: Permanently added '100.108.41.90' (ED25519) to the list of known hosts.
Running as unit: aspis-focus-1791158703751597000-0950dfc765e8.service; invocation ID: f53c7c6b725d4deebb5070ee8566a9fb
'AspisV8R19.R818BlockZeroRow05Binding.source_row05_values' depends on axioms: [propext, Classical.choice, Quot.sound]
'AspisV8R19.R818BlockZeroRow05Binding.certificate_row05_values' depends on axioms: [propext,
 Classical.choice,
 Quot.sound]
'AspisV8R19.R818BlockZeroRow05Binding.block00_row_generic_any' depends on axioms: [propext, Quot.sound]
'AspisV8R19.R818BlockZeroRow05Binding.source_block00_row5_eq_certificate' depends on axioms: [propext,
 Classical.choice,
 Quot.sound]
	Command being timed: "/home/dombarker/.elan/bin/lake --dir /home/dombarker/project-offloads/aspis-r126-release-20260930-a/focus-workspace env lean -j1 -M4500 -R /home/dombarker/project-offloads/aspis-r57-lean-src-20260929-a -o /home/dombarker/project-offloads/aspis-r126-release-20260930-a/lib/AspisV8R19/R818BlockZeroRow05Binding.olean /home/dombarker/project-offloads/aspis-r57-lean-src-20260929-a/AspisV8R19/R818BlockZeroRow05Binding.lean"
	User time (seconds): 1.03
	System time (seconds): 0.36
	Percent of CPU this job got: 100%
	Elapsed (wall clock) time (h:mm:ss or m:ss): 0:01.40
	Average shared text size (kbytes): 0
	Average unshared data size (kbytes): 0
	Average stack size (kbytes): 0
	Average total size (kbytes): 0
	Maximum resident set size (kbytes): 3362900
	Average resident set size (kbytes): 0
	Major (requiring I/O) page faults: 0
	Minor (reclaiming a frame) page faults: 78700
	Voluntary context switches: 432
	Involuntary context switches: 73
	Swaps: 0
	File system inputs: 0
	File system outputs: 272
	Socket messages sent: 0
	Socket messages received: 0
	Signals delivered: 0
	Page size (bytes): 4096
	Exit status: 0
Finished with result: success
Main processes terminated with: code=exited/status=0
Service runtime: 1.431s
CPU time consumed: 1.432s
Memory peak: 288.0K
Memory swap peak: 0B
