Warning: Permanently added '100.108.41.90' (ED25519) to the list of known hosts.
Running as unit: aspis-focus-1791158635732048000-2cb9196a9e68.service; invocation ID: 0835032ead864c1b9116ce7dd2a0e69e
'AspisV8R19.R812SourceBlock00Cells01.source_cell_1_0' depends on axioms: [propext, Classical.choice, Quot.sound]
'AspisV8R19.R812SourceBlock00Cells01.source_cell_1_1' depends on axioms: [propext, Classical.choice, Quot.sound]
'AspisV8R19.R812SourceBlock00Cells01.source_cell_1_2' depends on axioms: [propext, Classical.choice, Quot.sound]
'AspisV8R19.R812SourceBlock00Cells01.source_cell_1_3' depends on axioms: [propext, Classical.choice, Quot.sound]
'AspisV8R19.R812SourceBlock00Cells01.source_cell_1_4' depends on axioms: [propext, Classical.choice, Quot.sound]
'AspisV8R19.R812SourceBlock00Cells01.source_cell_1_5' depends on axioms: [propext, Classical.choice, Quot.sound]
	Command being timed: "/home/dombarker/.elan/bin/lake --dir /home/dombarker/project-offloads/aspis-r126-release-20260930-a/focus-workspace env lean -j1 -M4500 -R /home/dombarker/project-offloads/aspis-r57-lean-src-20260929-a -o /home/dombarker/project-offloads/aspis-r126-release-20260930-a/lib/AspisV8R19/R812SourceBlock00Cells01.olean /home/dombarker/project-offloads/aspis-r57-lean-src-20260929-a/AspisV8R19/R812SourceBlock00Cells01.lean"
	User time (seconds): 1.36
	System time (seconds): 0.35
	Percent of CPU this job got: 100%
	Elapsed (wall clock) time (h:mm:ss or m:ss): 0:01.71
	Average shared text size (kbytes): 0
	Average unshared data size (kbytes): 0
	Average stack size (kbytes): 0
	Average total size (kbytes): 0
	Maximum resident set size (kbytes): 3351936
	Average resident set size (kbytes): 0
	Major (requiring I/O) page faults: 0
	Minor (reclaiming a frame) page faults: 78341
	Voluntary context switches: 487
	Involuntary context switches: 71
	Swaps: 0
	File system inputs: 0
	File system outputs: 104
	Socket messages sent: 0
	Socket messages received: 0
	Signals delivered: 0
	Page size (bytes): 4096
	Exit status: 0
Finished with result: success
Main processes terminated with: code=exited/status=0
Service runtime: 1.735s
CPU time consumed: 1.738s
Memory peak: 328.0K
Memory swap peak: 0B
