Warning: Permanently added '100.108.41.90' (ED25519) to the list of known hosts.
Running as unit: aspis-focus-1791158683772845000-e8c67b7d19fb.service; invocation ID: f12482367ff44cd6b4334e5d1c5c7391
'AspisV8R19.R818BlockZeroRow01Binding.source_row01_values' depends on axioms: [propext, Classical.choice, Quot.sound]
'AspisV8R19.R818BlockZeroRow01Binding.certificate_row01_values' depends on axioms: [propext,
 Classical.choice,
 Quot.sound]
'AspisV8R19.R818BlockZeroRow01Binding.block00_row_generic_any' depends on axioms: [propext, Quot.sound]
'AspisV8R19.R818BlockZeroRow01Binding.source_block00_row1_eq_certificate' depends on axioms: [propext,
 Classical.choice,
 Quot.sound]
	Command being timed: "/home/dombarker/.elan/bin/lake --dir /home/dombarker/project-offloads/aspis-r126-release-20260930-a/focus-workspace env lean -j1 -M4500 -R /home/dombarker/project-offloads/aspis-r57-lean-src-20260929-a -o /home/dombarker/project-offloads/aspis-r126-release-20260930-a/lib/AspisV8R19/R818BlockZeroRow01Binding.olean /home/dombarker/project-offloads/aspis-r57-lean-src-20260929-a/AspisV8R19/R818BlockZeroRow01Binding.lean"
	User time (seconds): 1.07
	System time (seconds): 0.33
	Percent of CPU this job got: 100%
	Elapsed (wall clock) time (h:mm:ss or m:ss): 0:01.40
	Average shared text size (kbytes): 0
	Average unshared data size (kbytes): 0
	Average stack size (kbytes): 0
	Average total size (kbytes): 0
	Maximum resident set size (kbytes): 3360480
	Average resident set size (kbytes): 0
	Major (requiring I/O) page faults: 0
	Minor (reclaiming a frame) page faults: 78758
	Voluntary context switches: 420
	Involuntary context switches: 66
	Swaps: 0
	File system inputs: 0
	File system outputs: 280
	Socket messages sent: 0
	Socket messages received: 0
	Signals delivered: 0
	Page size (bytes): 4096
	Exit status: 0
Finished with result: success
Main processes terminated with: code=exited/status=0
Service runtime: 1.440s
CPU time consumed: 1.440s
Memory peak: 512.0K
Memory swap peak: 0B
