Warning: Permanently added '100.108.41.90' (ED25519) to the list of known hosts.
Running as unit: aspis-focus-1791168444761565000-069023b6e826.service; invocation ID: c5617df26adc46b3ad59b1ed9af4e641
/home/dombarker/project-offloads/aspis-r57-lean-src-20260929-a/AspisV8R19/R878SemanticChordPolynomial.lean:31:17: error: ambiguous term, use fully qualified name, possible interpretations [@R745JointObservationPolynomial.sdiff, @SDiff.sdiff]
'AspisV8R19.R878SemanticChordPolynomial.eval_chordPolynomial' depends on axioms: [propext,
 sorryAx,
 Classical.choice,
 Quot.sound]
'AspisV8R19.R878SemanticChordPolynomial.chordPolynomial_totalDegree_le' depends on axioms: [propext,
 Classical.choice,
 Quot.sound]
Command exited with non-zero status 1
	Command being timed: "/home/dombarker/.elan/bin/lake --dir /home/dombarker/project-offloads/aspis-r126-release-20260930-a/focus-workspace env lean -j1 -M4500 -R /home/dombarker/project-offloads/aspis-r57-lean-src-20260929-a -o /home/dombarker/project-offloads/aspis-r126-release-20260930-a/lib/AspisV8R19/R878SemanticChordPolynomial.olean /home/dombarker/project-offloads/aspis-r57-lean-src-20260929-a/AspisV8R19/R878SemanticChordPolynomial.lean"
	User time (seconds): 1.60
	System time (seconds): 0.36
	Percent of CPU this job got: 100%
	Elapsed (wall clock) time (h:mm:ss or m:ss): 0:01.96
	Average shared text size (kbytes): 0
	Average unshared data size (kbytes): 0
	Average stack size (kbytes): 0
	Average total size (kbytes): 0
	Maximum resident set size (kbytes): 3298348
	Average resident set size (kbytes): 0
	Major (requiring I/O) page faults: 0
	Minor (reclaiming a frame) page faults: 79333
	Voluntary context switches: 1000
	Involuntary context switches: 70
	Swaps: 0
	File system inputs: 0
	File system outputs: 0
	Socket messages sent: 0
	Socket messages received: 0
	Signals delivered: 0
	Page size (bytes): 4096
	Exit status: 1
Finished with result: exit-code
Main processes terminated with: code=exited/status=1
Service runtime: 1.988s
CPU time consumed: 1.992s
Memory peak: 324.0K
Memory swap peak: 0B
