Warning: Permanently added '100.108.41.90' (ED25519) to the list of known hosts.
Running as unit: aspis-focus-1791108849207707000.service; invocation ID: 351821f528034bde8c0c7f78f9c9fda3
/home/dombarker/project-offloads/aspis-r57-lean-src-20260929-a/AspisV8R19/R637PackedBitExtraction.lean:18:6: error: Tactic `rewrite` failed: Did not find an occurrence of the pattern
  (BitVec.ofNat ?n ?x).getLsbD ?i
in the target expression
  BitVec.getLsbD 2147483647 i = true

i : ℕ
hi : i < 32
⊢ BitVec.getLsbD 2147483647 i = true
/home/dombarker/project-offloads/aspis-r57-lean-src-20260929-a/AspisV8R19/R637PackedBitExtraction.lean:34:8: error: Tactic `rewrite` failed: Did not find an occurrence of the pattern
  BitVec.getLsbD 2147483647 i
in the target expression
  (decide (i < 32) && (w0.getLsbD (0 + i) && BitVec.getLsbD 2147483647 (0 + i))) =
    (decide (i < 32) && (decide (i < 31) && (w3 ++ w2 ++ w1 ++ w0).getLsbD (31 * 0 + i)))

case «0»
w0 w1 w2 w3 : BitVec 64
i : ℕ
hi : i < 32
⊢ (decide (i < 32) && (w0.getLsbD (0 + i) && BitVec.getLsbD 2147483647 (0 + i))) =
    (decide (i < 32) && (decide (i < 31) && (w3 ++ w2 ++ w1 ++ w0).getLsbD (31 * 0 + i)))
/home/dombarker/project-offloads/aspis-r57-lean-src-20260929-a/AspisV8R19/R637PackedBitExtraction.lean:34:8: error: Tactic `rewrite` failed: Did not find an occurrence of the pattern
  BitVec.getLsbD 2147483647 i
in the target expression
  (decide (i < 32) && (w0.getLsbD (31 + (0 + i)) && BitVec.getLsbD 2147483647 (0 + i))) =
    (decide (i < 32) && (decide (i < 31) && (w3 ++ w2 ++ w1 ++ w0).getLsbD (31 * 1 + i)))

case «1»
w0 w1 w2 w3 : BitVec 64
i : ℕ
hi : i < 32
⊢ (decide (i < 32) && (w0.getLsbD (31 + (0 + i)) && BitVec.getLsbD 2147483647 (0 + i))) =
    (decide (i < 32) && (decide (i < 31) && (w3 ++ w2 ++ w1 ++ w0).getLsbD (31 * 1 + i)))
/home/dombarker/project-offloads/aspis-r57-lean-src-20260929-a/AspisV8R19/R637PackedBitExtraction.lean:34:8: error: Tactic `rewrite` failed: Did not find an occurrence of the pattern
  BitVec.getLsbD 2147483647 i
in the target expression
  (decide (i < 32) && ((w0 >>> 62 ||| w1 <<< 2).getLsbD (0 + i) && BitVec.getLsbD 2147483647 (0 + i))) =
    (decide (i < 32) && (decide (i < 31) && (w3 ++ w2 ++ w1 ++ w0).getLsbD (31 * 2 + i)))

case «2»
w0 w1 w2 w3 : BitVec 64
i : ℕ
hi : i < 32
⊢ (decide (i < 32) && ((w0 >>> 62 ||| w1 <<< 2).getLsbD (0 + i) && BitVec.getLsbD 2147483647 (0 + i))) =
    (decide (i < 32) && (decide (i < 31) && (w3 ++ w2 ++ w1 ++ w0).getLsbD (31 * 2 + i)))
/home/dombarker/project-offloads/aspis-r57-lean-src-20260929-a/AspisV8R19/R637PackedBitExtraction.lean:34:8: error: Tactic `rewrite` failed: Did not find an occurrence of the pattern
  BitVec.getLsbD 2147483647 i
in the target expression
  (decide (i < 32) && (w1.getLsbD (29 + (0 + i)) && BitVec.getLsbD 2147483647 (0 + i))) =
    (decide (i < 32) && (decide (i < 31) && (w3 ++ w2 ++ w1 ++ w0).getLsbD (31 * 3 + i)))

case «3»
w0 w1 w2 w3 : BitVec 64
i : ℕ
hi : i < 32
⊢ (decide (i < 32) && (w1.getLsbD (29 + (0 + i)) && BitVec.getLsbD 2147483647 (0 + i))) =
    (decide (i < 32) && (decide (i < 31) && (w3 ++ w2 ++ w1 ++ w0).getLsbD (31 * 3 + i)))
/home/dombarker/project-offloads/aspis-r57-lean-src-20260929-a/AspisV8R19/R637PackedBitExtraction.lean:34:8: error: Tactic `rewrite` failed: Did not find an occurrence of the pattern
  BitVec.getLsbD 2147483647 i
in the target expression
  (decide (i < 32) && ((w1 >>> 60 ||| w2 <<< 4).getLsbD (0 + i) && BitVec.getLsbD 2147483647 (0 + i))) =
    (decide (i < 32) && (decide (i < 31) && (w3 ++ w2 ++ w1 ++ w0).getLsbD (31 * 4 + i)))

case «4»
w0 w1 w2 w3 : BitVec 64
i : ℕ
hi : i < 32
⊢ (decide (i < 32) && ((w1 >>> 60 ||| w2 <<< 4).getLsbD (0 + i) && BitVec.getLsbD 2147483647 (0 + i))) =
    (decide (i < 32) && (decide (i < 31) && (w3 ++ w2 ++ w1 ++ w0).getLsbD (31 * 4 + i)))
/home/dombarker/project-offloads/aspis-r57-lean-src-20260929-a/AspisV8R19/R637PackedBitExtraction.lean:34:8: error: Tactic `rewrite` failed: Did not find an occurrence of the pattern
  BitVec.getLsbD 2147483647 i
in the target expression
  (decide (i < 32) && (w2.getLsbD (27 + (0 + i)) && BitVec.getLsbD 2147483647 (0 + i))) =
    (decide (i < 32) && (decide (i < 31) && (w3 ++ w2 ++ w1 ++ w0).getLsbD (31 * 5 + i)))

case «5»
w0 w1 w2 w3 : BitVec 64
i : ℕ
hi : i < 32
⊢ (decide (i < 32) && (w2.getLsbD (27 + (0 + i)) && BitVec.getLsbD 2147483647 (0 + i))) =
    (decide (i < 32) && (decide (i < 31) && (w3 ++ w2 ++ w1 ++ w0).getLsbD (31 * 5 + i)))
/home/dombarker/project-offloads/aspis-r57-lean-src-20260929-a/AspisV8R19/R637PackedBitExtraction.lean:34:8: error: Tactic `rewrite` failed: Did not find an occurrence of the pattern
  BitVec.getLsbD 2147483647 i
in the target expression
  (decide (i < 32) && ((w2 >>> 58 ||| w3 <<< 6).getLsbD (0 + i) && BitVec.getLsbD 2147483647 (0 + i))) =
    (decide (i < 32) && (decide (i < 31) && (w3 ++ w2 ++ w1 ++ w0).getLsbD (31 * 6 + i)))

case «6»
w0 w1 w2 w3 : BitVec 64
i : ℕ
hi : i < 32
⊢ (decide (i < 32) && ((w2 >>> 58 ||| w3 <<< 6).getLsbD (0 + i) && BitVec.getLsbD 2147483647 (0 + i))) =
    (decide (i < 32) && (decide (i < 31) && (w3 ++ w2 ++ w1 ++ w0).getLsbD (31 * 6 + i)))
/home/dombarker/project-offloads/aspis-r57-lean-src-20260929-a/AspisV8R19/R637PackedBitExtraction.lean:34:8: error: Tactic `rewrite` failed: Did not find an occurrence of the pattern
  BitVec.getLsbD 2147483647 i
in the target expression
  (decide (i < 32) && (w3.getLsbD (25 + (0 + i)) && BitVec.getLsbD 2147483647 (0 + i))) =
    (decide (i < 32) && (decide (i < 31) && (w3 ++ w2 ++ w1 ++ w0).getLsbD (31 * 7 + i)))

case «7»
w0 w1 w2 w3 : BitVec 64
i : ℕ
hi : i < 32
⊢ (decide (i < 32) && (w3.getLsbD (25 + (0 + i)) && BitVec.getLsbD 2147483647 (0 + i))) =
    (decide (i < 32) && (decide (i < 31) && (w3 ++ w2 ++ w1 ++ w0).getLsbD (31 * 7 + i)))
/home/dombarker/project-offloads/aspis-r57-lean-src-20260929-a/AspisV8R19/R637PackedBitExtraction.lean:33:6: warning: This simp argument is unused:
  BitVec.getLsbD_shiftLeft

Hint: Omit it from the simp argument list.
  simp only [maskedLow32, sourceWords, packed256, List.getElem_cons_zero, List.getElem_cons_succ,
  ̲  ̲ ̲ ̲ ̲ ̲BitVec.getLsbD_extractLsb', BitVec.getLsbD_and, BitVec.getLsbD_setWidth,
  ̲  ̲ ̲ ̲ ̲ ̲B̵i̵t̵V̵e̵c̵.̵g̵e̵t̵L̵s̵b̵D̵_̵u̵s̵h̵i̵f̵t̵R̵i̵g̵h̵t̵,̵
  ̵ ̵ ̵ ̵ ̵ ̵ ̵B̵i̵t̵V̵e̵c̵.̵g̵e̵t̵L̵s̵b̵D̵_̵s̵h̵i̵f̵t̵L̵e̵f̵t̵]̵B̲i̲t̲V̲e̲c̲.̲g̲e̲t̲L̲s̲b̲D̲_̲u̲s̲h̲i̲f̲t̲R̲i̲g̲h̲t̲]̲

Note: This linter can be disabled with `set_option linter.unusedSimpArgs false`
'AspisV8R19.R637PackedBitExtraction.mask_bit' depends on axioms: [propext, sorryAx]
'AspisV8R19.R637PackedBitExtraction.source_word_masked_extract' depends on axioms: [propext,
 sorryAx,
 Classical.choice,
 Quot.sound]
Command exited with non-zero status 1
	Command being timed: "/home/dombarker/.elan/bin/lake --dir /home/dombarker/project-offloads/aspis-r126-release-20260930-a/focus-workspace env lean -j1 -M4500 -R /home/dombarker/project-offloads/aspis-r57-lean-src-20260929-a -o /home/dombarker/project-offloads/aspis-r126-release-20260930-a/lib/AspisV8R19/R637PackedBitExtraction.olean /home/dombarker/project-offloads/aspis-r57-lean-src-20260929-a/AspisV8R19/R637PackedBitExtraction.lean"
	User time (seconds): 1.10
	System time (seconds): 0.38
	Percent of CPU this job got: 100%
	Elapsed (wall clock) time (h:mm:ss or m:ss): 0:01.47
	Average shared text size (kbytes): 0
	Average unshared data size (kbytes): 0
	Average stack size (kbytes): 0
	Average total size (kbytes): 0
	Maximum resident set size (kbytes): 3740792
	Average resident set size (kbytes): 0
	Major (requiring I/O) page faults: 0
	Minor (reclaiming a frame) page faults: 86543
	Voluntary context switches: 377
	Involuntary context switches: 78
	Swaps: 0
	File system inputs: 0
	File system outputs: 0
	Socket messages sent: 0
	Socket messages received: 0
	Signals delivered: 0
	Page size (bytes): 4096
	Exit status: 1
Finished with result: exit-code
Main processes terminated with: code=exited/status=1
Service runtime: 1.506s
CPU time consumed: 1.514s
Memory peak: 256.0K
Memory swap peak: 0B
