info: r52_focused: no previous manifest, creating one from scratch
info: toolchain not updated; already up-to-date
/home/dombarker/project-offloads/aspis-r52-lean-src-20260929-a/AspisV8R19/SourceOraclePrograms.lean:42:48: warning: Used `tac1 <;> tac2` where `(tac1; tac2)` would suffice

Note: This linter can be disabled with `set_option linter.unnecessarySeqFocus false`
'AspisV8R19.SourceOraclePrograms.squeeze_eval' depends on axioms: [propext]
'AspisV8R19.SourceOraclePrograms.absorb_eval' depends on axioms: [propext]
'AspisV8R19.SourceOraclePrograms.absorb_two_same_address' depends on axioms: [propext]
'AspisV8R19.SourceOraclePrograms.squeeze_blocks_call_count' depends on axioms: [propext, Quot.sound]
'AspisV8R19.SourceOraclePrograms.squeeze_blocks_output_count' depends on axioms: [propext]
'AspisV8R19.SourceOraclePrograms.blocks_memoized_law' depends on axioms: [propext, Classical.choice, Quot.sound]
'AspisV8R19.SourceOraclePrograms.source_primitive_continuation_eval' depends on axioms: [propext]
'AspisV8R19.SourceOraclePrograms.byte_program_law' depends on axioms: [propext, Classical.choice, Quot.sound]
	Command being timed: "/home/dombarker/.elan/bin/lake env lean -R /home/dombarker/project-offloads/aspis-r52-lean-src-20260929-a -o /home/dombarker/project-offloads/aspis-r52-lean-20260929-j/lib/AspisV8R19/SourceOraclePrograms.olean /home/dombarker/project-offloads/aspis-r52-lean-src-20260929-a/AspisV8R19/SourceOraclePrograms.lean"
	User time (seconds): 1.15
	System time (seconds): 0.51
	Percent of CPU this job got: 114%
	Elapsed (wall clock) time (h:mm:ss or m:ss): 0:01.46
	Average shared text size (kbytes): 0
	Average unshared data size (kbytes): 0
	Average stack size (kbytes): 0
	Average total size (kbytes): 0
	Maximum resident set size (kbytes): 3269076
	Average resident set size (kbytes): 0
	Major (requiring I/O) page faults: 0
	Minor (reclaiming a frame) page faults: 77163
	Voluntary context switches: 6847
	Involuntary context switches: 82
	Swaps: 0
	File system inputs: 0
	File system outputs: 344
	Socket messages sent: 0
	Socket messages received: 0
	Signals delivered: 0
	Page size (bytes): 4096
	Exit status: 0
