Warning: Permanently added '100.108.41.90' (ED25519) to the list of known hosts.
Running as unit: aspis-focus-1791138639975980000.service; invocation ID: f36ea5bc70aa4a489c5bff9cb4fc503e
/home/dombarker/project-offloads/aspis-r57-lean-src-20260929-a/AspisV8R19/R740SparsePointObservation.lean:58:6: error: Tactic `rewrite` failed: Did not find an occurrence of the pattern
  rangeDot ?n ?w fun i => ?q i - ?s i
in the target expression
  rangeDot 1024 (pointWeight half a b c point) (qPair alpha d s) -
      rangeDot 1024 (pointWeight half a b c point) (qPair alpha 0 s) =
    pointWeight half a b c point (4 * ↑d + ↑s + 1) - alpha ^ (↑s + 1) * pointWeight half a b c point (4 * ↑d) -
      (pointWeight half a b c point (↑s + 1) - alpha ^ (↑s + 1) * pointWeight half a b c point 0)

F : Type u_1
inst✝ : CommRing F
half a b c alpha : F
point : Fin 10 → F
d : Fin 255
s : Fin 3
⊢ rangeDot 1024 (pointWeight half a b c point) (qPair alpha d s) -
      rangeDot 1024 (pointWeight half a b c point) (qPair alpha 0 s) =
    pointWeight half a b c point (4 * ↑d + ↑s + 1) - alpha ^ (↑s + 1) * pointWeight half a b c point (4 * ↑d) -
      (pointWeight half a b c point (↑s + 1) - alpha ^ (↑s + 1) * pointWeight half a b c point 0)
'AspisV8R19.R740SparsePointObservation.point_transport_pairing' depends on axioms: [propext,
 Classical.choice,
 Quot.sound]
'AspisV8R19.R740SparsePointObservation.rangeDot_unitVector' depends on axioms: [propext, Classical.choice, Quot.sound]
'AspisV8R19.R740SparsePointObservation.qPair_point_observation' depends on axioms: [propext,
 Classical.choice,
 Quot.sound]
'AspisV8R19.R740SparsePointObservation.direction_point_observation' depends on axioms: [propext,
 sorryAx,
 Classical.choice,
 Quot.sound]
Command exited with non-zero status 1
	Command being timed: "/home/dombarker/.elan/bin/lake --dir /home/dombarker/project-offloads/aspis-r126-release-20260930-a/focus-workspace env lean -j1 -M4500 -R /home/dombarker/project-offloads/aspis-r57-lean-src-20260929-a -o /home/dombarker/project-offloads/aspis-r126-release-20260930-a/lib/AspisV8R19/R740SparsePointObservation.olean /home/dombarker/project-offloads/aspis-r57-lean-src-20260929-a/AspisV8R19/R740SparsePointObservation.lean"
	User time (seconds): 0.91
	System time (seconds): 0.32
	Percent of CPU this job got: 100%
	Elapsed (wall clock) time (h:mm:ss or m:ss): 0:01.24
	Average shared text size (kbytes): 0
	Average unshared data size (kbytes): 0
	Average stack size (kbytes): 0
	Average total size (kbytes): 0
	Maximum resident set size (kbytes): 3286692
	Average resident set size (kbytes): 0
	Major (requiring I/O) page faults: 0
	Minor (reclaiming a frame) page faults: 77326
	Voluntary context switches: 485
	Involuntary context switches: 66
	Swaps: 0
	File system inputs: 0
	File system outputs: 0
	Socket messages sent: 0
	Socket messages received: 0
	Signals delivered: 0
	Page size (bytes): 4096
	Exit status: 1
Finished with result: exit-code
Main processes terminated with: code=exited/status=1
Service runtime: 1.267s
CPU time consumed: 1.273s
Memory peak: 328.0K
Memory swap peak: 0B
