info: r45_focused: no previous manifest, creating one from scratch
info: toolchain not updated; already up-to-date
'AspisR19.RetainedSparseShift.dyadic_zero' depends on axioms: [propext, Classical.choice, Quot.sound]
'AspisR19.RetainedSparseShift.dyadic_succ' depends on axioms: [propext, Classical.choice, Quot.sound]
'AspisR19.RetainedSparseShift.naturalLinePoly_even' depends on axioms: [propext, Classical.choice, Quot.sound]
'AspisR19.RetainedSparseShift.naturalLinePoly_odd' depends on axioms: [propext, Classical.choice, Quot.sound]
'AspisR19.RetainedSparseShift.naturalLinePoly_comp_T_two' depends on axioms: [propext, Classical.choice, Quot.sound]
'AspisR19.RetainedSparseShift.recursiveShiftPolynomial_eq_mul_X' depends on axioms: [propext,
 Classical.choice,
 Quot.sound]
'AspisR19.RetainedSparseShift.trailingOnes_of_even' depends on axioms: [propext, Quot.sound]
'AspisR19.RetainedSparseShift.trailingOnes_of_odd' depends on axioms: [propext, Quot.sound]
'AspisR19.RetainedSparseShift.trailingOnes_two_mul_add_one' depends on axioms: [propext, Quot.sound]
'AspisR19.RetainedSparseShift.pow_trailingOnes_le_succ' depends on axioms: [propext, Classical.choice, Quot.sound]
'AspisR19.RetainedSparseShift.sparseFormula_eq_carry_expansion' depends on axioms: [propext,
 Classical.choice,
 Quot.sound]
'AspisR19.RetainedSparseShift.carry_index_double' depends on axioms: [propext, Classical.choice, Quot.sound]
'AspisR19.RetainedSparseShift.sparseFormula_odd_recurrence' depends on axioms: [propext, Classical.choice, Quot.sound]
'AspisR19.RetainedSparseShift.sparseFormula_eq_recursive' depends on axioms: [propext, Classical.choice, Quot.sound]
	Command being timed: "/home/dombarker/.elan/bin/lake env lean -R /home/dombarker/project-offloads/aspis-r45-lean-src-20260929-a -o /home/dombarker/project-offloads/aspis-r45-lean-20260929-c/lib/AspisV8R19/RetainedSparseShift.olean /home/dombarker/project-offloads/aspis-r45-lean-src-20260929-a/AspisV8R19/RetainedSparseShift.lean"
	User time (seconds): 2.51
	System time (seconds): 0.32
	Percent of CPU this job got: 178%
	Elapsed (wall clock) time (h:mm:ss or m:ss): 0:01.59
	Average shared text size (kbytes): 0
	Average unshared data size (kbytes): 0
	Average stack size (kbytes): 0
	Average total size (kbytes): 0
	Maximum resident set size (kbytes): 2332564
	Average resident set size (kbytes): 0
	Major (requiring I/O) page faults: 4
	Minor (reclaiming a frame) page faults: 54835
	Voluntary context switches: 3316
	Involuntary context switches: 69
	Swaps: 0
	File system inputs: 288
	File system outputs: 1568
	Socket messages sent: 0
	Socket messages received: 0
	Signals delivered: 0
	Page size (bytes): 4096
	Exit status: 0
