Warning: Permanently added '100.108.41.90' (ED25519) to the list of known hosts.
Running as unit: aspis-focus-1791123282322213000.service; invocation ID: b50bcd8a403a49248a2224ef37af7c96
Function.iterate_succ.{u} {α : Type u} (f : α → α) (n : ℕ) : f^[n.succ] = f^[n] ∘ f
Function.iterate_succ_apply.{u} {α : Type u} (f : α → α) (n : ℕ) (x : α) : f^[n.succ] x = f^[n] (f x)
Function.iterate_succ_apply'.{u} {α : Type u} (f : α → α) (n : ℕ) (x : α) : f^[n.succ] x = f (f^[n] x)
Function.iterate_succ'.{u} {α : Type u} (f : α → α) (n : ℕ) : f^[n.succ] = f ∘ f^[n]
pow_two.{u_2} {M : Type u_2} [Monoid M] (a : M) : a ^ 2 = a * a
pow_mul.{u_2} {M : Type u_2} [Monoid M] (a : M) (m n : ℕ) : a ^ (m * n) = (a ^ m) ^ n
	Command being timed: "/home/dombarker/.elan/bin/lake --dir /home/dombarker/project-offloads/aspis-r126-release-20260930-a/focus-workspace env lean -j1 -M4500 -R /home/dombarker/project-offloads/aspis-r57-lean-src-20260929-a -o /home/dombarker/project-offloads/aspis-r126-release-20260930-a/lib/AspisV8R19/R690Check.olean /home/dombarker/project-offloads/aspis-r57-lean-src-20260929-a/AspisV8R19/R690Check.lean"
	User time (seconds): 0.61
	System time (seconds): 0.25
	Percent of CPU this job got: 100%
	Elapsed (wall clock) time (h:mm:ss or m:ss): 0:00.86
	Average shared text size (kbytes): 0
	Average unshared data size (kbytes): 0
	Average stack size (kbytes): 0
	Average total size (kbytes): 0
	Maximum resident set size (kbytes): 2393884
	Average resident set size (kbytes): 0
	Major (requiring I/O) page faults: 0
	Minor (reclaiming a frame) page faults: 54854
	Voluntary context switches: 157
	Involuntary context switches: 39
	Swaps: 0
	File system inputs: 0
	File system outputs: 8
	Socket messages sent: 0
	Socket messages received: 0
	Signals delivered: 0
	Page size (bytes): 4096
	Exit status: 0
Finished with result: success
Main processes terminated with: code=exited/status=0
Service runtime: 896ms
CPU time consumed: 901ms
Memory peak: 516.0K
Memory swap peak: 0B
