Warning: Permanently added '100.108.41.90' (ED25519) to the list of known hosts.
Warning: Permanently added '100.108.41.90' (ED25519) to the list of known hosts.
Warning: Permanently added '100.108.41.90' (ED25519) to the list of known hosts.
Running as unit: aspis-focus-1791153774727648000-2fb5dfbe00f6.service; invocation ID: 178aadda36d645e5b594a293597b9f22
/home/dombarker/project-offloads/aspis-r57-lean-src-20260929-a/AspisV8R19/R799ActiveSourceCellsChunk12.lean:50:25: warning: This simp argument is unused:
  if_true

Hint: Omit it from the simp argument list.
  simp only [unitVector, if_t̵r̵u̵e̵,̵ ̵i̵f_̵f̵alse, mul_zero, zero_add, add_zero]

Note: This linter can be disabled with `set_option linter.unusedSimpArgs false`
/home/dombarker/project-offloads/aspis-r57-lean-src-20260929-a/AspisV8R19/R799ActiveSourceCellsChunk12.lean:50:34: warning: This simp argument is unused:
  if_false

Hint: Omit it from the simp argument list.
  simp only [unitVector, if_true, i̵f̵_̵f̵a̵l̵s̵e̵,̵ ̵mul_zero, zero_add, add_zero]

Note: This linter can be disabled with `set_option linter.unusedSimpArgs false`
/home/dombarker/project-offloads/aspis-r57-lean-src-20260929-a/AspisV8R19/R799ActiveSourceCellsChunk12.lean:50:44: warning: This simp argument is unused:
  mul_zero

Hint: Omit it from the simp argument list.
  simp only [unitVector, if_true, if_false, m̵u̵l̵_̵zero,̵ ̵z̵e̵r̵o̵_add, add_zero]

Note: This linter can be disabled with `set_option linter.unusedSimpArgs false`
/home/dombarker/project-offloads/aspis-r57-lean-src-20260929-a/AspisV8R19/R799ActiveSourceCellsChunk12.lean:50:54: warning: This simp argument is unused:
  zero_add

Hint: Omit it from the simp argument list.
  simp only [unitVector, if_true, if_false, mul_zero, z̵e̵r̵o̵_̵add,̵ ̵a̵d̵d̵_zero]

Note: This linter can be disabled with `set_option linter.unusedSimpArgs false`
/home/dombarker/project-offloads/aspis-r57-lean-src-20260929-a/AspisV8R19/R799ActiveSourceCellsChunk12.lean:50:64: warning: This simp argument is unused:
  add_zero

Hint: Omit it from the simp argument list.
  simp only [unitVector, if_true, if_false, mul_zero, zero_add,̵ ̵a̵d̵d̵_̵z̵e̵r̵o̵]

Note: This linter can be disabled with `set_option linter.unusedSimpArgs false`
'AspisV8R19.R799ActiveSourceCellsChunk12.cell_d87_s0_row351_col111' depends on axioms: [propext,
 Classical.choice,
 Quot.sound]
/home/dombarker/project-offloads/aspis-r57-lean-src-20260929-a/AspisV8R19/R799ActiveSourceCellsChunk12.lean:83:34: warning: This simp argument is unused:
  if_false

Hint: Omit it from the simp argument list.
  simp only [unitVector, if_true, i̵f̵_̵f̵a̵l̵s̵e̵,̵ ̵mul_zero, zero_add, add_zero]

Note: This linter can be disabled with `set_option linter.unusedSimpArgs false`
/home/dombarker/project-offloads/aspis-r57-lean-src-20260929-a/AspisV8R19/R799ActiveSourceCellsChunk12.lean:83:44: warning: This simp argument is unused:
  mul_zero

Hint: Omit it from the simp argument list.
  simp only [unitVector, if_true, if_false, m̵u̵l̵_̵zero,̵ ̵z̵e̵r̵o̵_add, add_zero]

Note: This linter can be disabled with `set_option linter.unusedSimpArgs false`
/home/dombarker/project-offloads/aspis-r57-lean-src-20260929-a/AspisV8R19/R799ActiveSourceCellsChunk12.lean:83:54: warning: This simp argument is unused:
  zero_add

Hint: Omit it from the simp argument list.
  simp only [unitVector, if_true, if_false, mul_zero, z̵e̵r̵o̵_̵add,̵ ̵a̵d̵d̵_zero]

Note: This linter can be disabled with `set_option linter.unusedSimpArgs false`
/home/dombarker/project-offloads/aspis-r57-lean-src-20260929-a/AspisV8R19/R799ActiveSourceCellsChunk12.lean:83:64: warning: This simp argument is unused:
  add_zero

Hint: Omit it from the simp argument list.
  simp only [unitVector, if_true, if_false, mul_zero, zero_add,̵ ̵a̵d̵d̵_̵z̵e̵r̵o̵]

Note: This linter can be disabled with `set_option linter.unusedSimpArgs false`
'AspisV8R19.R799ActiveSourceCellsChunk12.cell_d87_s2_row351_col112' depends on axioms: [propext,
 Classical.choice,
 Quot.sound]
/home/dombarker/project-offloads/aspis-r57-lean-src-20260929-a/AspisV8R19/R799ActiveSourceCellsChunk12.lean:116:25: warning: This simp argument is unused:
  if_true

Hint: Omit it from the simp argument list.
  simp only [unitVector, if_t̵r̵u̵e̵,̵ ̵i̵f_̵f̵alse, mul_zero, zero_add, add_zero]

Note: This linter can be disabled with `set_option linter.unusedSimpArgs false`
/home/dombarker/project-offloads/aspis-r57-lean-src-20260929-a/AspisV8R19/R799ActiveSourceCellsChunk12.lean:116:34: warning: This simp argument is unused:
  if_false

Hint: Omit it from the simp argument list.
  simp only [unitVector, if_true, i̵f̵_̵f̵a̵l̵s̵e̵,̵ ̵mul_zero, zero_add, add_zero]

Note: This linter can be disabled with `set_option linter.unusedSimpArgs false`
/home/dombarker/project-offloads/aspis-r57-lean-src-20260929-a/AspisV8R19/R799ActiveSourceCellsChunk12.lean:116:44: warning: This simp argument is unused:
  mul_zero

Hint: Omit it from the simp argument list.
  simp only [unitVector, if_true, if_false, m̵u̵l̵_̵zero,̵ ̵z̵e̵r̵o̵_add, add_zero]

Note: This linter can be disabled with `set_option linter.unusedSimpArgs false`
/home/dombarker/project-offloads/aspis-r57-lean-src-20260929-a/AspisV8R19/R799ActiveSourceCellsChunk12.lean:116:54: warning: This simp argument is unused:
  zero_add

Hint: Omit it from the simp argument list.
  simp only [unitVector, if_true, if_false, mul_zero, z̵e̵r̵o̵_̵add,̵ ̵a̵d̵d̵_zero]

Note: This linter can be disabled with `set_option linter.unusedSimpArgs false`
/home/dombarker/project-offloads/aspis-r57-lean-src-20260929-a/AspisV8R19/R799ActiveSourceCellsChunk12.lean:116:64: warning: This simp argument is unused:
  add_zero

Hint: Omit it from the simp argument list.
  simp only [unitVector, if_true, if_false, mul_zero, zero_add,̵ ̵a̵d̵d̵_̵z̵e̵r̵o̵]

Note: This linter can be disabled with `set_option linter.unusedSimpArgs false`
'AspisV8R19.R799ActiveSourceCellsChunk12.cell_d87_s2_row353_col112' depends on axioms: [propext,
 Classical.choice,
 Quot.sound]
/home/dombarker/project-offloads/aspis-r57-lean-src-20260929-a/AspisV8R19/R799ActiveSourceCellsChunk12.lean:149:34: warning: This simp argument is unused:
  if_false

Hint: Omit it from the simp argument list.
  simp only [unitVector, if_true, i̵f̵_̵f̵a̵l̵s̵e̵,̵ ̵mul_zero, zero_add, add_zero]

Note: This linter can be disabled with `set_option linter.unusedSimpArgs false`
/home/dombarker/project-offloads/aspis-r57-lean-src-20260929-a/AspisV8R19/R799ActiveSourceCellsChunk12.lean:149:44: warning: This simp argument is unused:
  mul_zero

Hint: Omit it from the simp argument list.
  simp only [unitVector, if_true, if_false, m̵u̵l̵_̵zero,̵ ̵z̵e̵r̵o̵_add, add_zero]

Note: This linter can be disabled with `set_option linter.unusedSimpArgs false`
/home/dombarker/project-offloads/aspis-r57-lean-src-20260929-a/AspisV8R19/R799ActiveSourceCellsChunk12.lean:149:54: warning: This simp argument is unused:
  zero_add

Hint: Omit it from the simp argument list.
  simp only [unitVector, if_true, if_false, mul_zero, z̵e̵r̵o̵_̵add,̵ ̵a̵d̵d̵_zero]

Note: This linter can be disabled with `set_option linter.unusedSimpArgs false`
/home/dombarker/project-offloads/aspis-r57-lean-src-20260929-a/AspisV8R19/R799ActiveSourceCellsChunk12.lean:149:64: warning: This simp argument is unused:
  add_zero

Hint: Omit it from the simp argument list.
  simp only [unitVector, if_true, if_false, mul_zero, zero_add,̵ ̵a̵d̵d̵_̵z̵e̵r̵o̵]

Note: This linter can be disabled with `set_option linter.unusedSimpArgs false`
'AspisV8R19.R799ActiveSourceCellsChunk12.cell_d88_s0_row353_col113' depends on axioms: [propext,
 Classical.choice,
 Quot.sound]
/home/dombarker/project-offloads/aspis-r57-lean-src-20260929-a/AspisV8R19/R799ActiveSourceCellsChunk12.lean:182:34: warning: This simp argument is unused:
  if_false

Hint: Omit it from the simp argument list.
  simp only [unitVector, if_true, i̵f̵_̵f̵a̵l̵s̵e̵,̵ ̵mul_zero, zero_add, add_zero]

Note: This linter can be disabled with `set_option linter.unusedSimpArgs false`
/home/dombarker/project-offloads/aspis-r57-lean-src-20260929-a/AspisV8R19/R799ActiveSourceCellsChunk12.lean:182:44: warning: This simp argument is unused:
  mul_zero

Hint: Omit it from the simp argument list.
  simp only [unitVector, if_true, if_false, m̵u̵l̵_̵zero,̵ ̵z̵e̵r̵o̵_add, add_zero]

Note: This linter can be disabled with `set_option linter.unusedSimpArgs false`
/home/dombarker/project-offloads/aspis-r57-lean-src-20260929-a/AspisV8R19/R799ActiveSourceCellsChunk12.lean:182:54: warning: This simp argument is unused:
  zero_add

Hint: Omit it from the simp argument list.
  simp only [unitVector, if_true, if_false, mul_zero, z̵e̵r̵o̵_̵add,̵ ̵a̵d̵d̵_zero]

Note: This linter can be disabled with `set_option linter.unusedSimpArgs false`
/home/dombarker/project-offloads/aspis-r57-lean-src-20260929-a/AspisV8R19/R799ActiveSourceCellsChunk12.lean:182:64: warning: This simp argument is unused:
  add_zero

Hint: Omit it from the simp argument list.
  simp only [unitVector, if_true, if_false, mul_zero, zero_add,̵ ̵a̵d̵d̵_̵z̵e̵r̵o̵]

Note: This linter can be disabled with `set_option linter.unusedSimpArgs false`
'AspisV8R19.R799ActiveSourceCellsChunk12.cell_d88_s2_row353_col114' depends on axioms: [propext,
 Classical.choice,
 Quot.sound]
/home/dombarker/project-offloads/aspis-r57-lean-src-20260929-a/AspisV8R19/R799ActiveSourceCellsChunk12.lean:215:25: warning: This simp argument is unused:
  if_true

Hint: Omit it from the simp argument list.
  simp only [unitVector, if_t̵r̵u̵e̵,̵ ̵i̵f_̵f̵alse, mul_zero, zero_add, add_zero]

Note: This linter can be disabled with `set_option linter.unusedSimpArgs false`
/home/dombarker/project-offloads/aspis-r57-lean-src-20260929-a/AspisV8R19/R799ActiveSourceCellsChunk12.lean:215:34: warning: This simp argument is unused:
  if_false

Hint: Omit it from the simp argument list.
  simp only [unitVector, if_true, i̵f̵_̵f̵a̵l̵s̵e̵,̵ ̵mul_zero, zero_add, add_zero]

Note: This linter can be disabled with `set_option linter.unusedSimpArgs false`
/home/dombarker/project-offloads/aspis-r57-lean-src-20260929-a/AspisV8R19/R799ActiveSourceCellsChunk12.lean:215:44: warning: This simp argument is unused:
  mul_zero

Hint: Omit it from the simp argument list.
  simp only [unitVector, if_true, if_false, m̵u̵l̵_̵zero,̵ ̵z̵e̵r̵o̵_add, add_zero]

Note: This linter can be disabled with `set_option linter.unusedSimpArgs false`
/home/dombarker/project-offloads/aspis-r57-lean-src-20260929-a/AspisV8R19/R799ActiveSourceCellsChunk12.lean:215:54: warning: This simp argument is unused:
  zero_add

Hint: Omit it from the simp argument list.
  simp only [unitVector, if_true, if_false, mul_zero, z̵e̵r̵o̵_̵add,̵ ̵a̵d̵d̵_zero]

Note: This linter can be disabled with `set_option linter.unusedSimpArgs false`
/home/dombarker/project-offloads/aspis-r57-lean-src-20260929-a/AspisV8R19/R799ActiveSourceCellsChunk12.lean:215:64: warning: This simp argument is unused:
  add_zero

Hint: Omit it from the simp argument list.
  simp only [unitVector, if_true, if_false, mul_zero, zero_add,̵ ̵a̵d̵d̵_̵z̵e̵r̵o̵]

Note: This linter can be disabled with `set_option linter.unusedSimpArgs false`
'AspisV8R19.R799ActiveSourceCellsChunk12.cell_d89_s2_row353_col116' depends on axioms: [propext,
 Classical.choice,
 Quot.sound]
/home/dombarker/project-offloads/aspis-r57-lean-src-20260929-a/AspisV8R19/R799ActiveSourceCellsChunk12.lean:248:25: warning: This simp argument is unused:
  if_true

Hint: Omit it from the simp argument list.
  simp only [unitVector, if_t̵r̵u̵e̵,̵ ̵i̵f_̵f̵alse, mul_zero, zero_add, add_zero]

Note: This linter can be disabled with `set_option linter.unusedSimpArgs false`
/home/dombarker/project-offloads/aspis-r57-lean-src-20260929-a/AspisV8R19/R799ActiveSourceCellsChunk12.lean:248:34: warning: This simp argument is unused:
  if_false

Hint: Omit it from the simp argument list.
  simp only [unitVector, if_true, i̵f̵_̵f̵a̵l̵s̵e̵,̵ ̵mul_zero, zero_add, add_zero]

Note: This linter can be disabled with `set_option linter.unusedSimpArgs false`
/home/dombarker/project-offloads/aspis-r57-lean-src-20260929-a/AspisV8R19/R799ActiveSourceCellsChunk12.lean:248:44: warning: This simp argument is unused:
  mul_zero

Hint: Omit it from the simp argument list.
  simp only [unitVector, if_true, if_false, m̵u̵l̵_̵zero,̵ ̵z̵e̵r̵o̵_add, add_zero]

Note: This linter can be disabled with `set_option linter.unusedSimpArgs false`
/home/dombarker/project-offloads/aspis-r57-lean-src-20260929-a/AspisV8R19/R799ActiveSourceCellsChunk12.lean:248:54: warning: This simp argument is unused:
  zero_add

Hint: Omit it from the simp argument list.
  simp only [unitVector, if_true, if_false, mul_zero, z̵e̵r̵o̵_̵add,̵ ̵a̵d̵d̵_zero]

Note: This linter can be disabled with `set_option linter.unusedSimpArgs false`
/home/dombarker/project-offloads/aspis-r57-lean-src-20260929-a/AspisV8R19/R799ActiveSourceCellsChunk12.lean:248:64: warning: This simp argument is unused:
  add_zero

Hint: Omit it from the simp argument list.
  simp only [unitVector, if_true, if_false, mul_zero, zero_add,̵ ̵a̵d̵d̵_̵z̵e̵r̵o̵]

Note: This linter can be disabled with `set_option linter.unusedSimpArgs false`
'AspisV8R19.R799ActiveSourceCellsChunk12.cell_d91_s2_row353_col119' depends on axioms: [propext,
 Classical.choice,
 Quot.sound]
/home/dombarker/project-offloads/aspis-r57-lean-src-20260929-a/AspisV8R19/R799ActiveSourceCellsChunk12.lean:281:25: warning: This simp argument is unused:
  if_true

Hint: Omit it from the simp argument list.
  simp only [unitVector, if_t̵r̵u̵e̵,̵ ̵i̵f_̵f̵alse, mul_zero, zero_add, add_zero]

Note: This linter can be disabled with `set_option linter.unusedSimpArgs false`
/home/dombarker/project-offloads/aspis-r57-lean-src-20260929-a/AspisV8R19/R799ActiveSourceCellsChunk12.lean:281:34: warning: This simp argument is unused:
  if_false

Hint: Omit it from the simp argument list.
  simp only [unitVector, if_true, i̵f̵_̵f̵a̵l̵s̵e̵,̵ ̵mul_zero, zero_add, add_zero]

Note: This linter can be disabled with `set_option linter.unusedSimpArgs false`
/home/dombarker/project-offloads/aspis-r57-lean-src-20260929-a/AspisV8R19/R799ActiveSourceCellsChunk12.lean:281:44: warning: This simp argument is unused:
  mul_zero

Hint: Omit it from the simp argument list.
  simp only [unitVector, if_true, if_false, m̵u̵l̵_̵zero,̵ ̵z̵e̵r̵o̵_add, add_zero]

Note: This linter can be disabled with `set_option linter.unusedSimpArgs false`
/home/dombarker/project-offloads/aspis-r57-lean-src-20260929-a/AspisV8R19/R799ActiveSourceCellsChunk12.lean:281:54: warning: This simp argument is unused:
  zero_add

Hint: Omit it from the simp argument list.
  simp only [unitVector, if_true, if_false, mul_zero, z̵e̵r̵o̵_̵add,̵ ̵a̵d̵d̵_zero]

Note: This linter can be disabled with `set_option linter.unusedSimpArgs false`
/home/dombarker/project-offloads/aspis-r57-lean-src-20260929-a/AspisV8R19/R799ActiveSourceCellsChunk12.lean:281:64: warning: This simp argument is unused:
  add_zero

Hint: Omit it from the simp argument list.
  simp only [unitVector, if_true, if_false, mul_zero, zero_add,̵ ̵a̵d̵d̵_̵z̵e̵r̵o̵]

Note: This linter can be disabled with `set_option linter.unusedSimpArgs false`
'AspisV8R19.R799ActiveSourceCellsChunk12.cell_d88_s0_row355_col113' depends on axioms: [propext,
 Classical.choice,
 Quot.sound]
/home/dombarker/project-offloads/aspis-r57-lean-src-20260929-a/AspisV8R19/R799ActiveSourceCellsChunk12.lean:314:34: warning: This simp argument is unused:
  if_false

Hint: Omit it from the simp argument list.
  simp only [unitVector, if_true, i̵f̵_̵f̵a̵l̵s̵e̵,̵ ̵mul_zero, zero_add, add_zero]

Note: This linter can be disabled with `set_option linter.unusedSimpArgs false`
/home/dombarker/project-offloads/aspis-r57-lean-src-20260929-a/AspisV8R19/R799ActiveSourceCellsChunk12.lean:314:44: warning: This simp argument is unused:
  mul_zero

Hint: Omit it from the simp argument list.
  simp only [unitVector, if_true, if_false, m̵u̵l̵_̵zero,̵ ̵z̵e̵r̵o̵_add, add_zero]

Note: This linter can be disabled with `set_option linter.unusedSimpArgs false`
/home/dombarker/project-offloads/aspis-r57-lean-src-20260929-a/AspisV8R19/R799ActiveSourceCellsChunk12.lean:314:54: warning: This simp argument is unused:
  zero_add

Hint: Omit it from the simp argument list.
  simp only [unitVector, if_true, if_false, mul_zero, z̵e̵r̵o̵_̵add,̵ ̵a̵d̵d̵_zero]

Note: This linter can be disabled with `set_option linter.unusedSimpArgs false`
/home/dombarker/project-offloads/aspis-r57-lean-src-20260929-a/AspisV8R19/R799ActiveSourceCellsChunk12.lean:314:64: warning: This simp argument is unused:
  add_zero

Hint: Omit it from the simp argument list.
  simp only [unitVector, if_true, if_false, mul_zero, zero_add,̵ ̵a̵d̵d̵_̵z̵e̵r̵o̵]

Note: This linter can be disabled with `set_option linter.unusedSimpArgs false`
'AspisV8R19.R799ActiveSourceCellsChunk12.cell_d88_s2_row355_col114' depends on axioms: [propext,
 Classical.choice,
 Quot.sound]
/home/dombarker/project-offloads/aspis-r57-lean-src-20260929-a/AspisV8R19/R799ActiveSourceCellsChunk12.lean:347:25: warning: This simp argument is unused:
  if_true

Hint: Omit it from the simp argument list.
  simp only [unitVector, if_t̵r̵u̵e̵,̵ ̵i̵f_̵f̵alse, mul_zero, zero_add, add_zero]

Note: This linter can be disabled with `set_option linter.unusedSimpArgs false`
/home/dombarker/project-offloads/aspis-r57-lean-src-20260929-a/AspisV8R19/R799ActiveSourceCellsChunk12.lean:347:34: warning: This simp argument is unused:
  if_false

Hint: Omit it from the simp argument list.
  simp only [unitVector, if_true, i̵f̵_̵f̵a̵l̵s̵e̵,̵ ̵mul_zero, zero_add, add_zero]

Note: This linter can be disabled with `set_option linter.unusedSimpArgs false`
/home/dombarker/project-offloads/aspis-r57-lean-src-20260929-a/AspisV8R19/R799ActiveSourceCellsChunk12.lean:347:44: warning: This simp argument is unused:
  mul_zero

Hint: Omit it from the simp argument list.
  simp only [unitVector, if_true, if_false, m̵u̵l̵_̵zero,̵ ̵z̵e̵r̵o̵_add, add_zero]

Note: This linter can be disabled with `set_option linter.unusedSimpArgs false`
/home/dombarker/project-offloads/aspis-r57-lean-src-20260929-a/AspisV8R19/R799ActiveSourceCellsChunk12.lean:347:54: warning: This simp argument is unused:
  zero_add

Hint: Omit it from the simp argument list.
  simp only [unitVector, if_true, if_false, mul_zero, z̵e̵r̵o̵_̵add,̵ ̵a̵d̵d̵_zero]

Note: This linter can be disabled with `set_option linter.unusedSimpArgs false`
/home/dombarker/project-offloads/aspis-r57-lean-src-20260929-a/AspisV8R19/R799ActiveSourceCellsChunk12.lean:347:64: warning: This simp argument is unused:
  add_zero

Hint: Omit it from the simp argument list.
  simp only [unitVector, if_true, if_false, mul_zero, zero_add,̵ ̵a̵d̵d̵_̵z̵e̵r̵o̵]

Note: This linter can be disabled with `set_option linter.unusedSimpArgs false`
'AspisV8R19.R799ActiveSourceCellsChunk12.cell_d88_s2_row357_col114' depends on axioms: [propext,
 Classical.choice,
 Quot.sound]
/home/dombarker/project-offloads/aspis-r57-lean-src-20260929-a/AspisV8R19/R799ActiveSourceCellsChunk12.lean:380:34: warning: This simp argument is unused:
  if_false

Hint: Omit it from the simp argument list.
  simp only [unitVector, if_true, i̵f̵_̵f̵a̵l̵s̵e̵,̵ ̵mul_zero, zero_add, add_zero]

Note: This linter can be disabled with `set_option linter.unusedSimpArgs false`
/home/dombarker/project-offloads/aspis-r57-lean-src-20260929-a/AspisV8R19/R799ActiveSourceCellsChunk12.lean:380:44: warning: This simp argument is unused:
  mul_zero

Hint: Omit it from the simp argument list.
  simp only [unitVector, if_true, if_false, m̵u̵l̵_̵zero,̵ ̵z̵e̵r̵o̵_add, add_zero]

Note: This linter can be disabled with `set_option linter.unusedSimpArgs false`
/home/dombarker/project-offloads/aspis-r57-lean-src-20260929-a/AspisV8R19/R799ActiveSourceCellsChunk12.lean:380:54: warning: This simp argument is unused:
  zero_add

Hint: Omit it from the simp argument list.
  simp only [unitVector, if_true, if_false, mul_zero, z̵e̵r̵o̵_̵add,̵ ̵a̵d̵d̵_zero]

Note: This linter can be disabled with `set_option linter.unusedSimpArgs false`
/home/dombarker/project-offloads/aspis-r57-lean-src-20260929-a/AspisV8R19/R799ActiveSourceCellsChunk12.lean:380:64: warning: This simp argument is unused:
  add_zero

Hint: Omit it from the simp argument list.
  simp only [unitVector, if_true, if_false, mul_zero, zero_add,̵ ̵a̵d̵d̵_̵z̵e̵r̵o̵]

Note: This linter can be disabled with `set_option linter.unusedSimpArgs false`
'AspisV8R19.R799ActiveSourceCellsChunk12.cell_d89_s0_row357_col115' depends on axioms: [propext,
 Classical.choice,
 Quot.sound]
/home/dombarker/project-offloads/aspis-r57-lean-src-20260929-a/AspisV8R19/R799ActiveSourceCellsChunk12.lean:413:34: warning: This simp argument is unused:
  if_false

Hint: Omit it from the simp argument list.
  simp only [unitVector, if_true, i̵f̵_̵f̵a̵l̵s̵e̵,̵ ̵mul_zero, zero_add, add_zero]

Note: This linter can be disabled with `set_option linter.unusedSimpArgs false`
/home/dombarker/project-offloads/aspis-r57-lean-src-20260929-a/AspisV8R19/R799ActiveSourceCellsChunk12.lean:413:44: warning: This simp argument is unused:
  mul_zero

Hint: Omit it from the simp argument list.
  simp only [unitVector, if_true, if_false, m̵u̵l̵_̵zero,̵ ̵z̵e̵r̵o̵_add, add_zero]

Note: This linter can be disabled with `set_option linter.unusedSimpArgs false`
/home/dombarker/project-offloads/aspis-r57-lean-src-20260929-a/AspisV8R19/R799ActiveSourceCellsChunk12.lean:413:54: warning: This simp argument is unused:
  zero_add

Hint: Omit it from the simp argument list.
  simp only [unitVector, if_true, if_false, mul_zero, z̵e̵r̵o̵_̵add,̵ ̵a̵d̵d̵_zero]

Note: This linter can be disabled with `set_option linter.unusedSimpArgs false`
/home/dombarker/project-offloads/aspis-r57-lean-src-20260929-a/AspisV8R19/R799ActiveSourceCellsChunk12.lean:413:64: warning: This simp argument is unused:
  add_zero

Hint: Omit it from the simp argument list.
  simp only [unitVector, if_true, if_false, mul_zero, zero_add,̵ ̵a̵d̵d̵_̵z̵e̵r̵o̵]

Note: This linter can be disabled with `set_option linter.unusedSimpArgs false`
'AspisV8R19.R799ActiveSourceCellsChunk12.cell_d89_s2_row357_col116' depends on axioms: [propext,
 Classical.choice,
 Quot.sound]
/home/dombarker/project-offloads/aspis-r57-lean-src-20260929-a/AspisV8R19/R799ActiveSourceCellsChunk12.lean:446:25: warning: This simp argument is unused:
  if_true

Hint: Omit it from the simp argument list.
  simp only [unitVector, if_t̵r̵u̵e̵,̵ ̵i̵f_̵f̵alse, mul_zero, zero_add, add_zero]

Note: This linter can be disabled with `set_option linter.unusedSimpArgs false`
/home/dombarker/project-offloads/aspis-r57-lean-src-20260929-a/AspisV8R19/R799ActiveSourceCellsChunk12.lean:446:34: warning: This simp argument is unused:
  if_false

Hint: Omit it from the simp argument list.
  simp only [unitVector, if_true, i̵f̵_̵f̵a̵l̵s̵e̵,̵ ̵mul_zero, zero_add, add_zero]

Note: This linter can be disabled with `set_option linter.unusedSimpArgs false`
/home/dombarker/project-offloads/aspis-r57-lean-src-20260929-a/AspisV8R19/R799ActiveSourceCellsChunk12.lean:446:44: warning: This simp argument is unused:
  mul_zero

Hint: Omit it from the simp argument list.
  simp only [unitVector, if_true, if_false, m̵u̵l̵_̵zero,̵ ̵z̵e̵r̵o̵_add, add_zero]

Note: This linter can be disabled with `set_option linter.unusedSimpArgs false`
/home/dombarker/project-offloads/aspis-r57-lean-src-20260929-a/AspisV8R19/R799ActiveSourceCellsChunk12.lean:446:54: warning: This simp argument is unused:
  zero_add

Hint: Omit it from the simp argument list.
  simp only [unitVector, if_true, if_false, mul_zero, z̵e̵r̵o̵_̵add,̵ ̵a̵d̵d̵_zero]

Note: This linter can be disabled with `set_option linter.unusedSimpArgs false`
/home/dombarker/project-offloads/aspis-r57-lean-src-20260929-a/AspisV8R19/R799ActiveSourceCellsChunk12.lean:446:64: warning: This simp argument is unused:
  add_zero

Hint: Omit it from the simp argument list.
  simp only [unitVector, if_true, if_false, mul_zero, zero_add,̵ ̵a̵d̵d̵_̵z̵e̵r̵o̵]

Note: This linter can be disabled with `set_option linter.unusedSimpArgs false`
'AspisV8R19.R799ActiveSourceCellsChunk12.cell_d89_s0_row359_col115' depends on axioms: [propext,
 Classical.choice,
 Quot.sound]
/home/dombarker/project-offloads/aspis-r57-lean-src-20260929-a/AspisV8R19/R799ActiveSourceCellsChunk12.lean:479:34: warning: This simp argument is unused:
  if_false

Hint: Omit it from the simp argument list.
  simp only [unitVector, if_true, i̵f̵_̵f̵a̵l̵s̵e̵,̵ ̵mul_zero, zero_add, add_zero]

Note: This linter can be disabled with `set_option linter.unusedSimpArgs false`
/home/dombarker/project-offloads/aspis-r57-lean-src-20260929-a/AspisV8R19/R799ActiveSourceCellsChunk12.lean:479:44: warning: This simp argument is unused:
  mul_zero

Hint: Omit it from the simp argument list.
  simp only [unitVector, if_true, if_false, m̵u̵l̵_̵zero,̵ ̵z̵e̵r̵o̵_add, add_zero]

Note: This linter can be disabled with `set_option linter.unusedSimpArgs false`
/home/dombarker/project-offloads/aspis-r57-lean-src-20260929-a/AspisV8R19/R799ActiveSourceCellsChunk12.lean:479:54: warning: This simp argument is unused:
  zero_add

Hint: Omit it from the simp argument list.
  simp only [unitVector, if_true, if_false, mul_zero, z̵e̵r̵o̵_̵add,̵ ̵a̵d̵d̵_zero]

Note: This linter can be disabled with `set_option linter.unusedSimpArgs false`
/home/dombarker/project-offloads/aspis-r57-lean-src-20260929-a/AspisV8R19/R799ActiveSourceCellsChunk12.lean:479:64: warning: This simp argument is unused:
  add_zero

Hint: Omit it from the simp argument list.
  simp only [unitVector, if_true, if_false, mul_zero, zero_add,̵ ̵a̵d̵d̵_̵z̵e̵r̵o̵]

Note: This linter can be disabled with `set_option linter.unusedSimpArgs false`
'AspisV8R19.R799ActiveSourceCellsChunk12.cell_d89_s2_row359_col116' depends on axioms: [propext,
 Classical.choice,
 Quot.sound]
/home/dombarker/project-offloads/aspis-r57-lean-src-20260929-a/AspisV8R19/R799ActiveSourceCellsChunk12.lean:512:25: warning: This simp argument is unused:
  if_true

Hint: Omit it from the simp argument list.
  simp only [unitVector, if_t̵r̵u̵e̵,̵ ̵i̵f_̵f̵alse, mul_zero, zero_add, add_zero]

Note: This linter can be disabled with `set_option linter.unusedSimpArgs false`
/home/dombarker/project-offloads/aspis-r57-lean-src-20260929-a/AspisV8R19/R799ActiveSourceCellsChunk12.lean:512:34: warning: This simp argument is unused:
  if_false

Hint: Omit it from the simp argument list.
  simp only [unitVector, if_true, i̵f̵_̵f̵a̵l̵s̵e̵,̵ ̵mul_zero, zero_add, add_zero]

Note: This linter can be disabled with `set_option linter.unusedSimpArgs false`
/home/dombarker/project-offloads/aspis-r57-lean-src-20260929-a/AspisV8R19/R799ActiveSourceCellsChunk12.lean:512:44: warning: This simp argument is unused:
  mul_zero

Hint: Omit it from the simp argument list.
  simp only [unitVector, if_true, if_false, m̵u̵l̵_̵zero,̵ ̵z̵e̵r̵o̵_add, add_zero]

Note: This linter can be disabled with `set_option linter.unusedSimpArgs false`
/home/dombarker/project-offloads/aspis-r57-lean-src-20260929-a/AspisV8R19/R799ActiveSourceCellsChunk12.lean:512:54: warning: This simp argument is unused:
  zero_add

Hint: Omit it from the simp argument list.
  simp only [unitVector, if_true, if_false, mul_zero, z̵e̵r̵o̵_̵add,̵ ̵a̵d̵d̵_zero]

Note: This linter can be disabled with `set_option linter.unusedSimpArgs false`
/home/dombarker/project-offloads/aspis-r57-lean-src-20260929-a/AspisV8R19/R799ActiveSourceCellsChunk12.lean:512:64: warning: This simp argument is unused:
  add_zero

Hint: Omit it from the simp argument list.
  simp only [unitVector, if_true, if_false, mul_zero, zero_add,̵ ̵a̵d̵d̵_̵z̵e̵r̵o̵]

Note: This linter can be disabled with `set_option linter.unusedSimpArgs false`
'AspisV8R19.R799ActiveSourceCellsChunk12.cell_d89_s2_row361_col116' depends on axioms: [propext,
 Classical.choice,
 Quot.sound]
/home/dombarker/project-offloads/aspis-r57-lean-src-20260929-a/AspisV8R19/R799ActiveSourceCellsChunk12.lean:545:34: warning: This simp argument is unused:
  if_false

Hint: Omit it from the simp argument list.
  simp only [unitVector, if_true, i̵f̵_̵f̵a̵l̵s̵e̵,̵ ̵mul_zero, zero_add, add_zero]

Note: This linter can be disabled with `set_option linter.unusedSimpArgs false`
/home/dombarker/project-offloads/aspis-r57-lean-src-20260929-a/AspisV8R19/R799ActiveSourceCellsChunk12.lean:545:44: warning: This simp argument is unused:
  mul_zero

Hint: Omit it from the simp argument list.
  simp only [unitVector, if_true, if_false, m̵u̵l̵_̵zero,̵ ̵z̵e̵r̵o̵_add, add_zero]

Note: This linter can be disabled with `set_option linter.unusedSimpArgs false`
/home/dombarker/project-offloads/aspis-r57-lean-src-20260929-a/AspisV8R19/R799ActiveSourceCellsChunk12.lean:545:54: warning: This simp argument is unused:
  zero_add

Hint: Omit it from the simp argument list.
  simp only [unitVector, if_true, if_false, mul_zero, z̵e̵r̵o̵_̵add,̵ ̵a̵d̵d̵_zero]

Note: This linter can be disabled with `set_option linter.unusedSimpArgs false`
/home/dombarker/project-offloads/aspis-r57-lean-src-20260929-a/AspisV8R19/R799ActiveSourceCellsChunk12.lean:545:64: warning: This simp argument is unused:
  add_zero

Hint: Omit it from the simp argument list.
  simp only [unitVector, if_true, if_false, mul_zero, zero_add,̵ ̵a̵d̵d̵_̵z̵e̵r̵o̵]

Note: This linter can be disabled with `set_option linter.unusedSimpArgs false`
'AspisV8R19.R799ActiveSourceCellsChunk12.cell_d90_s0_row361_col117' depends on axioms: [propext,
 Classical.choice,
 Quot.sound]
	Command being timed: "/home/dombarker/.elan/bin/lake --dir /home/dombarker/project-offloads/aspis-r126-release-20260930-a/focus-workspace env lean -j1 -M4500 -R /home/dombarker/project-offloads/aspis-r57-lean-src-20260929-a -o /home/dombarker/project-offloads/aspis-r126-release-20260930-a/lib/AspisV8R19/R799ActiveSourceCellsChunk12.olean /home/dombarker/project-offloads/aspis-r57-lean-src-20260929-a/AspisV8R19/R799ActiveSourceCellsChunk12.lean"
	User time (seconds): 3.57
	System time (seconds): 0.38
	Percent of CPU this job got: 100%
	Elapsed (wall clock) time (h:mm:ss or m:ss): 0:03.93
	Average shared text size (kbytes): 0
	Average unshared data size (kbytes): 0
	Average stack size (kbytes): 0
	Average total size (kbytes): 0
	Maximum resident set size (kbytes): 3326780
	Average resident set size (kbytes): 0
	Major (requiring I/O) page faults: 0
	Minor (reclaiming a frame) page faults: 83451
	Voluntary context switches: 1275
	Involuntary context switches: 83
	Swaps: 0
	File system inputs: 0
	File system outputs: 640
	Socket messages sent: 0
	Socket messages received: 0
	Signals delivered: 0
	Page size (bytes): 4096
	Exit status: 0
Finished with result: success
Main processes terminated with: code=exited/status=0
Service runtime: 3.969s
CPU time consumed: 3.989s
Memory peak: 512.0K
Memory swap peak: 0B

LOG /Users/dominic/ZK/.worktrees/ZK-v8-r21-public-arithmetic-20260922/.r21-scratch/aspis-focus-1791153774727648000-2fb5dfbe00f6.log EXIT 0 RECEIPT /Users/dominic/ZK/.worktrees/ZK-v8-r21-public-arithmetic-20260922/.r21-scratch/aspis-focus-1791153774727648000-2fb5dfbe00f6.receipt.json
