Warning: Permanently added '100.108.41.90' (ED25519) to the list of known hosts.
Warning: Permanently added '100.108.41.90' (ED25519) to the list of known hosts.
Warning: Permanently added '100.108.41.90' (ED25519) to the list of known hosts.
Running as unit: aspis-focus-1791153779757908000-d054ebf0d4eb.service; invocation ID: 992d5505130940daac8c4dafcb4bb72a
/home/dombarker/project-offloads/aspis-r57-lean-src-20260929-a/AspisV8R19/R799ActiveSourceCellsChunk13.lean:52:25: warning: This simp argument is unused:
  if_true

Hint: Omit it from the simp argument list.
  simp only [unitVector, if_t̵r̵u̵e̵,̵ ̵i̵f_̵f̵alse, mul_zero, zero_add, add_zero]

Note: This linter can be disabled with `set_option linter.unusedSimpArgs false`
/home/dombarker/project-offloads/aspis-r57-lean-src-20260929-a/AspisV8R19/R799ActiveSourceCellsChunk13.lean:52:34: warning: This simp argument is unused:
  if_false

Hint: Omit it from the simp argument list.
  simp only [unitVector, if_true, i̵f̵_̵f̵a̵l̵s̵e̵,̵ ̵mul_zero, zero_add, add_zero]

Note: This linter can be disabled with `set_option linter.unusedSimpArgs false`
/home/dombarker/project-offloads/aspis-r57-lean-src-20260929-a/AspisV8R19/R799ActiveSourceCellsChunk13.lean:52:44: warning: This simp argument is unused:
  mul_zero

Hint: Omit it from the simp argument list.
  simp only [unitVector, if_true, if_false, m̵u̵l̵_̵zero,̵ ̵z̵e̵r̵o̵_add, add_zero]

Note: This linter can be disabled with `set_option linter.unusedSimpArgs false`
/home/dombarker/project-offloads/aspis-r57-lean-src-20260929-a/AspisV8R19/R799ActiveSourceCellsChunk13.lean:52:54: warning: This simp argument is unused:
  zero_add

Hint: Omit it from the simp argument list.
  simp only [unitVector, if_true, if_false, mul_zero, z̵e̵r̵o̵_̵add,̵ ̵a̵d̵d̵_zero]

Note: This linter can be disabled with `set_option linter.unusedSimpArgs false`
/home/dombarker/project-offloads/aspis-r57-lean-src-20260929-a/AspisV8R19/R799ActiveSourceCellsChunk13.lean:52:64: warning: This simp argument is unused:
  add_zero

Hint: Omit it from the simp argument list.
  simp only [unitVector, if_true, if_false, mul_zero, zero_add,̵ ̵a̵d̵d̵_̵z̵e̵r̵o̵]

Note: This linter can be disabled with `set_option linter.unusedSimpArgs false`
'AspisV8R19.R799ActiveSourceCellsChunk13.cell_d91_s2_row361_col119' depends on axioms: [propext,
 Classical.choice,
 Quot.sound]
/home/dombarker/project-offloads/aspis-r57-lean-src-20260929-a/AspisV8R19/R799ActiveSourceCellsChunk13.lean:85:34: warning: This simp argument is unused:
  if_false

Hint: Omit it from the simp argument list.
  simp only [unitVector, if_true, i̵f̵_̵f̵a̵l̵s̵e̵,̵ ̵mul_zero, zero_add, add_zero]

Note: This linter can be disabled with `set_option linter.unusedSimpArgs false`
/home/dombarker/project-offloads/aspis-r57-lean-src-20260929-a/AspisV8R19/R799ActiveSourceCellsChunk13.lean:85:44: warning: This simp argument is unused:
  mul_zero

Hint: Omit it from the simp argument list.
  simp only [unitVector, if_true, if_false, m̵u̵l̵_̵zero,̵ ̵z̵e̵r̵o̵_add, add_zero]

Note: This linter can be disabled with `set_option linter.unusedSimpArgs false`
/home/dombarker/project-offloads/aspis-r57-lean-src-20260929-a/AspisV8R19/R799ActiveSourceCellsChunk13.lean:85:54: warning: This simp argument is unused:
  zero_add

Hint: Omit it from the simp argument list.
  simp only [unitVector, if_true, if_false, mul_zero, z̵e̵r̵o̵_̵add,̵ ̵a̵d̵d̵_zero]

Note: This linter can be disabled with `set_option linter.unusedSimpArgs false`
/home/dombarker/project-offloads/aspis-r57-lean-src-20260929-a/AspisV8R19/R799ActiveSourceCellsChunk13.lean:85:64: warning: This simp argument is unused:
  add_zero

Hint: Omit it from the simp argument list.
  simp only [unitVector, if_true, if_false, mul_zero, zero_add,̵ ̵a̵d̵d̵_̵z̵e̵r̵o̵]

Note: This linter can be disabled with `set_option linter.unusedSimpArgs false`
'AspisV8R19.R799ActiveSourceCellsChunk13.cell_d91_s0_row365_col118' depends on axioms: [propext,
 Classical.choice,
 Quot.sound]
/home/dombarker/project-offloads/aspis-r57-lean-src-20260929-a/AspisV8R19/R799ActiveSourceCellsChunk13.lean:118:34: warning: This simp argument is unused:
  if_false

Hint: Omit it from the simp argument list.
  simp only [unitVector, if_true, i̵f̵_̵f̵a̵l̵s̵e̵,̵ ̵mul_zero, zero_add, add_zero]

Note: This linter can be disabled with `set_option linter.unusedSimpArgs false`
/home/dombarker/project-offloads/aspis-r57-lean-src-20260929-a/AspisV8R19/R799ActiveSourceCellsChunk13.lean:118:44: warning: This simp argument is unused:
  mul_zero

Hint: Omit it from the simp argument list.
  simp only [unitVector, if_true, if_false, m̵u̵l̵_̵zero,̵ ̵z̵e̵r̵o̵_add, add_zero]

Note: This linter can be disabled with `set_option linter.unusedSimpArgs false`
/home/dombarker/project-offloads/aspis-r57-lean-src-20260929-a/AspisV8R19/R799ActiveSourceCellsChunk13.lean:118:54: warning: This simp argument is unused:
  zero_add

Hint: Omit it from the simp argument list.
  simp only [unitVector, if_true, if_false, mul_zero, z̵e̵r̵o̵_̵add,̵ ̵a̵d̵d̵_zero]

Note: This linter can be disabled with `set_option linter.unusedSimpArgs false`
/home/dombarker/project-offloads/aspis-r57-lean-src-20260929-a/AspisV8R19/R799ActiveSourceCellsChunk13.lean:118:64: warning: This simp argument is unused:
  add_zero

Hint: Omit it from the simp argument list.
  simp only [unitVector, if_true, if_false, mul_zero, zero_add,̵ ̵a̵d̵d̵_̵z̵e̵r̵o̵]

Note: This linter can be disabled with `set_option linter.unusedSimpArgs false`
'AspisV8R19.R799ActiveSourceCellsChunk13.cell_d91_s2_row365_col119' depends on axioms: [propext,
 Classical.choice,
 Quot.sound]
/home/dombarker/project-offloads/aspis-r57-lean-src-20260929-a/AspisV8R19/R799ActiveSourceCellsChunk13.lean:151:25: warning: This simp argument is unused:
  if_true

Hint: Omit it from the simp argument list.
  simp only [unitVector, if_t̵r̵u̵e̵,̵ ̵i̵f_̵f̵alse, mul_zero, zero_add, add_zero]

Note: This linter can be disabled with `set_option linter.unusedSimpArgs false`
/home/dombarker/project-offloads/aspis-r57-lean-src-20260929-a/AspisV8R19/R799ActiveSourceCellsChunk13.lean:151:34: warning: This simp argument is unused:
  if_false

Hint: Omit it from the simp argument list.
  simp only [unitVector, if_true, i̵f̵_̵f̵a̵l̵s̵e̵,̵ ̵mul_zero, zero_add, add_zero]

Note: This linter can be disabled with `set_option linter.unusedSimpArgs false`
/home/dombarker/project-offloads/aspis-r57-lean-src-20260929-a/AspisV8R19/R799ActiveSourceCellsChunk13.lean:151:44: warning: This simp argument is unused:
  mul_zero

Hint: Omit it from the simp argument list.
  simp only [unitVector, if_true, if_false, m̵u̵l̵_̵zero,̵ ̵z̵e̵r̵o̵_add, add_zero]

Note: This linter can be disabled with `set_option linter.unusedSimpArgs false`
/home/dombarker/project-offloads/aspis-r57-lean-src-20260929-a/AspisV8R19/R799ActiveSourceCellsChunk13.lean:151:54: warning: This simp argument is unused:
  zero_add

Hint: Omit it from the simp argument list.
  simp only [unitVector, if_true, if_false, mul_zero, z̵e̵r̵o̵_̵add,̵ ̵a̵d̵d̵_zero]

Note: This linter can be disabled with `set_option linter.unusedSimpArgs false`
/home/dombarker/project-offloads/aspis-r57-lean-src-20260929-a/AspisV8R19/R799ActiveSourceCellsChunk13.lean:151:64: warning: This simp argument is unused:
  add_zero

Hint: Omit it from the simp argument list.
  simp only [unitVector, if_true, if_false, mul_zero, zero_add,̵ ̵a̵d̵d̵_̵z̵e̵r̵o̵]

Note: This linter can be disabled with `set_option linter.unusedSimpArgs false`
'AspisV8R19.R799ActiveSourceCellsChunk13.cell_d91_s0_row367_col118' depends on axioms: [propext,
 Classical.choice,
 Quot.sound]
/home/dombarker/project-offloads/aspis-r57-lean-src-20260929-a/AspisV8R19/R799ActiveSourceCellsChunk13.lean:184:34: warning: This simp argument is unused:
  if_false

Hint: Omit it from the simp argument list.
  simp only [unitVector, if_true, i̵f̵_̵f̵a̵l̵s̵e̵,̵ ̵mul_zero, zero_add, add_zero]

Note: This linter can be disabled with `set_option linter.unusedSimpArgs false`
/home/dombarker/project-offloads/aspis-r57-lean-src-20260929-a/AspisV8R19/R799ActiveSourceCellsChunk13.lean:184:44: warning: This simp argument is unused:
  mul_zero

Hint: Omit it from the simp argument list.
  simp only [unitVector, if_true, if_false, m̵u̵l̵_̵zero,̵ ̵z̵e̵r̵o̵_add, add_zero]

Note: This linter can be disabled with `set_option linter.unusedSimpArgs false`
/home/dombarker/project-offloads/aspis-r57-lean-src-20260929-a/AspisV8R19/R799ActiveSourceCellsChunk13.lean:184:54: warning: This simp argument is unused:
  zero_add

Hint: Omit it from the simp argument list.
  simp only [unitVector, if_true, if_false, mul_zero, z̵e̵r̵o̵_̵add,̵ ̵a̵d̵d̵_zero]

Note: This linter can be disabled with `set_option linter.unusedSimpArgs false`
/home/dombarker/project-offloads/aspis-r57-lean-src-20260929-a/AspisV8R19/R799ActiveSourceCellsChunk13.lean:184:64: warning: This simp argument is unused:
  add_zero

Hint: Omit it from the simp argument list.
  simp only [unitVector, if_true, if_false, mul_zero, zero_add,̵ ̵a̵d̵d̵_̵z̵e̵r̵o̵]

Note: This linter can be disabled with `set_option linter.unusedSimpArgs false`
'AspisV8R19.R799ActiveSourceCellsChunk13.cell_d91_s2_row367_col119' depends on axioms: [propext,
 Classical.choice,
 Quot.sound]
/home/dombarker/project-offloads/aspis-r57-lean-src-20260929-a/AspisV8R19/R799ActiveSourceCellsChunk13.lean:218:34: warning: This simp argument is unused:
  if_false

Hint: Omit it from the simp argument list.
  simp only [unitVector, if_true, i̵f̵_̵f̵a̵l̵s̵e̵,̵ ̵mul_zero, zero_add, add_zero]

Note: This linter can be disabled with `set_option linter.unusedSimpArgs false`
/home/dombarker/project-offloads/aspis-r57-lean-src-20260929-a/AspisV8R19/R799ActiveSourceCellsChunk13.lean:218:44: warning: This simp argument is unused:
  mul_zero

Hint: Omit it from the simp argument list.
  simp only [unitVector, if_true, if_false, m̵u̵l̵_̵zero,̵ ̵z̵e̵r̵o̵_add, add_zero]

Note: This linter can be disabled with `set_option linter.unusedSimpArgs false`
/home/dombarker/project-offloads/aspis-r57-lean-src-20260929-a/AspisV8R19/R799ActiveSourceCellsChunk13.lean:218:54: warning: This simp argument is unused:
  zero_add

Hint: Omit it from the simp argument list.
  simp only [unitVector, if_true, if_false, mul_zero, z̵e̵r̵o̵_̵add,̵ ̵a̵d̵d̵_zero]

Note: This linter can be disabled with `set_option linter.unusedSimpArgs false`
/home/dombarker/project-offloads/aspis-r57-lean-src-20260929-a/AspisV8R19/R799ActiveSourceCellsChunk13.lean:218:64: warning: This simp argument is unused:
  add_zero

Hint: Omit it from the simp argument list.
  simp only [unitVector, if_true, if_false, mul_zero, zero_add,̵ ̵a̵d̵d̵_̵z̵e̵r̵o̵]

Note: This linter can be disabled with `set_option linter.unusedSimpArgs false`
'AspisV8R19.R799ActiveSourceCellsChunk13.cell_d91_s2_row370_col119' depends on axioms: [propext,
 Classical.choice,
 Quot.sound]
/home/dombarker/project-offloads/aspis-r57-lean-src-20260929-a/AspisV8R19/R799ActiveSourceCellsChunk13.lean:252:34: warning: This simp argument is unused:
  if_false

Hint: Omit it from the simp argument list.
  simp only [unitVector, if_true, i̵f̵_̵f̵a̵l̵s̵e̵,̵ ̵mul_zero, zero_add, add_zero]

Note: This linter can be disabled with `set_option linter.unusedSimpArgs false`
/home/dombarker/project-offloads/aspis-r57-lean-src-20260929-a/AspisV8R19/R799ActiveSourceCellsChunk13.lean:252:44: warning: This simp argument is unused:
  mul_zero

Hint: Omit it from the simp argument list.
  simp only [unitVector, if_true, if_false, m̵u̵l̵_̵zero,̵ ̵z̵e̵r̵o̵_add, add_zero]

Note: This linter can be disabled with `set_option linter.unusedSimpArgs false`
/home/dombarker/project-offloads/aspis-r57-lean-src-20260929-a/AspisV8R19/R799ActiveSourceCellsChunk13.lean:252:54: warning: This simp argument is unused:
  zero_add

Hint: Omit it from the simp argument list.
  simp only [unitVector, if_true, if_false, mul_zero, z̵e̵r̵o̵_̵add,̵ ̵a̵d̵d̵_zero]

Note: This linter can be disabled with `set_option linter.unusedSimpArgs false`
/home/dombarker/project-offloads/aspis-r57-lean-src-20260929-a/AspisV8R19/R799ActiveSourceCellsChunk13.lean:252:64: warning: This simp argument is unused:
  add_zero

Hint: Omit it from the simp argument list.
  simp only [unitVector, if_true, if_false, mul_zero, zero_add,̵ ̵a̵d̵d̵_̵z̵e̵r̵o̵]

Note: This linter can be disabled with `set_option linter.unusedSimpArgs false`
'AspisV8R19.R799ActiveSourceCellsChunk13.cell_d92_s1_row370_col120' depends on axioms: [propext,
 Classical.choice,
 Quot.sound]
/home/dombarker/project-offloads/aspis-r57-lean-src-20260929-a/AspisV8R19/R799ActiveSourceCellsChunk13.lean:286:34: warning: This simp argument is unused:
  if_false

Hint: Omit it from the simp argument list.
  simp only [unitVector, if_true, i̵f̵_̵f̵a̵l̵s̵e̵,̵ ̵mul_zero, zero_add, add_zero]

Note: This linter can be disabled with `set_option linter.unusedSimpArgs false`
/home/dombarker/project-offloads/aspis-r57-lean-src-20260929-a/AspisV8R19/R799ActiveSourceCellsChunk13.lean:286:44: warning: This simp argument is unused:
  mul_zero

Hint: Omit it from the simp argument list.
  simp only [unitVector, if_true, if_false, m̵u̵l̵_̵zero,̵ ̵z̵e̵r̵o̵_add, add_zero]

Note: This linter can be disabled with `set_option linter.unusedSimpArgs false`
/home/dombarker/project-offloads/aspis-r57-lean-src-20260929-a/AspisV8R19/R799ActiveSourceCellsChunk13.lean:286:54: warning: This simp argument is unused:
  zero_add

Hint: Omit it from the simp argument list.
  simp only [unitVector, if_true, if_false, mul_zero, z̵e̵r̵o̵_̵add,̵ ̵a̵d̵d̵_zero]

Note: This linter can be disabled with `set_option linter.unusedSimpArgs false`
/home/dombarker/project-offloads/aspis-r57-lean-src-20260929-a/AspisV8R19/R799ActiveSourceCellsChunk13.lean:286:64: warning: This simp argument is unused:
  add_zero

Hint: Omit it from the simp argument list.
  simp only [unitVector, if_true, if_false, mul_zero, zero_add,̵ ̵a̵d̵d̵_̵z̵e̵r̵o̵]

Note: This linter can be disabled with `set_option linter.unusedSimpArgs false`
'AspisV8R19.R799ActiveSourceCellsChunk13.cell_d92_s1_row372_col120' depends on axioms: [propext,
 Classical.choice,
 Quot.sound]
/home/dombarker/project-offloads/aspis-r57-lean-src-20260929-a/AspisV8R19/R799ActiveSourceCellsChunk13.lean:320:34: warning: This simp argument is unused:
  if_false

Hint: Omit it from the simp argument list.
  simp only [unitVector, if_true, i̵f̵_̵f̵a̵l̵s̵e̵,̵ ̵mul_zero, zero_add, add_zero]

Note: This linter can be disabled with `set_option linter.unusedSimpArgs false`
/home/dombarker/project-offloads/aspis-r57-lean-src-20260929-a/AspisV8R19/R799ActiveSourceCellsChunk13.lean:320:44: warning: This simp argument is unused:
  mul_zero

Hint: Omit it from the simp argument list.
  simp only [unitVector, if_true, if_false, m̵u̵l̵_̵zero,̵ ̵z̵e̵r̵o̵_add, add_zero]

Note: This linter can be disabled with `set_option linter.unusedSimpArgs false`
/home/dombarker/project-offloads/aspis-r57-lean-src-20260929-a/AspisV8R19/R799ActiveSourceCellsChunk13.lean:320:54: warning: This simp argument is unused:
  zero_add

Hint: Omit it from the simp argument list.
  simp only [unitVector, if_true, if_false, mul_zero, z̵e̵r̵o̵_̵add,̵ ̵a̵d̵d̵_zero]

Note: This linter can be disabled with `set_option linter.unusedSimpArgs false`
/home/dombarker/project-offloads/aspis-r57-lean-src-20260929-a/AspisV8R19/R799ActiveSourceCellsChunk13.lean:320:64: warning: This simp argument is unused:
  add_zero

Hint: Omit it from the simp argument list.
  simp only [unitVector, if_true, if_false, mul_zero, zero_add,̵ ̵a̵d̵d̵_̵z̵e̵r̵o̵]

Note: This linter can be disabled with `set_option linter.unusedSimpArgs false`
'AspisV8R19.R799ActiveSourceCellsChunk13.cell_d93_s0_row372_col121' depends on axioms: [propext,
 Classical.choice,
 Quot.sound]
/home/dombarker/project-offloads/aspis-r57-lean-src-20260929-a/AspisV8R19/R799ActiveSourceCellsChunk13.lean:354:34: warning: This simp argument is unused:
  if_false

Hint: Omit it from the simp argument list.
  simp only [unitVector, if_true, i̵f̵_̵f̵a̵l̵s̵e̵,̵ ̵mul_zero, zero_add, add_zero]

Note: This linter can be disabled with `set_option linter.unusedSimpArgs false`
/home/dombarker/project-offloads/aspis-r57-lean-src-20260929-a/AspisV8R19/R799ActiveSourceCellsChunk13.lean:354:44: warning: This simp argument is unused:
  mul_zero

Hint: Omit it from the simp argument list.
  simp only [unitVector, if_true, if_false, m̵u̵l̵_̵zero,̵ ̵z̵e̵r̵o̵_add, add_zero]

Note: This linter can be disabled with `set_option linter.unusedSimpArgs false`
/home/dombarker/project-offloads/aspis-r57-lean-src-20260929-a/AspisV8R19/R799ActiveSourceCellsChunk13.lean:354:54: warning: This simp argument is unused:
  zero_add

Hint: Omit it from the simp argument list.
  simp only [unitVector, if_true, if_false, mul_zero, z̵e̵r̵o̵_̵add,̵ ̵a̵d̵d̵_zero]

Note: This linter can be disabled with `set_option linter.unusedSimpArgs false`
/home/dombarker/project-offloads/aspis-r57-lean-src-20260929-a/AspisV8R19/R799ActiveSourceCellsChunk13.lean:354:64: warning: This simp argument is unused:
  add_zero

Hint: Omit it from the simp argument list.
  simp only [unitVector, if_true, if_false, mul_zero, zero_add,̵ ̵a̵d̵d̵_̵z̵e̵r̵o̵]

Note: This linter can be disabled with `set_option linter.unusedSimpArgs false`
'AspisV8R19.R799ActiveSourceCellsChunk13.cell_d93_s1_row372_col122' depends on axioms: [propext,
 Classical.choice,
 Quot.sound]
/home/dombarker/project-offloads/aspis-r57-lean-src-20260929-a/AspisV8R19/R799ActiveSourceCellsChunk13.lean:388:34: warning: This simp argument is unused:
  if_false

Hint: Omit it from the simp argument list.
  simp only [unitVector, if_true, i̵f̵_̵f̵a̵l̵s̵e̵,̵ ̵mul_zero, zero_add, add_zero]

Note: This linter can be disabled with `set_option linter.unusedSimpArgs false`
/home/dombarker/project-offloads/aspis-r57-lean-src-20260929-a/AspisV8R19/R799ActiveSourceCellsChunk13.lean:388:44: warning: This simp argument is unused:
  mul_zero

Hint: Omit it from the simp argument list.
  simp only [unitVector, if_true, if_false, m̵u̵l̵_̵zero,̵ ̵z̵e̵r̵o̵_add, add_zero]

Note: This linter can be disabled with `set_option linter.unusedSimpArgs false`
/home/dombarker/project-offloads/aspis-r57-lean-src-20260929-a/AspisV8R19/R799ActiveSourceCellsChunk13.lean:388:54: warning: This simp argument is unused:
  zero_add

Hint: Omit it from the simp argument list.
  simp only [unitVector, if_true, if_false, mul_zero, z̵e̵r̵o̵_̵add,̵ ̵a̵d̵d̵_zero]

Note: This linter can be disabled with `set_option linter.unusedSimpArgs false`
/home/dombarker/project-offloads/aspis-r57-lean-src-20260929-a/AspisV8R19/R799ActiveSourceCellsChunk13.lean:388:64: warning: This simp argument is unused:
  add_zero

Hint: Omit it from the simp argument list.
  simp only [unitVector, if_true, if_false, mul_zero, zero_add,̵ ̵a̵d̵d̵_̵z̵e̵r̵o̵]

Note: This linter can be disabled with `set_option linter.unusedSimpArgs false`
'AspisV8R19.R799ActiveSourceCellsChunk13.cell_d93_s0_row374_col121' depends on axioms: [propext,
 Classical.choice,
 Quot.sound]
/home/dombarker/project-offloads/aspis-r57-lean-src-20260929-a/AspisV8R19/R799ActiveSourceCellsChunk13.lean:422:34: warning: This simp argument is unused:
  if_false

Hint: Omit it from the simp argument list.
  simp only [unitVector, if_true, i̵f̵_̵f̵a̵l̵s̵e̵,̵ ̵mul_zero, zero_add, add_zero]

Note: This linter can be disabled with `set_option linter.unusedSimpArgs false`
/home/dombarker/project-offloads/aspis-r57-lean-src-20260929-a/AspisV8R19/R799ActiveSourceCellsChunk13.lean:422:44: warning: This simp argument is unused:
  mul_zero

Hint: Omit it from the simp argument list.
  simp only [unitVector, if_true, if_false, m̵u̵l̵_̵zero,̵ ̵z̵e̵r̵o̵_add, add_zero]

Note: This linter can be disabled with `set_option linter.unusedSimpArgs false`
/home/dombarker/project-offloads/aspis-r57-lean-src-20260929-a/AspisV8R19/R799ActiveSourceCellsChunk13.lean:422:54: warning: This simp argument is unused:
  zero_add

Hint: Omit it from the simp argument list.
  simp only [unitVector, if_true, if_false, mul_zero, z̵e̵r̵o̵_̵add,̵ ̵a̵d̵d̵_zero]

Note: This linter can be disabled with `set_option linter.unusedSimpArgs false`
/home/dombarker/project-offloads/aspis-r57-lean-src-20260929-a/AspisV8R19/R799ActiveSourceCellsChunk13.lean:422:64: warning: This simp argument is unused:
  add_zero

Hint: Omit it from the simp argument list.
  simp only [unitVector, if_true, if_false, mul_zero, zero_add,̵ ̵a̵d̵d̵_̵z̵e̵r̵o̵]

Note: This linter can be disabled with `set_option linter.unusedSimpArgs false`
'AspisV8R19.R799ActiveSourceCellsChunk13.cell_d93_s1_row374_col122' depends on axioms: [propext,
 Classical.choice,
 Quot.sound]
/home/dombarker/project-offloads/aspis-r57-lean-src-20260929-a/AspisV8R19/R799ActiveSourceCellsChunk13.lean:456:34: warning: This simp argument is unused:
  if_false

Hint: Omit it from the simp argument list.
  simp only [unitVector, if_true, i̵f̵_̵f̵a̵l̵s̵e̵,̵ ̵mul_zero, zero_add, add_zero]

Note: This linter can be disabled with `set_option linter.unusedSimpArgs false`
/home/dombarker/project-offloads/aspis-r57-lean-src-20260929-a/AspisV8R19/R799ActiveSourceCellsChunk13.lean:456:44: warning: This simp argument is unused:
  mul_zero

Hint: Omit it from the simp argument list.
  simp only [unitVector, if_true, if_false, m̵u̵l̵_̵zero,̵ ̵z̵e̵r̵o̵_add, add_zero]

Note: This linter can be disabled with `set_option linter.unusedSimpArgs false`
/home/dombarker/project-offloads/aspis-r57-lean-src-20260929-a/AspisV8R19/R799ActiveSourceCellsChunk13.lean:456:54: warning: This simp argument is unused:
  zero_add

Hint: Omit it from the simp argument list.
  simp only [unitVector, if_true, if_false, mul_zero, z̵e̵r̵o̵_̵add,̵ ̵a̵d̵d̵_zero]

Note: This linter can be disabled with `set_option linter.unusedSimpArgs false`
/home/dombarker/project-offloads/aspis-r57-lean-src-20260929-a/AspisV8R19/R799ActiveSourceCellsChunk13.lean:456:64: warning: This simp argument is unused:
  add_zero

Hint: Omit it from the simp argument list.
  simp only [unitVector, if_true, if_false, mul_zero, zero_add,̵ ̵a̵d̵d̵_̵z̵e̵r̵o̵]

Note: This linter can be disabled with `set_option linter.unusedSimpArgs false`
'AspisV8R19.R799ActiveSourceCellsChunk13.cell_d93_s0_row376_col121' depends on axioms: [propext,
 Classical.choice,
 Quot.sound]
/home/dombarker/project-offloads/aspis-r57-lean-src-20260929-a/AspisV8R19/R799ActiveSourceCellsChunk13.lean:490:34: warning: This simp argument is unused:
  if_false

Hint: Omit it from the simp argument list.
  simp only [unitVector, if_true, i̵f̵_̵f̵a̵l̵s̵e̵,̵ ̵mul_zero, zero_add, add_zero]

Note: This linter can be disabled with `set_option linter.unusedSimpArgs false`
/home/dombarker/project-offloads/aspis-r57-lean-src-20260929-a/AspisV8R19/R799ActiveSourceCellsChunk13.lean:490:44: warning: This simp argument is unused:
  mul_zero

Hint: Omit it from the simp argument list.
  simp only [unitVector, if_true, if_false, m̵u̵l̵_̵zero,̵ ̵z̵e̵r̵o̵_add, add_zero]

Note: This linter can be disabled with `set_option linter.unusedSimpArgs false`
/home/dombarker/project-offloads/aspis-r57-lean-src-20260929-a/AspisV8R19/R799ActiveSourceCellsChunk13.lean:490:54: warning: This simp argument is unused:
  zero_add

Hint: Omit it from the simp argument list.
  simp only [unitVector, if_true, if_false, mul_zero, z̵e̵r̵o̵_̵add,̵ ̵a̵d̵d̵_zero]

Note: This linter can be disabled with `set_option linter.unusedSimpArgs false`
/home/dombarker/project-offloads/aspis-r57-lean-src-20260929-a/AspisV8R19/R799ActiveSourceCellsChunk13.lean:490:64: warning: This simp argument is unused:
  add_zero

Hint: Omit it from the simp argument list.
  simp only [unitVector, if_true, if_false, mul_zero, zero_add,̵ ̵a̵d̵d̵_̵z̵e̵r̵o̵]

Note: This linter can be disabled with `set_option linter.unusedSimpArgs false`
'AspisV8R19.R799ActiveSourceCellsChunk13.cell_d93_s1_row376_col122' depends on axioms: [propext,
 Classical.choice,
 Quot.sound]
/home/dombarker/project-offloads/aspis-r57-lean-src-20260929-a/AspisV8R19/R799ActiveSourceCellsChunk13.lean:524:34: warning: This simp argument is unused:
  if_false

Hint: Omit it from the simp argument list.
  simp only [unitVector, if_true, i̵f̵_̵f̵a̵l̵s̵e̵,̵ ̵mul_zero, zero_add, add_zero]

Note: This linter can be disabled with `set_option linter.unusedSimpArgs false`
/home/dombarker/project-offloads/aspis-r57-lean-src-20260929-a/AspisV8R19/R799ActiveSourceCellsChunk13.lean:524:44: warning: This simp argument is unused:
  mul_zero

Hint: Omit it from the simp argument list.
  simp only [unitVector, if_true, if_false, m̵u̵l̵_̵zero,̵ ̵z̵e̵r̵o̵_add, add_zero]

Note: This linter can be disabled with `set_option linter.unusedSimpArgs false`
/home/dombarker/project-offloads/aspis-r57-lean-src-20260929-a/AspisV8R19/R799ActiveSourceCellsChunk13.lean:524:54: warning: This simp argument is unused:
  zero_add

Hint: Omit it from the simp argument list.
  simp only [unitVector, if_true, if_false, mul_zero, z̵e̵r̵o̵_̵add,̵ ̵a̵d̵d̵_zero]

Note: This linter can be disabled with `set_option linter.unusedSimpArgs false`
/home/dombarker/project-offloads/aspis-r57-lean-src-20260929-a/AspisV8R19/R799ActiveSourceCellsChunk13.lean:524:64: warning: This simp argument is unused:
  add_zero

Hint: Omit it from the simp argument list.
  simp only [unitVector, if_true, if_false, mul_zero, zero_add,̵ ̵a̵d̵d̵_̵z̵e̵r̵o̵]

Note: This linter can be disabled with `set_option linter.unusedSimpArgs false`
'AspisV8R19.R799ActiveSourceCellsChunk13.cell_d94_s0_row376_col123' depends on axioms: [propext,
 Classical.choice,
 Quot.sound]
/home/dombarker/project-offloads/aspis-r57-lean-src-20260929-a/AspisV8R19/R799ActiveSourceCellsChunk13.lean:558:34: warning: This simp argument is unused:
  if_false

Hint: Omit it from the simp argument list.
  simp only [unitVector, if_true, i̵f̵_̵f̵a̵l̵s̵e̵,̵ ̵mul_zero, zero_add, add_zero]

Note: This linter can be disabled with `set_option linter.unusedSimpArgs false`
/home/dombarker/project-offloads/aspis-r57-lean-src-20260929-a/AspisV8R19/R799ActiveSourceCellsChunk13.lean:558:44: warning: This simp argument is unused:
  mul_zero

Hint: Omit it from the simp argument list.
  simp only [unitVector, if_true, if_false, m̵u̵l̵_̵zero,̵ ̵z̵e̵r̵o̵_add, add_zero]

Note: This linter can be disabled with `set_option linter.unusedSimpArgs false`
/home/dombarker/project-offloads/aspis-r57-lean-src-20260929-a/AspisV8R19/R799ActiveSourceCellsChunk13.lean:558:54: warning: This simp argument is unused:
  zero_add

Hint: Omit it from the simp argument list.
  simp only [unitVector, if_true, if_false, mul_zero, z̵e̵r̵o̵_̵add,̵ ̵a̵d̵d̵_zero]

Note: This linter can be disabled with `set_option linter.unusedSimpArgs false`
/home/dombarker/project-offloads/aspis-r57-lean-src-20260929-a/AspisV8R19/R799ActiveSourceCellsChunk13.lean:558:64: warning: This simp argument is unused:
  add_zero

Hint: Omit it from the simp argument list.
  simp only [unitVector, if_true, if_false, mul_zero, zero_add,̵ ̵a̵d̵d̵_̵z̵e̵r̵o̵]

Note: This linter can be disabled with `set_option linter.unusedSimpArgs false`
'AspisV8R19.R799ActiveSourceCellsChunk13.cell_d94_s1_row376_col124' depends on axioms: [propext,
 Classical.choice,
 Quot.sound]
	Command being timed: "/home/dombarker/.elan/bin/lake --dir /home/dombarker/project-offloads/aspis-r126-release-20260930-a/focus-workspace env lean -j1 -M4500 -R /home/dombarker/project-offloads/aspis-r57-lean-src-20260929-a -o /home/dombarker/project-offloads/aspis-r126-release-20260930-a/lib/AspisV8R19/R799ActiveSourceCellsChunk13.olean /home/dombarker/project-offloads/aspis-r57-lean-src-20260929-a/AspisV8R19/R799ActiveSourceCellsChunk13.lean"
	User time (seconds): 3.59
	System time (seconds): 0.38
	Percent of CPU this job got: 100%
	Elapsed (wall clock) time (h:mm:ss or m:ss): 0:03.96
	Average shared text size (kbytes): 0
	Average unshared data size (kbytes): 0
	Average stack size (kbytes): 0
	Average total size (kbytes): 0
	Maximum resident set size (kbytes): 3327208
	Average resident set size (kbytes): 0
	Major (requiring I/O) page faults: 0
	Minor (reclaiming a frame) page faults: 84999
	Voluntary context switches: 1307
	Involuntary context switches: 70
	Swaps: 0
	File system inputs: 0
	File system outputs: 680
	Socket messages sent: 0
	Socket messages received: 0
	Signals delivered: 0
	Page size (bytes): 4096
	Exit status: 0
Finished with result: success
Main processes terminated with: code=exited/status=0
Service runtime: 3.993s
CPU time consumed: 4.014s
Memory peak: 328.0K
Memory swap peak: 0B

LOG /Users/dominic/ZK/.worktrees/ZK-v8-r21-public-arithmetic-20260922/.r21-scratch/aspis-focus-1791153779757908000-d054ebf0d4eb.log EXIT 0 RECEIPT /Users/dominic/ZK/.worktrees/ZK-v8-r21-public-arithmetic-20260922/.r21-scratch/aspis-focus-1791153779757908000-d054ebf0d4eb.receipt.json
