EXISTS /home/dombarker/project-offloads/aspis-r363-instantiated-pattern-candidate-20261002-a/src
EXISTS /home/dombarker/project-offloads/aspis-r363-instantiated-pattern-candidate-20261002-a/candidate-audit
EXISTS /home/dombarker/project-offloads/aspis-r360-comment-context-candidate-20261002-a/aeneas-r360-comment-context-candidate
MISSING /home/dombarker/project-offloads/aspis-r363-instantiated-pattern-candidate-20261002-a/aeneas-r363-instantiated-pattern-candidate
EXISTS /home/dombarker/project-offloads/aspis-r363-instantiated-pattern-candidate-20261002-a/candidate-audit/run_cached_build.py
EXISTS /home/dombarker/project-offloads/aspis-r363-instantiated-pattern-candidate-20261002-a/candidate-audit/build-command.json
EXISTS /home/dombarker/project-offloads/aspis-r363-instantiated-pattern-candidate-20261002-a/candidate-audit/build-result.json
EXISTS /home/dombarker/project-offloads/aspis-r363-instantiated-pattern-candidate-20261002-a/src/NameMatcher.ml
EXISTS /home/dombarker/project-offloads/aspis-r363-instantiated-pattern-candidate-20261002-a/src/llbc/LlbcAstUtils.ml
EXISTS /home/dombarker/project-offloads/aspis-r363-instantiated-pattern-candidate-20261002-a/src/extract/ExtractTypes.ml
EXISTS /home/dombarker/project-offloads/aspis-r363-instantiated-pattern-candidate-20261002-a/src/_build/default/main.exe
EXISTS /home/dombarker/project-offloads/aspis-r363-instantiated-pattern-candidate-20261002-a/candidate-audit/R363-source-tree-manifest.json
EXISTS /home/dombarker/project-offloads/aspis-r363-instantiated-pattern-candidate-20261002-a/candidate-audit/clone-audit.json
8a6cc181f75bf1c2ac64fa8c5db2bc896d5f7908b21ef94389217d9c3392c416  /home/dombarker/project-offloads/aspis-r360-comment-context-candidate-20261002-a/aeneas-r360-comment-context-candidate
bdafe5b3f4a688d0fa0b4df7f2e8a3d907f70be9fdaf64420ea600ceab597aa8  /home/dombarker/project-offloads/aspis-r363-instantiated-pattern-candidate-20261002-a/src/NameMatcher.ml
17cb1b5cd3e0cf119f4c4eee776e0fc49e2a39c6ee7abbaa339f70d466484b97  /home/dombarker/project-offloads/aspis-r363-instantiated-pattern-candidate-20261002-a/src/llbc/LlbcAstUtils.ml
0f8ee29aa89c9456ea6c266ff8d767dcb8a83af5bbe8096d04e53582cb32c527  /home/dombarker/project-offloads/aspis-r363-instantiated-pattern-candidate-20261002-a/src/extract/ExtractTypes.ml
8a6cc181f75bf1c2ac64fa8c5db2bc896d5f7908b21ef94389217d9c3392c416  /home/dombarker/project-offloads/aspis-r363-instantiated-pattern-candidate-20261002-a/src/_build/default/main.exe
e43845424aeb6964281bd0d5e9d7ba4beb3d0a0aefe10b8acdab382127503e89  /home/dombarker/project-offloads/aspis-r363-instantiated-pattern-candidate-20261002-a/candidate-audit/R363-source-tree-manifest.json
7b0482d1ea4b068ece18267002cdcd7dd24689f18b6909e2964cbe6bb5bba275  /home/dombarker/project-offloads/aspis-r363-instantiated-pattern-candidate-20261002-a/candidate-audit/clone-audit.json

AUDIT LISTING
total 832
drwxrwxr-x 3 dombarker dombarker   4096 Oct  2 12:46 .
drwxrwxr-x 4 dombarker dombarker   4096 Oct  2 12:19 ..
-rw-r--r-- 1 dombarker dombarker  86234 Oct  2 12:12 ExtractTypes.before.ml
-rw-rw-r-- 1 dombarker dombarker    448 Oct  2 12:12 ExtractTypes.patch.diff
-rw-rw-r-- 1 dombarker dombarker     27 Oct  2 12:47 NameMatcher.before.ml
-rw-rw-r-- 1 dombarker dombarker   8829 Oct  2 12:47 NameMatcher.patch.diff
-rw-rw-r-- 1 dombarker dombarker 206140 Oct  2 12:47 R360-source-tree-manifest.json
-rw-rw-r-- 1 dombarker dombarker 206142 Oct  2 12:47 R363-source-tree-manifest.json
-rw-r--r-- 1 dombarker dombarker   4321 Oct  2 12:12 audit_clone.py
-rw-r--r-- 1 dombarker dombarker   9707 Oct  2 12:29 audit_postbuild_sources.py
-rw-rw-r-- 1 dombarker dombarker   2547 Oct  2 12:19 build-command.json
-rw-rw-r-- 1 dombarker dombarker   2466 Oct  2 12:19 build-host-reservation-after.json
-rw-rw-r-- 1 dombarker dombarker   3834 Oct  2 12:19 build-host-reservation-before.json
-rw-rw-r-- 1 dombarker dombarker   1163 Oct  2 12:19 build-result.json
-rw-rw-r-- 1 dombarker dombarker   7493 Oct  2 12:19 build.log
-rw-rw-r-- 1 dombarker dombarker 206140 Oct  2 12:12 candidate-tree-manifest.json
-rw-rw-r-- 1 dombarker dombarker  15891 Oct  2 12:19 cgroup-samples.json
-rw-rw-r-- 1 dombarker dombarker   2417 Oct  2 12:47 clone-audit.json
-rw-r--r-- 1 dombarker dombarker    877 Oct  2 12:19 compiler-gnu-time.txt
-rw-rw-r-- 1 dombarker dombarker   1388 Oct  2 12:19 docker-cli-time.txt
-rw-rw-r-- 1 dombarker dombarker  13011 Oct  2 12:19 docker-inspect.json
drwxr-xr-x 2 dombarker dombarker   4096 Oct  2 12:29 postbuild-source-audit
-rw-r--r-- 1 dombarker dombarker  12073 Oct  2 12:19 run_cached_build.py
