'AspisV8R19.QuarticBaseExecution.reducer_eq' depends on axioms: [propext, Classical.choice, Quot.sound]
'AspisV8R19.QuarticBaseExecution.mul_eq' depends on axioms: [propext, Classical.choice, Quot.sound]
'AspisV8R19.QuarticBaseExecution.body_eq' depends on axioms: [propext, Classical.choice, Quot.sound]
'AspisV8R19.QuarticBaseExecution.loop_eq' depends on axioms: [propext, Classical.choice, Quot.sound]
'AspisV8R19.QuarticBaseExecution.square_eq' depends on axioms: [propext, Classical.choice, Quot.sound]
'AspisV8R19.QuarticBaseExecution.inv_eq' depends on axioms: [propext, Classical.choice, Quot.sound]
'AspisV8R19.QuarticBaseExecution.add_eq' depends on axioms: [propext, Classical.choice, Quot.sound]
'AspisV8R19.QuarticBaseExecution.neg_eq' depends on axioms: [propext, Classical.choice, Quot.sound]
'AspisV8R19.QuarticBaseExecution.mul_encode' depends on axioms: [propext, Classical.choice, Quot.sound]
'AspisV8R19.QuarticBaseExecution.add_encode' depends on axioms: [propext, Classical.choice, Quot.sound]
'AspisV8R19.QuarticBaseExecution.neg_encode' depends on axioms: [propext, Classical.choice, Quot.sound]
'AspisV8R19.QuarticBaseExecution.inv_encode' depends on axioms: [propext, Classical.choice, Quot.sound]
'AspisV8R19.QuarticBaseExecution.double_encode' depends on axioms: [propext, Classical.choice, Quot.sound]
'AspisV8R19.QuarticBaseExecution.finish_success' depends on axioms: [propext, Classical.choice, Quot.sound]
'AspisV8R19.QuarticBaseExecution.sub_encode' depends on axioms: [propext, Classical.choice, Quot.sound]
'AspisV8R19.QuarticBaseExecution.reduce_encode' depends on axioms: [propext, Classical.choice, Quot.sound]
'AspisV8R19.QuarticBaseExecution.from_value' depends on axioms: [propext, Quot.sound]
'AspisV8R19.QuarticBaseExecution.width_roundtrip' depends on axioms: [propext, Quot.sound]
'AspisV8R19.QuarticBaseExecution.width_product' depends on axioms: [propext, Classical.choice, Quot.sound]
'AspisV8R19.QuarticBaseExecution.base_zero_test' depends on axioms: [propext, Classical.choice, Quot.sound]
	Command being timed: "/home/dombarker/.elan/bin/lake env lean -j1 -M4500 -R /home/dombarker/project-offloads/aspis-r57-lean-src-20260929-a -o /home/dombarker/project-offloads/aspis-r66-final-20260929-a/lib/AspisV8R19/QuarticBaseExecution.olean /home/dombarker/project-offloads/aspis-r57-lean-src-20260929-a/AspisV8R19/QuarticBaseExecution.lean"
	User time (seconds): 1.80
	System time (seconds): 0.68
	Percent of CPU this job got: 100%
	Elapsed (wall clock) time (h:mm:ss or m:ss): 0:02.48
	Average shared text size (kbytes): 0
	Average unshared data size (kbytes): 0
	Average stack size (kbytes): 0
	Average total size (kbytes): 0
	Maximum resident set size (kbytes): 3694036
	Average resident set size (kbytes): 0
	Major (requiring I/O) page faults: 0
	Minor (reclaiming a frame) page faults: 105563
	Voluntary context switches: 1551
	Involuntary context switches: 67
	Swaps: 0
	File system inputs: 0
	File system outputs: 800
	Socket messages sent: 0
	Socket messages received: 0
	Signals delivered: 0
	Page size (bytes): 4096
	Exit status: 0
