'AspisV8R19.QuarticInverseExecution.encode_canonical' depends on axioms: [propext, Classical.choice, Quot.sound]
'AspisV8R19.QuarticInverseExecution.decode_encode' depends on axioms: [propext, Classical.choice, Quot.sound]
'AspisV8R19.QuarticInverseExecution.encode_decode' depends on axioms: [propext, Classical.choice, Quot.sound]
'AspisV8R19.QuarticInverseExecution.zero_test' depends on axioms: [propext, Classical.choice, Quot.sound]
'AspisV8R19.QuarticInverseExecution.try_inverse_nonzero' depends on axioms: [propext, Classical.choice, Quot.sound]
'AspisV8R19.QuarticInverseExecution.try_inverse_zero' depends on axioms: [propext, Classical.choice, Quot.sound]
'AspisV8R19.QuarticInverseExecution.try_inverse_execution' depends on axioms: [propext, Classical.choice, Quot.sound]
'AspisV8R19.QuarticInverseExecution.zero_iff_limbs' depends on axioms: [propext, Classical.choice, Quot.sound]
'AspisV8R19.QuarticInverseExecution.none_iff_zero' depends on axioms: [propext, Classical.choice, Quot.sound]
'AspisV8R19.QuarticInverseExecution.some_inverse' depends on axioms: [propext, Classical.choice, Quot.sound]
'AspisV8R19.QuarticInverseExecution.no_failure' depends on axioms: [propext, Classical.choice, Quot.sound]
'AspisV8R19.QuarticInverseExecution.entry_execution' depends on axioms: [propext, Classical.choice, Quot.sound]
'AspisV8R19.QuarticInverseExecution.retained_model_correspondence' depends on axioms: [propext,
 Classical.choice,
 Quot.sound]
	Command being timed: "/home/dombarker/.elan/bin/lake env lean -j1 -M4500 -R /home/dombarker/project-offloads/aspis-r57-lean-src-20260929-a -o /home/dombarker/project-offloads/aspis-r66-final-20260929-a/lib/AspisV8R19/QuarticInverseExecution.olean /home/dombarker/project-offloads/aspis-r57-lean-src-20260929-a/AspisV8R19/QuarticInverseExecution.lean"
	User time (seconds): 1.51
	System time (seconds): 0.54
	Percent of CPU this job got: 100%
	Elapsed (wall clock) time (h:mm:ss or m:ss): 0:02.06
	Average shared text size (kbytes): 0
	Average unshared data size (kbytes): 0
	Average stack size (kbytes): 0
	Average total size (kbytes): 0
	Maximum resident set size (kbytes): 3689176
	Average resident set size (kbytes): 0
	Major (requiring I/O) page faults: 0
	Minor (reclaiming a frame) page faults: 88811
	Voluntary context switches: 1056
	Involuntary context switches: 72
	Swaps: 0
	File system inputs: 240
	File system outputs: 392
	Socket messages sent: 0
	Socket messages received: 0
	Signals delivered: 0
	Page size (bytes): 4096
	Exit status: 0
