{"command": ["/home/dombarker/.cargo/bin/cargo", "test", "--manifest-path", "/home/dombarker/project-offloads/aspis-r20-digest-check-20260922-d/crates/aspis-statement/Cargo.toml", "--release", "--offline", "--locked", "--jobs", "2", "--lib", "--features", "aspis-core/v7-gamma-four-slot-block-audit,pool-v1-pair-forest-packed-digest-selector-tensor-audit,pool-v1-pair-forest-binary-copy-weights-audit,pool-v1-pair-forest-endpoint-selector-cache-audit,pool-v1-pair-forest-semantic-factor-audit,pool-v1-pair-forest-pattern-window-audit,pool-v1-pair-forest-copy-tag-dot-basis-audit,pool-v1-pair-forest-copy-finish-dot-basis-audit,pool-v1-pair-forest-packed-range-audit,pool-v1-pair-forest-active-mask-basis-audit,spend-dynamic-rate512,pool-v1-kernel", "r20_digest_candidate_matches_literal_and_tensor", "--", "--nocapture", "--test-threads=1"], "rustflags": "--cfg v8_positive_transfer --cfg v8_complete --cfg v8_performance_fast --cfg v8_structured --cfg v8_fine_profile --cfg v8_batch_m --cfg v8_tower_batch --cfg v8_query_kernels --cfg v8_fused_rows --cfg v8_shared_weights --cfg v8_block_horner --cfg v8_gamma_wrap --cfg v8_reuse_gamma --cfg v8_grouped_linear --cfg v8_query_shared --cfg v8_range_m31 --cfg v8_range_cm31 --cfg v8_sparse_groups --cfg v8_range_dots --cfg v8_cm_schoolbook --cfg v8_prepared_schoolbook --cfg v8_quiet_profile --cfg v8_payment_extraction --cfg v8_performance --cfg v8_qm_hybrid --cfg v8_qm_lazy_c0 --cfg v8_gamma_partial -A dead_code -A unexpected_cfgs --cfg v8_circle_norm --cfg v8_chord_norm --cfg v8_joined_inverse --cfg v8_split_inverse --cfg v8_line_norm --cfg v8_quotient_fused --cfg v8_affine_primal --cfg v8_compact_workspace", "phase": "compilation then 1440 digest helper comparisons; no proof generation"}
   Compiling aspis-statement v0.1.0 (/home/dombarker/project-offloads/aspis-r20-digest-check-20260922-d/crates/aspis-statement)
warning: unused import: `decode_pool_v1_pair_late_public_statement_v1`
  --> crates/aspis-statement/src/pool_v1/pair_forest_terminal.rs:15:5
   |
15 |     decode_pool_v1_pair_late_public_statement_v1, decode_pool_v1_pair_verified_afterstate_v1,
   |     ^^^^^^^^^^^^^^^^^^^^^^^^^^^^^^^^^^^^^^^^^^^^
   |
   = note: `#[warn(unused_imports)]` (part of `#[warn(unused)]`) on by default

warning: type `CompiledCopyLink` is more private than the item `COMPILED_COPY_LINKS`
   --> crates/aspis-statement/src/state_only_terminal_constants.rs:850:1
    |
850 | pub(crate) const COMPILED_COPY_LINKS: [CompiledCopyLink; 102] = [
    | ^^^^^^^^^^^^^^^^^^^^^^^^^^^^^^^^^^^^^^^^^^^^^^^^^^^^^^^^^^^^^ constant `COMPILED_COPY_LINKS` is reachable at visibility `pub(crate)`
    |
note: but type `CompiledCopyLink` is only usable at visibility `pub(self)`
   --> crates/aspis-statement/src/state_only_terminal.rs:88:1
    |
 88 | struct CompiledCopyLink {
    | ^^^^^^^^^^^^^^^^^^^^^^^
    = note: `#[warn(private_interfaces)]` on by default

warning: `aspis-statement` (lib test) generated 2 warnings (run `cargo fix --lib -p aspis-statement --tests` to apply 1 suggestion)
    Finished `release` profile [optimized] target(s) in 23.34s
     Running unittests src/lib.rs (/home/dombarker/project-offloads/aspis-v8-performance-20260908.scS2Jz/docs/research/v8-no-work-100-20260907/experiments/performance-host/target/release/deps/aspis_statement-0f063b4141e3a67f)

running 1 test
test pool_v1::pair_forest_semantic_terminal::tests::r20_digest_candidate_matches_literal_and_tensor ... ok

test result: ok. 1 passed; 0 failed; 0 ignored; 0 measured; 250 filtered out; finished in 0.01s

	Command being timed: "/home/dombarker/.cargo/bin/cargo test --manifest-path /home/dombarker/project-offloads/aspis-r20-digest-check-20260922-d/crates/aspis-statement/Cargo.toml --release --offline --locked --jobs 2 --lib --features aspis-core/v7-gamma-four-slot-block-audit,pool-v1-pair-forest-packed-digest-selector-tensor-audit,pool-v1-pair-forest-binary-copy-weights-audit,pool-v1-pair-forest-endpoint-selector-cache-audit,pool-v1-pair-forest-semantic-factor-audit,pool-v1-pair-forest-pattern-window-audit,pool-v1-pair-forest-copy-tag-dot-basis-audit,pool-v1-pair-forest-copy-finish-dot-basis-audit,pool-v1-pair-forest-packed-range-audit,pool-v1-pair-forest-active-mask-basis-audit,spend-dynamic-rate512,pool-v1-kernel r20_digest_candidate_matches_literal_and_tensor -- --nocapture --test-threads=1"
	User time (seconds): 40.45
	System time (seconds): 0.53
	Percent of CPU this job got: 175%
	Elapsed (wall clock) time (h:mm:ss or m:ss): 0:23.37
	Average shared text size (kbytes): 0
	Average unshared data size (kbytes): 0
	Average stack size (kbytes): 0
	Average total size (kbytes): 0
	Maximum resident set size (kbytes): 612436
	Average resident set size (kbytes): 0
	Major (requiring I/O) page faults: 63
	Minor (reclaiming a frame) page faults: 354429
	Voluntary context switches: 2045
	Involuntary context switches: 336
	Swaps: 0
	File system inputs: 8824
	File system outputs: 26752
	Socket messages sent: 0
	Socket messages received: 0
	Signals delivered: 0
	Page size (bytes): 4096
	Exit status: 0
