info: r52_focused: no previous manifest, creating one from scratch
info: toolchain not updated; already up-to-date
/home/dombarker/project-offloads/aspis-r52-lean-src-20260929-a/AspisV8R19/OracleFiniteSupport.lean:45:0: warning: automatically included section variable(s) unused in theorem `AspisV8R19.OracleFiniteSupport.extend_at`:
  [Fintype A]
consider restructuring your `variable` declarations so that the variables are not in scope or explicitly omit them:
  omit [Fintype A] in theorem ...

Note: This linter can be disabled with `set_option linter.unusedSectionVars false`
/home/dombarker/project-offloads/aspis-r52-lean-src-20260929-a/AspisV8R19/OracleFiniteSupport.lean:67:6: error: (deterministic) timeout at `whnf`, maximum number of heartbeats (200000) has been reached

Note: Use `set_option maxHeartbeats <num>` to set the limit.

Hint: Additional diagnostic information may be available using the `set_option diagnostics true` command.
'AspisV8R19.OracleFiniteSupport.head_mem' depends on axioms: [propext, Classical.choice, Quot.sound]
'AspisV8R19.OracleFiniteSupport.child_subset' depends on axioms: [propext, Classical.choice, Quot.sound]
'AspisV8R19.OracleFiniteSupport.rename_restrict' depends on axioms: [propext, Classical.choice, Quot.sound]
'AspisV8R19.OracleFiniteSupport.extend_at' depends on axioms: [propext, Quot.sound]
'AspisV8R19.OracleFiniteSupport.eval_restrict' depends on axioms: [propext, Classical.choice, Quot.sound]
'AspisV8R19.OracleFiniteSupport.finite_support_oracle_law' depends on axioms: [propext,
 sorryAx,
 Classical.choice,
 Quot.sound]
'AspisV8R19.OracleFiniteSupport.finite_support_law_independent_of_fallback' depends on axioms: [propext,
 sorryAx,
 Classical.choice,
 Quot.sound]
Command exited with non-zero status 1
	Command being timed: "/home/dombarker/.elan/bin/lake env lean -R /home/dombarker/project-offloads/aspis-r52-lean-src-20260929-a -o /home/dombarker/project-offloads/aspis-r52-lean-20260929-f/lib/AspisV8R19/OracleFiniteSupport.olean /home/dombarker/project-offloads/aspis-r52-lean-src-20260929-a/AspisV8R19/OracleFiniteSupport.lean"
	User time (seconds): 9.93
	System time (seconds): 0.49
	Percent of CPU this job got: 102%
	Elapsed (wall clock) time (h:mm:ss or m:ss): 0:10.16
	Average shared text size (kbytes): 0
	Average unshared data size (kbytes): 0
	Average stack size (kbytes): 0
	Average total size (kbytes): 0
	Maximum resident set size (kbytes): 3252952
	Average resident set size (kbytes): 0
	Major (requiring I/O) page faults: 0
	Minor (reclaiming a frame) page faults: 81646
	Voluntary context switches: 5270
	Involuntary context switches: 139
	Swaps: 0
	File system inputs: 0
	File system outputs: 56
	Socket messages sent: 0
	Socket messages received: 0
	Signals delivered: 0
	Page size (bytes): 4096
	Exit status: 1
