R17_PUBLIC_PREFIX {"fields":[34, 14, 94, 88, 147, 87, 107, 38, 157, 29, 69, 64, 201, 125, 229, 97, 144, 67, 98, 50, 177, 245, 214, 48, 54, 223, 120, 2, 100, 248, 172, 65, 75, 249, 103, 90, 124, 45, 74, 40, 60, 6, 218, 16, 29, 74, 203, 96, 196, 141, 223, 112, 217, 151, 15, 24, 110, 68, 198, 27, 235, 46, 86, 65, 193, 67, 84, 109, 46, 204, 115, 55, 33, 44, 235, 29, 41, 86, 139, 41, 59, 252, 75, 46, 66, 148, 33, 108, 248, 228, 154, 108, 210, 15, 13, 124, 21, 75, 148, 3, 1, 140, 191, 70, 191, 62, 88, 20, 250, 8, 0, 16, 124, 87, 241, 125, 183, 73, 197, 126, 114, 22, 13, 73, 119, 249, 134, 68, 5, 97, 79, 4, 19, 233, 57, 127, 89, 214, 189, 94, 169, 143, 75, 63, 58, 89, 37, 0, 246, 47, 189, 89, 106, 149, 108, 53, 156, 71, 68, 17, 176, 18, 202, 58, 3, 20, 239, 68, 85, 61, 27, 86, 240, 244, 171, 47, 202, 156, 199, 54, 235, 101, 213, 3, 28, 175, 161, 5, 51, 229, 251, 35, 160, 200, 42, 98, 47, 179, 114, 55, 160, 104, 39, 71, 239, 177, 240, 62, 182, 26, 60, 118, 33, 61, 95, 21, 110, 249, 116, 114, 2, 183, 146, 15, 135, 236, 209, 98, 158, 37, 247, 5, 217, 145, 26, 84, 169, 74, 110, 102, 110, 137, 135, 65, 55, 247, 67, 94, 20, 158, 125, 87, 55, 82, 9, 10, 165, 51, 235, 75, 254, 149, 158, 59, 128, 214, 207, 8, 97, 186, 207, 91, 25, 179, 197, 33, 214, 180, 88, 28, 114, 141, 107, 77, 6, 255, 122, 113],"queries":[14049, 255371, 61030, 117050, 53754, 228579, 198402, 203572, 54880, 199632, 171616, 125465, 243622, 84782, 223553, 115524, 121859, 72876, 150950, 233033, 107490, 150345]}
R17_PUBLIC_PREFIX_ACCEPTED
	Command being timed: "/home/dombarker/project-offloads/aspis-r18-sparse-g-20260921-c/evidence-r18-source-c/aspis-r18-source-gate-host --audit-existing /home/dombarker/project-offloads/aspis-r18-sparse-g-20260921-c/evidence-r18-source-c/fixture-world1"
	User time (seconds): 0.02
	System time (seconds): 0.00
	Percent of CPU this job got: 100%
	Elapsed (wall clock) time (h:mm:ss or m:ss): 0:00.02
	Average shared text size (kbytes): 0
	Average unshared data size (kbytes): 0
	Average stack size (kbytes): 0
	Average total size (kbytes): 0
	Maximum resident set size (kbytes): 3344
	Average resident set size (kbytes): 0
	Major (requiring I/O) page faults: 0
	Minor (reclaiming a frame) page faults: 171
	Voluntary context switches: 1
	Involuntary context switches: 1
	Swaps: 0
	File system inputs: 0
	File system outputs: 8
	Socket messages sent: 0
	Socket messages received: 0
	Signals delivered: 0
	Page size (bytes): 4096
	Exit status: 0
