Warning: Permanently added '100.108.41.90' (ED25519) to the list of known hosts.
Running as unit: aspis-focus-1791138955068722000.service; invocation ID: 3310e90e6ac14104948bba267ad51585
/home/dombarker/project-offloads/aspis-r57-lean-src-20260929-a/AspisV8R19/R741SparseCoefficientObservation.lean:30:36: warning: This simp argument is unused:
  one_mul

Hint: Omit it from the simp argument list.
  simp only [indexedBasis, ite_mul, o̵n̵e̵_̵m̵u̵l̵,̵ ̵zero_mul]

Note: This linter can be disabled with `set_option linter.unusedSimpArgs false`
'AspisV8R19.R741SparseCoefficientObservation.coefficient_indexedBasis' depends on axioms: [propext,
 Classical.choice,
 Quot.sound]
'AspisV8R19.R741SparseCoefficientObservation.coefficient_indexedPair' depends on axioms: [propext,
 Classical.choice,
 Quot.sound]
'AspisV8R19.R741SparseCoefficientObservation.coefficient_direction' depends on axioms: [propext,
 Classical.choice,
 Quot.sound]
'AspisV8R19.R741SparseCoefficientObservation.indexedPair_qPair' depends on axioms: [propext, Quot.sound]
	Command being timed: "/home/dombarker/.elan/bin/lake --dir /home/dombarker/project-offloads/aspis-r126-release-20260930-a/focus-workspace env lean -j1 -M4500 -R /home/dombarker/project-offloads/aspis-r57-lean-src-20260929-a -o /home/dombarker/project-offloads/aspis-r126-release-20260930-a/lib/AspisV8R19/R741SparseCoefficientObservation.olean /home/dombarker/project-offloads/aspis-r57-lean-src-20260929-a/AspisV8R19/R741SparseCoefficientObservation.lean"
	User time (seconds): 1.53
	System time (seconds): 0.32
	Percent of CPU this job got: 100%
	Elapsed (wall clock) time (h:mm:ss or m:ss): 0:01.86
	Average shared text size (kbytes): 0
	Average unshared data size (kbytes): 0
	Average stack size (kbytes): 0
	Average total size (kbytes): 0
	Maximum resident set size (kbytes): 3310172
	Average resident set size (kbytes): 0
	Major (requiring I/O) page faults: 0
	Minor (reclaiming a frame) page faults: 78365
	Voluntary context switches: 1255
	Involuntary context switches: 73
	Swaps: 0
	File system inputs: 0
	File system outputs: 688
	Socket messages sent: 0
	Socket messages received: 0
	Signals delivered: 0
	Page size (bytes): 4096
	Exit status: 0
Finished with result: success
Main processes terminated with: code=exited/status=0
Service runtime: 1.886s
CPU time consumed: 1.888s
Memory peak: 512.0K
Memory swap peak: 0B
