Running as unit: aspis-r569-importadapted-types-20261004.service; invocation ID: 8056e393503444eaab71b443696e532b
	Command being timed: "/usr/bin/env LEAN_PATH=/home/dombarker/project-offloads/aspis-r569-lean-focus-import-adapted-20261004-a/lib:/home/dombarker/project-offloads/aspis-r126-release-20260930-a/lib:/home/dombarker/project-offloads/v7-tag73-challenge-qm31-source-20260825-work/toolchain/aeneas-full/backends/lean/.lake/build/lib/lean:/home/dombarker/project-offloads/aspis-pool-single-decode-20260825-a3/AspisFormal/.lake/packages/LeanSearchClient/.lake/build/lib/lean:/home/dombarker/project-offloads/aspis-pool-single-decode-20260825-a3/AspisFormal/.lake/packages/Qq/.lake/build/lib/lean:/home/dombarker/project-offloads/aspis-pool-single-decode-20260825-a3/AspisFormal/.lake/packages/aesop/.lake/build/lib/lean:/home/dombarker/project-offloads/aspis-pool-single-decode-20260825-a3/AspisFormal/.lake/packages/batteries/.lake/build/lib/lean:/home/dombarker/project-offloads/aspis-pool-single-decode-20260825-a3/AspisFormal/.lake/packages/importGraph/.lake/build/lib/lean:/home/dombarker/project-offloads/aspis-pool-single-decode-20260825-a3/AspisFormal/.lake/packages/mathlib/.lake/build/lib/lean:/home/dombarker/project-offloads/aspis-pool-single-decode-20260825-a3/AspisFormal/.lake/packages/plausible/.lake/build/lib/lean:/home/dombarker/project-offloads/aspis-pool-single-decode-20260825-a3/AspisFormal/.lake/packages/proofwidgets/.lake/build/lib/lean:/home/dombarker/.elan/toolchains/leanprover--lean4---v4.32.0/lib/lean PATH=/home/dombarker/.elan/bin:/usr/bin:/bin /home/dombarker/.elan/bin/lake --dir /home/dombarker/project-offloads/aspis-r126-release-20260930-a/focus-workspace env lean -j1 -M4500 -R /home/dombarker/project-offloads/aspis-r569-lean-focus-import-adapted-20261004-a/source-import-adapted -o /home/dombarker/project-offloads/aspis-r569-lean-focus-import-adapted-20261004-a/lib/AspisR569MaskedClaimCompleteConsts/Types.olean /home/dombarker/project-offloads/aspis-r569-lean-focus-import-adapted-20261004-a/source-import-adapted/AspisR569MaskedClaimCompleteConsts/Types.lean"
	User time (seconds): 0.74
	System time (seconds): 0.26
	Percent of CPU this job got: 99%
	Elapsed (wall clock) time (h:mm:ss or m:ss): 0:01.00
	Average shared text size (kbytes): 0
	Average unshared data size (kbytes): 0
	Average stack size (kbytes): 0
	Average total size (kbytes): 0
	Maximum resident set size (kbytes): 2543744
	Average resident set size (kbytes): 0
	Major (requiring I/O) page faults: 0
	Minor (reclaiming a frame) page faults: 64364
	Voluntary context switches: 604
	Involuntary context switches: 51
	Swaps: 0
	File system inputs: 0
	File system outputs: 288
	Socket messages sent: 0
	Socket messages received: 0
	Signals delivered: 0
	Page size (bytes): 4096
	Exit status: 0
Finished with result: success
Main processes terminated with: code=exited/status=0
Service runtime: 1.007s
CPU time consumed: 1.008s
Memory peak: 328.0K
Memory swap peak: 0B
