Warning: Permanently added '100.108.41.90' (ED25519) to the list of known hosts.
Running as unit: aspis-focus-1790952909719885000.service; invocation ID: 33a5072731034a8baec3de9183adc337
/home/dombarker/project-offloads/aspis-r57-lean-src-20260929-a/AspisV8R19/R381ProjectedPoseidonDegree.lean:17:64: error(lean.synthInstanceFailed): failed to synthesize instance of type class
  OfNat (Type ?u.11) 6
numerals are polymorphic in Lean, but the numeral `6` cannot be used in a context where the expected type is
  Type ?u.11
due to the absence of the instance above

Hint: Type class instance resolution failures can be inspected with the `set_option trace.Meta.synthInstance true` command.
/home/dombarker/project-offloads/aspis-r57-lean-src-20260929-a/AspisV8R19/R381ProjectedPoseidonDegree.lean:17:67: error(lean.invalidDottedIdent): Invalid dotted identifier notation: Not supported on type universe
  Type ?u.10
/home/dombarker/project-offloads/aspis-r57-lean-src-20260929-a/AspisV8R19/R381ProjectedPoseidonDegree.lean:30:78: error: unsolved goals
case pos
j : Fin 10
h : ↑j < 6
⊢ j ∉ sorry ()

case neg
j : Fin 10
h : ¬↑j < 6
⊢ j ∈ sorry ()
/home/dombarker/project-offloads/aspis-r57-lean-src-20260929-a/AspisV8R19/R381ProjectedPoseidonDegree.lean:31:24: warning: declaration uses `sorry`
/home/dombarker/project-offloads/aspis-r57-lean-src-20260929-a/AspisV8R19/R381ProjectedPoseidonDegree.lean:32:35: warning: This simp argument is unused:
  show (6 ≤ j.val) ↔ ¬(j.val < 6) from Nat.not_lt.symm

Hint: Omit it from the simp argument list.
  simp [h,̵s̵h̵o̵w̵ ̵(̵6̵≤̵j̵.̵v̵a̵l̵)̵↔̵¬̵(̵j̵.̵v̵a̵l̵<̵6̵)̵ ̵f̵r̵o̵m̵ ̵N̵a̵t̵.̵n̵o̵t̵_̵l̵t̵.̵s̵y̵m̵m̵]

Note: This linter can be disabled with `set_option linter.unusedSimpArgs false`
/home/dombarker/project-offloads/aspis-r57-lean-src-20260929-a/AspisV8R19/R381ProjectedPoseidonDegree.lean:47:51: error: unexpected token '('; expected ')', ',' or ':'
/home/dombarker/project-offloads/aspis-r57-lean-src-20260929-a/AspisV8R19/R381ProjectedPoseidonDegree.lean:58:57: error: unexpected token '('; expected ')', ',' or ':'
/home/dombarker/project-offloads/aspis-r57-lean-src-20260929-a/AspisV8R19/R381ProjectedPoseidonDegree.lean:73:10: error: maximum recursion depth has been reached
use `set_option maxRecDepth <num>` to increase limit
use `set_option diagnostics true` to get diagnostic information
/home/dombarker/project-offloads/aspis-r57-lean-src-20260929-a/AspisV8R19/R381ProjectedPoseidonDegree.lean:76:10: error: (deterministic) timeout at `whnf`, maximum number of heartbeats (200000) has been reached

Note: Use `set_option maxHeartbeats <num>` to set the limit.

Hint: Additional diagnostic information may be available using the `set_option diagnostics true` command.
/home/dombarker/project-offloads/aspis-r57-lean-src-20260929-a/AspisV8R19/R381ProjectedPoseidonDegree.lean:62:0: error: (deterministic) timeout at `whnf`, maximum number of heartbeats (200000) has been reached

Note: Use `set_option maxHeartbeats <num>` to set the limit.

Hint: Additional diagnostic information may be available using the `set_option diagnostics true` command.
/home/dombarker/project-offloads/aspis-r57-lean-src-20260929-a/AspisV8R19/R381ProjectedPoseidonDegree.lean:100:79: error: unexpected token 'then'; expected ':=' or '|'
/home/dombarker/project-offloads/aspis-r57-lean-src-20260929-a/AspisV8R19/R381ProjectedPoseidonDegree.lean:100:33: error: Application type mismatch: The argument
  (lowWeight coeff z j).natDegree
has type
  ℕ
of sort `Type` but is expected to have type
  Type ?u.101
of sort `Type (?u.101 + 1)` in the application
  @InitialSeg (lowWeight coeff z j).natDegree
/home/dombarker/project-offloads/aspis-r57-lean-src-20260929-a/AspisV8R19/R381ProjectedPoseidonDegree.lean:100:66: error(lean.unknownIdentifier): Unknown identifier `f`
/home/dombarker/project-offloads/aspis-r57-lean-src-20260929-a/AspisV8R19/R381ProjectedPoseidonDegree.lean:100:7: error: Missing cases:
/home/dombarker/project-offloads/aspis-r57-lean-src-20260929-a/AspisV8R19/R381ProjectedPoseidonDegree.lean:97:91: error: unsolved goals
F : Type u_1
inst✝ : Field F
tables : Fin 16 → Fin 1024 → F
absorb : Fin 16 → Bool
z : Fin 10 → F
j : Fin 10
external matrix : Fin 16 → Fin 16 → F
pack : Fin 4 → Fin 16 → F
l0 l1 : Fin 16 → F
f0 f1 i0 i1 : Fin 16 → Fin 16 → F
k : Fin 4
hl : (leading tables absorb z j external pack l0 l1 k).natDegree ≤ 25
hf : (full tables z j external pack f0 f1 k).natDegree ≤ 25
hi : (internal tables z j matrix pack i0 i1 k).natDegree ≤ 25
ht : (linearLayer pack (successor tables z j) k).natDegree ≤ 10
ht' : (linearLayer pack (successor tables z j) k).natDegree ≤ 25
hw : (Fin 16 → F) → InitialSeg (fun x1 x2 => sorry) fun x1 x2 => sorry
⊢ (projected tables absorb z j external matrix pack l0 l1 f0 f1 i0 i1 k).natDegree ≤ 26
/home/dombarker/project-offloads/aspis-r57-lean-src-20260929-a/AspisV8R19/R381ProjectedPoseidonDegree.lean:117:27: error(lean.unknownIdentifier): Unknown identifier `i`
/home/dombarker/project-offloads/aspis-r57-lean-src-20260929-a/AspisV8R19/R381ProjectedPoseidonDegree.lean:117:2: error(lean.synthInstanceFailed): failed to synthesize instance of type class
  HSub F[X] (?m.22 →+* ?m.22[X]) F[X]

Hint: Type class instance resolution failures can be inspected with the `set_option trace.Meta.synthInstance true` command.
/home/dombarker/project-offloads/aspis-r57-lean-src-20260929-a/AspisV8R19/R381ProjectedPoseidonDegree.lean:117:30: error: unexpected token '('; expected command
/home/dombarker/project-offloads/aspis-r57-lean-src-20260929-a/AspisV8R19/R381ProjectedPoseidonDegree.lean:128:43: error: unexpected token 'then'; expected ':=' or '|'
'AspisR19.R381ProjectedPoseidonDegree.split_budget' depends on axioms: [propext, sorryAx, Classical.choice, Quot.sound]
'AspisR19.R381ProjectedPoseidonDegree.localConstants_degree' depends on axioms: [propext,
 sorryAx,
 Classical.choice,
 Quot.sound]
'AspisR19.R381ProjectedPoseidonDegree.branch_degrees' does not depend on any axioms
'AspisR19.R381ProjectedPoseidonDegree.projected_degree' depends on axioms: [propext,
 sorryAx,
 Classical.choice,
 Quot.sound,
 projected_degree]
'AspisR19.R381ProjectedPoseidonDegree.equality_degree' depends on axioms: [propext, sorryAx, Quot.sound]
'AspisR19.R381ProjectedPoseidonDegree.zerocheck_projected_degree' depends on axioms: [propext,
 sorryAx,
 Classical.choice,
 Quot.sound,
 projected_degree]
Command exited with non-zero status 1
	Command being timed: "/home/dombarker/.elan/bin/lake --dir /home/dombarker/project-offloads/aspis-r126-release-20260930-a/focus-workspace env lean -j1 -M4500 -R /home/dombarker/project-offloads/aspis-r57-lean-src-20260929-a -o /home/dombarker/project-offloads/aspis-r126-release-20260930-a/lib/AspisV8R19/R381ProjectedPoseidonDegree.olean /home/dombarker/project-offloads/aspis-r57-lean-src-20260929-a/AspisV8R19/R381ProjectedPoseidonDegree.lean"
	User time (seconds): 12.40
	System time (seconds): 0.24
	Percent of CPU this job got: 100%
	Elapsed (wall clock) time (h:mm:ss or m:ss): 0:12.62
	Average shared text size (kbytes): 0
	Average unshared data size (kbytes): 0
	Average stack size (kbytes): 0
	Average total size (kbytes): 0
	Maximum resident set size (kbytes): 2295072
	Average resident set size (kbytes): 0
	Major (requiring I/O) page faults: 0
	Minor (reclaiming a frame) page faults: 53992
	Voluntary context switches: 1047
	Involuntary context switches: 119
	Swaps: 0
	File system inputs: 0
	File system outputs: 0
	Socket messages sent: 0
	Socket messages received: 0
	Signals delivered: 0
	Page size (bytes): 4096
	Exit status: 1
Finished with result: exit-code
Main processes terminated with: code=exited/status=1
Service runtime: 12.668s
CPU time consumed: 12.683s
Memory peak: 256.0K
Memory swap peak: 0B
