Warning: Permanently added '100.108.41.90' (ED25519) to the list of known hosts.
Running as unit: aspis-focus-1791144589800555000.service; invocation ID: 8e807f3b6fe64c40a0dc16ef31ff83da
'AspisR19.R754Point1GuardedLeaves.w_guarded_leaf_0913' depends on axioms: [propext, Classical.choice, Quot.sound]
'AspisR19.R754Point1GuardedLeaves.w_guarded_leaf_0914' depends on axioms: [propext, Classical.choice, Quot.sound]
'AspisR19.R754Point1GuardedLeaves.w_guarded_leaf_0915' depends on axioms: [propext, Classical.choice, Quot.sound]
'AspisR19.R754Point1GuardedLeaves.w_guarded_leaf_0916' depends on axioms: [propext, Classical.choice, Quot.sound]
'AspisR19.R754Point1GuardedLeaves.w_guarded_leaf_0917' depends on axioms: [propext, Classical.choice, Quot.sound]
'AspisR19.R754Point1GuardedLeaves.w_guarded_leaf_0918' depends on axioms: [propext, Classical.choice, Quot.sound]
'AspisR19.R754Point1GuardedLeaves.w_guarded_leaf_0919' depends on axioms: [propext, Classical.choice, Quot.sound]
'AspisR19.R754Point1GuardedLeaves.w_guarded_leaf_0920' depends on axioms: [propext, Classical.choice, Quot.sound]
'AspisR19.R754Point1GuardedLeaves.w_guarded_leaf_0921' depends on axioms: [propext, Classical.choice, Quot.sound]
'AspisR19.R754Point1GuardedLeaves.w_guarded_leaf_0922' depends on axioms: [propext, Classical.choice, Quot.sound]
'AspisR19.R754Point1GuardedLeaves.w_guarded_leaf_0923' depends on axioms: [propext, Classical.choice, Quot.sound]
'AspisR19.R754Point1GuardedLeaves.w_guarded_leaf_0924' depends on axioms: [propext, Classical.choice, Quot.sound]
'AspisR19.R754Point1GuardedLeaves.w_guarded_leaf_0925' depends on axioms: [propext, Classical.choice, Quot.sound]
'AspisR19.R754Point1GuardedLeaves.w_guarded_leaf_0926' depends on axioms: [propext, Classical.choice, Quot.sound]
'AspisR19.R754Point1GuardedLeaves.w_guarded_leaf_0927' depends on axioms: [propext, Classical.choice, Quot.sound]
'AspisR19.R754Point1GuardedLeaves.w_guarded_leaf_0928' depends on axioms: [propext, Classical.choice, Quot.sound]
'AspisR19.R754Point1GuardedLeaves.w_guarded_leaf_0929' depends on axioms: [propext, Classical.choice, Quot.sound]
'AspisR19.R754Point1GuardedLeaves.w_guarded_leaf_0930' depends on axioms: [propext, Classical.choice, Quot.sound]
'AspisR19.R754Point1GuardedLeaves.w_guarded_leaf_0931' depends on axioms: [propext, Classical.choice, Quot.sound]
'AspisR19.R754Point1GuardedLeaves.w_guarded_leaf_0932' depends on axioms: [propext, Classical.choice, Quot.sound]
'AspisR19.R754Point1GuardedLeaves.w_guarded_leaf_0933' depends on axioms: [propext, Classical.choice, Quot.sound]
'AspisR19.R754Point1GuardedLeaves.w_guarded_leaf_0934' depends on axioms: [propext, Classical.choice, Quot.sound]
'AspisR19.R754Point1GuardedLeaves.w_guarded_leaf_0935' depends on axioms: [propext, Classical.choice, Quot.sound]
'AspisR19.R754Point1GuardedLeaves.w_guarded_leaf_0936' depends on axioms: [propext, Classical.choice, Quot.sound]
'AspisR19.R754Point1GuardedLeaves.w_guarded_leaf_0937' depends on axioms: [propext, Classical.choice, Quot.sound]
'AspisR19.R754Point1GuardedLeaves.w_guarded_leaf_0938' depends on axioms: [propext, Classical.choice, Quot.sound]
'AspisR19.R754Point1GuardedLeaves.w_guarded_leaf_0939' depends on axioms: [propext, Classical.choice, Quot.sound]
'AspisR19.R754Point1GuardedLeaves.w_guarded_leaf_0940' depends on axioms: [propext, Classical.choice, Quot.sound]
'AspisR19.R754Point1GuardedLeaves.w_guarded_leaf_0941' depends on axioms: [propext, Classical.choice, Quot.sound]
'AspisR19.R754Point1GuardedLeaves.w_guarded_leaf_0942' depends on axioms: [propext, Classical.choice, Quot.sound]
'AspisR19.R754Point1GuardedLeaves.w_guarded_leaf_0943' depends on axioms: [propext, Classical.choice, Quot.sound]
'AspisR19.R754Point1GuardedLeaves.w_guarded_leaf_0944' depends on axioms: [propext, Classical.choice, Quot.sound]
	Command being timed: "/home/dombarker/.elan/bin/lake --dir /home/dombarker/project-offloads/aspis-r126-release-20260930-a/focus-workspace env lean -j1 -M4500 -R /home/dombarker/project-offloads/aspis-r57-lean-src-20260929-a -o /home/dombarker/project-offloads/aspis-r126-release-20260930-a/lib/AspisV8R19/Point1GuardedChunk07.olean /home/dombarker/project-offloads/aspis-r57-lean-src-20260929-a/AspisV8R19/Point1GuardedChunk07.lean"
	User time (seconds): 2.19
	System time (seconds): 0.33
	Percent of CPU this job got: 100%
	Elapsed (wall clock) time (h:mm:ss or m:ss): 0:02.51
	Average shared text size (kbytes): 0
	Average unshared data size (kbytes): 0
	Average stack size (kbytes): 0
	Average total size (kbytes): 0
	Maximum resident set size (kbytes): 3316864
	Average resident set size (kbytes): 0
	Major (requiring I/O) page faults: 0
	Minor (reclaiming a frame) page faults: 77558
	Voluntary context switches: 1865
	Involuntary context switches: 59
	Swaps: 0
	File system inputs: 0
	File system outputs: 688
	Socket messages sent: 0
	Socket messages received: 0
	Signals delivered: 0
	Page size (bytes): 4096
	Exit status: 0
Finished with result: success
Main processes terminated with: code=exited/status=0
Service runtime: 2.541s
CPU time consumed: 2.559s
Memory peak: 516.0K
Memory swap peak: 0B
