Warning: Permanently added '100.108.41.90' (ED25519) to the list of known hosts.
Running as unit: aspis-focus-1791123546797328000.service; invocation ID: 67aa1af95b514b148629476a690d31c0
'AspisV8R19.R691CircleCosetRoots.same_first_coordinate' depends on axioms: [propext, Classical.choice, Quot.sound]
'AspisV8R19.R691CircleCosetRoots.generator_order' depends on axioms: [propext, Classical.choice, Quot.sound]
	Command being timed: "/home/dombarker/.elan/bin/lake --dir /home/dombarker/project-offloads/aspis-r126-release-20260930-a/focus-workspace env lean -j1 -M4500 -R /home/dombarker/project-offloads/aspis-r57-lean-src-20260929-a -o /home/dombarker/project-offloads/aspis-r126-release-20260930-a/lib/AspisV8R19/R691CircleCosetRoots.olean /home/dombarker/project-offloads/aspis-r57-lean-src-20260929-a/AspisV8R19/R691CircleCosetRoots.lean"
	User time (seconds): 1.22
	System time (seconds): 0.46
	Percent of CPU this job got: 99%
	Elapsed (wall clock) time (h:mm:ss or m:ss): 0:01.69
	Average shared text size (kbytes): 0
	Average unshared data size (kbytes): 0
	Average stack size (kbytes): 0
	Average total size (kbytes): 0
	Maximum resident set size (kbytes): 3263788
	Average resident set size (kbytes): 0
	Major (requiring I/O) page faults: 5
	Minor (reclaiming a frame) page faults: 101310
	Voluntary context switches: 602
	Involuntary context switches: 69
	Swaps: 0
	File system inputs: 1328
	File system outputs: 336
	Socket messages sent: 0
	Socket messages received: 0
	Signals delivered: 0
	Page size (bytes): 4096
	Exit status: 0
Finished with result: success
Main processes terminated with: code=exited/status=0
Service runtime: 1.729s
CPU time consumed: 1.720s
Memory peak: 256.0K
Memory swap peak: 0B
