info: r41_focused: no previous manifest, creating one from scratch
info: toolchain not updated; already up-to-date
'AspisR19.ResidualFieldLift.map_assigned' depends on axioms: [propext, Classical.choice, Quot.sound]
'AspisR19.ResidualFieldLift.map_assigned_det' depends on axioms: [propext, Classical.choice, Quot.sound]
'AspisR19.ResidualFieldLift.assigned_det_ne_zero' depends on axioms: [propext, Classical.choice, Quot.sound]
	Command being timed: "/home/dombarker/.elan/bin/lake env lean -R /home/dombarker/project-offloads/aspis-r41-lean-src-20260929-a -o /home/dombarker/project-offloads/aspis-r41-lean-20260929-b/lib/AspisV8R19/ResidualFieldLift.olean /home/dombarker/project-offloads/aspis-r41-lean-src-20260929-a/AspisV8R19/ResidualFieldLift.lean"
	User time (seconds): 0.78
	System time (seconds): 0.34
	Percent of CPU this job got: 107%
	Elapsed (wall clock) time (h:mm:ss or m:ss): 0:01.04
	Average shared text size (kbytes): 0
	Average unshared data size (kbytes): 0
	Average stack size (kbytes): 0
	Average total size (kbytes): 0
	Maximum resident set size (kbytes): 2264340
	Average resident set size (kbytes): 0
	Major (requiring I/O) page faults: 0
	Minor (reclaiming a frame) page faults: 52628
	Voluntary context switches: 2700
	Involuntary context switches: 53
	Swaps: 0
	File system inputs: 0
	File system outputs: 184
	Socket messages sent: 0
	Socket messages received: 0
	Signals delivered: 0
	Page size (bytes): 4096
	Exit status: 0
