Warning: Permanently added '100.108.41.90' (ED25519) to the list of known hosts.
Running as unit: aspis-focus-1791152358339973000-80f0dfac666e.service; invocation ID: 7898d3e164d34d4b8ec6c2dad854ed45
'AspisV8R19.R790LiteralObservationChunk05.row_088_members_highActive' depends on axioms: [propext,
 Classical.choice,
 Quot.sound]
'AspisV8R19.R790LiteralObservationChunk05.row_088_rowCode' depends on axioms: [propext, Classical.choice, Quot.sound]
'AspisV8R19.R790LiteralObservationChunk05.row_088_selectedColumns' depends on axioms: [propext,
 Classical.choice,
 Quot.sound]
'AspisV8R19.R790LiteralObservationChunk05.row_089_members_highActive' depends on axioms: [propext,
 Classical.choice,
 Quot.sound]
'AspisV8R19.R790LiteralObservationChunk05.row_089_rowCode' depends on axioms: [propext, Classical.choice, Quot.sound]
'AspisV8R19.R790LiteralObservationChunk05.row_089_selectedColumns' depends on axioms: [propext,
 Classical.choice,
 Quot.sound]
'AspisV8R19.R790LiteralObservationChunk05.row_090_members_highActive' depends on axioms: [propext,
 Classical.choice,
 Quot.sound]
'AspisV8R19.R790LiteralObservationChunk05.row_090_rowCode' depends on axioms: [propext, Classical.choice, Quot.sound]
'AspisV8R19.R790LiteralObservationChunk05.row_090_selectedColumns' depends on axioms: [propext,
 Classical.choice,
 Quot.sound]
'AspisV8R19.R790LiteralObservationChunk05.row_091_members_highActive' depends on axioms: [propext,
 Classical.choice,
 Quot.sound]
'AspisV8R19.R790LiteralObservationChunk05.row_091_rowCode' depends on axioms: [propext, Classical.choice, Quot.sound]
'AspisV8R19.R790LiteralObservationChunk05.row_091_selectedColumns' depends on axioms: [propext,
 Classical.choice,
 Quot.sound]
'AspisV8R19.R790LiteralObservationChunk05.row_092_members_highActive' depends on axioms: [propext,
 Classical.choice,
 Quot.sound]
'AspisV8R19.R790LiteralObservationChunk05.row_092_rowCode' depends on axioms: [propext, Classical.choice, Quot.sound]
'AspisV8R19.R790LiteralObservationChunk05.row_092_selectedColumns' depends on axioms: [propext,
 Classical.choice,
 Quot.sound]
'AspisV8R19.R790LiteralObservationChunk05.row_093_members_highActive' depends on axioms: [propext,
 Classical.choice,
 Quot.sound]
'AspisV8R19.R790LiteralObservationChunk05.row_093_rowCode' depends on axioms: [propext, Classical.choice, Quot.sound]
'AspisV8R19.R790LiteralObservationChunk05.row_093_selectedColumns' depends on axioms: [propext,
 Classical.choice,
 Quot.sound]
'AspisV8R19.R790LiteralObservationChunk05.row_094_members_highActive' depends on axioms: [propext,
 Classical.choice,
 Quot.sound]
'AspisV8R19.R790LiteralObservationChunk05.row_094_rowCode' depends on axioms: [propext, Classical.choice, Quot.sound]
'AspisV8R19.R790LiteralObservationChunk05.row_094_selectedColumns' depends on axioms: [propext,
 Classical.choice,
 Quot.sound]
'AspisV8R19.R790LiteralObservationChunk05.row_095_members_highActive' depends on axioms: [propext,
 Classical.choice,
 Quot.sound]
'AspisV8R19.R790LiteralObservationChunk05.row_095_rowCode' depends on axioms: [propext, Classical.choice, Quot.sound]
'AspisV8R19.R790LiteralObservationChunk05.row_095_selectedColumns' depends on axioms: [propext,
 Classical.choice,
 Quot.sound]
'AspisV8R19.R790LiteralObservationChunk05.row_096_members_highActive' depends on axioms: [propext,
 Classical.choice,
 Quot.sound]
'AspisV8R19.R790LiteralObservationChunk05.row_096_rowCode' depends on axioms: [propext, Classical.choice, Quot.sound]
'AspisV8R19.R790LiteralObservationChunk05.row_096_selectedColumns' depends on axioms: [propext,
 Classical.choice,
 Quot.sound]
'AspisV8R19.R790LiteralObservationChunk05.row_097_members_highActive' depends on axioms: [propext,
 Classical.choice,
 Quot.sound]
'AspisV8R19.R790LiteralObservationChunk05.row_097_rowCode' depends on axioms: [propext, Classical.choice, Quot.sound]
'AspisV8R19.R790LiteralObservationChunk05.row_097_selectedColumns' depends on axioms: [propext,
 Classical.choice,
 Quot.sound]
'AspisV8R19.R790LiteralObservationChunk05.row_098_members_highActive' depends on axioms: [propext,
 Classical.choice,
 Quot.sound]
'AspisV8R19.R790LiteralObservationChunk05.row_098_rowCode' depends on axioms: [propext, Classical.choice, Quot.sound]
'AspisV8R19.R790LiteralObservationChunk05.row_098_selectedColumns' depends on axioms: [propext,
 Classical.choice,
 Quot.sound]
'AspisV8R19.R790LiteralObservationChunk05.row_099_members_highActive' depends on axioms: [propext,
 Classical.choice,
 Quot.sound]
'AspisV8R19.R790LiteralObservationChunk05.row_099_rowCode' depends on axioms: [propext, Classical.choice, Quot.sound]
'AspisV8R19.R790LiteralObservationChunk05.row_099_selectedColumns' depends on axioms: [propext,
 Classical.choice,
 Quot.sound]
'AspisV8R19.R790LiteralObservationChunk05.row_100_members_highActive' depends on axioms: [propext,
 Classical.choice,
 Quot.sound]
'AspisV8R19.R790LiteralObservationChunk05.row_100_rowCode' depends on axioms: [propext, Classical.choice, Quot.sound]
'AspisV8R19.R790LiteralObservationChunk05.row_100_selectedColumns' depends on axioms: [propext,
 Classical.choice,
 Quot.sound]
'AspisV8R19.R790LiteralObservationChunk05.row_101_members_highActive' depends on axioms: [propext,
 Classical.choice,
 Quot.sound]
'AspisV8R19.R790LiteralObservationChunk05.row_101_rowCode' depends on axioms: [propext, Classical.choice, Quot.sound]
'AspisV8R19.R790LiteralObservationChunk05.row_101_selectedColumns' depends on axioms: [propext,
 Classical.choice,
 Quot.sound]
'AspisV8R19.R790LiteralObservationChunk05.row_102_members_highActive' depends on axioms: [propext,
 Classical.choice,
 Quot.sound]
'AspisV8R19.R790LiteralObservationChunk05.row_102_rowCode' depends on axioms: [propext, Classical.choice, Quot.sound]
'AspisV8R19.R790LiteralObservationChunk05.row_102_selectedColumns' depends on axioms: [propext,
 Classical.choice,
 Quot.sound]
'AspisV8R19.R790LiteralObservationChunk05.row_103_members_highActive' depends on axioms: [propext,
 Classical.choice,
 Quot.sound]
'AspisV8R19.R790LiteralObservationChunk05.row_103_rowCode' depends on axioms: [propext, Classical.choice, Quot.sound]
'AspisV8R19.R790LiteralObservationChunk05.row_103_selectedColumns' depends on axioms: [propext,
 Classical.choice,
 Quot.sound]
	Command being timed: "/home/dombarker/.elan/bin/lake --dir /home/dombarker/project-offloads/aspis-r126-release-20260930-a/focus-workspace env lean -j1 -M4500 -R /home/dombarker/project-offloads/aspis-r57-lean-src-20260929-a -o /home/dombarker/project-offloads/aspis-r126-release-20260930-a/lib/AspisV8R19/R790LiteralObservationChunk05.olean /home/dombarker/project-offloads/aspis-r57-lean-src-20260929-a/AspisV8R19/R790LiteralObservationChunk05.lean"
	User time (seconds): 19.24
	System time (seconds): 0.49
	Percent of CPU this job got: 100%
	Elapsed (wall clock) time (h:mm:ss or m:ss): 0:19.71
	Average shared text size (kbytes): 0
	Average unshared data size (kbytes): 0
	Average stack size (kbytes): 0
	Average total size (kbytes): 0
	Maximum resident set size (kbytes): 3364928
	Average resident set size (kbytes): 0
	Major (requiring I/O) page faults: 0
	Minor (reclaiming a frame) page faults: 154401
	Voluntary context switches: 2991
	Involuntary context switches: 165
	Swaps: 0
	File system inputs: 0
	File system outputs: 304
	Socket messages sent: 0
	Socket messages received: 0
	Signals delivered: 0
	Page size (bytes): 4096
	Exit status: 0
Finished with result: success
Main processes terminated with: code=exited/status=0
Service runtime: 19.747s
CPU time consumed: 19.778s
Memory peak: 516.0K
Memory swap peak: 0B
