Warning: Permanently added '100.108.41.90' (ED25519) to the list of known hosts.
Running as unit: aspis-focus-1791152324503026000-a5754fa13ada.service; invocation ID: 056573491c284fb9886a9e2c0cd93c47
'AspisV8R19.R790LiteralObservationChunk03.row_056_members_highActive' depends on axioms: [propext,
 Classical.choice,
 Quot.sound]
'AspisV8R19.R790LiteralObservationChunk03.row_056_rowCode' depends on axioms: [propext, Classical.choice, Quot.sound]
'AspisV8R19.R790LiteralObservationChunk03.row_056_selectedColumns' depends on axioms: [propext,
 Classical.choice,
 Quot.sound]
'AspisV8R19.R790LiteralObservationChunk03.row_057_members_highActive' depends on axioms: [propext,
 Classical.choice,
 Quot.sound]
'AspisV8R19.R790LiteralObservationChunk03.row_057_rowCode' depends on axioms: [propext, Classical.choice, Quot.sound]
'AspisV8R19.R790LiteralObservationChunk03.row_057_selectedColumns' depends on axioms: [propext,
 Classical.choice,
 Quot.sound]
'AspisV8R19.R790LiteralObservationChunk03.row_058_members_highActive' depends on axioms: [propext,
 Classical.choice,
 Quot.sound]
'AspisV8R19.R790LiteralObservationChunk03.row_058_rowCode' depends on axioms: [propext, Classical.choice, Quot.sound]
'AspisV8R19.R790LiteralObservationChunk03.row_058_selectedColumns' depends on axioms: [propext,
 Classical.choice,
 Quot.sound]
'AspisV8R19.R790LiteralObservationChunk03.row_059_members_highActive' depends on axioms: [propext,
 Classical.choice,
 Quot.sound]
'AspisV8R19.R790LiteralObservationChunk03.row_059_rowCode' depends on axioms: [propext, Classical.choice, Quot.sound]
'AspisV8R19.R790LiteralObservationChunk03.row_059_selectedColumns' depends on axioms: [propext,
 Classical.choice,
 Quot.sound]
'AspisV8R19.R790LiteralObservationChunk03.row_060_members_highActive' depends on axioms: [propext,
 Classical.choice,
 Quot.sound]
'AspisV8R19.R790LiteralObservationChunk03.row_060_rowCode' depends on axioms: [propext, Classical.choice, Quot.sound]
'AspisV8R19.R790LiteralObservationChunk03.row_060_selectedColumns' depends on axioms: [propext,
 Classical.choice,
 Quot.sound]
'AspisV8R19.R790LiteralObservationChunk03.row_061_members_highActive' depends on axioms: [propext,
 Classical.choice,
 Quot.sound]
'AspisV8R19.R790LiteralObservationChunk03.row_061_rowCode' depends on axioms: [propext, Classical.choice, Quot.sound]
'AspisV8R19.R790LiteralObservationChunk03.row_061_selectedColumns' depends on axioms: [propext,
 Classical.choice,
 Quot.sound]
'AspisV8R19.R790LiteralObservationChunk03.row_062_members_highActive' depends on axioms: [propext,
 Classical.choice,
 Quot.sound]
'AspisV8R19.R790LiteralObservationChunk03.row_062_rowCode' depends on axioms: [propext, Classical.choice, Quot.sound]
'AspisV8R19.R790LiteralObservationChunk03.row_062_selectedColumns' depends on axioms: [propext,
 Classical.choice,
 Quot.sound]
'AspisV8R19.R790LiteralObservationChunk03.row_063_members_highActive' depends on axioms: [propext,
 Classical.choice,
 Quot.sound]
'AspisV8R19.R790LiteralObservationChunk03.row_063_rowCode' depends on axioms: [propext, Classical.choice, Quot.sound]
'AspisV8R19.R790LiteralObservationChunk03.row_063_selectedColumns' depends on axioms: [propext,
 Classical.choice,
 Quot.sound]
'AspisV8R19.R790LiteralObservationChunk03.row_064_members_highActive' depends on axioms: [propext,
 Classical.choice,
 Quot.sound]
'AspisV8R19.R790LiteralObservationChunk03.row_064_rowCode' depends on axioms: [propext, Classical.choice, Quot.sound]
'AspisV8R19.R790LiteralObservationChunk03.row_064_selectedColumns' depends on axioms: [propext,
 Classical.choice,
 Quot.sound]
'AspisV8R19.R790LiteralObservationChunk03.row_065_members_highActive' depends on axioms: [propext,
 Classical.choice,
 Quot.sound]
'AspisV8R19.R790LiteralObservationChunk03.row_065_rowCode' depends on axioms: [propext, Classical.choice, Quot.sound]
'AspisV8R19.R790LiteralObservationChunk03.row_065_selectedColumns' depends on axioms: [propext,
 Classical.choice,
 Quot.sound]
'AspisV8R19.R790LiteralObservationChunk03.row_066_members_highActive' depends on axioms: [propext,
 Classical.choice,
 Quot.sound]
'AspisV8R19.R790LiteralObservationChunk03.row_066_rowCode' depends on axioms: [propext, Classical.choice, Quot.sound]
'AspisV8R19.R790LiteralObservationChunk03.row_066_selectedColumns' depends on axioms: [propext,
 Classical.choice,
 Quot.sound]
'AspisV8R19.R790LiteralObservationChunk03.row_067_members_highActive' depends on axioms: [propext,
 Classical.choice,
 Quot.sound]
'AspisV8R19.R790LiteralObservationChunk03.row_067_rowCode' depends on axioms: [propext, Classical.choice, Quot.sound]
'AspisV8R19.R790LiteralObservationChunk03.row_067_selectedColumns' depends on axioms: [propext,
 Classical.choice,
 Quot.sound]
'AspisV8R19.R790LiteralObservationChunk03.row_068_members_highActive' depends on axioms: [propext,
 Classical.choice,
 Quot.sound]
'AspisV8R19.R790LiteralObservationChunk03.row_068_rowCode' depends on axioms: [propext, Classical.choice, Quot.sound]
'AspisV8R19.R790LiteralObservationChunk03.row_068_selectedColumns' depends on axioms: [propext,
 Classical.choice,
 Quot.sound]
'AspisV8R19.R790LiteralObservationChunk03.row_069_members_highActive' depends on axioms: [propext,
 Classical.choice,
 Quot.sound]
'AspisV8R19.R790LiteralObservationChunk03.row_069_rowCode' depends on axioms: [propext, Classical.choice, Quot.sound]
'AspisV8R19.R790LiteralObservationChunk03.row_069_selectedColumns' depends on axioms: [propext,
 Classical.choice,
 Quot.sound]
'AspisV8R19.R790LiteralObservationChunk03.row_070_members_highActive' depends on axioms: [propext,
 Classical.choice,
 Quot.sound]
'AspisV8R19.R790LiteralObservationChunk03.row_070_rowCode' depends on axioms: [propext, Classical.choice, Quot.sound]
'AspisV8R19.R790LiteralObservationChunk03.row_070_selectedColumns' depends on axioms: [propext,
 Classical.choice,
 Quot.sound]
'AspisV8R19.R790LiteralObservationChunk03.row_071_members_highActive' depends on axioms: [propext,
 Classical.choice,
 Quot.sound]
'AspisV8R19.R790LiteralObservationChunk03.row_071_rowCode' depends on axioms: [propext, Classical.choice, Quot.sound]
'AspisV8R19.R790LiteralObservationChunk03.row_071_selectedColumns' depends on axioms: [propext,
 Classical.choice,
 Quot.sound]
	Command being timed: "/home/dombarker/.elan/bin/lake --dir /home/dombarker/project-offloads/aspis-r126-release-20260930-a/focus-workspace env lean -j1 -M4500 -R /home/dombarker/project-offloads/aspis-r57-lean-src-20260929-a -o /home/dombarker/project-offloads/aspis-r126-release-20260930-a/lib/AspisV8R19/R790LiteralObservationChunk03.olean /home/dombarker/project-offloads/aspis-r57-lean-src-20260929-a/AspisV8R19/R790LiteralObservationChunk03.lean"
	User time (seconds): 14.85
	System time (seconds): 0.43
	Percent of CPU this job got: 100%
	Elapsed (wall clock) time (h:mm:ss or m:ss): 0:15.26
	Average shared text size (kbytes): 0
	Average unshared data size (kbytes): 0
	Average stack size (kbytes): 0
	Average total size (kbytes): 0
	Maximum resident set size (kbytes): 3352056
	Average resident set size (kbytes): 0
	Major (requiring I/O) page faults: 0
	Minor (reclaiming a frame) page faults: 139706
	Voluntary context switches: 2921
	Involuntary context switches: 191
	Swaps: 0
	File system inputs: 0
	File system outputs: 312
	Socket messages sent: 0
	Socket messages received: 0
	Signals delivered: 0
	Page size (bytes): 4096
	Exit status: 0
Finished with result: success
Main processes terminated with: code=exited/status=0
Service runtime: 15.298s
CPU time consumed: 15.326s
Memory peak: 256.0K
Memory swap peak: 0B
