[[92mInfo[39m ] Imported: /home/dombarker/project-offloads/aspis-r283-private-norm-batch-extract-20261002-a/R283PrivateNormBatch.llbc
[[93mWarn[39m ] When retrieving the builtin information for trait decl 'core::iter::traits::iterator::Iterator', could not find the information for item 'chain'. The model defined in the Lean library seems to be missing the corresponding field.
Source: '/rustc/library/core/src/iter/traits/iterator.rs', lines 42:0-42:24
Compiler source: extract/Extract.ml, line 2871

[[93mWarn[39m ] When retrieving the builtin information for trait decl 'core::iter::traits::iterator::Iterator', could not find the information for item 'any'. The model defined in the Lean library seems to be missing the corresponding field.
Source: '/rustc/library/core/src/iter/traits/iterator.rs', lines 42:0-42:24
Compiler source: extract/Extract.ml, line 2871

[[93mWarn[39m ] When retrieving the builtin information for trait decl 'core::iter::traits::iterator::Iterator', could not find the information for item 'rev'. The model defined in the Lean library seems to be missing the corresponding field.
Source: '/rustc/library/core/src/iter/traits/iterator.rs', lines 42:0-42:24
Compiler source: extract/Extract.ml, line 2871

[[92mInfo[39m ] Creating missing directory: /home/dombarker/project-offloads/aspis-r292-private-batch-translation-20261002-a/generated/AspisR292PrivateBatch
[[92mInfo[39m ] Generated: /home/dombarker/project-offloads/aspis-r292-private-batch-translation-20261002-a/generated/AspisR292PrivateBatch/TypesExternal_Template.lean
[[92mInfo[39m ] Generated: /home/dombarker/project-offloads/aspis-r292-private-batch-translation-20261002-a/generated/AspisR292PrivateBatch/Types.lean
[[92mInfo[39m ] Generated: /home/dombarker/project-offloads/aspis-r292-private-batch-translation-20261002-a/generated/AspisR292PrivateBatch/FunsExternal_Template.lean
[[92mInfo[39m ] Generated: /home/dombarker/project-offloads/aspis-r292-private-batch-translation-20261002-a/generated/AspisR292PrivateBatch/Funs.lean
[[92mInfo[39m ] Generated: /home/dombarker/project-offloads/aspis-r292-private-batch-translation-20261002-a/generated/translation.json
[[92mInfo[39m ] Total execution time: 0.946223 seconds
	Command being timed: "/home/dombarker/project-offloads/aspis-return-continuation-20261002-a/aeneas-return-continuation -sequential -no-progress-bar -abort-on-error -backend lean -namespace AspisR292PrivateBatch -dest /home/dombarker/project-offloads/aspis-r292-private-batch-translation-20261002-a/generated -subdir AspisR292PrivateBatch -split-files -emit-json /home/dombarker/project-offloads/aspis-r283-private-norm-batch-extract-20261002-a/R283PrivateNormBatch.llbc"
	User time (seconds): 0.99
	System time (seconds): 0.03
	Percent of CPU this job got: 99%
	Elapsed (wall clock) time (h:mm:ss or m:ss): 0:01.03
	Average shared text size (kbytes): 0
	Average unshared data size (kbytes): 0
	Average stack size (kbytes): 0
	Average total size (kbytes): 0
	Maximum resident set size (kbytes): 143968
	Average resident set size (kbytes): 0
	Major (requiring I/O) page faults: 0
	Minor (reclaiming a frame) page faults: 30298
	Voluntary context switches: 1
	Involuntary context switches: 7
	Swaps: 0
	File system inputs: 0
	File system outputs: 144
	Socket messages sent: 0
	Socket messages received: 0
	Signals delivered: 0
	Page size (bytes): 4096
	Exit status: 0
