info: r47_focused: no previous manifest, creating one from scratch
info: toolchain not updated; already up-to-date
'AspisR19.SourceCircleBoundary.coefficient_fold_zero' depends on axioms: [propext, Classical.choice, Quot.sound]
'AspisR19.SourceCircleBoundary.raw_point_zero' depends on axioms: [propext, Classical.choice, Quot.sound]
'AspisR19.SourceCircleBoundary.raw_fibre_zero' depends on axioms: [propext, Classical.choice, Quot.sound]
'AspisR19.SourceCircleBoundary.final_value_zero' depends on axioms: [propext, Classical.choice, Quot.sound]
'AspisR19.SourceCircleBoundary.legal_coins_OOD' depends on axioms: [propext, Classical.choice, Quot.sound]
	Command being timed: "/home/dombarker/.elan/bin/lake env lean -R /home/dombarker/project-offloads/aspis-r47-lean-src-20260929-a -o /home/dombarker/project-offloads/aspis-r47-lean-20260929-i/lib/AspisV8R19/SourceCircleBoundary.olean /home/dombarker/project-offloads/aspis-r47-lean-src-20260929-a/AspisV8R19/SourceCircleBoundary.lean"
	User time (seconds): 0.92
	System time (seconds): 0.35
	Percent of CPU this job got: 114%
	Elapsed (wall clock) time (h:mm:ss or m:ss): 0:01.12
	Average shared text size (kbytes): 0
	Average unshared data size (kbytes): 0
	Average stack size (kbytes): 0
	Average total size (kbytes): 0
	Maximum resident set size (kbytes): 2321412
	Average resident set size (kbytes): 0
	Major (requiring I/O) page faults: 0
	Minor (reclaiming a frame) page faults: 53706
	Voluntary context switches: 3636
	Involuntary context switches: 45
	Swaps: 0
	File system inputs: 0
	File system outputs: 256
	Socket messages sent: 0
	Socket messages received: 0
	Signals delivered: 0
	Page size (bytes): 4096
	Exit status: 0
