Warning: Permanently added '100.108.41.90' (ED25519) to the list of known hosts.
Running as unit: aspis-focus-1791162285067243000-9e062b331d68.service; invocation ID: 157641015bc348baa88707dc8e5b8663
'AspisV8R19.R843CompleteJointDegree.raw_entry_degree' depends on axioms: [propext, Classical.choice, Quot.sound]
'AspisV8R19.R843CompleteJointDegree.normalized_det_degree' depends on axioms: [propext, Classical.choice, Quot.sound]
	Command being timed: "/home/dombarker/.elan/bin/lake --dir /home/dombarker/project-offloads/aspis-r126-release-20260930-a/focus-workspace env lean -j1 -M4500 -R /home/dombarker/project-offloads/aspis-r57-lean-src-20260929-a -o /home/dombarker/project-offloads/aspis-r126-release-20260930-a/lib/AspisV8R19/R843CompleteJointDegree.olean /home/dombarker/project-offloads/aspis-r57-lean-src-20260929-a/AspisV8R19/R843CompleteJointDegree.lean"
	User time (seconds): 1.08
	System time (seconds): 0.37
	Percent of CPU this job got: 99%
	Elapsed (wall clock) time (h:mm:ss or m:ss): 0:01.47
	Average shared text size (kbytes): 0
	Average unshared data size (kbytes): 0
	Average stack size (kbytes): 0
	Average total size (kbytes): 0
	Maximum resident set size (kbytes): 3299016
	Average resident set size (kbytes): 0
	Major (requiring I/O) page faults: 2
	Minor (reclaiming a frame) page faults: 77307
	Voluntary context switches: 297
	Involuntary context switches: 61
	Swaps: 0
	File system inputs: 232
	File system outputs: 72
	Socket messages sent: 0
	Socket messages received: 0
	Signals delivered: 0
	Page size (bytes): 4096
	Exit status: 0
Finished with result: success
Main processes terminated with: code=exited/status=0
Service runtime: 1.506s
CPU time consumed: 1.501s
Memory peak: 328.0K
Memory swap peak: 0B
