Warning: Permanently added '100.108.41.90' (ED25519) to the list of known hosts.
Running as unit: aspis-focus-1791089457879347000.service; invocation ID: 925750a3441b4e59be997c856bfbc7f3
/home/dombarker/project-offloads/aspis-r57-lean-src-20260929-a/AspisV8R19/R596SelectedChordCore.lean:49:36: error: `simp` made no progress
'AspisV8R19.R596SelectedChordCore.selected_rawData_core' depends on axioms: [propext,
 sorryAx,
 Classical.choice,
 Quot.sound]
Command exited with non-zero status 1
	Command being timed: "/home/dombarker/.elan/bin/lake --dir /home/dombarker/project-offloads/aspis-r126-release-20260930-a/focus-workspace env lean -j1 -M4500 -R /home/dombarker/project-offloads/aspis-r57-lean-src-20260929-a -o /home/dombarker/project-offloads/aspis-r126-release-20260930-a/lib/AspisV8R19/R596SelectedChordCore.olean /home/dombarker/project-offloads/aspis-r57-lean-src-20260929-a/AspisV8R19/R596SelectedChordCore.lean"
	User time (seconds): 1.21
	System time (seconds): 0.39
	Percent of CPU this job got: 100%
	Elapsed (wall clock) time (h:mm:ss or m:ss): 0:01.59
	Average shared text size (kbytes): 0
	Average unshared data size (kbytes): 0
	Average stack size (kbytes): 0
	Average total size (kbytes): 0
	Maximum resident set size (kbytes): 3752224
	Average resident set size (kbytes): 0
	Major (requiring I/O) page faults: 0
	Minor (reclaiming a frame) page faults: 86671
	Voluntary context switches: 415
	Involuntary context switches: 69
	Swaps: 0
	File system inputs: 0
	File system outputs: 0
	Socket messages sent: 0
	Socket messages received: 0
	Signals delivered: 0
	Page size (bytes): 4096
	Exit status: 1
Finished with result: exit-code
Main processes terminated with: code=exited/status=1
Service runtime: 1.627s
CPU time consumed: 1.632s
Memory peak: 512.0K
Memory swap peak: 0B
