[[92mInfo[39m ] Imported: /home/dombarker/project-offloads/aspis-r618-matrix-generic-20261004-a/R618MatrixGeneric.llbc
[[92mInfo[39m ] Creating missing directory: /home/dombarker/project-offloads/aspis-r618-matrix-translation-20261004-a/generated/AspisR618SelectedMatrix
[[92mInfo[39m ] Generated: /home/dombarker/project-offloads/aspis-r618-matrix-translation-20261004-a/generated/AspisR618SelectedMatrix/Types.lean
[[92mInfo[39m ] Generated: /home/dombarker/project-offloads/aspis-r618-matrix-translation-20261004-a/generated/AspisR618SelectedMatrix/Funs.lean
[[92mInfo[39m ] Generated: /home/dombarker/project-offloads/aspis-r618-matrix-translation-20261004-a/generated/translation.json
[[92mInfo[39m ] Total execution time: 0.176093 seconds
	Command being timed: "timeout --signal=TERM --kill-after=5s 180s /home/dombarker/project-offloads/aspis-r614-scalar-constants-build-output-20261004-d/aeneas-r614-scalar-constants-candidate-20261004-d -sequential -no-progress-bar -abort-on-error -backend lean -namespace AspisR618SelectedMatrix -dest /home/dombarker/project-offloads/aspis-r618-matrix-translation-20261004-a/generated -subdir AspisR618SelectedMatrix -split-files -emit-json /home/dombarker/project-offloads/aspis-r618-matrix-generic-20261004-a/R618MatrixGeneric.llbc"
	User time (seconds): 0.25
	System time (seconds): 0.01
	Percent of CPU this job got: 99%
	Elapsed (wall clock) time (h:mm:ss or m:ss): 0:00.26
	Average shared text size (kbytes): 0
	Average unshared data size (kbytes): 0
	Average stack size (kbytes): 0
	Average total size (kbytes): 0
	Maximum resident set size (kbytes): 61776
	Average resident set size (kbytes): 0
	Major (requiring I/O) page faults: 0
	Minor (reclaiming a frame) page faults: 9893
	Voluntary context switches: 3
	Involuntary context switches: 5
	Swaps: 0
	File system inputs: 0
	File system outputs: 48
	Socket messages sent: 0
	Socket messages received: 0
	Signals delivered: 0
	Page size (bytes): 4096
	Exit status: 0
