Warning: Permanently added '100.108.41.90' (ED25519) to the list of known hosts.
Running as unit: aspis-focus-1790894970950924000.service; invocation ID: dfbb53220025471cb0c9f650787a12f3
/home/dombarker/project-offloads/aspis-r57-lean-src-20260929-a/AspisV8R19/R177CircleScheduleBridge.lean:103:20: warning: This simp argument is unused:
  SamplerCircleBridge.modelRun

Hint: Omit it from the simp argument list.
  simp [hp, R166CircleExecution.encodeResult, SamplerCirclePolicy.accept,
  ̲  ̲ ̲ ̲ ̲ ̲ ̲ ̲ ̲ ̲ ̲ ̲ ̲ ̲ ̲ ̲Except.toOption, S̵a̵m̵p̵l̵e̵r̵C̵i̵r̵c̵l̵e̵B̵r̵i̵d̵g̵e̵.̵m̵o̵d̵e̵l̵R̵u̵n̵,̵ ̵encodeScheduleResult]

Note: This linter can be disabled with `set_option linter.unusedSimpArgs false`
'AspisV8R19.R177CircleScheduleBridge.encodeWord_adapter' depends on axioms: [propext]
'AspisV8R19.R177CircleScheduleBridge.quartic_adapter' depends on axioms: [propext]
'AspisV8R19.R177CircleScheduleBridge.decode_words' depends on axioms: [propext, Classical.choice, Quot.sound]
'AspisV8R19.R177CircleScheduleBridge.pureBounded_model' depends on axioms: [propext, Classical.choice, Quot.sound]
'AspisV8R19.R177CircleScheduleBridge.challenge_schedule_exact' depends on axioms: [propext,
 Classical.choice,
 Quot.sound,
 core.fmt.Formatter]
	Command being timed: "/home/dombarker/.elan/bin/lake --dir /home/dombarker/project-offloads/aspis-r126-release-20260930-a/focus-workspace env lean -j1 -M4500 -R /home/dombarker/project-offloads/aspis-r57-lean-src-20260929-a -o /home/dombarker/project-offloads/aspis-r126-release-20260930-a/lib/AspisV8R19/R177CircleScheduleBridge.olean /home/dombarker/project-offloads/aspis-r57-lean-src-20260929-a/AspisV8R19/R177CircleScheduleBridge.lean"
	User time (seconds): 1.20
	System time (seconds): 0.38
	Percent of CPU this job got: 100%
	Elapsed (wall clock) time (h:mm:ss or m:ss): 0:01.59
	Average shared text size (kbytes): 0
	Average unshared data size (kbytes): 0
	Average stack size (kbytes): 0
	Average total size (kbytes): 0
	Maximum resident set size (kbytes): 3733192
	Average resident set size (kbytes): 0
	Major (requiring I/O) page faults: 0
	Minor (reclaiming a frame) page faults: 86531
	Voluntary context switches: 694
	Involuntary context switches: 67
	Swaps: 0
	File system inputs: 0
	File system outputs: 336
	Socket messages sent: 0
	Socket messages received: 0
	Signals delivered: 0
	Page size (bytes): 4096
	Exit status: 0
Finished with result: success
Main processes terminated with: code=exited/status=0
Service runtime: 1.621s
CPU time consumed: 1.624s
Memory peak: 328.0K
Memory swap peak: 0B
