Running as unit: aspis-r20-svm-world0-a.scope; invocation ID: f136ee69f9444ce4afb5b6e2bbbe07ab
{"accepted":false,"case":"honest","cu":1000000,"cu_limit":1000000,"custom_rejection":false,"error":"InstructionError(0, ProgramFailedToComplete)","heap_bytes":262144,"limit_class":"acceptance","logs":["Program 5oEzAP4izB65uRm2yDAEf9oALGwHpWkDfyKb8zBY3euC invoke [1]","Program log: R17:entry","Program consumption: 998815 units remaining","Program log: R17:semantic-start","Program consumption: 960023 units remaining","Program log: R17:semantic-end","Program consumption: 230526 units remaining","Program 5oEzAP4izB65uRm2yDAEf9oALGwHpWkDfyKb8zBY3euC consumed 999944 of 1000000 compute units","Program 5oEzAP4izB65uRm2yDAEf9oALGwHpWkDfyKb8zBY3euC failed: exceeded CUs meter at BPF instruction"],"resource_failure":true,"scope":"R20 candidate verifier only; no settlement; security unproved","status":"resource_failure","unchanged_accounts":true}
{"accepted":false,"case":"bad-combined-final","cu":1000000,"cu_limit":1000000,"custom_rejection":false,"error":"InstructionError(0, ProgramFailedToComplete)","heap_bytes":262144,"limit_class":"acceptance","logs":["Program 5oEzAP4izB65uRm2yDAEf9oALGwHpWkDfyKb8zBY3euC invoke [1]","Program log: R17:entry","Program consumption: 998815 units remaining","Program log: R17:semantic-start","Program consumption: 960023 units remaining","Program log: R17:semantic-end","Program consumption: 230526 units remaining","Program 5oEzAP4izB65uRm2yDAEf9oALGwHpWkDfyKb8zBY3euC consumed 999944 of 1000000 compute units","Program 5oEzAP4izB65uRm2yDAEf9oALGwHpWkDfyKb8zBY3euC failed: exceeded CUs meter at BPF instruction"],"resource_failure":true,"scope":"R20 candidate verifier only; no settlement; security unproved","status":"resource_failure","unchanged_accounts":true}
{"accepted":true,"case":"honest","cu":3095605,"cu_limit":100000000,"custom_rejection":false,"error":null,"heap_bytes":262144,"limit_class":"diagnostic","logs":["Program 5oEzAP4izB65uRm2yDAEf9oALGwHpWkDfyKb8zBY3euC invoke [1]","Program log: R17:entry","Program consumption: 99998815 units remaining","Program log: R17:semantic-start","Program consumption: 99960023 units remaining","Program log: R17:semantic-end","Program consumption: 99230526 units remaining","Program log: R17:prepare-end","Program consumption: 98916258 units remaining","Program log: R19:query-schedule-end","Program consumption: 98896437 units remaining","Program log: R17:opened-points","Program consumption: 98818839 units remaining","Program log: R17:opened-records","Program consumption: 98481605 units remaining","Program log: R17:opened-authenticated","Program consumption: 98342092 units remaining","Program log: R19:openings-end","Program consumption: 98341839 units remaining","Program log: R19:tail-folds-end","Program consumption: 98169745 units remaining","Program log: R19:ordinary-end","Program consumption: 97384071 units remaining","Program log: R19:primary-terminal-accepted","Program consumption: 96904547 units remaining","Program 5oEzAP4izB65uRm2yDAEf9oALGwHpWkDfyKb8zBY3euC consumed 3095549 of 100000000 compute units","Program 5oEzAP4izB65uRm2yDAEf9oALGwHpWkDfyKb8zBY3euC success"],"resource_failure":false,"scope":"R20 candidate verifier only; no settlement; security unproved","status":"accepted","unchanged_accounts":true}
{"accepted":false,"case":"bad-combined-final","cu":1656866,"cu_limit":100000000,"custom_rejection":true,"error":"InstructionError(0, Custom(6))","heap_bytes":262144,"limit_class":"diagnostic","logs":["Program 5oEzAP4izB65uRm2yDAEf9oALGwHpWkDfyKb8zBY3euC invoke [1]","Program log: R17:entry","Program consumption: 99998815 units remaining","Program log: R17:semantic-start","Program consumption: 99960023 units remaining","Program log: R17:semantic-end","Program consumption: 99230526 units remaining","Program log: R17:prepare-end","Program consumption: 98916258 units remaining","Program log: R19:query-schedule-end","Program consumption: 98896437 units remaining","Program log: R17:opened-points","Program consumption: 98818821 units remaining","Program log: R17:opened-records","Program consumption: 98481548 units remaining","Program 5oEzAP4izB65uRm2yDAEf9oALGwHpWkDfyKb8zBY3euC consumed 1656810 of 100000000 compute units","Program 5oEzAP4izB65uRm2yDAEf9oALGwHpWkDfyKb8zBY3euC failed: custom program error: 0x6"],"resource_failure":false,"scope":"R20 candidate verifier only; no settlement; security unproved","status":"custom_rejection","unchanged_accounts":true}
	Command being timed: "/home/dombarker/project-offloads/aspis-r20-svm-20260922-a/r20-svm-probe /home/dombarker/project-offloads/aspis-r20-opening-20260922-a/sbf-primary/aspis_v8_performance_sbf.so /home/dombarker/project-offloads/aspis-r19-channel-20260921-c/host-c/fixture-world0"
	User time (seconds): 0.05
	System time (seconds): 0.01
	Percent of CPU this job got: 93%
	Elapsed (wall clock) time (h:mm:ss or m:ss): 0:00.07
	Average shared text size (kbytes): 0
	Average unshared data size (kbytes): 0
	Average stack size (kbytes): 0
	Average total size (kbytes): 0
	Maximum resident set size (kbytes): 30084
	Average resident set size (kbytes): 0
	Major (requiring I/O) page faults: 1
	Minor (reclaiming a frame) page faults: 9534
	Voluntary context switches: 2
	Involuntary context switches: 2
	Swaps: 0
	File system inputs: 8
	File system outputs: 8
	Socket messages sent: 0
	Socket messages received: 0
	Signals delivered: 0
	Page size (bytes): 4096
	Exit status: 0
