Running as unit: aspis-v8-complete-255-context-1788910320-3643551.scope; invocation ID: 3512a2c4895842498f85ecaa3a3d6117
Exported authoritative synthetic account context; no proof verified.
	Command being timed: "env NO_DNA=1 env ASPIS_V8_EXPORT_CONTEXT=/home/dombarker/project-offloads/aspis-v8-performance-20260908.scS2Jz/complete-withdrawal-255-v2/context /home/dombarker/project-offloads/aspis-v8-performance-20260908.scS2Jz/docs/research/v8-no-work-100-20260907/experiments/performance-svm/target/release/aspis-v7-pair-forest-combined-rejection /home/dombarker/project-offloads/aspis-v8-performance-20260908.scS2Jz/sbf-matched-pool/aspis_v8_comparison_pool_sbf.so /home/dombarker/project-offloads/aspis-v8-performance-20260908.scS2Jz/sbf-complete/aspis_v8_complete_sbf.so /home/dombarker/project-offloads/aspis-v8-performance-20260908.scS2Jz/sbf-matched-registry/aspis_v8_comparison_registry_sbf.so /home/dombarker/project-offloads/aspis-v8-performance-20260908.scS2Jz/sbf-complete/aspis_pair_forest_result_double.so /home/dombarker/project-offloads/aspis-v8-performance-20260908.scS2Jz/complete-withdrawal-255-v2/export-unused.json /home/dombarker/project-offloads/aspis-v8-performance-20260908.scS2Jz/complete-withdrawal-255-v2/no-proof-needed.bin success 1400000 asq8 255 withdrawal"
	User time (seconds): 0.01
	System time (seconds): 0.00
	Percent of CPU this job got: 100%
	Elapsed (wall clock) time (h:mm:ss or m:ss): 0:00.01
	Average shared text size (kbytes): 0
	Average unshared data size (kbytes): 0
	Average stack size (kbytes): 0
	Average total size (kbytes): 0
	Maximum resident set size (kbytes): 4400
	Average resident set size (kbytes): 0
	Major (requiring I/O) page faults: 0
	Minor (reclaiming a frame) page faults: 731
	Voluntary context switches: 0
	Involuntary context switches: 0
	Swaps: 0
	File system inputs: 0
	File system outputs: 24
	Socket messages sent: 0
	Socket messages received: 0
	Signals delivered: 0
	Page size (bytes): 4096
	Exit status: 0
