{"name": "pool-loader-batch-324000", "simulation_error": null, "units": 7110, "bytes": 3888}
{"name": "pool-loader-batch-320400", "simulation_error": null, "units": 7110, "bytes": 3888}
{"name": "pool-loader-batch-327600", "simulation_error": null, "units": 7110, "bytes": 3888}
{"name": "pool-loader-batch-331200", "simulation_error": null, "units": 7110, "bytes": 3888}
{"name": "pool-loader-batch-334800", "simulation_error": null, "units": 7110, "bytes": 3888}
{"name": "pool-loader-batch-338400", "simulation_error": null, "units": 7110, "bytes": 3888}
{"name": "pool-loader-batch-342000", "simulation_error": null, "units": 7110, "bytes": 3888}
{"name": "pool-loader-batch-345600", "simulation_error": null, "units": 7110, "bytes": 3888}
{"name": "pool-loader-batch-352800", "simulation_error": null, "units": 7110, "bytes": 3888}
{"name": "pool-loader-batch-349200", "simulation_error": null, "units": 7110, "bytes": 3888}
{"name": "pool-loader-batch-356400", "simulation_error": null, "units": 7110, "bytes": 3888}
{"name": "pool-loader-batch-360000", "simulation_error": null, "units": 7110, "bytes": 3888}
{"name": "pool-loader-batch-367200", "simulation_error": null, "units": 7110, "bytes": 3888}
{"name": "pool-loader-batch-363600", "simulation_error": null, "units": 7110, "bytes": 3888}
{"name": "pool-loader-batch-370800", "simulation_error": null, "units": 7110, "bytes": 3888}
{"name": "pool-loader-batch-374400", "simulation_error": null, "units": 7110, "bytes": 3888}
{"name": "pool-loader-batch-378000", "simulation_error": null, "units": 7110, "bytes": 3888}
{"name": "pool-loader-batch-381600", "simulation_error": null, "units": 7110, "bytes": 3888}
{"name": "pool-loader-batch-385200", "simulation_error": null, "units": 7110, "bytes": 3888}
{"name": "pool-loader-batch-388800", "simulation_error": null, "units": 7110, "bytes": 3888}
{"name": "pool-loader-batch-392400", "simulation_error": null, "units": 7110, "bytes": 3888}
{"name": "pool-loader-batch-396000", "simulation_error": null, "units": 7110, "bytes": 3888}
{"name": "pool-loader-batch-399600", "simulation_error": null, "units": 7110, "bytes": 3888}
{"name": "pool-loader-batch-406800", "simulation_error": null, "units": 7110, "bytes": 3888}
{"name": "pool-loader-batch-403200", "simulation_error": null, "units": 7110, "bytes": 3888}
{"name": "pool-loader-batch-410400", "simulation_error": null, "units": 7110, "bytes": 3888}
{"name": "pool-loader-batch-414000", "simulation_error": null, "units": 7110, "bytes": 3888}
{"name": "pool-loader-batch-417600", "simulation_error": null, "units": 7110, "bytes": 3888}
{"name": "pool-loader-batch-421200", "simulation_error": null, "units": 7110, "bytes": 3888}
{"name": "pool-loader-batch-424800", "simulation_error": null, "units": 7110, "bytes": 3888}
{"name": "pool-loader-batch-428400", "simulation_error": null, "units": 7110, "bytes": 3888}
{"name": "pool-loader-batch-435600", "simulation_error": null, "units": 7110, "bytes": 3888}
{"name": "pool-loader-batch-432000", "simulation_error": null, "units": 7110, "bytes": 3888}
{"name": "pool-loader-batch-439200", "simulation_error": null, "units": 7110, "bytes": 3888}
{"name": "pool-loader-batch-442800", "simulation_error": null, "units": 7110, "bytes": 3888}
{"name": "pool-loader-batch-450000", "simulation_error": null, "units": 7110, "bytes": 3888}
{"name": "pool-loader-batch-446400", "simulation_error": null, "units": 7110, "bytes": 3888}
{"name": "pool-loader-batch-453600", "simulation_error": null, "units": 7110, "bytes": 3888}
{"name": "pool-loader-batch-457200", "simulation_error": null, "units": 7110, "bytes": 3888}
{"name": "pool-loader-batch-460800", "simulation_error": null, "units": 7110, "bytes": 3888}
{"name": "pool-loader-batch-464400", "simulation_error": null, "units": 7110, "bytes": 3888}
{"name": "pool-loader-batch-468000", "simulation_error": null, "units": 7110, "bytes": 3888}
{"name": "pool-loader-batch-471600", "simulation_error": null, "units": 7110, "bytes": 3888}
{"name": "pool-loader-batch-475200", "simulation_error": null, "units": 7110, "bytes": 3888}
{"name": "pool-loader-batch-478800", "simulation_error": null, "units": 7110, "bytes": 3888}
{"name": "pool-loader-batch-482400", "simulation_error": null, "units": 7110, "bytes": 3888}
{"name": "pool-loader-batch-486000", "simulation_error": null, "units": 7110, "bytes": 3888}
{"name": "pool-loader-batch-489600", "simulation_error": null, "units": 7110, "bytes": 3888}
{"name": "pool-loader-batch-493200", "simulation_error": null, "units": 7110, "bytes": 3888}
{"name": "pool-loader-batch-496800", "simulation_error": null, "units": 7110, "bytes": 3888}
{"name": "pool-loader-batch-500400", "simulation_error": null, "units": 7110, "bytes": 3888}
{"name": "pool-loader-batch-504000", "simulation_error": null, "units": 7110, "bytes": 3888}
{"name": "pool-loader-batch-507600", "simulation_error": null, "units": 7110, "bytes": 3888}
{"name": "pool-loader-batch-511200", "simulation_error": null, "units": 7110, "bytes": 3888}
{"name": "pool-loader-batch-514800", "simulation_error": null, "units": 7110, "bytes": 3888}
{"name": "pool-loader-batch-518400", "simulation_error": null, "units": 7110, "bytes": 3888}
{"name": "pool-loader-batch-525600", "simulation_error": null, "units": 7110, "bytes": 3888}
{"name": "pool-loader-batch-522000", "simulation_error": null, "units": 7110, "bytes": 3888}
{"name": "pool-loader-batch-529200", "simulation_error": null, "units": 7110, "bytes": 3888}
{"name": "pool-loader-batch-532800", "simulation_error": null, "units": 7110, "bytes": 3888}
{"name": "pool-loader-batch-536400", "simulation_error": null, "units": 4740, "bytes": 1594}
{"name": "pool-loader-batch-320400", "signature": "NsEkDbkj1dJ2TKh9b3SFN2TZ4VaH2WUhMLvSjywu7X2xgNn3VdvA9dWfFPfnhnWTjHsTQg4KH2FRordnLxAJMBT", "slot": 495672544, "fee": 15000, "units_consumed": 7110, "declared_cu": 1200000, "wire_bytes": 3888, "explorer": "https://explorer.solana.com/tx/NsEkDbkj1dJ2TKh9b3SFN2TZ4VaH2WUhMLvSjywu7X2xgNn3VdvA9dWfFPfnhnWTjHsTQg4KH2FRordnLxAJMBT?cluster=devnet"}
{"name": "pool-loader-batch-327600", "signature": "4q6rYqEjoy7VqCUU5sxZbBJKj19dfiBYtFVVWrbnsFoH7cgw8Yoar9Lz4JxgCUHZNR5vkyAaXu63XHBnr6mM6wYY", "slot": 495672550, "fee": 15000, "units_consumed": 7110, "declared_cu": 1200000, "wire_bytes": 3888, "explorer": "https://explorer.solana.com/tx/4q6rYqEjoy7VqCUU5sxZbBJKj19dfiBYtFVVWrbnsFoH7cgw8Yoar9Lz4JxgCUHZNR5vkyAaXu63XHBnr6mM6wYY?cluster=devnet"}
{"name": "pool-loader-batch-324000", "signature": "216RaWPgWQoFjv9gsx22tEccKDsFxXSrph7n58q14otrsyPe3qZTCcebWn5s14sG4XPnxfGp4FYiUPxiRx8Bvfja", "slot": 495672537, "fee": 15000, "units_consumed": 7110, "declared_cu": 1200000, "wire_bytes": 3888, "explorer": "https://explorer.solana.com/tx/216RaWPgWQoFjv9gsx22tEccKDsFxXSrph7n58q14otrsyPe3qZTCcebWn5s14sG4XPnxfGp4FYiUPxiRx8Bvfja?cluster=devnet"}
{"name": "pool-loader-batch-331200", "signature": "3vdJpFB4mZN2fwoEbjP2YG1L6m7gAcWDxVWnaHGwNHfShymJXsieq4yZpi12F56EbYWmhmpP6mbCzbWMU7bNq2NS", "slot": 495672561, "fee": 15000, "units_consumed": 7110, "declared_cu": 1200000, "wire_bytes": 3888, "explorer": "https://explorer.solana.com/tx/3vdJpFB4mZN2fwoEbjP2YG1L6m7gAcWDxVWnaHGwNHfShymJXsieq4yZpi12F56EbYWmhmpP6mbCzbWMU7bNq2NS?cluster=devnet"}
{"name": "pool-loader-batch-334800", "signature": "4627b9JUDSTNcgYkAuybG12L3RYhh1rTNu6kZqzFP3b6znztzkMfpF6YFsQyRkRWcktp4toh7Ljk3GnCKpNkzctK", "slot": 495672572, "fee": 15000, "units_consumed": 7110, "declared_cu": 1200000, "wire_bytes": 3888, "explorer": "https://explorer.solana.com/tx/4627b9JUDSTNcgYkAuybG12L3RYhh1rTNu6kZqzFP3b6znztzkMfpF6YFsQyRkRWcktp4toh7Ljk3GnCKpNkzctK?cluster=devnet"}
{"name": "pool-loader-batch-338400", "signature": "4nriLhdZPSP5LYBtV5RZU2aaPSovb37E5F4esceUwmZfVeCj9JU7W63VLJXrzQqnoURMCnqdjE9qgv6FUqKkBH8u", "slot": 495672573, "fee": 15000, "units_consumed": 7110, "declared_cu": 1200000, "wire_bytes": 3888, "explorer": "https://explorer.solana.com/tx/4nriLhdZPSP5LYBtV5RZU2aaPSovb37E5F4esceUwmZfVeCj9JU7W63VLJXrzQqnoURMCnqdjE9qgv6FUqKkBH8u?cluster=devnet"}
{"name": "pool-loader-batch-342000", "signature": "5Pd9f38adb6wSMAQBDRTuvuatXJoNdb6snuUPy2y9w6yVoAmiVFB17B1WEheDjMVtJnWo2PFnyE1WC1pY6Kq7dcK", "slot": 495672585, "fee": 15000, "units_consumed": 7110, "declared_cu": 1200000, "wire_bytes": 3888, "explorer": "https://explorer.solana.com/tx/5Pd9f38adb6wSMAQBDRTuvuatXJoNdb6snuUPy2y9w6yVoAmiVFB17B1WEheDjMVtJnWo2PFnyE1WC1pY6Kq7dcK?cluster=devnet"}
{"name": "pool-loader-batch-345600", "signature": "3KgkBjRVDwgReH5VTDbyjxHHBke97bhSvnWHDquNKkv3WryXuzpekfdUXq684N8F1bP1euqdoVnbMhzJ28sPvXp6", "slot": 495672587, "fee": 15000, "units_consumed": 7110, "declared_cu": 1200000, "wire_bytes": 3888, "explorer": "https://explorer.solana.com/tx/3KgkBjRVDwgReH5VTDbyjxHHBke97bhSvnWHDquNKkv3WryXuzpekfdUXq684N8F1bP1euqdoVnbMhzJ28sPvXp6?cluster=devnet"}
{"name": "pool-loader-batch-349200", "signature": "jdp8zTLrk4MEf5Gt9VSFJY9VQneUjfL4H88MdnS37qTy9i8EzEMi1GAZj5NBT37HkjdeUGxuDrotujMYjTm4fdB", "slot": 495672602, "fee": 15000, "units_consumed": 7110, "declared_cu": 1200000, "wire_bytes": 3888, "explorer": "https://explorer.solana.com/tx/jdp8zTLrk4MEf5Gt9VSFJY9VQneUjfL4H88MdnS37qTy9i8EzEMi1GAZj5NBT37HkjdeUGxuDrotujMYjTm4fdB?cluster=devnet"}
{"name": "pool-loader-batch-352800", "signature": "46nLickUR4GSwqXS82Yf6TJjpp47undXvR3wYhaBLMXH3FYYsKMspGXT7nVLDUecgLsqgGdcwyLqEAVxC8Bbbi6y", "slot": 495672595, "fee": 15000, "units_consumed": 7110, "declared_cu": 1200000, "wire_bytes": 3888, "explorer": "https://explorer.solana.com/tx/46nLickUR4GSwqXS82Yf6TJjpp47undXvR3wYhaBLMXH3FYYsKMspGXT7nVLDUecgLsqgGdcwyLqEAVxC8Bbbi6y?cluster=devnet"}
{"name": "pool-loader-batch-356400", "signature": "5wAG5Yczefz1KBP8sN3XK23jxDR9jfnmobXccqE7c4GmqhBH39Xa3kWdVcxkZBBBe8VJADQptuwZixKGkKLkV3X9", "slot": 495672615, "fee": 15000, "units_consumed": 7110, "declared_cu": 1200000, "wire_bytes": 3888, "explorer": "https://explorer.solana.com/tx/5wAG5Yczefz1KBP8sN3XK23jxDR9jfnmobXccqE7c4GmqhBH39Xa3kWdVcxkZBBBe8VJADQptuwZixKGkKLkV3X9?cluster=devnet"}
{"name": "pool-loader-batch-363600", "signature": "42QnSfVvUeHGPkUjda5vWGKq3wYh5DHWFxSDo6yunBADKZgWXb1E1erMSh5RYz3kBMpe6UUr9qLxFUiZLoahiq4D", "slot": 495672634, "fee": 15000, "units_consumed": 7110, "declared_cu": 1200000, "wire_bytes": 3888, "explorer": "https://explorer.solana.com/tx/42QnSfVvUeHGPkUjda5vWGKq3wYh5DHWFxSDo6yunBADKZgWXb1E1erMSh5RYz3kBMpe6UUr9qLxFUiZLoahiq4D?cluster=devnet"}
{"name": "pool-loader-batch-360000", "signature": "5BT9oqa8pCfXyMgkAY5Kkme4sDaSTgaxs5VFnutTUhcMoWtaNQysQQwQhYPmxT4a8rHRvvXnRDguMVLuvTvs6V1N", "slot": 495672616, "fee": 15000, "units_consumed": 7110, "declared_cu": 1200000, "wire_bytes": 3888, "explorer": "https://explorer.solana.com/tx/5BT9oqa8pCfXyMgkAY5Kkme4sDaSTgaxs5VFnutTUhcMoWtaNQysQQwQhYPmxT4a8rHRvvXnRDguMVLuvTvs6V1N?cluster=devnet"}
{"name": "pool-loader-batch-367200", "signature": "7RbyzFaXuZCpKZnKSqss5UWbtxdgCwVBLMMMrughJzTs1VU3TTyf5epBkXMwKyZKYMygFjEyoQSxf7zLZsVmzH4", "slot": 495672634, "fee": 15000, "units_consumed": 7110, "declared_cu": 1200000, "wire_bytes": 3888, "explorer": "https://explorer.solana.com/tx/7RbyzFaXuZCpKZnKSqss5UWbtxdgCwVBLMMMrughJzTs1VU3TTyf5epBkXMwKyZKYMygFjEyoQSxf7zLZsVmzH4?cluster=devnet"}
{"name": "pool-loader-batch-370800", "signature": "4Ze5oTiW5CCR9F1NVmRB98vkAD9njfd72pJrqEak6rmyM9nac7s6GABbaPtqD7NsbFRAH39GSLuXbtgCAbwRQ9mP", "slot": 495672650, "fee": 15000, "units_consumed": 7110, "declared_cu": 1200000, "wire_bytes": 3888, "explorer": "https://explorer.solana.com/tx/4Ze5oTiW5CCR9F1NVmRB98vkAD9njfd72pJrqEak6rmyM9nac7s6GABbaPtqD7NsbFRAH39GSLuXbtgCAbwRQ9mP?cluster=devnet"}
{"name": "pool-loader-batch-374400", "signature": "4ftHf5tPThYEhoMiHRZyAeUkLmMZELXDTvPqCsBPd81o9s1LGqRmgd6guvXHSX5bXzgfFLpdaLDuomUWNxshDB4L", "slot": 495672649, "fee": 15000, "units_consumed": 7110, "declared_cu": 1200000, "wire_bytes": 3888, "explorer": "https://explorer.solana.com/tx/4ftHf5tPThYEhoMiHRZyAeUkLmMZELXDTvPqCsBPd81o9s1LGqRmgd6guvXHSX5bXzgfFLpdaLDuomUWNxshDB4L?cluster=devnet"}
{"name": "pool-loader-batch-378000", "signature": "w7LSn7BLhKDcBWhpLXszRii8RpFo6WX6bnDezJGQF8Qy1MVun2EpvTS49Cnp7VDGdtF1nWjb1WWoAMigksxmtmS", "slot": 495672667, "fee": 15000, "units_consumed": 7110, "declared_cu": 1200000, "wire_bytes": 3888, "explorer": "https://explorer.solana.com/tx/w7LSn7BLhKDcBWhpLXszRii8RpFo6WX6bnDezJGQF8Qy1MVun2EpvTS49Cnp7VDGdtF1nWjb1WWoAMigksxmtmS?cluster=devnet"}
{"name": "pool-loader-batch-381600", "signature": "2wgsFKnHZy71qJrnxPz8czmNVv1PS4XByDhhrHg2o4habqg4HELjuDYVxwqewGnZCTy8c3s3PAPs1V5mvxtBS77h", "slot": 495672667, "fee": 15000, "units_consumed": 7110, "declared_cu": 1200000, "wire_bytes": 3888, "explorer": "https://explorer.solana.com/tx/2wgsFKnHZy71qJrnxPz8czmNVv1PS4XByDhhrHg2o4habqg4HELjuDYVxwqewGnZCTy8c3s3PAPs1V5mvxtBS77h?cluster=devnet"}
{"name": "pool-loader-batch-385200", "signature": "5hdQxkzmnEMzg9ZDD4FGbPro9ui6AMTrM3FT7b55dpzFcue4rYBjPjkbY12VUdgZEequXnuabDbYtDf253wxyA2X", "slot": 495672677, "fee": 15000, "units_consumed": 7110, "declared_cu": 1200000, "wire_bytes": 3888, "explorer": "https://explorer.solana.com/tx/5hdQxkzmnEMzg9ZDD4FGbPro9ui6AMTrM3FT7b55dpzFcue4rYBjPjkbY12VUdgZEequXnuabDbYtDf253wxyA2X?cluster=devnet"}
{"name": "pool-loader-batch-388800", "signature": "21rETq2xLWDyyctJhTEqFaJtDSSwJDgo2GAe6abpDGpU7coi5QPBsT5oWKbQuUeN1ixav3b57FR6BbfRjezymEug", "slot": 495672686, "fee": 15000, "units_consumed": 7110, "declared_cu": 1200000, "wire_bytes": 3888, "explorer": "https://explorer.solana.com/tx/21rETq2xLWDyyctJhTEqFaJtDSSwJDgo2GAe6abpDGpU7coi5QPBsT5oWKbQuUeN1ixav3b57FR6BbfRjezymEug?cluster=devnet"}
{"name": "pool-loader-batch-392400", "signature": "5geQYdvfggFyL52duNvokewkhXEmTvH9A6FHCFo2F6epqRutt4f3Bd3eJurv3JSqPmegwZnGyKpomf1HnfuUWnkw", "slot": 495672687, "fee": 15000, "units_consumed": 7110, "declared_cu": 1200000, "wire_bytes": 3888, "explorer": "https://explorer.solana.com/tx/5geQYdvfggFyL52duNvokewkhXEmTvH9A6FHCFo2F6epqRutt4f3Bd3eJurv3JSqPmegwZnGyKpomf1HnfuUWnkw?cluster=devnet"}
{"name": "pool-loader-batch-399600", "signature": "a8LNyvFtvHqZZAMer39nsYX616sNGP9zFFhRn2aoEQcfXBTUuCoWefN6UG8yeWFCCFbCm6Ppt9aKGY1Xqp7jE9S", "slot": 495672701, "fee": 15000, "units_consumed": 7110, "declared_cu": 1200000, "wire_bytes": 3888, "explorer": "https://explorer.solana.com/tx/a8LNyvFtvHqZZAMer39nsYX616sNGP9zFFhRn2aoEQcfXBTUuCoWefN6UG8yeWFCCFbCm6Ppt9aKGY1Xqp7jE9S?cluster=devnet"}
{"name": "pool-loader-batch-396000", "signature": "3u97PcKFoxp7uKE159FS3tiQXm1CuNmL23L8SNR2k9kmVjaNnbMD6g92NL663CCmsbvyxv4hq6uDsBAR9WSaqmLQ", "slot": 495672697, "fee": 15000, "units_consumed": 7110, "declared_cu": 1200000, "wire_bytes": 3888, "explorer": "https://explorer.solana.com/tx/3u97PcKFoxp7uKE159FS3tiQXm1CuNmL23L8SNR2k9kmVjaNnbMD6g92NL663CCmsbvyxv4hq6uDsBAR9WSaqmLQ?cluster=devnet"}
{"name": "pool-loader-batch-403200", "signature": "5nYdLFQpLumK82VcQQQmS3uj9GuV2SHc5SeVHmHRbXBVoew1gsi2ZmAHXCvnVRj71cVUkrWCT8ejCq8yvB7ri75K", "slot": 495672719, "fee": 15000, "units_consumed": 7110, "declared_cu": 1200000, "wire_bytes": 3888, "explorer": "https://explorer.solana.com/tx/5nYdLFQpLumK82VcQQQmS3uj9GuV2SHc5SeVHmHRbXBVoew1gsi2ZmAHXCvnVRj71cVUkrWCT8ejCq8yvB7ri75K?cluster=devnet"}
{"name": "pool-loader-batch-406800", "signature": "5phbPeEFQJ3HxtS17R5MBtFRhaHyL6JCXNTWDFbZc9B7WjFVVw2DWcakYPUfYBBoE9z5WTV4DyLJ6XuXYKi5XC9M", "slot": 495672711, "fee": 15000, "units_consumed": 7110, "declared_cu": 1200000, "wire_bytes": 3888, "explorer": "https://explorer.solana.com/tx/5phbPeEFQJ3HxtS17R5MBtFRhaHyL6JCXNTWDFbZc9B7WjFVVw2DWcakYPUfYBBoE9z5WTV4DyLJ6XuXYKi5XC9M?cluster=devnet"}
{"name": "pool-loader-batch-410400", "signature": "5g7kVu86MvPC1MqsjD6DNEupPZ6L8LfamYJpv1cedS3fBH6N9nui2TMjcZ6ysivoDFJcsAc1RzuYnNgihNRKAxVd", "slot": 495672729, "fee": 15000, "units_consumed": 7110, "declared_cu": 1200000, "wire_bytes": 3888, "explorer": "https://explorer.solana.com/tx/5g7kVu86MvPC1MqsjD6DNEupPZ6L8LfamYJpv1cedS3fBH6N9nui2TMjcZ6ysivoDFJcsAc1RzuYnNgihNRKAxVd?cluster=devnet"}
{"name": "pool-loader-batch-414000", "signature": "3qPqud8aRerDrVggrXQmRFRTNKDRshBVSn8DwTe1e3ov3wetEToJRu4LcryKcYJL9LxzmbhqW1qBfuZYUJjoUvsk", "slot": 495672731, "fee": 15000, "units_consumed": 7110, "declared_cu": 1200000, "wire_bytes": 3888, "explorer": "https://explorer.solana.com/tx/3qPqud8aRerDrVggrXQmRFRTNKDRshBVSn8DwTe1e3ov3wetEToJRu4LcryKcYJL9LxzmbhqW1qBfuZYUJjoUvsk?cluster=devnet"}
{"name": "pool-loader-batch-417600", "signature": "2BVuBN6HS1xx69aAsG9BSQVe2cWzXgAcfpJmzXBH5DBebWRbkdp7rn9YYBAVkBWrUYpNN7JVj2s5PdsJCXvhrbqQ", "slot": 495672744, "fee": 15000, "units_consumed": 7110, "declared_cu": 1200000, "wire_bytes": 3888, "explorer": "https://explorer.solana.com/tx/2BVuBN6HS1xx69aAsG9BSQVe2cWzXgAcfpJmzXBH5DBebWRbkdp7rn9YYBAVkBWrUYpNN7JVj2s5PdsJCXvhrbqQ?cluster=devnet"}
{"name": "pool-loader-batch-421200", "signature": "48PY8aJLKTV9rhAfSmwMepHCtPieUm8XAoipMvchAc8cmtxPHwqJcs1StzD5eYvQ7MLusPc7VCtvoEkdBo21wmrs", "slot": 495672747, "fee": 15000, "units_consumed": 7110, "declared_cu": 1200000, "wire_bytes": 3888, "explorer": "https://explorer.solana.com/tx/48PY8aJLKTV9rhAfSmwMepHCtPieUm8XAoipMvchAc8cmtxPHwqJcs1StzD5eYvQ7MLusPc7VCtvoEkdBo21wmrs?cluster=devnet"}
{"name": "pool-loader-batch-424800", "signature": "5ubNMjf5Cb7Ub9BWKGJYteWkPsEseVqpf1k64QoYAXS6iwmoLtpzqKn5Ym2ShtrHbbLFTtHUeGWkTrAWkECNBDkN", "slot": 495672756, "fee": 15000, "units_consumed": 7110, "declared_cu": 1200000, "wire_bytes": 3888, "explorer": "https://explorer.solana.com/tx/5ubNMjf5Cb7Ub9BWKGJYteWkPsEseVqpf1k64QoYAXS6iwmoLtpzqKn5Ym2ShtrHbbLFTtHUeGWkTrAWkECNBDkN?cluster=devnet"}
{"name": "pool-loader-batch-428400", "signature": "3YxabVdvdcdhmiZ6MQbxbmfgPsU6qLocWXjq3YJ26SjQ9xepWE6DnEFA6kSQ46xCN9BtNgWJQNZR8RDcifWaARvE", "slot": 495672761, "fee": 15000, "units_consumed": 7110, "declared_cu": 1200000, "wire_bytes": 3888, "explorer": "https://explorer.solana.com/tx/3YxabVdvdcdhmiZ6MQbxbmfgPsU6qLocWXjq3YJ26SjQ9xepWE6DnEFA6kSQ46xCN9BtNgWJQNZR8RDcifWaARvE?cluster=devnet"}
{"name": "pool-loader-batch-432000", "signature": "25k4E9Zz8VYBzBaoQc7M3M7fHXGJ42x5UL8i6TePcPqBtUntYmMkmWUdKKvn4GhnmNcH2CX4XD3Qm3B52F6adEdy", "slot": 495672773, "fee": 15000, "units_consumed": 7110, "declared_cu": 1200000, "wire_bytes": 3888, "explorer": "https://explorer.solana.com/tx/25k4E9Zz8VYBzBaoQc7M3M7fHXGJ42x5UL8i6TePcPqBtUntYmMkmWUdKKvn4GhnmNcH2CX4XD3Qm3B52F6adEdy?cluster=devnet"}
{"name": "pool-loader-batch-435600", "signature": "41FvUSAaKhaZE4rZaFYKaMKSzyutD4Pt47PJywxSkzyFVhs4gDxnpvUP4yFMGQsUJcxwrVdGX3emSeDh876tirsV", "slot": 495672771, "fee": 15000, "units_consumed": 7110, "declared_cu": 1200000, "wire_bytes": 3888, "explorer": "https://explorer.solana.com/tx/41FvUSAaKhaZE4rZaFYKaMKSzyutD4Pt47PJywxSkzyFVhs4gDxnpvUP4yFMGQsUJcxwrVdGX3emSeDh876tirsV?cluster=devnet"}
{"name": "pool-loader-batch-439200", "signature": "3tZM5vVDzgPLUaJhxtCQQiu4VDEtw1L9r9rhDv6T8kH3GTLq4vfaGmkJrM72pnpC1HaqjqE2ryXNoTM9sPDmJSAL", "slot": 495672788, "fee": 15000, "units_consumed": 7110, "declared_cu": 1200000, "wire_bytes": 3888, "explorer": "https://explorer.solana.com/tx/3tZM5vVDzgPLUaJhxtCQQiu4VDEtw1L9r9rhDv6T8kH3GTLq4vfaGmkJrM72pnpC1HaqjqE2ryXNoTM9sPDmJSAL?cluster=devnet"}
{"name": "pool-loader-batch-442800", "signature": "XVWiSNxAjHKdbWqrcaK1yuC4v9DxoCdH2epEEkj93R4dSxVBiWJomRgvcrWBAMYweUBS95aicsmWPDrpo6huxed", "slot": 495672788, "fee": 15000, "units_consumed": 7110, "declared_cu": 1200000, "wire_bytes": 3888, "explorer": "https://explorer.solana.com/tx/XVWiSNxAjHKdbWqrcaK1yuC4v9DxoCdH2epEEkj93R4dSxVBiWJomRgvcrWBAMYweUBS95aicsmWPDrpo6huxed?cluster=devnet"}
{"name": "pool-loader-batch-446400", "signature": "25hF1UQGzKv9q8rir3nBeZUaKLbrqg3CjwozWwzj3S1aEZupxLT8yd2hYZ3Jtcj14e6xhZi9rDKpvtEjC27kxgSQ", "slot": 495672813, "fee": 15000, "units_consumed": 7110, "declared_cu": 1200000, "wire_bytes": 3888, "explorer": "https://explorer.solana.com/tx/25hF1UQGzKv9q8rir3nBeZUaKLbrqg3CjwozWwzj3S1aEZupxLT8yd2hYZ3Jtcj14e6xhZi9rDKpvtEjC27kxgSQ?cluster=devnet"}
{"name": "pool-loader-batch-450000", "signature": "Y4H8YXJQqifeJ8cY2ymV25bTXEDEHAtjac6Rz7m9G1UWjAmjkGaD4FfTVBui3pyEZGq2KDJkU1Yuv8BkFDtNhsb", "slot": 495672800, "fee": 15000, "units_consumed": 7110, "declared_cu": 1200000, "wire_bytes": 3888, "explorer": "https://explorer.solana.com/tx/Y4H8YXJQqifeJ8cY2ymV25bTXEDEHAtjac6Rz7m9G1UWjAmjkGaD4FfTVBui3pyEZGq2KDJkU1Yuv8BkFDtNhsb?cluster=devnet"}
{"name": "pool-loader-batch-453600", "signature": "3fgmWS6SUucrAkZjnpuNCms5sfHA2gEoFBgPVFDXvxD5NYPq2vF7X9QpVLeDcf8LkFBfxFKEPMyGd4xSMajZG1dA", "slot": 495672812, "fee": 15000, "units_consumed": 7110, "declared_cu": 1200000, "wire_bytes": 3888, "explorer": "https://explorer.solana.com/tx/3fgmWS6SUucrAkZjnpuNCms5sfHA2gEoFBgPVFDXvxD5NYPq2vF7X9QpVLeDcf8LkFBfxFKEPMyGd4xSMajZG1dA?cluster=devnet"}
{"name": "pool-loader-batch-457200", "signature": "43i6tW6QeCtoyimMyz8PFNN8KQL7bFY5kdbXpHJ48wicQJdfrgc7NXkmUTQsyQyoj6jEBrdRN3PjroSTEBFNhPxm", "slot": 495672821, "fee": 15000, "units_consumed": 7110, "declared_cu": 1200000, "wire_bytes": 3888, "explorer": "https://explorer.solana.com/tx/43i6tW6QeCtoyimMyz8PFNN8KQL7bFY5kdbXpHJ48wicQJdfrgc7NXkmUTQsyQyoj6jEBrdRN3PjroSTEBFNhPxm?cluster=devnet"}
{"name": "pool-loader-batch-460800", "signature": "57H5qEinA6fZcj1jF7yMqEkZXHviJhooMrngFQ4SeXLqRwZeDV3Z6va75jwVEhMDWgA7bUYyoFbtEvJd3B8jWzkx", "slot": 495672828, "fee": 15000, "units_consumed": 7110, "declared_cu": 1200000, "wire_bytes": 3888, "explorer": "https://explorer.solana.com/tx/57H5qEinA6fZcj1jF7yMqEkZXHviJhooMrngFQ4SeXLqRwZeDV3Z6va75jwVEhMDWgA7bUYyoFbtEvJd3B8jWzkx?cluster=devnet"}
{"name": "pool-loader-batch-464400", "signature": "2EPwyYpnUWbjQmmNuJqHUTM5tMQ6mG1oKLouTsXB4JMxLdovK7okY8KW3Sc4F3xVtrsM6ouyzML212KbV3RR26d2", "slot": 495672837, "fee": 15000, "units_consumed": 7110, "declared_cu": 1200000, "wire_bytes": 3888, "explorer": "https://explorer.solana.com/tx/2EPwyYpnUWbjQmmNuJqHUTM5tMQ6mG1oKLouTsXB4JMxLdovK7okY8KW3Sc4F3xVtrsM6ouyzML212KbV3RR26d2?cluster=devnet"}
{"name": "pool-loader-batch-468000", "signature": "5m1BwxiehMAQm8uNCsg6PQg2FicyF6YfjDbHfut9WxgzMDDNVtq9GwNUExjpJMR4eafzFjcr6knyrg3YtdYiNWht", "slot": 495672844, "fee": 15000, "units_consumed": 7110, "declared_cu": 1200000, "wire_bytes": 3888, "explorer": "https://explorer.solana.com/tx/5m1BwxiehMAQm8uNCsg6PQg2FicyF6YfjDbHfut9WxgzMDDNVtq9GwNUExjpJMR4eafzFjcr6knyrg3YtdYiNWht?cluster=devnet"}
{"name": "pool-loader-batch-475200", "signature": "35seRdJX6oZUMjphE1d16c39Ap7wbdUGLfN2G8PEgfWtiQyEkuhjjDKmpQGKy4d9xgwxieMYVD5f1cAaggtw29As", "slot": 495672855, "fee": 15000, "units_consumed": 7110, "declared_cu": 1200000, "wire_bytes": 3888, "explorer": "https://explorer.solana.com/tx/35seRdJX6oZUMjphE1d16c39Ap7wbdUGLfN2G8PEgfWtiQyEkuhjjDKmpQGKy4d9xgwxieMYVD5f1cAaggtw29As?cluster=devnet"}
{"name": "pool-loader-batch-471600", "signature": "3MrPJvCDHBhPfiBjrGKDtjdHh9gYu3PRXGNJsjiCKnR6AApXFLuLfVqt9D2GuijwejeHRu1URM4JEqQHJiwsywch", "slot": 495672850, "fee": 15000, "units_consumed": 7110, "declared_cu": 1200000, "wire_bytes": 3888, "explorer": "https://explorer.solana.com/tx/3MrPJvCDHBhPfiBjrGKDtjdHh9gYu3PRXGNJsjiCKnR6AApXFLuLfVqt9D2GuijwejeHRu1URM4JEqQHJiwsywch?cluster=devnet"}
{"name": "pool-loader-batch-478800", "signature": "3egJ4uk5txEkeEJoh3AKa6E1nFr2mUezYSWAhFycfSj1aHhmfqfgZWM9o5A7FHZD4ZYDzA6gZhbcExPz8V73JGkh", "slot": 495672866, "fee": 15000, "units_consumed": 7110, "declared_cu": 1200000, "wire_bytes": 3888, "explorer": "https://explorer.solana.com/tx/3egJ4uk5txEkeEJoh3AKa6E1nFr2mUezYSWAhFycfSj1aHhmfqfgZWM9o5A7FHZD4ZYDzA6gZhbcExPz8V73JGkh?cluster=devnet"}
{"name": "pool-loader-batch-482400", "signature": "66fgDLrDoHhyvXpWMo6piUXdDBQR7zXWq8qUgxWqma9vVyYHTz8niNiKmNBf9qMttmqrp6viekA48fD9oRKLpbBv", "slot": 495672871, "fee": 15000, "units_consumed": 7110, "declared_cu": 1200000, "wire_bytes": 3888, "explorer": "https://explorer.solana.com/tx/66fgDLrDoHhyvXpWMo6piUXdDBQR7zXWq8qUgxWqma9vVyYHTz8niNiKmNBf9qMttmqrp6viekA48fD9oRKLpbBv?cluster=devnet"}
{"name": "pool-loader-batch-486000", "signature": "2XZAj8ZbaV9VnhL6M4B65zHRtej4J5xhTDE9zfrSK4XTqwetLzrAN7zGcGyxtXjYQrpCmbs2kAQRJmcRNwbF7kug", "slot": 495672882, "fee": 15000, "units_consumed": 7110, "declared_cu": 1200000, "wire_bytes": 3888, "explorer": "https://explorer.solana.com/tx/2XZAj8ZbaV9VnhL6M4B65zHRtej4J5xhTDE9zfrSK4XTqwetLzrAN7zGcGyxtXjYQrpCmbs2kAQRJmcRNwbF7kug?cluster=devnet"}
{"name": "pool-loader-batch-489600", "signature": "5QqQqoV19WZTifokHHAJVRAWVzDntAyFyPg1vGgCZAwbQfHSPiw3R4NUAj6ks4ivDZtJfCJGfW9mLCRwPWTX4pjD", "slot": 495672890, "fee": 15000, "units_consumed": 7110, "declared_cu": 1200000, "wire_bytes": 3888, "explorer": "https://explorer.solana.com/tx/5QqQqoV19WZTifokHHAJVRAWVzDntAyFyPg1vGgCZAwbQfHSPiw3R4NUAj6ks4ivDZtJfCJGfW9mLCRwPWTX4pjD?cluster=devnet"}
{"name": "pool-loader-batch-493200", "signature": "5pbFRwqKHPpenMTkrb2yZ9BFQgJ2A9MHFyFnDhAvoxqX5aaBsqrBKgFQ4BpMCjNLpxxskXMbdJ8bwXCacX8SWpgQ", "slot": 495672895, "fee": 15000, "units_consumed": 7110, "declared_cu": 1200000, "wire_bytes": 3888, "explorer": "https://explorer.solana.com/tx/5pbFRwqKHPpenMTkrb2yZ9BFQgJ2A9MHFyFnDhAvoxqX5aaBsqrBKgFQ4BpMCjNLpxxskXMbdJ8bwXCacX8SWpgQ?cluster=devnet"}
{"name": "pool-loader-batch-496800", "signature": "4n3aMkDw2rShoVN3CRx3vrwDbM5Rf8A46E9f9Cnb6vJhs6EdSXh94cUHuXmFeDPvLVcGxrhmykMdBR7XKXc82X9E", "slot": 495672899, "fee": 15000, "units_consumed": 7110, "declared_cu": 1200000, "wire_bytes": 3888, "explorer": "https://explorer.solana.com/tx/4n3aMkDw2rShoVN3CRx3vrwDbM5Rf8A46E9f9Cnb6vJhs6EdSXh94cUHuXmFeDPvLVcGxrhmykMdBR7XKXc82X9E?cluster=devnet"}
{"name": "pool-loader-batch-500400", "signature": "2ZFVgLWbXRDx4qY4rrJMmwuqGKkxhWnqsHp1oE3F7SR7LWZR2NjAfqT2m2bAqjifaoMWgDsLdcoTzo7XTqUe84nW", "slot": 495672912, "fee": 15000, "units_consumed": 7110, "declared_cu": 1200000, "wire_bytes": 3888, "explorer": "https://explorer.solana.com/tx/2ZFVgLWbXRDx4qY4rrJMmwuqGKkxhWnqsHp1oE3F7SR7LWZR2NjAfqT2m2bAqjifaoMWgDsLdcoTzo7XTqUe84nW?cluster=devnet"}
{"name": "pool-loader-batch-504000", "signature": "c1oZLE2amrjxXjCzbgoDtk6rLxCZ5rcLGJtvbHXWqFNdUqxKvbWCQctzPZaJ9PAN3bVFxdrP1Sc9QbXNA3qqnQ3", "slot": 495672916, "fee": 15000, "units_consumed": 7110, "declared_cu": 1200000, "wire_bytes": 3888, "explorer": "https://explorer.solana.com/tx/c1oZLE2amrjxXjCzbgoDtk6rLxCZ5rcLGJtvbHXWqFNdUqxKvbWCQctzPZaJ9PAN3bVFxdrP1Sc9QbXNA3qqnQ3?cluster=devnet"}
{"name": "pool-loader-batch-507600", "signature": "4iSfCXBJPThR9Rd7poKDiDi7TDpTqRcD8gtoKjNuwPtQZgT522RNNpwqpiWNzEoejL6DFz7UvadsphaiMpPV9pui", "slot": 495672935, "fee": 15000, "units_consumed": 7110, "declared_cu": 1200000, "wire_bytes": 3888, "explorer": "https://explorer.solana.com/tx/4iSfCXBJPThR9Rd7poKDiDi7TDpTqRcD8gtoKjNuwPtQZgT522RNNpwqpiWNzEoejL6DFz7UvadsphaiMpPV9pui?cluster=devnet"}
{"name": "pool-loader-batch-511200", "signature": "NrAn9AfeUtjkMEDV4XhoYCpK2ZGercsoV6mYKCBkhNyx2Kcc4YGqZtcs8jiz51rJp3mrUq5nxqcboc5VJ4xbBk7", "slot": 495672943, "fee": 15000, "units_consumed": 7110, "declared_cu": 1200000, "wire_bytes": 3888, "explorer": "https://explorer.solana.com/tx/NrAn9AfeUtjkMEDV4XhoYCpK2ZGercsoV6mYKCBkhNyx2Kcc4YGqZtcs8jiz51rJp3mrUq5nxqcboc5VJ4xbBk7?cluster=devnet"}
{"name": "pool-loader-batch-514800", "signature": "59sD39srM4BgD1aPt6gZLDgdY8EY5e4iCq7pkP5CS6UGHemjfuYjbcashAqHx4ybPfsPxqfLdRy1N8LtPhUfcHTt", "slot": 495672968, "fee": 15000, "units_consumed": 7110, "declared_cu": 1200000, "wire_bytes": 3888, "explorer": "https://explorer.solana.com/tx/59sD39srM4BgD1aPt6gZLDgdY8EY5e4iCq7pkP5CS6UGHemjfuYjbcashAqHx4ybPfsPxqfLdRy1N8LtPhUfcHTt?cluster=devnet"}
{"name": "pool-loader-batch-518400", "signature": "39hPZXWQmu38NC7w6Ubbz3mwqtefXLV6QkmWzgBoBtLq6EmmbYseeuvDpLK2umrMwDXPjQst1JadxPswnP7pJWjR", "slot": 495672972, "fee": 15000, "units_consumed": 7110, "declared_cu": 1200000, "wire_bytes": 3888, "explorer": "https://explorer.solana.com/tx/39hPZXWQmu38NC7w6Ubbz3mwqtefXLV6QkmWzgBoBtLq6EmmbYseeuvDpLK2umrMwDXPjQst1JadxPswnP7pJWjR?cluster=devnet"}
{"name": "pool-loader-batch-522000", "signature": "5GsH2Uu5wT68VmPXSMcpKvtrYvZKDWp6TzwzKaaKhN6Zuokmd53KSz4pTwfFgT7RQP9ZB6LFe4sE9Gsw5PURZdYQ", "slot": 495672994, "fee": 15000, "units_consumed": 7110, "declared_cu": 1200000, "wire_bytes": 3888, "explorer": "https://explorer.solana.com/tx/5GsH2Uu5wT68VmPXSMcpKvtrYvZKDWp6TzwzKaaKhN6Zuokmd53KSz4pTwfFgT7RQP9ZB6LFe4sE9Gsw5PURZdYQ?cluster=devnet"}
{"name": "pool-loader-batch-525600", "signature": "5RPftpe39G98RAHyVNZTgCevQVrk55Q8fDiiV4wzrbiHAMPiUnvzhYsLrsFQvFSVUz8cyizujuxth3h62NLWozZW", "slot": 495672991, "fee": 15000, "units_consumed": 7110, "declared_cu": 1200000, "wire_bytes": 3888, "explorer": "https://explorer.solana.com/tx/5RPftpe39G98RAHyVNZTgCevQVrk55Q8fDiiV4wzrbiHAMPiUnvzhYsLrsFQvFSVUz8cyizujuxth3h62NLWozZW?cluster=devnet"}
{"name": "pool-loader-batch-529200", "signature": "5dVDki8x877iqzMiTRvvEcoFMUDtFiiELjGUyCEmmarL7hxGiyfVL6FoTKVWVL4vpnKn9Er5gn2eqHWB5afnaQuK", "slot": 495673016, "fee": 15000, "units_consumed": 7110, "declared_cu": 1200000, "wire_bytes": 3888, "explorer": "https://explorer.solana.com/tx/5dVDki8x877iqzMiTRvvEcoFMUDtFiiELjGUyCEmmarL7hxGiyfVL6FoTKVWVL4vpnKn9Er5gn2eqHWB5afnaQuK?cluster=devnet"}
{"name": "pool-loader-batch-532800", "signature": "3DKiyzd1FxFQNV6MZQrr1c1dXT8Tfk2GPY3gtRmY9cz9bLGum99aNcA24ej6eLg7XPpNUcwebEwKpTiiZ6ZLJ5LJ", "slot": 495673019, "fee": 15000, "units_consumed": 7110, "declared_cu": 1200000, "wire_bytes": 3888, "explorer": "https://explorer.solana.com/tx/3DKiyzd1FxFQNV6MZQrr1c1dXT8Tfk2GPY3gtRmY9cz9bLGum99aNcA24ej6eLg7XPpNUcwebEwKpTiiZ6ZLJ5LJ?cluster=devnet"}
{"name": "pool-loader-batch-10800", "signature": "5RKhzYeyn5KVVZG6C8vj7pUuxkpwkdXc1KLCL6trtk8ALPAfxekLTu39K8G6h9iXqmWyfCsgdUVfFDr5VRPHMgMj", "slot": 495670687, "fee": 15000, "units_consumed": 7110, "declared_cu": 1200000, "wire_bytes": 3888, "explorer": "https://explorer.solana.com/tx/5RKhzYeyn5KVVZG6C8vj7pUuxkpwkdXc1KLCL6trtk8ALPAfxekLTu39K8G6h9iXqmWyfCsgdUVfFDr5VRPHMgMj?cluster=devnet"}
{"name": "pool-loader-batch-208800", "signature": "4jnxexgsE1Cuq34URdv33idt1Qut4wAaZckBaPXymVwTXcbvygq4WiGazSAy7Gu3gbNmrEWC8zYPkag5XqaJxaAJ", "slot": 495671281, "fee": 15000, "units_consumed": 7110, "declared_cu": 1200000, "wire_bytes": 3888, "explorer": "https://explorer.solana.com/tx/4jnxexgsE1Cuq34URdv33idt1Qut4wAaZckBaPXymVwTXcbvygq4WiGazSAy7Gu3gbNmrEWC8zYPkag5XqaJxaAJ?cluster=devnet"}
{"name": "pool-loader-batch-259200", "signature": "4kxAXMVyEKVYkgcYTXmLJGWRJWSE3pNiWeLNmdMDC4Z2R7NmZ4LT7nkcceHhK7r1dGQWeb5wdyDGHhT5upS3cFYJ", "slot": 495671414, "fee": 15000, "units_consumed": 7110, "declared_cu": 1200000, "wire_bytes": 3888, "explorer": "https://explorer.solana.com/tx/4kxAXMVyEKVYkgcYTXmLJGWRJWSE3pNiWeLNmdMDC4Z2R7NmZ4LT7nkcceHhK7r1dGQWeb5wdyDGHhT5upS3cFYJ?cluster=devnet"}
{"name": "pool-loader-batch-536400", "signature": "WxMDXZaQk6ddgVcPwXZ5AEytY2UDYNQnVoa8tSdWfoQzvnZjfLZugwVyCSGF1vt4Zwam3iCz5AqkcHnfW5BP5pA", "slot": 495673036, "fee": 15000, "units_consumed": 4740, "declared_cu": 1200000, "wire_bytes": 1594, "explorer": "https://explorer.solana.com/tx/WxMDXZaQk6ddgVcPwXZ5AEytY2UDYNQnVoa8tSdWfoQzvnZjfLZugwVyCSGF1vt4Zwam3iCz5AqkcHnfW5BP5pA?cluster=devnet"}
{"name": "pool-loader-batch-82800", "signature": "4HdaS9vi4EJ6rPC9mKSfcJULwgdpZdiN9nqmtXKJcv4XLp1ZSRqLcbaKS6wso3FkcDvEjQeYC62wMnbPU4QoGbZm", "slot": 495670900, "fee": 15000, "units_consumed": 7110, "declared_cu": 1200000, "wire_bytes": 3888, "explorer": "https://explorer.solana.com/tx/4HdaS9vi4EJ6rPC9mKSfcJULwgdpZdiN9nqmtXKJcv4XLp1ZSRqLcbaKS6wso3FkcDvEjQeYC62wMnbPU4QoGbZm?cluster=devnet"}
{"name": "pool-loader-batch-230400", "signature": "5LSXCVcZ5PCsS6jA2AgGK7LhMTZKfyRES7n5suq4xvDo3ySzM3NZT8ZytmXp9EGGRpfvq7S5TWSDVx6vvdqV3v5N", "slot": 495671340, "fee": 15000, "units_consumed": 7110, "declared_cu": 1200000, "wire_bytes": 3888, "explorer": "https://explorer.solana.com/tx/5LSXCVcZ5PCsS6jA2AgGK7LhMTZKfyRES7n5suq4xvDo3ySzM3NZT8ZytmXp9EGGRpfvq7S5TWSDVx6vvdqV3v5N?cluster=devnet"}
{"name": "pool-loader-batch-309600", "signature": "2UbPiVLLmMRYGqxNdgPdVDWjQtopKt9k8JsoVyupH8FQ5fhcA5vU6QsQSor1pGb779h4eVe9zQx3atLXV7Rintk6", "slot": 495671540, "fee": 15000, "units_consumed": 7110, "declared_cu": 1200000, "wire_bytes": 3888, "explorer": "https://explorer.solana.com/tx/2UbPiVLLmMRYGqxNdgPdVDWjQtopKt9k8JsoVyupH8FQ5fhcA5vU6QsQSor1pGb779h4eVe9zQx3atLXV7Rintk6?cluster=devnet"}
{"name": "pool-loader-batch-75600", "signature": "4GpvuS2RUMcGiex9xjHxRNUZytsY4VcXC2KinrSTij4pCqKSDTLA4sZhry9GLhWuyYaJq7TDewNHriou4j5ku5vd", "slot": 495670872, "fee": 15000, "units_consumed": 7110, "declared_cu": 1200000, "wire_bytes": 3888, "explorer": "https://explorer.solana.com/tx/4GpvuS2RUMcGiex9xjHxRNUZytsY4VcXC2KinrSTij4pCqKSDTLA4sZhry9GLhWuyYaJq7TDewNHriou4j5ku5vd?cluster=devnet"}
{"name": "pool-loader-batch-61200", "signature": "yewyxZcHYasBdJYnUr67Ka17VnYUhd7373uHk3WHw34ArzLqYQzMWFZQge8SXZsnfsqKvD1WrDqKB75kVqd3AfT", "slot": 495670833, "fee": 15000, "units_consumed": 7110, "declared_cu": 1200000, "wire_bytes": 3888, "explorer": "https://explorer.solana.com/tx/yewyxZcHYasBdJYnUr67Ka17VnYUhd7373uHk3WHw34ArzLqYQzMWFZQge8SXZsnfsqKvD1WrDqKB75kVqd3AfT?cluster=devnet"}
{"name": "pool-loader-batch-176400", "signature": "2bHnaJgNUYRpnKVrxyg4mmCTeNTCKKx82nnyhaPDKKFkhN4cwbZkuRW5Bj5CnvteqdUsikvf3JT5GY3Yv5orHri6", "slot": 495671163, "fee": 15000, "units_consumed": 7110, "declared_cu": 1200000, "wire_bytes": 3888, "explorer": "https://explorer.solana.com/tx/2bHnaJgNUYRpnKVrxyg4mmCTeNTCKKx82nnyhaPDKKFkhN4cwbZkuRW5Bj5CnvteqdUsikvf3JT5GY3Yv5orHri6?cluster=devnet"}
{"name": "pool-loader-batch-162000", "signature": "43U2xQzJAqyaCB2dbbnXy3fkUhpeg5wi67Lgrdc2oARnQgFPxKbd9QVeThAvXMTuedEqsTTnFMH7SXQ11bLjsdmv", "slot": 495671123, "fee": 15000, "units_consumed": 7110, "declared_cu": 1200000, "wire_bytes": 3888, "explorer": "https://explorer.solana.com/tx/43U2xQzJAqyaCB2dbbnXy3fkUhpeg5wi67Lgrdc2oARnQgFPxKbd9QVeThAvXMTuedEqsTTnFMH7SXQ11bLjsdmv?cluster=devnet"}
{"name": "pool-loader-batch-18000", "signature": "3EvC5MHAoZ4jHtYWSgKTLB5Dr2ZzCsRB43dqoVszzo8M6Nk4som3JKgXWbbDUmbMmBL7J7cHmQGajaczPQL8F6h2", "slot": 495670708, "fee": 15000, "units_consumed": 7110, "declared_cu": 1200000, "wire_bytes": 3888, "explorer": "https://explorer.solana.com/tx/3EvC5MHAoZ4jHtYWSgKTLB5Dr2ZzCsRB43dqoVszzo8M6Nk4som3JKgXWbbDUmbMmBL7J7cHmQGajaczPQL8F6h2?cluster=devnet"}
{"name": "pool-loader-batch-234000", "signature": "5wTPc315cqjoJsu2xDzemmcFNmQAQRBXxcnCatYejzBw6SDhDu9D459gutBguCjkhMWkAVEeyMapjEcpfeUFfFPc", "slot": 495671354, "fee": 15000, "units_consumed": 7110, "declared_cu": 1200000, "wire_bytes": 3888, "explorer": "https://explorer.solana.com/tx/5wTPc315cqjoJsu2xDzemmcFNmQAQRBXxcnCatYejzBw6SDhDu9D459gutBguCjkhMWkAVEeyMapjEcpfeUFfFPc?cluster=devnet"}
{"name": "pool-loader-batch-194400", "signature": "54bGsrg7jeSxFgSMj2atZDmGeoJVezhodpn1A1ANUXoAiUi2eT69dAsSLDEF64HYSVQpXu6ZXjjziZzW6172aDT4", "slot": 495671244, "fee": 15000, "units_consumed": 7110, "declared_cu": 1200000, "wire_bytes": 3888, "explorer": "https://explorer.solana.com/tx/54bGsrg7jeSxFgSMj2atZDmGeoJVezhodpn1A1ANUXoAiUi2eT69dAsSLDEF64HYSVQpXu6ZXjjziZzW6172aDT4?cluster=devnet"}
{"name": "pool-loader-batch-180000", "signature": "28rHsZLhjVfC3SDsee7RKjf7ASdizgPwxZfXKst54VYuKWZZkwHgP6fTYZBV9yRpxQutaDWT6M6HFSjwPErXhHpg", "slot": 495671178, "fee": 15000, "units_consumed": 7110, "declared_cu": 1200000, "wire_bytes": 3888, "explorer": "https://explorer.solana.com/tx/28rHsZLhjVfC3SDsee7RKjf7ASdizgPwxZfXKst54VYuKWZZkwHgP6fTYZBV9yRpxQutaDWT6M6HFSjwPErXhHpg?cluster=devnet"}
{"name": "pool-loader-batch-68400", "signature": "3w7PoUVziftkp7mgChtu2s5wJ4PMkHrvyQAT8QxT4a1nAGwqrJkjvbBvpGiF61xew5qxDMRzYW5VXhsQSiti75na", "slot": 495670847, "fee": 15000, "units_consumed": 7110, "declared_cu": 1200000, "wire_bytes": 3888, "explorer": "https://explorer.solana.com/tx/3w7PoUVziftkp7mgChtu2s5wJ4PMkHrvyQAT8QxT4a1nAGwqrJkjvbBvpGiF61xew5qxDMRzYW5VXhsQSiti75na?cluster=devnet"}
{"name": "pool-loader-batch-219600", "signature": "L3472xma9VQjh3Tz2XCX3z4Nn7wXWPfefgk4BXeKWR6wqdAgKVqX6BUJeQAjcMEZjNFcrCa6aGiot2veNikzPJR", "slot": 495671311, "fee": 15000, "units_consumed": 7110, "declared_cu": 1200000, "wire_bytes": 3888, "explorer": "https://explorer.solana.com/tx/L3472xma9VQjh3Tz2XCX3z4Nn7wXWPfefgk4BXeKWR6wqdAgKVqX6BUJeQAjcMEZjNFcrCa6aGiot2veNikzPJR?cluster=devnet"}
{"name": "pool-loader-batch-126000", "signature": "P4Vv36CLv8DVzVZZNnQrawsEAPXwjgk9WV2YP3vSvp3XR2RyuRSxGng573GsDHT9de5gZfyFahyYHzkaSsfPg8m", "slot": 495671020, "fee": 15000, "units_consumed": 7110, "declared_cu": 1200000, "wire_bytes": 3888, "explorer": "https://explorer.solana.com/tx/P4Vv36CLv8DVzVZZNnQrawsEAPXwjgk9WV2YP3vSvp3XR2RyuRSxGng573GsDHT9de5gZfyFahyYHzkaSsfPg8m?cluster=devnet"}
{"name": "pool-loader-batch-270000", "signature": "38BnVWfUHTtEgcznZcXrCbGkRiKWLbvja185fNoAXA5Bvc7dhWPauzctEEhcLRWCQgkHdxHnV8P6KC6CFpNg6WgD", "slot": 495671442, "fee": 15000, "units_consumed": 7110, "declared_cu": 1200000, "wire_bytes": 3888, "explorer": "https://explorer.solana.com/tx/38BnVWfUHTtEgcznZcXrCbGkRiKWLbvja185fNoAXA5Bvc7dhWPauzctEEhcLRWCQgkHdxHnV8P6KC6CFpNg6WgD?cluster=devnet"}
{"name": "pool-loader-batch-93600", "signature": "4mkLPTDLZBiWMZfCe6mEQKEgwoNnFEmNXCXM5TRgsRY3f95uUUj8rviEmMz38h6TUSqAWHy7ghhSoBjGabjmJNR2", "slot": 495670938, "fee": 15000, "units_consumed": 7110, "declared_cu": 1200000, "wire_bytes": 3888, "explorer": "https://explorer.solana.com/tx/4mkLPTDLZBiWMZfCe6mEQKEgwoNnFEmNXCXM5TRgsRY3f95uUUj8rviEmMz38h6TUSqAWHy7ghhSoBjGabjmJNR2?cluster=devnet"}
{"name": "pool-loader-batch-25200", "signature": "3Gotz1bmverJAbeZXQtoj7hbZmQHehq9eontV64637UAQ3pGXFTvmwo7bJVFrGToaU1gctsUEwstZLmWY6DyRjCb", "slot": 495670726, "fee": 15000, "units_consumed": 7110, "declared_cu": 1200000, "wire_bytes": 3888, "explorer": "https://explorer.solana.com/tx/3Gotz1bmverJAbeZXQtoj7hbZmQHehq9eontV64637UAQ3pGXFTvmwo7bJVFrGToaU1gctsUEwstZLmWY6DyRjCb?cluster=devnet"}
{"name": "pool-loader-batch-21600", "signature": "2NmsHmFfgcCvxRmHQhuSKr7wtVH767XmhdKPRX3WJYhW8UgRJ9j6XL5GDcavXmgm6Bxa7t6voPUbtvm99TvBkJ8W", "slot": 495670720, "fee": 15000, "units_consumed": 7110, "declared_cu": 1200000, "wire_bytes": 3888, "explorer": "https://explorer.solana.com/tx/2NmsHmFfgcCvxRmHQhuSKr7wtVH767XmhdKPRX3WJYhW8UgRJ9j6XL5GDcavXmgm6Bxa7t6voPUbtvm99TvBkJ8W?cluster=devnet"}
{"name": "pool-loader-batch-97200", "signature": "2bREv75vnw7f5PBzH5jyCAhiDsuAdQzEsFTk9fwEG3HE6yKCuTtPPwRSFmJfrFtWLCe6m7UG8BkGN8nkwfX97ZXA", "slot": 495670948, "fee": 15000, "units_consumed": 7110, "declared_cu": 1200000, "wire_bytes": 3888, "explorer": "https://explorer.solana.com/tx/2bREv75vnw7f5PBzH5jyCAhiDsuAdQzEsFTk9fwEG3HE6yKCuTtPPwRSFmJfrFtWLCe6m7UG8BkGN8nkwfX97ZXA?cluster=devnet"}
{"name": "pool-loader-batch-64800", "signature": "2nsWsF5dUa9Fnn3dtCj7LKFgjcgv9jwRN37S72TQAKJVvbeiRDxF3MULBuaXuVWEkVLJMXijgWACfhHxjgfby3Qp", "slot": 495670840, "fee": 15000, "units_consumed": 7110, "declared_cu": 1200000, "wire_bytes": 3888, "explorer": "https://explorer.solana.com/tx/2nsWsF5dUa9Fnn3dtCj7LKFgjcgv9jwRN37S72TQAKJVvbeiRDxF3MULBuaXuVWEkVLJMXijgWACfhHxjgfby3Qp?cluster=devnet"}
{"name": "pool-loader-batch-122400", "signature": "28ub7JHkZarjj5QC9iX9aghQcmRQ9Hgq25ry2pp3Y7kXMxcRJzTj3eqnh5Gh9i1NuVLJqnoeEvvcVdmYgLn8XYYm", "slot": 495671011, "fee": 15000, "units_consumed": 7110, "declared_cu": 1200000, "wire_bytes": 3888, "explorer": "https://explorer.solana.com/tx/28ub7JHkZarjj5QC9iX9aghQcmRQ9Hgq25ry2pp3Y7kXMxcRJzTj3eqnh5Gh9i1NuVLJqnoeEvvcVdmYgLn8XYYm?cluster=devnet"}
{"name": "pool-loader-batch-111600", "signature": "5pjRgRnJvQWUkrxNHuiri1Mrv5uKD3McXiPFQcV1WcFht6nr9KZxMbqQZEuqCv9cwG4Lsd6tnSM1dYAn5i9LmDgy", "slot": 495670984, "fee": 15000, "units_consumed": 7110, "declared_cu": 1200000, "wire_bytes": 3888, "explorer": "https://explorer.solana.com/tx/5pjRgRnJvQWUkrxNHuiri1Mrv5uKD3McXiPFQcV1WcFht6nr9KZxMbqQZEuqCv9cwG4Lsd6tnSM1dYAn5i9LmDgy?cluster=devnet"}
{"name": "pool-loader-batch-273600", "signature": "SAG3FvvNVEzwGne8QeXodZVYqzJoHVFvtJzem5W1mfWhw3ViABxzrCYFDJXPJJEWYtdbwiqdTgcmRmfRc9TF6Hj", "slot": 495671448, "fee": 15000, "units_consumed": 7110, "declared_cu": 1200000, "wire_bytes": 3888, "explorer": "https://explorer.solana.com/tx/SAG3FvvNVEzwGne8QeXodZVYqzJoHVFvtJzem5W1mfWhw3ViABxzrCYFDJXPJJEWYtdbwiqdTgcmRmfRc9TF6Hj?cluster=devnet"}
{"name": "pool-loader-batch-90000", "signature": "mWXVZsCrSr2NyffApDJWUme1wnXjSGKHYPntiS5WcPg5iVxueu77fkjRGzc6pNxeUiM6XyVmRnYEvPFisKesypT", "slot": 495670927, "fee": 15000, "units_consumed": 7110, "declared_cu": 1200000, "wire_bytes": 3888, "explorer": "https://explorer.solana.com/tx/mWXVZsCrSr2NyffApDJWUme1wnXjSGKHYPntiS5WcPg5iVxueu77fkjRGzc6pNxeUiM6XyVmRnYEvPFisKesypT?cluster=devnet"}
{"name": "pool-loader-batch-313200", "signature": "2SqMWxYJ8Dhs38amsQ4RFdfLko6YdQvsWYwxkj5jY1Y2TeeP4JDRvtouHLkbTR7coPgeYirkvvYH13FjZXuGCVVV", "slot": 495671552, "fee": 15000, "units_consumed": 7110, "declared_cu": 1200000, "wire_bytes": 3888, "explorer": "https://explorer.solana.com/tx/2SqMWxYJ8Dhs38amsQ4RFdfLko6YdQvsWYwxkj5jY1Y2TeeP4JDRvtouHLkbTR7coPgeYirkvvYH13FjZXuGCVVV?cluster=devnet"}
{"name": "pool-loader-batch-154800", "signature": "5QEdviQmATs9h8poca5Nhfd9ymghwUWS4eMYDQLEdiknyKcJHo6Ue5VgJCDedupohpUz61S7RNkgMYXBUAK1GGt1", "slot": 495671103, "fee": 15000, "units_consumed": 7110, "declared_cu": 1200000, "wire_bytes": 3888, "explorer": "https://explorer.solana.com/tx/5QEdviQmATs9h8poca5Nhfd9ymghwUWS4eMYDQLEdiknyKcJHo6Ue5VgJCDedupohpUz61S7RNkgMYXBUAK1GGt1?cluster=devnet"}
{"name": "pool-loader-batch-288000", "signature": "5Crva8aVqGd9Akq6GtU6C1ovMzeSzmHpd9MnKMU8VXw2rRAwh5pn9YibJJ12jTDYiaUNeq4VwNXi264Mv564CgzM", "slot": 495671477, "fee": 15000, "units_consumed": 7110, "declared_cu": 1200000, "wire_bytes": 3888, "explorer": "https://explorer.solana.com/tx/5Crva8aVqGd9Akq6GtU6C1ovMzeSzmHpd9MnKMU8VXw2rRAwh5pn9YibJJ12jTDYiaUNeq4VwNXi264Mv564CgzM?cluster=devnet"}
{"name": "pool-loader-batch-226800", "signature": "fwAkswdkbvZJizK2qBUkFrXtrioSq6Dhh12E5g3wWBD9GfPzwZQf4TewHJGZ84ReUdPfNyhtTh61Zu6YQpCnWtD", "slot": 495671332, "fee": 15000, "units_consumed": 7110, "declared_cu": 1200000, "wire_bytes": 3888, "explorer": "https://explorer.solana.com/tx/fwAkswdkbvZJizK2qBUkFrXtrioSq6Dhh12E5g3wWBD9GfPzwZQf4TewHJGZ84ReUdPfNyhtTh61Zu6YQpCnWtD?cluster=devnet"}
{"name": "pool-loader-batch-277200", "signature": "4id6jMgZKP8w84Fk6YyiPRUQUmmfg7r685x7bN26bPdePYAsp5YJuHe1smdMVY6fQKpwTNmMi3esvRzUTJy9Zaai", "slot": 495671460, "fee": 15000, "units_consumed": 7110, "declared_cu": 1200000, "wire_bytes": 3888, "explorer": "https://explorer.solana.com/tx/4id6jMgZKP8w84Fk6YyiPRUQUmmfg7r685x7bN26bPdePYAsp5YJuHe1smdMVY6fQKpwTNmMi3esvRzUTJy9Zaai?cluster=devnet"}
{"name": "pool-loader-batch-183600", "signature": "2NKnycRrhutfxSPwH2z4WPfYsMTn7a9QzuugtbtanusKVFzD3ksyiRdLmfV6NFKTH9hjgu3WQpvEToLZcVkkFENv", "slot": 495671198, "fee": 15000, "units_consumed": 7110, "declared_cu": 1200000, "wire_bytes": 3888, "explorer": "https://explorer.solana.com/tx/2NKnycRrhutfxSPwH2z4WPfYsMTn7a9QzuugtbtanusKVFzD3ksyiRdLmfV6NFKTH9hjgu3WQpvEToLZcVkkFENv?cluster=devnet"}
{"name": "pool-loader-batch-115200", "signature": "4uzEm5Hv1etBBKpeWXji9DEyxiE9qJJj6dngw96WrcNdpXpvuksTawqLh6whGuE7FfduWhicwFJV61qWBfw9bVcP", "slot": 495670989, "fee": 15000, "units_consumed": 7110, "declared_cu": 1200000, "wire_bytes": 3888, "explorer": "https://explorer.solana.com/tx/4uzEm5Hv1etBBKpeWXji9DEyxiE9qJJj6dngw96WrcNdpXpvuksTawqLh6whGuE7FfduWhicwFJV61qWBfw9bVcP?cluster=devnet"}
{"name": "pool-loader-batch-158400", "signature": "5yymG7pcmxooXzpiccnT8DHehvq3xMYmuXmU2WRwvdDQHgRb4cX7zrgZEpHm9Dpq6jp6m2Q2StDvyuFmP6AumMKZ", "slot": 495671124, "fee": 15000, "units_consumed": 7110, "declared_cu": 1200000, "wire_bytes": 3888, "explorer": "https://explorer.solana.com/tx/5yymG7pcmxooXzpiccnT8DHehvq3xMYmuXmU2WRwvdDQHgRb4cX7zrgZEpHm9Dpq6jp6m2Q2StDvyuFmP6AumMKZ?cluster=devnet"}
{"name": "pool-loader-batch-36000", "signature": "2hnvh6vLneCRztoijGMiez1WmQo7L26McJKDHbeYXV4H8LHyAh1Yu8YFys9dtjNd2gK68kzoqHmzhe8uRW2E2wRi", "slot": 495670760, "fee": 15000, "units_consumed": 7110, "declared_cu": 1200000, "wire_bytes": 3888, "explorer": "https://explorer.solana.com/tx/2hnvh6vLneCRztoijGMiez1WmQo7L26McJKDHbeYXV4H8LHyAh1Yu8YFys9dtjNd2gK68kzoqHmzhe8uRW2E2wRi?cluster=devnet"}
{"name": "pool-loader-batch-280800", "signature": "spFjE3XuVgDkKrkSJC9ark9HzxdZzDSVvp9aHhyWHLY3g55TahwaTTeXapJaRhDgUEpqGBwvP2qjuk3tsnpPx8t", "slot": 495671466, "fee": 15000, "units_consumed": 7110, "declared_cu": 1200000, "wire_bytes": 3888, "explorer": "https://explorer.solana.com/tx/spFjE3XuVgDkKrkSJC9ark9HzxdZzDSVvp9aHhyWHLY3g55TahwaTTeXapJaRhDgUEpqGBwvP2qjuk3tsnpPx8t?cluster=devnet"}
{"name": "pool-loader-batch-32400", "signature": "5JnEqHi6HYW4bLz1ocEndxKm942UZ49cWL5nCJgUfwpYVUp1kr4ZDSA9Cm7TQKMmo2RQ6xoy6oiweKNjBahB2mpq", "slot": 495670749, "fee": 15000, "units_consumed": 7110, "declared_cu": 1200000, "wire_bytes": 3888, "explorer": "https://explorer.solana.com/tx/5JnEqHi6HYW4bLz1ocEndxKm942UZ49cWL5nCJgUfwpYVUp1kr4ZDSA9Cm7TQKMmo2RQ6xoy6oiweKNjBahB2mpq?cluster=devnet"}
{"name": "pool-loader-batch-187200", "signature": "53gu9fdSR7uw4YbYnfqUHM8eMP6KgJYLkygnDzzMJmLaSoud9y14gtBEYt3BbRCZBUEfwomjWZJscSUTTt2tN9h2", "slot": 495671215, "fee": 15000, "units_consumed": 7110, "declared_cu": 1200000, "wire_bytes": 3888, "explorer": "https://explorer.solana.com/tx/53gu9fdSR7uw4YbYnfqUHM8eMP6KgJYLkygnDzzMJmLaSoud9y14gtBEYt3BbRCZBUEfwomjWZJscSUTTt2tN9h2?cluster=devnet"}
{"name": "pool-loader-batch-151200", "signature": "5WQbTBekGV46MeNwRrJ97kCkipZWwsNKXiD9gResGMo3JZER4xqYB5BJVJFNYYsFihuk7NNuDc6rBGdLbtFJKp5j", "slot": 495671088, "fee": 15000, "units_consumed": 7110, "declared_cu": 1200000, "wire_bytes": 3888, "explorer": "https://explorer.solana.com/tx/5WQbTBekGV46MeNwRrJ97kCkipZWwsNKXiD9gResGMo3JZER4xqYB5BJVJFNYYsFihuk7NNuDc6rBGdLbtFJKp5j?cluster=devnet"}
{"name": "pool-loader-batch-316800", "signature": "THBHVx6hBKrTYUBnKvjCssvcUDLZooeCjvcWoZUtKW3v2K5LUHC2s6ycchQjYaBUKQrkdm8isUgKHi2bnnF76YV", "slot": 495671564, "fee": 15000, "units_consumed": 7110, "declared_cu": 1200000, "wire_bytes": 3888, "explorer": "https://explorer.solana.com/tx/THBHVx6hBKrTYUBnKvjCssvcUDLZooeCjvcWoZUtKW3v2K5LUHC2s6ycchQjYaBUKQrkdm8isUgKHi2bnnF76YV?cluster=devnet"}
{"name": "pool-loader-batch-262800", "signature": "632TZFKR1kPatYuggT2nVNKmwQtiNN47s62y2azG4K5YheCmoyynn1vGw9jpsUkJYXjWWUpq5C95Ti1z5q2duyU9", "slot": 495671426, "fee": 15000, "units_consumed": 7110, "declared_cu": 1200000, "wire_bytes": 3888, "explorer": "https://explorer.solana.com/tx/632TZFKR1kPatYuggT2nVNKmwQtiNN47s62y2azG4K5YheCmoyynn1vGw9jpsUkJYXjWWUpq5C95Ti1z5q2duyU9?cluster=devnet"}
{"name": "pool-loader-batch-100800", "signature": "2AZ3cFRkT4XQbQud7TM2V3h8aGCpmmJSB5cFQMimx5E6Bpb5sa3ALCWtCD41Dnu9g5986gnR7ZhR4WsgaDoMbpRe", "slot": 495670956, "fee": 15000, "units_consumed": 7110, "declared_cu": 1200000, "wire_bytes": 3888, "explorer": "https://explorer.solana.com/tx/2AZ3cFRkT4XQbQud7TM2V3h8aGCpmmJSB5cFQMimx5E6Bpb5sa3ALCWtCD41Dnu9g5986gnR7ZhR4WsgaDoMbpRe?cluster=devnet"}
{"name": "pool-loader-batch-223200", "signature": "Fd5JJ9TGHAx7cPUdGLR3zNudE89jo8pZTdNSmzZkeqf4CA4ETde8RTfZbrS36aToBmmuMKr1FGTwJLvfBryPwV7", "slot": 495671323, "fee": 15000, "units_consumed": 7110, "declared_cu": 1200000, "wire_bytes": 3888, "explorer": "https://explorer.solana.com/tx/Fd5JJ9TGHAx7cPUdGLR3zNudE89jo8pZTdNSmzZkeqf4CA4ETde8RTfZbrS36aToBmmuMKr1FGTwJLvfBryPwV7?cluster=devnet"}
{"name": "pool-loader-batch-237600", "signature": "icyKoK2nBbMXHcX8V2scxeuPN8jNuAt8EV1Xg8LX7NVU83nnZZBNyfLvjjqpeBKLXwHLyy16k3sVusBsazH5qDD", "slot": 495671365, "fee": 15000, "units_consumed": 7110, "declared_cu": 1200000, "wire_bytes": 3888, "explorer": "https://explorer.solana.com/tx/icyKoK2nBbMXHcX8V2scxeuPN8jNuAt8EV1Xg8LX7NVU83nnZZBNyfLvjjqpeBKLXwHLyy16k3sVusBsazH5qDD?cluster=devnet"}
{"name": "pool-loader-batch-295200", "signature": "4Cn1kiGrVBWM6kbR1okT395hm31oxTDKeRDXw1mVebqVP1NiP1E4jt8dt1s8baKpWbg1Peg9SAZ6kJ4bC5HkJHqB", "slot": 495671496, "fee": 15000, "units_consumed": 7110, "declared_cu": 1200000, "wire_bytes": 3888, "explorer": "https://explorer.solana.com/tx/4Cn1kiGrVBWM6kbR1okT395hm31oxTDKeRDXw1mVebqVP1NiP1E4jt8dt1s8baKpWbg1Peg9SAZ6kJ4bC5HkJHqB?cluster=devnet"}
{"name": "pool-loader-batch-108000", "signature": "4r3NPUf893tV5VtztTzygLZCCinqGLde2kDBiQ2hYriy7XwqA8zAzgtHrwuuqyk7Cv5gfmZrNco3jiwVGyCXGzwm", "slot": 495670975, "fee": 15000, "units_consumed": 7110, "declared_cu": 1200000, "wire_bytes": 3888, "explorer": "https://explorer.solana.com/tx/4r3NPUf893tV5VtztTzygLZCCinqGLde2kDBiQ2hYriy7XwqA8zAzgtHrwuuqyk7Cv5gfmZrNco3jiwVGyCXGzwm?cluster=devnet"}
{"name": "pool-loader-batch-165600", "signature": "2oiTL93AiNiCfcW7otCd7VXjrTJsfgXJ8voA28CTCmN4f2xXnVT3d2DXy3JAVkiN2kcRKJrUQrhPs58roFpm92m6", "slot": 495671136, "fee": 15000, "units_consumed": 7110, "declared_cu": 1200000, "wire_bytes": 3888, "explorer": "https://explorer.solana.com/tx/2oiTL93AiNiCfcW7otCd7VXjrTJsfgXJ8voA28CTCmN4f2xXnVT3d2DXy3JAVkiN2kcRKJrUQrhPs58roFpm92m6?cluster=devnet"}
{"name": "pool-loader-batch-72000", "signature": "3QtNDBdEdNnyVawVRUpM6No5fC2yahgvzvfUMbA7pvrv4xMtQzZtG1rHvCmy9NPAezwgiM1eMG9f4XjTtQULwPn4", "slot": 495670856, "fee": 15000, "units_consumed": 7110, "declared_cu": 1200000, "wire_bytes": 3888, "explorer": "https://explorer.solana.com/tx/3QtNDBdEdNnyVawVRUpM6No5fC2yahgvzvfUMbA7pvrv4xMtQzZtG1rHvCmy9NPAezwgiM1eMG9f4XjTtQULwPn4?cluster=devnet"}
{"name": "pool-loader-batch-291600", "signature": "4X9MsNcKcRD7UemXsRMVK9sEFiUYm1KNt4AWSSoc616XdKJtyhi6vyiHm9eHzxPHEFRBXVjLpwjhsMcD8TughUTg", "slot": 495671486, "fee": 15000, "units_consumed": 7110, "declared_cu": 1200000, "wire_bytes": 3888, "explorer": "https://explorer.solana.com/tx/4X9MsNcKcRD7UemXsRMVK9sEFiUYm1KNt4AWSSoc616XdKJtyhi6vyiHm9eHzxPHEFRBXVjLpwjhsMcD8TughUTg?cluster=devnet"}
{"name": "pool-loader-batch-79200", "signature": "66h8XPQBEXuiTDe1igHYcBjXR6NRxAMdL4DgqemTF7cGbNXpghwEo6xwnA7P8jCuY7ufK8Q3NVcgFLTnPT5tjMir", "slot": 495670886, "fee": 15000, "units_consumed": 7110, "declared_cu": 1200000, "wire_bytes": 3888, "explorer": "https://explorer.solana.com/tx/66h8XPQBEXuiTDe1igHYcBjXR6NRxAMdL4DgqemTF7cGbNXpghwEo6xwnA7P8jCuY7ufK8Q3NVcgFLTnPT5tjMir?cluster=devnet"}
{"name": "pool-loader-batch-28800", "signature": "3XSgbioRT77JS1vksX37dRNvTipsSkDV4fU4hqWwrzaQgA8SjXcZEz88m4EnDHUDZggzeN1wTdPbu7SSmV1D8wMK", "slot": 495670737, "fee": 15000, "units_consumed": 7110, "declared_cu": 1200000, "wire_bytes": 3888, "explorer": "https://explorer.solana.com/tx/3XSgbioRT77JS1vksX37dRNvTipsSkDV4fU4hqWwrzaQgA8SjXcZEz88m4EnDHUDZggzeN1wTdPbu7SSmV1D8wMK?cluster=devnet"}
{"name": "pool-loader-batch-14400", "signature": "2T44nN3z3S49WhJ5riraxma7acgUcEca3NqDfXae9uLVFu6fmBnvJVq8bapXXEaf2K1Rt8BpppY31wqQr9bHEKHM", "slot": 495670697, "fee": 15000, "units_consumed": 7110, "declared_cu": 1200000, "wire_bytes": 3888, "explorer": "https://explorer.solana.com/tx/2T44nN3z3S49WhJ5riraxma7acgUcEca3NqDfXae9uLVFu6fmBnvJVq8bapXXEaf2K1Rt8BpppY31wqQr9bHEKHM?cluster=devnet"}
{"name": "pool-loader-batch-133200", "signature": "63o1ZHWX2rTHA1XJj6p7BTmLKxi9nrKqg1foCQi8REVcoV6pMDakQiizWTJycgcvhvCdqae2gfF9xTEXuuZbF2Gs", "slot": 495671042, "fee": 15000, "units_consumed": 7110, "declared_cu": 1200000, "wire_bytes": 3888, "explorer": "https://explorer.solana.com/tx/63o1ZHWX2rTHA1XJj6p7BTmLKxi9nrKqg1foCQi8REVcoV6pMDakQiizWTJycgcvhvCdqae2gfF9xTEXuuZbF2Gs?cluster=devnet"}
{"name": "pool-loader-batch-86400", "signature": "UYM4MQmuLRPBc9xUXovvpSnyoq4wHw69ztE1W5sbxh1antQ5KRi29De3y9xZP7XwQ2PLL1GPJLXAnqicdxhVLMD", "slot": 495670913, "fee": 15000, "units_consumed": 7110, "declared_cu": 1200000, "wire_bytes": 3888, "explorer": "https://explorer.solana.com/tx/UYM4MQmuLRPBc9xUXovvpSnyoq4wHw69ztE1W5sbxh1antQ5KRi29De3y9xZP7XwQ2PLL1GPJLXAnqicdxhVLMD?cluster=devnet"}
{"name": "pool-loader-batch-172800", "signature": "41hLvAXRxsVJi2ELieSEPD7Za9aZn9x53bxUKBfEeS1yrqDzBqkBDidUFrmJfrxPNFxkzdUqwFTe3G7KuutRwKy6", "slot": 495671154, "fee": 15000, "units_consumed": 7110, "declared_cu": 1200000, "wire_bytes": 3888, "explorer": "https://explorer.solana.com/tx/41hLvAXRxsVJi2ELieSEPD7Za9aZn9x53bxUKBfEeS1yrqDzBqkBDidUFrmJfrxPNFxkzdUqwFTe3G7KuutRwKy6?cluster=devnet"}
{"name": "pool-loader-batch-241200", "signature": "APmNo2bCv4iSBEQ4PsHRhZpfZms449vFG2QeLRTwLf3Dwd2Qomr1wr8LFDCJWAa4vYCZJeu1puAzKTVLjT7MvkL", "slot": 495671377, "fee": 15000, "units_consumed": 7110, "declared_cu": 1200000, "wire_bytes": 3888, "explorer": "https://explorer.solana.com/tx/APmNo2bCv4iSBEQ4PsHRhZpfZms449vFG2QeLRTwLf3Dwd2Qomr1wr8LFDCJWAa4vYCZJeu1puAzKTVLjT7MvkL?cluster=devnet"}
{"name": "pool-loader-batch-255600", "signature": "2BYALPpXh7MgSNoLfm27vouBFUvasMCTwrHq5DFV7mdCRgG7ScrBi9gKmpp26DL3eju5CBN9x3E9LwG2VBEtV1NV", "slot": 495671406, "fee": 15000, "units_consumed": 7110, "declared_cu": 1200000, "wire_bytes": 3888, "explorer": "https://explorer.solana.com/tx/2BYALPpXh7MgSNoLfm27vouBFUvasMCTwrHq5DFV7mdCRgG7ScrBi9gKmpp26DL3eju5CBN9x3E9LwG2VBEtV1NV?cluster=devnet"}
{"name": "pool-loader-batch-39600", "signature": "2HP3gxPpbDHtxHkkM3TXSq5PgkqgwZ1PEacScZZ76K3t74kGYQmn5YRZKzQq7RRJBSmKsQ4sn3NqihjQbj58TU48", "slot": 495670773, "fee": 15000, "units_consumed": 7110, "declared_cu": 1200000, "wire_bytes": 3888, "explorer": "https://explorer.solana.com/tx/2HP3gxPpbDHtxHkkM3TXSq5PgkqgwZ1PEacScZZ76K3t74kGYQmn5YRZKzQq7RRJBSmKsQ4sn3NqihjQbj58TU48?cluster=devnet"}
{"name": "pool-loader-batch-54000", "signature": "veFAucz37eG5t9zz1HJ6BXmvv5G6GarjNpvTbEvQuYosGiM1nAhraZXW3KcPEDQinUC3HbSmMLFrTKXBhAQytqk", "slot": 495670820, "fee": 15000, "units_consumed": 7110, "declared_cu": 1200000, "wire_bytes": 3888, "explorer": "https://explorer.solana.com/tx/veFAucz37eG5t9zz1HJ6BXmvv5G6GarjNpvTbEvQuYosGiM1nAhraZXW3KcPEDQinUC3HbSmMLFrTKXBhAQytqk?cluster=devnet"}
{"name": "pool-loader-batch-190800", "signature": "4iJZXpAAsX4sMWDAPfQACzbieUhwb8UmpVZdXCqyhvdj89DVSCbw1k21EVcjGK2uhLjUXTHC7mcfDF3t2sDCK489", "slot": 495671231, "fee": 15000, "units_consumed": 7110, "declared_cu": 1200000, "wire_bytes": 3888, "explorer": "https://explorer.solana.com/tx/4iJZXpAAsX4sMWDAPfQACzbieUhwb8UmpVZdXCqyhvdj89DVSCbw1k21EVcjGK2uhLjUXTHC7mcfDF3t2sDCK489?cluster=devnet"}
{"name": "pool-loader-batch-50400", "signature": "3oQi2w3pz5SX95iKNtN6gv5TPvPkXMN3Em7tRLjvFUzpSBtTwG1FDWjgNYuev5u8kPQLgSDCngh8jTXUeUCgxtWc", "slot": 495670809, "fee": 15000, "units_consumed": 7110, "declared_cu": 1200000, "wire_bytes": 3888, "explorer": "https://explorer.solana.com/tx/3oQi2w3pz5SX95iKNtN6gv5TPvPkXMN3Em7tRLjvFUzpSBtTwG1FDWjgNYuev5u8kPQLgSDCngh8jTXUeUCgxtWc?cluster=devnet"}
{"name": "pool-loader-batch-205200", "signature": "128ftY7jGNFFYPHVSkrbtWEYm6SqGmMWYanWtMvCxb8dzCqp9d8CCEK9N3ELU9b5C4C4HqiBcyT3xNchZ3CfqfLh", "slot": 495671267, "fee": 15000, "units_consumed": 7110, "declared_cu": 1200000, "wire_bytes": 3888, "explorer": "https://explorer.solana.com/tx/128ftY7jGNFFYPHVSkrbtWEYm6SqGmMWYanWtMvCxb8dzCqp9d8CCEK9N3ELU9b5C4C4HqiBcyT3xNchZ3CfqfLh?cluster=devnet"}
{"name": "pool-loader-batch-248400", "signature": "3TiNKpe9PiyEvstamV7452c4K3G4mTBimbi2fjJN92wTaojBEUQUZXzvYYMbRdmZtWB7anZG1JoANsQBAJZCZpzG", "slot": 495671392, "fee": 15000, "units_consumed": 7110, "declared_cu": 1200000, "wire_bytes": 3888, "explorer": "https://explorer.solana.com/tx/3TiNKpe9PiyEvstamV7452c4K3G4mTBimbi2fjJN92wTaojBEUQUZXzvYYMbRdmZtWB7anZG1JoANsQBAJZCZpzG?cluster=devnet"}
{"name": "pool-loader-batch-147600", "signature": "44En2MdEPj4Z2yZivSfqV3AH2wdaRjTMm2FbEt8wZY13tMF5uALyFEGC2Y3dJPA7K7i6o6pjrcpNhjpXx2GL9J1F", "slot": 495671083, "fee": 15000, "units_consumed": 7110, "declared_cu": 1200000, "wire_bytes": 3888, "explorer": "https://explorer.solana.com/tx/44En2MdEPj4Z2yZivSfqV3AH2wdaRjTMm2FbEt8wZY13tMF5uALyFEGC2Y3dJPA7K7i6o6pjrcpNhjpXx2GL9J1F?cluster=devnet"}
{"name": "pool-loader-batch-7200", "signature": "3zJ166AUxJrVLQCdvYerL87iBdKEpWupPw4av4Me3ExoEEA7K9VjP3PUwkxMtr1SDfFBS2oP9AGAFw6Rwj79SLxy", "slot": 495670677, "fee": 15000, "units_consumed": 7110, "declared_cu": 1200000, "wire_bytes": 3888, "explorer": "https://explorer.solana.com/tx/3zJ166AUxJrVLQCdvYerL87iBdKEpWupPw4av4Me3ExoEEA7K9VjP3PUwkxMtr1SDfFBS2oP9AGAFw6Rwj79SLxy?cluster=devnet"}
{"name": "pool-loader-batch-136800", "signature": "3aXCT9C494kBTNaEc3EfnGQQayfrqPZfx7TcogBJ74WbnXHBvwmw2ysmQEpDdkvYwgmz417myB8WJPgobpaf44np", "slot": 495671049, "fee": 15000, "units_consumed": 7110, "declared_cu": 1200000, "wire_bytes": 3888, "explorer": "https://explorer.solana.com/tx/3aXCT9C494kBTNaEc3EfnGQQayfrqPZfx7TcogBJ74WbnXHBvwmw2ysmQEpDdkvYwgmz417myB8WJPgobpaf44np?cluster=devnet"}
{"name": "pool-loader-batch-198000", "signature": "5jMG4mV3mkdCcgx9JT1tkinX8u284NDTVTEu8EhRF7hxqxFR8XpVUbPJ454LW7f5sVY2jZLXHuY67rTfDc622dkZ", "slot": 495671252, "fee": 15000, "units_consumed": 7110, "declared_cu": 1200000, "wire_bytes": 3888, "explorer": "https://explorer.solana.com/tx/5jMG4mV3mkdCcgx9JT1tkinX8u284NDTVTEu8EhRF7hxqxFR8XpVUbPJ454LW7f5sVY2jZLXHuY67rTfDc622dkZ?cluster=devnet"}
{"name": "pool-loader-batch-244800", "signature": "5sGguCo2aHj4AhoqN4W3kKP7wGBspQaGgUthbwiixTVGY6KNdKA5p9bCAsfooh3VX6L2pBJNEy9nFrg9bf4mPSgP", "slot": 495671384, "fee": 15000, "units_consumed": 7110, "declared_cu": 1200000, "wire_bytes": 3888, "explorer": "https://explorer.solana.com/tx/5sGguCo2aHj4AhoqN4W3kKP7wGBspQaGgUthbwiixTVGY6KNdKA5p9bCAsfooh3VX6L2pBJNEy9nFrg9bf4mPSgP?cluster=devnet"}
{"name": "pool-loader-batch-3600", "signature": "3Lkz2mqdnTRC64y7cdgwQy7sREHDZw9u6TRW6aT8bQSVTrKt6AoDwGhWiou81WpDyjd9tVuwh56dXz87KogZLZjn", "slot": 495670671, "fee": 15000, "units_consumed": 7110, "declared_cu": 1200000, "wire_bytes": 3888, "explorer": "https://explorer.solana.com/tx/3Lkz2mqdnTRC64y7cdgwQy7sREHDZw9u6TRW6aT8bQSVTrKt6AoDwGhWiou81WpDyjd9tVuwh56dXz87KogZLZjn?cluster=devnet"}
{"name": "pool-loader-batch-0", "signature": "67gq256GGm9N78XWwe4BRGA1DVxi7b2WxdW2if9DS4FAyT2cB7JTN3d4qYQ16eccqqB18NjeVEABHjYTfMAxcU4E", "slot": 495670665, "fee": 15000, "units_consumed": 7110, "declared_cu": 1200000, "wire_bytes": 3888, "explorer": "https://explorer.solana.com/tx/67gq256GGm9N78XWwe4BRGA1DVxi7b2WxdW2if9DS4FAyT2cB7JTN3d4qYQ16eccqqB18NjeVEABHjYTfMAxcU4E?cluster=devnet"}
{"name": "pool-loader-batch-144000", "signature": "2T2hKzqvutny3BPgpY1kWUf9MUgfR8NjAiE2rPR1i1gNbgaFE2PZE2e9T8LxBbY5B5ExTvnxQWiPKJ6JpdTGfsV8", "slot": 495671072, "fee": 15000, "units_consumed": 7110, "declared_cu": 1200000, "wire_bytes": 3888, "explorer": "https://explorer.solana.com/tx/2T2hKzqvutny3BPgpY1kWUf9MUgfR8NjAiE2rPR1i1gNbgaFE2PZE2e9T8LxBbY5B5ExTvnxQWiPKJ6JpdTGfsV8?cluster=devnet"}
{"name": "pool-loader-batch-201600", "signature": "5VXzT3qPHEJJxz1rj8CdEx4ZSC65uKA6ZVqSzv8g11yjA7DvqiLAKSKq3nzbxSPCoBsfhn6JPi7nRVSotupdWJTN", "slot": 495671258, "fee": 15000, "units_consumed": 7110, "declared_cu": 1200000, "wire_bytes": 3888, "explorer": "https://explorer.solana.com/tx/5VXzT3qPHEJJxz1rj8CdEx4ZSC65uKA6ZVqSzv8g11yjA7DvqiLAKSKq3nzbxSPCoBsfhn6JPi7nRVSotupdWJTN?cluster=devnet"}
{"name": "pool-loader-batch-129600", "signature": "34VpvudenQYSohkkLzpb38U7kcEJakbXcf7xUU5fwjDkrRyWJ2rREyQsL7R7JzpnUrA9QkqG8QAy6ic63hsJfUqN", "slot": 495671028, "fee": 15000, "units_consumed": 7110, "declared_cu": 1200000, "wire_bytes": 3888, "explorer": "https://explorer.solana.com/tx/34VpvudenQYSohkkLzpb38U7kcEJakbXcf7xUU5fwjDkrRyWJ2rREyQsL7R7JzpnUrA9QkqG8QAy6ic63hsJfUqN?cluster=devnet"}
{"name": "pool-loader-batch-298800", "signature": "4DDnkYQBi5akfx5ymRXwtmZ1oGWuTEBHF7PRWaiVMp7uknSwQEVdHX59mdChxnk6R9jHhcKY6ievpfmMu6uxPqam", "slot": 495671510, "fee": 15000, "units_consumed": 7110, "declared_cu": 1200000, "wire_bytes": 3888, "explorer": "https://explorer.solana.com/tx/4DDnkYQBi5akfx5ymRXwtmZ1oGWuTEBHF7PRWaiVMp7uknSwQEVdHX59mdChxnk6R9jHhcKY6ievpfmMu6uxPqam?cluster=devnet"}
{"name": "pool-loader-batch-140400", "signature": "EcJWnFAgBWkK3F7R8HMFExmw7j8uGjP41ZdWQdnehYwuqRndBqgdbCazVmnXUamPoxdgv9ruZGrpmAJgxvcgTS8", "slot": 495671059, "fee": 15000, "units_consumed": 7110, "declared_cu": 1200000, "wire_bytes": 3888, "explorer": "https://explorer.solana.com/tx/EcJWnFAgBWkK3F7R8HMFExmw7j8uGjP41ZdWQdnehYwuqRndBqgdbCazVmnXUamPoxdgv9ruZGrpmAJgxvcgTS8?cluster=devnet"}
{"name": "pool-loader-batch-216000", "signature": "2fo8PhG1h9t1YzoTu5dDdjeJMqsVME5WCTLiYinYZiCNu7MLzNKHrEgYGZJtCE44e8Czm3G1sFVPFXoahZWERsrt", "slot": 495671305, "fee": 15000, "units_consumed": 7110, "declared_cu": 1200000, "wire_bytes": 3888, "explorer": "https://explorer.solana.com/tx/2fo8PhG1h9t1YzoTu5dDdjeJMqsVME5WCTLiYinYZiCNu7MLzNKHrEgYGZJtCE44e8Czm3G1sFVPFXoahZWERsrt?cluster=devnet"}
{"name": "pool-loader-batch-57600", "signature": "4feYeNJe4DXq2JR71YBX5NVAasVz1c57NS8AA86SLNdRsLccoxu63eaVCBvZNzNAt3474ucB8y6uAnaZ3QkvcPC9", "slot": 495670825, "fee": 15000, "units_consumed": 7110, "declared_cu": 1200000, "wire_bytes": 3888, "explorer": "https://explorer.solana.com/tx/4feYeNJe4DXq2JR71YBX5NVAasVz1c57NS8AA86SLNdRsLccoxu63eaVCBvZNzNAt3474ucB8y6uAnaZ3QkvcPC9?cluster=devnet"}
{"name": "pool-loader-batch-43200", "signature": "3d4DaZT4CykJeyCoHT9tDk6VV6nzUchZL1h8TPRx8prqREAMBvdY7kQStmdZGvpBuCVPpyNYTKGri7VxacFt13Re", "slot": 495670785, "fee": 15000, "units_consumed": 7110, "declared_cu": 1200000, "wire_bytes": 3888, "explorer": "https://explorer.solana.com/tx/3d4DaZT4CykJeyCoHT9tDk6VV6nzUchZL1h8TPRx8prqREAMBvdY7kQStmdZGvpBuCVPpyNYTKGri7VxacFt13Re?cluster=devnet"}
{"name": "pool-loader-batch-284400", "signature": "5oEYBkdKmAAbMGX8oTjmXCF8HPxdXoE8GGc3PHS5WvSdifmduijm8M8CwHB42wgYgxLHoNEvgzcw2Gq9GLKguNv4", "slot": 495671472, "fee": 15000, "units_consumed": 7110, "declared_cu": 1200000, "wire_bytes": 3888, "explorer": "https://explorer.solana.com/tx/5oEYBkdKmAAbMGX8oTjmXCF8HPxdXoE8GGc3PHS5WvSdifmduijm8M8CwHB42wgYgxLHoNEvgzcw2Gq9GLKguNv4?cluster=devnet"}
{"name": "pool-loader-batch-212400", "signature": "3FArMc4MgTdK9aYoG8HY94ExVBCBr9qjHChUyh7dsvyqDdyNhdLvDzoJUrvvEqSf6yooAhMrejgmxLiCoT6JSYqv", "slot": 495671292, "fee": 15000, "units_consumed": 7110, "declared_cu": 1200000, "wire_bytes": 3888, "explorer": "https://explorer.solana.com/tx/3FArMc4MgTdK9aYoG8HY94ExVBCBr9qjHChUyh7dsvyqDdyNhdLvDzoJUrvvEqSf6yooAhMrejgmxLiCoT6JSYqv?cluster=devnet"}
{"name": "pool-loader-batch-306000", "signature": "Khb6aEMzBBM6WPpQgAgzbWHvziDh1C7q4cn8KU26XpFM9mexbR4s94AwMfxUye7tiNeAGj2QxwMo3881FMXDTW9", "slot": 495671531, "fee": 15000, "units_consumed": 7110, "declared_cu": 1200000, "wire_bytes": 3888, "explorer": "https://explorer.solana.com/tx/Khb6aEMzBBM6WPpQgAgzbWHvziDh1C7q4cn8KU26XpFM9mexbR4s94AwMfxUye7tiNeAGj2QxwMo3881FMXDTW9?cluster=devnet"}
{"name": "pool-loader-batch-266400", "signature": "5WLXiax2ejxE9ymmc9hp4ywsg7F2aN78f8LV4FYjCAfZyMa241Ru7PUKz7VuZgZ8jCM8c9ASQcaf81i5gAgmQRhc", "slot": 495671435, "fee": 15000, "units_consumed": 7110, "declared_cu": 1200000, "wire_bytes": 3888, "explorer": "https://explorer.solana.com/tx/5WLXiax2ejxE9ymmc9hp4ywsg7F2aN78f8LV4FYjCAfZyMa241Ru7PUKz7VuZgZ8jCM8c9ASQcaf81i5gAgmQRhc?cluster=devnet"}
{"name": "pool-loader-batch-104400", "signature": "4xi2hGv5oSRmasMnhJi6g2gN2xvgc4KMU6j4HKnqQKrdNHhmxvhUEs6LorZj2swojWJoKFL132g5KyfQjjuWqF8p", "slot": 495670963, "fee": 15000, "units_consumed": 7110, "declared_cu": 1200000, "wire_bytes": 3888, "explorer": "https://explorer.solana.com/tx/4xi2hGv5oSRmasMnhJi6g2gN2xvgc4KMU6j4HKnqQKrdNHhmxvhUEs6LorZj2swojWJoKFL132g5KyfQjjuWqF8p?cluster=devnet"}
{"name": "pool-loader-batch-169200", "signature": "5Xi1Xd2e2Yq5ciY77XYDbkB6CBhcDi9FtU9kNVPfmCNmnbNQkSuf6vNmQbTsrXKorF3PrJhwL9ZYb937GC9v1jW3", "slot": 495671148, "fee": 15000, "units_consumed": 7110, "declared_cu": 1200000, "wire_bytes": 3888, "explorer": "https://explorer.solana.com/tx/5Xi1Xd2e2Yq5ciY77XYDbkB6CBhcDi9FtU9kNVPfmCNmnbNQkSuf6vNmQbTsrXKorF3PrJhwL9ZYb937GC9v1jW3?cluster=devnet"}
{"name": "pool-loader-batch-46800", "signature": "5MUTEs6D5nEwusXsoKryobh6ZnZLbSYu7nY4ZyrGYzKuyqGYHptMW5HEohJAyg1BoPVqaZcsUvsDtTF3ExiaWvPZ", "slot": 495670796, "fee": 15000, "units_consumed": 7110, "declared_cu": 1200000, "wire_bytes": 3888, "explorer": "https://explorer.solana.com/tx/5MUTEs6D5nEwusXsoKryobh6ZnZLbSYu7nY4ZyrGYzKuyqGYHptMW5HEohJAyg1BoPVqaZcsUvsDtTF3ExiaWvPZ?cluster=devnet"}
{"name": "pool-loader-batch-302400", "signature": "2YmPtxarWzQWnVKEyBy2TbbXzS6KBeby53HR8RcbHqWAKUApxTb1M42ybxYoM7yisoghh74wTKSq6PJLryrGreEr", "slot": 495671516, "fee": 15000, "units_consumed": 7110, "declared_cu": 1200000, "wire_bytes": 3888, "explorer": "https://explorer.solana.com/tx/2YmPtxarWzQWnVKEyBy2TbbXzS6KBeby53HR8RcbHqWAKUApxTb1M42ybxYoM7yisoghh74wTKSq6PJLryrGreEr?cluster=devnet"}
{"name": "pool-loader-batch-118800", "signature": "8EjqDq9PZ3nphzi6s1FCv4EcVFoQuCf3U5rTEP8hDpMhvqcsW5A7t9LUdDSmCJZZ13m29WnKtFjc78SJdFB16sR", "slot": 495671001, "fee": 15000, "units_consumed": 7110, "declared_cu": 1200000, "wire_bytes": 3888, "explorer": "https://explorer.solana.com/tx/8EjqDq9PZ3nphzi6s1FCv4EcVFoQuCf3U5rTEP8hDpMhvqcsW5A7t9LUdDSmCJZZ13m29WnKtFjc78SJdFB16sR?cluster=devnet"}
{"name": "pool-loader-batch-252000", "signature": "3uAKyt2tXBCWsbGrwKecgqxq3tVfcApQiom4b4GyXZybD6KS3EkZoN8JewPQVGDg29AAk3TY56131SW47JREDVvb", "slot": 495671397, "fee": 15000, "units_consumed": 7110, "declared_cu": 1200000, "wire_bytes": 3888, "explorer": "https://explorer.solana.com/tx/3uAKyt2tXBCWsbGrwKecgqxq3tVfcApQiom4b4GyXZybD6KS3EkZoN8JewPQVGDg29AAk3TY56131SW47JREDVvb?cluster=devnet"}
Finalized buffer matches exact ELF
