Running as unit: aspis-checkpoint-receipt-diagnostic-v1.scope; invocation ID: 6de665e25d3d4cd69aee8d7959488419
{"control":"bad-root-preparation","cu":411623,"error":"InstructionError(0, Custom(1095966721))","rejected":true}
{"control":"bad-frontier-preparation","cu":11187,"error":"InstructionError(0, Custom(1095966721))","rejected":true}
{"cu":423587,"lane":0,"phase":"prepare"}
{"cu":420591,"lane":1,"phase":"prepare"}
{"cu":423589,"lane":2,"phase":"prepare"}
{"cu":419050,"lane":3,"phase":"prepare"}
{"cu":419077,"lane":4,"phase":"prepare"}
{"cu":419110,"lane":5,"phase":"prepare"}
{"cu":419070,"lane":6,"phase":"prepare"}
{"cu":435580,"lane":7,"phase":"prepare"}
{"control":"stale-lane","cu":16129,"error":"InstructionError(0, InvalidAccountData)","master_checkpoint_unchanged":true,"rejected":true}
{"control":"wrong-receipt-owner","cu":11479,"error":"InstructionError(0, IncorrectProgramId)","master_checkpoint_unchanged":true,"rejected":true}
{"control":"corrupt-receipt","cu":16129,"error":"InstructionError(0, InvalidAccountData)","master_checkpoint_unchanged":true,"rejected":true}
{"control":"swapped-receipts","cu":16045,"error":"InstructionError(0, InvalidAccountData)","master_checkpoint_unchanged":true,"rejected":true}
{"all_eight_lanes_populated":true,"cu":237796,"declared_cu":1200000,"evidence_kind":"local diagnostic only","exact_canonical_checkpoint_and_master":true,"lanes_unchanged":true,"phase":"checkpoint","simulation_cu":237796}
	Command being timed: "checkpoint-svm-target/release/checkpoint_receipt_diagnostic docs/research/v8-isolated-devnet-smoke-20260909/evidence/all-lanes-checkpoint-blocked-state.json docs/research/v8-isolated-devnet-smoke-20260909/first-setup-plan.json sbf-checkpoint-receipts-v2/aspis_pool.so"
	User time (seconds): 0.01
	System time (seconds): 0.00
	Percent of CPU this job got: 91%
	Elapsed (wall clock) time (h:mm:ss or m:ss): 0:00.02
	Average shared text size (kbytes): 0
	Average unshared data size (kbytes): 0
	Average stack size (kbytes): 0
	Average total size (kbytes): 0
	Maximum resident set size (kbytes): 20064
	Average resident set size (kbytes): 0
	Major (requiring I/O) page faults: 0
	Minor (reclaiming a frame) page faults: 4032
	Voluntary context switches: 3
	Involuntary context switches: 2
	Swaps: 0
	File system inputs: 248
	File system outputs: 0
	Socket messages sent: 0
	Socket messages received: 0
	Signals delivered: 0
	Page size (bytes): 4096
	Exit status: 0
