Warning: Permanently added '100.108.41.90' (ED25519) to the list of known hosts.
Running as unit: aspis-focus-1791148846226212000.service; invocation ID: af523d172312497aa70e67712d9659e7
'AspisV8R19.R772Point02DualLeavesChunk13.p0_transport_zero_original_177' depends on axioms: [propext,
 Classical.choice,
 Quot.sound]
'AspisV8R19.R772Point02DualLeavesChunk13.p2_transport_zero_original_177' depends on axioms: [propext,
 Classical.choice,
 Quot.sound]
'AspisV8R19.R772Point02DualLeavesChunk13.p0_transport_zero_original_193' depends on axioms: [propext,
 Classical.choice,
 Quot.sound]
'AspisV8R19.R772Point02DualLeavesChunk13.p2_transport_zero_original_193' depends on axioms: [propext,
 Classical.choice,
 Quot.sound]
'AspisV8R19.R772Point02DualLeavesChunk13.p0_transport_zero_original_209' depends on axioms: [propext,
 Classical.choice,
 Quot.sound]
'AspisV8R19.R772Point02DualLeavesChunk13.p2_transport_zero_original_209' depends on axioms: [propext,
 Classical.choice,
 Quot.sound]
'AspisV8R19.R772Point02DualLeavesChunk13.p0_transport_zero_original_225' depends on axioms: [propext,
 Classical.choice,
 Quot.sound]
'AspisV8R19.R772Point02DualLeavesChunk13.p2_transport_zero_original_225' depends on axioms: [propext,
 Classical.choice,
 Quot.sound]
'AspisV8R19.R772Point02DualLeavesChunk13.p0_transport_zero_original_241' depends on axioms: [propext,
 Classical.choice,
 Quot.sound]
'AspisV8R19.R772Point02DualLeavesChunk13.p2_transport_zero_original_241' depends on axioms: [propext,
 Classical.choice,
 Quot.sound]
'AspisV8R19.R772Point02DualLeavesChunk13.p0_transport_zero_original_257' depends on axioms: [propext,
 Classical.choice,
 Quot.sound]
'AspisV8R19.R772Point02DualLeavesChunk13.p2_transport_zero_original_257' depends on axioms: [propext,
 Classical.choice,
 Quot.sound]
'AspisV8R19.R772Point02DualLeavesChunk13.p0_transport_zero_original_273' depends on axioms: [propext,
 Classical.choice,
 Quot.sound]
'AspisV8R19.R772Point02DualLeavesChunk13.p2_transport_zero_original_273' depends on axioms: [propext,
 Classical.choice,
 Quot.sound]
'AspisV8R19.R772Point02DualLeavesChunk13.p0_transport_zero_original_289' depends on axioms: [propext,
 Classical.choice,
 Quot.sound]
'AspisV8R19.R772Point02DualLeavesChunk13.p2_transport_zero_original_289' depends on axioms: [propext,
 Classical.choice,
 Quot.sound]
'AspisV8R19.R772Point02DualLeavesChunk13.p0_transport_zero_original_305' depends on axioms: [propext,
 Classical.choice,
 Quot.sound]
'AspisV8R19.R772Point02DualLeavesChunk13.p2_transport_zero_original_305' depends on axioms: [propext,
 Classical.choice,
 Quot.sound]
'AspisV8R19.R772Point02DualLeavesChunk13.p0_transport_zero_original_321' depends on axioms: [propext,
 Classical.choice,
 Quot.sound]
'AspisV8R19.R772Point02DualLeavesChunk13.p2_transport_zero_original_321' depends on axioms: [propext,
 Classical.choice,
 Quot.sound]
'AspisV8R19.R772Point02DualLeavesChunk13.p0_transport_zero_original_337' depends on axioms: [propext,
 Classical.choice,
 Quot.sound]
'AspisV8R19.R772Point02DualLeavesChunk13.p2_transport_zero_original_337' depends on axioms: [propext,
 Classical.choice,
 Quot.sound]
'AspisV8R19.R772Point02DualLeavesChunk13.p0_transport_zero_original_353' depends on axioms: [propext,
 Classical.choice,
 Quot.sound]
'AspisV8R19.R772Point02DualLeavesChunk13.p2_transport_zero_original_353' depends on axioms: [propext,
 Classical.choice,
 Quot.sound]
'AspisV8R19.R772Point02DualLeavesChunk13.p0_transport_zero_original_369' depends on axioms: [propext,
 Classical.choice,
 Quot.sound]
'AspisV8R19.R772Point02DualLeavesChunk13.p2_transport_zero_original_369' depends on axioms: [propext,
 Classical.choice,
 Quot.sound]
'AspisV8R19.R772Point02DualLeavesChunk13.p0_transport_zero_original_385' depends on axioms: [propext,
 Classical.choice,
 Quot.sound]
'AspisV8R19.R772Point02DualLeavesChunk13.p2_transport_zero_original_385' depends on axioms: [propext,
 Classical.choice,
 Quot.sound]
'AspisV8R19.R772Point02DualLeavesChunk13.p0_transport_zero_original_400' depends on axioms: [propext,
 Classical.choice,
 Quot.sound]
'AspisV8R19.R772Point02DualLeavesChunk13.p2_transport_zero_original_400' depends on axioms: [propext,
 Classical.choice,
 Quot.sound]
'AspisV8R19.R772Point02DualLeavesChunk13.p0_transport_zero_original_401' depends on axioms: [propext,
 Classical.choice,
 Quot.sound]
'AspisV8R19.R772Point02DualLeavesChunk13.p2_transport_zero_original_401' depends on axioms: [propext,
 Classical.choice,
 Quot.sound]
	Command being timed: "/home/dombarker/.elan/bin/lake --dir /home/dombarker/project-offloads/aspis-r126-release-20260930-a/focus-workspace env lean -j1 -M4500 -R /home/dombarker/project-offloads/aspis-r57-lean-src-20260929-a -o /home/dombarker/project-offloads/aspis-r126-release-20260930-a/lib/AspisV8R19/R772Point02DualLeavesChunk13.olean /home/dombarker/project-offloads/aspis-r57-lean-src-20260929-a/AspisV8R19/R772Point02DualLeavesChunk13.lean"
	User time (seconds): 1.29
	System time (seconds): 0.34
	Percent of CPU this job got: 100%
	Elapsed (wall clock) time (h:mm:ss or m:ss): 0:01.63
	Average shared text size (kbytes): 0
	Average unshared data size (kbytes): 0
	Average stack size (kbytes): 0
	Average total size (kbytes): 0
	Maximum resident set size (kbytes): 3309652
	Average resident set size (kbytes): 0
	Major (requiring I/O) page faults: 0
	Minor (reclaiming a frame) page faults: 78361
	Voluntary context switches: 1417
	Involuntary context switches: 65
	Swaps: 0
	File system inputs: 128
	File system outputs: 200
	Socket messages sent: 0
	Socket messages received: 0
	Signals delivered: 0
	Page size (bytes): 4096
	Exit status: 0
Finished with result: success
Main processes terminated with: code=exited/status=0
Service runtime: 1.666s
CPU time consumed: 1.680s
Memory peak: 332.0K
Memory swap peak: 0B
