'AspisR19.QM31AdmissibleGrid.mixed_grid' depends on axioms: [propext, Classical.choice, Quot.sound]
'AspisR19.QM31AdmissibleGrid.admitted_grid' depends on axioms: [propext, Classical.choice, Quot.sound]
'AspisR19.QM31AdmissibleGrid.nonzero_implies_selected_surjective' depends on axioms: [propext,
 Classical.choice,
 Quot.sound]
	Command being timed: "/home/dombarker/.elan/bin/lake env lean -R /home/dombarker/project-offloads/aspis-r42-lean-src-20260929-a -o /home/dombarker/project-offloads/aspis-r42-lean-20260929-b/lib/AspisV8R19/QM31AdmissibleGrid.olean /home/dombarker/project-offloads/aspis-r42-lean-src-20260929-a/AspisV8R19/QM31AdmissibleGrid.lean"
	User time (seconds): 2.81
	System time (seconds): 0.36
	Percent of CPU this job got: 163%
	Elapsed (wall clock) time (h:mm:ss or m:ss): 0:01.94
	Average shared text size (kbytes): 0
	Average unshared data size (kbytes): 0
	Average stack size (kbytes): 0
	Average total size (kbytes): 0
	Maximum resident set size (kbytes): 2452596
	Average resident set size (kbytes): 0
	Major (requiring I/O) page faults: 0
	Minor (reclaiming a frame) page faults: 56793
	Voluntary context switches: 2003
	Involuntary context switches: 66
	Swaps: 0
	File system inputs: 0
	File system outputs: 104
	Socket messages sent: 0
	Socket messages received: 0
	Signals delivered: 0
	Page size (bytes): 4096
	Exit status: 0
