Warning: Permanently added '100.108.41.90' (ED25519) to the list of known hosts.
Running as unit: aspis-focus-1791157652392429000-87e6c50f3469.service; invocation ID: 6dc1e48f379c44f1ab6bf5a70005bb07
'AspisV8R19.R807SourceBlock20Binding.source_block20_eq_certificate' depends on axioms: [propext,
 Classical.choice,
 Quot.sound]
	Command being timed: "/home/dombarker/.elan/bin/lake --dir /home/dombarker/project-offloads/aspis-r126-release-20260930-a/focus-workspace env lean -j1 -M4500 -R /home/dombarker/project-offloads/aspis-r57-lean-src-20260929-a -o /home/dombarker/project-offloads/aspis-r126-release-20260930-a/lib/AspisV8R19/R807SourceBlock20Binding.olean /home/dombarker/project-offloads/aspis-r57-lean-src-20260929-a/AspisV8R19/R807SourceBlock20Binding.lean"
	User time (seconds): 1.18
	System time (seconds): 0.36
	Percent of CPU this job got: 99%
	Elapsed (wall clock) time (h:mm:ss or m:ss): 0:01.56
	Average shared text size (kbytes): 0
	Average unshared data size (kbytes): 0
	Average stack size (kbytes): 0
	Average total size (kbytes): 0
	Maximum resident set size (kbytes): 3313828
	Average resident set size (kbytes): 0
	Major (requiring I/O) page faults: 1
	Minor (reclaiming a frame) page faults: 77544
	Voluntary context switches: 160
	Involuntary context switches: 67
	Swaps: 0
	File system inputs: 120
	File system outputs: 24
	Socket messages sent: 0
	Socket messages received: 0
	Signals delivered: 0
	Page size (bytes): 4096
	Exit status: 0
Finished with result: success
Main processes terminated with: code=exited/status=0
Service runtime: 1.598s
CPU time consumed: 1.588s
Memory peak: 288.0K
Memory swap peak: 0B
