Warning: Permanently added '100.108.41.90' (ED25519) to the list of known hosts.
Running as unit: aspis-focus-1791161864865929000-4e9de55af7bb.service; invocation ID: ff2406d5455845b1a73e6238dd0bab10
'AspisV8R19.R842SparseCoefficientDegree.rowWeight_degree' depends on axioms: [propext, Classical.choice, Quot.sound]
'AspisV8R19.R842SparseCoefficientDegree.sparse_coefficient_degree' depends on axioms: [propext,
 Classical.choice,
 Quot.sound]
	Command being timed: "/home/dombarker/.elan/bin/lake --dir /home/dombarker/project-offloads/aspis-r126-release-20260930-a/focus-workspace env lean -j1 -M4500 -R /home/dombarker/project-offloads/aspis-r57-lean-src-20260929-a -o /home/dombarker/project-offloads/aspis-r126-release-20260930-a/lib/AspisV8R19/R842SparseCoefficientDegree.olean /home/dombarker/project-offloads/aspis-r57-lean-src-20260929-a/AspisV8R19/R842SparseCoefficientDegree.lean"
	User time (seconds): 1.53
	System time (seconds): 0.35
	Percent of CPU this job got: 99%
	Elapsed (wall clock) time (h:mm:ss or m:ss): 0:01.89
	Average shared text size (kbytes): 0
	Average unshared data size (kbytes): 0
	Average stack size (kbytes): 0
	Average total size (kbytes): 0
	Maximum resident set size (kbytes): 3302136
	Average resident set size (kbytes): 0
	Major (requiring I/O) page faults: 0
	Minor (reclaiming a frame) page faults: 77529
	Voluntary context switches: 587
	Involuntary context switches: 58
	Swaps: 0
	File system inputs: 96
	File system outputs: 232
	Socket messages sent: 0
	Socket messages received: 0
	Signals delivered: 0
	Page size (bytes): 4096
	Exit status: 0
Finished with result: success
Main processes terminated with: code=exited/status=0
Service runtime: 1.917s
CPU time consumed: 1.914s
Memory peak: 512.0K
Memory swap peak: 0B
