Warning: Permanently added '100.108.41.90' (ED25519) to the list of known hosts.
Running as unit: aspis-focus-1790947873301256000.service; invocation ID: d434ae1acfb946d88f2d82b5bd775551
/home/dombarker/project-offloads/aspis-r57-lean-src-20260929-a/AspisV8R19/R368WireSemanticCompatibility.lean:16:0: warning: automatically included section variable(s) unused in theorem `AspisR19.R368WireSemanticCompatibility.wire_eval`:
  [NeZero 2]
consider restructuring your `variable` declarations so that the variables are not in scope or explicitly omit them:
  omit [NeZero 2] in theorem ...

Note: This linter can be disabled with `set_option linter.unusedSectionVars false`
/home/dombarker/project-offloads/aspis-r57-lean-src-20260929-a/AspisV8R19/R368WireSemanticCompatibility.lean:21:0: warning: automatically included section variable(s) unused in theorem `AspisR19.R368WireSemanticCompatibility.wire_degree`:
  [NeZero 2]
consider restructuring your `variable` declarations so that the variables are not in scope or explicitly omit them:
  omit [NeZero 2] in theorem ...

Note: This linter can be disabled with `set_option linter.unusedSectionVars false`
/home/dombarker/project-offloads/aspis-r57-lean-src-20260929-a/AspisV8R19/R368WireSemanticCompatibility.lean:34:0: warning: automatically included section variable(s) unused in theorem `AspisR19.R368WireSemanticCompatibility.wire_constant`:
  [NeZero 2]
consider restructuring your `variable` declarations so that the variables are not in scope or explicitly omit them:
  omit [NeZero 2] in theorem ...

Note: This linter can be disabled with `set_option linter.unusedSectionVars false`
/home/dombarker/project-offloads/aspis-r57-lean-src-20260929-a/AspisV8R19/R368WireSemanticCompatibility.lean:39:0: warning: automatically included section variable(s) unused in theorem `AspisR19.R368WireSemanticCompatibility.wire_high`:
  [NeZero 2]
consider restructuring your `variable` declarations so that the variables are not in scope or explicitly omit them:
  omit [NeZero 2] in theorem ...

Note: This linter can be disabled with `set_option linter.unusedSectionVars false`
/home/dombarker/project-offloads/aspis-r57-lean-src-20260929-a/AspisV8R19/R368WireSemanticCompatibility.lean:57:2: error: ring failed, ring expressions not equal
F : Type u_1
inst✝¹ : Field F
inst✝ : NeZero 2
carry constant : F
high : Fin 26 → F
hd : (wirePolynomial carry constant high).natDegree ≤ 27
h1 :
  eval 1 (wirePolynomial carry constant high) =
    (wirePolynomial carry constant high).coeff 0 + (wirePolynomial carry constant high).coeff 1 * 1 +
      ∑ i, tail (wirePolynomial carry constant high) i * 1 ^ (↑i + 2)
h0 : (wirePolynomial carry constant high).coeff 0 = constant
ht : tail (wirePolynomial carry constant high) = high
hb :
  constant +
      ((wirePolynomial carry constant high).coeff 0 + (wirePolynomial carry constant high).coeff 1 + ∑ x, high x) =
    carry
⊢ constant - (wirePolynomial carry constant high).coeff 0 = 0
/home/dombarker/project-offloads/aspis-r57-lean-src-20260929-a/AspisV8R19/R368WireSemanticCompatibility.lean:79:0: warning: automatically included section variable(s) unused in theorem `AspisR19.R368WireSemanticCompatibility.terminal_guard_ok`:
  [Field F]
  [NeZero 2]
consider restructuring your `variable` declarations so that the variables are not in scope or explicitly omit them:
  omit [Field F] [NeZero 2] in theorem ...

Note: This linter can be disabled with `set_option linter.unusedSectionVars false`
/home/dombarker/project-offloads/aspis-r57-lean-src-20260929-a/AspisV8R19/R368WireSemanticCompatibility.lean:89:0: warning: automatically included section variable(s) unused in theorem `AspisR19.R368WireSemanticCompatibility.terminal_guard_error`:
  [Field F]
  [NeZero 2]
consider restructuring your `variable` declarations so that the variables are not in scope or explicitly omit them:
  omit [Field F] [NeZero 2] in theorem ...

Note: This linter can be disabled with `set_option linter.unusedSectionVars false`
'AspisR19.R368WireSemanticCompatibility.wire_eval' depends on axioms: [propext, Classical.choice, Quot.sound]
'AspisR19.R368WireSemanticCompatibility.wire_degree' depends on axioms: [propext, Classical.choice, Quot.sound]
'AspisR19.R368WireSemanticCompatibility.wire_boundary' depends on axioms: [propext, Classical.choice, Quot.sound]
'AspisR19.R368WireSemanticCompatibility.wire_constant' depends on axioms: [propext, Classical.choice, Quot.sound]
'AspisR19.R368WireSemanticCompatibility.wire_high' depends on axioms: [propext, Classical.choice, Quot.sound]
'AspisR19.R368WireSemanticCompatibility.wire_linear' depends on axioms: [propext, sorryAx, Classical.choice, Quot.sound]
'AspisR19.R368WireSemanticCompatibility.wire_walk_valid' depends on axioms: [propext, Classical.choice, Quot.sound]
'AspisR19.R368WireSemanticCompatibility.terminal_guard_ok' depends on axioms: [propext, Quot.sound]
'AspisR19.R368WireSemanticCompatibility.terminal_guard_error' depends on axioms: [propext, Quot.sound]
'AspisR19.R368WireSemanticCompatibility.accepted_wire_compatibility' depends on axioms: [propext,
 Classical.choice,
 Quot.sound]
Command exited with non-zero status 1
	Command being timed: "/home/dombarker/.elan/bin/lake --dir /home/dombarker/project-offloads/aspis-r126-release-20260930-a/focus-workspace env lean -j1 -M4500 -R /home/dombarker/project-offloads/aspis-r57-lean-src-20260929-a -o /home/dombarker/project-offloads/aspis-r126-release-20260930-a/lib/AspisV8R19/R368WireSemanticCompatibility.olean /home/dombarker/project-offloads/aspis-r57-lean-src-20260929-a/AspisV8R19/R368WireSemanticCompatibility.lean"
	User time (seconds): 1.38
	System time (seconds): 0.21
	Percent of CPU this job got: 100%
	Elapsed (wall clock) time (h:mm:ss or m:ss): 0:01.58
	Average shared text size (kbytes): 0
	Average unshared data size (kbytes): 0
	Average stack size (kbytes): 0
	Average total size (kbytes): 0
	Maximum resident set size (kbytes): 2046240
	Average resident set size (kbytes): 0
	Major (requiring I/O) page faults: 0
	Minor (reclaiming a frame) page faults: 48785
	Voluntary context switches: 1068
	Involuntary context switches: 39
	Swaps: 0
	File system inputs: 0
	File system outputs: 0
	Socket messages sent: 0
	Socket messages received: 0
	Signals delivered: 0
	Page size (bytes): 4096
	Exit status: 1
Finished with result: exit-code
Main processes terminated with: code=exited/status=1
Service runtime: 1.608s
CPU time consumed: 1.624s
Memory peak: 552.0K
Memory swap peak: 0B
