Warning: Permanently added '100.108.41.90' (ED25519) to the list of known hosts.
Running as unit: aspis-focus-1790900117893829000.service; invocation ID: 272ffbb79a884904b4168291ae959a21
/home/dombarker/project-offloads/aspis-r57-lean-src-20260929-a/AspisV8R19/R193CountedSliceFoldControl.lean:38:46: error: failed to prove index is valid, possible solutions:
  - Use `have`-expressions to prove the index is valid
  - Use `a[i]!` notation instead, runtime check is performed, and 'Panic' error message is produced if index is not valid
  - Use `a[i]?` notation instead, result is an `Option` type
  - Use `a[i]'h` notation instead, where `h` is a proof that index is valid
T B F : Type
xs : List T
k : core.ops.function.FnMut F (B × T) B
f : F
init : B
load : ℕ → Result T
i : ℕ
⊢ i < xs.length
/home/dombarker/project-offloads/aspis-r57-lean-src-20260929-a/AspisV8R19/R193CountedSliceFoldControl.lean:76:16: error: unsolved goals
case neg
T B F : Type
k : core.ops.function.FnMut F (B × T) B
f✝ : F
init : B
load : ℕ → Result T
x : T
xs : List T
hload : ∀ i < (x :: xs).length, load i = ok (x :: xs)[i]
body : ℕ × F × B → Result (ControlFlow (ℕ × F × B) B) := countedBody load (x :: xs).length k
n : ℕ
ih :
  ∀ m < n,
    ∀ i < (x :: xs).length,
      (x :: xs).length - i = m →
        ∀ (f : F) (acc : B),
          loop body (i, f, acc) = do
            let __x ← R183DefaultFoldExecution.foldMutList k (List.drop i (x :: xs)) f acc
            match __x with
              | (result, snd) => ok result
i : ℕ
hi : i < (x :: xs).length
hremain : (x :: xs).length - i = n
f : F
acc : B
hdrop : List.drop i (x :: xs) = (x :: xs)[i] :: List.drop (i + 1) (x :: xs)
acc1 : B
f1 : F
hk : k.call_mut f (acc, (x :: xs)[i]) = ok (acc1, f1)
hend : ¬i + 1 = (x :: xs).length
hnext : i + 1 < (x :: xs).length
hremain' : (x :: xs).length - (i + 1) < n
hrec :
  loop body (i + 1, f1, acc1) = do
    let __x ← R183DefaultFoldExecution.foldMutList k (List.drop (i + 1) (x :: xs)) f1 acc1
    match __x with
      | (result, snd) => ok result
⊢ (match if i = xs.length then ok (done acc1) else ok (cont (i + 1, f1, acc1)) with
    | ok r =>
      match r with
      | cont x => loop (countedBody load (xs.length + 1) k) x
      | done x => ok x
    | fail e => fail e
    | div => div) =
    do
    let __x ← R183DefaultFoldExecution.foldMutList k (List.drop i xs) f1 acc1
    ok __x.1
/home/dombarker/project-offloads/aspis-r57-lean-src-20260929-a/AspisV8R19/R193CountedSliceFoldControl.lean:75:20: warning: This simp argument is unused:
  htail

Hint: Omit it from the simp argument list.
  simp [body, countedBody, hload i hi, hk, hdrop, hend,
                      h̵t̵a̵i̵l̵,̵ ̵AspisV8R19.R183DefaultFoldExecution.foldMutList]

Note: This linter can be disabled with `set_option linter.unusedSimpArgs false`
/home/dombarker/project-offloads/aspis-r57-lean-src-20260929-a/AspisV8R19/R193CountedSliceFoldControl.lean:80:66: warning: This simp argument is unused:
  hend

Hint: Omit it from the simp argument list.
  simp [body, countedBody, hload i hi, hk, hdrop, ̵h̵e̵n̵d̵,̵
                      AspisV8R19.R183DefaultFoldExecution.foldMutList, hrec]

Note: This linter can be disabled with `set_option linter.unusedSimpArgs false`
/home/dombarker/project-offloads/aspis-r57-lean-src-20260929-a/AspisV8R19/R193CountedSliceFoldControl.lean:81:69: warning: This simp argument is unused:
  hrec

Hint: Omit it from the simp argument list.
  simp [body, countedBody, hload i hi, hk, hdrop, hend,
                      AspisV8R19.R183DefaultFoldExecution.foldMutList,̵ ̵h̵r̵e̵c̵]

Note: This linter can be disabled with `set_option linter.unusedSimpArgs false`
'AspisV8R19.R193CountedSliceFoldControl.countedFold_list' depends on axioms: [propext,
 sorryAx,
 Classical.choice,
 Quot.sound]
Command exited with non-zero status 1
	Command being timed: "/home/dombarker/.elan/bin/lake --dir /home/dombarker/project-offloads/aspis-r126-release-20260930-a/focus-workspace env lean -j1 -M4500 -R /home/dombarker/project-offloads/aspis-r57-lean-src-20260929-a -o /home/dombarker/project-offloads/aspis-r126-release-20260930-a/lib/AspisV8R19/R193CountedSliceFoldControl.olean /home/dombarker/project-offloads/aspis-r57-lean-src-20260929-a/AspisV8R19/R193CountedSliceFoldControl.lean"
	User time (seconds): 1.04
	System time (seconds): 0.25
	Percent of CPU this job got: 101%
	Elapsed (wall clock) time (h:mm:ss or m:ss): 0:01.27
	Average shared text size (kbytes): 0
	Average unshared data size (kbytes): 0
	Average stack size (kbytes): 0
	Average total size (kbytes): 0
	Maximum resident set size (kbytes): 2529820
	Average resident set size (kbytes): 0
	Major (requiring I/O) page faults: 0
	Minor (reclaiming a frame) page faults: 64732
	Voluntary context switches: 610
	Involuntary context switches: 47
	Swaps: 0
	File system inputs: 8
	File system outputs: 0
	Socket messages sent: 0
	Socket messages received: 0
	Signals delivered: 0
	Page size (bytes): 4096
	Exit status: 1
Finished with result: exit-code
Main processes terminated with: code=exited/status=1
Service runtime: 1.299s
CPU time consumed: 1.319s
Memory peak: 328.0K
Memory swap peak: 0B
