Warning: Permanently added '100.108.41.90' (ED25519) to the list of known hosts.
Running as unit: aspis-focus-1790951426811815000.service; invocation ID: e51308a256374a3685d9485ee37ca91c
/home/dombarker/project-offloads/aspis-r57-lean-src-20260929-a/R377SelectorCoordinateDegree.lean:35:12: warning: This simp argument is unused:
  Finset.sum_ite_irrel

Hint: Omit it from the simp argument list.
  simp ̵[̵F̵i̵n̵s̵e̵t̵.̵s̵u̵m̵_̵i̵t̵e̵_̵i̵r̵r̵e̵l̵]̵

Note: This linter can be disabled with `set_option linter.unusedSimpArgs false`
/home/dombarker/project-offloads/aspis-r57-lean-src-20260929-a/R377SelectorCoordinateDegree.lean:46:26: warning: This simp argument is unused:
  eval_prod

Hint: Omit it from the simp argument list.
  simp only [if_pos hb,̵ ̵e̵v̵a̵l̵_̵p̵r̵o̵d̵]

Note: This linter can be disabled with `set_option linter.unusedSimpArgs false`
'AspisV8R19.R377SelectorCoordinateDegree.selectorPolynomial_degree' depends on axioms: [propext,
 Classical.choice,
 Quot.sound]
'AspisV8R19.R377SelectorCoordinateDegree.selectorPolynomial_eval' depends on axioms: [propext,
 Classical.choice,
 Quot.sound]
'AspisV8R19.R377SelectorCoordinateDegree.weightedSelectorPolynomial_degree' depends on axioms: [propext,
 Classical.choice,
 Quot.sound]
'AspisV8R19.R377SelectorCoordinateDegree.weightedSelectorPolynomial_eval' depends on axioms: [propext,
 Classical.choice,
 Quot.sound]
	Command being timed: "/home/dombarker/.elan/bin/lake --dir /home/dombarker/project-offloads/aspis-r126-release-20260930-a/focus-workspace env lean -j1 -M4500 -R /home/dombarker/project-offloads/aspis-r57-lean-src-20260929-a -o /home/dombarker/project-offloads/aspis-r126-release-20260930-a/lib/R377SelectorCoordinateDegree.olean /home/dombarker/project-offloads/aspis-r57-lean-src-20260929-a/R377SelectorCoordinateDegree.lean"
	User time (seconds): 0.80
	System time (seconds): 0.23
	Percent of CPU this job got: 100%
	Elapsed (wall clock) time (h:mm:ss or m:ss): 0:01.03
	Average shared text size (kbytes): 0
	Average unshared data size (kbytes): 0
	Average stack size (kbytes): 0
	Average total size (kbytes): 0
	Maximum resident set size (kbytes): 2297784
	Average resident set size (kbytes): 0
	Major (requiring I/O) page faults: 0
	Minor (reclaiming a frame) page faults: 53219
	Voluntary context switches: 619
	Involuntary context switches: 44
	Swaps: 0
	File system inputs: 0
	File system outputs: 200
	Socket messages sent: 0
	Socket messages received: 0
	Signals delivered: 0
	Page size (bytes): 4096
	Exit status: 0
Finished with result: success
Main processes terminated with: code=exited/status=0
Service runtime: 1.067s
CPU time consumed: 1.068s
Memory peak: 256.0K
Memory swap peak: 0B
