Warning: Permanently added '100.108.41.90' (ED25519) to the list of known hosts.
Running as unit: aspis-focus-1790903369641217000.service; invocation ID: 10ab580746924c9ba7cb943e6586475d
/home/dombarker/project-offloads/aspis-r57-lean-src-20260929-a/AspisV8R19/R205AbsorbHashCall.lean:16:4: error: 'change' tactic failed, pattern
  32 + ((↑data).length + 1 + 1) ≤ UScalar.max UScalarTy.Usize
is not definitionally equal to target
  ↑32#usize + ((↑data).length + 1 + 1) ≤ Usize.max
/home/dombarker/project-offloads/aspis-r57-lean-src-20260929-a/AspisV8R19/R205AbsorbHashCall.lean:36:36: error: unsolved goals
t : transcript.Transcript
label : U8
data : Slice U8
short : data.len ≤ transcript.Transcript.absorb.PACKED_ABSORB_BYTES.wrapping_sub 34#usize
hs : (↑t.state).length = 32
hd : (↑data).length ≤ 158
hend : ↑(Usize.wrapping_add 34#usize data.len) = 34 + (↑data).length
htotal : 34 + (↑data).length ≤ 192
hspan : 34#usize ≤ Usize.wrapping_add 34#usize data.len
h192val : ↑192#usize = 192
h32val : ↑32#usize = 32
h34val : ↑34#usize = 34
h33val : ↑33#usize = 33
h32192 : 32 ≤ 192
hfull : 32 + ((↑data).length + 1 + 1) + (158 - (↑data).length) = 192
⊢ (do
      let a ← t.hash ⟨↑(Array.make 1#usize [⟨↑t.state ++ 0#u8 :: label :: ↑data, ⋯⟩] ⋯), ⋯⟩
      ok { state := a, hash := t.hash }) =
    do
    let next ← t.hash (Array.make 1#usize [⟨↑t.state ++ 0#u8 :: label :: ↑data, ⋯⟩] ⋯).to_slice
    ok { state := next, hash := t.hash }
/home/dombarker/project-offloads/aspis-r57-lean-src-20260929-a/AspisV8R19/R205AbsorbHashCall.lean:100:27: warning: declaration uses `sorry`
'AspisV8R19.R205AbsorbHashCall.short_execution' depends on axioms: [propext, sorryAx, Classical.choice, Quot.sound]
'AspisV8R19.R205AbsorbHashCall.long_execution' depends on axioms: [propext, Classical.choice, Quot.sound]
Command exited with non-zero status 1
	Command being timed: "/home/dombarker/.elan/bin/lake --dir /home/dombarker/project-offloads/aspis-r126-release-20260930-a/focus-workspace env lean -j1 -M4500 -R /home/dombarker/project-offloads/aspis-r57-lean-src-20260929-a -o /home/dombarker/project-offloads/aspis-r126-release-20260930-a/lib/AspisV8R19/R205AbsorbHashCall.olean /home/dombarker/project-offloads/aspis-r57-lean-src-20260929-a/AspisV8R19/R205AbsorbHashCall.lean"
	User time (seconds): 1.40
	System time (seconds): 0.38
	Percent of CPU this job got: 101%
	Elapsed (wall clock) time (h:mm:ss or m:ss): 0:01.77
	Average shared text size (kbytes): 0
	Average unshared data size (kbytes): 0
	Average stack size (kbytes): 0
	Average total size (kbytes): 0
	Maximum resident set size (kbytes): 3695228
	Average resident set size (kbytes): 0
	Major (requiring I/O) page faults: 0
	Minor (reclaiming a frame) page faults: 86403
	Voluntary context switches: 765
	Involuntary context switches: 53
	Swaps: 0
	File system inputs: 16
	File system outputs: 0
	Socket messages sent: 0
	Socket messages received: 0
	Signals delivered: 0
	Page size (bytes): 4096
	Exit status: 1
Finished with result: exit-code
Main processes terminated with: code=exited/status=1
Service runtime: 1.796s
CPU time consumed: 1.816s
Memory peak: 512.0K
Memory swap peak: 0B
