Warning: Permanently added '100.108.41.90' (ED25519) to the list of known hosts.
Running as unit: aspis-focus-1791157873235514000-1e60bdc9ca9c.service; invocation ID: ebddca2b1e5b4acc98989c45d054a172
'AspisV8R19.R811SourceLowerZeroChunk29.rowFlat101_lower_zero' depends on axioms: [propext, Classical.choice, Quot.sound]
'AspisV8R19.R811SourceLowerZeroChunk29.rowFlat102_lower_zero' depends on axioms: [propext, Classical.choice, Quot.sound]
'AspisV8R19.R811SourceLowerZeroChunk29.rowFlat103_lower_zero' depends on axioms: [propext, Classical.choice, Quot.sound]
'AspisV8R19.R811SourceLowerZeroChunk29.rowFlat104_lower_zero' depends on axioms: [propext, Classical.choice, Quot.sound]
	Command being timed: "/home/dombarker/.elan/bin/lake --dir /home/dombarker/project-offloads/aspis-r126-release-20260930-a/focus-workspace env lean -j1 -M4500 -R /home/dombarker/project-offloads/aspis-r57-lean-src-20260929-a -o /home/dombarker/project-offloads/aspis-r126-release-20260930-a/lib/AspisV8R19/R811SourceLowerZeroChunk29.olean /home/dombarker/project-offloads/aspis-r57-lean-src-20260929-a/AspisV8R19/R811SourceLowerZeroChunk29.lean"
	User time (seconds): 11.86
	System time (seconds): 0.54
	Percent of CPU this job got: 99%
	Elapsed (wall clock) time (h:mm:ss or m:ss): 0:12.41
	Average shared text size (kbytes): 0
	Average unshared data size (kbytes): 0
	Average stack size (kbytes): 0
	Average total size (kbytes): 0
	Maximum resident set size (kbytes): 3639284
	Average resident set size (kbytes): 0
	Major (requiring I/O) page faults: 0
	Minor (reclaiming a frame) page faults: 150586
	Voluntary context switches: 444
	Involuntary context switches: 163
	Swaps: 0
	File system inputs: 0
	File system outputs: 144
	Socket messages sent: 0
	Socket messages received: 0
	Signals delivered: 0
	Page size (bytes): 4096
	Exit status: 0
Finished with result: success
Main processes terminated with: code=exited/status=0
Service runtime: 12.440s
CPU time consumed: 12.439s
Memory peak: 292.0K
Memory swap peak: 0B
