Warning: Permanently added '100.108.41.90' (ED25519) to the list of known hosts.
Running as unit: aspis-focus-1790912962665741000.service; invocation ID: 775669a9cdf842188f0ef9eca0096ca9
/home/dombarker/project-offloads/aspis-r57-lean-src-20260929-a/AspisV8R19/R257PrivateSquare.lean:22:6: warning: This simp argument is unused:
  AspisV8R19.R159WideBaseExecution.p_val

Hint: Omit it from the simp argument list.
  simp [AspisV8R19.R250PrivateBaseExecution.p110_val, A̵s̵p̵i̵s̵V̵8̵R̵1̵9̵.̵R̵1̵5̵9̵W̵i̵d̵e̵B̵a̵s̵e̵E̵x̵e̵c̵u̵t̵i̵o̵n̵.̵p̵_̵v̵a̵l̵,̵AspisR156FullFreeze.aspis_core.field.P, P]

Note: This linter can be disabled with `set_option linter.unusedSimpArgs false`
'AspisV8R19.R257PrivateSquare.c_square' depends on axioms: [propext, Classical.choice, Quot.sound]
	Command being timed: "/home/dombarker/.elan/bin/lake --dir /home/dombarker/project-offloads/aspis-r126-release-20260930-a/focus-workspace env lean -j1 -M4500 -R /home/dombarker/project-offloads/aspis-r57-lean-src-20260929-a -o /home/dombarker/project-offloads/aspis-r126-release-20260930-a/lib/AspisV8R19/R257PrivateSquare.olean /home/dombarker/project-offloads/aspis-r57-lean-src-20260929-a/AspisV8R19/R257PrivateSquare.lean"
	User time (seconds): 1.24
	System time (seconds): 0.34
	Percent of CPU this job got: 100%
	Elapsed (wall clock) time (h:mm:ss or m:ss): 0:01.58
	Average shared text size (kbytes): 0
	Average unshared data size (kbytes): 0
	Average stack size (kbytes): 0
	Average total size (kbytes): 0
	Maximum resident set size (kbytes): 3719512
	Average resident set size (kbytes): 0
	Major (requiring I/O) page faults: 0
	Minor (reclaiming a frame) page faults: 86376
	Voluntary context switches: 631
	Involuntary context switches: 51
	Swaps: 0
	File system inputs: 0
	File system outputs: 344
	Socket messages sent: 0
	Socket messages received: 0
	Signals delivered: 0
	Page size (bytes): 4096
	Exit status: 0
Finished with result: success
Main processes terminated with: code=exited/status=0
Service runtime: 1.613s
CPU time consumed: 1.613s
Memory peak: 256.0K
Memory swap peak: 0B
