info: r51_focused: no previous manifest, creating one from scratch
info: toolchain not updated; already up-to-date
/home/dombarker/project-offloads/aspis-r51-lean-src-20260929-a/AspisV8R19/SourceDuplexStep.lean:64:21: warning: This simp argument is unused:
  List.take_append

Hint: Omit it from the simp argument list.
  simp [squeeze, L̵i̵s̵t̵.̵t̵a̵k̵e̵_̵a̵p̵p̵e̵n̵d̵,̵ ̵hs, List.take_of_length_le (by omega : s.length ≤ 32)]

Note: This linter can be disabled with `set_option linter.unusedSimpArgs false`
/home/dombarker/project-offloads/aspis-r51-lean-src-20260929-a/AspisV8R19/SourceDuplexStep.lean:64:43: warning: This simp argument is unused:
  List.take_of_length_le (by omega : s.length ≤ 32)

Hint: Omit it from the simp argument list.
  simp [squeeze, List.take_append, hs,̵ ̵L̵i̵s̵t̵.̵t̵a̵k̵e̵_̵o̵f̵_̵l̵e̵n̵g̵t̵h̵_̵l̵e̵ ̵(̵b̵y̵ ̵o̵m̵e̵g̵a̵ ̵:̵ ̵s̵.̵l̵e̵n̵g̵t̵h̵ ̵≤̵ ̵3̵2̵)̵]

Note: This linter can be disabled with `set_option linter.unusedSimpArgs false`
/home/dombarker/project-offloads/aspis-r51-lean-src-20260929-a/AspisV8R19/SourceDuplexStep.lean:67:21: warning: This simp argument is unused:
  List.take_append

Hint: Omit it from the simp argument list.
  simp [advance, L̵i̵s̵t̵.̵t̵a̵k̵e̵_̵a̵p̵p̵e̵n̵d̵,̵ ̵hs, List.take_of_length_le (by omega : s.length ≤ 32)]

Note: This linter can be disabled with `set_option linter.unusedSimpArgs false`
/home/dombarker/project-offloads/aspis-r51-lean-src-20260929-a/AspisV8R19/SourceDuplexStep.lean:67:43: warning: This simp argument is unused:
  List.take_of_length_le (by omega : s.length ≤ 32)

Hint: Omit it from the simp argument list.
  simp [advance, List.take_append, hs,̵ ̵L̵i̵s̵t̵.̵t̵a̵k̵e̵_̵o̵f̵_̵l̵e̵n̵g̵t̵h̵_̵l̵e̵ ̵(̵b̵y̵ ̵o̵m̵e̵g̵a̵ ̵:̵ ̵s̵.̵l̵e̵n̵g̵t̵h̵ ̵≤̵ ̵3̵2̵)̵]

Note: This linter can be disabled with `set_option linter.unusedSimpArgs false`
'AspisV8R19.SourceDuplexStep.bytes_length' depends on axioms: [propext, Quot.sound]
'AspisV8R19.SourceDuplexStep.advance_uses_prestate' depends on axioms: [propext]
'AspisV8R19.SourceDuplexStep.unread_squeeze' depends on axioms: [propext, Quot.sound]
'AspisV8R19.SourceDuplexStep.unread_advance' depends on axioms: [propext, Quot.sound]
'AspisV8R19.SourceDuplexStep.sourceFiberEquiv' depends on axioms: [propext, Quot.sound]
'AspisV8R19.SourceDuplexStep.step_under_reindex' depends on axioms: [propext, Quot.sound]
'AspisV8R19.SourceDuplexStep.next_pair_fresh' depends on axioms: [propext, Quot.sound]
'AspisV8R19.SourceDuplexStep.bad_mem_blocked' depends on axioms: [propext, Classical.choice, Quot.sound]
'AspisV8R19.SourceDuplexStep.blocked_card' depends on axioms: [propext, Classical.choice, Quot.sound]
'AspisV8R19.SourceDuplexStep.repeated_state_repeats' depends on axioms: [propext, Quot.sound]
	Command being timed: "/home/dombarker/.elan/bin/lake env lean -R /home/dombarker/project-offloads/aspis-r51-lean-src-20260929-a -o /home/dombarker/project-offloads/aspis-r51-lean-20260929-e/lib/AspisV8R19/SourceDuplexStep.olean /home/dombarker/project-offloads/aspis-r51-lean-src-20260929-a/AspisV8R19/SourceDuplexStep.lean"
	User time (seconds): 1.30
	System time (seconds): 1.22
	Percent of CPU this job got: 109%
	Elapsed (wall clock) time (h:mm:ss or m:ss): 0:02.30
	Average shared text size (kbytes): 0
	Average unshared data size (kbytes): 0
	Average stack size (kbytes): 0
	Average total size (kbytes): 0
	Maximum resident set size (kbytes): 3238364
	Average resident set size (kbytes): 0
	Major (requiring I/O) page faults: 1973
	Minor (reclaiming a frame) page faults: 125524
	Voluntary context switches: 7171
	Involuntary context switches: 68
	Swaps: 0
	File system inputs: 81248
	File system outputs: 592
	Socket messages sent: 0
	Socket messages received: 0
	Signals delivered: 0
	Page size (bytes): 4096
	Exit status: 0
