   Compiling aspis-core v0.0.0 (/home/dombarker/project-offloads/aspis-r67-extracted-20260929-a/source)
    Finished `release` profile [optimized] target(s) in 1.02s
	Command being timed: "/home/dombarker/project-offloads/ZK-v5-formal/toolchains/charon/bin/charon cargo --preset aeneas --mir built --sysroot default --start-from crate::circle_probe --dest-file /home/dombarker/project-offloads/aspis-r67-extracted-20260929-a/R67Circle.llbc -- --locked --offline --release --lib --no-default-features"
	User time (seconds): 0.97
	System time (seconds): 0.12
	Percent of CPU this job got: 101%
	Elapsed (wall clock) time (h:mm:ss or m:ss): 0:01.08
	Average shared text size (kbytes): 0
	Average unshared data size (kbytes): 0
	Average stack size (kbytes): 0
	Average total size (kbytes): 0
	Maximum resident set size (kbytes): 223084
	Average resident set size (kbytes): 0
	Major (requiring I/O) page faults: 3
	Minor (reclaiming a frame) page faults: 48929
	Voluntary context switches: 338
	Involuntary context switches: 41
	Swaps: 0
	File system inputs: 1040
	File system outputs: 6648
	Socket messages sent: 0
	Socket messages received: 0
	Signals delivered: 0
	Page size (bytes): 4096
	Exit status: 0
