Warning: Permanently added '100.108.41.90' (ED25519) to the list of known hosts.
Running as unit: aspis-focus-1791158119457883000-7329778fd6b4.service; invocation ID: d386c2aa3e814cc1914fde7a9c983ef1
'AspisV8R19.R811SourceLowerZeroChunk44.rowFlat171_lower_zero' depends on axioms: [propext, Classical.choice, Quot.sound]
'AspisV8R19.R811SourceLowerZeroChunk44.rowFlat172_lower_zero' depends on axioms: [propext, Classical.choice, Quot.sound]
'AspisV8R19.R811SourceLowerZeroChunk44.rowFlat173_lower_zero' depends on axioms: [propext, Classical.choice, Quot.sound]
'AspisV8R19.R811SourceLowerZeroChunk44.rowFlat174_lower_zero' depends on axioms: [propext, Classical.choice, Quot.sound]
	Command being timed: "/home/dombarker/.elan/bin/lake --dir /home/dombarker/project-offloads/aspis-r126-release-20260930-a/focus-workspace env lean -j1 -M4500 -R /home/dombarker/project-offloads/aspis-r57-lean-src-20260929-a -o /home/dombarker/project-offloads/aspis-r126-release-20260930-a/lib/AspisV8R19/R811SourceLowerZeroChunk44.olean /home/dombarker/project-offloads/aspis-r57-lean-src-20260929-a/AspisV8R19/R811SourceLowerZeroChunk44.lean"
	User time (seconds): 16.51
	System time (seconds): 0.55
	Percent of CPU this job got: 100%
	Elapsed (wall clock) time (h:mm:ss or m:ss): 0:17.06
	Average shared text size (kbytes): 0
	Average unshared data size (kbytes): 0
	Average stack size (kbytes): 0
	Average total size (kbytes): 0
	Maximum resident set size (kbytes): 3915252
	Average resident set size (kbytes): 0
	Major (requiring I/O) page faults: 0
	Minor (reclaiming a frame) page faults: 151065
	Voluntary context switches: 423
	Involuntary context switches: 150
	Swaps: 0
	File system inputs: 0
	File system outputs: 152
	Socket messages sent: 0
	Socket messages received: 0
	Signals delivered: 0
	Page size (bytes): 4096
	Exit status: 0
Finished with result: success
Main processes terminated with: code=exited/status=0
Service runtime: 17.095s
CPU time consumed: 17.098s
Memory peak: 324.0K
Memory swap peak: 0B
