/home/dombarker/aspis-v8-auth-slots-20260912.gAEiwr/SameBodyRelation.lean:42:33: warning: This simp argument is unused:
  responseIndex

Hint: Omit it from the simp argument list.
  simp only [response, assemble, r̵e̵s̵p̵o̵n̵s̵e̵I̵n̵d̵e̵x̵,̵ ̵Fin.val_mk]

Note: This linter can be disabled with `set_option linter.unusedSimpArgs false`
/home/dombarker/aspis-v8-auth-slots-20260912.gAEiwr/SameBodyRelation.lean:42:48: warning: This simp argument is unused:
  Fin.val_mk

Hint: Omit it from the simp argument list.
  simp only [response, assemble, responseIndex,̵ ̵F̵i̵n̵.̵v̵a̵l̵_̵m̵k̵]

Note: This linter can be disabled with `set_option linter.unusedSimpArgs false`
/home/dombarker/aspis-v8-auth-slots-20260912.gAEiwr/SameBodyRelation.lean:91:4: warning: Variable name `n` is not explicitly referenced.

The binding can be removed (if unused) or named `_` (if used implicitly).

Note: This linter can be disabled with `set_option linter.unusedVariables false`
/home/dombarker/aspis-v8-auth-slots-20260912.gAEiwr/SameBodyRelation.lean:95:4: warning: Variable name `n` is not explicitly referenced.

The binding can be removed (if unused) or named `_` (if used implicitly).

Note: This linter can be disabled with `set_option linter.unusedVariables false`
'AspisV8Completion.SameBodyRelation.consume_constructs_correspondence' depends on axioms: [propext,
 Classical.choice,
 Quot.sound]
'AspisV8Completion.SameBodyRelation.tail_prefix_noninterference' depends on axioms: [propext]
'AspisV8Completion.SameBodyRelation.assembled_responses' depends on axioms: [propext, Quot.sound]
'AspisV8Completion.SameBodyRelation.assembled_final' depends on axioms: [propext, Quot.sound]
'AspisV8Completion.SameBodyRelation.produced_consumes' depends on axioms: [propext, Quot.sound]
	Command being timed: "/home/dombarker/.elan/toolchains/leanprover--lean4---v4.32.0/bin/lean -j1 -M9000 -R /home/dombarker/aspis-v8-auth-slots-20260912.gAEiwr -o /home/dombarker/aspis-v8-auth-slots-20260912.gAEiwr/query-rel-v1/SameBodyRelation.olean /home/dombarker/aspis-v8-auth-slots-20260912.gAEiwr/SameBodyRelation.lean"
	User time (seconds): 0.74
	System time (seconds): 0.12
	Percent of CPU this job got: 100%
	Elapsed (wall clock) time (h:mm:ss or m:ss): 0:00.87
	Average shared text size (kbytes): 0
	Average unshared data size (kbytes): 0
	Average stack size (kbytes): 0
	Average total size (kbytes): 0
	Maximum resident set size (kbytes): 765384
	Average resident set size (kbytes): 0
	Major (requiring I/O) page faults: 0
	Minor (reclaiming a frame) page faults: 16908
	Voluntary context switches: 2003
	Involuntary context switches: 31
	Swaps: 0
	File system inputs: 0
	File system outputs: 1944
	Socket messages sent: 0
	Socket messages received: 0
	Signals delivered: 0
	Page size (bytes): 4096
	Exit status: 0
