R21_SOURCE_DIFF cases=160 full_QM31=true arbitrary_finals=true max_limbs=true
R21_PILOT accepted=true source_inputs=true proof_bytes=30816 tampered_message_fields=1926 input_bindings=24 wrong_output=true wrong_context=true wrong_circuit=true framing=true security_theorem=false
	Command being timed: "/home/dombarker/project-offloads/aspis-r21-helper-20260922-c/host-world1/r21-pilot /home/dombarker/project-offloads/aspis-r21-helper-20260922-c/host-world1/generated /home/dombarker/project-offloads/aspis-r21-tools-20260922-a/public-world1.bin /home/dombarker/project-offloads/aspis-r21-helper-20260922-c/host-world1/context.bin"
	User time (seconds): 0.59
	System time (seconds): 0.00
	Percent of CPU this job got: 100%
	Elapsed (wall clock) time (h:mm:ss or m:ss): 0:00.59
	Average shared text size (kbytes): 0
	Average unshared data size (kbytes): 0
	Average stack size (kbytes): 0
	Average total size (kbytes): 0
	Maximum resident set size (kbytes): 2464
	Average resident set size (kbytes): 0
	Major (requiring I/O) page faults: 0
	Minor (reclaiming a frame) page faults: 164
	Voluntary context switches: 1
	Involuntary context switches: 17
	Swaps: 0
	File system inputs: 0
	File system outputs: 72
	Socket messages sent: 0
	Socket messages received: 0
	Signals delivered: 0
	Page size (bytes): 4096
	Exit status: 0
