R54_SOURCE_REPLAY cases=358 nonzero_cases=179 ood_cases=179 hash_calls=2684 cache_hits=8 complete_trace_bytes_equal=true final_states_equal=true results_errors_equal=true scripted_oracle=true circle_word_refinement=false universal_Rust_refinement=false source_probability=false full_privacy=false
	Command being timed: "/home/dombarker/project-offloads/aspis-r54-source-20260929-a/check-a/r54-query-control /home/dombarker/project-offloads/aspis-r54-replay-20260929-a/fixtures.txt"
	User time (seconds): 0.00
	System time (seconds): 0.00
	Percent of CPU this job got: 80%
	Elapsed (wall clock) time (h:mm:ss or m:ss): 0:00.00
	Average shared text size (kbytes): 0
	Average unshared data size (kbytes): 0
	Average stack size (kbytes): 0
	Average total size (kbytes): 0
	Maximum resident set size (kbytes): 2112
	Average resident set size (kbytes): 0
	Major (requiring I/O) page faults: 0
	Minor (reclaiming a frame) page faults: 101
	Voluntary context switches: 1
	Involuntary context switches: 1
	Swaps: 0
	File system inputs: 0
	File system outputs: 8
	Socket messages sent: 0
	Socket messages received: 0
	Signals delivered: 0
	Page size (bytes): 4096
	Exit status: 0
