Running as unit: aspis-line-profile-withdrawal-13-1788932937-3886001.scope; invocation ID: 842d862bd8594987807dd86e9827cfd2
pair-forest Registry V2 success PASS: 1103280 CU, 1010 TxV1 bytes
asr2_fixture=/home/dombarker/project-offloads/aspis-v8-performance-20260908.scS2Jz/line-norm-profile-v1/withdrawal-13.asr2.bin
ase2_fixture=/home/dombarker/project-offloads/aspis-v8-performance-20260908.scS2Jz/line-norm-profile-v1/withdrawal-13.ase2.bin
evidence=/home/dombarker/project-offloads/aspis-v8-performance-20260908.scS2Jz/line-norm-profile-v1/withdrawal-13.json
	Command being timed: "env NO_DNA=1 ASPIS_MATCHED_V7=0 ASPIS_COMPLETE_TX_LIMIT=1200000 /home/dombarker/project-offloads/aspis-v8-performance-20260908.scS2Jz/docs/research/v8-no-work-100-20260907/experiments/performance-svm/target/release/aspis-v7-pair-forest-combined-rejection /home/dombarker/project-offloads/aspis-v8-performance-20260908.scS2Jz/sbf-pool-zero-fast/aspis_pool.so /home/dombarker/project-offloads/aspis-v8-performance-20260908.scS2Jz/sbf-complete-line-norm-profile/aspis_v8_complete_sbf.so /home/dombarker/project-offloads/aspis-v8-performance-20260908.scS2Jz/sbf-selected-registry/aspis_registry.so /home/dombarker/project-offloads/aspis-v8-performance-20260908.scS2Jz/sbf-complete/aspis_pair_forest_result_double.so /home/dombarker/project-offloads/aspis-v8-performance-20260908.scS2Jz/line-norm-profile-v1/withdrawal-13.json /home/dombarker/project-offloads/aspis-v8-performance-20260908.scS2Jz/complete-max-withdrawal-13-v1/proofs/proof-1.bin success 1400000 asq8 13 withdrawal"
	User time (seconds): 0.02
	System time (seconds): 0.01
	Percent of CPU this job got: 96%
	Elapsed (wall clock) time (h:mm:ss or m:ss): 0:00.03
	Average shared text size (kbytes): 0
	Average unshared data size (kbytes): 0
	Average stack size (kbytes): 0
	Average total size (kbytes): 0
	Maximum resident set size (kbytes): 29796
	Average resident set size (kbytes): 0
	Major (requiring I/O) page faults: 0
	Minor (reclaiming a frame) page faults: 7054
	Voluntary context switches: 1
	Involuntary context switches: 1
	Swaps: 0
	File system inputs: 0
	File system outputs: 72
	Socket messages sent: 0
	Socket messages received: 0
	Signals delivered: 0
	Page size (bytes): 4096
	Exit status: 0
