Warning: Permanently added '100.108.41.90' (ED25519) to the list of known hosts.
Running as unit: aspis-focus-1791097354098710000.service; invocation ID: ec2b18b789f94e6393eb329f2fa14c60
/home/dombarker/project-offloads/aspis-r57-lean-src-20260929-a/AspisV8R19/R613NativeNonzeroExecution.lean:64:53: warning: This simp argument is unused:
  lift

Hint: Omit it from the simp argument list.
  simp only [AspisR569MaskedClaimCompleteConsts.aspis_core.transcript.Transcript.challenge_nonzero_qm31_loop.body,
      AspisR156FullFreeze.aspis_core.transcript.Transcript.challenge_nonzero_qm31_loop.body,
      SamplerOuterExecution.range_next, bind_assoc_eq, l̵i̵f̵t̵,̵ ̵bind_tc_ok,
      AspisV8R19.R598NativeOrdinarySampler.challenge_map]

Note: This linter can be disabled with `set_option linter.unusedSimpArgs false`
/home/dombarker/project-offloads/aspis-r57-lean-src-20260929-a/AspisV8R19/R613NativeNonzeroExecution.lean:70:22: warning: This simp argument is unused:
  hs

Hint: Omit it from the simp argument list.
  simp ̵[̵h̵s̵]̵

Note: This linter can be disabled with `set_option linter.unusedSimpArgs false`
/home/dombarker/project-offloads/aspis-r57-lean-src-20260929-a/AspisV8R19/R613NativeNonzeroExecution.lean:71:19: warning: This simp argument is unused:
  hs

Hint: Omit it from the simp argument list.
  simp ̵[̵h̵s̵]̵

Note: This linter can be disabled with `set_option linter.unusedSimpArgs false`
/home/dombarker/project-offloads/aspis-r57-lean-src-20260929-a/AspisV8R19/R613NativeNonzeroExecution.lean:75:25: warning: This simp argument is unused:
  hs

Hint: Omit it from the simp argument list.
  simp [h̵s̵,̵ ̵returned, mapControl,
             ̵ ̵AspisV8R19.R598NativeOrdinarySampler.returnedChallenge,
             ̵ ̵AspisV8R19.R598NativeOrdinarySampler.nativeOutcome,
             ̵ ̵AspisV8R19.R598NativeOrdinarySampler.fromCurrentTranscript,
             ̵ ̵AspisV8R19.R598NativeOrdinarySampler.toCurrent_fromCurrent,
             ̵ ̵core.result.Result.Insts.CoreOpsTry.branch,
             ̵ ̵core.result.Result.Insts.CoreOpsTryTraitFromResidualResultInfallible.from_residual]

Note: This linter can be disabled with `set_option linter.unusedSimpArgs false`
/home/dombarker/project-offloads/aspis-r57-lean-src-20260929-a/AspisV8R19/R613NativeNonzeroExecution.lean:79:12: warning: This simp argument is unused:
  AspisV8R19.R598NativeOrdinarySampler.toCurrent_fromCurrent

Hint: Omit it from the simp argument list.
  simp [hs, returned, mapControl,
            AspisV8R19.R598NativeOrdinarySampler.returnedChallenge,
            AspisV8R19.R598NativeOrdinarySampler.nativeOutcome,
            AspisV8R19.R598NativeOrdinarySampler.fromCurrentTranscript,
            A̵s̵p̵i̵s̵V̵8̵R̵1̵9̵.̵R̵5̵9̵8̵N̵a̵t̵i̵v̵e̵O̵r̵d̵i̵n̵a̵r̵y̵S̵a̵m̵p̵l̵e̵r̵.̵t̵o̵C̵u̵r̵r̵e̵n̵t̵_̵f̵r̵o̵m̵C̵u̵r̵r̵e̵n̵t̵,̵core.result.Result.Insts.CoreOpsTry.branch,
            core.result.Result.Insts.CoreOpsTryTraitFromResidualResultInfallible.from_residual]

Note: This linter can be disabled with `set_option linter.unusedSimpArgs false`
/home/dombarker/project-offloads/aspis-r57-lean-src-20260929-a/AspisV8R19/R613NativeNonzeroExecution.lean:83:23: warning: This simp argument is unused:
  hs

Hint: Omit it from the simp argument list.
  simp only [h̵s̵,̵ ̵bind_tc_ok, returned, mapControl,
                AspisV8R19.R598NativeOrdinarySampler.nativeOutcome,
                AspisV8R19.R598NativeOrdinarySampler.returnedChallenge,
                core.result.Result.Insts.CoreOpsTry.branch, ne_map]

Note: This linter can be disabled with `set_option linter.unusedSimpArgs false`
/home/dombarker/project-offloads/aspis-r57-lean-src-20260929-a/AspisV8R19/R613NativeNonzeroExecution.lean:90:30: warning: This simp argument is unused:
  hz

Hint: Omit it from the simp argument list.
  simp [h̵z̵,̵ ̵bind_tc_fail, mapControl, mapPending, returned]

Note: This linter can be disabled with `set_option linter.unusedSimpArgs false`
/home/dombarker/project-offloads/aspis-r57-lean-src-20260929-a/AspisV8R19/R613NativeNonzeroExecution.lean:90:48: warning: This simp argument is unused:
  mapControl

Hint: Omit it from the simp argument list.
  simp [hz, bind_tc_fail, mapC̵o̵n̵t̵r̵o̵l̵,̵ ̵m̵a̵p̵Pending, returned]

Note: This linter can be disabled with `set_option linter.unusedSimpArgs false`
/home/dombarker/project-offloads/aspis-r57-lean-src-20260929-a/AspisV8R19/R613NativeNonzeroExecution.lean:90:72: warning: This simp argument is unused:
  returned

Hint: Omit it from the simp argument list.
  simp [hz, bind_tc_fail, mapControl, mapPending,̵ ̵r̵e̵t̵u̵r̵n̵e̵d̵]

Note: This linter can be disabled with `set_option linter.unusedSimpArgs false`
/home/dombarker/project-offloads/aspis-r57-lean-src-20260929-a/AspisV8R19/R613NativeNonzeroExecution.lean:91:27: warning: This simp argument is unused:
  hz

Hint: Omit it from the simp argument list.
  simp [h̵z̵,̵ ̵bind_tc_div, mapControl, mapPending, returned]

Note: This linter can be disabled with `set_option linter.unusedSimpArgs false`
/home/dombarker/project-offloads/aspis-r57-lean-src-20260929-a/AspisV8R19/R613NativeNonzeroExecution.lean:91:44: warning: This simp argument is unused:
  mapControl

Hint: Omit it from the simp argument list.
  simp [hz, bind_tc_div, mapC̵o̵n̵t̵r̵o̵l̵,̵ ̵m̵a̵p̵Pending, returned]

Note: This linter can be disabled with `set_option linter.unusedSimpArgs false`
/home/dombarker/project-offloads/aspis-r57-lean-src-20260929-a/AspisV8R19/R613NativeNonzeroExecution.lean:91:68: warning: This simp argument is unused:
  returned

Hint: Omit it from the simp argument list.
  simp [hz, bind_tc_div, mapControl, mapPending,̵ ̵r̵e̵t̵u̵r̵n̵e̵d̵]

Note: This linter can be disabled with `set_option linter.unusedSimpArgs false`
/home/dombarker/project-offloads/aspis-r57-lean-src-20260929-a/AspisV8R19/R613NativeNonzeroExecution.lean:92:42: warning: This simp argument is unused:
  hz

Hint: Omit it from the simp argument list.
  simp [h̵z̵,̵ ̵mapControl, mapPending, returned,
                 ̵ ̵AspisV8R19.R598NativeOrdinarySampler.returnedChallenge,
                 ̵ ̵AspisV8R19.R598NativeOrdinarySampler.nativeOutcome,
                 ̵ ̵AspisV8R19.R598NativeOrdinarySampler.fromCurrentTranscript,
                 ̵ ̵AspisV8R19.R598NativeOrdinarySampler.toCurrent_fromCurrent]

Note: This linter can be disabled with `set_option linter.unusedSimpArgs false`
/home/dombarker/project-offloads/aspis-r57-lean-src-20260929-a/AspisV8R19/R613NativeNonzeroExecution.lean:92:46: warning: This simp argument is unused:
  mapControl

Hint: Omit it from the simp argument list.
  simp [hz, mapC̵o̵n̵t̵r̵o̵l̵,̵ ̵m̵a̵p̵Pending, returned,
                 ̵ ̵AspisV8R19.R598NativeOrdinarySampler.returnedChallenge,
                 ̵ ̵AspisV8R19.R598NativeOrdinarySampler.nativeOutcome,
                 ̵ ̵AspisV8R19.R598NativeOrdinarySampler.fromCurrentTranscript,
                 ̵ ̵AspisV8R19.R598NativeOrdinarySampler.toCurrent_fromCurrent]

Note: This linter can be disabled with `set_option linter.unusedSimpArgs false`
/home/dombarker/project-offloads/aspis-r57-lean-src-20260929-a/AspisV8R19/R613NativeNonzeroExecution.lean:92:70: warning: This simp argument is unused:
  returned

Hint: Omit it from the simp argument list.
  simp [hz, mapControl, mapPending, ̵r̵e̵t̵u̵r̵n̵e̵d̵,̵
                 ̵ ̵AspisV8R19.R598NativeOrdinarySampler.returnedChallenge,
                 ̵ ̵AspisV8R19.R598NativeOrdinarySampler.nativeOutcome,
                 ̵ ̵AspisV8R19.R598NativeOrdinarySampler.fromCurrentTranscript,
                 ̵ ̵AspisV8R19.R598NativeOrdinarySampler.toCurrent_fromCurrent]

Note: This linter can be disabled with `set_option linter.unusedSimpArgs false`
/home/dombarker/project-offloads/aspis-r57-lean-src-20260929-a/AspisV8R19/R613NativeNonzeroExecution.lean:93:16: warning: This simp argument is unused:
  AspisV8R19.R598NativeOrdinarySampler.returnedChallenge

Hint: Omit it from the simp argument list.
  simp [hz, mapControl, mapPending, returned,
                A̵s̵p̵i̵s̵V̵8̵R̵1̵9̵.̵R̵5̵9̵8̵N̵a̵t̵i̵v̵e̵O̵r̵d̵i̵n̵a̵r̵y̵S̵a̵m̵p̵l̵e̵r̵.̵r̵e̵t̵u̵r̵n̵e̵d̵C̵h̵a̵l̵l̵e̵n̵g̵e̵,̵AspisV8R19.R598NativeOrdinarySampler.nativeOutcome,
                AspisV8R19.R598NativeOrdinarySampler.fromCurrentTranscript,
                AspisV8R19.R598NativeOrdinarySampler.toCurrent_fromCurrent]

Note: This linter can be disabled with `set_option linter.unusedSimpArgs false`
/home/dombarker/project-offloads/aspis-r57-lean-src-20260929-a/AspisV8R19/R613NativeNonzeroExecution.lean:94:16: warning: This simp argument is unused:
  AspisV8R19.R598NativeOrdinarySampler.nativeOutcome

Hint: Omit it from the simp argument list.
  simp [hz, mapControl, mapPending, returned,
                AspisV8R19.R598NativeOrdinarySampler.returnedChallenge,
                A̵s̵p̵i̵s̵V̵8̵R̵1̵9̵.̵R̵5̵9̵8̵N̵a̵t̵i̵v̵e̵O̵r̵d̵i̵n̵a̵r̵y̵S̵a̵m̵p̵l̵e̵r̵.̵n̵a̵t̵i̵v̵e̵O̵u̵t̵c̵o̵m̵e̵,̵AspisV8R19.R598NativeOrdinarySampler.fromCurrentTranscript,
                AspisV8R19.R598NativeOrdinarySampler.toCurrent_fromCurrent]

Note: This linter can be disabled with `set_option linter.unusedSimpArgs false`
/home/dombarker/project-offloads/aspis-r57-lean-src-20260929-a/AspisV8R19/R613NativeNonzeroExecution.lean:96:16: warning: This simp argument is unused:
  AspisV8R19.R598NativeOrdinarySampler.toCurrent_fromCurrent

Hint: Omit it from the simp argument list.
  simp [hz, mapControl, mapPending, returned,
                AspisV8R19.R598NativeOrdinarySampler.returnedChallenge,
                AspisV8R19.R598NativeOrdinarySampler.nativeOutcome,
                A̵s̵p̵i̵s̵V̵8̵R̵1̵9̵.̵R̵5̵9̵8̵N̵a̵t̵i̵v̵e̵O̵r̵d̵i̵n̵a̵r̵y̵S̵a̵m̵p̵l̵e̵r̵.̵f̵r̵o̵m̵C̵u̵r̵r̵e̵n̵t̵T̵r̵a̵n̵s̵c̵r̵i̵p̵t̵,̵
  ̵ ̵ ̵ ̵ ̵ ̵ ̵ ̵ ̵ ̵ ̵ ̵ ̵ ̵ ̵ ̵ ̵A̵s̵p̵i̵s̵V̵8̵R̵1̵9̵.̵R̵5̵9̵8̵N̵a̵t̵i̵v̵e̵O̵r̵d̵i̵n̵a̵r̵y̵S̵a̵m̵p̵l̵e̵r̵.̵t̵o̵C̵u̵r̵r̵e̵n̵t̵_̵f̵r̵o̵m̵C̵u̵r̵r̵e̵n̵t̵]̵A̲s̲p̲i̲s̲V̲8̲R̲1̲9̲.̲R̲5̲9̲8̲N̲a̲t̲i̲v̲e̲O̲r̲d̲i̲n̲a̲r̲y̲S̲a̲m̲p̲l̲e̲r̲.̲f̲r̲o̲m̲C̲u̲r̲r̲e̲n̲t̲T̲r̲a̲n̲s̲c̲r̲i̲p̲t̲]̲

Note: This linter can be disabled with `set_option linter.unusedSimpArgs false`
/home/dombarker/project-offloads/aspis-r57-lean-src-20260929-a/AspisV8R19/R613NativeNonzeroExecution.lean:156:28: error: unsolved goals
case ok.Err
n : ℕ
ih :
  ∀ (r : Range) (s : NTranscript),
    ↑r.end - ↑r.start = n →
      AspisR569MaskedClaimCompleteConsts.aspis_core.transcript.Transcript.challenge_nonzero_qm31_loop r s = do
        let x ← transcript.Transcript.challenge_nonzero_qm31_loop r (R598NativeOrdinarySampler.toCurrentTranscript s)
        ok (returned x)
r : Range
s : NTranscript
hn : ↑r.end - ↑r.start = n + 1
h : ↑r.start < ↑r.end
r' : Range := { start := UScalar.ofNatCore (↑r.start + 1) ⋯, «end» := r.end }
hmeasure : ↑r'.end - ↑r'.start = n
r2 : core.ops.range.Range U32
s2 st : transcript.Transcript
e : transcript.ChallengeSampleExhausted
hc :
  transcript.Transcript.challenge_qm31 (R598NativeOrdinarySampler.toCurrentTranscript s) =
    ok (core.result.Result.Err e, st)
hs :
  (do
      let cf ← core.result.Result.Insts.CoreOpsTry.branch (core.result.Result.Err e)
      match cf with
        | core.ops.control_flow.ControlFlow.Continue val => do
          let b ← core.cmp.PartialEq.ne.trait_default field.QM31.Insts.CoreCmpPartialEqQM31 val field.QM31.ZERO
          if b = true then ok (done (core.result.Result.Ok val, st))
            else ok (cont ({ start := UScalar.ofNatCore (↑r.start + 1) ⋯, «end» := r.end }, st))
        | core.ops.control_flow.ControlFlow.Break residual => do
          let return_capture ←
            core.result.Result.Insts.CoreOpsTryTraitFromResidualResultInfallible.from_residual field.QM31
                (core.convert.FromSame transcript.ChallengeSampleExhausted) residual
          ok (done (return_capture, st))) =
    ok (cont (r2, s2))
⊢ r2 = r'
/home/dombarker/project-offloads/aspis-r57-lean-src-20260929-a/AspisV8R19/R613NativeNonzeroExecution.lean:125:17: warning: This simp argument is unused:
  SamplerOuterExecution.range_next

Hint: Omit it from the simp argument list.
  simp only [S̵a̵m̵p̵l̵e̵r̵O̵u̵t̵e̵r̵E̵x̵e̵c̵u̵t̵i̵o̵n̵.̵r̵a̵n̵g̵e̵_̵n̵e̵x̵t̵,̵ ̵dif_pos h, bind_tc_ok]

Note: This linter can be disabled with `set_option linter.unusedSimpArgs false`
/home/dombarker/project-offloads/aspis-r57-lean-src-20260929-a/AspisV8R19/R613NativeNonzeroExecution.lean:125:51: warning: This simp argument is unused:
  dif_pos h

Hint: Omit it from the simp argument list.
  simp only [SamplerOuterExecution.range_next, d̵i̵f̵_̵p̵o̵s̵ ̵h̵,̵ ̵bind_tc_ok]

Note: This linter can be disabled with `set_option linter.unusedSimpArgs false`
/home/dombarker/project-offloads/aspis-r57-lean-src-20260929-a/AspisV8R19/R613NativeNonzeroExecution.lean:125:62: warning: This simp argument is unused:
  bind_tc_ok

Hint: Omit it from the simp argument list.
  simp only [SamplerOuterExecution.range_next, dif_pos h,̵ ̵b̵i̵n̵d̵_̵t̵c̵_̵o̵k̵]

Note: This linter can be disabled with `set_option linter.unusedSimpArgs false`
/home/dombarker/project-offloads/aspis-r57-lean-src-20260929-a/AspisV8R19/R613NativeNonzeroExecution.lean:128:17: warning: This simp argument is unused:
  SamplerOuterExecution.range_next

Hint: Omit it from the simp argument list.
  simp only [S̵a̵m̵p̵l̵e̵r̵O̵u̵t̵e̵r̵E̵x̵e̵c̵u̵t̵i̵o̵n̵.̵r̵a̵n̵g̵e̵_̵n̵e̵x̵t̵,̵ ̵dif_pos h, bind_tc_ok]

Note: This linter can be disabled with `set_option linter.unusedSimpArgs false`
/home/dombarker/project-offloads/aspis-r57-lean-src-20260929-a/AspisV8R19/R613NativeNonzeroExecution.lean:128:51: warning: This simp argument is unused:
  dif_pos h

Hint: Omit it from the simp argument list.
  simp only [SamplerOuterExecution.range_next, d̵i̵f̵_̵p̵o̵s̵ ̵h̵,̵ ̵bind_tc_ok]

Note: This linter can be disabled with `set_option linter.unusedSimpArgs false`
/home/dombarker/project-offloads/aspis-r57-lean-src-20260929-a/AspisV8R19/R613NativeNonzeroExecution.lean:128:62: warning: This simp argument is unused:
  bind_tc_ok

Hint: Omit it from the simp argument list.
  simp only [SamplerOuterExecution.range_next, dif_pos h,̵ ̵b̵i̵n̵d̵_̵t̵c̵_̵o̵k̵]

Note: This linter can be disabled with `set_option linter.unusedSimpArgs false`
/home/dombarker/project-offloads/aspis-r57-lean-src-20260929-a/AspisV8R19/R613NativeNonzeroExecution.lean:131:24: warning: This simp argument is unused:
  hs

Hint: Omit it from the simp argument list.
  simp ̵[̵h̵s̵]̵

Note: This linter can be disabled with `set_option linter.unusedSimpArgs false`
/home/dombarker/project-offloads/aspis-r57-lean-src-20260929-a/AspisV8R19/R613NativeNonzeroExecution.lean:132:21: warning: This simp argument is unused:
  hs

Hint: Omit it from the simp argument list.
  simp ̵[̵h̵s̵]̵

Note: This linter can be disabled with `set_option linter.unusedSimpArgs false`
/home/dombarker/project-offloads/aspis-r57-lean-src-20260929-a/AspisV8R19/R613NativeNonzeroExecution.lean:135:30: warning: This simp argument is unused:
  hs

Hint: Omit it from the simp argument list.
  simp [h̵s̵,̵ ̵mapControl, returned,
               ̵ ̵AspisV8R19.R598NativeOrdinarySampler.fromCurrentTranscript,
               ̵ ̵AspisV8R19.R598NativeOrdinarySampler.toCurrent_fromCurrent]

Note: This linter can be disabled with `set_option linter.unusedSimpArgs false`
/home/dombarker/project-offloads/aspis-r57-lean-src-20260929-a/AspisV8R19/R613NativeNonzeroExecution.lean:137:14: warning: This simp argument is unused:
  AspisV8R19.R598NativeOrdinarySampler.toCurrent_fromCurrent

Hint: Omit it from the simp argument list.
  simp [hs, mapControl, returned,
              A̵s̵p̵i̵s̵V̵8̵R̵1̵9̵.̵R̵5̵9̵8̵N̵a̵t̵i̵v̵e̵O̵r̵d̵i̵n̵a̵r̵y̵S̵a̵m̵p̵l̵e̵r̵.̵f̵r̵o̵m̵C̵u̵r̵r̵e̵n̵t̵T̵r̵a̵n̵s̵c̵r̵i̵p̵t̵,̵
  ̵ ̵ ̵ ̵ ̵ ̵ ̵ ̵ ̵ ̵ ̵ ̵ ̵ ̵ ̵A̵s̵p̵i̵s̵V̵8̵R̵1̵9̵.̵R̵5̵9̵8̵N̵a̵t̵i̵v̵e̵O̵r̵d̵i̵n̵a̵r̵y̵S̵a̵m̵p̵l̵e̵r̵.̵t̵o̵C̵u̵r̵r̵e̵n̵t̵_̵f̵r̵o̵m̵C̵u̵r̵r̵e̵n̵t̵]̵A̲s̲p̲i̲s̲V̲8̲R̲1̲9̲.̲R̲5̲9̲8̲N̲a̲t̲i̲v̲e̲O̲r̲d̲i̲n̲a̲r̲y̲S̲a̲m̲p̲l̲e̲r̲.̲f̲r̲o̲m̲C̲u̲r̲r̲e̲n̲t̲T̲r̲a̲n̲s̲c̲r̲i̲p̲t̲]̲

Note: This linter can be disabled with `set_option linter.unusedSimpArgs false`
/home/dombarker/project-offloads/aspis-r57-lean-src-20260929-a/AspisV8R19/R613NativeNonzeroExecution.lean:140:25: warning: This simp argument is unused:
  hs

Hint: Omit it from the simp argument list.
  simp only [h̵s̵,̵ ̵bind_tc_ok, mapControl, mapPending]

Note: This linter can be disabled with `set_option linter.unusedSimpArgs false`
/home/dombarker/project-offloads/aspis-r57-lean-src-20260929-a/AspisV8R19/R613NativeNonzeroExecution.lean:147:34: warning: This simp argument is unused:
  AspisR156FullFreeze.aspis_core.transcript.Transcript.challenge_nonzero_qm31_loop.body

Hint: Omit it from the simp argument list.
  simp [̵A̵s̵p̵i̵s̵R̵1̵5̵6̵F̵u̵l̵l̵F̵r̵e̵e̵z̵e̵.̵a̵s̵p̵i̵s̵_̵c̵o̵r̵e̵.̵t̵r̵a̵n̵s̵c̵r̵i̵p̵t̵.̵T̵r̵a̵n̵s̵c̵r̵i̵p̵t̵.̵c̵h̵a̵l̵l̵e̵n̵g̵e̵_̵n̵o̵n̵z̵e̵r̵o̵_̵q̵m̵3̵1̵_̵l̵o̵o̵p̵.̵b̵o̵d̵y̵,̵
  ̵ ̵ ̵ ̵ ̵ ̵ ̵ ̵ ̵ ̵ ̵ ̵ ̵ ̵ ̵ ̵ ̵ ̵ ̵ ̵ ̵S̵a̵m̵p̵l̵e̵r̵O̵u̵t̵e̵r̵E̵x̵e̵c̵u̵t̵i̵o̵n̵.̵r̵a̵n̵g̵e̵_̵n̵e̵x̵t̵,̵[̲S̲a̲m̲p̲l̲e̲r̲O̲u̲t̲e̲r̲E̲x̲e̲c̲u̲t̲i̲o̲n̲.̲r̲a̲n̲g̲e̲_̲n̲e̲x̲t̲,̲ dif_pos h, hc,
                    core.result.Result.Insts.CoreOpsTry.branch,
                    core.result.Result.Insts.CoreOpsTryTraitFromResidualResultInfallible.from_residual] at
  ̲  ̲ ̲ ̲ ̲ ̲ ̲ ̲ ̲ ̲ ̲ ̲ ̲ ̲ ̲ ̲ ̲ ̲ ̲ ̲hs

Note: This linter can be disabled with `set_option linter.unusedSimpArgs false`
/home/dombarker/project-offloads/aspis-r57-lean-src-20260929-a/AspisV8R19/R613NativeNonzeroExecution.lean:148:20: warning: This simp argument is unused:
  SamplerOuterExecution.range_next

Hint: Omit it from the simp argument list.
  simp [AspisR156FullFreeze.aspis_core.transcript.Transcript.challenge_nonzero_qm31_loop.body,
                    S̵a̵m̵p̵l̵e̵r̵O̵u̵t̵e̵r̵E̵x̵e̵c̵u̵t̵i̵o̵n̵.̵r̵a̵n̵g̵e̵_̵n̵e̵x̵t̵,̵ ̵dif_pos h, hc, core.result.Result.Insts.CoreOpsTry.branch,
                    core.result.Result.Insts.CoreOpsTryTraitFromResidualResultInfallible.from_residual] at
  ̲  ̲ ̲ ̲ ̲ ̲ ̲ ̲ ̲ ̲ ̲ ̲ ̲ ̲ ̲ ̲ ̲ ̲ ̲ ̲hs

Note: This linter can be disabled with `set_option linter.unusedSimpArgs false`
/home/dombarker/project-offloads/aspis-r57-lean-src-20260929-a/AspisV8R19/R613NativeNonzeroExecution.lean:148:54: warning: This simp argument is unused:
  dif_pos h

Hint: Omit it from the simp argument list.
  simp [AspisR156FullFreeze.aspis_core.transcript.Transcript.challenge_nonzero_qm31_loop.body,
                     ̵ ̵SamplerOuterExecution.range_next, d̵i̵f̵_̵p̵o̵s̵ ̵h,̵ ̵h̵c,
  ̵  ̵ ̵ ̵ ̵ ̵ ̵ ̵ ̵ ̵ ̵ ̵ ̵ ̵ ̵ ̵ ̵ ̵ ̵ ̵core.result.Result.Insts.CoreOpsTry.branch,
                     ̵ ̵core.result.Result.Insts.CoreOpsTryTraitFromResidualResultInfallible.from_residual] at
  ̲  ̲ ̲ ̲ ̲ ̲ ̲ ̲ ̲ ̲ ̲ ̲ ̲ ̲ ̲ ̲ ̲ ̲ ̲ ̲hs

Note: This linter can be disabled with `set_option linter.unusedSimpArgs false`
/home/dombarker/project-offloads/aspis-r57-lean-src-20260929-a/AspisV8R19/R613NativeNonzeroExecution.lean:151:31: warning: This simp argument is unused:
  AspisR156FullFreeze.aspis_core.transcript.Transcript.challenge_nonzero_qm31_loop.body

Hint: Omit it from the simp argument list.
  simp [A̵s̵p̵i̵s̵R̵1̵5̵6̵F̵u̵l̵l̵F̵r̵e̵e̵z̵e̵.̵a̵s̵p̵i̵s̵_̵c̵o̵r̵e̵.̵t̵r̵a̵n̵s̵c̵r̵i̵p̵t̵.̵T̵r̵a̵n̵s̵c̵r̵i̵p̵t̵.̵c̵h̵a̵l̵l̵e̵n̵g̵e̵_̵n̵o̵n̵z̵e̵r̵o̵_̵q̵m̵3̵1̵_̵l̵o̵o̵p̵.̵b̵o̵d̵y̵,̵
  ̵ ̵ ̵ ̵ ̵ ̵ ̵ ̵ ̵ ̵ ̵ ̵ ̵ ̵ ̵ ̵ ̵ ̵ ̵ ̵ ̵SamplerOuterExecution.range_next, dif_pos h, hc] at hs

Note: This linter can be disabled with `set_option linter.unusedSimpArgs false`
/home/dombarker/project-offloads/aspis-r57-lean-src-20260929-a/AspisV8R19/R613NativeNonzeroExecution.lean:152:20: warning: This simp argument is unused:
  SamplerOuterExecution.range_next

Hint: Omit it from the simp argument list.
  simp [AspisR156FullFreeze.aspis_core.transcript.Transcript.challenge_nonzero_qm31_loop.body,
                     ̵ ̵S̵a̵m̵p̵l̵e̵r̵O̵u̵t̵e̵r̵E̵x̵e̵c̵u̵t̵i̵o̵n̵.̵r̵a̵n̵g̵e̵_̵n̵e̵x̵t̵,̵ ̵dif_pos h, hc] at hs

Note: This linter can be disabled with `set_option linter.unusedSimpArgs false`
/home/dombarker/project-offloads/aspis-r57-lean-src-20260929-a/AspisV8R19/R613NativeNonzeroExecution.lean:152:54: warning: This simp argument is unused:
  dif_pos h

Hint: Omit it from the simp argument list.
  simp [AspisR156FullFreeze.aspis_core.transcript.Transcript.challenge_nonzero_qm31_loop.body,
                     ̵ ̵SamplerOuterExecution.range_next, d̵i̵f̵_̵p̵o̵s̵ ̵h,̵ ̵h̵c] at hs

Note: This linter can be disabled with `set_option linter.unusedSimpArgs false`
/home/dombarker/project-offloads/aspis-r57-lean-src-20260929-a/AspisV8R19/R613NativeNonzeroExecution.lean:156:37: warning: This simp argument is unused:
  AspisR156FullFreeze.aspis_core.transcript.Transcript.challenge_nonzero_qm31_loop.body

Hint: Omit it from the simp argument list.
  simp [A̵s̵p̵i̵s̵R̵1̵5̵6̵F̵u̵l̵l̵F̵r̵e̵e̵z̵e̵.̵a̵s̵p̵i̵s̵_̵c̵o̵r̵e̵.̵t̵r̵a̵n̵s̵c̵r̵i̵p̵t̵.̵T̵r̵a̵n̵s̵c̵r̵i̵p̵t̵.̵c̵h̵a̵l̵l̵e̵n̵g̵e̵_̵n̵o̵n̵z̵e̵r̵o̵_̵q̵m̵3̵1̵_̵l̵o̵o̵p̵.̵b̵o̵d̵y̵,̵
  ̵ ̵ ̵ ̵ ̵ ̵ ̵ ̵ ̵ ̵ ̵ ̵ ̵ ̵ ̵ ̵ ̵ ̵ ̵ ̵ ̵ ̵ ̵ ̵ ̵SamplerOuterExecution.range_next, dif_pos h, hc] at hs

Note: This linter can be disabled with `set_option linter.unusedSimpArgs false`
/home/dombarker/project-offloads/aspis-r57-lean-src-20260929-a/AspisV8R19/R613NativeNonzeroExecution.lean:157:24: warning: This simp argument is unused:
  SamplerOuterExecution.range_next

Hint: Omit it from the simp argument list.
  simp [AspisR156FullFreeze.aspis_core.transcript.Transcript.challenge_nonzero_qm31_loop.body,
                         ̵ ̵S̵a̵m̵p̵l̵e̵r̵O̵u̵t̵e̵r̵E̵x̵e̵c̵u̵t̵i̵o̵n̵.̵r̵a̵n̵g̵e̵_̵n̵e̵x̵t̵,̵ ̵dif_pos h, hc] at hs

Note: This linter can be disabled with `set_option linter.unusedSimpArgs false`
/home/dombarker/project-offloads/aspis-r57-lean-src-20260929-a/AspisV8R19/R613NativeNonzeroExecution.lean:157:58: warning: This simp argument is unused:
  dif_pos h

Hint: Omit it from the simp argument list.
  simp [AspisR156FullFreeze.aspis_core.transcript.Transcript.challenge_nonzero_qm31_loop.body,
                         ̵ ̵SamplerOuterExecution.range_next, d̵i̵f̵_̵p̵o̵s̵ ̵h,̵ ̵h̵c] at hs

Note: This linter can be disabled with `set_option linter.unusedSimpArgs false`
/home/dombarker/project-offloads/aspis-r57-lean-src-20260929-a/AspisV8R19/R613NativeNonzeroExecution.lean:159:35: warning: This simp argument is unused:
  AspisR156FullFreeze.aspis_core.transcript.Transcript.challenge_nonzero_qm31_loop.body

Hint: Omit it from the simp argument list.
  simp only [A̵s̵p̵i̵s̵R̵1̵5̵6̵F̵u̵l̵l̵F̵r̵e̵e̵z̵e̵.̵a̵s̵p̵i̵s̵_̵c̵o̵r̵e̵.̵t̵r̵a̵n̵s̵c̵r̵i̵p̵t̵.̵T̵r̵a̵n̵s̵c̵r̵i̵p̵t̵.̵c̵h̵a̵l̵l̵e̵n̵g̵e̵_̵n̵o̵n̵z̵e̵r̵o̵_̵q̵m̵3̵1̵_̵l̵o̵o̵p̵.̵b̵o̵d̵y̵,̵
  ̵ ̵ ̵ ̵ ̵ ̵ ̵ ̵ ̵ ̵ ̵ ̵ ̵ ̵ ̵ ̵ ̵ ̵ ̵ ̵ ̵ ̵ ̵ ̵ ̵ ̵ ̵SamplerOuterExecution.range_next, dif_pos h, hc, bind_tc_ok,
                            core.result.Result.Insts.CoreOpsTry.branch] at hs

Note: This linter can be disabled with `set_option linter.unusedSimpArgs false`
/home/dombarker/project-offloads/aspis-r57-lean-src-20260929-a/AspisV8R19/R613NativeNonzeroExecution.lean:160:26: warning: This simp argument is unused:
  SamplerOuterExecution.range_next

Hint: Omit it from the simp argument list.
  simp only [AspisR156FullFreeze.aspis_core.transcript.Transcript.challenge_nonzero_qm31_loop.body,
                            S̵a̵m̵p̵l̵e̵r̵O̵u̵t̵e̵r̵E̵x̵e̵c̵u̵t̵i̵o̵n̵.̵r̵a̵n̵g̵e̵_̵n̵e̵x̵t̵,̵ ̵dif_pos h, hc, bind_tc_ok,
                            core.result.Result.Insts.CoreOpsTry.branch] at hs

Note: This linter can be disabled with `set_option linter.unusedSimpArgs false`
/home/dombarker/project-offloads/aspis-r57-lean-src-20260929-a/AspisV8R19/R613NativeNonzeroExecution.lean:160:60: warning: This simp argument is unused:
  dif_pos h

Hint: Omit it from the simp argument list.
  simp only [AspisR156FullFreeze.aspis_core.transcript.Transcript.challenge_nonzero_qm31_loop.body,
                            SamplerOuterExecution.range_next, d̵i̵f̵_̵p̵o̵s̵ ̵h,̵ ̵h̵c, bind_tc_ok,
                            core.result.Result.Insts.CoreOpsTry.branch] at hs

Note: This linter can be disabled with `set_option linter.unusedSimpArgs false`
'AspisV8R19.R613NativeNonzeroExecution.returned' depends on axioms: [propext, Classical.choice, Quot.sound]
'AspisV8R19.R613NativeNonzeroExecution.mapPending' depends on axioms: [propext, Classical.choice, Quot.sound]
'AspisV8R19.R613NativeNonzeroExecution.mapControl' depends on axioms: [propext, Classical.choice, Quot.sound]
'AspisV8R19.R613NativeNonzeroExecution.ne_map' depends on axioms: [propext, Classical.choice, Quot.sound]
'AspisV8R19.R613NativeNonzeroExecution.body_map' depends on axioms: [propext,
 Classical.choice,
 Quot.sound,
 core.fmt.Formatter]
'AspisV8R19.R613NativeNonzeroExecution.loop_map' depends on axioms: [propext,
 sorryAx,
 Classical.choice,
 Quot.sound,
 core.fmt.Formatter]
'AspisV8R19.R613NativeNonzeroExecution.challenge_map' depends on axioms: [propext,
 sorryAx,
 Classical.choice,
 Quot.sound,
 core.fmt.Formatter]
Command exited with non-zero status 1
	Command being timed: "/home/dombarker/.elan/bin/lake --dir /home/dombarker/project-offloads/aspis-r126-release-20260930-a/focus-workspace env lean -j1 -M4500 -R /home/dombarker/project-offloads/aspis-r57-lean-src-20260929-a -o /home/dombarker/project-offloads/aspis-r126-release-20260930-a/lib/AspisV8R19/R613NativeNonzeroExecution.olean /home/dombarker/project-offloads/aspis-r57-lean-src-20260929-a/AspisV8R19/R613NativeNonzeroExecution.lean"
	User time (seconds): 1.60
	System time (seconds): 0.36
	Percent of CPU this job got: 101%
	Elapsed (wall clock) time (h:mm:ss or m:ss): 0:01.95
	Average shared text size (kbytes): 0
	Average unshared data size (kbytes): 0
	Average stack size (kbytes): 0
	Average total size (kbytes): 0
	Maximum resident set size (kbytes): 3758272
	Average resident set size (kbytes): 0
	Major (requiring I/O) page faults: 0
	Minor (reclaiming a frame) page faults: 86485
	Voluntary context switches: 1512
	Involuntary context switches: 60
	Swaps: 0
	File system inputs: 0
	File system outputs: 0
	Socket messages sent: 0
	Socket messages received: 0
	Signals delivered: 0
	Page size (bytes): 4096
	Exit status: 1
Finished with result: exit-code
Main processes terminated with: code=exited/status=1
Service runtime: 1.977s
CPU time consumed: 2.000s
Memory peak: 512.0K
Memory swap peak: 0B
