/home/dombarker/aspis-v8-auth-slots-20260912.gAEiwr/FSExposureOrder.lean:105:16: error(lean.unknownIdentifier): Unknown constant `List.getElem_idxOf`
/home/dombarker/aspis-v8-auth-slots-20260912.gAEiwr/FSExposureOrder.lean:100:62: error: unsolved goals
s : State Bytes Block
input : Bytes
answer : Block
consistent : LogConsistent s
linked : LinkedAbsorb s.log input answer
seen : input ∈ inputs s.log
within : List.idxOf input (inputs s.log) < (inputs s.log).length
h : firstExposure s.log input < s.log.length
⊢ ∃ h, s.log[firstExposure s.log input].input = input ∧ s.log[firstExposure s.log input].answer = answer
/home/dombarker/aspis-v8-auth-slots-20260912.gAEiwr/FSExposureOrder.lean:119:13: error(lean.unknownIdentifier): Unknown constant `List.getElem_idxOf`
/home/dombarker/aspis-v8-auth-slots-20260912.gAEiwr/FSExposureOrder.lean:117:49: error: unsolved goals
log : Log
a c : Bytes
ha : a ∈ inputs log
hc : c ∈ inputs log
different : a ≠ c
eq : firstExposure log a = firstExposure log c
⊢ False
/home/dombarker/aspis-v8-auth-slots-20260912.gAEiwr/FSExposureOrder.lean:136:6: error(lean.unknownIdentifier): Unknown constant `List.getElem_idxOf`
'AspisV8Completion.FSExposureOrder.linked_order_or_premature_target' depends on axioms: [propext,
 sorryAx,
 Classical.choice,
 Quot.sound]
'AspisV8Completion.FSExposureOrder.target_count' depends on axioms: [propext]
'AspisV8Completion.FSExposureOrder.firstExposure_append_of_seen' depends on axioms: [propext,
 Classical.choice,
 Quot.sound]
'AspisV8Completion.FSExposureOrder.run_log_consistent' depends on axioms: [propext, Quot.sound]
'AspisV8Completion.FSExposureOrder.same_logged_input_same_answer' does not depend on any axioms
'AspisV8Completion.FSExposureOrder.first_recorded_answer' depends on axioms: [propext,
 sorryAx,
 Classical.choice,
 Quot.sound]
Command exited with non-zero status 1
	Command being timed: "/home/dombarker/.elan/toolchains/leanprover--lean4---v4.32.0/bin/lean -j1 -M9000 -R /home/dombarker/aspis-v8-auth-slots-20260912.gAEiwr -o /home/dombarker/aspis-v8-auth-slots-20260912.gAEiwr/fs-old-2-v1/FSExposureOrder.olean /home/dombarker/aspis-v8-auth-slots-20260912.gAEiwr/FSExposureOrder.lean"
	User time (seconds): 0.46
	System time (seconds): 0.11
	Percent of CPU this job got: 101%
	Elapsed (wall clock) time (h:mm:ss or m:ss): 0:00.57
	Average shared text size (kbytes): 0
	Average unshared data size (kbytes): 0
	Average stack size (kbytes): 0
	Average total size (kbytes): 0
	Maximum resident set size (kbytes): 747252
	Average resident set size (kbytes): 0
	Major (requiring I/O) page faults: 0
	Minor (reclaiming a frame) page faults: 16974
	Voluntary context switches: 1077
	Involuntary context switches: 35
	Swaps: 0
	File system inputs: 0
	File system outputs: 8
	Socket messages sent: 0
	Socket messages received: 0
	Signals delivered: 0
	Page size (bytes): 4096
	Exit status: 1
