info: r53_focused: no previous manifest, creating one from scratch
info: toolchain not updated; already up-to-date
/home/dombarker/project-offloads/aspis-r53-lean-src-20260929-a/AspisV8R19/Q22WordScan.lean:30:8: error: Dependent elimination failed: Failed to solve equation
  false = (scan { accepted := keep s.accepted x, draws := s.draws + 1 } xs).2
/home/dombarker/project-offloads/aspis-r53-lean-src-20260929-a/AspisV8R19/Q22WordScan.lean:31:6: error: No goals to be solved
'AspisV8R19.Q22WordScan.scan_progress' depends on axioms: [propext, sorryAx, Quot.sound]
'AspisV8R19.Q22WordScan.scan_draw_cap' depends on axioms: [propext, Quot.sound]
'AspisV8R19.Q22WordScan.keep_length' depends on axioms: [propext, Classical.choice, Quot.sound]
'AspisV8R19.Q22WordScan.scan_count_cap' depends on axioms: [propext, Classical.choice, Quot.sound]
'AspisV8R19.Q22WordScan.scan_complete' depends on axioms: [propext, Quot.sound]
'AspisV8R19.Q22WordScan.scan_empty_does_not_detect' depends on axioms: [propext, Quot.sound]
'AspisV8R19.Q22WordScan.finish_error_count' depends on axioms: [propext]
Command exited with non-zero status 1
	Command being timed: "/home/dombarker/.elan/bin/lake env lean -R /home/dombarker/project-offloads/aspis-r53-lean-src-20260929-a -o /home/dombarker/project-offloads/aspis-r53-lean-20260929-c/lib/AspisV8R19/Q22WordScan.olean /home/dombarker/project-offloads/aspis-r53-lean-src-20260929-a/AspisV8R19/Q22WordScan.lean"
	User time (seconds): 1.06
	System time (seconds): 0.45
	Percent of CPU this job got: 112%
	Elapsed (wall clock) time (h:mm:ss or m:ss): 0:01.35
	Average shared text size (kbytes): 0
	Average unshared data size (kbytes): 0
	Average stack size (kbytes): 0
	Average total size (kbytes): 0
	Maximum resident set size (kbytes): 3255780
	Average resident set size (kbytes): 0
	Major (requiring I/O) page faults: 6
	Minor (reclaiming a frame) page faults: 77676
	Voluntary context switches: 3742
	Involuntary context switches: 69
	Swaps: 0
	File system inputs: 376
	File system outputs: 48
	Socket messages sent: 0
	Socket messages received: 0
	Signals delivered: 0
	Page size (bytes): 4096
	Exit status: 1
