Warning: Permanently added '100.108.41.90' (ED25519) to the list of known hosts.
Running as unit: aspis-focus-1791121922690194000.service; invocation ID: a5412bb6aa6749d389d62bc6b3e18f48
def AspisV8R19.R688CombineBetaFieldInterpretation.base : U32 → M31Exact :=
fun x => ↑↑x
def AspisV8R19.R688CombineBetaFieldInterpretation.decode4 : (U4 → U32) → QM31Exact :=
fun x => { re := { re := base (x 0), im := base (x 1) }, im := { re := base (x 2), im := base (x 3) } }
def AspisV8R19.R688CombineBetaFieldInterpretation.coeffVec : query_arithmetic.BetaCoefficients → Fin 26 → QM31Exact :=
fun powers i => decode4 fun limb => arrayAt (arrayAt powers.c1_limbs i) limb
def AspisV8R19.R688CombineBetaFieldInterpretation.mixedMatrix : query_arithmetic.BetaCoefficients →
  Fin 3 → Std.Array (Std.Array U32 4#usize) 4#usize :=
fun powers group =>
  Array.make 4#usize
    [arrayAt powers.mixed (mixedIndex group 0), arrayAt powers.mixed (mixedIndex group 1),
      arrayAt powers.mixed (mixedIndex group 2), arrayAt powers.mixed (mixedIndex group 3)]
    ⋯
def AspisV8R19.R688CombineBetaFieldInterpretation.interpreted : Std.Array U32 104#usize →
  Std.Array U32 48#usize → query_arithmetic.BetaCoefficients → U4 → QM31Exact :=
fun a1 a2 powers slot =>
  ∑ i, c1Scalar a1 slot i • coeffVec powers i +
    ∑ group,
      matrixAction (mixedMatrix powers group) (base (arrayAt a2 (c2Index group slot 0)))
        (base (arrayAt a2 (c2Index group slot 1))) (base (arrayAt a2 (c2Index group slot 2)))
        (base (arrayAt a2 (c2Index group slot 3)))
	Command being timed: "/home/dombarker/.elan/bin/lake --dir /home/dombarker/project-offloads/aspis-r126-release-20260930-a/focus-workspace env lean -j1 -M4500 -R /home/dombarker/project-offloads/aspis-r57-lean-src-20260929-a -o /home/dombarker/project-offloads/aspis-r126-release-20260930-a/lib/AspisV8R19/R688CombineBetaFieldInterpretation.olean /home/dombarker/project-offloads/aspis-r57-lean-src-20260929-a/AspisV8R19/R688CombineBetaFieldInterpretation.lean"
	User time (seconds): 1.14
	System time (seconds): 0.40
	Percent of CPU this job got: 99%
	Elapsed (wall clock) time (h:mm:ss or m:ss): 0:01.55
	Average shared text size (kbytes): 0
	Average unshared data size (kbytes): 0
	Average stack size (kbytes): 0
	Average total size (kbytes): 0
	Maximum resident set size (kbytes): 3759616
	Average resident set size (kbytes): 0
	Major (requiring I/O) page faults: 0
	Minor (reclaiming a frame) page faults: 86858
	Voluntary context switches: 381
	Involuntary context switches: 75
	Swaps: 0
	File system inputs: 0
	File system outputs: 520
	Socket messages sent: 0
	Socket messages received: 0
	Signals delivered: 0
	Page size (bytes): 4096
	Exit status: 0
Finished with result: success
Main processes terminated with: code=exited/status=0
Service runtime: 1.575s
CPU time consumed: 1.575s
Memory peak: 552.0K
Memory swap peak: 0B
