Warning: Permanently added '100.108.41.90' (ED25519) to the list of known hosts.
Running as unit: aspis-focus-1790957475592362000.service; invocation ID: 045821383d754d1b8f4792405efa4d96
/home/dombarker/project-offloads/aspis-r57-lean-src-20260929-a/AspisV8R19/R391ReduceU62Execution.lean:23:36: warning: This simp argument is unused:
  bind_tc_ok

Hint: Omit it from the simp argument list.
  simp only [AspisR388ReduceU62.aspis_core.field.M31.reduce_u62,
      AspisR156FullFreeze.aspis_core.field.M31.reduce_u64,
  ̵  ̵ ̵ ̵generated_reduce_u64_eq_frozen,̵ ̵b̵i̵n̵d̵_̵t̵c̵_̵o̵k̵]

Note: This linter can be disabled with `set_option linter.unusedSimpArgs false`
'AspisR388ReduceU62.aspis_core.field.reduce_u64' depends on axioms: [propext, Classical.choice, Quot.sound]
'AspisR388ReduceU62.aspis_core.field.M31.reduce_u62' depends on axioms: [propext, Classical.choice, Quot.sound]
'AspisV8R19.R391ReduceU62Execution.generated_reduce_u64_eq_frozen' depends on axioms: [propext,
 Classical.choice,
 Quot.sound]
'AspisV8R19.R391ReduceU62Execution.generated_reduce_u62_eq_frozen' depends on axioms: [propext,
 Classical.choice,
 Quot.sound]
'AspisV8R19.R391ReduceU62Execution.generated_reduce_u62_success' depends on axioms: [propext,
 Classical.choice,
 Quot.sound]
'AspisV8R19.R391ReduceU62Execution.generated_reduce_u62_encode' depends on axioms: [propext,
 Classical.choice,
 Quot.sound]
	Command being timed: "/home/dombarker/.elan/bin/lake --dir /home/dombarker/project-offloads/aspis-r126-release-20260930-a/focus-workspace env lean -j1 -M4500 -R /home/dombarker/project-offloads/aspis-r57-lean-src-20260929-a -o /home/dombarker/project-offloads/aspis-r126-release-20260930-a/lib/AspisV8R19/R391ReduceU62Execution.olean /home/dombarker/project-offloads/aspis-r57-lean-src-20260929-a/AspisV8R19/R391ReduceU62Execution.lean"
	User time (seconds): 1.10
	System time (seconds): 0.40
	Percent of CPU this job got: 100%
	Elapsed (wall clock) time (h:mm:ss or m:ss): 0:01.50
	Average shared text size (kbytes): 0
	Average unshared data size (kbytes): 0
	Average stack size (kbytes): 0
	Average total size (kbytes): 0
	Maximum resident set size (kbytes): 3702548
	Average resident set size (kbytes): 0
	Major (requiring I/O) page faults: 0
	Minor (reclaiming a frame) page faults: 86463
	Voluntary context switches: 374
	Involuntary context switches: 59
	Swaps: 0
	File system inputs: 0
	File system outputs: 104
	Socket messages sent: 0
	Socket messages received: 0
	Signals delivered: 0
	Page size (bytes): 4096
	Exit status: 0
Finished with result: success
Main processes terminated with: code=exited/status=0
Service runtime: 1.536s
CPU time consumed: 1.537s
Memory peak: 288.0K
Memory swap peak: 0B
