Warning: Permanently added '100.108.41.90' (ED25519) to the list of known hosts.
Running as unit: aspis-focus-1790909458071688000.service
'AspisR239CoeffExecutionRaw.circle_norm.Coeff.new' depends on axioms: [propext, Classical.choice, Quot.sound]
'AspisR239CoeffExecutionRaw.aspis_core.field.CM31.mul_m31' depends on axioms: [propext, Classical.choice, Quot.sound]
'AspisR239CoeffExecutionRaw.circle_norm.Coeff.four' depends on axioms: [propext, Classical.choice, Quot.sound]
'AspisR239CoeffExecutionRaw.aspis_core.field.M31.half' depends on axioms: [propext, Classical.choice, Quot.sound]
'AspisR239CoeffExecutionRaw.aspis_core.field.CM31.half' depends on axioms: [propext, Classical.choice, Quot.sound]
'AspisR239CoeffExecutionRaw.circle_norm.joined_inverse.line_norm.LineCoeff.new' depends on axioms: [propext,
 Classical.choice,
 Quot.sound]
'AspisR239CoeffExecutionRaw.circle_norm.joined_inverse.line_norm.LineCoeff.four' depends on axioms: [propext,
 Classical.choice,
 Quot.sound]
'AspisR239CoeffExecutionRaw.count_one' depends on axioms: [propext, Classical.choice, Quot.sound]
'AspisR239CoeffExecutionRaw.count_thirty' depends on axioms: [propext, Classical.choice, Quot.sound]
	Command being timed: "/home/dombarker/.elan/bin/lake --dir /home/dombarker/project-offloads/aspis-r126-release-20260930-a/focus-workspace env lean -j1 -M4500 -R /home/dombarker/project-offloads/aspis-r57-lean-src-20260929-a -o /home/dombarker/project-offloads/aspis-r126-release-20260930-a/lib/AspisR239CoeffExecutionRaw.olean /home/dombarker/project-offloads/aspis-r57-lean-src-20260929-a/AspisR239CoeffExecutionRaw.lean"
	User time (seconds): 0.84
	System time (seconds): 0.26
	Percent of CPU this job got: 100%
	Elapsed (wall clock) time (h:mm:ss or m:ss): 0:01.10
	Average shared text size (kbytes): 0
	Average unshared data size (kbytes): 0
	Average stack size (kbytes): 0
	Average total size (kbytes): 0
	Maximum resident set size (kbytes): 2538892
	Average resident set size (kbytes): 0
	Major (requiring I/O) page faults: 0
	Minor (reclaiming a frame) page faults: 64798
	Voluntary context switches: 465
	Involuntary context switches: 46
	Swaps: 0
	File system inputs: 0
	File system outputs: 384
	Socket messages sent: 0
	Socket messages received: 0
	Signals delivered: 0
	Page size (bytes): 4096
	Exit status: 0
Finished with result: success
Main processes terminated with: code=exited/status=0
Service runtime: 1.127s
CPU time consumed: 1.129s
Memory peak: 2.9M
Memory swap peak: 0B
