{"synthetic": false,
 "schemaVersion": "2025-09-10",
 "outputs":
 {"o": ["ee40c378ddb2abae.olean"],
  "m": false,
  "i": "64d988f37cc5fc8a.ilean",
  "c": "aabaf6fec35f4869.c"},
 "log":
 [{"message":
   ".> LEAN_PATH=/Users/dominic/ZK/AspisFormal/.lake/packages/Cli/.lake/build/lib/lean:/Users/dominic/ZK/AspisFormal/.lake/packages/batteries/.lake/build/lib/lean:/Users/dominic/ZK/AspisFormal/.lake/packages/Qq/.lake/build/lib/lean:/Users/dominic/ZK/AspisFormal/.lake/packages/aesop/.lake/build/lib/lean:/Users/dominic/ZK/AspisFormal/.lake/packages/proofwidgets/.lake/build/lib/lean:/Users/dominic/ZK/AspisFormal/.lake/packages/importGraph/.lake/build/lib/lean:/Users/dominic/ZK/AspisFormal/.lake/packages/LeanSearchClient/.lake/build/lib/lean:/Users/dominic/ZK/AspisFormal/.lake/packages/plausible/.lake/build/lib/lean:/Users/dominic/ZK/AspisFormal/.lake/packages/mathlib/.lake/build/lib/lean:/Users/dominic/ZK/AspisFormal/.lake/build/lib/lean /Users/dominic/.elan/toolchains/leanprover--lean4---v4.32.0/bin/lean /Users/dominic/ZK/AspisFormal/AspisFormal/V5SelectionHidingAbort.lean -o /Users/dominic/ZK/AspisFormal/.lake/build/lib/lean/AspisFormal/V5SelectionHidingAbort.olean -i /Users/dominic/ZK/AspisFormal/.lake/build/lib/lean/AspisFormal/V5SelectionHidingAbort.ilean -c /Users/dominic/ZK/AspisFormal/.lake/build/ir/AspisFormal/V5SelectionHidingAbort.c --setup /Users/dominic/ZK/AspisFormal/.lake/build/ir/AspisFormal/V5SelectionHidingAbort.setup.json --json",
   "level": "trace"},
  {"message":
   "AspisFormal/V5SelectionHidingAbort.lean:1:1: * '-/':\nCopyright too short!\n\n\nNote: This linter can be disabled with `set_option linter.style.header false`",
   "level": "warning"},
  {"message":
   "AspisFormal/V5SelectionHidingAbort.lean:459:0: `affineBranchView_witness_indep` does not use the following hypothesis in its type:\n  • [DecidableEq K] (#4)\n\nConsider removing this hypothesis and using `classical` in the proof instead. For terms, consider using `open scoped Classical in` at the term level (not the command level).\n\nNote: This linter can be disabled with `set_option linter.unusedDecidableInType false`",
   "level": "warning"},
  {"message":
   "AspisFormal/V5SelectionHidingAbort.lean:471:0: `spendComposedLaw_affine_witness_indep` does not use the following hypothesis in its type:\n  • [DecidableEq K] (#4)\n\nConsider removing this hypothesis and using `classical` in the proof instead. For terms, consider using `open scoped Classical in` at the term level (not the command level).\n\nNote: This linter can be disabled with `set_option linter.unusedDecidableInType false`",
   "level": "warning"},
  {"message":
   "AspisFormal/V5SelectionHidingAbort.lean:716:0: 'AspisV5SelectionHidingAbort.good_of_select_eq_some' depends on axioms: [propext, Quot.sound]",
   "level": "info"},
  {"message":
   "AspisFormal/V5SelectionHidingAbort.lean:717:0: 'AspisV5SelectionHidingAbort.select_eq_none_iff' depends on axioms: [propext, Classical.choice, Quot.sound]",
   "level": "info"},
  {"message":
   "AspisFormal/V5SelectionHidingAbort.lean:718:0: 'AspisV5SelectionHidingAbort.select_least' depends on axioms: [propext, Classical.choice, Quot.sound]",
   "level": "info"},
  {"message":
   "AspisFormal/V5SelectionHidingAbort.lean:719:0: 'AspisV5SelectionHidingAbort.select_eq_some_iff_prefix' depends on axioms: [propext, Classical.choice, Quot.sound]",
   "level": "info"},
  {"message":
   "AspisFormal/V5SelectionHidingAbort.lean:720:0: 'AspisV5SelectionHidingAbort.attemptLaw_witness_indep' depends on axioms: [propext, Classical.choice, Quot.sound]",
   "level": "info"},
  {"message":
   "AspisFormal/V5SelectionHidingAbort.lean:721:0: 'AspisV5SelectionHidingAbort.composedLaw_witness_indep' depends on axioms: [propext, Classical.choice, Quot.sound]",
   "level": "info"},
  {"message":
   "AspisFormal/V5SelectionHidingAbort.lean:722:0: 'AspisV5SelectionHidingAbort.composedLaw_map_publicPart' depends on axioms: [propext, Classical.choice, Quot.sound]",
   "level": "info"},
  {"message":
   "AspisFormal/V5SelectionHidingAbort.lean:723:0: 'AspisV5SelectionHidingAbort.composedPublicLaw_apply_none' depends on axioms: [propext, Classical.choice, Quot.sound]",
   "level": "info"},
  {"message":
   "AspisFormal/V5SelectionHidingAbort.lean:724:0: 'AspisV5SelectionHidingAbort.composedLaw_apply_none' depends on axioms: [propext, Classical.choice, Quot.sound]",
   "level": "info"},
  {"message":
   "AspisFormal/V5SelectionHidingAbort.lean:725:0: 'AspisV5SelectionHidingAbort.spendComposedLaw_witness_indep' depends on axioms: [propext, Classical.choice, Quot.sound]",
   "level": "info"},
  {"message":
   "AspisFormal/V5SelectionHidingAbort.lean:726:0: 'AspisV5SelectionHidingAbort.spendComposedLaw_apply_none' depends on axioms: [propext, Classical.choice, Quot.sound]",
   "level": "info"},
  {"message":
   "AspisFormal/V5SelectionHidingAbort.lean:727:0: 'AspisV5SelectionHidingAbort.spendComposedLaw_affine_witness_indep' depends on axioms: [propext,\n Classical.choice,\n Quot.sound]",
   "level": "info"},
  {"message":
   "AspisFormal/V5SelectionHidingAbort.lean:728:0: 'AspisV5SelectionHidingAbort.toy_spend_composed_witness_indep' depends on axioms: [propext,\n Classical.choice,\n Quot.sound]",
   "level": "info"},
  {"message":
   "AspisFormal/V5SelectionHidingAbort.lean:729:0: 'AspisV5SelectionHidingAbort.toy_bad_branch_leaks' depends on axioms: [propext, Classical.choice, Quot.sound]",
   "level": "info"},
  {"message":
   "AspisFormal/V5SelectionHidingAbort.lean:730:0: 'AspisV5SelectionHidingAbort.toy_select_examples' depends on axioms: [propext, Quot.sound]",
   "level": "info"},
  {"message":
   "AspisFormal/V5SelectionHidingAbort.lean:731:0: 'AspisV5SelectionHidingAbort.toy_attempt_all_bad_prob' depends on axioms: [propext, Classical.choice, Quot.sound]",
   "level": "info"},
  {"message":
   "AspisFormal/V5SelectionHidingAbort.lean:732:0: 'AspisV5SelectionHidingAbort.toy_spend_abort_prob' depends on axioms: [propext, Classical.choice, Quot.sound]",
   "level": "info"},
  {"message":
   "AspisFormal/V5SelectionHidingAbort.lean:733:0: 'AspisV5SelectionHidingAbort.witness_dependent_good_breaks_attempt_hiding' depends on axioms: [propext,\n Classical.choice,\n Quot.sound]",
   "level": "info"},
  {"message":
   "AspisFormal/V5SelectionHidingAbort.lean:734:0: 'AspisV5SelectionHidingAbort.witness_dependent_good_breaks_composed_hiding' depends on axioms: [propext,\n Classical.choice,\n Quot.sound]",
   "level": "info"}],
 "inputs":
 [["AspisFormal.V5SelectionHidingAbort:deps",
   [["deps",
     [["AspisFormal/AspisFormal:extraDep",
       [["@AspisFormal:extraDep", "00000000000006bb"]]],
      ["imports",
       [["Mathlib transitive imports (legacy)", "693e25ff4498b2e4"],
        ["Mathlib:importAllArts", "f90ecd83c52e54ec"],
        ["AspisFormal.CoreHidingPMF transitive imports (legacy)",
         "8710045773580a5c"],
        ["AspisFormal.CoreHidingPMF:importAllArts", "2219de1345ca7d58"]]]]],
    ["libs",
     [["import dynlibs", "00000000000006bb"],
      ["package external libraries", "00000000000006bb"],
      ["module dynlibs", "00000000000006bb"],
      ["module plugins", "00000000000006bb"]]]]],
  ["Lean 4.32.0, commit 8c9756b28d64dab099da31a4c09229a9e6a2ef35",
   "5d4a267a1ba5cafb"],
  ["/Users/dominic/ZK/AspisFormal/AspisFormal/V5SelectionHidingAbort.lean",
   "10a457240fbd06ce"],
  ["options",
   [["-DmaxSynthPendingDepth=3", "c78e353d34de85d4"],
    ["-Dweak.linter.mathlibStandardSet=true", "8a155799906f2b42"],
    ["-DrelaxedAutoImplicit=false", "74a2b5546b55be80"],
    ["-Dpp.unicode.fun=true", "9b94070140457fab"]]],
  ["isModule: false", "feefd2a0d3a1847e"],
  ["Module.name: AspisFormal.V5SelectionHidingAbort", "bbea6dd16874a0cc"],
  ["Package.id?: (some AspisFormal)", "7c1828f0aaf6921d"],
  ["Module.leanArgs: #[]", "00000000000006bb"]],
 "depHash": "d3ca1a61c5d84a01"}