Warning: Permanently added '100.108.41.90' (ED25519) to the list of known hosts.
Running as unit: aspis-focus-1791141409514640000.service; invocation ID: d8cef98f461c454b85c7dff9a2783682
'R747JointBlock39Preflight.selected_cell' depends on axioms: [propext, Classical.choice, Quot.sound]
	Command being timed: "/home/dombarker/.elan/bin/lake --dir /home/dombarker/project-offloads/aspis-r126-release-20260930-a/focus-workspace env lean -j1 -M4500 -R /home/dombarker/project-offloads/aspis-r57-lean-src-20260929-a -o /home/dombarker/project-offloads/aspis-r126-release-20260930-a/lib/AspisV8R19/R747JointBlock39Preflight.olean /home/dombarker/project-offloads/aspis-r57-lean-src-20260929-a/AspisV8R19/R747JointBlock39Preflight.lean"
	User time (seconds): 3.76
	System time (seconds): 0.39
	Percent of CPU this job got: 100%
	Elapsed (wall clock) time (h:mm:ss or m:ss): 0:04.15
	Average shared text size (kbytes): 0
	Average unshared data size (kbytes): 0
	Average stack size (kbytes): 0
	Average total size (kbytes): 0
	Maximum resident set size (kbytes): 3381156
	Average resident set size (kbytes): 0
	Major (requiring I/O) page faults: 0
	Minor (reclaiming a frame) page faults: 83789
	Voluntary context switches: 3829
	Involuntary context switches: 66
	Swaps: 0
	File system inputs: 0
	File system outputs: 8968
	Socket messages sent: 0
	Socket messages received: 0
	Signals delivered: 0
	Page size (bytes): 4096
	Exit status: 0
Finished with result: success
Main processes terminated with: code=exited/status=0
Service runtime: 4.184s
CPU time consumed: 4.193s
Memory peak: 328.0K
Memory swap peak: 0B
