info: r49_focused: no previous manifest, creating one from scratch
info: toolchain not updated; already up-to-date
'AspisR19.FullWeightHom.map_weight' depends on axioms: [propext, Classical.choice, Quot.sound]
'AspisR19.FullWeightHom.map_point_basis' depends on axioms: [propext, Classical.choice, Quot.sound]
'AspisR19.FullWeightHom.fixed_point' depends on axioms: [propext, Classical.choice, Quot.sound]
'AspisR19.FullWeightHom.fixed_channels' depends on axioms: [propext, Classical.choice, Quot.sound]
	Command being timed: "/home/dombarker/.elan/bin/lake env lean -R /home/dombarker/project-offloads/aspis-r49-lean-src-20260929-a -o /home/dombarker/project-offloads/aspis-r49-lean-20260929-h/lib/AspisV8R19/FullWeightHom.olean /home/dombarker/project-offloads/aspis-r49-lean-src-20260929-a/AspisV8R19/FullWeightHom.lean"
	User time (seconds): 1.12
	System time (seconds): 0.36
	Percent of CPU this job got: 119%
	Elapsed (wall clock) time (h:mm:ss or m:ss): 0:01.24
	Average shared text size (kbytes): 0
	Average unshared data size (kbytes): 0
	Average stack size (kbytes): 0
	Average total size (kbytes): 0
	Maximum resident set size (kbytes): 2455932
	Average resident set size (kbytes): 0
	Major (requiring I/O) page faults: 0
	Minor (reclaiming a frame) page faults: 56071
	Voluntary context switches: 3223
	Involuntary context switches: 54
	Swaps: 0
	File system inputs: 0
	File system outputs: 424
	Socket messages sent: 0
	Socket messages received: 0
	Signals delivered: 0
	Page size (bytes): 4096
	Exit status: 0
