Warning: Permanently added '100.108.41.90' (ED25519) to the list of known hosts.
Running as unit: aspis-focus-1791155813702673000-bec38ac95ba5.service; invocation ID: 275b98050d9a45bf82ed30603ac9a594
/home/dombarker/project-offloads/aspis-r57-lean-src-20260929-a/AspisV8R19/R807SourceBlock02Binding.lean:29:2: error: unsolved goals
case «0».«1»
⊢ R804LiteralSourceRowsChunk07.literalRow176 (colOrder (flatIndex 2 ((fun i => i) ⟨1, ⋯⟩))) =
    R752SCC02Matrix.A_scc ((fun i => i) ⟨0, ⋯⟩) ((fun i => i) ⟨1, ⋯⟩)

case «0».«2»
⊢ R804LiteralSourceRowsChunk07.literalRow176 (colOrder (flatIndex 2 ((fun i => i) ⟨2, ⋯⟩))) =
    R752SCC02Matrix.A_scc ((fun i => i) ⟨0, ⋯⟩) ((fun i => i) ⟨2, ⋯⟩)
/home/dombarker/project-offloads/aspis-r57-lean-src-20260929-a/AspisV8R19/R807SourceBlock02Binding.lean:35:2: error: unsolved goals
case «1».«1»
⊢ R804LiteralSourceRowsChunk07.literalRow178 (colOrder (flatIndex 2 ((fun i => i) ⟨1, ⋯⟩))) =
    R752SCC02Matrix.A_scc ((fun i => i) ⟨1, ⋯⟩) ((fun i => i) ⟨1, ⋯⟩)

case «1».«2»
⊢ R804LiteralSourceRowsChunk07.literalRow178 (colOrder (flatIndex 2 ((fun i => i) ⟨2, ⋯⟩))) =
    R752SCC02Matrix.A_scc ((fun i => i) ⟨1, ⋯⟩) ((fun i => i) ⟨2, ⋯⟩)
/home/dombarker/project-offloads/aspis-r57-lean-src-20260929-a/AspisV8R19/R807SourceBlock02Binding.lean:41:2: error: unsolved goals
case «2».«1»
⊢ R804LiteralSourceRowsChunk08.literalRow180 (colOrder (flatIndex 2 ((fun i => i) ⟨1, ⋯⟩))) =
    R752SCC02Matrix.A_scc ((fun i => i) ⟨2, ⋯⟩) ((fun i => i) ⟨1, ⋯⟩)

case «2».«2»
⊢ R804LiteralSourceRowsChunk08.literalRow180 (colOrder (flatIndex 2 ((fun i => i) ⟨2, ⋯⟩))) =
    R752SCC02Matrix.A_scc ((fun i => i) ⟨2, ⋯⟩) ((fun i => i) ⟨2, ⋯⟩)
'AspisV8R19.R807SourceBlock02Binding.source_block02_eq_certificate' depends on axioms: [propext,
 sorryAx,
 Classical.choice,
 Quot.sound]
Command exited with non-zero status 1
	Command being timed: "/home/dombarker/.elan/bin/lake --dir /home/dombarker/project-offloads/aspis-r126-release-20260930-a/focus-workspace env lean -j1 -M4500 -R /home/dombarker/project-offloads/aspis-r57-lean-src-20260929-a -o /home/dombarker/project-offloads/aspis-r126-release-20260930-a/lib/AspisV8R19/R807SourceBlock02Binding.olean /home/dombarker/project-offloads/aspis-r57-lean-src-20260929-a/AspisV8R19/R807SourceBlock02Binding.lean"
	User time (seconds): 1.04
	System time (seconds): 0.35
	Percent of CPU this job got: 100%
	Elapsed (wall clock) time (h:mm:ss or m:ss): 0:01.39
	Average shared text size (kbytes): 0
	Average unshared data size (kbytes): 0
	Average stack size (kbytes): 0
	Average total size (kbytes): 0
	Maximum resident set size (kbytes): 3299080
	Average resident set size (kbytes): 0
	Major (requiring I/O) page faults: 0
	Minor (reclaiming a frame) page faults: 77579
	Voluntary context switches: 219
	Involuntary context switches: 63
	Swaps: 0
	File system inputs: 0
	File system outputs: 0
	Socket messages sent: 0
	Socket messages received: 0
	Signals delivered: 0
	Page size (bytes): 4096
	Exit status: 1
Finished with result: exit-code
Main processes terminated with: code=exited/status=1
Service runtime: 1.429s
CPU time consumed: 1.431s
Memory peak: 584.0K
Memory swap peak: 0B
