Warning: Permanently added '100.108.41.90' (ED25519) to the list of known hosts.
Running as unit: aspis-focus-1791108819314649000.service; invocation ID: 8f04a23a8f9e45d699f6b84e84336670
Nat.testBit_two_pow_sub_one (n i : ℕ) : (2 ^ n - 1).testBit i = decide (i < n)
/home/dombarker/project-offloads/aspis-r57-lean-src-20260929-a/AspisV8R19/R637PackedBitExtraction.lean:3:7: error(lean.unknownIdentifier): Unknown constant `Nat.testBit_two_pow_sub_one_iff`
Nat.testBit_and (x y i : ℕ) : (x &&& y).testBit i = (x.testBit i && y.testBit i)
/home/dombarker/project-offloads/aspis-r57-lean-src-20260929-a/AspisV8R19/R637PackedBitExtraction.lean:5:7: error(lean.unknownIdentifier): Unknown constant `Nat.testBit_sub`
/home/dombarker/project-offloads/aspis-r57-lean-src-20260929-a/AspisV8R19/R637PackedBitExtraction.lean:6:7: error(lean.unknownIdentifier): Unknown constant `Nat.testBit_one`
Nat.testBit_add (x i n : ℕ) : x.testBit (i + n) = (x / 2 ^ n).testBit i
Nat.testBit_mod_two_pow (x j i : ℕ) : (x % 2 ^ j).testBit i = (decide (i < j) && x.testBit i)
BitVec.getLsbD_ofNat (n x i : ℕ) : (BitVec.ofNat n x).getLsbD i = (decide (i < n) && x.testBit i)
BitVec.getLsbD_setWidth {n : ℕ} (m : ℕ) (x : BitVec n) (i : ℕ) :
  (BitVec.setWidth m x).getLsbD i = (decide (i < m) && x.getLsbD i)
List.getElem?_ofFn.{u_1} {n : ℕ} {α : Type u_1} {i : ℕ} {f : Fin n → α} :
  (List.ofFn f)[i]? = if h : i < n then some (f ⟨i, h⟩) else none
Command exited with non-zero status 1
	Command being timed: "/home/dombarker/.elan/bin/lake --dir /home/dombarker/project-offloads/aspis-r126-release-20260930-a/focus-workspace env lean -j1 -M4500 -R /home/dombarker/project-offloads/aspis-r57-lean-src-20260929-a -o /home/dombarker/project-offloads/aspis-r126-release-20260930-a/lib/AspisV8R19/R637PackedBitExtraction.olean /home/dombarker/project-offloads/aspis-r57-lean-src-20260929-a/AspisV8R19/R637PackedBitExtraction.lean"
	User time (seconds): 0.97
	System time (seconds): 0.38
	Percent of CPU this job got: 100%
	Elapsed (wall clock) time (h:mm:ss or m:ss): 0:01.35
	Average shared text size (kbytes): 0
	Average unshared data size (kbytes): 0
	Average stack size (kbytes): 0
	Average total size (kbytes): 0
	Maximum resident set size (kbytes): 3721632
	Average resident set size (kbytes): 0
	Major (requiring I/O) page faults: 0
	Minor (reclaiming a frame) page faults: 86297
	Voluntary context switches: 27
	Involuntary context switches: 62
	Swaps: 0
	File system inputs: 0
	File system outputs: 0
	Socket messages sent: 0
	Socket messages received: 0
	Signals delivered: 0
	Page size (bytes): 4096
	Exit status: 1
Finished with result: exit-code
Main processes terminated with: code=exited/status=1
Service runtime: 1.381s
CPU time consumed: 1.387s
Memory peak: 512.0K
Memory swap peak: 0B
