Running as unit: run-u2833.service; invocation ID: 565a9a641f1e4052a4b396ea3f383493
[Info ] Imported: /tmp/v7-weight-at-release-r8-20260914/V7WeightAtRelease.llbc
Applied prepasses:  [--------------------------------------------------]  0/55 ⠋

Applied prepasses:  [--------------------------------------------------]  1/55 ⠋
Applied prepasses:  [##################################################] 55/55 ✔️

Translated globals:  [---------------------------------------------------] 0/4 ⠋
Translated globals:  [###################################################] 4/4 ✔️

Translated opaque functions:  [----------------------------------------]  0/14 ⠋
Translated opaque functions:  [########################################] 14/14 ✔️

Translated transparent functions:  [-----------------------------------]  0/40 ⠋

Translated transparent functions:  [-----------------------------------]  1/40 ⠋

Translated transparent functions:  [###################----------------] 22/40 ⠙

Translated transparent functions:  [#####################--------------] 25/40 ⠙

Translated transparent functions:  [#######################------------] 27/40 ⠹

Translated transparent functions:  [##########################---------] 30/40 ⠹

Translated transparent functions:  [##############################-----] 35/40 ⠹

Translated transparent functions:  [################################---] 37/40 ⠹

Translated transparent functions:  [##################################-] 39/40 ⠸

Translated transparent functions:  [###################################] 40/40 ⠼
Translated transparent functions:  [###################################] 40/40 ✔️

Translated trait declarations:  [----------------------------------------] 0/5 ⠋
Translated trait declarations:  [################------------------------] 2/5 ✔️

Translated trait impls:  [-----------------------------------------------] 0/6 ⠋
Translated trait impls:  [###############--------------------------------] 2/6 ✔️

Post-processed translated opaque functions:  [-------------------------]  0/14 ⠋

Post-processed translated opaque functions:  [#------------------------]  1/14 ⠋
Post-processed translated opaque functions:  [#########################] 14/14 ✔️

Post-processed translated transparent functions:  [--------------------]  0/40 ⠋

Post-processed translated transparent functions:  [--------------------]  1/40 ⠋

Post-processed translated transparent functions:  [##############------] 28/40 ⠋

Post-processed translated transparent functions:  [################----] 33/40 ⠙
Post-processed translated transparent functions:  [####################] 40/40 ✔️

[Info ] Generated: /tmp/v7-weight-at-release-r8-20260914/Types.lean
[Info ] Generated: /tmp/v7-weight-at-release-r8-20260914/Funs.lean
[Info ] Total execution time: 0.729432 seconds
Finished with result: success
Main processes terminated with: code=exited/status=0
Service runtime: 862ms
CPU time consumed: 6.982s
Memory peak: 256.0K
Memory swap peak: 0B
