V7WeightAtReleaseFieldBridge.lean:421:17: warning: This simp argument is unused:
  U32.cast_U64_val_eq

Hint: Omit it from the simp argument list.
  simp [wideA,̵ ̵U̵3̵2̵.̵c̵a̵s̵t̵_̵U̵6̵4̵_̵v̵a̵l̵_̵e̵q̵]

Note: This linter can be disabled with `set_option linter.unusedSimpArgs false`
V7WeightAtReleaseFieldBridge.lean:423:17: warning: This simp argument is unused:
  U32.cast_U64_val_eq

Hint: Omit it from the simp argument list.
  simp [wideB,̵ ̵U̵3̵2̵.̵c̵a̵s̵t̵_̵U̵6̵4̵_̵v̵a̵l̵_̵e̵q̵]

Note: This linter can be disabled with `set_option linter.unusedSimpArgs false`
V7WeightAtReleaseFieldBridge.lean:425:17: warning: This simp argument is unused:
  U32.cast_U64_val_eq

Hint: Omit it from the simp argument list.
  simp [wideP, U̵3̵2̵.̵c̵a̵s̵t̵_̵U̵6̵4̵_̵v̵a̵l̵_̵e̵q̵,̵ ̵hPval]

Note: This linter can be disabled with `set_option linter.unusedSimpArgs false`
'V7WeightAtReleaseFieldBridge.generated_qm31_add_corresponds' depends on axioms: [propext, Classical.choice, Quot.sound]
'V7WeightAtReleaseFieldBridge.generated_qm31_mul_corresponds' depends on axioms: [propext, Classical.choice, Quot.sound]
'V7WeightAtReleaseFieldBridge.generated_qm31_square_corresponds' depends on axioms: [propext,
 Classical.choice,
 Quot.sound]
	Command being timed: "systemd-run --user --scope --quiet -p MemoryHigh=5G -p MemoryMax=6G -p MemorySwapMax=0 /home/dombarker/.elan/bin/lean V7WeightAtReleaseFieldBridge.lean"
	User time (seconds): 2.64
	System time (seconds): 0.66
	Percent of CPU this job got: 180%
	Elapsed (wall clock) time (h:mm:ss or m:ss): 0:01.83
	Average shared text size (kbytes): 0
	Average unshared data size (kbytes): 0
	Average stack size (kbytes): 0
	Average total size (kbytes): 0
	Maximum resident set size (kbytes): 2738952
	Average resident set size (kbytes): 0
	Major (requiring I/O) page faults: 0
	Minor (reclaiming a frame) page faults: 80992
	Voluntary context switches: 8812
	Involuntary context switches: 132
	Swaps: 0
	File system inputs: 0
	File system outputs: 8
	Socket messages sent: 0
	Socket messages received: 0
	Signals delivered: 0
	Page size (bytes): 4096
	Exit status: 0
