docs/research/v8-completion-fs-extraction-20260911/lean/Response0ParsedBridge.lean:120:6: error(lean.unknownIdentifier): Unknown identifier `FSTranscriptScript.Script`
docs/research/v8-completion-fs-extraction-20260911/lean/Response0ParsedBridge.lean:123:6: error(lean.unknownIdentifier): Unknown identifier `FSTranscriptScript.Script`
'AspisV8Completion.Response0ParsedBridge.response0_parsed_eq' depends on axioms: [propext, Classical.choice, Quot.sound]
'AspisV8Completion.Response0ParsedBridge.cell_response0_eq_of_bytes_eq' depends on axioms: [propext,
 sorryAx,
 Classical.choice,
 Quot.sound]
       81.62 real         2.54 user         7.63 sys
          3885056000  maximum resident set size
                   0  average shared memory size
                   0  average unshared data size
                   0  average unshared stack size
              212529  page reclaims
              547537  page faults
                   0  swaps
                   0  block input operations
                   0  block output operations
                   0  messages sent
                   0  messages received
                   0  signals received
               40328  voluntary context switches
              488111  involuntary context switches
         70223267124  instructions retired
         36317115625  cycles elapsed
           874783632  peak memory footprint
