Warning: Permanently added '100.108.41.90' (ED25519) to the list of known hosts.
Running as unit: aspis-focus-1790947438169868000.service; invocation ID: 248f9dd8b6a0443590fbd2cbe896cf5d
'AspisR364ControlFlowPattern.core.ops.control_flow.ControlFlow_mono_a0c72fd3c47f69cbec0a6fc726dbdebb' does not depend on any axioms
'AspisR364ControlFlowPattern.core.ops.control_flow.ControlFlow_mono_042548220a408ec1acda44bb0b2e0d90' does not depend on any axioms
'AspisR364ControlFlowPattern.core.ops.control_flow.ControlFlow_mono_4c2587ef7509c1eeb3f57d3aa5f3dc08' does not depend on any axioms
'Aeneas.Std.core.convert.Infallible' does not depend on any axioms
	Command being timed: "/home/dombarker/.elan/bin/lake --dir /home/dombarker/project-offloads/aspis-r126-release-20260930-a/focus-workspace env lean -j1 -M4500 -R /home/dombarker/project-offloads/aspis-r57-lean-src-20260929-a -o /home/dombarker/project-offloads/aspis-r126-release-20260930-a/lib/AspisR364ControlFlowPattern/Types.olean /home/dombarker/project-offloads/aspis-r57-lean-src-20260929-a/AspisR364ControlFlowPattern/Types.lean"
	User time (seconds): 0.79
	System time (seconds): 0.27
	Percent of CPU this job got: 100%
	Elapsed (wall clock) time (h:mm:ss or m:ss): 0:01.07
	Average shared text size (kbytes): 0
	Average unshared data size (kbytes): 0
	Average stack size (kbytes): 0
	Average total size (kbytes): 0
	Maximum resident set size (kbytes): 2539084
	Average resident set size (kbytes): 0
	Major (requiring I/O) page faults: 0
	Minor (reclaiming a frame) page faults: 64357
	Voluntary context switches: 668
	Involuntary context switches: 49
	Swaps: 0
	File system inputs: 136
	File system outputs: 288
	Socket messages sent: 0
	Socket messages received: 0
	Signals delivered: 0
	Page size (bytes): 4096
	Exit status: 0
Finished with result: success
Main processes terminated with: code=exited/status=0
Service runtime: 1.100s
CPU time consumed: 1.100s
Memory peak: 324.0K
Memory swap peak: 0B
