Warning: Permanently added '100.108.41.90' (ED25519) to the list of known hosts.
Running as unit: aspis-focus-1790947737342504000.service; invocation ID: 62d5263fed524f7fa600c2a88d9f13f0
/home/dombarker/project-offloads/aspis-r57-lean-src-20260929-a/R367ControlFlowExecution.lean:28:16: error: Tactic `rfl` failed: The left-hand side
  AspisR364ControlFlowPattern.core.ops.control_flow.ControlFlow_mono_a0c72fd3c47f69cbec0a6fc726dbdebb.Insts.CoreOpsTry_traitFromResidualControlFlow.from_residual
    (AspisR364ControlFlowPattern.core.ops.control_flow.ControlFlow_mono_042548220a408ec1acda44bb0b2e0d90.Break u0)
is not definitionally equal to the right-hand side
  Aeneas.Std.Result.ok
    (AspisR364ControlFlowPattern.core.ops.control_flow.ControlFlow_mono_a0c72fd3c47f69cbec0a6fc726dbdebb.Break ())

case Break
u0 : Unit
⊢ AspisR364ControlFlowPattern.core.ops.control_flow.ControlFlow_mono_a0c72fd3c47f69cbec0a6fc726dbdebb.Insts.CoreOpsTry_traitFromResidualControlFlow.from_residual
      (AspisR364ControlFlowPattern.core.ops.control_flow.ControlFlow_mono_042548220a408ec1acda44bb0b2e0d90.Break u0) =
    Aeneas.Std.Result.ok
      (AspisR364ControlFlowPattern.core.ops.control_flow.ControlFlow_mono_a0c72fd3c47f69cbec0a6fc726dbdebb.Break ())
'AspisR367ControlFlowExecution.branch_exact' does not depend on any axioms
'AspisR367ControlFlowExecution.from_output_exact' does not depend on any axioms
'AspisR367ControlFlowExecution.from_residual_exact' depends on axioms: [propext, sorryAx, Classical.choice, Quot.sound]
Command exited with non-zero status 1
	Command being timed: "/home/dombarker/.elan/bin/lake --dir /home/dombarker/project-offloads/aspis-r126-release-20260930-a/focus-workspace env lean -j1 -M4500 -R /home/dombarker/project-offloads/aspis-r57-lean-src-20260929-a -o /home/dombarker/project-offloads/aspis-r126-release-20260930-a/lib/R367ControlFlowExecution.olean /home/dombarker/project-offloads/aspis-r57-lean-src-20260929-a/R367ControlFlowExecution.lean"
	User time (seconds): 0.75
	System time (seconds): 0.24
	Percent of CPU this job got: 100%
	Elapsed (wall clock) time (h:mm:ss or m:ss): 0:00.99
	Average shared text size (kbytes): 0
	Average unshared data size (kbytes): 0
	Average stack size (kbytes): 0
	Average total size (kbytes): 0
	Maximum resident set size (kbytes): 2517192
	Average resident set size (kbytes): 0
	Major (requiring I/O) page faults: 0
	Minor (reclaiming a frame) page faults: 64227
	Voluntary context switches: 214
	Involuntary context switches: 47
	Swaps: 0
	File system inputs: 0
	File system outputs: 0
	Socket messages sent: 0
	Socket messages received: 0
	Signals delivered: 0
	Page size (bytes): 4096
	Exit status: 1
Finished with result: exit-code
Main processes terminated with: code=exited/status=1
Service runtime: 1.023s
CPU time consumed: 1.024s
Memory peak: 516.0K
Memory swap peak: 0B
