Warning: Permanently added '100.108.41.90' (ED25519) to the list of known hosts.
Running as unit: aspis-focus-1790947119067298000.service; invocation ID: dfe666c7518f414099e7a460a22a19f5
/home/dombarker/project-offloads/aspis-r57-lean-src-20260929-a/AspisR364ControlFlowPattern/Types.lean:3:0: error: object file '/home/dombarker/project-offloads/v7-tag73-challenge-qm31-source-20260825-work/toolchain/aeneas-full/backends/lean/.lake/build/lib/lean/Aeneas.olean' of module Aeneas does not exist
Command exited with non-zero status 1
	Command being timed: "/home/dombarker/.elan/bin/lake --dir /home/dombarker/project-offloads/aspis-r126-release-20260930-a/focus-workspace env lean -j1 -M4500 -R /home/dombarker/project-offloads/aspis-r57-lean-src-20260929-a -o /home/dombarker/project-offloads/aspis-r126-release-20260930-a/lib/AspisR364ControlFlowPattern/Types.olean /home/dombarker/project-offloads/aspis-r57-lean-src-20260929-a/AspisR364ControlFlowPattern/Types.lean"
	User time (seconds): 0.05
	System time (seconds): 0.04
	Percent of CPU this job got: 100%
	Elapsed (wall clock) time (h:mm:ss or m:ss): 0:00.10
	Average shared text size (kbytes): 0
	Average unshared data size (kbytes): 0
	Average stack size (kbytes): 0
	Average total size (kbytes): 0
	Maximum resident set size (kbytes): 185148
	Average resident set size (kbytes): 0
	Major (requiring I/O) page faults: 0
	Minor (reclaiming a frame) page faults: 8818
	Voluntary context switches: 10
	Involuntary context switches: 8
	Swaps: 0
	File system inputs: 0
	File system outputs: 0
	Socket messages sent: 0
	Socket messages received: 0
	Signals delivered: 0
	Page size (bytes): 4096
	Exit status: 1
Finished with result: exit-code
Main processes terminated with: code=exited/status=1
Service runtime: 135ms
CPU time consumed: 135ms
Memory peak: 256.0K
Memory swap peak: 0B
