Warning: Permanently added '100.108.41.90' (ED25519) to the list of known hosts.
Running as unit: aspis-focus-1791111710370124000.service; invocation ID: 73997488bd894ed89ec86b11de1e214b
/home/dombarker/project-offloads/aspis-r57-lean-src-20260929-a/AspisV8R19/R650ResidualCombinationKernel.lean:64:6: error: Tactic `rewrite` failed: Did not find an occurrence of the pattern
  ∑ x ∈ ?m.38, ∑ y ∈ ?m.39, ?m.40 x y
in the target expression
  ∑ i,
      (fun d => ∑ j, x j * AugmentedQuotient.quotient t ht noneOne alpha (degree j) (TwoSwapWitness.slot j) (d, slot))
          i *
        AspisCircleTensorBinding.naturalLineValue (t root) ↑i =
    0

F : Type u_1
inst✝¹ : Field F
inst✝ : NeZero 2
t : Fin 22 → F
ht : Function.Injective t
noneOne : ∀ (i : Fin 22), t i ≠ 1
alpha : F
x : Fin 13 → F
slot : Fin 4
root : Fin 22
⊢ ∑ i,
      (fun d => ∑ j, x j * AugmentedQuotient.quotient t ht noneOne alpha (degree j) (TwoSwapWitness.slot j) (d, slot))
          i *
        AspisCircleTensorBinding.naturalLineValue (t root) ↑i =
    0
'AspisV8R19.R650ResidualCombinationKernel.combination_sparse_coins_zero' depends on axioms: [propext,
 Classical.choice,
 Quot.sound]
'AspisV8R19.R650ResidualCombinationKernel.combination_query_root_zero' depends on axioms: [propext,
 sorryAx,
 Classical.choice,
 Quot.sound]
'AspisV8R19.R650ResidualCombinationKernel.combination_first_fold_zero' depends on axioms: [propext,
 Classical.choice,
 Quot.sound]
Command exited with non-zero status 1
	Command being timed: "/home/dombarker/.elan/bin/lake --dir /home/dombarker/project-offloads/aspis-r126-release-20260930-a/focus-workspace env lean -j1 -M4500 -R /home/dombarker/project-offloads/aspis-r57-lean-src-20260929-a -o /home/dombarker/project-offloads/aspis-r126-release-20260930-a/lib/AspisV8R19/R650ResidualCombinationKernel.olean /home/dombarker/project-offloads/aspis-r57-lean-src-20260929-a/AspisV8R19/R650ResidualCombinationKernel.lean"
	User time (seconds): 1.20
	System time (seconds): 0.47
	Percent of CPU this job got: 100%
	Elapsed (wall clock) time (h:mm:ss or m:ss): 0:01.67
	Average shared text size (kbytes): 0
	Average unshared data size (kbytes): 0
	Average stack size (kbytes): 0
	Average total size (kbytes): 0
	Maximum resident set size (kbytes): 3273796
	Average resident set size (kbytes): 0
	Major (requiring I/O) page faults: 3
	Minor (reclaiming a frame) page faults: 111149
	Voluntary context switches: 799
	Involuntary context switches: 70
	Swaps: 0
	File system inputs: 512
	File system outputs: 0
	Socket messages sent: 0
	Socket messages received: 0
	Signals delivered: 0
	Page size (bytes): 4096
	Exit status: 1
Finished with result: exit-code
Main processes terminated with: code=exited/status=1
Service runtime: 1.706s
CPU time consumed: 1.710s
Memory peak: 512.0K
Memory swap peak: 0B
