Warning: Permanently added '100.108.41.90' (ED25519) to the list of known hosts.
Running as unit: aspis-focus-1791104305072189000.service; invocation ID: efff0343aa304fd99a27870dc2b6415d
/home/dombarker/project-offloads/aspis-r57-lean-src-20260929-a/AspisV8R19/R616MixedLimbExecution.lean:193:31: error: Application type mismatch: The argument
  BitVec.isLt a.bv
has type
  a.bv.toNat < 2 ^ 32
but is expected to have type
  ↑a < Nat.pow 2 63
in the application
  Nat.mul_lt_mul_of_lt_of_lt (BitVec.isLt a.bv)
/home/dombarker/project-offloads/aspis-r57-lean-src-20260929-a/AspisV8R19/R616MixedLimbExecution.lean:196:16: error(lean.unknownIdentifier): Unknown constant `Aeneas.Std.UScalar.cast_widen_value`
/home/dombarker/project-offloads/aspis-r57-lean-src-20260929-a/AspisV8R19/R616MixedLimbExecution.lean:196:4: error: Type mismatch: After simplification, term
  hp
 has type
  @LT.lt ℕ instLTNat (↑a * ↑b) (2 ^ 64)
but is expected to have type
  @LT.lt ℕ instLTNat (↑(UScalar.cast UScalarTy.U64 a) * ↑(UScalar.cast UScalarTy.U64 b)) (2 ^ 64)
/home/dombarker/project-offloads/aspis-r57-lean-src-20260929-a/AspisV8R19/R616MixedLimbExecution.lean:200:13: error(lean.unknownIdentifier): Unknown constant `Aeneas.Std.UScalar.cast_widen_value`
/home/dombarker/project-offloads/aspis-r57-lean-src-20260929-a/AspisV8R19/R616MixedLimbExecution.lean:200:2: error: `simp` made no progress
'AspisV8R19.R616MixedLimbExecution.fourProducts_lt_u64' depends on axioms: [propext, Classical.choice, Quot.sound]
'AspisV8R19.R616MixedLimbExecution.tenPartialChunks_fit' depends on axioms: [propext, Classical.choice, Quot.sound]
'AspisV8R19.R616MixedLimbExecution.partialChunks_mod' depends on axioms: [propext]
'AspisV8R19.R616MixedLimbExecution.mixedC2Index_lt48' depends on axioms: [propext, Quot.sound]
'AspisV8R19.R616MixedLimbExecution.limbIndex_lt4' does not depend on any axioms
'AspisV8R19.R616MixedLimbExecution.canonicalProduct_lt' depends on axioms: [propext, Classical.choice, Quot.sound]
'AspisV8R19.R616MixedLimbExecution.selected_reduce_u64_eq_frozen' depends on axioms: [propext,
 Classical.choice,
 Quot.sound]
'AspisV8R19.R616MixedLimbExecution.selected_m31_reduce_u64_eq_frozen' depends on axioms: [propext,
 Classical.choice,
 Quot.sound]
'AspisV8R19.R616MixedLimbExecution.selected_m31_reduce_u64_success' depends on axioms: [propext,
 Classical.choice,
 Quot.sound]
'AspisV8R19.R616MixedLimbExecution.selected_from_u32_eq_cast' does not depend on any axioms
'AspisV8R19.R616MixedLimbExecution.selected_u32_mul64_val' depends on axioms: [propext, sorryAx]
'AspisV8R19.R616MixedLimbExecution.selected_from_prime' depends on axioms: [propext, Classical.choice, Quot.sound]
'AspisV8R19.R616MixedLimbExecution.selected_reduce_chunk_eq_fold' depends on axioms: [propext,
 Classical.choice,
 Quot.sound]
'AspisV8R19.R616MixedLimbExecution.selected_reduce_chunk_success' depends on axioms: [propext,
 Classical.choice,
 Quot.sound]
Command exited with non-zero status 1
	Command being timed: "/home/dombarker/.elan/bin/lake --dir /home/dombarker/project-offloads/aspis-r126-release-20260930-a/focus-workspace env lean -j1 -M4500 -R /home/dombarker/project-offloads/aspis-r57-lean-src-20260929-a -o /home/dombarker/project-offloads/aspis-r126-release-20260930-a/lib/AspisV8R19/R616MixedLimbExecution.olean /home/dombarker/project-offloads/aspis-r57-lean-src-20260929-a/AspisV8R19/R616MixedLimbExecution.lean"
	User time (seconds): 1.30
	System time (seconds): 0.40
	Percent of CPU this job got: 100%
	Elapsed (wall clock) time (h:mm:ss or m:ss): 0:01.70
	Average shared text size (kbytes): 0
	Average unshared data size (kbytes): 0
	Average stack size (kbytes): 0
	Average total size (kbytes): 0
	Maximum resident set size (kbytes): 3748872
	Average resident set size (kbytes): 0
	Major (requiring I/O) page faults: 0
	Minor (reclaiming a frame) page faults: 86744
	Voluntary context switches: 1111
	Involuntary context switches: 62
	Swaps: 0
	File system inputs: 1200
	File system outputs: 0
	Socket messages sent: 0
	Socket messages received: 0
	Signals delivered: 0
	Page size (bytes): 4096
	Exit status: 1
Finished with result: exit-code
Main processes terminated with: code=exited/status=1
Service runtime: 1.727s
CPU time consumed: 1.739s
Memory peak: 552.0K
Memory swap peak: 0B
