Warning: Permanently added '100.108.41.90' (ED25519) to the list of known hosts.
Running as unit: aspis-focus-1791087310931975000.service; invocation ID: 2dacf032d39d4e85acbc3c02b28410a8
/home/dombarker/project-offloads/aspis-r57-lean-src-20260929-a/AspisV8R19/R585SelectedCoreNonzero.lean:21:21: warning: This simp argument is unused:
  QuadraticAlgebra.re_mul

Hint: Omit it from the simp argument list.
  simp [pow_two, Q̵u̵a̵d̵r̵a̵t̵i̵c̵A̵l̵g̵e̵b̵r̵a̵.̵r̵e̵_̵m̵u̵l̵,̵ ̵QuadraticAlgebra.im_mul]

Note: This linter can be disabled with `set_option linter.unusedSimpArgs false`
/home/dombarker/project-offloads/aspis-r57-lean-src-20260929-a/AspisV8R19/R585SelectedCoreNonzero.lean:21:46: warning: This simp argument is unused:
  QuadraticAlgebra.im_mul

Hint: Omit it from the simp argument list.
  simp [pow_two, QuadraticAlgebra.re_mul,̵ ̵Q̵u̵a̵d̵r̵a̵t̵i̵c̵A̵l̵g̵e̵b̵r̵a̵.̵i̵m̵_̵m̵u̵l̵]

Note: This linter can be disabled with `set_option linter.unusedSimpArgs false`
/home/dombarker/project-offloads/aspis-r57-lean-src-20260929-a/AspisV8R19/R585SelectedCoreNonzero.lean:24:21: warning: This simp argument is unused:
  QuadraticAlgebra.re_mul

Hint: Omit it from the simp argument list.
  simp [selectedI, Q̵u̵a̵d̵r̵a̵t̵i̵c̵A̵l̵g̵e̵b̵r̵a̵.̵r̵e̵_̵m̵u̵l̵,̵ ̵QuadraticAlgebra.im_mul]

Note: This linter can be disabled with `set_option linter.unusedSimpArgs false`
/home/dombarker/project-offloads/aspis-r57-lean-src-20260929-a/AspisV8R19/R585SelectedCoreNonzero.lean:24:46: warning: This simp argument is unused:
  QuadraticAlgebra.im_mul

Hint: Omit it from the simp argument list.
  simp [selectedI, QuadraticAlgebra.re_mul,̵ ̵Q̵u̵a̵d̵r̵a̵t̵i̵c̵A̵l̵g̵e̵b̵r̵a̵.̵i̵m̵_̵m̵u̵l̵]

Note: This linter can be disabled with `set_option linter.unusedSimpArgs false`
/home/dombarker/project-offloads/aspis-r57-lean-src-20260929-a/AspisV8R19/R585SelectedCoreNonzero.lean:24:71: warning: Used `tac1 <;> tac2` where `(tac1; tac2)` would suffice

Note: This linter can be disabled with `set_option linter.unnecessarySeqFocus false`
'AspisV8R19.R585SelectedCoreNonzero.selectedI_sq' depends on axioms: [propext, Classical.choice, Quot.sound]
'AspisV8R19.R585SelectedCoreNonzero.normalizedDet_ne_zero' depends on axioms: [propext, Classical.choice, Quot.sound]
'AspisV8R19.R585SelectedCoreNonzero.normalizedDet_degree' depends on axioms: [propext, Classical.choice, Quot.sound]
'AspisV8R19.R585SelectedCoreNonzero.selected_source_square' depends on axioms: [propext, Classical.choice, Quot.sound]
	Command being timed: "/home/dombarker/.elan/bin/lake --dir /home/dombarker/project-offloads/aspis-r126-release-20260930-a/focus-workspace env lean -j1 -M4500 -R /home/dombarker/project-offloads/aspis-r57-lean-src-20260929-a -o /home/dombarker/project-offloads/aspis-r126-release-20260930-a/lib/AspisV8R19/R585SelectedCoreNonzero.olean /home/dombarker/project-offloads/aspis-r57-lean-src-20260929-a/AspisV8R19/R585SelectedCoreNonzero.lean"
	User time (seconds): 1.22
	System time (seconds): 0.37
	Percent of CPU this job got: 100%
	Elapsed (wall clock) time (h:mm:ss or m:ss): 0:01.59
	Average shared text size (kbytes): 0
	Average unshared data size (kbytes): 0
	Average stack size (kbytes): 0
	Average total size (kbytes): 0
	Maximum resident set size (kbytes): 3776824
	Average resident set size (kbytes): 0
	Major (requiring I/O) page faults: 0
	Minor (reclaiming a frame) page faults: 87191
	Voluntary context switches: 459
	Involuntary context switches: 83
	Swaps: 0
	File system inputs: 0
	File system outputs: 208
	Socket messages sent: 0
	Socket messages received: 0
	Signals delivered: 0
	Page size (bytes): 4096
	Exit status: 0
Finished with result: success
Main processes terminated with: code=exited/status=0
Service runtime: 1.626s
CPU time consumed: 1.627s
Memory peak: 328.0K
Memory swap peak: 0B
