[[92mInfo[39m ] Imported: /home/dombarker/project-offloads/aspis-r72-sampler-20260929-d/R72Sampler.llbc
[[92mInfo[39m ] Creating missing directory: /home/dombarker/project-offloads/aspis-r72-sampler-20260929-d/generated/AspisR72Sampler
[[92mInfo[39m ] Generated: /home/dombarker/project-offloads/aspis-r72-sampler-20260929-d/generated/AspisR72Sampler/Types.lean
[[92mInfo[39m ] Generated: /home/dombarker/project-offloads/aspis-r72-sampler-20260929-d/generated/AspisR72Sampler/Funs.lean
[[92mInfo[39m ] Generated: /home/dombarker/project-offloads/aspis-r72-sampler-20260929-d/generated/translation.json
[[92mInfo[39m ] Total execution time: 1.126675 seconds
	Command being timed: "/home/dombarker/project-offloads/aspis-v7-aeneas-source-unblock-20260830/aeneas-repro-r1 -sequential -no-progress-bar -abort-on-error -backend lean -namespace AspisR72Sampler -dest /home/dombarker/project-offloads/aspis-r72-sampler-20260929-d/generated -subdir AspisR72Sampler -split-files -emit-json /home/dombarker/project-offloads/aspis-r72-sampler-20260929-d/R72Sampler.llbc"
	User time (seconds): 1.17
	System time (seconds): 0.03
	Percent of CPU this job got: 99%
	Elapsed (wall clock) time (h:mm:ss or m:ss): 0:01.21
	Average shared text size (kbytes): 0
	Average unshared data size (kbytes): 0
	Average stack size (kbytes): 0
	Average total size (kbytes): 0
	Maximum resident set size (kbytes): 116512
	Average resident set size (kbytes): 0
	Major (requiring I/O) page faults: 0
	Minor (reclaiming a frame) page faults: 23535
	Voluntary context switches: 1
	Involuntary context switches: 14
	Swaps: 0
	File system inputs: 0
	File system outputs: 152
	Socket messages sent: 0
	Socket messages received: 0
	Signals delivered: 0
	Page size (bytes): 4096
	Exit status: 0
