Warning: Permanently added '100.108.41.90' (ED25519) to the list of known hosts.
Running as unit: aspis-focus-1791148910628052000.service; invocation ID: a947188c630941f690a3d5647d1a4fcb
'AspisV8R19.R772Point02DualLeavesChunk27.p0_transport_exact_original_1005' depends on axioms: [propext,
 Classical.choice,
 Quot.sound]
'AspisV8R19.R772Point02DualLeavesChunk27.p2_transport_exact_original_1005' depends on axioms: [propext,
 Classical.choice,
 Quot.sound]
/home/dombarker/project-offloads/aspis-r57-lean-src-20260929-a/AspisV8R19/R772Point02DualLeavesChunk27.lean:48:55: error(lean.unknownIdentifier): Unknown identifier `AspisV8R19.R768Point02LeavesChunk01.p0_basis_921_exact`
'AspisV8R19.R772Point02DualLeavesChunk27.p0_transport_exact_original_921' depends on axioms: [propext,
 sorryAx,
 Classical.choice,
 Quot.sound]
/home/dombarker/project-offloads/aspis-r57-lean-src-20260929-a/AspisV8R19/R772Point02DualLeavesChunk27.lean:58:55: error(lean.unknownIdentifier): Unknown identifier `AspisV8R19.R768Point02LeavesChunk01.p2_basis_921_exact`
'AspisV8R19.R772Point02DualLeavesChunk27.p2_transport_exact_original_921' depends on axioms: [propext,
 sorryAx,
 Classical.choice,
 Quot.sound]
'AspisV8R19.R772Point02DualLeavesChunk27.p0_transport_exact_original_937' depends on axioms: [propext,
 Classical.choice,
 Quot.sound]
'AspisV8R19.R772Point02DualLeavesChunk27.p2_transport_exact_original_937' depends on axioms: [propext,
 Classical.choice,
 Quot.sound]
'AspisV8R19.R772Point02DualLeavesChunk27.p0_transport_exact_original_953' depends on axioms: [propext,
 Classical.choice,
 Quot.sound]
'AspisV8R19.R772Point02DualLeavesChunk27.p2_transport_exact_original_953' depends on axioms: [propext,
 Classical.choice,
 Quot.sound]
'AspisV8R19.R772Point02DualLeavesChunk27.p0_transport_exact_original_969' depends on axioms: [propext,
 Classical.choice,
 Quot.sound]
'AspisV8R19.R772Point02DualLeavesChunk27.p2_transport_exact_original_969' depends on axioms: [propext,
 Classical.choice,
 Quot.sound]
'AspisV8R19.R772Point02DualLeavesChunk27.p0_transport_exact_original_985' depends on axioms: [propext,
 Classical.choice,
 Quot.sound]
'AspisV8R19.R772Point02DualLeavesChunk27.p2_transport_exact_original_985' depends on axioms: [propext,
 Classical.choice,
 Quot.sound]
'AspisV8R19.R772Point02DualLeavesChunk27.p0_transport_exact_original_1001' depends on axioms: [propext,
 Classical.choice,
 Quot.sound]
'AspisV8R19.R772Point02DualLeavesChunk27.p2_transport_exact_original_1001' depends on axioms: [propext,
 Classical.choice,
 Quot.sound]
'AspisV8R19.R772Point02DualLeavesChunk27.p0_transport_exact_original_1017' depends on axioms: [propext,
 Classical.choice,
 Quot.sound]
'AspisV8R19.R772Point02DualLeavesChunk27.p2_transport_exact_original_1017' depends on axioms: [propext,
 Classical.choice,
 Quot.sound]
'AspisV8R19.R772Point02DualLeavesChunk27.p0_transport_exact_original_917' depends on axioms: [propext,
 Classical.choice,
 Quot.sound]
'AspisV8R19.R772Point02DualLeavesChunk27.p2_transport_exact_original_917' depends on axioms: [propext,
 Classical.choice,
 Quot.sound]
'AspisV8R19.R772Point02DualLeavesChunk27.p0_transport_exact_original_933' depends on axioms: [propext,
 Classical.choice,
 Quot.sound]
'AspisV8R19.R772Point02DualLeavesChunk27.p2_transport_exact_original_933' depends on axioms: [propext,
 Classical.choice,
 Quot.sound]
'AspisV8R19.R772Point02DualLeavesChunk27.p0_transport_exact_original_949' depends on axioms: [propext,
 Classical.choice,
 Quot.sound]
'AspisV8R19.R772Point02DualLeavesChunk27.p2_transport_exact_original_949' depends on axioms: [propext,
 Classical.choice,
 Quot.sound]
'AspisV8R19.R772Point02DualLeavesChunk27.p0_transport_exact_original_965' depends on axioms: [propext,
 Classical.choice,
 Quot.sound]
'AspisV8R19.R772Point02DualLeavesChunk27.p2_transport_exact_original_965' depends on axioms: [propext,
 Classical.choice,
 Quot.sound]
'AspisV8R19.R772Point02DualLeavesChunk27.p0_transport_exact_original_981' depends on axioms: [propext,
 Classical.choice,
 Quot.sound]
'AspisV8R19.R772Point02DualLeavesChunk27.p2_transport_exact_original_981' depends on axioms: [propext,
 Classical.choice,
 Quot.sound]
'AspisV8R19.R772Point02DualLeavesChunk27.p0_transport_exact_original_997' depends on axioms: [propext,
 Classical.choice,
 Quot.sound]
'AspisV8R19.R772Point02DualLeavesChunk27.p2_transport_exact_original_997' depends on axioms: [propext,
 Classical.choice,
 Quot.sound]
'AspisV8R19.R772Point02DualLeavesChunk27.p0_transport_exact_original_1012' depends on axioms: [propext,
 Classical.choice,
 Quot.sound]
'AspisV8R19.R772Point02DualLeavesChunk27.p2_transport_exact_original_1012' depends on axioms: [propext,
 Classical.choice,
 Quot.sound]
'AspisV8R19.R772Point02DualLeavesChunk27.p0_transport_exact_original_768' depends on axioms: [propext,
 Classical.choice,
 Quot.sound]
'AspisV8R19.R772Point02DualLeavesChunk27.p2_transport_exact_original_768' depends on axioms: [propext,
 Classical.choice,
 Quot.sound]
Command exited with non-zero status 1
	Command being timed: "/home/dombarker/.elan/bin/lake --dir /home/dombarker/project-offloads/aspis-r126-release-20260930-a/focus-workspace env lean -j1 -M4500 -R /home/dombarker/project-offloads/aspis-r57-lean-src-20260929-a -o /home/dombarker/project-offloads/aspis-r126-release-20260930-a/lib/AspisV8R19/R772Point02DualLeavesChunk27.olean /home/dombarker/project-offloads/aspis-r57-lean-src-20260929-a/AspisV8R19/R772Point02DualLeavesChunk27.lean"
	User time (seconds): 2.59
	System time (seconds): 0.35
	Percent of CPU this job got: 100%
	Elapsed (wall clock) time (h:mm:ss or m:ss): 0:02.92
	Average shared text size (kbytes): 0
	Average unshared data size (kbytes): 0
	Average stack size (kbytes): 0
	Average total size (kbytes): 0
	Maximum resident set size (kbytes): 3302160
	Average resident set size (kbytes): 0
	Major (requiring I/O) page faults: 0
	Minor (reclaiming a frame) page faults: 79691
	Voluntary context switches: 1630
	Involuntary context switches: 85
	Swaps: 0
	File system inputs: 0
	File system outputs: 0
	Socket messages sent: 0
	Socket messages received: 0
	Signals delivered: 0
	Page size (bytes): 4096
	Exit status: 1
Finished with result: exit-code
Main processes terminated with: code=exited/status=1
Service runtime: 2.952s
CPU time consumed: 2.972s
Memory peak: 324.0K
Memory swap peak: 0B
