Warning: Permanently added '100.108.41.90' (ED25519) to the list of known hosts.
Running as unit: aspis-focus-1791149044645592000.service; invocation ID: 1cfe354eee36459ab1609389891dc6fb
'AspisV8R19.R772Point02DualLeavesChunk31.p0_transport_exact_original_932' depends on axioms: [propext,
 Classical.choice,
 Quot.sound]
'AspisV8R19.R772Point02DualLeavesChunk31.p2_transport_exact_original_932' depends on axioms: [propext,
 Classical.choice,
 Quot.sound]
'AspisV8R19.R772Point02DualLeavesChunk31.p0_transport_exact_original_948' depends on axioms: [propext,
 Classical.choice,
 Quot.sound]
'AspisV8R19.R772Point02DualLeavesChunk31.p2_transport_exact_original_948' depends on axioms: [propext,
 Classical.choice,
 Quot.sound]
'AspisV8R19.R772Point02DualLeavesChunk31.p0_transport_exact_original_964' depends on axioms: [propext,
 Classical.choice,
 Quot.sound]
'AspisV8R19.R772Point02DualLeavesChunk31.p2_transport_exact_original_964' depends on axioms: [propext,
 Classical.choice,
 Quot.sound]
'AspisV8R19.R772Point02DualLeavesChunk31.p0_transport_exact_original_980' depends on axioms: [propext,
 Classical.choice,
 Quot.sound]
'AspisV8R19.R772Point02DualLeavesChunk31.p2_transport_exact_original_980' depends on axioms: [propext,
 Classical.choice,
 Quot.sound]
'AspisV8R19.R772Point02DualLeavesChunk31.p0_transport_exact_original_996' depends on axioms: [propext,
 Classical.choice,
 Quot.sound]
'AspisV8R19.R772Point02DualLeavesChunk31.p2_transport_exact_original_996' depends on axioms: [propext,
 Classical.choice,
 Quot.sound]
'AspisV8R19.R772Point02DualLeavesChunk31.p0_transport_exact_original_1013' depends on axioms: [propext,
 Classical.choice,
 Quot.sound]
'AspisV8R19.R772Point02DualLeavesChunk31.p2_transport_exact_original_1013' depends on axioms: [propext,
 Classical.choice,
 Quot.sound]
'AspisV8R19.R772Point02DualLeavesChunk31.p0_transport_exact_original_769' depends on axioms: [propext,
 Classical.choice,
 Quot.sound]
'AspisV8R19.R772Point02DualLeavesChunk31.p2_transport_exact_original_769' depends on axioms: [propext,
 Classical.choice,
 Quot.sound]
'AspisV8R19.R772Point02DualLeavesChunk31.p0_transport_exact_original_785' depends on axioms: [propext,
 Classical.choice,
 Quot.sound]
'AspisV8R19.R772Point02DualLeavesChunk31.p2_transport_exact_original_785' depends on axioms: [propext,
 Classical.choice,
 Quot.sound]
'AspisV8R19.R772Point02DualLeavesChunk31.p0_transport_exact_original_801' depends on axioms: [propext,
 Classical.choice,
 Quot.sound]
'AspisV8R19.R772Point02DualLeavesChunk31.p2_transport_exact_original_801' depends on axioms: [propext,
 Classical.choice,
 Quot.sound]
'AspisV8R19.R772Point02DualLeavesChunk31.p0_transport_exact_original_817' depends on axioms: [propext,
 Classical.choice,
 Quot.sound]
'AspisV8R19.R772Point02DualLeavesChunk31.p2_transport_exact_original_817' depends on axioms: [propext,
 Classical.choice,
 Quot.sound]
'AspisV8R19.R772Point02DualLeavesChunk31.p0_transport_exact_original_833' depends on axioms: [propext,
 Classical.choice,
 Quot.sound]
'AspisV8R19.R772Point02DualLeavesChunk31.p2_transport_exact_original_833' depends on axioms: [propext,
 Classical.choice,
 Quot.sound]
'AspisV8R19.R772Point02DualLeavesChunk31.p0_transport_exact_original_849' depends on axioms: [propext,
 Classical.choice,
 Quot.sound]
'AspisV8R19.R772Point02DualLeavesChunk31.p2_transport_exact_original_849' depends on axioms: [propext,
 Classical.choice,
 Quot.sound]
'AspisV8R19.R772Point02DualLeavesChunk31.p0_transport_exact_original_865' depends on axioms: [propext,
 Classical.choice,
 Quot.sound]
'AspisV8R19.R772Point02DualLeavesChunk31.p2_transport_exact_original_865' depends on axioms: [propext,
 Classical.choice,
 Quot.sound]
'AspisV8R19.R772Point02DualLeavesChunk31.p0_transport_exact_original_881' depends on axioms: [propext,
 Classical.choice,
 Quot.sound]
'AspisV8R19.R772Point02DualLeavesChunk31.p2_transport_exact_original_881' depends on axioms: [propext,
 Classical.choice,
 Quot.sound]
'AspisV8R19.R772Point02DualLeavesChunk31.p0_transport_exact_original_897' depends on axioms: [propext,
 Classical.choice,
 Quot.sound]
'AspisV8R19.R772Point02DualLeavesChunk31.p2_transport_exact_original_897' depends on axioms: [propext,
 Classical.choice,
 Quot.sound]
'AspisV8R19.R772Point02DualLeavesChunk31.p0_transport_exact_original_912' depends on axioms: [propext,
 Classical.choice,
 Quot.sound]
'AspisV8R19.R772Point02DualLeavesChunk31.p2_transport_exact_original_912' depends on axioms: [propext,
 Classical.choice,
 Quot.sound]
	Command being timed: "/home/dombarker/.elan/bin/lake --dir /home/dombarker/project-offloads/aspis-r126-release-20260930-a/focus-workspace env lean -j1 -M4500 -R /home/dombarker/project-offloads/aspis-r57-lean-src-20260929-a -o /home/dombarker/project-offloads/aspis-r126-release-20260930-a/lib/AspisV8R19/R772Point02DualLeavesChunk31.olean /home/dombarker/project-offloads/aspis-r57-lean-src-20260929-a/AspisV8R19/R772Point02DualLeavesChunk31.lean"
	User time (seconds): 2.86
	System time (seconds): 0.36
	Percent of CPU this job got: 100%
	Elapsed (wall clock) time (h:mm:ss or m:ss): 0:03.21
	Average shared text size (kbytes): 0
	Average unshared data size (kbytes): 0
	Average stack size (kbytes): 0
	Average total size (kbytes): 0
	Maximum resident set size (kbytes): 3315004
	Average resident set size (kbytes): 0
	Major (requiring I/O) page faults: 0
	Minor (reclaiming a frame) page faults: 80270
	Voluntary context switches: 1566
	Involuntary context switches: 111
	Swaps: 0
	File system inputs: 8
	File system outputs: 456
	Socket messages sent: 0
	Socket messages received: 0
	Signals delivered: 0
	Page size (bytes): 4096
	Exit status: 0
Finished with result: success
Main processes terminated with: code=exited/status=0
Service runtime: 3.237s
CPU time consumed: 3.257s
Memory peak: 256.0K
Memory swap peak: 0B
