info: r79_focused: no previous manifest, creating one from scratch
info: toolchain not updated; already up-to-date
'AspisV8R19.SamplerObservedLaws.bind_apply' depends on axioms: [propext, Classical.choice, Quot.sound]
'AspisV8R19.SamplerObservedLaws.pure_apply' depends on axioms: [propext, Classical.choice, Quot.sound]
'AspisV8R19.SamplerObservedLaws.lift_apply' depends on axioms: [propext, Classical.choice, Quot.sound]
'AspisV8R19.SamplerObservedLaws.map_apply' depends on axioms: [propext, Classical.choice, Quot.sound]
'AspisV8R19.SamplerObservedLaws.loop_unfold' depends on axioms: [propext, Classical.choice, Quot.sound]
	Command being timed: "/home/dombarker/.elan/bin/lake env lean -j1 -M4500 -R /home/dombarker/project-offloads/aspis-r57-lean-src-20260929-a -o /home/dombarker/project-offloads/aspis-r79-laws-20260929-b/lib/AspisV8R19/SamplerObservedLaws.olean /home/dombarker/project-offloads/aspis-r57-lean-src-20260929-a/AspisV8R19/SamplerObservedLaws.lean"
	User time (seconds): 1.29
	System time (seconds): 0.95
	Percent of CPU this job got: 99%
	Elapsed (wall clock) time (h:mm:ss or m:ss): 0:02.24
	Average shared text size (kbytes): 0
	Average unshared data size (kbytes): 0
	Average stack size (kbytes): 0
	Average total size (kbytes): 0
	Maximum resident set size (kbytes): 3686244
	Average resident set size (kbytes): 0
	Major (requiring I/O) page faults: 0
	Minor (reclaiming a frame) page faults: 118189
	Voluntary context switches: 432
	Involuntary context switches: 84
	Swaps: 0
	File system inputs: 64
	File system outputs: 328
	Socket messages sent: 0
	Socket messages received: 0
	Signals delivered: 0
	Page size (bytes): 4096
	Exit status: 0
