Warning: Permanently added '100.108.41.90' (ED25519) to the list of known hosts.
Running as unit: aspis-focus-1791055345778723000.service; invocation ID: 4453e556d73c468fbc0aa1c6c0204359
/home/dombarker/project-offloads/aspis-r57-lean-src-20260929-a/AspisR523GammaGroupExecution/R523GammaGroupExecution.lean:28:28: error: omega could not prove the goal:
a possible counterexample may satisfy the constraints
  g ≥ 0
  f ≥ 0
  e ≥ 0
  e - f ≥ 0
  e - g ≥ 0
  d ≥ 0
  c ≥ 0
  c - d ≥ 0
  b ≥ 0
  a ≥ 4
  a + b ≤ 4
where
 a := ↑n
 b := ↑(ab :: xs).length
 c := ↑n * ↑(m ^ 2)
 d := ↑↑seed
 e := ↑m
 f := ↑↑ab.1
 g := ↑↑ab.2
'AspisV8R19.R523GammaGroupExecution.checkedMac_foldlM' depends on axioms: [propext,
 sorryAx,
 Classical.choice,
 Quot.sound]
Command exited with non-zero status 1
	Command being timed: "/home/dombarker/.elan/bin/lake --dir /home/dombarker/project-offloads/aspis-r126-release-20260930-a/focus-workspace env lean -j1 -M4500 -R /home/dombarker/project-offloads/aspis-r57-lean-src-20260929-a -o /home/dombarker/project-offloads/aspis-r126-release-20260930-a/lib/AspisR523GammaGroupExecution/R523GammaGroupExecution.olean /home/dombarker/project-offloads/aspis-r57-lean-src-20260929-a/AspisR523GammaGroupExecution/R523GammaGroupExecution.lean"
	User time (seconds): 1.07
	System time (seconds): 0.38
	Percent of CPU this job got: 100%
	Elapsed (wall clock) time (h:mm:ss or m:ss): 0:01.45
	Average shared text size (kbytes): 0
	Average unshared data size (kbytes): 0
	Average stack size (kbytes): 0
	Average total size (kbytes): 0
	Maximum resident set size (kbytes): 3684076
	Average resident set size (kbytes): 0
	Major (requiring I/O) page faults: 0
	Minor (reclaiming a frame) page faults: 86062
	Voluntary context switches: 309
	Involuntary context switches: 50
	Swaps: 0
	File system inputs: 0
	File system outputs: 0
	Socket messages sent: 0
	Socket messages received: 0
	Signals delivered: 0
	Page size (bytes): 4096
	Exit status: 1
Finished with result: exit-code
Main processes terminated with: code=exited/status=1
Service runtime: 1.479s
CPU time consumed: 1.483s
Memory peak: 516.0K
Memory swap peak: 0B
