Warning: Permanently added '100.108.41.90' (ED25519) to the list of known hosts.
Running as unit: aspis-focus-1791055359151101000.service; invocation ID: 29d7421be5d844008bfefe2d13bfa393
'AspisV8R19.R523GammaGroupExecution.checkedMac_foldlM' depends on axioms: [propext, Classical.choice, Quot.sound]
	Command being timed: "/home/dombarker/.elan/bin/lake --dir /home/dombarker/project-offloads/aspis-r126-release-20260930-a/focus-workspace env lean -j1 -M4500 -R /home/dombarker/project-offloads/aspis-r57-lean-src-20260929-a -o /home/dombarker/project-offloads/aspis-r126-release-20260930-a/lib/AspisR523GammaGroupExecution/R523GammaGroupExecution.olean /home/dombarker/project-offloads/aspis-r57-lean-src-20260929-a/AspisR523GammaGroupExecution/R523GammaGroupExecution.lean"
	User time (seconds): 1.20
	System time (seconds): 0.37
	Percent of CPU this job got: 100%
	Elapsed (wall clock) time (h:mm:ss or m:ss): 0:01.57
	Average shared text size (kbytes): 0
	Average unshared data size (kbytes): 0
	Average stack size (kbytes): 0
	Average total size (kbytes): 0
	Maximum resident set size (kbytes): 3701304
	Average resident set size (kbytes): 0
	Major (requiring I/O) page faults: 0
	Minor (reclaiming a frame) page faults: 86158
	Voluntary context switches: 319
	Involuntary context switches: 65
	Swaps: 0
	File system inputs: 0
	File system outputs: 192
	Socket messages sent: 0
	Socket messages received: 0
	Signals delivered: 0
	Page size (bytes): 4096
	Exit status: 0
Finished with result: success
Main processes terminated with: code=exited/status=0
Service runtime: 1.597s
CPU time consumed: 1.598s
Memory peak: 512.0K
Memory swap peak: 0B
