Warning: Permanently added '100.108.41.90' (ED25519) to the list of known hosts.
Running as unit: aspis-focus-1791145095002830000.service; invocation ID: 04df7293d22140bdb09a208d9e078bcb
'AspisV8R19.R748SchedulePrototype.loop255' depends on axioms: [propext]
/home/dombarker/project-offloads/aspis-r57-lean-src-20260929-a/AspisV8R19/R748SchedulePrototype.lean:16:7: warning: Used `tac1 <;> tac2` where `(tac1; tac2)` would suffice

Note: This linter can be disabled with `set_option linter.unnecessarySeqFocus false`
'AspisV8R19.R748SchedulePrototype.gather255' depends on axioms: [propext]
'AspisV8R19.R748SchedulePrototype.loop254' depends on axioms: [propext]
/home/dombarker/project-offloads/aspis-r57-lean-src-20260929-a/AspisV8R19/R748SchedulePrototype.lean:26:11: warning: 'ring' tactic does nothing

Note: This linter can be disabled with `set_option linter.unusedTactic false`
/home/dombarker/project-offloads/aspis-r57-lean-src-20260929-a/AspisV8R19/R748SchedulePrototype.lean:26:11: warning: this tactic is never executed

Note: This linter can be disabled with `set_option linter.unreachableTactic false`
'AspisV8R19.R748SchedulePrototype.gather254' depends on axioms: [propext]
'AspisV8R19.R748SchedulePrototype.loop252' depends on axioms: [propext]
/home/dombarker/project-offloads/aspis-r57-lean-src-20260929-a/AspisV8R19/R748SchedulePrototype.lean:33:11: warning: 'ring' tactic does nothing

Note: This linter can be disabled with `set_option linter.unusedTactic false`
/home/dombarker/project-offloads/aspis-r57-lean-src-20260929-a/AspisV8R19/R748SchedulePrototype.lean:33:11: warning: this tactic is never executed

Note: This linter can be disabled with `set_option linter.unreachableTactic false`
'AspisV8R19.R748SchedulePrototype.gather252' depends on axioms: [propext]
'AspisV8R19.R748SchedulePrototype.loop248' depends on axioms: [propext]
/home/dombarker/project-offloads/aspis-r57-lean-src-20260929-a/AspisV8R19/R748SchedulePrototype.lean:40:11: warning: 'ring' tactic does nothing

Note: This linter can be disabled with `set_option linter.unusedTactic false`
/home/dombarker/project-offloads/aspis-r57-lean-src-20260929-a/AspisV8R19/R748SchedulePrototype.lean:40:11: warning: this tactic is never executed

Note: This linter can be disabled with `set_option linter.unreachableTactic false`
'AspisV8R19.R748SchedulePrototype.gather248' depends on axioms: [propext]
'AspisV8R19.R748SchedulePrototype.loop240' depends on axioms: [propext]
/home/dombarker/project-offloads/aspis-r57-lean-src-20260929-a/AspisV8R19/R748SchedulePrototype.lean:47:11: warning: 'ring' tactic does nothing

Note: This linter can be disabled with `set_option linter.unusedTactic false`
/home/dombarker/project-offloads/aspis-r57-lean-src-20260929-a/AspisV8R19/R748SchedulePrototype.lean:47:11: warning: this tactic is never executed

Note: This linter can be disabled with `set_option linter.unreachableTactic false`
'AspisV8R19.R748SchedulePrototype.gather240' depends on axioms: [propext]
'AspisV8R19.R748SchedulePrototype.loop224' depends on axioms: [propext]
/home/dombarker/project-offloads/aspis-r57-lean-src-20260929-a/AspisV8R19/R748SchedulePrototype.lean:54:11: warning: 'ring' tactic does nothing

Note: This linter can be disabled with `set_option linter.unusedTactic false`
/home/dombarker/project-offloads/aspis-r57-lean-src-20260929-a/AspisV8R19/R748SchedulePrototype.lean:54:11: warning: this tactic is never executed

Note: This linter can be disabled with `set_option linter.unreachableTactic false`
'AspisV8R19.R748SchedulePrototype.gather224' depends on axioms: [propext]
'AspisV8R19.R748SchedulePrototype.loop192' depends on axioms: [propext]
/home/dombarker/project-offloads/aspis-r57-lean-src-20260929-a/AspisV8R19/R748SchedulePrototype.lean:61:11: warning: 'ring' tactic does nothing

Note: This linter can be disabled with `set_option linter.unusedTactic false`
/home/dombarker/project-offloads/aspis-r57-lean-src-20260929-a/AspisV8R19/R748SchedulePrototype.lean:61:11: warning: this tactic is never executed

Note: This linter can be disabled with `set_option linter.unreachableTactic false`
'AspisV8R19.R748SchedulePrototype.gather192' depends on axioms: [propext]
'AspisV8R19.R748SchedulePrototype.loop128' depends on axioms: [propext]
/home/dombarker/project-offloads/aspis-r57-lean-src-20260929-a/AspisV8R19/R748SchedulePrototype.lean:68:11: warning: 'ring' tactic does nothing

Note: This linter can be disabled with `set_option linter.unusedTactic false`
/home/dombarker/project-offloads/aspis-r57-lean-src-20260929-a/AspisV8R19/R748SchedulePrototype.lean:68:11: warning: this tactic is never executed

Note: This linter can be disabled with `set_option linter.unreachableTactic false`
'AspisV8R19.R748SchedulePrototype.gather128' depends on axioms: [propext]
'AspisV8R19.R748SchedulePrototype.loop256' depends on axioms: [propext]
/home/dombarker/project-offloads/aspis-r57-lean-src-20260929-a/AspisV8R19/R748SchedulePrototype.lean:75:11: warning: 'ring' tactic does nothing

Note: This linter can be disabled with `set_option linter.unusedTactic false`
/home/dombarker/project-offloads/aspis-r57-lean-src-20260929-a/AspisV8R19/R748SchedulePrototype.lean:75:11: warning: this tactic is never executed

Note: This linter can be disabled with `set_option linter.unreachableTactic false`
'AspisV8R19.R748SchedulePrototype.gather256' depends on axioms: [propext]
/home/dombarker/project-offloads/aspis-r57-lean-src-20260929-a/AspisV8R19/R748SchedulePrototype.lean:81:11: warning: 'ring' tactic does nothing

Note: This linter can be disabled with `set_option linter.unusedTactic false`
/home/dombarker/project-offloads/aspis-r57-lean-src-20260929-a/AspisV8R19/R748SchedulePrototype.lean:81:11: warning: this tactic is never executed

Note: This linter can be disabled with `set_option linter.unreachableTactic false`
'AspisV8R19.R748SchedulePrototype.gatherGather255' depends on axioms: [propext]
	Command being timed: "/home/dombarker/.elan/bin/lake --dir /home/dombarker/project-offloads/aspis-r126-release-20260930-a/focus-workspace env lean -j1 -M4500 -R /home/dombarker/project-offloads/aspis-r57-lean-src-20260929-a -o /home/dombarker/project-offloads/aspis-r126-release-20260930-a/lib/AspisV8R19/R748SchedulePrototype.olean /home/dombarker/project-offloads/aspis-r57-lean-src-20260929-a/AspisV8R19/R748SchedulePrototype.lean"
	User time (seconds): 1.30
	System time (seconds): 0.33
	Percent of CPU this job got: 100%
	Elapsed (wall clock) time (h:mm:ss or m:ss): 0:01.63
	Average shared text size (kbytes): 0
	Average unshared data size (kbytes): 0
	Average stack size (kbytes): 0
	Average total size (kbytes): 0
	Maximum resident set size (kbytes): 3304528
	Average resident set size (kbytes): 0
	Major (requiring I/O) page faults: 0
	Minor (reclaiming a frame) page faults: 78302
	Voluntary context switches: 1054
	Involuntary context switches: 68
	Swaps: 0
	File system inputs: 0
	File system outputs: 352
	Socket messages sent: 0
	Socket messages received: 0
	Signals delivered: 0
	Page size (bytes): 4096
	Exit status: 0
Finished with result: success
Main processes terminated with: code=exited/status=0
Service runtime: 1.663s
CPU time consumed: 1.666s
Memory peak: 512.0K
Memory swap peak: 0B
