Warning: Permanently added '100.108.41.90' (ED25519) to the list of known hosts.
Running as unit: aspis-focus-1791093934431478000.service; invocation ID: 980dd0b49c6549538151792bd10f4c3e
/home/dombarker/project-offloads/aspis-r57-lean-src-20260929-a/AspisV8R19/R608CircleOutcomeEvents.lean:44:4: error: unsolved goals
case pos
xs : List ℕ
him : (SamplerFieldDecode.decode xs).im = 0
hsing : 1 + SamplerFieldDecode.decode xs ^ 2 = 0
⊢ (Except.error MapError.singular).toOption = none
/home/dombarker/project-offloads/aspis-r57-lean-src-20260929-a/AspisV8R19/R608CircleOutcomeEvents.lean:45:4: error: unsolved goals
case neg
xs : List ℕ
him : (SamplerFieldDecode.decode xs).im = 0
hsing : ¬1 + SamplerFieldDecode.decode xs ^ 2 = 0
⊢ (Except.error MapError.subfield).toOption = none
/home/dombarker/project-offloads/aspis-r57-lean-src-20260929-a/AspisV8R19/R608CircleOutcomeEvents.lean:44:19: warning: This simp argument is unused:
  SamplerCirclePolicy.pureMap

Hint: Omit it from the simp argument list.
  simp [hsing,̵ ̵S̵a̵m̵p̵l̵e̵r̵C̵i̵r̵c̵l̵e̵P̵o̵l̵i̵c̵y̵.̵p̵u̵r̵e̵M̵a̵p̵]

Note: This linter can be disabled with `set_option linter.unusedSimpArgs false`
/home/dombarker/project-offloads/aspis-r57-lean-src-20260929-a/AspisV8R19/R608CircleOutcomeEvents.lean:45:24: warning: This simp argument is unused:
  SamplerCirclePolicy.pureMap

Hint: Omit it from the simp argument list.
  simp [hsing, him,̵ ̵S̵a̵m̵p̵l̵e̵r̵C̵i̵r̵c̵l̵e̵P̵o̵l̵i̵c̵y̵.̵p̵u̵r̵e̵M̵a̵p̵]

Note: This linter can be disabled with `set_option linter.unusedSimpArgs false`
/home/dombarker/project-offloads/aspis-r57-lean-src-20260929-a/AspisV8R19/R608CircleOutcomeEvents.lean:78:42: error: No goals to be solved
/home/dombarker/project-offloads/aspis-r57-lean-src-20260929-a/AspisV8R19/R608CircleOutcomeEvents.lean:50:8: error: (kernel) excessive memory consumption detected
/home/dombarker/project-offloads/aspis-r57-lean-src-20260929-a/AspisV8R19/R608CircleOutcomeEvents.lean:98:40: error: maximum recursion depth has been reached
use `set_option maxRecDepth <num>` to increase limit
use `set_option diagnostics true` to get diagnostic information
/home/dombarker/project-offloads/aspis-r57-lean-src-20260929-a/AspisV8R19/R608CircleOutcomeEvents.lean:106:21: error: maximum recursion depth has been reached
use `set_option maxRecDepth <num>` to increase limit
use `set_option diagnostics true` to get diagnostic information
/home/dombarker/project-offloads/aspis-r57-lean-src-20260929-a/AspisV8R19/R608CircleOutcomeEvents.lean:109:6: error: maximum recursion depth has been reached
use `set_option maxRecDepth <num>` to increase limit
use `set_option diagnostics true` to get diagnostic information
/home/dombarker/project-offloads/aspis-r57-lean-src-20260929-a/AspisV8R19/R608CircleOutcomeEvents.lean:83:0: error: linter Lean.Linter.constructorNameAsVariable failed: maximum recursion depth has been reached
use `set_option maxRecDepth <num>` to increase limit
use `set_option diagnostics true` to get diagnostic information
'AspisV8R19.R608CircleOutcomeEvents.accept_point_iff' depends on axioms: [propext, Classical.choice, Quot.sound]
'AspisV8R19.R608CircleOutcomeEvents.accept_none_iff' depends on axioms: [propext, sorryAx, Classical.choice, Quot.sound]
'AspisV8R19.R608CircleOutcomeEvents.rejected_tuple_count' depends on axioms: [propext,
 Classical.choice,
 Quot.sound,
 rejected_tuple_count]
'AspisV8R19.R608CircleOutcomeEvents.rejected_event_eq' depends on axioms: [propext,
 sorryAx,
 Classical.choice,
 Quot.sound]
/home/dombarker/project-offloads/aspis-r57-lean-src-20260929-a/AspisV8R19/R608CircleOutcomeEvents.lean:119:0: error: Missing name after `end`: Expected the current scope name `R608CircleOutcomeEvents`

Hint: To end the current scope `R608CircleOutcomeEvents`, specify its name:
  end ̲R̲6̲0̲8̲C̲i̲r̲c̲l̲e̲O̲u̲t̲c̲o̲m̲e̲E̲v̲e̲n̲t̲s̲
Command exited with non-zero status 1
	Command being timed: "/home/dombarker/.elan/bin/lake --dir /home/dombarker/project-offloads/aspis-r126-release-20260930-a/focus-workspace env lean -j1 -M4500 -R /home/dombarker/project-offloads/aspis-r57-lean-src-20260929-a -o /home/dombarker/project-offloads/aspis-r126-release-20260930-a/lib/AspisV8R19/R608CircleOutcomeEvents.olean /home/dombarker/project-offloads/aspis-r57-lean-src-20260929-a/AspisV8R19/R608CircleOutcomeEvents.lean"
	User time (seconds): 7.55
	System time (seconds): 0.51
	Percent of CPU this job got: 100%
	Elapsed (wall clock) time (h:mm:ss or m:ss): 0:08.05
	Average shared text size (kbytes): 0
	Average unshared data size (kbytes): 0
	Average stack size (kbytes): 0
	Average total size (kbytes): 0
	Maximum resident set size (kbytes): 4609552
	Average resident set size (kbytes): 0
	Major (requiring I/O) page faults: 0
	Minor (reclaiming a frame) page faults: 80534
	Voluntary context switches: 603
	Involuntary context switches: 109
	Swaps: 0
	File system inputs: 0
	File system outputs: 0
	Socket messages sent: 0
	Socket messages received: 0
	Signals delivered: 0
	Page size (bytes): 4096
	Exit status: 1
Finished with result: exit-code
Main processes terminated with: code=exited/status=1
Service runtime: 8.083s
CPU time consumed: 8.090s
Memory peak: 512.0K
Memory swap peak: 0B
