Warning: Permanently added '100.108.41.90' (ED25519) to the list of known hosts.
Running as unit: aspis-focus-1791094794878229000.service; invocation ID: 9edb0685a9d24beda948612c66da7dad
/home/dombarker/project-offloads/aspis-r57-lean-src-20260929-a/AspisV8R19/R608CircleOutcomeEvents.lean:59:47: error: maximum recursion depth has been reached
use `set_option maxRecDepth <num>` to increase limit
use `set_option diagnostics true` to get diagnostic information
/home/dombarker/project-offloads/aspis-r57-lean-src-20260929-a/AspisV8R19/R608CircleOutcomeEvents.lean:63:11: error: maximum recursion depth has been reached
use `set_option maxRecDepth <num>` to increase limit
use `set_option diagnostics true` to get diagnostic information
/home/dombarker/project-offloads/aspis-r57-lean-src-20260929-a/AspisV8R19/R608CircleOutcomeEvents.lean:54:0: error: linter Lean.Linter.constructorNameAsVariable failed: maximum recursion depth has been reached
use `set_option maxRecDepth <num>` to increase limit
use `set_option diagnostics true` to get diagnostic information
/home/dombarker/project-offloads/aspis-r57-lean-src-20260929-a/AspisV8R19/R608CircleOutcomeEvents.lean:72:74: error(lean.unknownIdentifier): Unknown identifier `i`
/home/dombarker/project-offloads/aspis-r57-lean-src-20260929-a/AspisV8R19/R608CircleOutcomeEvents.lean:72:74: error(lean.unknownIdentifier): Unknown identifier `i`
/home/dombarker/project-offloads/aspis-r57-lean-src-20260929-a/AspisV8R19/R608CircleOutcomeEvents.lean:74:8: warning: This simp argument is unused:
  rejectedTupleEmbed

Hint: Omit it from the simp argument list.
  simp ̵[̵r̵e̵j̵e̵c̵t̵e̵d̵T̵u̵p̵l̵e̵E̵m̵b̵e̵d̵]̵

Note: This linter can be disabled with `set_option linter.unusedSimpArgs false`
/home/dombarker/project-offloads/aspis-r57-lean-src-20260929-a/AspisV8R19/R608CircleOutcomeEvents.lean:90:58: error: maximum recursion depth has been reached
use `set_option maxRecDepth <num>` to increase limit
use `set_option diagnostics true` to get diagnostic information
/home/dombarker/project-offloads/aspis-r57-lean-src-20260929-a/AspisV8R19/R608CircleOutcomeEvents.lean:107:54: warning: try 'simp' instead of 'simpa'

Note: This linter can be disabled with `set_option linter.unnecessarySimpa false`
/home/dombarker/project-offloads/aspis-r57-lean-src-20260929-a/AspisV8R19/R608CircleOutcomeEvents.lean:112:12: error: maximum recursion depth has been reached
use `set_option maxRecDepth <num>` to increase limit
use `set_option diagnostics true` to get diagnostic information
/home/dombarker/project-offloads/aspis-r57-lean-src-20260929-a/AspisV8R19/R608CircleOutcomeEvents.lean:76:0: error: linter Lean.Linter.constructorNameAsVariable failed: maximum recursion depth has been reached
use `set_option maxRecDepth <num>` to increase limit
use `set_option diagnostics true` to get diagnostic information
'AspisV8R19.R608CircleOutcomeEvents.accept_point_iff' depends on axioms: [propext, Classical.choice, Quot.sound]
'AspisV8R19.R608CircleOutcomeEvents.accept_none_iff' depends on axioms: [propext, Classical.choice, Quot.sound]
'AspisV8R19.R608CircleOutcomeEvents.rejected_tuple_count' depends on axioms: [propext,
 sorryAx,
 Classical.choice,
 Quot.sound]
'AspisV8R19.R608CircleOutcomeEvents.rejected_event_eq' depends on axioms: [propext,
 sorryAx,
 Classical.choice,
 Quot.sound]
Command exited with non-zero status 1
	Command being timed: "/home/dombarker/.elan/bin/lake --dir /home/dombarker/project-offloads/aspis-r126-release-20260930-a/focus-workspace env lean -j1 -M4500 -R /home/dombarker/project-offloads/aspis-r57-lean-src-20260929-a -o /home/dombarker/project-offloads/aspis-r126-release-20260930-a/lib/AspisV8R19/R608CircleOutcomeEvents.olean /home/dombarker/project-offloads/aspis-r57-lean-src-20260929-a/AspisV8R19/R608CircleOutcomeEvents.lean"
	User time (seconds): 2.63
	System time (seconds): 0.33
	Percent of CPU this job got: 99%
	Elapsed (wall clock) time (h:mm:ss or m:ss): 0:02.97
	Average shared text size (kbytes): 0
	Average unshared data size (kbytes): 0
	Average stack size (kbytes): 0
	Average total size (kbytes): 0
	Maximum resident set size (kbytes): 3277416
	Average resident set size (kbytes): 0
	Major (requiring I/O) page faults: 4
	Minor (reclaiming a frame) page faults: 77925
	Voluntary context switches: 598
	Involuntary context switches: 66
	Swaps: 0
	File system inputs: 496
	File system outputs: 0
	Socket messages sent: 0
	Socket messages received: 0
	Signals delivered: 0
	Page size (bytes): 4096
	Exit status: 1
Finished with result: exit-code
Main processes terminated with: code=exited/status=1
Service runtime: 3.000s
CPU time consumed: 2.998s
Memory peak: 552.0K
Memory swap peak: 0B
