Warning: Permanently added '100.108.41.90' (ED25519) to the list of known hosts.
Running as unit: aspis-focus-1791094047429970000.service; invocation ID: f7a863760203402ab3e8940bd786e317
/home/dombarker/project-offloads/aspis-r57-lean-src-20260929-a/AspisV8R19/R608CircleOutcomeEvents.lean:67:48: warning: try 'simp' instead of 'simpa'

Note: This linter can be disabled with `set_option linter.unnecessarySimpa false`
/home/dombarker/project-offloads/aspis-r57-lean-src-20260929-a/AspisV8R19/R608CircleOutcomeEvents.lean:76:23: error: Application type mismatch: The argument
  himn
has type
  ¬(tupleField x).im ≠ 0
but is expected to have type
  ¬(?m.208 ↔ ?m.209)
in the application
  not_iff.mp himn
/home/dombarker/project-offloads/aspis-r57-lean-src-20260929-a/AspisV8R19/R608CircleOutcomeEvents.lean:94:40: error: maximum recursion depth has been reached
use `set_option maxRecDepth <num>` to increase limit
use `set_option diagnostics true` to get diagnostic information
/home/dombarker/project-offloads/aspis-r57-lean-src-20260929-a/AspisV8R19/R608CircleOutcomeEvents.lean:102:21: error: maximum recursion depth has been reached
use `set_option maxRecDepth <num>` to increase limit
use `set_option diagnostics true` to get diagnostic information
/home/dombarker/project-offloads/aspis-r57-lean-src-20260929-a/AspisV8R19/R608CircleOutcomeEvents.lean:105:6: error: maximum recursion depth has been reached
use `set_option maxRecDepth <num>` to increase limit
use `set_option diagnostics true` to get diagnostic information
/home/dombarker/project-offloads/aspis-r57-lean-src-20260929-a/AspisV8R19/R608CircleOutcomeEvents.lean:79:0: error: linter Lean.Linter.constructorNameAsVariable failed: maximum recursion depth has been reached
use `set_option maxRecDepth <num>` to increase limit
use `set_option diagnostics true` to get diagnostic information
'AspisV8R19.R608CircleOutcomeEvents.accept_point_iff' depends on axioms: [propext, Classical.choice, Quot.sound]
'AspisV8R19.R608CircleOutcomeEvents.accept_none_iff' depends on axioms: [propext, Classical.choice, Quot.sound]
'AspisV8R19.R608CircleOutcomeEvents.rejected_tuple_count' depends on axioms: [propext,
 sorryAx,
 Classical.choice,
 Quot.sound]
'AspisV8R19.R608CircleOutcomeEvents.rejected_event_eq' depends on axioms: [propext,
 sorryAx,
 Classical.choice,
 Quot.sound]
Command exited with non-zero status 1
	Command being timed: "/home/dombarker/.elan/bin/lake --dir /home/dombarker/project-offloads/aspis-r126-release-20260930-a/focus-workspace env lean -j1 -M4500 -R /home/dombarker/project-offloads/aspis-r57-lean-src-20260929-a -o /home/dombarker/project-offloads/aspis-r126-release-20260930-a/lib/AspisV8R19/R608CircleOutcomeEvents.olean /home/dombarker/project-offloads/aspis-r57-lean-src-20260929-a/AspisV8R19/R608CircleOutcomeEvents.lean"
	User time (seconds): 2.91
	System time (seconds): 0.32
	Percent of CPU this job got: 100%
	Elapsed (wall clock) time (h:mm:ss or m:ss): 0:03.22
	Average shared text size (kbytes): 0
	Average unshared data size (kbytes): 0
	Average stack size (kbytes): 0
	Average total size (kbytes): 0
	Maximum resident set size (kbytes): 3272288
	Average resident set size (kbytes): 0
	Major (requiring I/O) page faults: 0
	Minor (reclaiming a frame) page faults: 78592
	Voluntary context switches: 831
	Involuntary context switches: 104
	Swaps: 0
	File system inputs: 0
	File system outputs: 0
	Socket messages sent: 0
	Socket messages received: 0
	Signals delivered: 0
	Page size (bytes): 4096
	Exit status: 1
Finished with result: exit-code
Main processes terminated with: code=exited/status=1
Service runtime: 3.258s
CPU time consumed: 3.261s
Memory peak: 328.0K
Memory swap peak: 0B
