Warning: Permanently added '100.108.41.90' (ED25519) to the list of known hosts.
Running as unit: aspis-focus-1791093682087682000.service; invocation ID: 864be6fe3d814e4a847917fcf3d7410a
/home/dombarker/project-offloads/aspis-r57-lean-src-20260929-a/AspisV8R19/R608CircleOutcomeEvents.lean:22:60: error: (deterministic) timeout at `whnf`, maximum number of heartbeats (200000) has been reached

Note: Use `set_option maxHeartbeats <num>` to set the limit.

Hint: Additional diagnostic information may be available using the `set_option diagnostics true` command.
/home/dombarker/project-offloads/aspis-r57-lean-src-20260929-a/AspisV8R19/R608CircleOutcomeEvents.lean:16:42: error: (deterministic) timeout at `«tactic execution»`, maximum number of heartbeats (200000) has been reached

Note: Use `set_option maxHeartbeats <num>` to set the limit.

Hint: Additional diagnostic information may be available using the `set_option diagnostics true` command.
/home/dombarker/project-offloads/aspis-r57-lean-src-20260929-a/AspisV8R19/R608CircleOutcomeEvents.lean:43:4: error: unsolved goals
case pos
xs : List ℕ
him : (SamplerFieldDecode.decode xs).im = 0
hsing : 1 + SamplerFieldDecode.decode xs ^ 2 = 0
⊢ (Except.error MapError.singular).toOption = none
/home/dombarker/project-offloads/aspis-r57-lean-src-20260929-a/AspisV8R19/R608CircleOutcomeEvents.lean:44:4: error: unsolved goals
case neg
xs : List ℕ
him : (SamplerFieldDecode.decode xs).im = 0
hsing : ¬1 + SamplerFieldDecode.decode xs ^ 2 = 0
⊢ (Except.error MapError.subfield).toOption = none
/home/dombarker/project-offloads/aspis-r57-lean-src-20260929-a/AspisV8R19/R608CircleOutcomeEvents.lean:68:8: error: Tactic `rewrite` failed: Did not find an occurrence of the pattern
  ?x 2 ≠ 0 ∨ ?x 3 ≠ 0
in the target expression
  (tupleField x).im ≠ 0 ↔ ∃ q, pureMap (tupleField x) = Except.ok q

haccepted : {x | ∃ q, pureMap (tupleField x) = Except.ok q}.card = modulus ^ 4 - modulus ^ 2
hsplit : {x | (tupleField x).im ≠ 0}.card + {a | ¬(tupleField a).im ≠ 0}.card = Finset.univ.card
hreject : {x | ¬(tupleField x).im ≠ 0} = rejectedTuples
x : Fin 4 → Fin modulus
⊢ (tupleField x).im ≠ 0 ↔ ∃ q, pureMap (tupleField x) = Except.ok q
/home/dombarker/project-offloads/aspis-r57-lean-src-20260929-a/AspisV8R19/R608CircleOutcomeEvents.lean:72:2: error: omega could not prove the goal:
a possible counterexample may satisfy the constraints
  b ≥ 0
  a ≥ 0
  a - b ≤ -1
where
 a := ↑(modulus ^ 4)
 b := ↑(modulus ^ 2)
/home/dombarker/project-offloads/aspis-r57-lean-src-20260929-a/AspisV8R19/R608CircleOutcomeEvents.lean:89:40: error: maximum recursion depth has been reached
use `set_option maxRecDepth <num>` to increase limit
use `set_option diagnostics true` to get diagnostic information
/home/dombarker/project-offloads/aspis-r57-lean-src-20260929-a/AspisV8R19/R608CircleOutcomeEvents.lean:97:21: error: maximum recursion depth has been reached
use `set_option maxRecDepth <num>` to increase limit
use `set_option diagnostics true` to get diagnostic information
/home/dombarker/project-offloads/aspis-r57-lean-src-20260929-a/AspisV8R19/R608CircleOutcomeEvents.lean:81:12: error: unsolved goals
case some
xs : List ℕ
hevent : (∃ x ∈ rejectedTuples, SamplerFieldDecode.decode xs = tupleField x) ↔ accept xs = none
⊢ (if accept xs = none then 1 else 0) = if ∃ xs_1, xs = xs_1 ∧ accept xs_1 = none then 1 else 0
/home/dombarker/project-offloads/aspis-r57-lean-src-20260929-a/AspisV8R19/R608CircleOutcomeEvents.lean:74:0: error: linter Lean.Linter.constructorNameAsVariable failed: maximum recursion depth has been reached
use `set_option maxRecDepth <num>` to increase limit
use `set_option diagnostics true` to get diagnostic information
'AspisV8R19.R608CircleOutcomeEvents.accept_point_iff' depends on axioms: [propext,
 sorryAx,
 Classical.choice,
 Quot.sound]
'AspisV8R19.R608CircleOutcomeEvents.accept_none_iff' depends on axioms: [propext, sorryAx, Classical.choice, Quot.sound]
'AspisV8R19.R608CircleOutcomeEvents.rejected_tuple_count' depends on axioms: [propext,
 sorryAx,
 Classical.choice,
 Quot.sound]
'AspisV8R19.R608CircleOutcomeEvents.rejected_event_eq' depends on axioms: [propext,
 sorryAx,
 Classical.choice,
 Quot.sound]
/home/dombarker/project-offloads/aspis-r57-lean-src-20260929-a/AspisV8R19/R608CircleOutcomeEvents.lean:108:0: error: Missing name after `end`: Expected the current scope name `R608CircleOutcomeEvents`

Hint: To end the current scope `R608CircleOutcomeEvents`, specify its name:
  end ̲R̲6̲0̲8̲C̲i̲r̲c̲l̲e̲O̲u̲t̲c̲o̲m̲e̲E̲v̲e̲n̲t̲s̲
Command exited with non-zero status 1
	Command being timed: "/home/dombarker/.elan/bin/lake --dir /home/dombarker/project-offloads/aspis-r126-release-20260930-a/focus-workspace env lean -j1 -M4500 -R /home/dombarker/project-offloads/aspis-r57-lean-src-20260929-a -o /home/dombarker/project-offloads/aspis-r126-release-20260930-a/lib/AspisV8R19/R608CircleOutcomeEvents.olean /home/dombarker/project-offloads/aspis-r57-lean-src-20260929-a/AspisV8R19/R608CircleOutcomeEvents.lean"
	User time (seconds): 10.43
	System time (seconds): 0.33
	Percent of CPU this job got: 100%
	Elapsed (wall clock) time (h:mm:ss or m:ss): 0:10.74
	Average shared text size (kbytes): 0
	Average unshared data size (kbytes): 0
	Average stack size (kbytes): 0
	Average total size (kbytes): 0
	Maximum resident set size (kbytes): 3254940
	Average resident set size (kbytes): 0
	Major (requiring I/O) page faults: 0
	Minor (reclaiming a frame) page faults: 78204
	Voluntary context switches: 535
	Involuntary context switches: 136
	Swaps: 0
	File system inputs: 8
	File system outputs: 0
	Socket messages sent: 0
	Socket messages received: 0
	Signals delivered: 0
	Page size (bytes): 4096
	Exit status: 1
Finished with result: exit-code
Main processes terminated with: code=exited/status=1
Service runtime: 10.777s
CPU time consumed: 10.791s
Memory peak: 332.0K
Memory swap peak: 0B
