info: r39_focused: no previous manifest, creating one from scratch
info: toolchain not updated; already up-to-date
	Command being timed: "/home/dombarker/.elan/bin/lake env lean -R /home/dombarker/project-offloads/aspis-r39-lean-src-20260929-a -o /home/dombarker/project-offloads/aspis-r39-lean-20260929-d/lib/AspisV8R19/WitnessPointData.olean /home/dombarker/project-offloads/aspis-r39-lean-src-20260929-a/AspisV8R19/WitnessPointData.lean"
	User time (seconds): 1.01
	System time (seconds): 0.33
	Percent of CPU this job got: 114%
	Elapsed (wall clock) time (h:mm:ss or m:ss): 0:01.18
	Average shared text size (kbytes): 0
	Average unshared data size (kbytes): 0
	Average stack size (kbytes): 0
	Average total size (kbytes): 0
	Maximum resident set size (kbytes): 2270708
	Average resident set size (kbytes): 0
	Major (requiring I/O) page faults: 0
	Minor (reclaiming a frame) page faults: 52612
	Voluntary context switches: 1107
	Involuntary context switches: 53
	Swaps: 0
	File system inputs: 16
	File system outputs: 1952
	Socket messages sent: 0
	Socket messages received: 0
	Signals delivered: 0
	Page size (bytes): 4096
	Exit status: 0
