Warning: Permanently added '100.108.41.90' (ED25519) to the list of known hosts.
Running as unit: aspis-focus-1791157854187951000-f26aea37146f.service; invocation ID: 77b4c7abe2ba433ca37ca1516762ed80
'AspisV8R19.R811SourceLowerZeroChunk28.rowFlat117_lower_zero' depends on axioms: [propext, Classical.choice, Quot.sound]
'AspisV8R19.R811SourceLowerZeroChunk28.rowFlat118_lower_zero' depends on axioms: [propext, Classical.choice, Quot.sound]
'AspisV8R19.R811SourceLowerZeroChunk28.rowFlat119_lower_zero' depends on axioms: [propext, Classical.choice, Quot.sound]
'AspisV8R19.R811SourceLowerZeroChunk28.rowFlat120_lower_zero' depends on axioms: [propext, Classical.choice, Quot.sound]
	Command being timed: "/home/dombarker/.elan/bin/lake --dir /home/dombarker/project-offloads/aspis-r126-release-20260930-a/focus-workspace env lean -j1 -M4500 -R /home/dombarker/project-offloads/aspis-r57-lean-src-20260929-a -o /home/dombarker/project-offloads/aspis-r126-release-20260930-a/lib/AspisV8R19/R811SourceLowerZeroChunk28.olean /home/dombarker/project-offloads/aspis-r57-lean-src-20260929-a/AspisV8R19/R811SourceLowerZeroChunk28.lean"
	User time (seconds): 11.62
	System time (seconds): 0.55
	Percent of CPU this job got: 99%
	Elapsed (wall clock) time (h:mm:ss or m:ss): 0:12.18
	Average shared text size (kbytes): 0
	Average unshared data size (kbytes): 0
	Average stack size (kbytes): 0
	Average total size (kbytes): 0
	Maximum resident set size (kbytes): 3636356
	Average resident set size (kbytes): 0
	Major (requiring I/O) page faults: 0
	Minor (reclaiming a frame) page faults: 153304
	Voluntary context switches: 424
	Involuntary context switches: 172
	Swaps: 0
	File system inputs: 0
	File system outputs: 136
	Socket messages sent: 0
	Socket messages received: 0
	Signals delivered: 0
	Page size (bytes): 4096
	Exit status: 0
Finished with result: success
Main processes terminated with: code=exited/status=0
Service runtime: 12.218s
CPU time consumed: 12.211s
Memory peak: 512.0K
Memory swap peak: 0B
