Warning: Permanently added '100.108.41.90' (ED25519) to the list of known hosts.
Running as unit: aspis-focus-1791081770412902000.service; invocation ID: 0c70f4c22a5f4752b05a5d46a45127cc
/home/dombarker/project-offloads/aspis-r57-lean-src-20260929-a/AspisV8R19/R572SequentialWordMass.lean:67:2: error: No goals to be solved
/home/dombarker/project-offloads/aspis-r57-lean-src-20260929-a/AspisV8R19/R572SequentialWordMass.lean:80:6: warning: 'change ((1 - (1 / (p + 1 : ℚ)) ^ n) / p + 1) / (p + 1 : ℚ) = _' tactic does nothing

Note: This linter can be disabled with `set_option linter.unusedTactic false`
/home/dombarker/project-offloads/aspis-r57-lean-src-20260929-a/AspisV8R19/R572SequentialWordMass.lean:89:51: warning: This simp argument is unused:
  mean_const

Hint: Omit it from the simp argument list.
  simp [scanMass, scan, independentMean,̵ ̵m̵e̵a̵n̵_̵c̵o̵n̵s̵t̵]

Note: This linter can be disabled with `set_option linter.unusedSimpArgs false`
/home/dombarker/project-offloads/aspis-r57-lean-src-20260929-a/AspisV8R19/R572SequentialWordMass.lean:134:65: error: unsolved goals
p budget count cursor : ℕ
a head : Fin p
tailTarget : List (Fin p)
first : View ℕ (Option (Fin p)) (Option (List (Fin p)) × ℕ)
⊢ (if
        (match first.2.1 with
            | none => (none, first.2.2)
            | some xs => (some (a :: xs), first.2.2)).1 =
          some (head :: tailTarget) then
      1
    else 0) =
    if a = head then if first.2.1 = some tailTarget then 1 else 0 else 0
/home/dombarker/project-offloads/aspis-r57-lean-src-20260929-a/AspisV8R19/R572SequentialWordMass.lean:157:8: error: Tactic `rfl` failed: The left-hand side
  target 0 :: List.ofFn fun i => target i.succ
is not definitionally equal to the right-hand side
  target 0 :: List.ofFn tail

p : ℕ
hp : 0 < p
budget count : ℕ
ih :
  ∀ (cursor : ℕ) (target : Fin count → Fin p),
    independentMean (limbs budget count cursor) (observedList (List.ofFn target)) =
      ((1 - (1 / (↑p + 1)) ^ budget) / ↑p) ^ count
cursor : ℕ
target : Fin (count + 1) → Fin p
tail : Fin count → Fin p
⊢ (target 0 :: List.ofFn fun i => target i.succ) = target 0 :: List.ofFn tail
/home/dombarker/project-offloads/aspis-r57-lean-src-20260929-a/AspisV8R19/R572SequentialWordMass.lean:183:16: error: Tactic `rewrite` failed: Did not find an occurrence of the pattern
  independentMean
    (OracleProgramOps.bind (limbs ?budget ?count ?cursor) fun tail => Program.done (prependResult ?a tail))
    (observedList (?head :: ?tailTarget))
in the target expression
  (independentMean
      (OracleProgramOps.bind (limbs budget count first.2.2) fun rest => Program.done (prependResult a rest))
      fun second => observedList (target 0 :: List.ofFn tail) (first.1 ++ second.1, second.2)) =
    if some a = some (target 0) then tailMass else 0

case some
p : ℕ
hp : 0 < p
budget count : ℕ
ih :
  ∀ (cursor : ℕ) (target : Fin count → Fin p),
    independentMean (limbs budget count cursor) (observedList (List.ofFn target)) =
      ((1 - (1 / (↑p + 1)) ^ budget) / ↑p) ^ count
cursor : ℕ
target : Fin (count + 1) → Fin p
tail : Fin count → Fin p
htarget : List.ofFn target = target 0 :: List.ofFn tail
tailMass : ℚ := ((1 - (1 / (↑p + 1)) ^ budget) / ↑p) ^ count
first : View ℕ (Option (Fin p)) (Option (Fin p) × ℕ)
a : Fin p
hout : first.2.1 = some a
⊢ (independentMean
      (OracleProgramOps.bind (limbs budget count first.2.2) fun rest => Program.done (prependResult a rest))
      fun second => observedList (target 0 :: List.ofFn tail) (first.1 ++ second.1, second.2)) =
    if some a = some (target 0) then tailMass else 0
/home/dombarker/project-offloads/aspis-r57-lean-src-20260929-a/AspisV8R19/R572SequentialWordMass.lean:200:6: error: No goals to be solved
/home/dombarker/project-offloads/aspis-r57-lean-src-20260929-a/AspisV8R19/R572SequentialWordMass.lean:149:50: warning: This simp argument is unused:
  mean_const

Hint: Omit it from the simp argument list.
  simp [limbs, independentMean, observedList,̵ ̵m̵e̵a̵n̵_̵c̵o̵n̵s̵t̵]

Note: This linter can be disabled with `set_option linter.unusedSimpArgs false`
/home/dombarker/project-offloads/aspis-r57-lean-src-20260929-a/AspisV8R19/R572SequentialWordMass.lean:182:23: warning: This simp argument is unused:
  hout

Hint: Omit it from the simp argument list.
  simp only ̵[̵h̵o̵u̵t̵]̵

Note: This linter can be disabled with `set_option linter.unusedSimpArgs false`
'AspisV8R19.R572SequentialWordMass.scanMass_cursor' depends on axioms: [propext, Classical.choice, Quot.sound]
'AspisV8R19.R572SequentialWordMass.scanMass_step' depends on axioms: [propext, Classical.choice, Quot.sound]
'AspisV8R19.R572SequentialWordMass.scanMass_value' depends on axioms: [propext, Classical.choice, Quot.sound]
'AspisV8R19.R572SequentialWordMass.limbs_exact_mass' depends on axioms: [propext, sorryAx, Classical.choice, Quot.sound]
Command exited with non-zero status 1
	Command being timed: "/home/dombarker/.elan/bin/lake --dir /home/dombarker/project-offloads/aspis-r126-release-20260930-a/focus-workspace env lean -j1 -M4500 -R /home/dombarker/project-offloads/aspis-r57-lean-src-20260929-a -o /home/dombarker/project-offloads/aspis-r126-release-20260930-a/lib/AspisV8R19/R572SequentialWordMass.olean /home/dombarker/project-offloads/aspis-r57-lean-src-20260929-a/AspisV8R19/R572SequentialWordMass.lean"
	User time (seconds): 1.30
	System time (seconds): 0.33
	Percent of CPU this job got: 101%
	Elapsed (wall clock) time (h:mm:ss or m:ss): 0:01.61
	Average shared text size (kbytes): 0
	Average unshared data size (kbytes): 0
	Average stack size (kbytes): 0
	Average total size (kbytes): 0
	Maximum resident set size (kbytes): 3239700
	Average resident set size (kbytes): 0
	Major (requiring I/O) page faults: 0
	Minor (reclaiming a frame) page faults: 77558
	Voluntary context switches: 1423
	Involuntary context switches: 52
	Swaps: 0
	File system inputs: 0
	File system outputs: 0
	Socket messages sent: 0
	Socket messages received: 0
	Signals delivered: 0
	Page size (bytes): 4096
	Exit status: 1
Finished with result: exit-code
Main processes terminated with: code=exited/status=1
Service runtime: 1.644s
CPU time consumed: 1.664s
Memory peak: 328.0K
Memory swap peak: 0B
