Warning: Permanently added '100.108.41.90' (ED25519) to the list of known hosts.
Running as unit: aspis-focus-1791102772645388000.service; invocation ID: 4db84fdf069c440a9fb9b516a7d22311
'AspisV8R19.R619MatrixArithmeticBridge.actual_add_eq_reference_all' depends on axioms: [propext,
 Classical.choice,
 Quot.sound]
'AspisV8R19.R619MatrixArithmeticBridge.actual_sub_eq_reference_all' depends on axioms: [propext,
 Classical.choice,
 Quot.sound]
'AspisV8R19.R619MatrixArithmeticBridge.actual_neg_eq_reference_all' depends on axioms: [propext,
 Classical.choice,
 Quot.sound]
'AspisV8R19.R619MatrixArithmeticBridge.actual_double_eq_reference_all' depends on axioms: [propext,
 Classical.choice,
 Quot.sound]
'AspisV8R19.R619MatrixArithmeticBridge.actual_matrix_execution' depends on axioms: [propext,
 Classical.choice,
 Quot.sound]
	Command being timed: "/home/dombarker/.elan/bin/lake --dir /home/dombarker/project-offloads/aspis-r126-release-20260930-a/focus-workspace env lean -j1 -M4500 -R /home/dombarker/project-offloads/aspis-r57-lean-src-20260929-a -o /home/dombarker/project-offloads/aspis-r126-release-20260930-a/lib/AspisV8R19/R619MatrixArithmeticBridge.olean /home/dombarker/project-offloads/aspis-r57-lean-src-20260929-a/AspisV8R19/R619MatrixArithmeticBridge.lean"
	User time (seconds): 1.36
	System time (seconds): 0.37
	Percent of CPU this job got: 99%
	Elapsed (wall clock) time (h:mm:ss or m:ss): 0:01.74
	Average shared text size (kbytes): 0
	Average unshared data size (kbytes): 0
	Average stack size (kbytes): 0
	Average total size (kbytes): 0
	Maximum resident set size (kbytes): 3749644
	Average resident set size (kbytes): 0
	Major (requiring I/O) page faults: 0
	Minor (reclaiming a frame) page faults: 86885
	Voluntary context switches: 921
	Involuntary context switches: 69
	Swaps: 0
	File system inputs: 8
	File system outputs: 456
	Socket messages sent: 0
	Socket messages received: 0
	Signals delivered: 0
	Page size (bytes): 4096
	Exit status: 0
Finished with result: success
Main processes terminated with: code=exited/status=0
Service runtime: 1.770s
CPU time consumed: 1.768s
Memory peak: 256.0K
Memory swap peak: 0B
