Warning: Permanently added '100.108.41.90' (ED25519) to the list of known hosts.
Running as unit: aspis-focus-1791109046806239000.service; invocation ID: 007236ac80104e68a0302e3a2cf0755f
/home/dombarker/project-offloads/aspis-r57-lean-src-20260929-a/AspisV8R19/R637PackedBitExtraction.lean:22:35: warning: Used `tac1 <;> tac2` where `(tac1; tac2)` would suffice

Note: This linter can be disabled with `set_option linter.unnecessarySeqFocus false`
/home/dombarker/project-offloads/aspis-r57-lean-src-20260929-a/AspisV8R19/R637PackedBitExtraction.lean:45:47: error: omega could not prove the goal:
a possible counterexample may satisfy the constraints
  2 ≤ a ≤ 30
where
 a := ↑i
/home/dombarker/project-offloads/aspis-r57-lean-src-20260929-a/AspisV8R19/R637PackedBitExtraction.lean:45:47: error: omega could not prove the goal:
a possible counterexample may satisfy the constraints
  0 ≤ a ≤ 30
where
 a := ↑i
/home/dombarker/project-offloads/aspis-r57-lean-src-20260929-a/AspisV8R19/R637PackedBitExtraction.lean:45:47: error: omega could not prove the goal:
a possible counterexample may satisfy the constraints
  0 ≤ a ≤ 30
where
 a := ↑i
/home/dombarker/project-offloads/aspis-r57-lean-src-20260929-a/AspisV8R19/R637PackedBitExtraction.lean:45:47: error: omega could not prove the goal:
a possible counterexample may satisfy the constraints
  0 ≤ a ≤ 30
where
 a := ↑i
/home/dombarker/project-offloads/aspis-r57-lean-src-20260929-a/AspisV8R19/R637PackedBitExtraction.lean:45:47: error: omega could not prove the goal:
a possible counterexample may satisfy the constraints
  0 ≤ a ≤ 30
where
 a := ↑i
/home/dombarker/project-offloads/aspis-r57-lean-src-20260929-a/AspisV8R19/R637PackedBitExtraction.lean:45:47: error: omega could not prove the goal:
a possible counterexample may satisfy the constraints
  0 ≤ a ≤ 30
where
 a := ↑i
case neg
w0 w1 w2 w3 : BitVec 64
i : ℕ
hi : i < 32
h31 : i < 31
h✝ : 64 ≤ i
⊢ (w3 ++ w2 ++ w1).getLsbD (i - 64) = false
case neg
w0 w1 w2 w3 : BitVec 64
i : ℕ
hi : i < 32
h31 : i < 31
h✝ : 64 ≤ 31 + i
⊢ (w3 ++ w2 ++ w1).getLsbD (31 + i - 64) = false
case pos
w0 w1 w2 w3 : BitVec 64
i : ℕ
hi : i < 32
h31 : i < 31
h✝ : 62 + i < 64
⊢ i < 64 → 1 < i → w1.getLsbD (i - 2) = true → w0[62 + i] = true
case neg
w0 w1 w2 w3 : BitVec 64
i : ℕ
hi : i < 32
h31 : i < 31
h✝ : 64 ≤ 62 + i
⊢ (decide (i < 64) && !decide (i ≤ 1) && w1.getLsbD (i - 2)) = (w3 ++ w2 ++ w1).getLsbD (62 + i - 64)
case pos
w0 w1 w2 w3 : BitVec 64
i : ℕ
hi : i < 32
h31 : i < 31
h✝ : 93 + i < 64
⊢ w1.getLsbD (29 + i) = w0[93 + i]
case neg
w0 w1 w2 w3 : BitVec 64
i : ℕ
hi : i < 32
h31 : i < 31
h✝ : 64 ≤ 93 + i
⊢ w1.getLsbD (29 + i) = (w3 ++ w2 ++ w1).getLsbD (93 + i - 64)
case pos
w0 w1 w2 w3 : BitVec 64
i : ℕ
hi : i < 32
h31 : i < 31
h✝ : 124 + i < 64
⊢ (w1.getLsbD (60 + i) || decide (i < 64) && !decide (i < 4) && w2.getLsbD (i - 4)) = w0[124 + i]
case neg
w0 w1 w2 w3 : BitVec 64
i : ℕ
hi : i < 32
h31 : i < 31
h✝ : 64 ≤ 124 + i
⊢ (w1.getLsbD (60 + i) || decide (i < 64) && !decide (i < 4) && w2.getLsbD (i - 4)) =
    (w3 ++ w2 ++ w1).getLsbD (124 + i - 64)
case pos
w0 w1 w2 w3 : BitVec 64
i : ℕ
hi : i < 32
h31 : i < 31
h✝ : 155 + i < 64
⊢ w2.getLsbD (27 + i) = w0[155 + i]
case neg
w0 w1 w2 w3 : BitVec 64
i : ℕ
hi : i < 32
h31 : i < 31
h✝ : 64 ≤ 155 + i
⊢ w2.getLsbD (27 + i) = (w3 ++ w2 ++ w1).getLsbD (155 + i - 64)
case pos
w0 w1 w2 w3 : BitVec 64
i : ℕ
hi : i < 32
h31 : i < 31
h✝ : 186 + i < 64
⊢ (w2.getLsbD (58 + i) || decide (i < 64) && !decide (i < 6) && w3.getLsbD (i - 6)) = w0[186 + i]
case neg
w0 w1 w2 w3 : BitVec 64
i : ℕ
hi : i < 32
h31 : i < 31
h✝ : 64 ≤ 186 + i
⊢ (w2.getLsbD (58 + i) || decide (i < 64) && !decide (i < 6) && w3.getLsbD (i - 6)) =
    (w3 ++ w2 ++ w1).getLsbD (186 + i - 64)
case pos
w0 w1 w2 w3 : BitVec 64
i : ℕ
hi : i < 32
h31 : i < 31
h✝ : 217 + i < 64
⊢ w3.getLsbD (25 + i) = w0[217 + i]
case neg
w0 w1 w2 w3 : BitVec 64
i : ℕ
hi : i < 32
h31 : i < 31
h✝ : 64 ≤ 217 + i
⊢ w3.getLsbD (25 + i) = (w3 ++ w2 ++ w1).getLsbD (217 + i - 64)
/home/dombarker/project-offloads/aspis-r57-lean-src-20260929-a/AspisV8R19/R637PackedBitExtraction.lean:40:6: warning: This simp argument is unused:
  BitVec.getLsbD_shiftLeft

Hint: Omit it from the simp argument list.
  simp only [maskedLow32, sourceWords, packed256, List.getElem_cons_zero, List.getElem_cons_succ,
  ̲  ̲ ̲ ̲ ̲ ̲BitVec.getLsbD_extractLsb', BitVec.getLsbD_and, BitVec.getLsbD_setWidth,
  ̲  ̲ ̲ ̲ ̲ ̲B̵i̵t̵V̵e̵c̵.̵g̵e̵t̵L̵s̵b̵D̵_̵u̵s̵h̵i̵f̵t̵R̵i̵g̵h̵t̵,̵
  ̵ ̵ ̵ ̵ ̵ ̵ ̵B̵i̵t̵V̵e̵c̵.̵g̵e̵t̵L̵s̵b̵D̵_̵s̵h̵i̵f̵t̵L̵e̵f̵t̵]̵B̲i̲t̲V̲e̲c̲.̲g̲e̲t̲L̲s̲b̲D̲_̲u̲s̲h̲i̲f̲t̲R̲i̲g̲h̲t̲]̲

Note: This linter can be disabled with `set_option linter.unusedSimpArgs false`
'AspisV8R19.R637PackedBitExtraction.mask_bit' depends on axioms: [propext, Classical.choice, Quot.sound]
'AspisV8R19.R637PackedBitExtraction.getLsbD_false_of_ge' depends on axioms: [propext, Quot.sound]
'AspisV8R19.R637PackedBitExtraction.source_word_masked_extract' depends on axioms: [propext,
 sorryAx,
 Classical.choice,
 Quot.sound]
Command exited with non-zero status 1
	Command being timed: "/home/dombarker/.elan/bin/lake --dir /home/dombarker/project-offloads/aspis-r126-release-20260930-a/focus-workspace env lean -j1 -M4500 -R /home/dombarker/project-offloads/aspis-r57-lean-src-20260929-a -o /home/dombarker/project-offloads/aspis-r126-release-20260930-a/lib/AspisV8R19/R637PackedBitExtraction.olean /home/dombarker/project-offloads/aspis-r57-lean-src-20260929-a/AspisV8R19/R637PackedBitExtraction.lean"
	User time (seconds): 3.14
	System time (seconds): 0.41
	Percent of CPU this job got: 100%
	Elapsed (wall clock) time (h:mm:ss or m:ss): 0:03.53
	Average shared text size (kbytes): 0
	Average unshared data size (kbytes): 0
	Average stack size (kbytes): 0
	Average total size (kbytes): 0
	Maximum resident set size (kbytes): 3748276
	Average resident set size (kbytes): 0
	Major (requiring I/O) page faults: 0
	Minor (reclaiming a frame) page faults: 89354
	Voluntary context switches: 625
	Involuntary context switches: 80
	Swaps: 0
	File system inputs: 0
	File system outputs: 0
	Socket messages sent: 0
	Socket messages received: 0
	Signals delivered: 0
	Page size (bytes): 4096
	Exit status: 1
Finished with result: exit-code
Main processes terminated with: code=exited/status=1
Service runtime: 3.575s
CPU time consumed: 3.595s
Memory peak: 1.0M
Memory swap peak: 0B
