Running as unit: aspis-complete-tag7-transfer-255-1-proof-rejection-1788916107-3711013.scope; invocation ID: bb75d75366d34fd2a48a08244bffab5b
pair-forest Registry V2 proof-rejection PASS: 873910 CU, 878 TxV1 bytes
asr2_fixture=copy-tag7-ordinary-v1/transfer-255-1-proof-rejection.asr2.bin
ase2_fixture=copy-tag7-ordinary-v1/transfer-255-1-proof-rejection.ase2.bin
evidence=copy-tag7-ordinary-v1/transfer-255-1-proof-rejection.json
	Command being timed: "env NO_DNA=1 ASPIS_MATCHED_V7=0 /home/dombarker/project-offloads/aspis-v8-performance-20260908.scS2Jz/docs/research/v8-no-work-100-20260907/experiments/performance-svm/target/release/aspis-v7-pair-forest-combined-rejection /home/dombarker/project-offloads/aspis-v8-performance-20260908.scS2Jz/sbf-pool-zero-fast/aspis_pool.so /home/dombarker/project-offloads/aspis-v8-performance-20260908.scS2Jz/sbf-complete-tag7/aspis_v8_complete_sbf.so /home/dombarker/project-offloads/aspis-v8-performance-20260908.scS2Jz/sbf-selected-registry/aspis_registry.so /home/dombarker/project-offloads/aspis-v8-performance-20260908.scS2Jz/sbf-complete/aspis_pair_forest_result_double.so copy-tag7-ordinary-v1/transfer-255-1-proof-rejection.json /home/dombarker/project-offloads/aspis-v8-performance-20260908.scS2Jz/complete-transfer-255-v1/proofs/proof-1.bin proof-rejection 1400000 asq8 255 transfer"
	User time (seconds): 0.04
	System time (seconds): 0.01
	Percent of CPU this job got: 100%
	Elapsed (wall clock) time (h:mm:ss or m:ss): 0:00.05
	Average shared text size (kbytes): 0
	Average unshared data size (kbytes): 0
	Average stack size (kbytes): 0
	Average total size (kbytes): 0
	Maximum resident set size (kbytes): 29032
	Average resident set size (kbytes): 0
	Major (requiring I/O) page faults: 0
	Minor (reclaiming a frame) page faults: 6782
	Voluntary context switches: 1
	Involuntary context switches: 3
	Swaps: 0
	File system inputs: 0
	File system outputs: 48
	Socket messages sent: 0
	Socket messages received: 0
	Signals delivered: 0
	Page size (bytes): 4096
	Exit status: 0
