'AspisV8R19.SamplerObservedLimbLoop.exhausted' depends on axioms: [propext,
 Classical.choice,
 Quot.sound,
 core.fmt.Formatter]
'AspisV8R19.SamplerObservedLimbLoop.loop_execution' depends on axioms: [propext,
 Classical.choice,
 Quot.sound,
 core.fmt.Formatter]
'AspisV8R19.SamplerObservedLimbLoop.entry_four' depends on axioms: [propext,
 Classical.choice,
 Quot.sound,
 core.fmt.Formatter]
	Command being timed: "/home/dombarker/.elan/bin/lake env lean -j1 -M4500 -R /home/dombarker/project-offloads/aspis-r57-lean-src-20260929-a -o /home/dombarker/project-offloads/aspis-r80-final-20260929-a/lib/AspisV8R19/SamplerObservedLimbLoop.olean /home/dombarker/project-offloads/aspis-r57-lean-src-20260929-a/AspisV8R19/SamplerObservedLimbLoop.lean"
	User time (seconds): 2.16
	System time (seconds): 0.53
	Percent of CPU this job got: 100%
	Elapsed (wall clock) time (h:mm:ss or m:ss): 0:02.69
	Average shared text size (kbytes): 0
	Average unshared data size (kbytes): 0
	Average stack size (kbytes): 0
	Average total size (kbytes): 0
	Maximum resident set size (kbytes): 3717224
	Average resident set size (kbytes): 0
	Major (requiring I/O) page faults: 0
	Minor (reclaiming a frame) page faults: 87731
	Voluntary context switches: 1084
	Involuntary context switches: 77
	Swaps: 0
	File system inputs: 0
	File system outputs: 1112
	Socket messages sent: 0
	Socket messages received: 0
	Signals delivered: 0
	Page size (bytes): 4096
	Exit status: 0
