Warning: Permanently added '100.108.41.90' (ED25519) to the list of known hosts.
Running as unit: aspis-focus-1791119321395799000.service; invocation ID: 8e4bb3f7af6e4f62ad132feada1976d5
/home/dombarker/project-offloads/aspis-r57-lean-src-20260929-a/AspisV8R19/R684FullSourceMomentIdentity.lean:24:6: error: Tactic `rewrite` failed: Did not find an occurrence of the pattern
  BetaUniformCorrection.coefficient (BetaUniformCorrection.sourceKernel ?n 0 ?quarter) ?q ?w +
    BetaUniformCorrection.coefficient (BetaUniformCorrection.sourceKernel ?n 4 ?quarter) ?q ?w
in the target expression
  fullRelation half quarter a b c kappa tau z previous structured q 0 +
      fullRelation half quarter a b c kappa tau z previous structured q 4 =
    quarter *
      ((kappa *
                  if structured = true then
                    ∑ r,
                      TwoSwapSourceG.original (SourceGConstant.finishCoins half previous) r * indexedMask half a b c q r
                  else sourcePointFunctional (SourceStatementPoints.points z 0) (indexedMask half a b c q)) +
                kappa ^ 2 * sourcePointFunctional (SourceStatementPoints.points z 1) (indexedMask half a b c q) +
              kappa ^ 3 * sourcePointFunctional (SourceStatementPoints.points z 2) (indexedMask half a b c q) +
            ∑ r ∈ TwoSwapSourceTable.inactive, indexedMask half a b c q r +
          (if structured = true then tau ^ 3 else tau) * flattenFull q 1023 +
        (if structured = true then tau ^ 4 else tau ^ 2) * (b * flattenFull q 1022 - c * flattenFull q 1021))

F : Type u_1
inst✝¹ : Field F
inst✝ : NeZero 2
half quarter a b c kappa tau : F
z : Fin 10 → F
previous : Fin 271 → F
structured : Bool
q : Index 256 → F
⊢ fullRelation half quarter a b c kappa tau z previous structured q 0 +
      fullRelation half quarter a b c kappa tau z previous structured q 4 =
    quarter *
      ((kappa *
                  if structured = true then
                    ∑ r,
                      TwoSwapSourceG.original (SourceGConstant.finishCoins half previous) r * indexedMask half a b c q r
                  else sourcePointFunctional (SourceStatementPoints.points z 0) (indexedMask half a b c q)) +
                kappa ^ 2 * sourcePointFunctional (SourceStatementPoints.points z 1) (indexedMask half a b c q) +
              kappa ^ 3 * sourcePointFunctional (SourceStatementPoints.points z 2) (indexedMask half a b c q) +
            ∑ r ∈ TwoSwapSourceTable.inactive, indexedMask half a b c q r +
          (if structured = true then tau ^ 3 else tau) * flattenFull q 1023 +
        (if structured = true then tau ^ 4 else tau ^ 2) * (b * flattenFull q 1022 - c * flattenFull q 1021))
'AspisV8R19.R684FullSourceMomentIdentity.full_source_moment_identity' depends on axioms: [propext,
 sorryAx,
 Classical.choice,
 Quot.sound]
Command exited with non-zero status 1
	Command being timed: "/home/dombarker/.elan/bin/lake --dir /home/dombarker/project-offloads/aspis-r126-release-20260930-a/focus-workspace env lean -j1 -M4500 -R /home/dombarker/project-offloads/aspis-r57-lean-src-20260929-a -o /home/dombarker/project-offloads/aspis-r126-release-20260930-a/lib/AspisV8R19/R684FullSourceMomentIdentity.olean /home/dombarker/project-offloads/aspis-r57-lean-src-20260929-a/AspisV8R19/R684FullSourceMomentIdentity.lean"
	User time (seconds): 0.91
	System time (seconds): 0.33
	Percent of CPU this job got: 100%
	Elapsed (wall clock) time (h:mm:ss or m:ss): 0:01.24
	Average shared text size (kbytes): 0
	Average unshared data size (kbytes): 0
	Average stack size (kbytes): 0
	Average total size (kbytes): 0
	Maximum resident set size (kbytes): 3278428
	Average resident set size (kbytes): 0
	Major (requiring I/O) page faults: 0
	Minor (reclaiming a frame) page faults: 77160
	Voluntary context switches: 220
	Involuntary context switches: 70
	Swaps: 0
	File system inputs: 0
	File system outputs: 0
	Socket messages sent: 0
	Socket messages received: 0
	Signals delivered: 0
	Page size (bytes): 4096
	Exit status: 1
Finished with result: exit-code
Main processes terminated with: code=exited/status=1
Service runtime: 1.267s
CPU time consumed: 1.273s
Memory peak: 328.0K
Memory swap peak: 0B
