Warning: Permanently added '100.108.41.90' (ED25519) to the list of known hosts.
Running as unit: aspis-focus-1791119431069499000.service; invocation ID: aee8cd1d0b684526b1aad0ef5f6cbcd6
/home/dombarker/project-offloads/aspis-r57-lean-src-20260929-a/AspisV8R19/R684FullSourceMomentIdentity.lean:29:6: error: Tactic `rewrite` failed: Did not find an occurrence of the pattern
  rangeDot 1024
    (sourceQuotientWeights ?half
      (extendFin1024
        (AspisV8R16.transportDual ?inactive ?pivot ?order
          (sourceOriginalWeight ?points ?kappa ?inactive ?g ?structured)))
      ?a ?b ?c ?tau ?structured)
    ?q
in the target expression
  quarter *
      rangeDot 1024 (TwoSwapResidualSource.quotientWeight half a b c kappa tau z previous structured) (flattenFull q) =
    quarter *
      ((kappa *
                  if structured = true then
                    ∑ r,
                      TwoSwapSourceG.original (SourceGConstant.finishCoins half previous) r *
                        R661TwoSwapMaskAddition.fullMask half a b c (flattenFull q) r
                  else
                    sourcePointFunctional (SourceStatementPoints.points z 0)
                      (R661TwoSwapMaskAddition.fullMask half a b c (flattenFull q))) +
                kappa ^ 2 *
                  sourcePointFunctional (SourceStatementPoints.points z 1)
                    (R661TwoSwapMaskAddition.fullMask half a b c (flattenFull q)) +
              kappa ^ 3 *
                sourcePointFunctional (SourceStatementPoints.points z 2)
                  (R661TwoSwapMaskAddition.fullMask half a b c (flattenFull q)) +
            ∑ r ∈ TwoSwapSourceTable.inactive, R661TwoSwapMaskAddition.fullMask half a b c (flattenFull q) r +
          (if structured = true then tau ^ 3 else tau) * flattenFull q 1023 +
        (if structured = true then tau ^ 4 else tau ^ 2) * (b * flattenFull q 1022 - c * flattenFull q 1021))

F : Type u_1
inst✝¹ : Field F
inst✝ : NeZero 2
half quarter a b c kappa tau : F
z : Fin 10 → F
previous : Fin 271 → F
structured : Bool
q : Index 256 → F
⊢ quarter *
      rangeDot 1024 (TwoSwapResidualSource.quotientWeight half a b c kappa tau z previous structured) (flattenFull q) =
    quarter *
      ((kappa *
                  if structured = true then
                    ∑ r,
                      TwoSwapSourceG.original (SourceGConstant.finishCoins half previous) r *
                        R661TwoSwapMaskAddition.fullMask half a b c (flattenFull q) r
                  else
                    sourcePointFunctional (SourceStatementPoints.points z 0)
                      (R661TwoSwapMaskAddition.fullMask half a b c (flattenFull q))) +
                kappa ^ 2 *
                  sourcePointFunctional (SourceStatementPoints.points z 1)
                    (R661TwoSwapMaskAddition.fullMask half a b c (flattenFull q)) +
              kappa ^ 3 *
                sourcePointFunctional (SourceStatementPoints.points z 2)
                  (R661TwoSwapMaskAddition.fullMask half a b c (flattenFull q)) +
            ∑ r ∈ TwoSwapSourceTable.inactive, R661TwoSwapMaskAddition.fullMask half a b c (flattenFull q) r +
          (if structured = true then tau ^ 3 else tau) * flattenFull q 1023 +
        (if structured = true then tau ^ 4 else tau ^ 2) * (b * flattenFull q 1022 - c * flattenFull q 1021))
'AspisV8R19.R684FullSourceMomentIdentity.full_source_moment_identity' depends on axioms: [propext,
 sorryAx,
 Classical.choice,
 Quot.sound]
Command exited with non-zero status 1
	Command being timed: "/home/dombarker/.elan/bin/lake --dir /home/dombarker/project-offloads/aspis-r126-release-20260930-a/focus-workspace env lean -j1 -M4500 -R /home/dombarker/project-offloads/aspis-r57-lean-src-20260929-a -o /home/dombarker/project-offloads/aspis-r126-release-20260930-a/lib/AspisV8R19/R684FullSourceMomentIdentity.olean /home/dombarker/project-offloads/aspis-r57-lean-src-20260929-a/AspisV8R19/R684FullSourceMomentIdentity.lean"
	User time (seconds): 0.85
	System time (seconds): 0.38
	Percent of CPU this job got: 100%
	Elapsed (wall clock) time (h:mm:ss or m:ss): 0:01.23
	Average shared text size (kbytes): 0
	Average unshared data size (kbytes): 0
	Average stack size (kbytes): 0
	Average total size (kbytes): 0
	Maximum resident set size (kbytes): 3278228
	Average resident set size (kbytes): 0
	Major (requiring I/O) page faults: 0
	Minor (reclaiming a frame) page faults: 77191
	Voluntary context switches: 242
	Involuntary context switches: 49
	Swaps: 0
	File system inputs: 0
	File system outputs: 0
	Socket messages sent: 0
	Socket messages received: 0
	Signals delivered: 0
	Page size (bytes): 4096
	Exit status: 1
Finished with result: exit-code
Main processes terminated with: code=exited/status=1
Service runtime: 1.262s
CPU time consumed: 1.267s
Memory peak: 512.0K
Memory swap peak: 0B
