Warning: Permanently added '100.108.41.90' (ED25519) to the list of known hosts.
Running as unit: aspis-focus-1791119338953870000.service; invocation ID: c02a5d9f176543929fe7d74705e1e78b
/home/dombarker/project-offloads/aspis-r57-lean-src-20260929-a/AspisV8R19/R684FullSourceMomentIdentity.lean:26:2: error: `simp` made no progress
'AspisV8R19.R684FullSourceMomentIdentity.full_source_moment_identity' depends on axioms: [propext,
 sorryAx,
 Classical.choice,
 Quot.sound]
Command exited with non-zero status 1
	Command being timed: "/home/dombarker/.elan/bin/lake --dir /home/dombarker/project-offloads/aspis-r126-release-20260930-a/focus-workspace env lean -j1 -M4500 -R /home/dombarker/project-offloads/aspis-r57-lean-src-20260929-a -o /home/dombarker/project-offloads/aspis-r126-release-20260930-a/lib/AspisV8R19/R684FullSourceMomentIdentity.olean /home/dombarker/project-offloads/aspis-r57-lean-src-20260929-a/AspisV8R19/R684FullSourceMomentIdentity.lean"
	User time (seconds): 0.88
	System time (seconds): 0.31
	Percent of CPU this job got: 100%
	Elapsed (wall clock) time (h:mm:ss or m:ss): 0:01.19
	Average shared text size (kbytes): 0
	Average unshared data size (kbytes): 0
	Average stack size (kbytes): 0
	Average total size (kbytes): 0
	Maximum resident set size (kbytes): 3278256
	Average resident set size (kbytes): 0
	Major (requiring I/O) page faults: 0
	Minor (reclaiming a frame) page faults: 77189
	Voluntary context switches: 255
	Involuntary context switches: 54
	Swaps: 0
	File system inputs: 0
	File system outputs: 0
	Socket messages sent: 0
	Socket messages received: 0
	Signals delivered: 0
	Page size (bytes): 4096
	Exit status: 1
Finished with result: exit-code
Main processes terminated with: code=exited/status=1
Service runtime: 1.225s
CPU time consumed: 1.227s
Memory peak: 516.0K
Memory swap peak: 0B
