Warning: Permanently added '100.108.41.90' (ED25519) to the list of known hosts.
Running as unit: aspis-focus-1791108662837342000.service; invocation ID: d5737681708f4241bbd1e7fc83814157
BitVec.getLsbD_extractLsb' {n : ℕ} (start len : ℕ) (x : BitVec n) (i : ℕ) :
  (BitVec.extractLsb' start len x).getLsbD i = (decide (i < len) && x.getLsbD (start + i))
BitVec.getLsbD_ushiftRight {n : ℕ} (x : BitVec n) (i j : ℕ) : (x >>> i).getLsbD j = x.getLsbD (i + j)
/home/dombarker/project-offloads/aspis-r57-lean-src-20260929-a/AspisV8R19/R637PackedBitExtraction.lean:4:7: error(lean.unknownIdentifier): Unknown constant `BitVec.getLsbD_ushiftLeft`
BitVec.getLsbD_append {n m i : ℕ} {x : BitVec n} {y : BitVec m} :
  (x ++ y).getLsbD i = if i < m then y.getLsbD i else x.getLsbD (i - m)
BitVec.eq_of_getLsbD_eq {w : ℕ} {x y : BitVec w} (pred : ∀ i < w, x.getLsbD i = y.getLsbD i) : x = y
BitVec.eq_of_getLsbD_eq_iff {w : ℕ} {x y : BitVec w} : x = y ↔ ∀ i < w, x.getLsbD i = y.getLsbD i
BitVec.ext {n : ℕ} {bv1 bv2 : BitVec n} {point_eq : ∀ (i : ℕ) (x : i < n), bv1[i] = bv2[i]} : bv1 = bv2
BitVec.toNat_append {m n : ℕ} (x : BitVec m) (y : BitVec n) : (x ++ y).toNat = x.toNat <<< n ||| y.toNat
/home/dombarker/project-offloads/aspis-r57-lean-src-20260929-a/AspisV8R19/R637PackedBitExtraction.lean:10:7: error(lean.unknownIdentifier): Unknown constant `BitVec.toNat_extractLsb'`
BitVec.toNat_ushiftRight {n : ℕ} (x : BitVec n) (i : ℕ) : (x >>> i).toNat = x.toNat >>> i
/home/dombarker/project-offloads/aspis-r57-lean-src-20260929-a/AspisV8R19/R637PackedBitExtraction.lean:12:7: error(lean.unknownIdentifier): Unknown constant `BitVec.toNat_ushiftLeft`
Command exited with non-zero status 1
	Command being timed: "/home/dombarker/.elan/bin/lake --dir /home/dombarker/project-offloads/aspis-r126-release-20260930-a/focus-workspace env lean -j1 -M4500 -R /home/dombarker/project-offloads/aspis-r57-lean-src-20260929-a -o /home/dombarker/project-offloads/aspis-r126-release-20260930-a/lib/AspisV8R19/R637PackedBitExtraction.olean /home/dombarker/project-offloads/aspis-r57-lean-src-20260929-a/AspisV8R19/R637PackedBitExtraction.lean"
	User time (seconds): 0.95
	System time (seconds): 0.38
	Percent of CPU this job got: 100%
	Elapsed (wall clock) time (h:mm:ss or m:ss): 0:01.33
	Average shared text size (kbytes): 0
	Average unshared data size (kbytes): 0
	Average stack size (kbytes): 0
	Average total size (kbytes): 0
	Maximum resident set size (kbytes): 3721956
	Average resident set size (kbytes): 0
	Major (requiring I/O) page faults: 0
	Minor (reclaiming a frame) page faults: 86305
	Voluntary context switches: 95
	Involuntary context switches: 74
	Swaps: 0
	File system inputs: 0
	File system outputs: 0
	Socket messages sent: 0
	Socket messages received: 0
	Signals delivered: 0
	Page size (bytes): 4096
	Exit status: 1
Finished with result: exit-code
Main processes terminated with: code=exited/status=1
Service runtime: 1.357s
CPU time consumed: 1.364s
Memory peak: 548.0K
Memory swap peak: 0B
