Warning: Permanently added '100.108.41.90' (ED25519) to the list of known hosts.
Running as unit: aspis-focus-1791145314415582000.service; invocation ID: 1034eaa7b8164a46a1cb7fea9f9b84b5
'AspisV8R19.R748GatherLoop02.loop116' depends on axioms: [propext]
'AspisV8R19.R748GatherLoop02.loop117' depends on axioms: [propext]
'AspisV8R19.R748GatherLoop02.loop118' depends on axioms: [propext]
'AspisV8R19.R748GatherLoop02.loop119' depends on axioms: [propext]
'AspisV8R19.R748GatherLoop02.loop120' depends on axioms: [propext]
'AspisV8R19.R748GatherLoop02.loop121' depends on axioms: [propext]
'AspisV8R19.R748GatherLoop02.loop122' depends on axioms: [propext]
'AspisV8R19.R748GatherLoop02.loop123' depends on axioms: [propext]
'AspisV8R19.R748GatherLoop02.loop124' depends on axioms: [propext]
'AspisV8R19.R748GatherLoop02.loop125' depends on axioms: [propext]
'AspisV8R19.R748GatherLoop02.loop126' depends on axioms: [propext]
'AspisV8R19.R748GatherLoop02.loop127' depends on axioms: [propext]
'AspisV8R19.R748GatherLoop02.loop129' depends on axioms: [propext]
'AspisV8R19.R748GatherLoop02.loop130' depends on axioms: [propext]
'AspisV8R19.R748GatherLoop02.loop131' depends on axioms: [propext]
'AspisV8R19.R748GatherLoop02.loop132' depends on axioms: [propext]
'AspisV8R19.R748GatherLoop02.loop133' depends on axioms: [propext]
'AspisV8R19.R748GatherLoop02.loop134' depends on axioms: [propext]
'AspisV8R19.R748GatherLoop02.loop135' depends on axioms: [propext]
'AspisV8R19.R748GatherLoop02.loop136' depends on axioms: [propext]
'AspisV8R19.R748GatherLoop02.loop137' depends on axioms: [propext]
'AspisV8R19.R748GatherLoop02.loop138' depends on axioms: [propext]
'AspisV8R19.R748GatherLoop02.loop139' depends on axioms: [propext]
'AspisV8R19.R748GatherLoop02.loop140' depends on axioms: [propext]
'AspisV8R19.R748GatherLoop02.loop141' depends on axioms: [propext]
'AspisV8R19.R748GatherLoop02.loop142' depends on axioms: [propext]
'AspisV8R19.R748GatherLoop02.loop143' depends on axioms: [propext]
'AspisV8R19.R748GatherLoop02.loop144' depends on axioms: [propext]
'AspisV8R19.R748GatherLoop02.loop145' depends on axioms: [propext]
'AspisV8R19.R748GatherLoop02.loop146' depends on axioms: [propext]
'AspisV8R19.R748GatherLoop02.loop147' depends on axioms: [propext]
'AspisV8R19.R748GatherLoop02.loop148' depends on axioms: [propext]
	Command being timed: "/home/dombarker/.elan/bin/lake --dir /home/dombarker/project-offloads/aspis-r126-release-20260930-a/focus-workspace env lean -j1 -M4500 -R /home/dombarker/project-offloads/aspis-r57-lean-src-20260929-a -o /home/dombarker/project-offloads/aspis-r126-release-20260930-a/lib/AspisV8R19/R748GatherLoop02.olean /home/dombarker/project-offloads/aspis-r57-lean-src-20260929-a/AspisV8R19/R748GatherLoop02.lean"
	User time (seconds): 1.05
	System time (seconds): 0.34
	Percent of CPU this job got: 100%
	Elapsed (wall clock) time (h:mm:ss or m:ss): 0:01.39
	Average shared text size (kbytes): 0
	Average unshared data size (kbytes): 0
	Average stack size (kbytes): 0
	Average total size (kbytes): 0
	Maximum resident set size (kbytes): 3294784
	Average resident set size (kbytes): 0
	Major (requiring I/O) page faults: 0
	Minor (reclaiming a frame) page faults: 77561
	Voluntary context switches: 1298
	Involuntary context switches: 61
	Swaps: 0
	File system inputs: 0
	File system outputs: 88
	Socket messages sent: 0
	Socket messages received: 0
	Signals delivered: 0
	Page size (bytes): 4096
	Exit status: 0
Finished with result: success
Main processes terminated with: code=exited/status=0
Service runtime: 1.416s
CPU time consumed: 1.423s
Memory peak: 288.0K
Memory swap peak: 0B
