Running as unit: aspis-v8-complete-hybrid-1788910319-3643422.scope; invocation ID: 92a6a94b1b0240109e249a94400bcfa1
   Compiling typenum v1.20.1
   Compiling serde_core v1.0.229
   Compiling serde v1.0.229
   Compiling cfg-if v1.0.4
   Compiling generic-array v0.14.7
   Compiling solana-define-syscall v2.3.0
   Compiling borsh v1.5.7
   Compiling five8_core v0.1.2
   Compiling zerocopy v0.8.56
   Compiling crypto-common v0.1.7
   Compiling block-buffer v0.10.4
   Compiling ahash v0.8.12
   Compiling digest v0.10.7
   Compiling five8 v0.2.1
   Compiling bytemuck v1.25.2
   Compiling solana-sanitize v2.2.1
   Compiling once_cell v1.21.4
   Compiling solana-atomic-u64 v2.2.1
   Compiling solana-hash v2.3.0
   Compiling num-traits v0.2.19
   Compiling sha2 v0.10.9
   Compiling solana-sha256-hasher v2.3.0
   Compiling solana-decode-error v2.3.0
   Compiling five8_const v0.1.4
   Compiling zmij v1.0.23
   Compiling serde_json v1.0.151
   Compiling itoa v1.0.18
   Compiling memchr v2.8.3
   Compiling hashbrown v0.13.2
   Compiling borsh v0.10.4
   Compiling solana-pubkey v2.4.0
   Compiling bincode v1.3.3
   Compiling solana-sdk-ids v2.2.1
   Compiling solana-instruction v2.3.3
   Compiling solana-sysvar-id v2.2.1
   Compiling solana-msg v2.2.1
   Compiling solana-program-memory v2.3.1
   Compiling solana-clock v2.2.3
   Compiling solana-program-error v2.2.2
   Compiling solana-system-interface v1.0.0
   Compiling solana-account-info v2.3.0
   Compiling hybrid-array v0.4.14
   Compiling cmov v0.5.4
   Compiling ctutils v0.4.2
   Compiling block-buffer v0.12.1
   Compiling crypto-common v0.2.2
   Compiling blake3 v1.8.7
   Compiling bv v0.11.1
   Compiling solana-serialize-utils v2.2.1
   Compiling solana-stable-layout v2.2.1
   Compiling solana-rent v2.2.1
   Compiling serde_bytes v0.11.19
   Compiling arrayvec v0.7.8
   Compiling constant_time_eq v0.4.2
   Compiling digest v0.11.3
   Compiling log v0.4.34
   Compiling solana-fee-calculator v2.2.1
   Compiling thiserror v2.0.20
   Compiling solana-cpi v2.2.1
   Compiling solana-slot-hashes v2.2.1
   Compiling solana-short-vec v2.2.1
   Compiling keccak v0.1.6
   Compiling lazy_static v1.5.0
   Compiling aspis-core v0.1.0 (/home/dombarker/project-offloads/aspis-v8-performance-20260908.scS2Jz/crates/aspis-core)
   Compiling sha3 v0.10.9
   Compiling memoffset v0.9.1
   Compiling solana-slot-history v2.2.1
   Compiling solana-stake-interface v1.2.1
   Compiling solana-instructions-sysvar v2.2.2
   Compiling solana-account v2.2.1
   Compiling solana-program-entrypoint v2.3.0
   Compiling solana-transaction-error v2.2.1
   Compiling solana-bincode v2.2.1
   Compiling solana-last-restart-slot v2.2.1
   Compiling solana-epoch-rewards v2.2.1
   Compiling solana-epoch-schedule v2.2.1
   Compiling solana-serde-varint v2.2.2
   Compiling solana-vote-interface v2.2.6
   Compiling solana-sysvar v2.3.0
   Compiling solana-message v2.4.0
   Compiling solana-feature-gate-interface v2.2.2
   Compiling solana-secp256k1-recover v2.2.1
   Compiling solana-keccak-hasher v2.2.1
warning: unused imports: `begin_payment_zerocheck` and `verify_payment_sumcheck_messages`
  --> src/circle_prefix.rs:17:5
   |
17 |     begin_payment_zerocheck, decode_wire, verify_payment_sumcheck_messages,
   |     ^^^^^^^^^^^^^^^^^^^^^^^               ^^^^^^^^^^^^^^^^^^^^^^^^^^^^^^^^
   |
   = note: `#[warn(unused_imports)]` on by default

   Compiling solana-address-lookup-table-interface v2.2.2
warning: unreachable statement
   --> src/field.rs:268:9
    |
262 | /             return CM31 {
263 | |                 a: M31::reduce_u64(a.wrapping_mul(c)
264 | |                     .wrapping_add(4611686014132420609).wrapping_sub(b.wrapping_mul(d))),
265 | |                 b: M31::reduce_u64(a.wrapping_mul(d).wrapping_add(b.wrapping_mul(c))),
266 | |             };
    | |_____________- any code following this expression is unreachable
267 |           }
268 |           let m0 = self.a.mul(rhs.a);
    |           ^^^^^^^^^^^^^^^^^^^^^^^^^^^ unreachable statement
    |
    = note: `#[warn(unreachable_code)]` on by default

warning: unreachable statement
   --> src/field.rs:428:9
    |
427 |           { return qm31_hybrid_mul(QM31{c0:CM31::new(self.components[0][0],self.components[0][1]),c1:CM31::new(self.components[1][0],self.components[1][1])},rhs); }
    |             ----------------------------------------------------------------------------------------------------------------------------------------------------- any code following this expression is unreachable
428 | /         let multiply = |left: [M31; 3], right: CM31| {
429 | |             // The cached third component equals left[0]+left[1]. For the
430 | |             // two-reduction layout only the original two limbs are needed.
431 | |             #[cfg(v8_prepared_schoolbook)]
...   |
440 | |         };
    | |__________^ unreachable statement

warning: unreachable statement
   --> src/field.rs:433:13
    |
432 |             { return CM31::new(left[0],left[1]).mul(right); }
    |               -------------------------------------------- any code following this expression is unreachable
433 |             let m0 = left[0].mul(right.a);
    |             ^^^^^^^^^^^^^^^^^^^^^^^^^^^^^^ unreachable statement

warning: unreachable statement
   --> src/field.rs:946:9
    |
945 |         { return qm31_hybrid_mul(self,rhs); }
    |           -------------------------------- any code following this expression is unreachable
946 |         let m0 = self.c0.mul(rhs.c0);
    |         ^^^^^^^^^^^^^^^^^^^^^^^^^^^^^ unreachable statement

   Compiling solana-blake3-hasher v2.2.1
   Compiling solana-nonce v2.2.1
   Compiling solana-loader-v4-interface v2.2.1
   Compiling solana-loader-v2-interface v2.2.1
   Compiling solana-loader-v3-interface v5.0.0
   Compiling solana-program-pack v2.2.1
   Compiling solana-borsh v2.2.1
   Compiling solana-big-mod-exp v2.2.1
   Compiling getrandom v0.2.17
   Compiling solana-native-token v2.3.0
   Compiling bs58 v0.5.1
   Compiling solana-program-option v2.2.1
   Compiling solana-program v2.3.0
   Compiling aspis-statement v0.1.0 (/home/dombarker/project-offloads/aspis-v8-performance-20260908.scS2Jz/crates/aspis-statement)
warning: unused imports: `copy_logup_residual` and `range_logup_residual`
  --> src/constraints_v4.rs:21:56
   |
21 |     build_copy_logup_helper, build_range_logup_helper, copy_logup_residual, range_logup_residual,
   |                                                        ^^^^^^^^^^^^^^^^^^^  ^^^^^^^^^^^^^^^^^^^^
   |
   = note: `#[warn(unused_imports)]` on by default

warning: unused import: `evaluate_trace_round`
  --> src/constraints_v4.rs:26:5
   |
26 |     evaluate_trace_round, trace_round_constant, DIGEST_ELEMS, POSEIDON2_WIDTH, RATE,
   |     ^^^^^^^^^^^^^^^^^^^^

warning: unused imports: `is_poseidon_active_row`, `is_poseidon_padding_row`, `merkle_boundary_layout`, `visit_copy_exceptional_terminal_links`, and `visit_copy_terminal_links`
  --> src/constraints_v4.rs:30:47
   |
30 |     copy_terminal_pattern, has_carry_payload, is_poseidon_active_row, is_poseidon_padding_row,
   |                                               ^^^^^^^^^^^^^^^^^^^^^^  ^^^^^^^^^^^^^^^^^^^^^^^
31 |     merkle_boundary_layout, permutation_block_schedule, source_relation_layout,
   |     ^^^^^^^^^^^^^^^^^^^^^^
32 |     visit_copy_exceptional_terminal_links, visit_copy_links, visit_copy_terminal_links,
   |     ^^^^^^^^^^^^^^^^^^^^^^^^^^^^^^^^^^^^^                    ^^^^^^^^^^^^^^^^^^^^^^^^^

warning: unused imports: `POOL_V1_PAIR_FOREST_ALL_LANES_MASK` and `decode_pool_v1_pair_late_public_statement_v1`
  --> src/pool_v1/pair_forest_terminal.rs:15:5
   |
15 |     decode_pool_v1_pair_late_public_statement_v1, decode_pool_v1_pair_verified_afterstate_v1,
   |     ^^^^^^^^^^^^^^^^^^^^^^^^^^^^^^^^^^^^^^^^^^^^
...
24 |     PoolV1WithdrawalPublicV1, POOL_V1_DIGEST_ENCODING_VERSION, POOL_V1_PAIR_FOREST_ALL_LANES_MASK,
   |                                                                ^^^^^^^^^^^^^^^^^^^^^^^^^^^^^^^^^^

warning: unused imports: `trace_round_constant` and `trace_round_descriptor`
  --> src/state_only_poseidon.rs:18:5
   |
18 |     trace_round_constant, trace_round_descriptor, EXTERNAL_FINAL, EXTERNAL_INITIAL, INTERNAL,
   |     ^^^^^^^^^^^^^^^^^^^^  ^^^^^^^^^^^^^^^^^^^^^^

warning: type `CompiledCopyLink` is more private than the item `COMPILED_COPY_LINKS`
   --> src/state_only_terminal_constants.rs:850:1
    |
850 | pub(crate) const COMPILED_COPY_LINKS: [CompiledCopyLink; 102] = [
    | ^^^^^^^^^^^^^^^^^^^^^^^^^^^^^^^^^^^^^^^^^^^^^^^^^^^^^^^^^^^^^ constant `COMPILED_COPY_LINKS` is reachable at visibility `pub(crate)`
    |
note: but type `CompiledCopyLink` is only usable at visibility `pub(self)`
   --> src/state_only_terminal.rs:88:1
    |
88  | struct CompiledCopyLink {
    | ^^^^^^^^^^^^^^^^^^^^^^^
    = note: `#[warn(private_interfaces)]` on by default

warning: `aspis-core` (lib) generated 5 warnings (run `cargo fix --lib -p aspis-core` to apply 1 suggestion)
warning: `aspis-statement` (lib) generated 6 warnings (run `cargo fix --lib -p aspis-statement` to apply 5 suggestions)
   Compiling aspis-verifier v0.1.0 (/home/dombarker/project-offloads/aspis-v8-performance-20260908.scS2Jz/programs/aspis-verifier)
warning: unused imports: `V7_COMPACT_BODY_WITHOUT_FRONTIERS`, `V7_COMPACT_DIGEST_BYTES`, and `V7_COMPACT_FRONTIER_CAP_PER_TREE`
  --> src/v7_pair_forest_dispatch.rs:16:5
   |
16 |     V7_COMPACT_BODY_WITHOUT_FRONTIERS, V7_COMPACT_DIGEST_BYTES, V7_COMPACT_FRONTIER_CAP_PER_TREE,
   |     ^^^^^^^^^^^^^^^^^^^^^^^^^^^^^^^^^  ^^^^^^^^^^^^^^^^^^^^^^^  ^^^^^^^^^^^^^^^^^^^^^^^^^^^^^^^^
   |
   = note: `#[warn(unused_imports)]` on by default

warning: unused imports: `POOL_V1_PAIR_FOREST_TERMINAL_STATEMENT_BYTES`, `V7_POOL_NATIVE_TAG73_MIN_FRONTIER_NODES`, `decode_pool_v1_pair_forest_lane_state_v1`, and `decode_pool_v1_pair_forest_terminal_statement_v1`
  --> src/v7_pair_forest_dispatch.rs:21:47
   |
21 |     decode_pool_v1_pair_forest_checkpoint_v1, decode_pool_v1_pair_forest_lane_state_v1,
   |                                               ^^^^^^^^^^^^^^^^^^^^^^^^^^^^^^^^^^^^^^^^
22 |     decode_pool_v1_pair_forest_master_v1, decode_pool_v1_pair_forest_terminal_request_v1,
23 |     decode_pool_v1_pair_forest_terminal_statement_v1, decode_pool_v1_pair_verified_afterstate_v1,
   |     ^^^^^^^^^^^^^^^^^^^^^^^^^^^^^^^^^^^^^^^^^^^^^^^^
...
33 |     POOL_V1_PAIR_FOREST_TERMINAL_STATEMENT_BYTES, POOL_V1_PAIR_VERIFIED_AFTERSTATE_BYTES,
   |     ^^^^^^^^^^^^^^^^^^^^^^^^^^^^^^^^^^^^^^^^^^^^
34 |     V7_POOL_NATIVE_TAG73_MIN_FRONTIER_NODES, V7_POOL_PAIR_FOREST_TAG73_PROFILE_BINDING,
   |     ^^^^^^^^^^^^^^^^^^^^^^^^^^^^^^^^^^^^^^^

warning: unused import: `polynomial_for_extension`
 --> src/../../../docs/research/v8-no-work-100-20260907/experiments/relation_callback.rs:9:112
  |
9 | use corelib::{field::{QM31 as K,CM31,M31},transcript::{Transcript,label},sumcheck::{WeightAccumulator,evaluate,polynomial_for_extension},
  |                                                                                                                ^^^^^^^^^^^^^^^^^^^^^^^^

warning: unused import: `evaluate_state_only_polynomial`
 --> src/../../../docs/research/v8-no-work-100-20260907/experiments/performance_verifier.rs:6:63
  |
6 | use corelib::state_only_sumcheck::{begin_state_only_zerocheck,evaluate_state_only_polynomial};
  |                                                               ^^^^^^^^^^^^^^^^^^^^^^^^^^^^^^

warning: use of deprecated module `solana_program::system_instruction`: Use `solana_system_interface` crate instead
  --> src/atomic_payment.rs:15:5
   |
15 |     system_instruction, system_program,
   |     ^^^^^^^^^^^^^^^^^^
   |
   = note: `#[warn(deprecated)]` on by default

warning: use of deprecated module `solana_program::system_program`: Use `solana_sdk_ids::system_program` instead
  --> src/atomic_payment.rs:15:25
   |
15 |     system_instruction, system_program,
   |                         ^^^^^^^^^^^^^^

warning: unused variable: `x`
   --> src/../../../docs/research/v8-no-work-100-20260907/experiments/relation_callback.rs:179:17
    |
179 |         for (j,(x,y)) in [(base.x,base.y),(base.x,base.y.neg()),(base.x.neg(),base.y.neg()),(base.x.neg(),base.y)].into_iter().enumerate(){
    |                 ^ help: if this is intentional, prefix it with an underscore: `_x`
    |
    = note: `#[warn(unused_variables)]` on by default

warning: unused variable: `y`
   --> src/../../../docs/research/v8-no-work-100-20260907/experiments/relation_callback.rs:179:19
    |
179 |         for (j,(x,y)) in [(base.x,base.y),(base.x,base.y.neg()),(base.x.neg(),base.y.neg()),(base.x.neg(),base.y)].into_iter().enumerate(){
    |                   ^ help: if this is intentional, prefix it with an underscore: `_y`

warning: `aspis-verifier` (lib) generated 8 warnings (run `cargo fix --lib -p aspis-verifier` to apply 4 suggestions)
   Compiling aspis-v8-complete-sbf v0.0.0 (/home/dombarker/project-offloads/aspis-v8-performance-20260908.scS2Jz/docs/research/v8-no-work-100-20260907/experiments/complete-sbf)
warning: use of deprecated field `solana_program::solana_program_entrypoint::BumpAllocator::start`: This field should not be accessed directly. It will become private in future versions
 --> lib.rs:8:5
  |
8 |     start:solana_program::entrypoint::HEAP_START_ADDRESS as usize,len:256*1024};
  |     ^^^^^^^^^^^^^^^^^^^^^^^^^^^^^^^^^^^^^^^^^^^^^^^^^^^^^^^^^^^^^
  |
  = note: `#[warn(deprecated)]` on by default

warning: use of deprecated field `solana_program::solana_program_entrypoint::BumpAllocator::len`: This field should not be accessed directly. It will become private in future versions
 --> lib.rs:8:67
  |
8 |     start:solana_program::entrypoint::HEAP_START_ADDRESS as usize,len:256*1024};
  |                                                                   ^^^^^^^^^^^^

warning: `aspis-v8-complete-sbf` (lib) generated 2 warnings
    Finished `release` profile [optimized] target(s) in 34.35s
	Command being timed: "env CARGO_TARGET_DIR=/home/dombarker/project-offloads/aspis-v8-performance-20260908.scS2Jz/docs/research/v8-no-work-100-20260907/experiments/performance-sbf/target RUSTC=/home/dombarker/.cache/solana/v1.54/platform-tools/rust/bin/rustc RUSTFLAGS=--cfg v8_complete --cfg v8_performance_fast --cfg v8_structured --cfg v8_fine_profile --cfg v8_batch_m --cfg v8_tower_batch --cfg v8_query_kernels --cfg v8_fused_rows --cfg v8_shared_weights --cfg v8_block_horner --cfg v8_gamma_wrap --cfg v8_reuse_gamma --cfg v8_grouped_linear --cfg v8_query_shared --cfg v8_range_m31 --cfg v8_range_cm31 --cfg v8_sparse_groups --cfg v8_range_dots --cfg v8_cm_schoolbook --cfg v8_prepared_schoolbook --cfg v8_quiet_profile -A dead_code -A unexpected_cfgs --cfg v8_performance_sbf --cfg v8_qm_hybrid cargo-build-sbf --offline --skip-tools-install --no-rustup-override --tools-version v1.54 --jobs 2 --manifest-path /home/dombarker/project-offloads/aspis-v8-performance-20260908.scS2Jz/docs/research/v8-no-work-100-20260907/experiments/complete-sbf/Cargo.toml --sbf-out-dir /home/dombarker/project-offloads/aspis-v8-performance-20260908.scS2Jz/sbf-complete-hybrid"
	User time (seconds): 53.51
	System time (seconds): 3.95
	Percent of CPU this job got: 166%
	Elapsed (wall clock) time (h:mm:ss or m:ss): 0:34.59
	Average shared text size (kbytes): 0
	Average unshared data size (kbytes): 0
	Average stack size (kbytes): 0
	Average total size (kbytes): 0
	Maximum resident set size (kbytes): 592300
	Average resident set size (kbytes): 0
	Major (requiring I/O) page faults: 5
	Minor (reclaiming a frame) page faults: 1568791
	Voluntary context switches: 3874
	Involuntary context switches: 975
	Swaps: 0
	File system inputs: 1192
	File system outputs: 456656
	Socket messages sent: 0
	Socket messages received: 0
	Signals delivered: 0
	Page size (bytes): 4096
	Exit status: 0
