Warning: Permanently added '100.108.41.90' (ED25519) to the list of known hosts.
Running as unit: aspis-focus-1791163132506986000-9e56658d3fd2.service; invocation ID: c625f0c4db33424c9108a84cff3846c3
/home/dombarker/project-offloads/aspis-r57-lean-src-20260929-a/AspisV8R19/R854CompleteOrdinaryJointRepair.lean:82:6: error: maximum recursion depth has been reached
use `set_option maxRecDepth <num>` to increase limit
use `set_option diagnostics true` to get diagnostic information
'AspisV8R19.R854CompleteOrdinaryJointRepair.complete_ordinary_joint_repair' depends on axioms: [propext,
 sorryAx,
 Classical.choice,
 Quot.sound]
Command exited with non-zero status 1
	Command being timed: "/home/dombarker/.elan/bin/lake --dir /home/dombarker/project-offloads/aspis-r126-release-20260930-a/focus-workspace env lean -j1 -M4500 -R /home/dombarker/project-offloads/aspis-r57-lean-src-20260929-a -o /home/dombarker/project-offloads/aspis-r126-release-20260930-a/lib/AspisV8R19/R854CompleteOrdinaryJointRepair.olean /home/dombarker/project-offloads/aspis-r57-lean-src-20260929-a/AspisV8R19/R854CompleteOrdinaryJointRepair.lean"
	User time (seconds): 1.22
	System time (seconds): 0.38
	Percent of CPU this job got: 99%
	Elapsed (wall clock) time (h:mm:ss or m:ss): 0:01.62
	Average shared text size (kbytes): 0
	Average unshared data size (kbytes): 0
	Average stack size (kbytes): 0
	Average total size (kbytes): 0
	Maximum resident set size (kbytes): 3335768
	Average resident set size (kbytes): 0
	Major (requiring I/O) page faults: 4
	Minor (reclaiming a frame) page faults: 78783
	Voluntary context switches: 571
	Involuntary context switches: 62
	Swaps: 0
	File system inputs: 488
	File system outputs: 0
	Socket messages sent: 0
	Socket messages received: 0
	Signals delivered: 0
	Page size (bytes): 4096
	Exit status: 1
Finished with result: exit-code
Main processes terminated with: code=exited/status=1
Service runtime: 1.664s
CPU time consumed: 1.650s
Memory peak: 512.0K
Memory swap peak: 0B
