Warning: Permanently added '100.108.41.90' (ED25519) to the list of known hosts.
Running as unit: aspis-focus-1790913879265700000.service; invocation ID: 99b70a061a6d42a4a38aea34a4bff30f
/home/dombarker/project-offloads/aspis-r57-lean-src-20260929-a/AspisV8R19/R270PrivateCoefficientExecution.lean:29:43: error: unsolved goals
a b c : QM31Exact
⊢ (do
      let nc ← Coeff110.new.closure.Insts.CoreOpsFunctionFnTupleArrayC2C.call () ⟨[encodeC c.re, encodeC c.im], ⋯⟩
      let c1 ← Coeff110.new.closure.Insts.CoreOpsFunctionFnTupleArrayC2C.call () ⟨[encodeC b.re, encodeC b.im], ⋯⟩
      let c2 ← c1.sub nc
      let half ← c2.half
      let c3 ← Coeff110.new.closure.Insts.CoreOpsFunctionFnTupleArrayC2C.call () ⟨[encodeC a.re, encodeC a.im], ⋯⟩
      let c4 ← c3.add nc
      let c5 ← c4.add half
      let c6 ←
        Coeff110.new.closure_1.Insts.CoreOpsFunctionFnPairArrayC2ArrayC2C.call ()
            (⟨[encodeC a.re, encodeC a.im], ⋯⟩, ⟨[encodeC b.re, encodeC b.im], ⋯⟩)
      let c7 ←
        Coeff110.new.closure_1.Insts.CoreOpsFunctionFnPairArrayC2ArrayC2C.call ()
            (⟨[encodeC a.re, encodeC a.im], ⋯⟩, ⟨[encodeC c.re, encodeC c.im], ⋯⟩)
      let c8 ←
        Coeff110.new.closure_1.Insts.CoreOpsFunctionFnPairArrayC2ArrayC2C.call ()
            (⟨[encodeC b.re, encodeC b.im], ⋯⟩, ⟨[encodeC c.re, encodeC c.im], ⋯⟩)
      ok (some ⟨[c5, half, c6, c7, c8], ⋯⟩)) =
    ok
      (some
        ⟨[encodeC
              (NormInverse.quarticNorm a + NormInverse.quarticNorm c +
                (NormInverse.quarticNorm b - NormInverse.quarticNorm c) / 2),
            encodeC ((NormInverse.quarticNorm b - NormInverse.quarticNorm c) / 2),
            encodeC (R218CircleNormAlgebra.polar a b), encodeC (R218CircleNormAlgebra.polar a c),
            encodeC (R218CircleNormAlgebra.polar b c)],
          ⋯⟩)
/home/dombarker/project-offloads/aspis-r57-lean-src-20260929-a/AspisV8R19/R270PrivateCoefficientExecution.lean:32:4: warning: This simp argument is unused:
  R265PrivateNormClosures.norm_exact

Hint: Omit it from the simp argument list.
  simp [̵C̵o̵e̵f̵f̵1̵1̵0̵.̵n̵e̵w̵,̵A̵r̵r̵a̵y̵.̵i̵n̵d̵e̵x̵_̵u̵s̵i̵z̵e̵,̵A̵r̵r̵a̵y̵.̵m̵a̵k̵e̵,̵R̵1̵6̵4̵P̵r̵o̵d̵u̵c̵t̵E̵x̵e̵c̵u̵t̵i̵o̵n̵.̵e̵n̵c̵o̵d̵e̵,̵
  ̵ ̵ ̵ ̵ ̵R̵2̵6̵0̵P̵r̵i̵v̵a̵t̵e̵I̵n̵p̵u̵t̵E̵x̵e̵c̵u̵t̵i̵o̵n̵.̵i̵n̵p̵u̵t̵_̵e̵n̵c̵o̵d̵e̵d̵,̵R̵2̵6̵0̵P̵r̵i̵v̵a̵t̵e̵I̵n̵p̵u̵t̵E̵x̵e̵c̵u̵t̵i̵o̵n̵.̵b̵r̵a̵n̵c̵h̵_̵s̵o̵m̵e̵,̵
  ̵ ̵ ̵ ̵ ̵R̵2̵6̵5̵P̵r̵i̵v̵a̵t̵e̵N̵o̵r̵m̵C̵l̵o̵s̵u̵r̵e̵s̵.̵n̵o̵r̵m̵_̵e̵x̵a̵c̵t̵,̵R̵2̵6̵5̵P̵r̵i̵v̵a̵t̵e̵N̵o̵r̵m̵C̵l̵o̵s̵u̵r̵e̵s̵.̵p̵o̵l̵a̵r̵_̵e̵x̵a̵c̵t̵,̵
  ̵ ̵ ̵ ̵ ̵R̵2̵5̵2̵P̵r̵i̵v̵a̵t̵e̵C̵o̵m̵p̵l̵e̵x̵L̵i̵n̵e̵a̵r̵.̵c̵_̵s̵u̵b̵,̵R̵2̵5̵2̵P̵r̵i̵v̵a̵t̵e̵C̵o̵m̵p̵l̵e̵x̵L̵i̵n̵e̵a̵r̵.̵c̵_̵a̵d̵d̵,̵
  ̵ ̵ ̵ ̵ ̵R̵2̵5̵2̵P̵r̵i̵v̵a̵t̵e̵C̵o̵m̵p̵l̵e̵x̵L̵i̵n̵e̵a̵r̵.̵c̵_̵h̵a̵l̵f̵,̵c̵o̵e̵f̵f̵i̵c̵i̵e̵n̵t̵s̵,̵b̵i̵n̵d̵_̵t̵c̵_̵o̵k̵]̵[̲C̲o̲e̲f̲f̲1̲1̲0̲.̲n̲e̲w̲,̲ ̲A̲r̲r̲a̲y̲.̲i̲n̲d̲e̲x̲_̲u̲s̲i̲z̲e̲,̲ ̲A̲r̲r̲a̲y̲.̲m̲a̲k̲e̲,̲ ̲R̲1̲6̲4̲P̲r̲o̲d̲u̲c̲t̲E̲x̲e̲c̲u̲t̲i̲o̲n̲.̲e̲n̲c̲o̲d̲e̲,̲
  ̲ ̲ ̲ ̲ ̲R̲2̲6̲0̲P̲r̲i̲v̲a̲t̲e̲I̲n̲p̲u̲t̲E̲x̲e̲c̲u̲t̲i̲o̲n̲.̲i̲n̲p̲u̲t̲_̲e̲n̲c̲o̲d̲e̲d̲,̲ ̲R̲2̲6̲0̲P̲r̲i̲v̲a̲t̲e̲I̲n̲p̲u̲t̲E̲x̲e̲c̲u̲t̲i̲o̲n̲.̲b̲r̲a̲n̲c̲h̲_̲s̲o̲m̲e̲,̲
  ̲ ̲ ̲ ̲ ̲R̲2̲6̲5̲P̲r̲i̲v̲a̲t̲e̲N̲o̲r̲m̲C̲l̲o̲s̲u̲r̲e̲s̲.̲p̲o̲l̲a̲r̲_̲e̲x̲a̲c̲t̲,̲ ̲R̲2̲5̲2̲P̲r̲i̲v̲a̲t̲e̲C̲o̲m̲p̲l̲e̲x̲L̲i̲n̲e̲a̲r̲.̲c̲_̲s̲u̲b̲,̲
  ̲ ̲ ̲ ̲ ̲R̲2̲5̲2̲P̲r̲i̲v̲a̲t̲e̲C̲o̲m̲p̲l̲e̲x̲L̲i̲n̲e̲a̲r̲.̲c̲_̲a̲d̲d̲,̲ ̲R̲2̲5̲2̲P̲r̲i̲v̲a̲t̲e̲C̲o̲m̲p̲l̲e̲x̲L̲i̲n̲e̲a̲r̲.̲c̲_̲h̲a̲l̲f̲,̲ ̲c̲o̲e̲f̲f̲i̲c̲i̲e̲n̲t̲s̲,̲ ̲b̲i̲n̲d̲_̲t̲c̲_̲o̲k̲]̲

Note: This linter can be disabled with `set_option linter.unusedSimpArgs false`
/home/dombarker/project-offloads/aspis-r57-lean-src-20260929-a/AspisV8R19/R270PrivateCoefficientExecution.lean:32:39: warning: This simp argument is unused:
  R265PrivateNormClosures.polar_exact

Hint: Omit it from the simp argument list.
  simp [̵C̵o̵e̵f̵f̵1̵1̵0̵.̵n̵e̵w̵,̵A̵r̵r̵a̵y̵.̵i̵n̵d̵e̵x̵_̵u̵s̵i̵z̵e̵,̵A̵r̵r̵a̵y̵.̵m̵a̵k̵e̵,̵R̵1̵6̵4̵P̵r̵o̵d̵u̵c̵t̵E̵x̵e̵c̵u̵t̵i̵o̵n̵.̵e̵n̵c̵o̵d̵e̵,̵
  ̵ ̵ ̵ ̵ ̵R̵2̵6̵0̵P̵r̵i̵v̵a̵t̵e̵I̵n̵p̵u̵t̵E̵x̵e̵c̵u̵t̵i̵o̵n̵.̵i̵n̵p̵u̵t̵_̵e̵n̵c̵o̵d̵e̵d̵,̵R̵2̵6̵0̵P̵r̵i̵v̵a̵t̵e̵I̵n̵p̵u̵t̵E̵x̵e̵c̵u̵t̵i̵o̵n̵.̵b̵r̵a̵n̵c̵h̵_̵s̵o̵m̵e̵,̵
  ̵ ̵ ̵ ̵ ̵R̵2̵6̵5̵P̵r̵i̵v̵a̵t̵e̵N̵o̵r̵m̵C̵l̵o̵s̵u̵r̵e̵s̵.̵n̵o̵r̵m̵_̵e̵x̵a̵c̵t̵,̵R̵2̵6̵5̵P̵r̵i̵v̵a̵t̵e̵N̵o̵r̵m̵C̵l̵o̵s̵u̵r̵e̵s̵.̵p̵o̵l̵a̵r̵_̵e̵x̵a̵c̵t̵,̵
  ̵ ̵ ̵ ̵ ̵R̵2̵5̵2̵P̵r̵i̵v̵a̵t̵e̵C̵o̵m̵p̵l̵e̵x̵L̵i̵n̵e̵a̵r̵.̵c̵_̵s̵u̵b̵,̵R̵2̵5̵2̵P̵r̵i̵v̵a̵t̵e̵C̵o̵m̵p̵l̵e̵x̵L̵i̵n̵e̵a̵r̵.̵c̵_̵a̵d̵d̵,̵
  ̵ ̵ ̵ ̵ ̵R̵2̵5̵2̵P̵r̵i̵v̵a̵t̵e̵C̵o̵m̵p̵l̵e̵x̵L̵i̵n̵e̵a̵r̵.̵c̵_̵h̵a̵l̵f̵,̵c̵o̵e̵f̵f̵i̵c̵i̵e̵n̵t̵s̵,̵b̵i̵n̵d̵_̵t̵c̵_̵o̵k̵]̵[̲C̲o̲e̲f̲f̲1̲1̲0̲.̲n̲e̲w̲,̲ ̲A̲r̲r̲a̲y̲.̲i̲n̲d̲e̲x̲_̲u̲s̲i̲z̲e̲,̲ ̲A̲r̲r̲a̲y̲.̲m̲a̲k̲e̲,̲ ̲R̲1̲6̲4̲P̲r̲o̲d̲u̲c̲t̲E̲x̲e̲c̲u̲t̲i̲o̲n̲.̲e̲n̲c̲o̲d̲e̲,̲
  ̲ ̲ ̲ ̲ ̲R̲2̲6̲0̲P̲r̲i̲v̲a̲t̲e̲I̲n̲p̲u̲t̲E̲x̲e̲c̲u̲t̲i̲o̲n̲.̲i̲n̲p̲u̲t̲_̲e̲n̲c̲o̲d̲e̲d̲,̲ ̲R̲2̲6̲0̲P̲r̲i̲v̲a̲t̲e̲I̲n̲p̲u̲t̲E̲x̲e̲c̲u̲t̲i̲o̲n̲.̲b̲r̲a̲n̲c̲h̲_̲s̲o̲m̲e̲,̲
  ̲ ̲ ̲ ̲ ̲R̲2̲6̲5̲P̲r̲i̲v̲a̲t̲e̲N̲o̲r̲m̲C̲l̲o̲s̲u̲r̲e̲s̲.̲n̲o̲r̲m̲_̲e̲x̲a̲c̲t̲,̲ ̲R̲2̲5̲2̲P̲r̲i̲v̲a̲t̲e̲C̲o̲m̲p̲l̲e̲x̲L̲i̲n̲e̲a̲r̲.̲c̲_̲s̲u̲b̲,̲
  ̲ ̲ ̲ ̲ ̲R̲2̲5̲2̲P̲r̲i̲v̲a̲t̲e̲C̲o̲m̲p̲l̲e̲x̲L̲i̲n̲e̲a̲r̲.̲c̲_̲a̲d̲d̲,̲ ̲R̲2̲5̲2̲P̲r̲i̲v̲a̲t̲e̲C̲o̲m̲p̲l̲e̲x̲L̲i̲n̲e̲a̲r̲.̲c̲_̲h̲a̲l̲f̲,̲ ̲c̲o̲e̲f̲f̲i̲c̲i̲e̲n̲t̲s̲,̲ ̲b̲i̲n̲d̲_̲t̲c̲_̲o̲k̲]̲

Note: This linter can be disabled with `set_option linter.unusedSimpArgs false`
/home/dombarker/project-offloads/aspis-r57-lean-src-20260929-a/AspisV8R19/R270PrivateCoefficientExecution.lean:33:4: warning: This simp argument is unused:
  R252PrivateComplexLinear.c_sub

Hint: Omit it from the simp argument list.
  simp [Coeff110.new, ̲Array.index_usize, ̲Array.make, ̲R164ProductExecution.encode,
      R260PrivateInputExecution.input_encoded, ̲R260PrivateInputExecution.branch_some,
      R265PrivateNormClosures.norm_exact, ̲R265PrivateNormClosures.polar_exact,
      R252PrivateComplexLinear.c_s̵u̵b̵,̵R̵2̵5̵2̵P̵r̵i̵v̵at̵e̵C̵o̵m̵p̵l̵e̵x̵L̵i̵n̵e̵a̵r̵.̵c̵_̵a̵dd,
  ̵  ̵ ̵ ̵R252PrivateComplexLinear.c_half, ̲coefficients, ̲bind_tc_ok]

Note: This linter can be disabled with `set_option linter.unusedSimpArgs false`
/home/dombarker/project-offloads/aspis-r57-lean-src-20260929-a/AspisV8R19/R270PrivateCoefficientExecution.lean:33:35: warning: This simp argument is unused:
  R252PrivateComplexLinear.c_add

Hint: Omit it from the simp argument list.
  simp [Coeff110.new, ̲Array.index_usize, ̲Array.make, ̲R164ProductExecution.encode,
      R260PrivateInputExecution.input_encoded, ̲R260PrivateInputExecution.branch_some,
      R265PrivateNormClosures.norm_exact, ̲R265PrivateNormClosures.polar_exact,
      R252PrivateComplexLinear.c_sub,R̵2̵5̵2̵P̵r̵i̵v̵a̵t̵e̵C̵o̵m̵p̵l̵e̵x̵L̵i̵n̵e̵a̵r̵.̵c̵_̵a̵d̵d̵,̵
  ̵  ̵ ̵ ̵R252PrivateComplexLinear.c_half, ̲coefficients, ̲bind_tc_ok]

Note: This linter can be disabled with `set_option linter.unusedSimpArgs false`
/home/dombarker/project-offloads/aspis-r57-lean-src-20260929-a/AspisV8R19/R270PrivateCoefficientExecution.lean:34:4: warning: This simp argument is unused:
  R252PrivateComplexLinear.c_half

Hint: Omit it from the simp argument list.
  simp [Coeff110.new, ̲Array.index_usize, ̲Array.make, ̲R164ProductExecution.encode,
      R260PrivateInputExecution.input_encoded, ̲R260PrivateInputExecution.branch_some,
      R265PrivateNormClosures.norm_exact, ̲R265PrivateNormClosures.polar_exact,
      R252PrivateComplexLinear.c_sub,R̵2̵5̵2̵P̵r̵i̵v̵a̵t̵e̵C̵o̵m̵p̵l̵e̵x̵L̵i̵n̵e̵a̵r̵.̵c̵_̵a̵d̵d̵,̵
  ̵  ̵ ̵ ̵R252PrivateComplexLinear.c_h̵al̵f̵d̲d̲, ̲coefficients, ̲bind_tc_ok]

Note: This linter can be disabled with `set_option linter.unusedSimpArgs false`
'AspisV8R19.R270PrivateCoefficientExecution.coeff_new_exact' depends on axioms: [propext,
 sorryAx,
 Classical.choice,
 Quot.sound]
'AspisV8R19.R270PrivateCoefficientExecution.coeff_four_exact' depends on axioms: [propext, Classical.choice, Quot.sound]
Command exited with non-zero status 1
	Command being timed: "/home/dombarker/.elan/bin/lake --dir /home/dombarker/project-offloads/aspis-r126-release-20260930-a/focus-workspace env lean -j1 -M4500 -R /home/dombarker/project-offloads/aspis-r57-lean-src-20260929-a -o /home/dombarker/project-offloads/aspis-r126-release-20260930-a/lib/AspisV8R19/R270PrivateCoefficientExecution.olean /home/dombarker/project-offloads/aspis-r57-lean-src-20260929-a/AspisV8R19/R270PrivateCoefficientExecution.lean"
	User time (seconds): 1.81
	System time (seconds): 0.36
	Percent of CPU this job got: 100%
	Elapsed (wall clock) time (h:mm:ss or m:ss): 0:02.16
	Average shared text size (kbytes): 0
	Average unshared data size (kbytes): 0
	Average stack size (kbytes): 0
	Average total size (kbytes): 0
	Maximum resident set size (kbytes): 3705280
	Average resident set size (kbytes): 0
	Major (requiring I/O) page faults: 0
	Minor (reclaiming a frame) page faults: 86515
	Voluntary context switches: 601
	Involuntary context switches: 53
	Swaps: 0
	File system inputs: 0
	File system outputs: 0
	Socket messages sent: 0
	Socket messages received: 0
	Signals delivered: 0
	Page size (bytes): 4096
	Exit status: 1
Finished with result: exit-code
Main processes terminated with: code=exited/status=1
Service runtime: 2.190s
CPU time consumed: 2.206s
Memory peak: 512.0K
Memory swap peak: 0B
