'AspisV8R19.SamplerOracleLaws.law_of_exact' depends on axioms: [propext, Classical.choice, Quot.sound]
'AspisV8R19.SamplerOracleLaws.qm31_law' depends on axioms: [propext, Classical.choice, Quot.sound]
'AspisV8R19.SamplerOracleLaws.q22_law' depends on axioms: [propext, Classical.choice, Quot.sound]
	Command being timed: "/home/dombarker/.elan/bin/lake env lean -R /home/dombarker/project-offloads/aspis-r53-lean-src-20260929-a -o /home/dombarker/project-offloads/aspis-r53-lean-20260929-g/lib/AspisV8R19/SamplerOracleLaws.olean /home/dombarker/project-offloads/aspis-r53-lean-src-20260929-a/AspisV8R19/SamplerOracleLaws.lean"
	User time (seconds): 1.06
	System time (seconds): 0.79
	Percent of CPU this job got: 112%
	Elapsed (wall clock) time (h:mm:ss or m:ss): 0:01.64
	Average shared text size (kbytes): 0
	Average unshared data size (kbytes): 0
	Average stack size (kbytes): 0
	Average total size (kbytes): 0
	Maximum resident set size (kbytes): 3233708
	Average resident set size (kbytes): 0
	Major (requiring I/O) page faults: 0
	Minor (reclaiming a frame) page faults: 96837
	Voluntary context switches: 1207
	Involuntary context switches: 76
	Swaps: 0
	File system inputs: 0
	File system outputs: 88
	Socket messages sent: 0
	Socket messages received: 0
	Signals delivered: 0
	Page size (bytes): 4096
	Exit status: 0
