	Command being timed: "/home/dombarker/project-offloads/ZK-v5-formal/toolchains/charon/bin/charon cargo --preset aeneas --mir built --sysroot default --start-from crate::r17_host_relation::owned_primal::fold --include aspis_core::field --include core::option::Option::unwrap_or_else --include core::option::{impl core::ops::try_trait::Try for core::option::Option<_>}::branch --include core::option::{impl core::ops::try_trait::FromResidual<core::option::Option<core::convert::Infallible>> for core::option::Option<_>}::from_residual --dest-file /home/dombarker/project-offloads/aspis-r664-owned-fold-option-wrappers-capture-20261004-a/R664OwnedPrimalFoldOptionWrappers.llbc -- --offline --locked --release --jobs 1 --features insecure-spend-fixture,selected-v7-kernels --manifest-path /home/dombarker/project-offloads/aspis-r20-r117-primal-20260930-a/docs/research/v8-no-work-100-20260907/experiments/performance-host/Cargo.toml --bin aspis-v8-performance-host"
	User time (seconds): 12.98
	System time (seconds): 0.27
	Percent of CPU this job got: 99%
	Elapsed (wall clock) time (h:mm:ss or m:ss): 0:13.28
	Average shared text size (kbytes): 0
	Average unshared data size (kbytes): 0
	Average stack size (kbytes): 0
	Average total size (kbytes): 0
	Maximum resident set size (kbytes): 626476
	Average resident set size (kbytes): 0
	Major (requiring I/O) page faults: 17
	Minor (reclaiming a frame) page faults: 164653
	Voluntary context switches: 918
	Involuntary context switches: 107
	Swaps: 0
	File system inputs: 56
	File system outputs: 15424
	Socket messages sent: 0
	Socket messages received: 0
	Signals delivered: 0
	Page size (bytes): 4096
	Exit status: 0
