Warning: Permanently added '100.108.41.90' (ED25519) to the list of known hosts.
Running as unit: aspis-focus-1791109449569874000.service; invocation ID: 3a48c47b208c4e05a35cddd285238acf
b : Std.Array U8 31#usize
off : ℕ
hoff : off ≤ 23
bit : ℕ
hbit : bit < 64
⊢ (List.map U8.bv ↑(eight b off hoff))[bit / 8]!.testBit (bit % 8) = (↑b)[off + bit / 8].bv.getLsbD (bit % 8)
/home/dombarker/project-offloads/aspis-r57-lean-src-20260929-a/AspisV8R19/R639PackedByteBits.lean:11:8: warning: declaration uses `sorry`
'AspisV8R19.R639PackedByteBits.eight_from_le_bytes_bit' depends on axioms: [propext,
 sorryAx,
 Classical.choice,
 Quot.sound]
	Command being timed: "/home/dombarker/.elan/bin/lake --dir /home/dombarker/project-offloads/aspis-r126-release-20260930-a/focus-workspace env lean -j1 -M4500 -R /home/dombarker/project-offloads/aspis-r57-lean-src-20260929-a -o /home/dombarker/project-offloads/aspis-r126-release-20260930-a/lib/AspisV8R19/R639PackedByteBits.olean /home/dombarker/project-offloads/aspis-r57-lean-src-20260929-a/AspisV8R19/R639PackedByteBits.lean"
	User time (seconds): 1.12
	System time (seconds): 0.38
	Percent of CPU this job got: 100%
	Elapsed (wall clock) time (h:mm:ss or m:ss): 0:01.50
	Average shared text size (kbytes): 0
	Average unshared data size (kbytes): 0
	Average stack size (kbytes): 0
	Average total size (kbytes): 0
	Maximum resident set size (kbytes): 3750464
	Average resident set size (kbytes): 0
	Major (requiring I/O) page faults: 0
	Minor (reclaiming a frame) page faults: 86288
	Voluntary context switches: 234
	Involuntary context switches: 77
	Swaps: 0
	File system inputs: 0
	File system outputs: 128
	Socket messages sent: 0
	Socket messages received: 0
	Signals delivered: 0
	Page size (bytes): 4096
	Exit status: 0
Finished with result: success
Main processes terminated with: code=exited/status=0
Service runtime: 1.532s
CPU time consumed: 1.536s
Memory peak: 328.0K
Memory swap peak: 0B
