info: r91_focused: no previous manifest, creating one from scratch
info: toolchain not updated; already up-to-date
/home/dombarker/project-offloads/aspis-r57-lean-src-20260929-a/AspisV8R19/QueryBlockWords.lean:32:10: error: Tactic `rewrite` failed: Did not find an occurrence of the pattern
  List.flatMap ?m.142 (?m.140 :: ?m.141)
in the target expression
  List.toChunksExact 4 four_pos (List.flatMap Subtype.val (word :: ws)) = (List.map Subtype.val (word :: ws), [])

case cons
word : Word
ws : List Word
ih : List.toChunksExact 4 four_pos (List.flatMap Subtype.val ws) = (List.map Subtype.val ws, [])
hw : (↑word).length = 4
hn : ¬(↑word ++ List.flatMap Subtype.val ws).length < 4
ht : List.take 4 (↑word ++ List.flatMap Subtype.val ws) = ↑word
hd : List.drop 4 (↑word ++ List.flatMap Subtype.val ws) = List.flatMap Subtype.val ws
⊢ List.toChunksExact 4 four_pos (List.flatMap Subtype.val (word :: ws)) = (List.map Subtype.val (word :: ws), [])

Note: The target expression is not type-correct under the `instances` transparency level, which may have triggered the failure. This is usually caused by unfolding of semireducible definitions in prior tactic steps. Use `set_option linter.tacticCheckInstances true` to investigate the source of the issue.
Full error:
  Application type mismatch: The argument
    word :: ws
  has type
    List Word
  but is expected to have type
    List { l // l.length = ↑4#usize }
  in the application
    List.flatMap Subtype.val (word :: ws)
/home/dombarker/project-offloads/aspis-r57-lean-src-20260929-a/AspisV8R19/QueryBlockWords.lean:52:2: error: Type mismatch: After simplification, term
  List.ofFn_mul fun i => encodeByte (s i)
 has type
  @Eq (List U8) (List.ofFn fun i => encodeByte (s (Fin.cast ⋯ i)))
    (List.ofFn fun i => List.ofFn fun j => encodeByte (s ⟨↑i * 4 + ↑j, ⋯⟩)).flatten
but is expected to have type
  @Eq (List U8) (List.ofFn (encodeByte ∘ s))
    (List.ofFn fun x => List.ofFn fun k => encodeByte (s ⟨↑x * 4 + ↑k, ⋯⟩)).flatten
/home/dombarker/project-offloads/aspis-r57-lean-src-20260929-a/AspisV8R19/QueryBlockWords.lean:70:4: error: `simp` made no progress
s : State
hsplit : List.toChunksExact 4 four_pos ↑(encodeState s) = (List.map Subtype.val (blockWords s), [])
⊢ { chunks := List.map (fun x => ⟨↑x, ⋯⟩) (List.toChunksExact ↑4#usize ⋯ ↑(encodeState s)).1.attach,
      remainder := ⟨[], ⋯⟩ } =
    { chunks := List.map Array.to_slice (blockWords s), remainder := ⟨[], emptySlice._proof_1⟩ }
'AspisV8R19.QueryBlockWords.blockWords_length' depends on axioms: [propext, Classical.choice, Quot.sound]
'AspisV8R19.QueryBlockWords.split_words' depends on axioms: [propext, sorryAx, Classical.choice, Quot.sound]
'AspisV8R19.QueryBlockWords.flat_block' depends on axioms: [propext, sorryAx, Classical.choice, Quot.sound]
'AspisV8R19.QueryBlockWords.chunks_success' depends on axioms: [propext, sorryAx, Classical.choice, Quot.sound]
'AspisV8R19.QueryBlockWords.candidates_exact' depends on axioms: [propext, Classical.choice, Quot.sound]
Command exited with non-zero status 1
	Command being timed: "/home/dombarker/.elan/bin/lake env lean -j1 -M4500 -R /home/dombarker/project-offloads/aspis-r57-lean-src-20260929-a -o /home/dombarker/project-offloads/aspis-r91-query-block-20260929-c/lib/AspisV8R19/QueryBlockWords.olean /home/dombarker/project-offloads/aspis-r57-lean-src-20260929-a/AspisV8R19/QueryBlockWords.lean"
	User time (seconds): 1.39
	System time (seconds): 1.09
	Percent of CPU this job got: 100%
	Elapsed (wall clock) time (h:mm:ss or m:ss): 0:02.47
	Average shared text size (kbytes): 0
	Average unshared data size (kbytes): 0
	Average stack size (kbytes): 0
	Average total size (kbytes): 0
	Maximum resident set size (kbytes): 3670824
	Average resident set size (kbytes): 0
	Major (requiring I/O) page faults: 0
	Minor (reclaiming a frame) page faults: 140915
	Voluntary context switches: 742
	Involuntary context switches: 77
	Swaps: 0
	File system inputs: 8
	File system outputs: 72
	Socket messages sent: 0
	Socket messages received: 0
	Signals delivered: 0
	Page size (bytes): 4096
	Exit status: 1
