[[92mInfo[39m ] Imported: /home/dombarker/project-offloads/aspis-r246-r110-ordering-20261002-a/R246R110Ordered.llbc
[[92mInfo[39m ] Creating missing directory: /home/dombarker/project-offloads/aspis-r247-r110-leaf-translation-20261002-a/generated/AspisR247R110Leaves
[[92mInfo[39m ] Generated: /home/dombarker/project-offloads/aspis-r247-r110-leaf-translation-20261002-a/generated/AspisR247R110Leaves/Types.lean
[[92mInfo[39m ] Generated: /home/dombarker/project-offloads/aspis-r247-r110-leaf-translation-20261002-a/generated/AspisR247R110Leaves/Funs.lean
[[92mInfo[39m ] Generated: /home/dombarker/project-offloads/aspis-r247-r110-leaf-translation-20261002-a/generated/translation.json
[[92mInfo[39m ] Total execution time: 0.190292 seconds
	Command being timed: "/home/dombarker/project-offloads/aspis-return-continuation-20261002-a/aeneas-return-continuation -sequential -no-progress-bar -abort-on-error -backend lean -namespace AspisR247R110Leaves -dest /home/dombarker/project-offloads/aspis-r247-r110-leaf-translation-20261002-a/generated -subdir AspisR247R110Leaves -split-files -emit-json /home/dombarker/project-offloads/aspis-r246-r110-ordering-20261002-a/R246R110Ordered.llbc"
	User time (seconds): 0.26
	System time (seconds): 0.01
	Percent of CPU this job got: 99%
	Elapsed (wall clock) time (h:mm:ss or m:ss): 0:00.28
	Average shared text size (kbytes): 0
	Average unshared data size (kbytes): 0
	Average stack size (kbytes): 0
	Average total size (kbytes): 0
	Maximum resident set size (kbytes): 61424
	Average resident set size (kbytes): 0
	Major (requiring I/O) page faults: 0
	Minor (reclaiming a frame) page faults: 9788
	Voluntary context switches: 1
	Involuntary context switches: 5
	Swaps: 0
	File system inputs: 0
	File system outputs: 80
	Socket messages sent: 0
	Socket messages received: 0
	Signals delivered: 0
	Page size (bytes): 4096
	Exit status: 0
