Warning: Permanently added '100.108.41.90' (ED25519) to the list of known hosts.
Running as unit: aspis-focus-1791126847382770000.service; invocation ID: faaa116c2ee54f80a9af50159f0707f5
/home/dombarker/project-offloads/aspis-r57-lean-src-20260929-a/AspisV8R19/R702ActiveScalarEmbedding.lean:110:8: error: unsolved goals
case neg
F : Type u_1
inst✝ : CommRing F
x : High → F
j i : High
a✝¹ : i ∈ Finset.univ
hb : ↑↑i / 4 = ↑↑j / 4
k0 : Fin 3 := ⟨selectedLocal ↑i, ⋯⟩
hcol : ↑(selectedColumn i) = 3 * (block j - 22) + ↑k0
k : Fin 3
a✝ : k ∈ Finset.univ
hk : k ≠ k0
heq : ¬↑(selectedColumn i) = 3 * (block j - 22) + ↑k
⊢ ↑(selectedColumn i) = 3 * (↑↑j / 4 - 22) + ↑k → x i = 0
/home/dombarker/project-offloads/aspis-r57-lean-src-20260929-a/AspisV8R19/R702ActiveScalarEmbedding.lean:111:16: warning: This simp argument is unused:
  heq

Hint: Omit it from the simp argument list.
  simp ̵[̵h̵e̵q̵]̵

Note: This linter can be disabled with `set_option linter.unusedSimpArgs false`
'AspisV8R19.R702ActiveScalarEmbedding.coeff_at_selected' depends on axioms: [propext, Classical.choice, Quot.sound]
'AspisV8R19.R702ActiveScalarEmbedding.sum_channels_block' depends on axioms: [propext,
 sorryAx,
 Classical.choice,
 Quot.sound]
'AspisV8R19.R702ActiveScalarEmbedding.chosenQ_at_high' depends on axioms: [propext,
 sorryAx,
 Classical.choice,
 Quot.sound]
'AspisV8R19.R702ActiveScalarEmbedding.high_block_involution' depends on axioms: [propext, Classical.choice, Quot.sound]
'AspisV8R19.R702ActiveScalarEmbedding.coeff_extraTop_zero' depends on axioms: [propext, Classical.choice, Quot.sound]
'AspisV8R19.R702ActiveScalarEmbedding.chosenQ_1018_zero' depends on axioms: [propext, Classical.choice, Quot.sound]
'AspisV8R19.R702ActiveScalarEmbedding.chosenQ_top_zero' depends on axioms: [propext, Classical.choice, Quot.sound]
'AspisV8R19.R702ActiveScalarEmbedding.scalar_chord_row' depends on axioms: [propext,
 sorryAx,
 Classical.choice,
 Quot.sound]
Command exited with non-zero status 1
	Command being timed: "/home/dombarker/.elan/bin/lake --dir /home/dombarker/project-offloads/aspis-r126-release-20260930-a/focus-workspace env lean -j1 -M4500 -R /home/dombarker/project-offloads/aspis-r57-lean-src-20260929-a -o /home/dombarker/project-offloads/aspis-r126-release-20260930-a/lib/AspisV8R19/R702ActiveScalarEmbedding.olean /home/dombarker/project-offloads/aspis-r57-lean-src-20260929-a/AspisV8R19/R702ActiveScalarEmbedding.lean"
	User time (seconds): 1.52
	System time (seconds): 0.33
	Percent of CPU this job got: 100%
	Elapsed (wall clock) time (h:mm:ss or m:ss): 0:01.84
	Average shared text size (kbytes): 0
	Average unshared data size (kbytes): 0
	Average stack size (kbytes): 0
	Average total size (kbytes): 0
	Maximum resident set size (kbytes): 3276736
	Average resident set size (kbytes): 0
	Major (requiring I/O) page faults: 0
	Minor (reclaiming a frame) page faults: 77378
	Voluntary context switches: 1436
	Involuntary context switches: 71
	Swaps: 0
	File system inputs: 0
	File system outputs: 0
	Socket messages sent: 0
	Socket messages received: 0
	Signals delivered: 0
	Page size (bytes): 4096
	Exit status: 1
Finished with result: exit-code
Main processes terminated with: code=exited/status=1
Service runtime: 1.878s
CPU time consumed: 1.889s
Memory peak: 260.0K
Memory swap peak: 0B
