Warning: Permanently added '100.108.41.90' (ED25519) to the list of known hosts.
Running as unit: aspis-focus-1791126941121802000.service; invocation ID: af3420e209fb43ec87570e34df457bb3
'AspisV8R19.R702ActiveScalarEmbedding.coeff_at_selected' depends on axioms: [propext, Classical.choice, Quot.sound]
'AspisV8R19.R702ActiveScalarEmbedding.sum_channels_block' depends on axioms: [propext, Classical.choice, Quot.sound]
'AspisV8R19.R702ActiveScalarEmbedding.chosenQ_at_high' depends on axioms: [propext, Classical.choice, Quot.sound]
'AspisV8R19.R702ActiveScalarEmbedding.high_block_involution' depends on axioms: [propext, Classical.choice, Quot.sound]
'AspisV8R19.R702ActiveScalarEmbedding.coeff_extraTop_zero' depends on axioms: [propext, Classical.choice, Quot.sound]
'AspisV8R19.R702ActiveScalarEmbedding.chosenQ_1018_zero' depends on axioms: [propext, Classical.choice, Quot.sound]
'AspisV8R19.R702ActiveScalarEmbedding.chosenQ_top_zero' depends on axioms: [propext, Classical.choice, Quot.sound]
'AspisV8R19.R702ActiveScalarEmbedding.scalar_chord_row' depends on axioms: [propext, Classical.choice, Quot.sound]
	Command being timed: "/home/dombarker/.elan/bin/lake --dir /home/dombarker/project-offloads/aspis-r126-release-20260930-a/focus-workspace env lean -j1 -M4500 -R /home/dombarker/project-offloads/aspis-r57-lean-src-20260929-a -o /home/dombarker/project-offloads/aspis-r126-release-20260930-a/lib/AspisV8R19/R702ActiveScalarEmbedding.olean /home/dombarker/project-offloads/aspis-r57-lean-src-20260929-a/AspisV8R19/R702ActiveScalarEmbedding.lean"
	User time (seconds): 1.57
	System time (seconds): 0.33
	Percent of CPU this job got: 100%
	Elapsed (wall clock) time (h:mm:ss or m:ss): 0:01.89
	Average shared text size (kbytes): 0
	Average unshared data size (kbytes): 0
	Average stack size (kbytes): 0
	Average total size (kbytes): 0
	Maximum resident set size (kbytes): 3284920
	Average resident set size (kbytes): 0
	Major (requiring I/O) page faults: 0
	Minor (reclaiming a frame) page faults: 78414
	Voluntary context switches: 1421
	Involuntary context switches: 55
	Swaps: 0
	File system inputs: 0
	File system outputs: 848
	Socket messages sent: 0
	Socket messages received: 0
	Signals delivered: 0
	Page size (bytes): 4096
	Exit status: 0
Finished with result: success
Main processes terminated with: code=exited/status=0
Service runtime: 1.924s
CPU time consumed: 1.930s
Memory peak: 512.0K
Memory swap peak: 0B
