'AspisV8R17.AdaptiveOracle.fresh_next_joint_probabilities' depends on axioms: [propext, Classical.choice, Quot.sound]
'AspisV8R17.AdaptiveOracle.run_congr_on_reads' depends on axioms: [propext]
'AspisV8R17.AdaptiveOracle.unread_update_preserves_trace' depends on axioms: [propext]
'AspisV8R17.AdaptiveOracle.cellEquiv' depends on axioms: [propext, Quot.sound]
'AspisV8R17.AdaptiveOracle.traceCellFiberEquiv' depends on axioms: [propext, Quot.sound]
'AspisV8R17.AdaptiveOracle.fresh_cell_counts_equal' depends on axioms: [propext, Classical.choice, Quot.sound]
	Command being timed: "/home/dombarker/.elan/bin/lake env lean -R /home/dombarker/project-offloads/aspis-r51-lean-src-20260929-a -o /home/dombarker/project-offloads/aspis-r51-lean-20260929-d/lib/AspisV8R17/AdaptiveOracle.olean /home/dombarker/project-offloads/aspis-r51-lean-src-20260929-a/AspisV8R17/AdaptiveOracle.lean"
	User time (seconds): 0.98
	System time (seconds): 0.28
	Percent of CPU this job got: 116%
	Elapsed (wall clock) time (h:mm:ss or m:ss): 0:01.08
	Average shared text size (kbytes): 0
	Average unshared data size (kbytes): 0
	Average stack size (kbytes): 0
	Average total size (kbytes): 0
	Maximum resident set size (kbytes): 1725848
	Average resident set size (kbytes): 0
	Major (requiring I/O) page faults: 0
	Minor (reclaiming a frame) page faults: 42811
	Voluntary context switches: 3091
	Involuntary context switches: 55
	Swaps: 0
	File system inputs: 0
	File system outputs: 480
	Socket messages sent: 0
	Socket messages received: 0
	Signals delivered: 0
	Page size (bytes): 4096
	Exit status: 0
