'AspisV8R19.DuplexFreshPair.pairEquiv' depends on axioms: [propext, Quot.sound]
'AspisV8R19.DuplexFreshPair.pair_at_first' depends on axioms: [propext, Quot.sound]
'AspisV8R19.DuplexFreshPair.pair_at_second' depends on axioms: [propext, Quot.sound]
'AspisV8R19.DuplexFreshPair.pair_preserves_trace' depends on axioms: [propext, Quot.sound]
'AspisV8R19.DuplexFreshPair.tracePairFiberEquiv' depends on axioms: [propext, Quot.sound]
'AspisV8R19.DuplexFreshPair.fresh_pair_counts_equal' depends on axioms: [propext, Classical.choice, Quot.sound]
'AspisV8R19.DuplexFreshPair.fresh_pair_probabilities' depends on axioms: [propext, Classical.choice, Quot.sound]
	Command being timed: "/home/dombarker/.elan/bin/lake env lean -R /home/dombarker/project-offloads/aspis-r51-lean-src-20260929-a -o /home/dombarker/project-offloads/aspis-r51-lean-20260929-d/lib/AspisV8R19/DuplexFreshPair.olean /home/dombarker/project-offloads/aspis-r51-lean-src-20260929-a/AspisV8R19/DuplexFreshPair.lean"
	User time (seconds): 1.12
	System time (seconds): 0.26
	Percent of CPU this job got: 113%
	Elapsed (wall clock) time (h:mm:ss or m:ss): 0:01.22
	Average shared text size (kbytes): 0
	Average unshared data size (kbytes): 0
	Average stack size (kbytes): 0
	Average total size (kbytes): 0
	Maximum resident set size (kbytes): 1723056
	Average resident set size (kbytes): 0
	Major (requiring I/O) page faults: 0
	Minor (reclaiming a frame) page faults: 43187
	Voluntary context switches: 3350
	Involuntary context switches: 52
	Swaps: 0
	File system inputs: 0
	File system outputs: 424
	Socket messages sent: 0
	Socket messages received: 0
	Signals delivered: 0
	Page size (bytes): 4096
	Exit status: 0
