Warning: Permanently added '100.108.41.90' (ED25519) to the list of known hosts.
Running as unit: aspis-focus-1791110488643026000.service; invocation ID: b5a372d1a45f47ad9e51c4d5e4caeb00
/home/dombarker/project-offloads/aspis-r57-lean-src-20260929-a/AspisV8R19/R644AcceptedRadixSerialization.lean:33:8: error: Tactic `rewrite` failed: Did not find an occurrence of the pattern
  ?m.79[?i]!
in the target expression
  ↑(blockWords (blockValues b))[i]! = radixDigit b j

case h
b : Std.Array U8 31#usize
i : ℕ
hi : i < (List.map (fun v => ↑v) (blockWords (blockValues b))).length
hj : i < (List.ofFn (radixDigit b)).length
hi8 : i < 8
j : Fin 8 := ⟨i, hi8⟩
hb :
  (blockWords (blockValues b))[↑j]!.bv =
    R637PackedBitExtraction.maskedLow32 (R641PackedByteConcat.word0 b) (R641PackedByteConcat.word1 b)
      (R641PackedByteConcat.word2 b) (R641PackedByteConcat.word3 b) j
hv :
  (R637PackedBitExtraction.maskedLow32 (R641PackedByteConcat.word0 b) (R641PackedByteConcat.word1 b)
        (R641PackedByteConcat.word2 b) (R641PackedByteConcat.word3 b) j).toNat =
    radixDigit b j
he : ↑(blockWords (blockValues b))[i]! = radixDigit b j
⊢ (List.map (fun v => ↑v) (blockWords (blockValues b)))[i] = (List.ofFn (radixDigit b))[i]
/home/dombarker/project-offloads/aspis-r57-lean-src-20260929-a/AspisV8R19/R644AcceptedRadixSerialization.lean:33:25: error: Type mismatch: After simplification, term
  hi
 has type
  i < (blockWords (blockValues b)).length
of sort `Prop` but is expected to have type
  ?m.72
of sort `Type ?u.32`
'AspisV8R19.R644AcceptedRadixSerialization.block_radix_values' depends on axioms: [propext,
 sorryAx,
 Classical.choice,
 Quot.sound]
'AspisV8R19.R644AcceptedRadixSerialization.words_radix_values' depends on axioms: [propext,
 sorryAx,
 Classical.choice,
 Quot.sound]
'AspisV8R19.R644AcceptedRadixSerialization.accepted_radix_serialization' depends on axioms: [propext,
 sorryAx,
 Classical.choice,
 Quot.sound,
 core.fmt.Formatter]
Command exited with non-zero status 1
	Command being timed: "/home/dombarker/.elan/bin/lake --dir /home/dombarker/project-offloads/aspis-r126-release-20260930-a/focus-workspace env lean -j1 -M4500 -R /home/dombarker/project-offloads/aspis-r57-lean-src-20260929-a -o /home/dombarker/project-offloads/aspis-r126-release-20260930-a/lib/AspisV8R19/R644AcceptedRadixSerialization.olean /home/dombarker/project-offloads/aspis-r57-lean-src-20260929-a/AspisV8R19/R644AcceptedRadixSerialization.lean"
	User time (seconds): 1.10
	System time (seconds): 0.39
	Percent of CPU this job got: 100%
	Elapsed (wall clock) time (h:mm:ss or m:ss): 0:01.48
	Average shared text size (kbytes): 0
	Average unshared data size (kbytes): 0
	Average stack size (kbytes): 0
	Average total size (kbytes): 0
	Maximum resident set size (kbytes): 3743100
	Average resident set size (kbytes): 0
	Major (requiring I/O) page faults: 0
	Minor (reclaiming a frame) page faults: 86373
	Voluntary context switches: 477
	Involuntary context switches: 78
	Swaps: 0
	File system inputs: 0
	File system outputs: 0
	Socket messages sent: 0
	Socket messages received: 0
	Signals delivered: 0
	Page size (bytes): 4096
	Exit status: 1
Finished with result: exit-code
Main processes terminated with: code=exited/status=1
Service runtime: 1.514s
CPU time consumed: 1.524s
Memory peak: 328.0K
Memory swap peak: 0B
