[[92mInfo[39m ] Imported: /home/dombarker/project-offloads/aspis-r569-masked-claim-generic-default-translate-20261004-a/R569MaskedClaimGenericDefaultConsts.llbc
[[92mInfo[39m ] Creating missing directory: /home/dombarker/project-offloads/aspis-r569-masked-claim-generic-default-translate-20261004-a/generated/AspisR569MaskedClaimGenericDefaultConsts
[[92mInfo[39m ] Generated: /home/dombarker/project-offloads/aspis-r569-masked-claim-generic-default-translate-20261004-a/generated/AspisR569MaskedClaimGenericDefaultConsts/Types.lean
[[92mInfo[39m ] Generated: /home/dombarker/project-offloads/aspis-r569-masked-claim-generic-default-translate-20261004-a/generated/AspisR569MaskedClaimGenericDefaultConsts/FunsExternal_Template.lean
[[92mInfo[39m ] Generated: /home/dombarker/project-offloads/aspis-r569-masked-claim-generic-default-translate-20261004-a/generated/AspisR569MaskedClaimGenericDefaultConsts/Funs.lean
[[92mInfo[39m ] Generated: /home/dombarker/project-offloads/aspis-r569-masked-claim-generic-default-translate-20261004-a/generated/translation.json
[[92mInfo[39m ] Total execution time: 0.906674 seconds
	Command being timed: "/home/dombarker/project-offloads/aspis-v7-aeneas-source-unblock-20260830/aeneas-repro-r1 -sequential -no-progress-bar -abort-on-error -backend lean -namespace AspisR569MaskedClaimGenericDefaultConsts -dest /home/dombarker/project-offloads/aspis-r569-masked-claim-generic-default-translate-20261004-a/generated -subdir AspisR569MaskedClaimGenericDefaultConsts -split-files -emit-json /home/dombarker/project-offloads/aspis-r569-masked-claim-generic-default-translate-20261004-a/R569MaskedClaimGenericDefaultConsts.llbc"
	User time (seconds): 0.95
	System time (seconds): 0.03
	Percent of CPU this job got: 99%
	Elapsed (wall clock) time (h:mm:ss or m:ss): 0:00.99
	Average shared text size (kbytes): 0
	Average unshared data size (kbytes): 0
	Average stack size (kbytes): 0
	Average total size (kbytes): 0
	Maximum resident set size (kbytes): 112464
	Average resident set size (kbytes): 0
	Major (requiring I/O) page faults: 0
	Minor (reclaiming a frame) page faults: 22411
	Voluntary context switches: 1
	Involuntary context switches: 7
	Swaps: 0
	File system inputs: 0
	File system outputs: 144
	Socket messages sent: 0
	Socket messages received: 0
	Signals delivered: 0
	Page size (bytes): 4096
	Exit status: 0
