Warning: Permanently added '100.108.41.90' (ED25519) to the list of known hosts.
Running as unit: aspis-focus-1790939597517733000.service; invocation ID: 51e98c21a8dd41b98885a4ccaa9bf408
/home/dombarker/project-offloads/aspis-r57-lean-src-20260929-a/AspisV8R19/R350AfterGuardsExecution.lean:65:2: error: `dsimp` made no progress

Note: The target expression is not type-correct under the `instances` transparency level, which may have triggered the failure. This is usually caused by unfolding of semireducible definitions in prior tactic steps. Use `set_option linter.tacticCheckInstances true` to investigate the source of the issue.
Full error:
  Application type mismatch: The argument
    xs
  has type
    Slice U32
  but is expected to have type
    { l // l.length ≤ Usize.max }
  in the application
    ↑xs
'AspisV8R19.R350AfterGuardsExecution.after_guards_decomposition' depends on axioms: [propext,
 Classical.choice,
 Quot.sound]
'AspisV8R19.R350AfterGuardsExecution.sourceOutput' depends on axioms: [propext, Classical.choice, Quot.sound]
'AspisV8R19.R350AfterGuardsExecution.after_guards_complete' depends on axioms: [propext,
 sorryAx,
 Classical.choice,
 Quot.sound]
Command exited with non-zero status 1
	Command being timed: "/home/dombarker/.elan/bin/lake --dir /home/dombarker/project-offloads/aspis-r126-release-20260930-a/focus-workspace env lean -j1 -M4500 -R /home/dombarker/project-offloads/aspis-r57-lean-src-20260929-a -o /home/dombarker/project-offloads/aspis-r126-release-20260930-a/lib/AspisV8R19/R350AfterGuardsExecution.olean /home/dombarker/project-offloads/aspis-r57-lean-src-20260929-a/AspisV8R19/R350AfterGuardsExecution.lean"
	User time (seconds): 1.23
	System time (seconds): 0.40
	Percent of CPU this job got: 100%
	Elapsed (wall clock) time (h:mm:ss or m:ss): 0:01.64
	Average shared text size (kbytes): 0
	Average unshared data size (kbytes): 0
	Average stack size (kbytes): 0
	Average total size (kbytes): 0
	Maximum resident set size (kbytes): 3697840
	Average resident set size (kbytes): 0
	Major (requiring I/O) page faults: 0
	Minor (reclaiming a frame) page faults: 86412
	Voluntary context switches: 604
	Involuntary context switches: 57
	Swaps: 0
	File system inputs: 0
	File system outputs: 0
	Socket messages sent: 0
	Socket messages received: 0
	Signals delivered: 0
	Page size (bytes): 4096
	Exit status: 1
Finished with result: exit-code
Main processes terminated with: code=exited/status=1
Service runtime: 1.676s
CPU time consumed: 1.678s
Memory peak: 512.0K
Memory swap peak: 0B
