{
  "status": "ordinary pinned archive and copy completed; one-file diagnostic draft overlaid; NO build/extraction/translation",
  "source_root": "/home/dombarker/project-offloads/ZK-v5-formal/toolchains/charon",
  "candidate_root": "/home/dombarker/project-offloads/aspis-r427-raw-mir-observer-20261002-a",
  "source_head": "cb50ff16b9f1066b8a97dc06da704de2da2fa41c",
  "tracked_entry_count": 1169,
  "tracked_symlink_paths": [
    "doc-ml.html",
    "doc-rust.html",
    "rust-toolchain"
  ],
  "tracked_symlink_count": 3,
  "parent_porcelain_untracked_records": [
    "3f3f20222f"
  ],
  "tracked_worktree_clean": true,
  "source_draft_sha256": "246d1fec2223d8ad5755e4aa9f24e647af7c16a18a8a2d893d9085213bf8a9ab",
  "baseline_get_mir_sha256": "e6461421d16dc4e9e1a7e5f097e8aab455513b1a290b780c90afc4f3f5765964",
  "candidate_get_mir_sha256": "246d1fec2223d8ad5755e4aa9f24e647af7c16a18a8a2d893d9085213bf8a9ab",
  "only_tracked_source_difference": [
    "charon/src/bin/charon-driver/translate/get_mir.rs"
  ],
  "source_wrapper_before_sha256": "b2b0961a3c55aca64752b2fa4a4701ba0c06b860236979e5727c07de8ac2310c",
  "candidate_wrapper_sha256": "b2b0961a3c55aca64752b2fa4a4701ba0c06b860236979e5727c07de8ac2310c",
  "source_target_charon_sha256": "b2b0961a3c55aca64752b2fa4a4701ba0c06b860236979e5727c07de8ac2310c",
  "candidate_target_charon_sha256": "b2b0961a3c55aca64752b2fa4a4701ba0c06b860236979e5727c07de8ac2310c",
  "source_target_driver_before_sha256": "4cb603ad51132f298a63a9c2a8cc8c629c73edeff22516fbf56ba5decee70938",
  "candidate_target_driver_before_sha256": "4cb603ad51132f298a63a9c2a8cc8c629c73edeff22516fbf56ba5decee70938",
  "parent_wrapper_inode": [
    64512,
    36331727
  ],
  "clone_wrapper_inode": [
    64512,
    35405898
  ],
  "parent_target_charon_inode": [
    64512,
    36331747
  ],
  "clone_target_charon_inode": [
    64512,
    35405381
  ],
  "target_file_count": 1494,
  "target_shared_regular_inode_count": 0,
  "target_content_mode_equal": true,
  "meminfo_before": {
    "MemTotal": "65135416 kB",
    "MemAvailable": "52850168 kB",
    "SwapTotal": "8388604 kB",
    "SwapFree": "8383228 kB"
  },
  "candidate_memory_max_bytes": 7516192768,
  "required_available_after_cap_bytes": 25769803776,
  "safe_working_limit_bytes": 42949672960,
  "other_aspis_active_units": [],
  "other_aspis_reserved_max_bytes": 0,
  "heavy_processes_before": [],
  "effective_worker_cgroup_before": {
    "path": "/sys/fs/cgroup/user.slice/user-1000.slice/user@1000.service/app.slice/aspisr427-clone.service",
    "memory.current": "9555968",
    "memory.peak": "11493376",
    "memory.high": "5368709120",
    "memory.max": "7516192768",
    "memory.swap.current": "0",
    "memory.swap.peak": "0",
    "memory.swap.max": "0",
    "memory.events": "low 0\nhigh 0\nmax 0\noom 0\noom_kill 0\noom_group_kill 0",
    "pids.current": "1",
    "pids.max": "128"
  },
  "wall_seconds": 8.564189112992608,
  "pins": {
    "revision": "cb50ff16b9f1066b8a97dc06da704de2da2fa41c",
    "draft_sha256": "246d1fec2223d8ad5755e4aa9f24e647af7c16a18a8a2d893d9085213bf8a9ab",
    "base_get_mir_sha256": "e6461421d16dc4e9e1a7e5f097e8aab455513b1a290b780c90afc4f3f5765964",
    "wrapper_sha256": "b2b0961a3c55aca64752b2fa4a4701ba0c06b860236979e5727c07de8ac2310c",
    "driver_before_sha256": "4cb603ad51132f298a63a9c2a8cc8c629c73edeff22516fbf56ba5decee70938",
    "cargo_toml_sha256": "a31bab7d34638f8c2a43f14263184a3328ab17366c2f9acf201d86b922c4176f",
    "cargo_lock_sha256": "c755a326679e9b3dbce560ff15130bdc83ae16178f2c1af568e391b8470d2e67",
    "nested_toolchain_sha256": "27e050e8fc5ac827e1264abf38c27fcaf18e73f4305104c866179cb84721898c"
  }
}
