info: r73_focused: no previous manifest, creating one from scratch
info: toolchain not updated; already up-to-date
/home/dombarker/project-offloads/aspis-r57-lean-src-20260929-a/AspisV8R19/SqueezeSourceExecution.lean:11:44: warning: try 'simp' instead of 'simpa'

Note: This linter can be disabled with `set_option linter.unnecessarySimpa false`
/home/dombarker/project-offloads/aspis-r57-lean-src-20260929-a/AspisV8R19/SqueezeSourceExecution.lean:24:42: error: unsolved goals
s : transcript.Transcript
hs : (↑s.state).length = 32
⊢ (do
      let out ← s.hash ⟨[⟨List.take 32 ↑s.state ++ [1#u8], ⋯⟩], ⋯⟩
      let a ← s.hash ⟨[⟨List.take 32 ↑s.state ++ [2#u8], ⋯⟩], ⋯⟩
      ok (out, { state := a, hash := s.hash })) =
    do
    let out ← s.hash ⟨[⟨↑s.state ++ [1#u8], ⋯⟩], ⋯⟩
    let next ← s.hash ⟨[⟨↑s.state ++ [2#u8], ⋯⟩], ⋯⟩
    ok (out, { state := next, hash := s.hash })
'AspisV8R19.SqueezeSourceExecution.frame_bytes' depends on axioms: [propext, Classical.choice, Quot.sound]
'AspisV8R19.SqueezeSourceExecution.message_bytes' depends on axioms: [propext, Classical.choice, Quot.sound]
'AspisV8R19.SqueezeSourceExecution.execution' depends on axioms: [propext, sorryAx, Classical.choice, Quot.sound]
Command exited with non-zero status 1
	Command being timed: "/home/dombarker/.elan/bin/lake env lean -j1 -M4500 -R /home/dombarker/project-offloads/aspis-r57-lean-src-20260929-a -o /home/dombarker/project-offloads/aspis-r73-squeeze-20260929-b/lib/AspisV8R19/SqueezeSourceExecution.olean /home/dombarker/project-offloads/aspis-r57-lean-src-20260929-a/AspisV8R19/SqueezeSourceExecution.lean"
	User time (seconds): 1.46
	System time (seconds): 0.55
	Percent of CPU this job got: 100%
	Elapsed (wall clock) time (h:mm:ss or m:ss): 0:02.00
	Average shared text size (kbytes): 0
	Average unshared data size (kbytes): 0
	Average stack size (kbytes): 0
	Average total size (kbytes): 0
	Maximum resident set size (kbytes): 3685748
	Average resident set size (kbytes): 0
	Major (requiring I/O) page faults: 0
	Minor (reclaiming a frame) page faults: 87022
	Voluntary context switches: 756
	Involuntary context switches: 68
	Swaps: 0
	File system inputs: 0
	File system outputs: 56
	Socket messages sent: 0
	Socket messages received: 0
	Signals delivered: 0
	Page size (bytes): 4096
	Exit status: 1
