Warning: Permanently added '100.108.41.90' (ED25519) to the list of known hosts.
Running as unit: aspis-focus-1791089654736547000.service; invocation ID: 05f76b4e72c54030a21fb0092e0163f3
/home/dombarker/project-offloads/aspis-r57-lean-src-20260929-a/R577NativeInnerSamplerExecution.lean:52:54: warning: This simp argument is unused:
  bind_assoc_eq

Hint: Omit it from the simp argument list.
  simp [toCurrentTranscript, fromCurrentTranscript, b̵i̵n̵d̵_̵a̵s̵s̵o̵c̵_̵e̵q̵,̵ ̵bind_tc_ok, Prod.fst, Prod.snd]

Note: This linter can be disabled with `set_option linter.unusedSimpArgs false`
/home/dombarker/project-offloads/aspis-r57-lean-src-20260929-a/R577NativeInnerSamplerExecution.lean:53:6: warning: This simp argument is unused:
  Prod.fst

Hint: Omit it from the simp argument list.
  simp [toCurrentTranscript, fromCurrentTranscript, bind_assoc_eq, bind_tc_ok,
  ̵  ̵ ̵ ̵ ̵ ̵Prod.f̵st̵,̵ ̵P̵r̵o̵d̵.̵s̵nd]

Note: This linter can be disabled with `set_option linter.unusedSimpArgs false`
/home/dombarker/project-offloads/aspis-r57-lean-src-20260929-a/R577NativeInnerSamplerExecution.lean:53:16: warning: This simp argument is unused:
  Prod.snd

Hint: Omit it from the simp argument list.
  simp [toCurrentTranscript, fromCurrentTranscript, bind_assoc_eq, bind_tc_ok,
  ̵  ̵ ̵ ̵ ̵ ̵Prod.fst,̵ ̵P̵r̵o̵d̵.̵s̵n̵d̵]

Note: This linter can be disabled with `set_option linter.unusedSimpArgs false`
/home/dombarker/project-offloads/aspis-r57-lean-src-20260929-a/R577NativeInnerSamplerExecution.lean:91:35: warning: This simp argument is unused:
  R137SamplerWordRead.sourceRead_success block 0#usize (by decide)

Hint: Omit it from the simp argument list.
  simp only [hs, bind_tc_ok, R137SamplerW̵o̵r̵d̵R̵e̵a̵d̵.̵s̵o̵u̵r̵c̵e̵R̵e̵a̵d̵_̵s̵u̵c̵c̵e̵s̵s̵
  ̵ ̵ ̵ ̵ ̵ ̵ ̵ ̵ ̵ ̵ ̵b̵l̵o̵c̵k̵ ̵0̵#̵u̵s̵i̵z̵e̵ ̵(̵b̵y̵ ̵d̵e̵c̵i̵d̵e̵)̵,̵ ̵R̵1̵3̵7̵S̵a̵m̵p̵l̵e̵r̵InnerStep.decideWord] at h

Note: This linter can be disabled with `set_option linter.unusedSimpArgs false`
/home/dombarker/project-offloads/aspis-r57-lean-src-20260929-a/R577NativeInnerSamplerExecution.lean:160:35: warning: This simp argument is unused:
  R137SamplerWordRead.sourceRead_success block 0#usize (by decide)

Hint: Omit it from the simp argument list.
  simp only [hs, bind_tc_ok, R137SamplerW̵o̵r̵d̵R̵e̵a̵d̵.̵s̵o̵u̵r̵c̵e̵R̵e̵a̵d̵_̵s̵u̵c̵c̵e̵s̵s̵
  ̵ ̵ ̵ ̵ ̵ ̵ ̵ ̵ ̵ ̵ ̵b̵l̵o̵c̵k̵ ̵0̵#̵u̵s̵i̵z̵e̵ ̵(̵b̵y̵ ̵d̵e̵c̵i̵d̵e̵)̵,̵ ̵R̵1̵3̵7̵S̵a̵m̵p̵l̵e̵r̵InnerStep.decideWord] at h

Note: This linter can be disabled with `set_option linter.unusedSimpArgs false`
/home/dombarker/project-offloads/aspis-r57-lean-src-20260929-a/R577NativeInnerSamplerExecution.lean:280:21: warning: This simp argument is unused:
  bind_assoc_eq

Hint: Omit it from the simp argument list.
  simp only [bind_a̵s̵s̵o̵c̵_̵e̵q̵,̵ ̵b̵i̵n̵d̵_̵tc_ok, nativeControl, pendingNative, finishedNative]

Note: This linter can be disabled with `set_option linter.unusedSimpArgs false`
/home/dombarker/project-offloads/aspis-r57-lean-src-20260929-a/R577NativeInnerSamplerExecution.lean:285:36: warning: This simp argument is unused:
  bind_assoc_eq

Hint: Omit it from the simp argument list.
  simp only [hm0, ha0, hn0, b̵i̵n̵d̵_̵a̵s̵s̵o̵c̵_̵e̵q̵,̵ ̵bind_tc_ok, nativeControl, pendingNative, finishedNative]

Note: This linter can be disabled with `set_option linter.unusedSimpArgs false`
/home/dombarker/project-offloads/aspis-r57-lean-src-20260929-a/R577NativeInnerSamplerExecution.lean:286:12: warning: This simp argument is unused:
  nativeControl

Hint: Omit it from the simp argument list.
  simp only [hm0, ha0, hn0, bind_assoc_eq, bind_tc_ok, n̵a̵t̵i̵v̵e̵C̵o̵n̵t̵r̵o̵l̵,̵ ̵pendingNative, finishedNative]

Note: This linter can be disabled with `set_option linter.unusedSimpArgs false`
/home/dombarker/project-offloads/aspis-r57-lean-src-20260929-a/R577NativeInnerSamplerExecution.lean:286:27: warning: This simp argument is unused:
  pendingNative

Hint: Omit it from the simp argument list.
  simp only [hm0, ha0, hn0, bind_assoc_eq, bind_tc_ok, nativeControl, p̵e̵n̵d̵i̵n̵g̵N̵a̵t̵i̵v̵e̵,̵ ̵finishedNative]

Note: This linter can be disabled with `set_option linter.unusedSimpArgs false`
/home/dombarker/project-offloads/aspis-r57-lean-src-20260929-a/R577NativeInnerSamplerExecution.lean:286:42: warning: This simp argument is unused:
  finishedNative

Hint: Omit it from the simp argument list.
  simp only [hm0, ha0, hn0, bind_assoc_eq, bind_tc_ok, nativeControl, p̵e̵n̵d̵i̵n̵g̵N̵a̵t̵i̵v̵e̵,̵ ̵f̵i̵n̵i̵s̵h̵e̵d̵N̵a̵t̵i̵v̵e̵]̵p̲e̲n̲d̲i̲n̲g̲N̲a̲t̲i̲v̲e̲]̲

Note: This linter can be disabled with `set_option linter.unusedSimpArgs false`
/home/dombarker/project-offloads/aspis-r57-lean-src-20260929-a/R577NativeInnerSamplerExecution.lean:300:30: warning: This simp argument is unused:
  bind_assoc_eq

Hint: Omit it from the simp argument list.
  simp only [if_neg hr,̵ ̵b̵i̵n̵d̵_̵a̵s̵s̵o̵c̵_̵e̵q̵]

Note: This linter can be disabled with `set_option linter.unusedSimpArgs false`
'AspisV8R19.R577NativeInnerSamplerExecution.nativeSqueeze_execution' depends on axioms: [propext,
 Classical.choice,
 Quot.sound]
'AspisV8R19.R577NativeInnerSamplerExecution.nativeSqueeze_map' depends on axioms: [propext,
 Classical.choice,
 Quot.sound]
'AspisV8R19.R577NativeInnerSamplerExecution.sourceBody_cont_index_bound' depends on axioms: [propext,
 Classical.choice,
 Quot.sound,
 core.fmt.Formatter]
'AspisV8R19.R577NativeInnerSamplerExecution.currentBody_cont_index_bound' depends on axioms: [propext,
 Classical.choice,
 Quot.sound,
 core.fmt.Formatter]
'AspisV8R19.R577NativeInnerSamplerExecution.sourceBody_cont_range' depends on axioms: [propext,
 Classical.choice,
 Quot.sound,
 core.fmt.Formatter]
'AspisV8R19.R577NativeInnerSamplerExecution.currentBody_cont_range' depends on axioms: [propext,
 Classical.choice,
 Quot.sound,
 core.fmt.Formatter]
'AspisV8R19.R577NativeInnerSamplerExecution.currentBody_exhausted' depends on axioms: [propext,
 Classical.choice,
 Quot.sound,
 core.fmt.Formatter]
'AspisV8R19.R577NativeInnerSamplerExecution.body_map' depends on axioms: [propext,
 Classical.choice,
 Quot.sound,
 core.fmt.Formatter]
'AspisV8R19.R577NativeInnerSamplerExecution.loop_map' depends on axioms: [propext,
 Classical.choice,
 Quot.sound,
 core.fmt.Formatter]
'AspisV8R19.R577NativeInnerSamplerExecution.eight_attempts_map' depends on axioms: [propext,
 Classical.choice,
 Quot.sound,
 core.fmt.Formatter]
	Command being timed: "/home/dombarker/.elan/bin/lake --dir /home/dombarker/project-offloads/aspis-r126-release-20260930-a/focus-workspace env lean -j1 -M4500 -R /home/dombarker/project-offloads/aspis-r57-lean-src-20260929-a -o /home/dombarker/project-offloads/aspis-r126-release-20260930-a/lib/R577NativeInnerSamplerExecution.olean /home/dombarker/project-offloads/aspis-r57-lean-src-20260929-a/R577NativeInnerSamplerExecution.lean"
	User time (seconds): 2.45
	System time (seconds): 0.38
	Percent of CPU this job got: 100%
	Elapsed (wall clock) time (h:mm:ss or m:ss): 0:02.82
	Average shared text size (kbytes): 0
	Average unshared data size (kbytes): 0
	Average stack size (kbytes): 0
	Average total size (kbytes): 0
	Maximum resident set size (kbytes): 3777624
	Average resident set size (kbytes): 0
	Major (requiring I/O) page faults: 0
	Minor (reclaiming a frame) page faults: 88582
	Voluntary context switches: 1924
	Involuntary context switches: 80
	Swaps: 0
	File system inputs: 0
	File system outputs: 2136
	Socket messages sent: 0
	Socket messages received: 0
	Signals delivered: 0
	Page size (bytes): 4096
	Exit status: 0
Finished with result: success
Main processes terminated with: code=exited/status=0
Service runtime: 2.852s
CPU time consumed: 2.862s
Memory peak: 512.0K
Memory swap peak: 0B
