SEMANTIC 0 54537808
SEMANTIC_Q 0 647048911 2120172570 847984559 1703194389
SEMANTIC 1 1985003201
SEMANTIC_Q 1 1979940282 1301401148 947878215 614734923
SEMANTIC 2 891770378
SEMANTIC_Q 2 1482728666 1232889559 302469917 1690817743
SEMANTIC 3 551238612
SEMANTIC_Q 3 1036752688 387101593 518237742 2037251896
SEMANTIC 4 1394389587
SEMANTIC_Q 4 507096007 796751843 610162521 399971411
SEMANTIC 5 484958972
SEMANTIC_Q 5 518863554 94625937 998097834 1190837823
SEMANTIC 6 54109458
SEMANTIC_Q 6 1425770959 1576123494 1178563907 357998626
SEMANTIC 7 675892890
SEMANTIC_Q 7 696767864 1017583141 524626488 1988114126
SEMANTIC 8 1895730275
SEMANTIC_Q 8 414021421 1991463624 1176440290 1067302514
SEMANTIC 9 762626867
SEMANTIC_Q 9 1637573205 1947248280 1692419358 566122534
SEMANTIC 10 1473265000
SEMANTIC_Q 10 655882405 1999012277 1324702938 820526154
SEMANTIC 11 410394301
SEMANTIC_Q 11 879883709 1922134774 1663152829 1454484468
SEMANTIC 12 1493428020
SEMANTIC_Q 12 710313111 963502136 2113486788 1354715603
SEMANTIC 13 2055760004
SEMANTIC_Q 13 907614463 1205583516 1277754652 2021513709
SEMANTIC 14 652788787
SEMANTIC_Q 14 1730809748 1859658504 109118016 1541768427
SEMANTIC 15 326376297
SEMANTIC_Q 15 886678665 2068061381 139027200 157662688
SEMANTIC 16 1270842603
SEMANTIC_Q 16 857688939 1562734599 76451111 1914859776
SEMANTIC 17 2020636277
SEMANTIC_Q 17 1336738513 1156563475 21030796 701952509
SEMANTIC 18 759801414
SEMANTIC_Q 18 2082420392 1996100727 1598114666 1782807547
SEMANTIC 19 1448688569
SEMANTIC_Q 19 1224266385 772418778 240283490 1198932725
SEMANTIC 20 2098222619
SEMANTIC_Q 20 1934910528 1631628344 622846434 1937026183
SEMANTIC 21 66732195
SEMANTIC_Q 21 783940574 341506917 1065249327 2068152680
SEMANTIC 22 743165205
SEMANTIC_Q 22 1532975804 931440930 848833284 619331180
SEMANTIC 23 1142467017
SEMANTIC_Q 23 1788049362 491239048 1704120921 757595464
SEMANTIC 24 1608523278
SEMANTIC_Q 24 38080443 1048947509 1660827727 1846134642
SEMANTIC 25 1058706206
SEMANTIC_Q 25 1550789053 1514280878 1117689915 968310035
SEMANTIC 26 312345817
SEMANTIC_Q 26 10290642 317219684 1362457584 541708000
SEMANTIC 27 21611019
SEMANTIC_Q 27 1166777500 1288388325 1169344007 1127431966
SEMANTIC 28 321473569
SEMANTIC_Q 28 1196445301 1406246061 953533488 1053654885
SEMANTIC 29 839190863
SEMANTIC_Q 29 1930916405 1688022262 1651318193 485267429
SEMANTIC 30 344388738
SEMANTIC_Q 30 918267328 1324750764 912254133 1756126664
SEMANTIC 31 2044733495
SEMANTIC_Q 31 735231231 1787952807 1954609716 2061992802
        0.45 real         0.28 user         0.15 sys
           665616384  maximum resident set size
                   0  average shared memory size
                   0  average unshared data size
                   0  average unshared stack size
               46586  page reclaims
                 135  page faults
                   0  swaps
                   0  block input operations
                   0  block output operations
                   0  messages sent
                   0  messages received
                   0  signals received
                   1  voluntary context switches
                 792  involuntary context switches
           317309595  instructions retired
           113368767  cycles elapsed
            11436776  peak memory footprint
