'AspisV8Completion.SemanticWireExecution.fold_same' depends on axioms: [propext, Quot.sound]
'AspisV8Completion.SemanticWireExecution.semantic_prefix_independent' depends on axioms: [propext, Quot.sound]
'AspisV8Completion.SemanticWireExecution.suffix_independent' depends on axioms: [propext, Classical.choice, Quot.sound]
'AspisV8Completion.SemanticWireExecution.terminal_projection_excludes_D' depends on axioms: [propext,
 Classical.choice,
 Quot.sound]
        2.18 real         0.32 user         0.30 sys
           690421760  maximum resident set size
                   0  average shared memory size
                   0  average unshared data size
                   0  average unshared stack size
               29493  page reclaims
               18549  page faults
                   0  swaps
                   0  block input operations
                   0  block output operations
                   0  messages sent
                   0  messages received
                   0  signals received
                3926  voluntary context switches
               14035  involuntary context switches
           314228745  instructions retired
           110243670  cycles elapsed
            11371264  peak memory footprint
