'AspisR19.WitnessPointData.chord_support48' depends on axioms: [propext, Classical.choice, Quot.sound]
'AspisR19.WitnessPointData.chord_support49' depends on axioms: [propext, Classical.choice, Quot.sound]
'AspisR19.WitnessPointData.chord_support50' depends on axioms: [propext, Classical.choice, Quot.sound]
'AspisR19.WitnessPointData.chord_support51' depends on axioms: [propext, Classical.choice, Quot.sound]
'AspisR19.WitnessPointData.chord_support52' depends on axioms: [propext, Classical.choice, Quot.sound]
'AspisR19.WitnessPointData.chord_support53' depends on axioms: [propext, Classical.choice, Quot.sound]
'AspisR19.WitnessPointData.chord_support54' depends on axioms: [propext, Classical.choice, Quot.sound]
'AspisR19.WitnessPointData.chord_support55' depends on axioms: [propext, Classical.choice, Quot.sound]
'AspisR19.WitnessPointData.chord_support56' depends on axioms: [propext, Classical.choice, Quot.sound]
'AspisR19.WitnessPointData.chord_support57' depends on axioms: [propext, Classical.choice, Quot.sound]
'AspisR19.WitnessPointData.chord_support58' depends on axioms: [propext, Classical.choice, Quot.sound]
'AspisR19.WitnessPointData.chord_support59' depends on axioms: [propext, Classical.choice, Quot.sound]
	Command being timed: "/home/dombarker/.elan/bin/lake env lean -R /home/dombarker/project-offloads/aspis-r39-lean-src-20260929-a -o /home/dombarker/project-offloads/aspis-r39-lean-20260929-e/lib/AspisV8R19/WitnessChordSupport04.olean /home/dombarker/project-offloads/aspis-r39-lean-src-20260929-a/AspisV8R19/WitnessChordSupport04.lean"
	User time (seconds): 13.21
	System time (seconds): 0.78
	Percent of CPU this job got: 101%
	Elapsed (wall clock) time (h:mm:ss or m:ss): 0:13.80
	Average shared text size (kbytes): 0
	Average unshared data size (kbytes): 0
	Average stack size (kbytes): 0
	Average total size (kbytes): 0
	Maximum resident set size (kbytes): 2991584
	Average resident set size (kbytes): 0
	Major (requiring I/O) page faults: 0
	Minor (reclaiming a frame) page faults: 199283
	Voluntary context switches: 2076
	Involuntary context switches: 145
	Swaps: 0
	File system inputs: 8
	File system outputs: 14336
	Socket messages sent: 0
	Socket messages received: 0
	Signals delivered: 0
	Page size (bytes): 4096
	Exit status: 0
