'AspisR19.WitnessPointData.code_stage0' depends on axioms: [propext, Classical.choice, Quot.sound]
'AspisR19.WitnessPointData.weight_stage0' depends on axioms: [propext, Classical.choice, Quot.sound]
'AspisR19.WitnessPointData.point_weight0' depends on axioms: [propext, Classical.choice, Quot.sound]
'AspisR19.WitnessPointData.code_stage1' depends on axioms: [propext, Classical.choice, Quot.sound]
'AspisR19.WitnessPointData.weight_stage1' depends on axioms: [propext, Classical.choice, Quot.sound]
'AspisR19.WitnessPointData.point_weight1' depends on axioms: [propext, Classical.choice, Quot.sound]
'AspisR19.WitnessPointData.code_stage2' depends on axioms: [propext, Classical.choice, Quot.sound]
'AspisR19.WitnessPointData.weight_stage2' depends on axioms: [propext, Classical.choice, Quot.sound]
'AspisR19.WitnessPointData.point_weight2' depends on axioms: [propext, Classical.choice, Quot.sound]
	Command being timed: "/home/dombarker/.elan/bin/lake env lean -R /home/dombarker/project-offloads/aspis-r39-lean-src-20260929-a -o /home/dombarker/project-offloads/aspis-r39-lean-20260929-e/lib/AspisV8R19/WitnessPointBridge.olean /home/dombarker/project-offloads/aspis-r39-lean-src-20260929-a/AspisV8R19/WitnessPointBridge.lean"
	User time (seconds): 3.10
	System time (seconds): 0.42
	Percent of CPU this job got: 135%
	Elapsed (wall clock) time (h:mm:ss or m:ss): 0:02.60
	Average shared text size (kbytes): 0
	Average unshared data size (kbytes): 0
	Average stack size (kbytes): 0
	Average total size (kbytes): 0
	Maximum resident set size (kbytes): 2560452
	Average resident set size (kbytes): 0
	Major (requiring I/O) page faults: 2
	Minor (reclaiming a frame) page faults: 77989
	Voluntary context switches: 2242
	Involuntary context switches: 83
	Swaps: 0
	File system inputs: 392
	File system outputs: 7488
	Socket messages sent: 0
	Socket messages received: 0
	Signals delivered: 0
	Page size (bytes): 4096
	Exit status: 0
