'AspisR19.WitnessPointData.code1_0' depends on axioms: [propext, Classical.choice, Quot.sound]
'AspisR19.WitnessPointData.code1_1' depends on axioms: [propext, Classical.choice, Quot.sound]
'AspisR19.WitnessPointData.code1_2' depends on axioms: [propext, Classical.choice, Quot.sound]
'AspisR19.WitnessPointData.code1_3' depends on axioms: [propext, Classical.choice, Quot.sound]
'AspisR19.WitnessPointData.code1_4' depends on axioms: [propext, Classical.choice, Quot.sound]
'AspisR19.WitnessPointData.code1_5' depends on axioms: [propext, Classical.choice, Quot.sound]
'AspisR19.WitnessPointData.code1_6' depends on axioms: [propext, Classical.choice, Quot.sound]
'AspisR19.WitnessPointData.code1_7' depends on axioms: [propext, Classical.choice, Quot.sound]
'AspisR19.WitnessPointData.code1_8' depends on axioms: [propext, Classical.choice, Quot.sound]
'AspisR19.WitnessPointData.code1_9' depends on axioms: [propext, Classical.choice, Quot.sound]
'AspisR19.WitnessPointData.code1_10' depends on axioms: [propext, Classical.choice, Quot.sound]
'AspisR19.WitnessPointData.code1_11' depends on axioms: [propext, Classical.choice, Quot.sound]
	Command being timed: "/home/dombarker/.elan/bin/lake env lean -R /home/dombarker/project-offloads/aspis-r39-lean-src-20260929-a -o /home/dombarker/project-offloads/aspis-r39-lean-20260929-e/lib/AspisV8R19/WitnessCode1Chunk00.olean /home/dombarker/project-offloads/aspis-r39-lean-src-20260929-a/AspisV8R19/WitnessCode1Chunk00.lean"
	User time (seconds): 0.98
	System time (seconds): 0.33
	Percent of CPU this job got: 106%
	Elapsed (wall clock) time (h:mm:ss or m:ss): 0:01.24
	Average shared text size (kbytes): 0
	Average unshared data size (kbytes): 0
	Average stack size (kbytes): 0
	Average total size (kbytes): 0
	Maximum resident set size (kbytes): 2262380
	Average resident set size (kbytes): 0
	Major (requiring I/O) page faults: 0
	Minor (reclaiming a frame) page faults: 53100
	Voluntary context switches: 1925
	Involuntary context switches: 54
	Swaps: 0
	File system inputs: 8
	File system outputs: 56
	Socket messages sent: 0
	Socket messages received: 0
	Signals delivered: 0
	Page size (bytes): 4096
	Exit status: 0
