'AspisR19.WitnessPointData.weight0_96' depends on axioms: [propext, Classical.choice, Quot.sound]
'AspisR19.WitnessPointData.weight0_97' depends on axioms: [propext, Classical.choice, Quot.sound]
'AspisR19.WitnessPointData.weight0_98' depends on axioms: [propext, Classical.choice, Quot.sound]
'AspisR19.WitnessPointData.weight0_99' depends on axioms: [propext, Classical.choice, Quot.sound]
'AspisR19.WitnessPointData.weight0_100' depends on axioms: [propext, Classical.choice, Quot.sound]
'AspisR19.WitnessPointData.weight0_101' depends on axioms: [propext, Classical.choice, Quot.sound]
'AspisR19.WitnessPointData.weight0_102' depends on axioms: [propext, Classical.choice, Quot.sound]
'AspisR19.WitnessPointData.weight0_103' depends on axioms: [propext, Classical.choice, Quot.sound]
'AspisR19.WitnessPointData.weight0_104' depends on axioms: [propext, Classical.choice, Quot.sound]
'AspisR19.WitnessPointData.weight0_105' depends on axioms: [propext, Classical.choice, Quot.sound]
'AspisR19.WitnessPointData.weight0_106' depends on axioms: [propext, Classical.choice, Quot.sound]
'AspisR19.WitnessPointData.weight0_107' depends on axioms: [propext, Classical.choice, Quot.sound]
	Command being timed: "/home/dombarker/.elan/bin/lake env lean -R /home/dombarker/project-offloads/aspis-r39-lean-src-20260929-a -o /home/dombarker/project-offloads/aspis-r39-lean-20260929-e/lib/AspisV8R19/WitnessWeight0Chunk08.olean /home/dombarker/project-offloads/aspis-r39-lean-src-20260929-a/AspisV8R19/WitnessWeight0Chunk08.lean"
	User time (seconds): 1.26
	System time (seconds): 0.32
	Percent of CPU this job got: 105%
	Elapsed (wall clock) time (h:mm:ss or m:ss): 0:01.51
	Average shared text size (kbytes): 0
	Average unshared data size (kbytes): 0
	Average stack size (kbytes): 0
	Average total size (kbytes): 0
	Maximum resident set size (kbytes): 2286896
	Average resident set size (kbytes): 0
	Major (requiring I/O) page faults: 0
	Minor (reclaiming a frame) page faults: 52289
	Voluntary context switches: 2006
	Involuntary context switches: 87
	Swaps: 0
	File system inputs: 8
	File system outputs: 104
	Socket messages sent: 0
	Socket messages received: 0
	Signals delivered: 0
	Page size (bytes): 4096
	Exit status: 0
