'AspisR19.WitnessPointData.code1_48' depends on axioms: [propext, Classical.choice, Quot.sound]
'AspisR19.WitnessPointData.code1_49' depends on axioms: [propext, Classical.choice, Quot.sound]
'AspisR19.WitnessPointData.code1_50' depends on axioms: [propext, Classical.choice, Quot.sound]
'AspisR19.WitnessPointData.code1_51' depends on axioms: [propext, Classical.choice, Quot.sound]
'AspisR19.WitnessPointData.code1_52' depends on axioms: [propext, Classical.choice, Quot.sound]
'AspisR19.WitnessPointData.code1_53' depends on axioms: [propext, Classical.choice, Quot.sound]
'AspisR19.WitnessPointData.code1_54' depends on axioms: [propext, Classical.choice, Quot.sound]
'AspisR19.WitnessPointData.code1_55' depends on axioms: [propext, Classical.choice, Quot.sound]
'AspisR19.WitnessPointData.code1_56' depends on axioms: [propext, Classical.choice, Quot.sound]
'AspisR19.WitnessPointData.code1_57' depends on axioms: [propext, Classical.choice, Quot.sound]
'AspisR19.WitnessPointData.code1_58' depends on axioms: [propext, Classical.choice, Quot.sound]
'AspisR19.WitnessPointData.code1_59' depends on axioms: [propext, Classical.choice, Quot.sound]
	Command being timed: "/home/dombarker/.elan/bin/lake env lean -R /home/dombarker/project-offloads/aspis-r39-lean-src-20260929-a -o /home/dombarker/project-offloads/aspis-r39-lean-20260929-e/lib/AspisV8R19/WitnessCode1Chunk04.olean /home/dombarker/project-offloads/aspis-r39-lean-src-20260929-a/AspisV8R19/WitnessCode1Chunk04.lean"
	User time (seconds): 0.95
	System time (seconds): 0.35
	Percent of CPU this job got: 105%
	Elapsed (wall clock) time (h:mm:ss or m:ss): 0:01.24
	Average shared text size (kbytes): 0
	Average unshared data size (kbytes): 0
	Average stack size (kbytes): 0
	Average total size (kbytes): 0
	Maximum resident set size (kbytes): 2273688
	Average resident set size (kbytes): 0
	Major (requiring I/O) page faults: 0
	Minor (reclaiming a frame) page faults: 52934
	Voluntary context switches: 1882
	Involuntary context switches: 63
	Swaps: 0
	File system inputs: 8
	File system outputs: 56
	Socket messages sent: 0
	Socket messages received: 0
	Signals delivered: 0
	Page size (bytes): 4096
	Exit status: 0
