'AspisR19.WitnessPointData.chord_support84' depends on axioms: [propext, Classical.choice, Quot.sound]
'AspisR19.WitnessPointData.chord_support85' depends on axioms: [propext, Classical.choice, Quot.sound]
'AspisR19.WitnessPointData.chord_support86' depends on axioms: [propext, Classical.choice, Quot.sound]
'AspisR19.WitnessPointData.chord_support87' depends on axioms: [propext, Classical.choice, Quot.sound]
'AspisR19.WitnessPointData.chord_support88' depends on axioms: [propext, Classical.choice, Quot.sound]
'AspisR19.WitnessPointData.chord_support89' depends on axioms: [propext, Classical.choice, Quot.sound]
'AspisR19.WitnessPointData.chord_support90' depends on axioms: [propext, Classical.choice, Quot.sound]
'AspisR19.WitnessPointData.chord_support91' depends on axioms: [propext, Classical.choice, Quot.sound]
'AspisR19.WitnessPointData.chord_support92' depends on axioms: [propext, Classical.choice, Quot.sound]
'AspisR19.WitnessPointData.chord_support93' depends on axioms: [propext, Classical.choice, Quot.sound]
'AspisR19.WitnessPointData.chord_support94' depends on axioms: [propext, Classical.choice, Quot.sound]
'AspisR19.WitnessPointData.chord_support95' depends on axioms: [propext, Classical.choice, Quot.sound]
	Command being timed: "/home/dombarker/.elan/bin/lake env lean -R /home/dombarker/project-offloads/aspis-r39-lean-src-20260929-a -o /home/dombarker/project-offloads/aspis-r39-lean-20260929-e/lib/AspisV8R19/WitnessChordSupport07.olean /home/dombarker/project-offloads/aspis-r39-lean-src-20260929-a/AspisV8R19/WitnessChordSupport07.lean"
	User time (seconds): 13.44
	System time (seconds): 0.85
	Percent of CPU this job got: 101%
	Elapsed (wall clock) time (h:mm:ss or m:ss): 0:14.10
	Average shared text size (kbytes): 0
	Average unshared data size (kbytes): 0
	Average stack size (kbytes): 0
	Average total size (kbytes): 0
	Maximum resident set size (kbytes): 3076548
	Average resident set size (kbytes): 0
	Major (requiring I/O) page faults: 0
	Minor (reclaiming a frame) page faults: 187397
	Voluntary context switches: 2241
	Involuntary context switches: 175
	Swaps: 0
	File system inputs: 8
	File system outputs: 14344
	Socket messages sent: 0
	Socket messages received: 0
	Signals delivered: 0
	Page size (bytes): 4096
	Exit status: 0
