'AspisR19.WitnessPointData.weight2_84' depends on axioms: [propext, Classical.choice, Quot.sound]
'AspisR19.WitnessPointData.weight2_85' depends on axioms: [propext, Classical.choice, Quot.sound]
'AspisR19.WitnessPointData.weight2_86' depends on axioms: [propext, Classical.choice, Quot.sound]
'AspisR19.WitnessPointData.weight2_87' depends on axioms: [propext, Classical.choice, Quot.sound]
'AspisR19.WitnessPointData.weight2_88' depends on axioms: [propext, Classical.choice, Quot.sound]
'AspisR19.WitnessPointData.weight2_89' depends on axioms: [propext, Classical.choice, Quot.sound]
'AspisR19.WitnessPointData.weight2_90' depends on axioms: [propext, Classical.choice, Quot.sound]
'AspisR19.WitnessPointData.weight2_91' depends on axioms: [propext, Classical.choice, Quot.sound]
'AspisR19.WitnessPointData.weight2_92' depends on axioms: [propext, Classical.choice, Quot.sound]
'AspisR19.WitnessPointData.weight2_93' depends on axioms: [propext, Classical.choice, Quot.sound]
'AspisR19.WitnessPointData.weight2_94' depends on axioms: [propext, Classical.choice, Quot.sound]
'AspisR19.WitnessPointData.weight2_95' depends on axioms: [propext, Classical.choice, Quot.sound]
	Command being timed: "/home/dombarker/.elan/bin/lake env lean -R /home/dombarker/project-offloads/aspis-r39-lean-src-20260929-a -o /home/dombarker/project-offloads/aspis-r39-lean-20260929-e/lib/AspisV8R19/WitnessWeight2Chunk07.olean /home/dombarker/project-offloads/aspis-r39-lean-src-20260929-a/AspisV8R19/WitnessWeight2Chunk07.lean"
	User time (seconds): 1.54
	System time (seconds): 0.33
	Percent of CPU this job got: 105%
	Elapsed (wall clock) time (h:mm:ss or m:ss): 0:01.78
	Average shared text size (kbytes): 0
	Average unshared data size (kbytes): 0
	Average stack size (kbytes): 0
	Average total size (kbytes): 0
	Maximum resident set size (kbytes): 2299472
	Average resident set size (kbytes): 0
	Major (requiring I/O) page faults: 0
	Minor (reclaiming a frame) page faults: 53306
	Voluntary context switches: 2110
	Involuntary context switches: 52
	Swaps: 0
	File system inputs: 8
	File system outputs: 112
	Socket messages sent: 0
	Socket messages received: 0
	Signals delivered: 0
	Page size (bytes): 4096
	Exit status: 0
