'AspisR19.WitnessPointData.code1_24' depends on axioms: [propext, Classical.choice, Quot.sound]
'AspisR19.WitnessPointData.code1_25' depends on axioms: [propext, Classical.choice, Quot.sound]
'AspisR19.WitnessPointData.code1_26' depends on axioms: [propext, Classical.choice, Quot.sound]
'AspisR19.WitnessPointData.code1_27' depends on axioms: [propext, Classical.choice, Quot.sound]
'AspisR19.WitnessPointData.code1_28' depends on axioms: [propext, Classical.choice, Quot.sound]
'AspisR19.WitnessPointData.code1_29' depends on axioms: [propext, Classical.choice, Quot.sound]
'AspisR19.WitnessPointData.code1_30' depends on axioms: [propext, Classical.choice, Quot.sound]
'AspisR19.WitnessPointData.code1_31' depends on axioms: [propext, Classical.choice, Quot.sound]
'AspisR19.WitnessPointData.code1_32' depends on axioms: [propext, Classical.choice, Quot.sound]
'AspisR19.WitnessPointData.code1_33' depends on axioms: [propext, Classical.choice, Quot.sound]
'AspisR19.WitnessPointData.code1_34' depends on axioms: [propext, Classical.choice, Quot.sound]
'AspisR19.WitnessPointData.code1_35' depends on axioms: [propext, Classical.choice, Quot.sound]
	Command being timed: "/home/dombarker/.elan/bin/lake env lean -R /home/dombarker/project-offloads/aspis-r39-lean-src-20260929-a -o /home/dombarker/project-offloads/aspis-r39-lean-20260929-e/lib/AspisV8R19/WitnessCode1Chunk02.olean /home/dombarker/project-offloads/aspis-r39-lean-src-20260929-a/AspisV8R19/WitnessCode1Chunk02.lean"
	User time (seconds): 0.99
	System time (seconds): 0.37
	Percent of CPU this job got: 104%
	Elapsed (wall clock) time (h:mm:ss or m:ss): 0:01.30
	Average shared text size (kbytes): 0
	Average unshared data size (kbytes): 0
	Average stack size (kbytes): 0
	Average total size (kbytes): 0
	Maximum resident set size (kbytes): 2273652
	Average resident set size (kbytes): 0
	Major (requiring I/O) page faults: 0
	Minor (reclaiming a frame) page faults: 52302
	Voluntary context switches: 1869
	Involuntary context switches: 75
	Swaps: 0
	File system inputs: 8
	File system outputs: 56
	Socket messages sent: 0
	Socket messages received: 0
	Signals delivered: 0
	Page size (bytes): 4096
	Exit status: 0
