Warning: Permanently added '100.108.41.90' (ED25519) to the list of known hosts.
Running as unit: aspis-focus-1791129897526980000.service; invocation ID: 42306fdcfc64469aae24c5f45df2b1bd
/home/dombarker/project-offloads/aspis-r57-lean-src-20260929-a/AspisV8R19/R717SelectedCoreImage.lean:19:4: error: Type mismatch: After simplification, term
  sourceChord_linear half q s 1 1 a b c r
 has type
  @Eq F (sourceChord half (fun i => q i + s i) a b c r) (sourceChord half q a b c r + sourceChord half s a b c r)
but is expected to have type
  @Eq F (sourceChord half (q + s) a b c r) (sourceChord half q a b c r + sourceChord half s a b c r)
/home/dombarker/project-offloads/aspis-r57-lean-src-20260929-a/AspisV8R19/R717SelectedCoreImage.lean:22:4: error: Type mismatch: After simplification, term
  sourceChord_linear half q q t 0 a b c r
 has type
  @Eq F (sourceChord half (fun i => t * q i) a b c r) (t * sourceChord half q a b c r)
but is expected to have type
  @Eq F (sourceChord half (t • q) a b c r) (t * sourceChord half q a b c r)
/home/dombarker/project-offloads/aspis-r57-lean-src-20260929-a/AspisV8R19/R717SelectedCoreImage.lean:38:2: error: Tactic `apply` failed: could not unify the conclusion of `Finset.sum_congr rfl`
  Finset.sum ?m.102 ?m.99 = Finset.sum ?m.102 ?m.100
with the goal
  ∑ x_1, x x_1 • (chordLinear half a b c (R707FullActiveDeterminant.rowCode i)) (direction alpha x_1) =
    (sourceMinor half alpha a b c).mulVec x i

Note: The full type of `Finset.sum_congr rfl` is
  (∀ x ∈ ?m.102, ?m.99 x = ?m.100 x) → Finset.sum ?m.102 ?m.99 = Finset.sum ?m.102 ?m.100

F : Type u_1
inst✝¹ : Field F
inst✝ : NeZero 2
half alpha a b c : F
x : J → F
i : J
h :
  sourceChord half (combination alpha x) a b c (R707FullActiveDeterminant.rowCode i) =
    ∑ x_1, x x_1 • (chordLinear half a b c (R707FullActiveDeterminant.rowCode i)) (direction alpha x_1)
⊢ ∑ x_1, x x_1 • (chordLinear half a b c (R707FullActiveDeterminant.rowCode i)) (direction alpha x_1) =
    (sourceMinor half alpha a b c).mulVec x i
/home/dombarker/project-offloads/aspis-r57-lean-src-20260929-a/AspisV8R19/R717SelectedCoreImage.lean:44:0: warning: automatically included section variable(s) unused in theorem `AspisV8R19.R717SelectedCoreImage.combination_fold`:
  [NeZero 2]
consider restructuring your `variable` declarations so that the variables are not in scope or explicitly omit them:
  omit [NeZero 2] in theorem ...

Note: This linter can be disabled with `set_option linter.unusedSectionVars false`
/home/dombarker/project-offloads/aspis-r57-lean-src-20260929-a/AspisV8R19/R717SelectedCoreImage.lean:54:0: warning: automatically included section variable(s) unused in theorem `AspisV8R19.R717SelectedCoreImage.combination_top`:
  [NeZero 2]
consider restructuring your `variable` declarations so that the variables are not in scope or explicitly omit them:
  omit [NeZero 2] in theorem ...

Note: This linter can be disabled with `set_option linter.unusedSectionVars false`
'AspisV8R19.R717SelectedCoreImage.combination_chord' depends on axioms: [propext, sorryAx, Classical.choice, Quot.sound]
'AspisV8R19.R717SelectedCoreImage.combination_fold' depends on axioms: [propext, Classical.choice, Quot.sound]
'AspisV8R19.R717SelectedCoreImage.combination_top' depends on axioms: [propext, Classical.choice, Quot.sound]
'AspisV8R19.R717SelectedCoreImage.selected_core_image' depends on axioms: [propext,
 sorryAx,
 Classical.choice,
 Quot.sound]
Command exited with non-zero status 1
	Command being timed: "/home/dombarker/.elan/bin/lake --dir /home/dombarker/project-offloads/aspis-r126-release-20260930-a/focus-workspace env lean -j1 -M4500 -R /home/dombarker/project-offloads/aspis-r57-lean-src-20260929-a -o /home/dombarker/project-offloads/aspis-r126-release-20260930-a/lib/AspisV8R19/R717SelectedCoreImage.olean /home/dombarker/project-offloads/aspis-r57-lean-src-20260929-a/AspisV8R19/R717SelectedCoreImage.lean"
	User time (seconds): 1.33
	System time (seconds): 0.34
	Percent of CPU this job got: 102%
	Elapsed (wall clock) time (h:mm:ss or m:ss): 0:01.64
	Average shared text size (kbytes): 0
	Average unshared data size (kbytes): 0
	Average stack size (kbytes): 0
	Average total size (kbytes): 0
	Maximum resident set size (kbytes): 3323212
	Average resident set size (kbytes): 0
	Major (requiring I/O) page faults: 2
	Minor (reclaiming a frame) page faults: 77914
	Voluntary context switches: 959
	Involuntary context switches: 66
	Swaps: 0
	File system inputs: 16
	File system outputs: 0
	Socket messages sent: 0
	Socket messages received: 0
	Signals delivered: 0
	Page size (bytes): 4096
	Exit status: 1
Finished with result: exit-code
Main processes terminated with: code=exited/status=1
Service runtime: 1.675s
CPU time consumed: 1.712s
Memory peak: 324.0K
Memory swap peak: 0B
