Warning: Permanently added '100.108.41.90' (ED25519) to the list of known hosts.
Running as unit: aspis-focus-1791125966768231000.service; invocation ID: 9176f492948d427ca50fb44603d307b0
/home/dombarker/project-offloads/aspis-r57-lean-src-20260929-a/AspisV8R19/R698ActiveCoreLayout.lean:111:8: error: Tactic `rewrite` failed: motive is not type correct:
  fun _a => ↑⟨4 * _a + ↑k % 4, ⋯⟩ = ↑k
Error: Application type mismatch: The argument
  a✝
has type
  ¬4 * _a + ↑k % 4 < 1024
but is expected to have type
  ¬4 * (↑j / 4) + ↑k % 4 < 1024
in the application
  blockActive_of_same_block._proof_1_1 j k hdiv a✝

Explanation: The rewrite tactic rewrites an expression 'e' using an equality 'a = b' by the following process. First, it looks for all 'a' in 'e'. Second, it tries to abstract these occurrences of 'a' to create a function 'm := fun _a => ...', called the *motive*, with the property that 'm a' is definitionally equal to 'e'. Third, we observe that 'congrArg' implies that 'm a = m b', which can be used with lemmas such as 'Eq.mpr' to change the goal. However, if 'e' depends on specific properties of 'a', then the motive 'm' might not typecheck.

Possible solutions: use rewrite's 'occs' configuration option to limit which occurrences are rewritten, or use 'simp' or 'conv' mode, which have strategies for certain kinds of dependencies (these tactics can handle proofs and 'Decidable' instances whose types depend on the rewritten term, and 'simp' can apply user-defined '@[congr]' theorems as well).

j k : I
hk : k ∈ highActive
hdiv : ↑j / 4 = ↑k / 4
ha : isInactive (order k) = false
⊢ ↑⟨4 * (↑j / 4) + ↑k % 4, ⋯⟩ = ↑k
/home/dombarker/project-offloads/aspis-r57-lean-src-20260929-a/AspisV8R19/R698ActiveCoreLayout.lean:155:41: error: unsolved goals
j : I
hj : j ∈ highActive
hzero : ↑j % 4 = 0
hbounds : 88 ≤ ↑j ∧ ↑j < 1020
hactive0 : blockActive j ⟨0, ⋯⟩ = true
h1 : blockActive j ⟨1, ⋯⟩ = true
h2 : blockActive j ⟨2, ⋯⟩ = true
h3 : blockActive j ⟨3, ⋯⟩ = false
⊢ (if blockActive j 1 = true then if blockActive j 2 = true then 2 else 1 else 0) = 2
/home/dombarker/project-offloads/aspis-r57-lean-src-20260929-a/AspisV8R19/R698ActiveCoreLayout.lean:156:10: error: Tactic `rewrite` failed: motive is not type correct:
  fun _a => blockActive j ⟨_a + 1, ⋯⟩ = false
Error: invalid have declaration, term
  selectedLocal_lt_three_all j
has type
  selectedLocal j < 3
but is expected to have type
  _a < 3

Explanation: The rewrite tactic rewrites an expression 'e' using an equality 'a = b' by the following process. First, it looks for all 'a' in 'e'. Second, it tries to abstract these occurrences of 'a' to create a function 'm := fun _a => ...', called the *motive*, with the property that 'm a' is definitionally equal to 'e'. Third, we observe that 'congrArg' implies that 'm a = m b', which can be used with lemmas such as 'Eq.mpr' to change the goal. However, if 'e' depends on specific properties of 'a', then the motive 'm' might not typecheck.

Possible solutions: use rewrite's 'occs' configuration option to limit which occurrences are rewritten, or use 'simp' or 'conv' mode, which have strategies for certain kinds of dependencies (these tactics can handle proofs and 'Decidable' instances whose types depend on the rewritten term, and 'simp' can apply user-defined '@[congr]' theorems as well).

case pos
j : I
hj : j ∈ highActive
hzero : ↑j % 4 = 0
hbounds : 88 ≤ ↑j ∧ ↑j < 1020
hactive0 : blockActive j ⟨0, ⋯⟩ = true
h1 : blockActive j ⟨1, ⋯⟩ = true
h2 : blockActive j ⟨2, ⋯⟩ = true
h3 : blockActive j ⟨3, ⋯⟩ = false
hsel : selectedLocal j = 2
⊢ blockActive j ⟨selectedLocal j + 1, ⋯⟩ = false
/home/dombarker/project-offloads/aspis-r57-lean-src-20260929-a/AspisV8R19/R698ActiveCoreLayout.lean:160:41: error: unsolved goals
j : I
hj : j ∈ highActive
hzero : ↑j % 4 = 0
hbounds : 88 ≤ ↑j ∧ ↑j < 1020
hactive0 : blockActive j ⟨0, ⋯⟩ = true
h1 : blockActive j ⟨1, ⋯⟩ = true
h2 : ¬blockActive j ⟨2, ⋯⟩ = true
h2f : blockActive j ⟨2, ⋯⟩ = false
⊢ (if blockActive j 1 = true then if blockActive j 2 = true then 2 else 1 else 0) = 1
/home/dombarker/project-offloads/aspis-r57-lean-src-20260929-a/AspisV8R19/R698ActiveCoreLayout.lean:161:10: error: Tactic `rewrite` failed: motive is not type correct:
  fun _a => blockActive j ⟨_a + 1, ⋯⟩ = false
Error: invalid have declaration, term
  selectedLocal_lt_three_all j
has type
  selectedLocal j < 3
but is expected to have type
  _a < 3

Explanation: The rewrite tactic rewrites an expression 'e' using an equality 'a = b' by the following process. First, it looks for all 'a' in 'e'. Second, it tries to abstract these occurrences of 'a' to create a function 'm := fun _a => ...', called the *motive*, with the property that 'm a' is definitionally equal to 'e'. Third, we observe that 'congrArg' implies that 'm a = m b', which can be used with lemmas such as 'Eq.mpr' to change the goal. However, if 'e' depends on specific properties of 'a', then the motive 'm' might not typecheck.

Possible solutions: use rewrite's 'occs' configuration option to limit which occurrences are rewritten, or use 'simp' or 'conv' mode, which have strategies for certain kinds of dependencies (these tactics can handle proofs and 'Decidable' instances whose types depend on the rewritten term, and 'simp' can apply user-defined '@[congr]' theorems as well).

case neg
j : I
hj : j ∈ highActive
hzero : ↑j % 4 = 0
hbounds : 88 ≤ ↑j ∧ ↑j < 1020
hactive0 : blockActive j ⟨0, ⋯⟩ = true
h1 : blockActive j ⟨1, ⋯⟩ = true
h2 : ¬blockActive j ⟨2, ⋯⟩ = true
h2f : blockActive j ⟨2, ⋯⟩ = false
hsel : selectedLocal j = 1
⊢ blockActive j ⟨selectedLocal j + 1, ⋯⟩ = false
/home/dombarker/project-offloads/aspis-r57-lean-src-20260929-a/AspisV8R19/R698ActiveCoreLayout.lean:165:39: error: unsolved goals
j : I
hj : j ∈ highActive
hzero : ↑j % 4 = 0
hbounds : 88 ≤ ↑j ∧ ↑j < 1020
hactive0 : blockActive j ⟨0, ⋯⟩ = true
h1 : ¬blockActive j ⟨1, ⋯⟩ = true
h1f : blockActive j ⟨1, ⋯⟩ = false
⊢ blockActive j 1 = true → (if blockActive j 2 = true then 2 else 1) = 0
/home/dombarker/project-offloads/aspis-r57-lean-src-20260929-a/AspisV8R19/R698ActiveCoreLayout.lean:166:8: error: Tactic `rewrite` failed: motive is not type correct:
  fun _a => blockActive j ⟨_a + 1, ⋯⟩ = false
Error: invalid have declaration, term
  selectedLocal_lt_three_all j
has type
  selectedLocal j < 3
but is expected to have type
  _a < 3

Explanation: The rewrite tactic rewrites an expression 'e' using an equality 'a = b' by the following process. First, it looks for all 'a' in 'e'. Second, it tries to abstract these occurrences of 'a' to create a function 'm := fun _a => ...', called the *motive*, with the property that 'm a' is definitionally equal to 'e'. Third, we observe that 'congrArg' implies that 'm a = m b', which can be used with lemmas such as 'Eq.mpr' to change the goal. However, if 'e' depends on specific properties of 'a', then the motive 'm' might not typecheck.

Possible solutions: use rewrite's 'occs' configuration option to limit which occurrences are rewritten, or use 'simp' or 'conv' mode, which have strategies for certain kinds of dependencies (these tactics can handle proofs and 'Decidable' instances whose types depend on the rewritten term, and 'simp' can apply user-defined '@[congr]' theorems as well).

case neg
j : I
hj : j ∈ highActive
hzero : ↑j % 4 = 0
hbounds : 88 ≤ ↑j ∧ ↑j < 1020
hactive0 : blockActive j ⟨0, ⋯⟩ = true
h1 : ¬blockActive j ⟨1, ⋯⟩ = true
h1f : blockActive j ⟨1, ⋯⟩ = false
hsel : selectedLocal j = 0
⊢ blockActive j ⟨selectedLocal j + 1, ⋯⟩ = false
/home/dombarker/project-offloads/aspis-r57-lean-src-20260929-a/AspisV8R19/R698ActiveCoreLayout.lean:155:72: warning: This simp argument is unused:
  h1

Hint: Omit it from the simp argument list.
  simp [selectedLocal, hzero, h1̵,̵ ̵h̵2]

Note: This linter can be disabled with `set_option linter.unusedSimpArgs false`
/home/dombarker/project-offloads/aspis-r57-lean-src-20260929-a/AspisV8R19/R698ActiveCoreLayout.lean:155:76: warning: This simp argument is unused:
  h2

Hint: Omit it from the simp argument list.
  simp [selectedLocal, hzero, h1,̵ ̵h̵2̵]

Note: This linter can be disabled with `set_option linter.unusedSimpArgs false`
/home/dombarker/project-offloads/aspis-r57-lean-src-20260929-a/AspisV8R19/R698ActiveCoreLayout.lean:160:72: warning: This simp argument is unused:
  h1

Hint: Omit it from the simp argument list.
  simp [selectedLocal, hzero, h1̵,̵ ̵h̵2f]

Note: This linter can be disabled with `set_option linter.unusedSimpArgs false`
/home/dombarker/project-offloads/aspis-r57-lean-src-20260929-a/AspisV8R19/R698ActiveCoreLayout.lean:160:76: warning: This simp argument is unused:
  h2f

Hint: Omit it from the simp argument list.
  simp [selectedLocal, hzero, h1,̵ ̵h̵2̵f̵]

Note: This linter can be disabled with `set_option linter.unusedSimpArgs false`
/home/dombarker/project-offloads/aspis-r57-lean-src-20260929-a/AspisV8R19/R698ActiveCoreLayout.lean:165:70: warning: This simp argument is unused:
  h1f

Hint: Omit it from the simp argument list.
  simp [selectedLocal, hzero,̵ ̵h̵1̵f̵]

Note: This linter can be disabled with `set_option linter.unusedSimpArgs false`
'AspisV8R19.R698ActiveCoreLayout.activeCode_card' depends on axioms: [propext, Classical.choice, Quot.sound]
'AspisV8R19.R698ActiveCoreLayout.highActive_card' depends on axioms: [propext, Classical.choice, Quot.sound]
'AspisV8R19.R698ActiveCoreLayout.active_outside_high' depends on axioms: [propext, Classical.choice, Quot.sound]
'AspisV8R19.R698ActiveCoreLayout.high_block_not_full' depends on axioms: [propext, Classical.choice, Quot.sound]
'AspisV8R19.R698ActiveCoreLayout.selectedColumn_injective' depends on axioms: [propext,
 sorryAx,
 Classical.choice,
 Quot.sound]
'AspisV8R19.R698ActiveCoreLayout.block254_active_slots' depends on axioms: [propext, Classical.choice, Quot.sound]
'AspisV8R19.R698ActiveCoreLayout.extraTopColumn_absent' depends on axioms: [propext, Classical.choice, Quot.sound]
Command exited with non-zero status 1
	Command being timed: "/home/dombarker/.elan/bin/lake --dir /home/dombarker/project-offloads/aspis-r126-release-20260930-a/focus-workspace env lean -j1 -M4500 -R /home/dombarker/project-offloads/aspis-r57-lean-src-20260929-a -o /home/dombarker/project-offloads/aspis-r126-release-20260930-a/lib/AspisV8R19/R698ActiveCoreLayout.olean /home/dombarker/project-offloads/aspis-r57-lean-src-20260929-a/AspisV8R19/R698ActiveCoreLayout.lean"
	User time (seconds): 25.64
	System time (seconds): 0.65
	Percent of CPU this job got: 100%
	Elapsed (wall clock) time (h:mm:ss or m:ss): 0:26.27
	Average shared text size (kbytes): 0
	Average unshared data size (kbytes): 0
	Average stack size (kbytes): 0
	Average total size (kbytes): 0
	Maximum resident set size (kbytes): 4383824
	Average resident set size (kbytes): 0
	Major (requiring I/O) page faults: 0
	Minor (reclaiming a frame) page faults: 188756
	Voluntary context switches: 1343
	Involuntary context switches: 186
	Swaps: 0
	File system inputs: 0
	File system outputs: 0
	Socket messages sent: 0
	Socket messages received: 0
	Signals delivered: 0
	Page size (bytes): 4096
	Exit status: 1
Finished with result: exit-code
Main processes terminated with: code=exited/status=1
Service runtime: 26.297s
CPU time consumed: 26.328s
Memory peak: 512.0K
Memory swap peak: 0B
