Warning: Permanently added '100.108.41.90' (ED25519) to the list of known hosts.
Running as unit: aspis-focus-1791126039397004000.service; invocation ID: 7c82ffb41e054ca398085dd20bb34a17
/home/dombarker/project-offloads/aspis-r57-lean-src-20260929-a/AspisV8R19/R698ActiveCoreLayout.lean:160:8: error: omega could not prove the goal:
a possible counterexample may satisfy the constraints
  0 ≤ b ≤ 2
  22 ≤ a ≤ 254
where
 a := ↑↑j / 4
 b := ↑↑⟨selectedLocal j + 1, ⋯⟩
/home/dombarker/project-offloads/aspis-r57-lean-src-20260929-a/AspisV8R19/R698ActiveCoreLayout.lean:167:8: error: omega could not prove the goal:
a possible counterexample may satisfy the constraints
  0 ≤ b ≤ 1
  22 ≤ a ≤ 254
where
 a := ↑↑j / 4
 b := ↑↑⟨selectedLocal j + 1, ⋯⟩
/home/dombarker/project-offloads/aspis-r57-lean-src-20260929-a/AspisV8R19/R698ActiveCoreLayout.lean:174:6: error: omega could not prove the goal:
a possible counterexample may satisfy the constraints
  22 ≤ a ≤ 254
where
 a := ↑↑j / 4
'AspisV8R19.R698ActiveCoreLayout.activeCode_card' depends on axioms: [propext, Classical.choice, Quot.sound]
'AspisV8R19.R698ActiveCoreLayout.highActive_card' depends on axioms: [propext, Classical.choice, Quot.sound]
'AspisV8R19.R698ActiveCoreLayout.active_outside_high' depends on axioms: [propext, Classical.choice, Quot.sound]
'AspisV8R19.R698ActiveCoreLayout.high_block_not_full' depends on axioms: [propext, Classical.choice, Quot.sound]
'AspisV8R19.R698ActiveCoreLayout.selectedColumn_injective' depends on axioms: [propext,
 sorryAx,
 Classical.choice,
 Quot.sound]
'AspisV8R19.R698ActiveCoreLayout.block254_active_slots' depends on axioms: [propext, Classical.choice, Quot.sound]
'AspisV8R19.R698ActiveCoreLayout.extraTopColumn_absent' depends on axioms: [propext, Classical.choice, Quot.sound]
Command exited with non-zero status 1
	Command being timed: "/home/dombarker/.elan/bin/lake --dir /home/dombarker/project-offloads/aspis-r126-release-20260930-a/focus-workspace env lean -j1 -M4500 -R /home/dombarker/project-offloads/aspis-r57-lean-src-20260929-a -o /home/dombarker/project-offloads/aspis-r126-release-20260930-a/lib/AspisV8R19/R698ActiveCoreLayout.olean /home/dombarker/project-offloads/aspis-r57-lean-src-20260929-a/AspisV8R19/R698ActiveCoreLayout.lean"
	User time (seconds): 25.45
	System time (seconds): 0.68
	Percent of CPU this job got: 100%
	Elapsed (wall clock) time (h:mm:ss or m:ss): 0:26.12
	Average shared text size (kbytes): 0
	Average unshared data size (kbytes): 0
	Average stack size (kbytes): 0
	Average total size (kbytes): 0
	Maximum resident set size (kbytes): 4384588
	Average resident set size (kbytes): 0
	Major (requiring I/O) page faults: 0
	Minor (reclaiming a frame) page faults: 198521
	Voluntary context switches: 1335
	Involuntary context switches: 209
	Swaps: 0
	File system inputs: 0
	File system outputs: 0
	Socket messages sent: 0
	Socket messages received: 0
	Signals delivered: 0
	Page size (bytes): 4096
	Exit status: 1
Finished with result: exit-code
Main processes terminated with: code=exited/status=1
Service runtime: 26.157s
CPU time consumed: 26.163s
Memory peak: 324.0K
Memory swap peak: 0B
