Warning: Permanently added '100.108.41.90' (ED25519) to the list of known hosts.
Running as unit: aspis-focus-1790894160477706000.service; invocation ID: 877163f5a5db41ca8987118477fc7c07
'AspisV8R19.R175ChordInverseExecution.raw_cm31_eq' depends on axioms: [propext, Classical.choice, Quot.sound]
'AspisV8R19.R175ChordInverseExecution.raw_qm31_eq' depends on axioms: [propext, Classical.choice, Quot.sound]
'AspisV8R19.R175ChordInverseExecution.raw_secure_circle_point_eq' depends on axioms: [propext,
 Classical.choice,
 Quot.sound]
'AspisV8R19.R175ChordInverseExecution.raw_qm31_ne' depends on axioms: [propext, Classical.choice, Quot.sound]
'AspisV8R19.R175ChordInverseExecution.canonical_difference_nonzero' depends on axioms: [propext,
 Classical.choice,
 Quot.sound]
'AspisV8R19.R175ChordInverseExecution.inverseDifference_exact' depends on axioms: [propext,
 Classical.choice,
 Quot.sound]
'AspisV8R19.R175ChordInverseExecution.rawChordInverse_factored' depends on axioms: [propext,
 Classical.choice,
 Quot.sound]
'AspisV8R19.R175ChordInverseExecution.selectedCoordinates_valid' depends on axioms: [propext,
 Classical.choice,
 Quot.sound]
'AspisV8R19.R175ChordInverseExecution.rawChordInverse_exact' depends on axioms: [propext, Classical.choice, Quot.sound]
	Command being timed: "/home/dombarker/.elan/bin/lake --dir /home/dombarker/project-offloads/aspis-r126-release-20260930-a/focus-workspace env lean -j1 -M4500 -R /home/dombarker/project-offloads/aspis-r57-lean-src-20260929-a -o /home/dombarker/project-offloads/aspis-r126-release-20260930-a/lib/AspisV8R19/R175ChordInverseExecution.olean /home/dombarker/project-offloads/aspis-r57-lean-src-20260929-a/AspisV8R19/R175ChordInverseExecution.lean"
	User time (seconds): 1.20
	System time (seconds): 0.36
	Percent of CPU this job got: 100%
	Elapsed (wall clock) time (h:mm:ss or m:ss): 0:01.56
	Average shared text size (kbytes): 0
	Average unshared data size (kbytes): 0
	Average stack size (kbytes): 0
	Average total size (kbytes): 0
	Maximum resident set size (kbytes): 3712408
	Average resident set size (kbytes): 0
	Major (requiring I/O) page faults: 0
	Minor (reclaiming a frame) page faults: 86439
	Voluntary context switches: 912
	Involuntary context switches: 72
	Swaps: 0
	File system inputs: 0
	File system outputs: 400
	Socket messages sent: 0
	Socket messages received: 0
	Signals delivered: 0
	Page size (bytes): 4096
	Exit status: 0
Finished with result: success
Main processes terminated with: code=exited/status=0
Service runtime: 1.594s
CPU time consumed: 1.598s
Memory peak: 324.0K
Memory swap peak: 0B
