/home/dombarker/v8w/FSV8ForwardAlphaForkCursor.lean:1:0: error: object file '/home/dombarker/v8w/AspisFormal/K1/V7FsStateRestorationCoupling.olean' of module AspisFormal.K1.V7FsStateRestorationCoupling does not exist
Command exited with non-zero status 1
	Command being timed: "env LEAN_PATH=/home/dombarker/v8w:/home/dombarker/v8w/.lean-union-432:/home/dombarker/v8w/AspisFormal:/home/dombarker/weighted-hensel-repair/.lake/build/lib/lean:/home/dombarker/weighted-hensel-repair/.lake/packages/plausible/.lake/build/lib/lean:/home/dombarker/weighted-hensel-repair/.lake/packages/proofwidgets/.lake/build/lib/lean:/home/dombarker/weighted-hensel-repair/.lake/packages/batteries/.lake/build/lib/lean:/home/dombarker/weighted-hensel-repair/.lake/packages/importGraph/.lake/build/lib/lean:/home/dombarker/weighted-hensel-repair/.lake/packages/mathlib/.lake/build/lib/lean:/home/dombarker/weighted-hensel-repair/.lake/packages/Qq/.lake/build/lib/lean:/home/dombarker/weighted-hensel-repair/.lake/packages/LeanSearchClient/.lake/build/lib/lean:/home/dombarker/weighted-hensel-repair/.lake/packages/aesop/.lake/build/lib/lean:/home/dombarker/.elan/toolchains/leanprover--lean4---v4.32.0/lib/lean /home/dombarker/.elan/toolchains/leanprover--lean4---v4.32.0/bin/lean -j1 -M8192 -o /home/dombarker/v8w/FSV8ForwardAlphaForkCursor.olean /home/dombarker/v8w/FSV8ForwardAlphaForkCursor.lean"
	User time (seconds): 0.03
	System time (seconds): 0.05
	Percent of CPU this job got: 98%
	Elapsed (wall clock) time (h:mm:ss or m:ss): 0:00.09
	Average shared text size (kbytes): 0
	Average unshared data size (kbytes): 0
	Average stack size (kbytes): 0
	Average total size (kbytes): 0
	Maximum resident set size (kbytes): 190184
	Average resident set size (kbytes): 0
	Major (requiring I/O) page faults: 0
	Minor (reclaiming a frame) page faults: 5679
	Voluntary context switches: 5
	Involuntary context switches: 9
	Swaps: 0
	File system inputs: 0
	File system outputs: 8
	Socket messages sent: 0
	Socket messages received: 0
	Signals delivered: 0
	Page size (bytes): 4096
	Exit status: 1
