Warning: Permanently added '100.108.41.90' (ED25519) to the list of known hosts.
Running as unit: aspis-focus-1791144582748000000.service; invocation ID: 3b613dbd760843978d0f92ed9c4d6088
'AspisR19.R754Point1GuardedLeaves.w_guarded_leaf_0320' depends on axioms: [propext, Classical.choice, Quot.sound]
'AspisR19.R754Point1GuardedLeaves.w_guarded_leaf_0321' depends on axioms: [propext, Classical.choice, Quot.sound]
'AspisR19.R754Point1GuardedLeaves.w_guarded_leaf_0322' depends on axioms: [propext, Classical.choice, Quot.sound]
'AspisR19.R754Point1GuardedLeaves.w_guarded_leaf_0323' depends on axioms: [propext, Classical.choice, Quot.sound]
'AspisR19.R754Point1GuardedLeaves.w_guarded_leaf_0324' depends on axioms: [propext, Classical.choice, Quot.sound]
'AspisR19.R754Point1GuardedLeaves.w_guarded_leaf_0325' depends on axioms: [propext, Classical.choice, Quot.sound]
'AspisR19.R754Point1GuardedLeaves.w_guarded_leaf_0326' depends on axioms: [propext, Classical.choice, Quot.sound]
'AspisR19.R754Point1GuardedLeaves.w_guarded_leaf_0327' depends on axioms: [propext, Classical.choice, Quot.sound]
'AspisR19.R754Point1GuardedLeaves.w_guarded_leaf_0328' depends on axioms: [propext, Classical.choice, Quot.sound]
'AspisR19.R754Point1GuardedLeaves.w_guarded_leaf_0329' depends on axioms: [propext, Classical.choice, Quot.sound]
'AspisR19.R754Point1GuardedLeaves.w_guarded_leaf_0330' depends on axioms: [propext, Classical.choice, Quot.sound]
'AspisR19.R754Point1GuardedLeaves.w_guarded_leaf_0331' depends on axioms: [propext, Classical.choice, Quot.sound]
'AspisR19.R754Point1GuardedLeaves.w_guarded_leaf_0332' depends on axioms: [propext, Classical.choice, Quot.sound]
'AspisR19.R754Point1GuardedLeaves.w_guarded_leaf_0333' depends on axioms: [propext, Classical.choice, Quot.sound]
'AspisR19.R754Point1GuardedLeaves.w_guarded_leaf_0334' depends on axioms: [propext, Classical.choice, Quot.sound]
'AspisR19.R754Point1GuardedLeaves.w_guarded_leaf_0335' depends on axioms: [propext, Classical.choice, Quot.sound]
'AspisR19.R754Point1GuardedLeaves.w_guarded_leaf_0336' depends on axioms: [propext, Classical.choice, Quot.sound]
'AspisR19.R754Point1GuardedLeaves.w_guarded_leaf_0337' depends on axioms: [propext, Classical.choice, Quot.sound]
'AspisR19.R754Point1GuardedLeaves.w_guarded_leaf_0338' depends on axioms: [propext, Classical.choice, Quot.sound]
'AspisR19.R754Point1GuardedLeaves.w_guarded_leaf_0339' depends on axioms: [propext, Classical.choice, Quot.sound]
'AspisR19.R754Point1GuardedLeaves.w_guarded_leaf_0340' depends on axioms: [propext, Classical.choice, Quot.sound]
'AspisR19.R754Point1GuardedLeaves.w_guarded_leaf_0341' depends on axioms: [propext, Classical.choice, Quot.sound]
'AspisR19.R754Point1GuardedLeaves.w_guarded_leaf_0342' depends on axioms: [propext, Classical.choice, Quot.sound]
'AspisR19.R754Point1GuardedLeaves.w_guarded_leaf_0343' depends on axioms: [propext, Classical.choice, Quot.sound]
'AspisR19.R754Point1GuardedLeaves.w_guarded_leaf_0344' depends on axioms: [propext, Classical.choice, Quot.sound]
'AspisR19.R754Point1GuardedLeaves.w_guarded_leaf_0345' depends on axioms: [propext, Classical.choice, Quot.sound]
'AspisR19.R754Point1GuardedLeaves.w_guarded_leaf_0346' depends on axioms: [propext, Classical.choice, Quot.sound]
'AspisR19.R754Point1GuardedLeaves.w_guarded_leaf_0347' depends on axioms: [propext, Classical.choice, Quot.sound]
'AspisR19.R754Point1GuardedLeaves.w_guarded_leaf_0348' depends on axioms: [propext, Classical.choice, Quot.sound]
'AspisR19.R754Point1GuardedLeaves.w_guarded_leaf_0349' depends on axioms: [propext, Classical.choice, Quot.sound]
'AspisR19.R754Point1GuardedLeaves.w_guarded_leaf_0350' depends on axioms: [propext, Classical.choice, Quot.sound]
'AspisR19.R754Point1GuardedLeaves.w_guarded_leaf_0351' depends on axioms: [propext, Classical.choice, Quot.sound]
	Command being timed: "/home/dombarker/.elan/bin/lake --dir /home/dombarker/project-offloads/aspis-r126-release-20260930-a/focus-workspace env lean -j1 -M4500 -R /home/dombarker/project-offloads/aspis-r57-lean-src-20260929-a -o /home/dombarker/project-offloads/aspis-r126-release-20260930-a/lib/AspisV8R19/Point1GuardedChunk05.olean /home/dombarker/project-offloads/aspis-r57-lean-src-20260929-a/AspisV8R19/Point1GuardedChunk05.lean"
	User time (seconds): 2.28
	System time (seconds): 0.32
	Percent of CPU this job got: 100%
	Elapsed (wall clock) time (h:mm:ss or m:ss): 0:02.59
	Average shared text size (kbytes): 0
	Average unshared data size (kbytes): 0
	Average stack size (kbytes): 0
	Average total size (kbytes): 0
	Maximum resident set size (kbytes): 3317300
	Average resident set size (kbytes): 0
	Major (requiring I/O) page faults: 0
	Minor (reclaiming a frame) page faults: 78404
	Voluntary context switches: 1834
	Involuntary context switches: 103
	Swaps: 0
	File system inputs: 0
	File system outputs: 688
	Socket messages sent: 0
	Socket messages received: 0
	Signals delivered: 0
	Page size (bytes): 4096
	Exit status: 0
Finished with result: success
Main processes terminated with: code=exited/status=0
Service runtime: 2.627s
CPU time consumed: 2.646s
Memory peak: 512.0K
Memory swap peak: 0B
