Warning: Permanently added '100.108.41.90' (ED25519) to the list of known hosts.
Running as unit: aspis-focus-1791014920309086000.service; invocation ID: 36cf9bd05517421485092b191dc1e016
/home/dombarker/project-offloads/aspis-r57-lean-src-20260929-a/AspisV8R19/R446RejectionListExecution.lean:29:26: warning: This simp argument is unused:
  h

Hint: Omit it from the simp argument list.
  simp [alphabetDecode, h,̵ ̵h̵e]

Note: This linter can be disabled with `set_option linter.unusedSimpArgs false`
'AspisV8R19.R446RejectionListExecution.run_list' depends on axioms: [propext, Quot.sound]
'AspisV8R19.R446RejectionListExecution.decode_value' depends on axioms: [propext, Quot.sound]
'AspisV8R19.R446RejectionListExecution.sentinel_list' depends on axioms: [propext, Quot.sound]
	Command being timed: "/home/dombarker/.elan/bin/lake --dir /home/dombarker/project-offloads/aspis-r126-release-20260930-a/focus-workspace env lean -j1 -M4500 -R /home/dombarker/project-offloads/aspis-r57-lean-src-20260929-a -o /home/dombarker/project-offloads/aspis-r126-release-20260930-a/lib/AspisV8R19/R446RejectionListExecution.olean /home/dombarker/project-offloads/aspis-r57-lean-src-20260929-a/AspisV8R19/R446RejectionListExecution.lean"
	User time (seconds): 0.97
	System time (seconds): 0.32
	Percent of CPU this job got: 100%
	Elapsed (wall clock) time (h:mm:ss or m:ss): 0:01.30
	Average shared text size (kbytes): 0
	Average unshared data size (kbytes): 0
	Average stack size (kbytes): 0
	Average total size (kbytes): 0
	Maximum resident set size (kbytes): 3234360
	Average resident set size (kbytes): 0
	Major (requiring I/O) page faults: 0
	Minor (reclaiming a frame) page faults: 76581
	Voluntary context switches: 540
	Involuntary context switches: 62
	Swaps: 0
	File system inputs: 0
	File system outputs: 304
	Socket messages sent: 0
	Socket messages received: 0
	Signals delivered: 0
	Page size (bytes): 4096
	Exit status: 0
Finished with result: success
Main processes terminated with: code=exited/status=0
Service runtime: 1.330s
CPU time consumed: 1.331s
Memory peak: 256.0K
Memory swap peak: 0B
