/home/dombarker/aspis-v8-auth-slots-20260912.gAEiwr/SameBodyOpenedRun.lean:101:15: error(lean.unknownIdentifier): Unknown identifier `storedPoint`

Note: It is not possible to treat `storedPoint` as an implicitly bound variable here because the `autoImplicit` option is set to `false`.
/home/dombarker/aspis-v8-auth-slots-20260912.gAEiwr/SameBodyOpenedRun.lean:113:17: error: (deterministic) timeout at `whnf`, maximum number of heartbeats (250000) has been reached

Note: Use `set_option maxHeartbeats <num>` to set the limit.

Hint: Additional diagnostic information may be available using the `set_option diagnostics true` command.
theorem AspisV8.SameBodyOpenedRun.run_authenticated_opened_or_failure : ∀ (view : RawHashInput → Digest208)
  (body : List Byte) (query : Fin 22 → Position) (d : Data) (result : Output),
  run view body query d = some result →
    ∀ (c1Prefix c2Prefix : AnswerPrefix) (fullLog : OrderedRawQueryLog),
      (∀ record ∈ c1Prefix, view record.1 = record.2) →
        (∀ record ∈ c2Prefix, view record.1 = record.2) →
          TraceIncludedInLog (rawPrefix c1Prefix) fullLog →
            TraceIncludedInLog (rawPrefix c2Prefix) fullLog →
              TraceIncludedInLog (MinimalMultiproofPaths.leafLog query (wireRecords result.wire) ++ result.trace)
                  fullLog →
                ∀ (alpha : K),
                  AuthenticationFailure view c1Prefix c2Prefix (wireRoots result.wire) fullLog query ∨
                    ∀ (i : Fin 22),
                      opened result d query alpha i =
                        (SelectedReceivedOracle.oracle 0
                              (SelectedQuotientOriginal.virtual d
                                (prefixBatch c1Prefix c2Prefix result.wire d.gamma))).folded
                          alpha sorry :=
fun view body query d result success c1Prefix c2Prefix fullLog c1Answers c2Answers c1Included c2Included callsIncluded
    alpha =>
  have checks := run_checks view body query d result success;
  have canonical :=
    Eq.mpr (id (congrArg (fun _a => _a.isSome = true) checks.right.left)) (Eq.refl (some result.decoded).isSome);
  Or.casesOn
    (same_body_authenticated_fold_or_failure view body query (merkleRun view body query d result success) c1Prefix
      c2Prefix fullLog c1Answers c2Answers c1Included c2Included callsIncluded canonical d result.inverses
      checks.right.right.left alpha)
    (fun bad => Or.inl bad) fun good => sorry
'AspisV8.SameBodyOpenedRun.run_checks' depends on axioms: [propext, Classical.choice, Quot.sound]
'AspisV8.SameBodyOpenedRun.run_authenticated_opened_or_failure' depends on axioms: [propext,
 sorryAx,
 Classical.choice,
 Quot.sound]
Command exited with non-zero status 1
	Command being timed: "/home/dombarker/.elan/toolchains/leanprover--lean4---v4.32.0/bin/lean -j1 -M9000 -R /home/dombarker/aspis-v8-auth-slots-20260912.gAEiwr -o /home/dombarker/aspis-v8-auth-slots-20260912.gAEiwr/opened-v2/SameBodyOpenedRun.olean /home/dombarker/aspis-v8-auth-slots-20260912.gAEiwr/SameBodyOpenedRun.lean"
	User time (seconds): 13.60
	System time (seconds): 1.02
	Percent of CPU this job got: 99%
	Elapsed (wall clock) time (h:mm:ss or m:ss): 0:14.63
	Average shared text size (kbytes): 0
	Average unshared data size (kbytes): 0
	Average stack size (kbytes): 0
	Average total size (kbytes): 0
	Maximum resident set size (kbytes): 6649188
	Average resident set size (kbytes): 0
	Major (requiring I/O) page faults: 0
	Minor (reclaiming a frame) page faults: 142139
	Voluntary context switches: 329
	Involuntary context switches: 248
	Swaps: 0
	File system inputs: 0
	File system outputs: 8
	Socket messages sent: 0
	Socket messages received: 0
	Signals delivered: 0
	Page size (bytes): 4096
	Exit status: 1
