Warning: Permanently added '100.108.41.90' (ED25519) to the list of known hosts.
Running as unit: aspis-focus-1791112415681512000.service; invocation ID: 66589eb0883b4999a377d821bcfd037c
/home/dombarker/project-offloads/aspis-r57-lean-src-20260929-a/AspisV8R19/R616MixedLimbExecution.lean:72:73: warning: 'omega' tactic does nothing

Note: This linter can be disabled with `set_option linter.unusedTactic false`
/home/dombarker/project-offloads/aspis-r57-lean-src-20260929-a/AspisV8R19/R616MixedLimbExecution.lean:72:73: warning: this tactic is never executed

Note: This linter can be disabled with `set_option linter.unreachableTactic false`
/home/dombarker/project-offloads/aspis-r57-lean-src-20260929-a/AspisV8R19/R616MixedLimbExecution.lean:160:16: warning: Variable name `hpartition` is not explicitly referenced.

The binding can be removed (if unused) or named `_` (if used implicitly).

Note: This linter can be disabled with `set_option linter.unusedVariables false`
/home/dombarker/project-offloads/aspis-r57-lean-src-20260929-a/AspisV8R19/R616MixedLimbExecution.lean:160:28: warning: Variable name `hrem` is not explicitly referenced.

The binding can be removed (if unused) or named `_` (if used implicitly).

Note: This linter can be disabled with `set_option linter.unusedVariables false`
/home/dombarker/project-offloads/aspis-r57-lean-src-20260929-a/AspisV8R19/R616MixedLimbExecution.lean:199:15: warning: Variable name `hquot` is not explicitly referenced.

The binding can be removed (if unused) or named `_` (if used implicitly).

Note: This linter can be disabled with `set_option linter.unusedVariables false`
/home/dombarker/project-offloads/aspis-r57-lean-src-20260929-a/AspisV8R19/R616MixedLimbExecution.lean:200:15: warning: Variable name `hrem` is not explicitly referenced.

The binding can be removed (if unused) or named `_` (if used implicitly).

Note: This linter can be disabled with `set_option linter.unusedVariables false`
/home/dombarker/project-offloads/aspis-r57-lean-src-20260929-a/AspisV8R19/R616MixedLimbExecution.lean:227:10: warning: 'change 16 * (j.val / 4) + 4 * slot.val + j.val % 4 < 48' tactic does nothing

Note: This linter can be disabled with `set_option linter.unusedTactic false`
/home/dombarker/project-offloads/aspis-r57-lean-src-20260929-a/AspisV8R19/R616MixedLimbExecution.lean:455:21: warning: Variable name `hquot` is not explicitly referenced.

The binding can be removed (if unused) or named `_` (if used implicitly).

Note: This linter can be disabled with `set_option linter.unusedVariables false`
/home/dombarker/project-offloads/aspis-r57-lean-src-20260929-a/AspisV8R19/R616MixedLimbExecution.lean:456:21: warning: Variable name `hrem` is not explicitly referenced.

The binding can be removed (if unused) or named `_` (if used implicitly).

Note: This linter can be disabled with `set_option linter.unusedVariables false`
/home/dombarker/project-offloads/aspis-r57-lean-src-20260929-a/AspisV8R19/R616MixedLimbExecution.lean:621:2: warning: 'change (U64.wrapping_mul (UScalar.cast .U64 a) (UScalar.cast .U64 b)).val = _' tactic does nothing

Note: This linter can be disabled with `set_option linter.unusedTactic false`
/home/dombarker/project-offloads/aspis-r57-lean-src-20260929-a/AspisV8R19/R616MixedLimbExecution.lean:811:2: warning: try 'simp' instead of 'simpa'

Note: This linter can be disabled with `set_option linter.unnecessarySimpa false`
/home/dombarker/project-offloads/aspis-r57-lean-src-20260929-a/AspisV8R19/R616MixedLimbExecution.lean:1338:4: error: Type mismatch: After simplification, term
  ht2
 has type
  @Eq (Result U64) (selected_source_mixed_product_literal c2 p L slot 26#usize)
    (ok
      ((core.convert.num.FromU64U32.from (arrayAt c2 ⟨16 * (↑j0 / 4) + 4 * ↑slot + ↑j0 % 4, ⋯⟩)).wrapping_mul
        (core.convert.num.FromU64U32.from (arrayAt (arrayAt p.mixed j0) ⟨↑L, ⋯⟩))))
but is expected to have type
  @Eq (Result U64) (selected_source_mixed_product_literal c2 p L slot 26#usize)
    (ok
      ((core.convert.num.FromU64U32.from (arrayAt c2 ⟨16 * (↑j0 / 4) + 4 * ↑slot + ↑j0 % 4, ⋯⟩)).wrapping_mul
        (core.convert.num.FromU64U32.from (arrayAt (arrayAt p.mixed j0) ⟨↑L, hL⟩))))
/home/dombarker/project-offloads/aspis-r57-lean-src-20260929-a/AspisV8R19/R616MixedLimbExecution.lean:1341:4: error: Type mismatch: After simplification, term
  ht3
 has type
  @Eq (Result U64) (selected_source_mixed_product_literal c2 p L slot 27#usize)
    (ok
      ((core.convert.num.FromU64U32.from (arrayAt c2 ⟨16 * (↑j1 / 4) + 4 * ↑slot + ↑j1 % 4, ⋯⟩)).wrapping_mul
        (core.convert.num.FromU64U32.from (arrayAt (arrayAt p.mixed j1) ⟨↑L, ⋯⟩))))
but is expected to have type
  @Eq (Result U64) (selected_source_mixed_product_literal c2 p L slot 27#usize)
    (ok
      ((core.convert.num.FromU64U32.from (arrayAt c2 ⟨16 * (↑j1 / 4) + 4 * ↑slot + ↑j1 % 4, ⋯⟩)).wrapping_mul
        (core.convert.num.FromU64U32.from (arrayAt (arrayAt p.mixed j1) ⟨↑L, hL⟩))))
/home/dombarker/project-offloads/aspis-r57-lean-src-20260929-a/AspisV8R19/R616MixedLimbExecution.lean:1357:46: error: Application type mismatch: The argument
  ha2
has type
  ↑(arrayAt c2 c20) < P
but is expected to have type
  ↑a2 < P
in the application
  source_four_term_prefix_wrapped_fold (selected_source_c1_product c1 p L 24#usize)
    (selected_source_c1_product c1 p L 25#usize) (selected_source_mixed_product_literal c2 p L slot 26#usize)
    (selected_source_mixed_product_literal c2 p L slot 27#usize) a0 b0 a1 b1 a2 b2 a3 b3 ha0 hb0 ha1 hb1 ha2
'AspisV8R19.R616MixedLimbExecution.fourProducts_lt_u64' depends on axioms: [propext, Classical.choice, Quot.sound]
'_private.AspisV8R19.R616MixedLimbExecution.0.AspisV8R19.R616MixedLimbExecution.selected_index_ok' depends on axioms: [propext]
'AspisV8R19.R616MixedLimbExecution.selected_mixed_index_spec' depends on axioms: [propext, Classical.choice, Quot.sound]
'AspisV8R19.R616MixedLimbExecution.selected_mixed_c2_access' depends on axioms: [propext, Classical.choice, Quot.sound]
'AspisV8R19.R616MixedLimbExecution.selected_source_mixed_c2_access_ok' depends on axioms: [propext,
 Classical.choice,
 Quot.sound]
'AspisV8R19.R616MixedLimbExecution.selected_source_c1_product_ok' depends on axioms: [propext,
 Classical.choice,
 Quot.sound]
'_private.AspisV8R19.R616MixedLimbExecution.0.AspisV8R19.R616MixedLimbExecution.source_c1_term0_eq_factored' depends on axioms: [propext,
 Classical.choice,
 Quot.sound]
'AspisV8R19.R616MixedLimbExecution.source_c1_product_bind' depends on axioms: [propext, Classical.choice, Quot.sound]
'AspisV8R19.R616MixedLimbExecution.first_c1_four_source_chunk_bind' depends on axioms: [propext,
 Classical.choice,
 Quot.sound]
'AspisV8R19.R616MixedLimbExecution.first_c1_four_factored_chunk_success' depends on axioms: [propext,
 Classical.choice,
 Quot.sound]
'AspisV8R19.R616MixedLimbExecution.source_mixed_product_bind' depends on axioms: [propext, Classical.choice, Quot.sound]
'AspisV8R19.R616MixedLimbExecution.source_mixed_product_literal_bind' depends on axioms: [propext,
 Classical.choice,
 Quot.sound]
'AspisV8R19.R616MixedLimbExecution.selected_source_mixed_product_ok' depends on axioms: [propext,
 Classical.choice,
 Quot.sound]
'AspisV8R19.R616MixedLimbExecution.selected_source_mixed_product_value' depends on axioms: [propext,
 Classical.choice,
 Quot.sound]
'AspisV8R19.R616MixedLimbExecution.tenPartialChunks_fit' depends on axioms: [propext, Classical.choice, Quot.sound]
'AspisV8R19.R616MixedLimbExecution.partialChunks_mod' depends on axioms: [propext]
'AspisV8R19.R616MixedLimbExecution.mixedC2Index_lt48' depends on axioms: [propext, Quot.sound]
'AspisV8R19.R616MixedLimbExecution.limbIndex_lt4' does not depend on any axioms
'AspisV8R19.R616MixedLimbExecution.canonicalProduct_lt' depends on axioms: [propext, Classical.choice, Quot.sound]
'AspisV8R19.R616MixedLimbExecution.selected_reduce_u64_eq_frozen' depends on axioms: [propext,
 Classical.choice,
 Quot.sound]
'AspisV8R19.R616MixedLimbExecution.selected_m31_reduce_u64_eq_frozen' depends on axioms: [propext,
 Classical.choice,
 Quot.sound]
'AspisV8R19.R616MixedLimbExecution.selected_m31_reduce_u64_success' depends on axioms: [propext,
 Classical.choice,
 Quot.sound]
'AspisV8R19.R616MixedLimbExecution.selected_from_u32_eq_cast' does not depend on any axioms
'AspisV8R19.R616MixedLimbExecution.selected_u32_mul64_val' depends on axioms: [propext, Classical.choice, Quot.sound]
'AspisV8R19.R616MixedLimbExecution.selected_two_products_val' depends on axioms: [propext, Classical.choice, Quot.sound]
'AspisV8R19.R616MixedLimbExecution.selected_four_products_val' depends on axioms: [propext,
 Classical.choice,
 Quot.sound]
'AspisV8R19.R616MixedLimbExecution.selected_from_prime' depends on axioms: [propext, Classical.choice, Quot.sound]
'AspisV8R19.R616MixedLimbExecution.selected_reduce_chunk_eq_fold' depends on axioms: [propext,
 Classical.choice,
 Quot.sound]
'AspisV8R19.R616MixedLimbExecution.selected_reduce_chunk_success' depends on axioms: [propext,
 Classical.choice,
 Quot.sound]
'AspisV8R19.R616MixedLimbExecution.selected_chunk_residue' depends on axioms: [propext, Classical.choice, Quot.sound]
'AspisV8R19.R616MixedLimbExecution.selected_four_product_chunk' depends on axioms: [propext,
 Classical.choice,
 Quot.sound]
Command exited with non-zero status 1
	Command being timed: "/home/dombarker/.elan/bin/lake --dir /home/dombarker/project-offloads/aspis-r126-release-20260930-a/focus-workspace env lean -j1 -M4500 -R /home/dombarker/project-offloads/aspis-r57-lean-src-20260929-a -o /home/dombarker/project-offloads/aspis-r126-release-20260930-a/lib/AspisV8R19/R616MixedLimbExecution.olean /home/dombarker/project-offloads/aspis-r57-lean-src-20260929-a/AspisV8R19/R616MixedLimbExecution.lean"
	User time (seconds): 15.08
	System time (seconds): 0.45
	Percent of CPU this job got: 100%
	Elapsed (wall clock) time (h:mm:ss or m:ss): 0:15.51
	Average shared text size (kbytes): 0
	Average unshared data size (kbytes): 0
	Average stack size (kbytes): 0
	Average total size (kbytes): 0
	Maximum resident set size (kbytes): 3854924
	Average resident set size (kbytes): 0
	Major (requiring I/O) page faults: 0
	Minor (reclaiming a frame) page faults: 96291
	Voluntary context switches: 3392
	Involuntary context switches: 149
	Swaps: 0
	File system inputs: 0
	File system outputs: 0
	Socket messages sent: 0
	Socket messages received: 0
	Signals delivered: 0
	Page size (bytes): 4096
	Exit status: 1
Finished with result: exit-code
Main processes terminated with: code=exited/status=1
Service runtime: 15.538s
CPU time consumed: 15.568s
Memory peak: 288.0K
Memory swap peak: 0B
