Warning: Permanently added '100.108.41.90' (ED25519) to the list of known hosts.
Running as unit: aspis-focus-1791111484816874000.service; invocation ID: 38a4b31156b94536b63008e9a37e3d27
/home/dombarker/project-offloads/aspis-r57-lean-src-20260929-a/AspisV8R19/R649TwoSwapResidualRepair.lean:12:8: warning: automatically included section variable(s) unused in theorem `_private.AspisV8R19.R649TwoSwapResidualRepair.0.AspisV8R19.R649TwoSwapResidualRepair.weighted_dot`:
  [NeZero 2]
consider restructuring your `variable` declarations so that the variables are not in scope or explicitly omit them:
  omit [NeZero 2] in theorem ...

Note: This linter can be disabled with `set_option linter.unusedSectionVars false`
/home/dombarker/project-offloads/aspis-r57-lean-src-20260929-a/AspisV8R19/R649TwoSwapResidualRepair.lean:20:8: warning: automatically included section variable(s) unused in theorem `_private.AspisV8R19.R649TwoSwapResidualRepair.0.AspisV8R19.R649TwoSwapResidualRepair.coefficient_as_dot`:
  [NeZero 2]
consider restructuring your `variable` declarations so that the variables are not in scope or explicitly omit them:
  omit [NeZero 2] in theorem ...

Note: This linter can be disabled with `set_option linter.unusedSectionVars false`
/home/dombarker/project-offloads/aspis-r57-lean-src-20260929-a/AspisV8R19/R649TwoSwapResidualRepair.lean:63:24: error(lean.unknownIdentifier): Unknown constant `Matrix.isUnit_iff_isUnit_det.mpr`
'AspisV8R19.R649TwoSwapResidualRepair.selected_residual_repair' depends on axioms: [propext,
 sorryAx,
 Classical.choice,
 Quot.sound]
'_private.AspisV8R19.R649TwoSwapResidualRepair.0.AspisV8R19.R649TwoSwapResidualRepair.observed_combination' depends on axioms: [propext,
 Classical.choice,
 Quot.sound]
Command exited with non-zero status 1
	Command being timed: "/home/dombarker/.elan/bin/lake --dir /home/dombarker/project-offloads/aspis-r126-release-20260930-a/focus-workspace env lean -j1 -M4500 -R /home/dombarker/project-offloads/aspis-r57-lean-src-20260929-a -o /home/dombarker/project-offloads/aspis-r126-release-20260930-a/lib/AspisV8R19/R649TwoSwapResidualRepair.olean /home/dombarker/project-offloads/aspis-r57-lean-src-20260929-a/AspisV8R19/R649TwoSwapResidualRepair.lean"
	User time (seconds): 1.03
	System time (seconds): 0.32
	Percent of CPU this job got: 99%
	Elapsed (wall clock) time (h:mm:ss or m:ss): 0:01.36
	Average shared text size (kbytes): 0
	Average unshared data size (kbytes): 0
	Average stack size (kbytes): 0
	Average total size (kbytes): 0
	Maximum resident set size (kbytes): 3276624
	Average resident set size (kbytes): 0
	Major (requiring I/O) page faults: 29
	Minor (reclaiming a frame) page faults: 77575
	Voluntary context switches: 619
	Involuntary context switches: 63
	Swaps: 0
	File system inputs: 5648
	File system outputs: 0
	Socket messages sent: 0
	Socket messages received: 0
	Signals delivered: 0
	Page size (bytes): 4096
	Exit status: 1
Finished with result: exit-code
Main processes terminated with: code=exited/status=1
Service runtime: 1.393s
CPU time consumed: 1.381s
Memory peak: 396.0K
Memory swap peak: 0B
