Warning: Permanently added '100.108.41.90' (ED25519) to the list of known hosts.
Running as unit: aspis-focus-1791089062188069000.service; invocation ID: 9e70080dd31847ceab44d41d05d5e393
'AspisV8R19.R595CoreChordScaling.coreMap_chord_scale' depends on axioms: [propext, Classical.choice, Quot.sound]
'AspisV8R19.R595CoreChordScaling.coreMatrix_chord_scale' depends on axioms: [propext, Classical.choice, Quot.sound]
'AspisV8R19.R595CoreChordScaling.coreMatrix_det_chord_scale' depends on axioms: [propext, Classical.choice, Quot.sound]
'AspisV8R19.R595CoreChordScaling.coreMatrix_det_ne_zero_iff_chord_scale' depends on axioms: [propext,
 Classical.choice,
 Quot.sound]
	Command being timed: "/home/dombarker/.elan/bin/lake --dir /home/dombarker/project-offloads/aspis-r126-release-20260930-a/focus-workspace env lean -j1 -M4500 -R /home/dombarker/project-offloads/aspis-r57-lean-src-20260929-a -o /home/dombarker/project-offloads/aspis-r126-release-20260930-a/lib/AspisV8R19/R595CoreChordScaling.olean /home/dombarker/project-offloads/aspis-r57-lean-src-20260929-a/AspisV8R19/R595CoreChordScaling.lean"
	User time (seconds): 0.71
	System time (seconds): 0.24
	Percent of CPU this job got: 100%
	Elapsed (wall clock) time (h:mm:ss or m:ss): 0:00.96
	Average shared text size (kbytes): 0
	Average unshared data size (kbytes): 0
	Average stack size (kbytes): 0
	Average total size (kbytes): 0
	Maximum resident set size (kbytes): 2248312
	Average resident set size (kbytes): 0
	Major (requiring I/O) page faults: 0
	Minor (reclaiming a frame) page faults: 52288
	Voluntary context switches: 504
	Involuntary context switches: 39
	Swaps: 0
	File system inputs: 0
	File system outputs: 200
	Socket messages sent: 0
	Socket messages received: 0
	Signals delivered: 0
	Page size (bytes): 4096
	Exit status: 0
Finished with result: success
Main processes terminated with: code=exited/status=0
Service runtime: 988ms
CPU time consumed: 990ms
Memory peak: 552.0K
Memory swap peak: 0B
