Warning: Permanently added '100.108.41.90' (ED25519) to the list of known hosts.
Running as unit: aspis-focus-1790912334855830000.service; invocation ID: e69a0190b7d749748d875434f765f375
'AspisV8R19.R252PrivateComplexLinear.c_add' depends on axioms: [propext, Classical.choice, Quot.sound]
'AspisV8R19.R252PrivateComplexLinear.c_sub' depends on axioms: [propext, Classical.choice, Quot.sound]
'AspisV8R19.R252PrivateComplexLinear.c_double' depends on axioms: [propext, Classical.choice, Quot.sound]
'AspisV8R19.R252PrivateComplexLinear.c_half' depends on axioms: [propext, Classical.choice, Quot.sound]
'AspisV8R19.R252PrivateComplexLinear.c_mul_m' depends on axioms: [propext, Classical.choice, Quot.sound]
'AspisV8R19.R252PrivateComplexLinear.c_times_r' depends on axioms: [propext, Classical.choice, Quot.sound]
	Command being timed: "/home/dombarker/.elan/bin/lake --dir /home/dombarker/project-offloads/aspis-r126-release-20260930-a/focus-workspace env lean -j1 -M4500 -R /home/dombarker/project-offloads/aspis-r57-lean-src-20260929-a -o /home/dombarker/project-offloads/aspis-r126-release-20260930-a/lib/AspisV8R19/R252PrivateComplexLinear.olean /home/dombarker/project-offloads/aspis-r57-lean-src-20260929-a/AspisV8R19/R252PrivateComplexLinear.lean"
	User time (seconds): 1.20
	System time (seconds): 0.35
	Percent of CPU this job got: 100%
	Elapsed (wall clock) time (h:mm:ss or m:ss): 0:01.55
	Average shared text size (kbytes): 0
	Average unshared data size (kbytes): 0
	Average stack size (kbytes): 0
	Average total size (kbytes): 0
	Maximum resident set size (kbytes): 3714908
	Average resident set size (kbytes): 0
	Major (requiring I/O) page faults: 0
	Minor (reclaiming a frame) page faults: 86296
	Voluntary context switches: 832
	Involuntary context switches: 67
	Swaps: 0
	File system inputs: 0
	File system outputs: 224
	Socket messages sent: 0
	Socket messages received: 0
	Signals delivered: 0
	Page size (bytes): 4096
	Exit status: 0
Finished with result: success
Main processes terminated with: code=exited/status=0
Service runtime: 1.581s
CPU time consumed: 1.585s
Memory peak: 332.0K
Memory swap peak: 0B
