Running as unit: run-u2513.service; invocation ID: 94c084ac14b94d70938fd3d91d639814
'AspisV8Completion.SelectedRecompositionRustShaped.rustReconstruct10_eq_sum' depends on axioms: [propext,
 Classical.choice,
 Quot.sound]
'AspisV8Completion.SelectedRecompositionRustShaped.rustReconstruct10_eq_reverseHorner10' depends on axioms: [propext,
 Classical.choice,
 Quot.sound]
'AspisV8Completion.SelectedRecompositionRustShaped.liftBase_1024' depends on axioms: [propext,
 Classical.choice,
 Quot.sound]
'AspisV8Completion.SelectedRecompositionRustShaped.liftBase_1048576' depends on axioms: [propext,
 Classical.choice,
 Quot.sound]
'AspisV8Completion.SelectedRecompositionRustShaped.rustRangeSelector_mle' depends on axioms: [propext,
 Classical.choice,
 Quot.sound]
'AspisV8Completion.SelectedRecompositionRustShaped.rustRecomposition_eq_sourceValue' depends on axioms: [propext,
 Classical.choice,
 Quot.sound]
	Command being timed: "/home/dombarker/.elan/bin/lean -o SelectedRecompositionRustShaped.olean SelectedRecompositionRustShaped.lean"
	User time (seconds): 2.54
	System time (seconds): 0.91
	Percent of CPU this job got: 100%
	Elapsed (wall clock) time (h:mm:ss or m:ss): 0:03.44
	Average shared text size (kbytes): 0
	Average unshared data size (kbytes): 0
	Average stack size (kbytes): 0
	Average total size (kbytes): 0
	Maximum resident set size (kbytes): 6610272
	Average resident set size (kbytes): 0
	Major (requiring I/O) page faults: 0
	Minor (reclaiming a frame) page faults: 141863
	Voluntary context switches: 1350
	Involuntary context switches: 126
	Swaps: 0
	File system inputs: 8
	File system outputs: 712
	Socket messages sent: 0
	Socket messages received: 0
	Signals delivered: 0
	Page size (bytes): 4096
	Exit status: 0
Finished with result: success
Main processes terminated with: code=exited/status=0
Service runtime: 3.805s
CPU time consumed: 3.841s
Memory peak: 512.0K
Memory swap peak: 0B
