info: r58_focused: no previous manifest, creating one from scratch
info: toolchain not updated; already up-to-date
/home/dombarker/project-offloads/aspis-r57-lean-src-20260929-a/AspisV8R19/TagBase.lean:16:20: warning: try 'simp' instead of 'simpa'

Note: This linter can be disabled with `set_option linter.unnecessarySimpa false`
'AspisV8R19.TagBase.shift_endpoint' depends on axioms: [propext]
'AspisV8R19.TagBase.shift_sum' depends on axioms: [propext, Quot.sound]
'AspisV8R19.TagBase.tag_subtraction' depends on axioms: [propext, Quot.sound]
'AspisV8R19.TagBase.product_bound' depends on axioms: [propext, Quot.sound]
'AspisV8R19.TagBase.sum_bound' depends on axioms: [propext, Quot.sound]
'AspisV8R19.TagBase.accumulator_fits' depends on axioms: [propext, Classical.choice, Quot.sound]
'AspisV8R19.TagBase.every_prefix_fits' depends on axioms: [propext, Classical.choice, Quot.sound]
'AspisV8R19.TagBase.delayed_reduction' depends on axioms: [propext]
	Command being timed: "/home/dombarker/.elan/bin/lake env lean -R /home/dombarker/project-offloads/aspis-r57-lean-src-20260929-a -o /home/dombarker/project-offloads/aspis-r58-lean-20260929-a/lib/AspisV8R19/TagBase.olean /home/dombarker/project-offloads/aspis-r57-lean-src-20260929-a/AspisV8R19/TagBase.lean"
	User time (seconds): 1.16
	System time (seconds): 0.44
	Percent of CPU this job got: 111%
	Elapsed (wall clock) time (h:mm:ss or m:ss): 0:01.44
	Average shared text size (kbytes): 0
	Average unshared data size (kbytes): 0
	Average stack size (kbytes): 0
	Average total size (kbytes): 0
	Maximum resident set size (kbytes): 3260416
	Average resident set size (kbytes): 0
	Major (requiring I/O) page faults: 0
	Minor (reclaiming a frame) page faults: 76925
	Voluntary context switches: 2168
	Involuntary context switches: 76
	Swaps: 0
	File system inputs: 0
	File system outputs: 360
	Socket messages sent: 0
	Socket messages received: 0
	Signals delivered: 0
	Page size (bytes): 4096
	Exit status: 0
