Warning: Permanently added '100.108.41.90' (ED25519) to the list of known hosts.
Running as unit: aspis-focus-1791155564405913000-6b7b6a55788d.service; invocation ID: 99e33958deca4a4b808e49a34c43f1dc
/home/dombarker/project-offloads/aspis-r57-lean-src-20260929-a/AspisV8R19/R807SourceBlock02Binding.lean:28:32: error(lean.unknownIdentifier): Unknown identifier `halfSelected`
/home/dombarker/project-offloads/aspis-r57-lean-src-20260929-a/AspisV8R19/R807SourceBlock02Binding.lean:28:45: error(lean.unknownIdentifier): Unknown identifier `quarterSelected`
/home/dombarker/project-offloads/aspis-r57-lean-src-20260929-a/AspisV8R19/R807SourceBlock02Binding.lean:28:61: error(lean.unknownIdentifier): Unknown identifier `alphaSelected`
/home/dombarker/project-offloads/aspis-r57-lean-src-20260929-a/AspisV8R19/R807SourceBlock02Binding.lean:28:75: error(lean.unknownIdentifier): Unknown identifier `uSelected`
/home/dombarker/project-offloads/aspis-r57-lean-src-20260929-a/AspisV8R19/R807SourceBlock02Binding.lean:28:85: error(lean.unknownIdentifier): Unknown identifier `vSelected`
/home/dombarker/project-offloads/aspis-r57-lean-src-20260929-a/AspisV8R19/R807SourceBlock02Binding.lean:29:6: error(lean.unknownIdentifier): Unknown identifier `kappaSelected`
/home/dombarker/project-offloads/aspis-r57-lean-src-20260929-a/AspisV8R19/R807SourceBlock02Binding.lean:29:20: error(lean.unknownIdentifier): Unknown identifier `tauSelected`
/home/dombarker/project-offloads/aspis-r57-lean-src-20260929-a/AspisV8R19/R807SourceBlock02Binding.lean:28:4: error: (deterministic) timeout at `whnf`, maximum number of heartbeats (800000) has been reached

Note: Use `set_option maxHeartbeats <num>` to set the limit.

Hint: Additional diagnostic information may be available using the `set_option diagnostics true` command.
/home/dombarker/project-offloads/aspis-r57-lean-src-20260929-a/AspisV8R19/R807SourceBlock02Binding.lean:25:0: error: (deterministic) timeout at `whnf`, maximum number of heartbeats (800000) has been reached

Note: Use `set_option maxHeartbeats <num>` to set the limit.

Hint: Additional diagnostic information may be available using the `set_option diagnostics true` command.
'AspisV8R19.R807SourceBlock02Binding.source_block02_eq_certificate' does not depend on any axioms
Command exited with non-zero status 1
	Command being timed: "/home/dombarker/.elan/bin/lake --dir /home/dombarker/project-offloads/aspis-r126-release-20260930-a/focus-workspace env lean -j1 -M4500 -R /home/dombarker/project-offloads/aspis-r57-lean-src-20260929-a -o /home/dombarker/project-offloads/aspis-r126-release-20260930-a/lib/AspisV8R19/R807SourceBlock02Binding.olean /home/dombarker/project-offloads/aspis-r57-lean-src-20260929-a/AspisV8R19/R807SourceBlock02Binding.lean"
	User time (seconds): 66.70
	System time (seconds): 0.36
	Percent of CPU this job got: 99%
	Elapsed (wall clock) time (h:mm:ss or m:ss): 1:07.07
	Average shared text size (kbytes): 0
	Average unshared data size (kbytes): 0
	Average stack size (kbytes): 0
	Average total size (kbytes): 0
	Maximum resident set size (kbytes): 3329136
	Average resident set size (kbytes): 0
	Major (requiring I/O) page faults: 0
	Minor (reclaiming a frame) page faults: 80157
	Voluntary context switches: 209
	Involuntary context switches: 396
	Swaps: 0
	File system inputs: 0
	File system outputs: 0
	Socket messages sent: 0
	Socket messages received: 0
	Signals delivered: 0
	Page size (bytes): 4096
	Exit status: 1
Finished with result: exit-code
Main processes terminated with: code=exited/status=1
Service runtime: 1min 7.103s
CPU time consumed: 1min 7.093s
Memory peak: 256.0K
Memory swap peak: 0B
