   Compiling aspis-core v0.0.0 (/home/dombarker/project-offloads/aspis-r65-extracted-20260929-a/source)
    Finished `release` profile [optimized] target(s) in 0.96s
	Command being timed: "/home/dombarker/project-offloads/ZK-v5-formal/toolchains/charon/bin/charon cargo --preset aeneas --mir built --sysroot default --start-from crate::complex_inverse_probe --dest-file /home/dombarker/project-offloads/aspis-r65-extracted-20260929-a/R65Field.llbc -- --locked --offline --release --lib --no-default-features"
	User time (seconds): 0.91
	System time (seconds): 0.11
	Percent of CPU this job got: 100%
	Elapsed (wall clock) time (h:mm:ss or m:ss): 0:01.02
	Average shared text size (kbytes): 0
	Average unshared data size (kbytes): 0
	Average stack size (kbytes): 0
	Average total size (kbytes): 0
	Maximum resident set size (kbytes): 219272
	Average resident set size (kbytes): 0
	Major (requiring I/O) page faults: 1
	Minor (reclaiming a frame) page faults: 47755
	Voluntary context switches: 340
	Involuntary context switches: 42
	Swaps: 0
	File system inputs: 64
	File system outputs: 4736
	Socket messages sent: 0
	Socket messages received: 0
	Signals delivered: 0
	Page size (bytes): 4096
	Exit status: 0
