[[92mInfo[39m ] Imported: /home/dombarker/project-offloads/aspis-r65-extracted-20260929-a/R65Field.llbc
[[92mInfo[39m ] Creating missing directory: /home/dombarker/project-offloads/aspis-r65-extracted-20260929-a/generated/AspisR65Field
[[92mInfo[39m ] Generated: /home/dombarker/project-offloads/aspis-r65-extracted-20260929-a/generated/AspisR65Field/Types.lean
[[92mInfo[39m ] Generated: /home/dombarker/project-offloads/aspis-r65-extracted-20260929-a/generated/AspisR65Field/Funs.lean
[[92mInfo[39m ] Generated: /home/dombarker/project-offloads/aspis-r65-extracted-20260929-a/generated/translation.json
[[92mInfo[39m ] Total execution time: 0.272004 seconds
	Command being timed: "/home/dombarker/project-offloads/aspis-v7-aeneas-source-unblock-20260830/aeneas-repro-r1 -sequential -no-progress-bar -abort-on-error -backend lean -namespace AspisR65Field -dest /home/dombarker/project-offloads/aspis-r65-extracted-20260929-a/generated -subdir AspisR65Field -split-files -emit-json /home/dombarker/project-offloads/aspis-r65-extracted-20260929-a/R65Field.llbc"
	User time (seconds): 0.34
	System time (seconds): 0.01
	Percent of CPU this job got: 100%
	Elapsed (wall clock) time (h:mm:ss or m:ss): 0:00.35
	Average shared text size (kbytes): 0
	Average unshared data size (kbytes): 0
	Average stack size (kbytes): 0
	Average total size (kbytes): 0
	Maximum resident set size (kbytes): 69168
	Average resident set size (kbytes): 0
	Major (requiring I/O) page faults: 0
	Minor (reclaiming a frame) page faults: 11673
	Voluntary context switches: 1
	Involuntary context switches: 4
	Swaps: 0
	File system inputs: 0
	File system outputs: 48
	Socket messages sent: 0
	Socket messages received: 0
	Signals delivered: 0
	Page size (bytes): 4096
	Exit status: 0
