Warning: Permanently added '100.108.41.90' (ED25519) to the list of known hosts.
Running as unit: aspis-focus-1791104687631199000.service; invocation ID: 15e2972f091a44a1b3210e9d32b3c654
/home/dombarker/project-offloads/aspis-r57-lean-src-20260929-a/AspisV8R19/R616MixedLimbExecution.lean:194:2: warning: 'change (U64.wrapping_mul (UScalar.cast .U64 a) (UScalar.cast .U64 b)).val = _' tactic does nothing

Note: This linter can be disabled with `set_option linter.unusedTactic false`
/home/dombarker/project-offloads/aspis-r57-lean-src-20260929-a/AspisV8R19/R616MixedLimbExecution.lean:233:2: warning: try 'simp' instead of 'simpa'

Note: This linter can be disabled with `set_option linter.unnecessarySimpa false`
'AspisV8R19.R616MixedLimbExecution.fourProducts_lt_u64' depends on axioms: [propext, Classical.choice, Quot.sound]
'AspisV8R19.R616MixedLimbExecution.tenPartialChunks_fit' depends on axioms: [propext, Classical.choice, Quot.sound]
'AspisV8R19.R616MixedLimbExecution.partialChunks_mod' depends on axioms: [propext]
'AspisV8R19.R616MixedLimbExecution.mixedC2Index_lt48' depends on axioms: [propext, Quot.sound]
'AspisV8R19.R616MixedLimbExecution.limbIndex_lt4' does not depend on any axioms
'AspisV8R19.R616MixedLimbExecution.canonicalProduct_lt' depends on axioms: [propext, Classical.choice, Quot.sound]
'AspisV8R19.R616MixedLimbExecution.selected_reduce_u64_eq_frozen' depends on axioms: [propext,
 Classical.choice,
 Quot.sound]
'AspisV8R19.R616MixedLimbExecution.selected_m31_reduce_u64_eq_frozen' depends on axioms: [propext,
 Classical.choice,
 Quot.sound]
'AspisV8R19.R616MixedLimbExecution.selected_m31_reduce_u64_success' depends on axioms: [propext,
 Classical.choice,
 Quot.sound]
'AspisV8R19.R616MixedLimbExecution.selected_from_u32_eq_cast' does not depend on any axioms
'AspisV8R19.R616MixedLimbExecution.selected_u32_mul64_val' depends on axioms: [propext, Classical.choice, Quot.sound]
'AspisV8R19.R616MixedLimbExecution.selected_two_products_val' depends on axioms: [propext, Classical.choice, Quot.sound]
'AspisV8R19.R616MixedLimbExecution.selected_from_prime' depends on axioms: [propext, Classical.choice, Quot.sound]
'AspisV8R19.R616MixedLimbExecution.selected_reduce_chunk_eq_fold' depends on axioms: [propext,
 Classical.choice,
 Quot.sound]
'AspisV8R19.R616MixedLimbExecution.selected_reduce_chunk_success' depends on axioms: [propext,
 Classical.choice,
 Quot.sound]
'AspisV8R19.R616MixedLimbExecution.selected_chunk_residue' depends on axioms: [propext, Classical.choice, Quot.sound]
	Command being timed: "/home/dombarker/.elan/bin/lake --dir /home/dombarker/project-offloads/aspis-r126-release-20260930-a/focus-workspace env lean -j1 -M4500 -R /home/dombarker/project-offloads/aspis-r57-lean-src-20260929-a -o /home/dombarker/project-offloads/aspis-r126-release-20260930-a/lib/AspisV8R19/R616MixedLimbExecution.olean /home/dombarker/project-offloads/aspis-r57-lean-src-20260929-a/AspisV8R19/R616MixedLimbExecution.lean"
	User time (seconds): 1.36
	System time (seconds): 0.39
	Percent of CPU this job got: 100%
	Elapsed (wall clock) time (h:mm:ss or m:ss): 0:01.75
	Average shared text size (kbytes): 0
	Average unshared data size (kbytes): 0
	Average stack size (kbytes): 0
	Average total size (kbytes): 0
	Maximum resident set size (kbytes): 3761272
	Average resident set size (kbytes): 0
	Major (requiring I/O) page faults: 0
	Minor (reclaiming a frame) page faults: 86511
	Voluntary context switches: 1259
	Involuntary context switches: 67
	Swaps: 0
	File system inputs: 0
	File system outputs: 512
	Socket messages sent: 0
	Socket messages received: 0
	Signals delivered: 0
	Page size (bytes): 4096
	Exit status: 0
Finished with result: success
Main processes terminated with: code=exited/status=0
Service runtime: 1.788s
CPU time consumed: 1.794s
Memory peak: 512.0K
Memory swap peak: 0B
