Warning: Permanently added '100.108.41.90' (ED25519) to the list of known hosts.
Running as unit: aspis-focus-1791155499956474000-5e8a8d703adc.service; invocation ID: 91a9aadc076d40b983967cf4c0ccee97
'AspisV8R19.R780Point02WeightSharedChunk13.hpos_leaf_920' depends on axioms: [propext, Classical.choice, Quot.sound]
'AspisV8R19.R780Point02WeightSharedChunk13.w0_leaf_920' depends on axioms: [propext, Classical.choice, Quot.sound]
'AspisV8R19.R780Point02WeightSharedChunk13.w2_leaf_920' depends on axioms: [propext, Classical.choice, Quot.sound]
'AspisV8R19.R780Point02WeightSharedChunk13.hpos_leaf_921' depends on axioms: [propext, Classical.choice, Quot.sound]
'AspisV8R19.R780Point02WeightSharedChunk13.w0_leaf_921' depends on axioms: [propext, Classical.choice, Quot.sound]
'AspisV8R19.R780Point02WeightSharedChunk13.w2_leaf_921' depends on axioms: [propext, Classical.choice, Quot.sound]
'AspisV8R19.R780Point02WeightSharedChunk13.hpos_leaf_922' depends on axioms: [propext, Classical.choice, Quot.sound]
'AspisV8R19.R780Point02WeightSharedChunk13.w0_leaf_922' depends on axioms: [propext, Classical.choice, Quot.sound]
'AspisV8R19.R780Point02WeightSharedChunk13.w2_leaf_922' depends on axioms: [propext, Classical.choice, Quot.sound]
'AspisV8R19.R780Point02WeightSharedChunk13.hpos_leaf_923' depends on axioms: [propext, Classical.choice, Quot.sound]
'AspisV8R19.R780Point02WeightSharedChunk13.w0_leaf_923' depends on axioms: [propext, Classical.choice, Quot.sound]
'AspisV8R19.R780Point02WeightSharedChunk13.w2_leaf_923' depends on axioms: [propext, Classical.choice, Quot.sound]
'AspisV8R19.R780Point02WeightSharedChunk13.hpos_leaf_924' depends on axioms: [propext, Classical.choice, Quot.sound]
'AspisV8R19.R780Point02WeightSharedChunk13.w0_leaf_924' depends on axioms: [propext, Classical.choice, Quot.sound]
'AspisV8R19.R780Point02WeightSharedChunk13.w2_leaf_924' depends on axioms: [propext, Classical.choice, Quot.sound]
'AspisV8R19.R780Point02WeightSharedChunk13.hpos_leaf_925' depends on axioms: [propext, Classical.choice, Quot.sound]
'AspisV8R19.R780Point02WeightSharedChunk13.w0_leaf_925' depends on axioms: [propext, Classical.choice, Quot.sound]
'AspisV8R19.R780Point02WeightSharedChunk13.w2_leaf_925' depends on axioms: [propext, Classical.choice, Quot.sound]
'AspisV8R19.R780Point02WeightSharedChunk13.hpos_leaf_926' depends on axioms: [propext, Classical.choice, Quot.sound]
'AspisV8R19.R780Point02WeightSharedChunk13.w0_leaf_926' depends on axioms: [propext, Classical.choice, Quot.sound]
'AspisV8R19.R780Point02WeightSharedChunk13.w2_leaf_926' depends on axioms: [propext, Classical.choice, Quot.sound]
'AspisV8R19.R780Point02WeightSharedChunk13.hpos_leaf_927' depends on axioms: [propext, Classical.choice, Quot.sound]
'AspisV8R19.R780Point02WeightSharedChunk13.w0_leaf_927' depends on axioms: [propext, Classical.choice, Quot.sound]
'AspisV8R19.R780Point02WeightSharedChunk13.w2_leaf_927' depends on axioms: [propext, Classical.choice, Quot.sound]
'AspisV8R19.R780Point02WeightSharedChunk13.hpos_leaf_928' depends on axioms: [propext, Classical.choice, Quot.sound]
'AspisV8R19.R780Point02WeightSharedChunk13.w0_leaf_928' depends on axioms: [propext, Classical.choice, Quot.sound]
'AspisV8R19.R780Point02WeightSharedChunk13.w2_leaf_928' depends on axioms: [propext, Classical.choice, Quot.sound]
'AspisV8R19.R780Point02WeightSharedChunk13.hpos_leaf_929' depends on axioms: [propext, Classical.choice, Quot.sound]
'AspisV8R19.R780Point02WeightSharedChunk13.w0_leaf_929' depends on axioms: [propext, Classical.choice, Quot.sound]
'AspisV8R19.R780Point02WeightSharedChunk13.w2_leaf_929' depends on axioms: [propext, Classical.choice, Quot.sound]
'AspisV8R19.R780Point02WeightSharedChunk13.hpos_leaf_930' depends on axioms: [propext, Classical.choice, Quot.sound]
'AspisV8R19.R780Point02WeightSharedChunk13.w0_leaf_930' depends on axioms: [propext, Classical.choice, Quot.sound]
'AspisV8R19.R780Point02WeightSharedChunk13.w2_leaf_930' depends on axioms: [propext, Classical.choice, Quot.sound]
'AspisV8R19.R780Point02WeightSharedChunk13.hpos_leaf_931' depends on axioms: [propext, Classical.choice, Quot.sound]
'AspisV8R19.R780Point02WeightSharedChunk13.w0_leaf_931' depends on axioms: [propext, Classical.choice, Quot.sound]
'AspisV8R19.R780Point02WeightSharedChunk13.w2_leaf_931' depends on axioms: [propext, Classical.choice, Quot.sound]
'AspisV8R19.R780Point02WeightSharedChunk13.hpos_leaf_932' depends on axioms: [propext, Classical.choice, Quot.sound]
'AspisV8R19.R780Point02WeightSharedChunk13.w0_leaf_932' depends on axioms: [propext, Classical.choice, Quot.sound]
'AspisV8R19.R780Point02WeightSharedChunk13.w2_leaf_932' depends on axioms: [propext, Classical.choice, Quot.sound]
'AspisV8R19.R780Point02WeightSharedChunk13.hpos_leaf_933' depends on axioms: [propext, Classical.choice, Quot.sound]
'AspisV8R19.R780Point02WeightSharedChunk13.w0_leaf_933' depends on axioms: [propext, Classical.choice, Quot.sound]
'AspisV8R19.R780Point02WeightSharedChunk13.w2_leaf_933' depends on axioms: [propext, Classical.choice, Quot.sound]
'AspisV8R19.R780Point02WeightSharedChunk13.hpos_leaf_934' depends on axioms: [propext, Classical.choice, Quot.sound]
'AspisV8R19.R780Point02WeightSharedChunk13.w0_leaf_934' depends on axioms: [propext, Classical.choice, Quot.sound]
'AspisV8R19.R780Point02WeightSharedChunk13.w2_leaf_934' depends on axioms: [propext, Classical.choice, Quot.sound]
'AspisV8R19.R780Point02WeightSharedChunk13.hpos_leaf_935' depends on axioms: [propext, Classical.choice, Quot.sound]
'AspisV8R19.R780Point02WeightSharedChunk13.w0_leaf_935' depends on axioms: [propext, Classical.choice, Quot.sound]
'AspisV8R19.R780Point02WeightSharedChunk13.w2_leaf_935' depends on axioms: [propext, Classical.choice, Quot.sound]
'AspisV8R19.R780Point02WeightSharedChunk13.hpos_leaf_936' depends on axioms: [propext, Classical.choice, Quot.sound]
'AspisV8R19.R780Point02WeightSharedChunk13.w0_leaf_936' depends on axioms: [propext, Classical.choice, Quot.sound]
'AspisV8R19.R780Point02WeightSharedChunk13.w2_leaf_936' depends on axioms: [propext, Classical.choice, Quot.sound]
'AspisV8R19.R780Point02WeightSharedChunk13.hpos_leaf_937' depends on axioms: [propext, Classical.choice, Quot.sound]
'AspisV8R19.R780Point02WeightSharedChunk13.w0_leaf_937' depends on axioms: [propext, Classical.choice, Quot.sound]
'AspisV8R19.R780Point02WeightSharedChunk13.w2_leaf_937' depends on axioms: [propext, Classical.choice, Quot.sound]
'AspisV8R19.R780Point02WeightSharedChunk13.hpos_leaf_938' depends on axioms: [propext, Classical.choice, Quot.sound]
'AspisV8R19.R780Point02WeightSharedChunk13.w0_leaf_938' depends on axioms: [propext, Classical.choice, Quot.sound]
'AspisV8R19.R780Point02WeightSharedChunk13.w2_leaf_938' depends on axioms: [propext, Classical.choice, Quot.sound]
'AspisV8R19.R780Point02WeightSharedChunk13.hpos_leaf_939' depends on axioms: [propext, Classical.choice, Quot.sound]
'AspisV8R19.R780Point02WeightSharedChunk13.w0_leaf_939' depends on axioms: [propext, Classical.choice, Quot.sound]
'AspisV8R19.R780Point02WeightSharedChunk13.w2_leaf_939' depends on axioms: [propext, Classical.choice, Quot.sound]
'AspisV8R19.R780Point02WeightSharedChunk13.hpos_leaf_940' depends on axioms: [propext, Classical.choice, Quot.sound]
'AspisV8R19.R780Point02WeightSharedChunk13.w0_leaf_940' depends on axioms: [propext, Classical.choice, Quot.sound]
'AspisV8R19.R780Point02WeightSharedChunk13.w2_leaf_940' depends on axioms: [propext, Classical.choice, Quot.sound]
'AspisV8R19.R780Point02WeightSharedChunk13.hpos_leaf_941' depends on axioms: [propext, Classical.choice, Quot.sound]
'AspisV8R19.R780Point02WeightSharedChunk13.w0_leaf_941' depends on axioms: [propext, Classical.choice, Quot.sound]
'AspisV8R19.R780Point02WeightSharedChunk13.w2_leaf_941' depends on axioms: [propext, Classical.choice, Quot.sound]
'AspisV8R19.R780Point02WeightSharedChunk13.hpos_leaf_942' depends on axioms: [propext, Classical.choice, Quot.sound]
'AspisV8R19.R780Point02WeightSharedChunk13.w0_leaf_942' depends on axioms: [propext, Classical.choice, Quot.sound]
'AspisV8R19.R780Point02WeightSharedChunk13.w2_leaf_942' depends on axioms: [propext, Classical.choice, Quot.sound]
'AspisV8R19.R780Point02WeightSharedChunk13.hpos_leaf_943' depends on axioms: [propext, Classical.choice, Quot.sound]
'AspisV8R19.R780Point02WeightSharedChunk13.w0_leaf_943' depends on axioms: [propext, Classical.choice, Quot.sound]
'AspisV8R19.R780Point02WeightSharedChunk13.w2_leaf_943' depends on axioms: [propext, Classical.choice, Quot.sound]
'AspisV8R19.R780Point02WeightSharedChunk13.hpos_leaf_944' depends on axioms: [propext, Classical.choice, Quot.sound]
'AspisV8R19.R780Point02WeightSharedChunk13.w0_leaf_944' depends on axioms: [propext, Classical.choice, Quot.sound]
'AspisV8R19.R780Point02WeightSharedChunk13.w2_leaf_944' depends on axioms: [propext, Classical.choice, Quot.sound]
'AspisV8R19.R780Point02WeightSharedChunk13.hpos_leaf_945' depends on axioms: [propext, Classical.choice, Quot.sound]
'AspisV8R19.R780Point02WeightSharedChunk13.w0_leaf_945' depends on axioms: [propext, Classical.choice, Quot.sound]
'AspisV8R19.R780Point02WeightSharedChunk13.w2_leaf_945' depends on axioms: [propext, Classical.choice, Quot.sound]
'AspisV8R19.R780Point02WeightSharedChunk13.hpos_leaf_946' depends on axioms: [propext, Classical.choice, Quot.sound]
'AspisV8R19.R780Point02WeightSharedChunk13.w0_leaf_946' depends on axioms: [propext, Classical.choice, Quot.sound]
'AspisV8R19.R780Point02WeightSharedChunk13.w2_leaf_946' depends on axioms: [propext, Classical.choice, Quot.sound]
'AspisV8R19.R780Point02WeightSharedChunk13.hpos_leaf_947' depends on axioms: [propext, Classical.choice, Quot.sound]
'AspisV8R19.R780Point02WeightSharedChunk13.w0_leaf_947' depends on axioms: [propext, Classical.choice, Quot.sound]
'AspisV8R19.R780Point02WeightSharedChunk13.w2_leaf_947' depends on axioms: [propext, Classical.choice, Quot.sound]
'AspisV8R19.R780Point02WeightSharedChunk13.hpos_leaf_948' depends on axioms: [propext, Classical.choice, Quot.sound]
'AspisV8R19.R780Point02WeightSharedChunk13.w0_leaf_948' depends on axioms: [propext, Classical.choice, Quot.sound]
'AspisV8R19.R780Point02WeightSharedChunk13.w2_leaf_948' depends on axioms: [propext, Classical.choice, Quot.sound]
'AspisV8R19.R780Point02WeightSharedChunk13.hpos_leaf_949' depends on axioms: [propext, Classical.choice, Quot.sound]
'AspisV8R19.R780Point02WeightSharedChunk13.w0_leaf_949' depends on axioms: [propext, Classical.choice, Quot.sound]
'AspisV8R19.R780Point02WeightSharedChunk13.w2_leaf_949' depends on axioms: [propext, Classical.choice, Quot.sound]
'AspisV8R19.R780Point02WeightSharedChunk13.hpos_leaf_950' depends on axioms: [propext, Classical.choice, Quot.sound]
'AspisV8R19.R780Point02WeightSharedChunk13.w0_leaf_950' depends on axioms: [propext, Classical.choice, Quot.sound]
'AspisV8R19.R780Point02WeightSharedChunk13.w2_leaf_950' depends on axioms: [propext, Classical.choice, Quot.sound]
'AspisV8R19.R780Point02WeightSharedChunk13.hpos_leaf_951' depends on axioms: [propext, Classical.choice, Quot.sound]
'AspisV8R19.R780Point02WeightSharedChunk13.w0_leaf_951' depends on axioms: [propext, Classical.choice, Quot.sound]
'AspisV8R19.R780Point02WeightSharedChunk13.w2_leaf_951' depends on axioms: [propext, Classical.choice, Quot.sound]
	Command being timed: "/home/dombarker/.elan/bin/lake --dir /home/dombarker/project-offloads/aspis-r126-release-20260930-a/focus-workspace env lean -j1 -M4500 -R /home/dombarker/project-offloads/aspis-r57-lean-src-20260929-a -o /home/dombarker/project-offloads/aspis-r126-release-20260930-a/lib/AspisV8R19/R780Point02WeightSharedChunk13.olean /home/dombarker/project-offloads/aspis-r57-lean-src-20260929-a/AspisV8R19/R780Point02WeightSharedChunk13.lean"
	User time (seconds): 2.44
	System time (seconds): 0.34
	Percent of CPU this job got: 101%
	Elapsed (wall clock) time (h:mm:ss or m:ss): 0:02.73
	Average shared text size (kbytes): 0
	Average unshared data size (kbytes): 0
	Average stack size (kbytes): 0
	Average total size (kbytes): 0
	Maximum resident set size (kbytes): 3320712
	Average resident set size (kbytes): 0
	Major (requiring I/O) page faults: 0
	Minor (reclaiming a frame) page faults: 79636
	Voluntary context switches: 4008
	Involuntary context switches: 87
	Swaps: 0
	File system inputs: 0
	File system outputs: 312
	Socket messages sent: 0
	Socket messages received: 0
	Signals delivered: 0
	Page size (bytes): 4096
	Exit status: 0
Finished with result: success
Main processes terminated with: code=exited/status=0
Service runtime: 2.763s
CPU time consumed: 2.816s
Memory peak: 328.0K
Memory swap peak: 0B
