Warning: Permanently added '100.108.41.90' (ED25519) to the list of known hosts.
Running as unit: aspis-focus-1791156018957711000-fcd68d734c16.service; invocation ID: c32d3ad1f57844508defd47a9780a49f
/home/dombarker/project-offloads/aspis-r57-lean-src-20260929-a/AspisV8R19/R780Point02WeightChunk52P2.lean:58:43: warning: This simp argument is unused:
  ↓reduceIte

Hint: Omit it from the simp argument list.
  simp only [Nat.reduceMod, Nat.reduceDiv,̵ ̵↓̵r̵e̵d̵u̵c̵e̵I̵t̵e̵]

Note: This linter can be disabled with `set_option linter.unusedSimpArgs false`
'AspisV8R19.R780Point02WeightChunk52P2.pw2_0985' depends on axioms: [propext, Classical.choice, Quot.sound]
'AspisV8R19.R780Point02WeightChunk52P2.pw2_0986' depends on axioms: [propext, Classical.choice, Quot.sound]
'AspisV8R19.R780Point02WeightChunk52P2.pw2_0988' depends on axioms: [propext, Classical.choice, Quot.sound]
/home/dombarker/project-offloads/aspis-r57-lean-src-20260929-a/AspisV8R19/R780Point02WeightChunk52P2.lean:101:43: warning: This simp argument is unused:
  ↓reduceIte

Hint: Omit it from the simp argument list.
  simp only [Nat.reduceMod, Nat.reduceDiv,̵ ̵↓̵r̵e̵d̵u̵c̵e̵I̵t̵e̵]

Note: This linter can be disabled with `set_option linter.unusedSimpArgs false`
'AspisV8R19.R780Point02WeightChunk52P2.pw2_0989' depends on axioms: [propext, Classical.choice, Quot.sound]
'AspisV8R19.R780Point02WeightChunk52P2.pw2_0990' depends on axioms: [propext, Classical.choice, Quot.sound]
'AspisV8R19.R780Point02WeightChunk52P2.pw2_0992' depends on axioms: [propext, Classical.choice, Quot.sound]
/home/dombarker/project-offloads/aspis-r57-lean-src-20260929-a/AspisV8R19/R780Point02WeightChunk52P2.lean:144:43: warning: This simp argument is unused:
  ↓reduceIte

Hint: Omit it from the simp argument list.
  simp only [Nat.reduceMod, Nat.reduceDiv,̵ ̵↓̵r̵e̵d̵u̵c̵e̵I̵t̵e̵]

Note: This linter can be disabled with `set_option linter.unusedSimpArgs false`
'AspisV8R19.R780Point02WeightChunk52P2.pw2_0993' depends on axioms: [propext, Classical.choice, Quot.sound]
'AspisV8R19.R780Point02WeightChunk52P2.pw2_0994' depends on axioms: [propext, Classical.choice, Quot.sound]
	Command being timed: "/home/dombarker/.elan/bin/lake --dir /home/dombarker/project-offloads/aspis-r126-release-20260930-a/focus-workspace env lean -j1 -M4500 -R /home/dombarker/project-offloads/aspis-r57-lean-src-20260929-a -o /home/dombarker/project-offloads/aspis-r126-release-20260930-a/lib/AspisV8R19/R780Point02WeightChunk52P2.olean /home/dombarker/project-offloads/aspis-r57-lean-src-20260929-a/AspisV8R19/R780Point02WeightChunk52P2.lean"
	User time (seconds): 21.83
	System time (seconds): 0.78
	Percent of CPU this job got: 100%
	Elapsed (wall clock) time (h:mm:ss or m:ss): 0:22.61
	Average shared text size (kbytes): 0
	Average unshared data size (kbytes): 0
	Average stack size (kbytes): 0
	Average total size (kbytes): 0
	Maximum resident set size (kbytes): 3607676
	Average resident set size (kbytes): 0
	Major (requiring I/O) page faults: 0
	Minor (reclaiming a frame) page faults: 330610
	Voluntary context switches: 984
	Involuntary context switches: 255
	Swaps: 0
	File system inputs: 0
	File system outputs: 384
	Socket messages sent: 0
	Socket messages received: 0
	Signals delivered: 0
	Page size (bytes): 4096
	Exit status: 0
Finished with result: success
Main processes terminated with: code=exited/status=0
Service runtime: 22.640s
CPU time consumed: 22.647s
Memory peak: 512.0K
Memory swap peak: 0B
