Warning: Permanently added '100.108.41.90' (ED25519) to the list of known hosts.
Running as unit: aspis-focus-1791155125074535000-0eec178c8b7b.service; invocation ID: 311dd36bf6f1486e8cf3987740e2c700
'AspisV8R19.R780Point02WeightChunk41P0.pw0_0634' depends on axioms: [propext, Classical.choice, Quot.sound]
'AspisV8R19.R780Point02WeightChunk41P0.pw0_0636' depends on axioms: [propext, Classical.choice, Quot.sound]
/home/dombarker/project-offloads/aspis-r57-lean-src-20260929-a/AspisV8R19/R780Point02WeightChunk41P0.lean:86:43: warning: This simp argument is unused:
  ↓reduceIte

Hint: Omit it from the simp argument list.
  simp only [Nat.reduceMod, Nat.reduceDiv,̵ ̵↓̵r̵e̵d̵u̵c̵e̵I̵t̵e̵]

Note: This linter can be disabled with `set_option linter.unusedSimpArgs false`
'AspisV8R19.R780Point02WeightChunk41P0.pw0_0637' depends on axioms: [propext, Classical.choice, Quot.sound]
'AspisV8R19.R780Point02WeightChunk41P0.pw0_0638' depends on axioms: [propext, Classical.choice, Quot.sound]
/home/dombarker/project-offloads/aspis-r57-lean-src-20260929-a/AspisV8R19/R780Point02WeightChunk41P0.lean:115:43: warning: This simp argument is unused:
  ↓reduceIte

Hint: Omit it from the simp argument list.
  simp only [Nat.reduceMod, Nat.reduceDiv,̵ ̵↓̵r̵e̵d̵u̵c̵e̵I̵t̵e̵]

Note: This linter can be disabled with `set_option linter.unusedSimpArgs false`
'AspisV8R19.R780Point02WeightChunk41P0.pw0_0639' depends on axioms: [propext, Classical.choice, Quot.sound]
'AspisV8R19.R780Point02WeightChunk41P0.pw0_0752' depends on axioms: [propext, Classical.choice, Quot.sound]
/home/dombarker/project-offloads/aspis-r57-lean-src-20260929-a/AspisV8R19/R780Point02WeightChunk41P0.lean:144:43: warning: This simp argument is unused:
  ↓reduceIte

Hint: Omit it from the simp argument list.
  simp only [Nat.reduceMod, Nat.reduceDiv,̵ ̵↓̵r̵e̵d̵u̵c̵e̵I̵t̵e̵]

Note: This linter can be disabled with `set_option linter.unusedSimpArgs false`
'AspisV8R19.R780Point02WeightChunk41P0.pw0_0755' depends on axioms: [propext, Classical.choice, Quot.sound]
'AspisV8R19.R780Point02WeightChunk41P0.pw0_0756' depends on axioms: [propext, Classical.choice, Quot.sound]
	Command being timed: "/home/dombarker/.elan/bin/lake --dir /home/dombarker/project-offloads/aspis-r126-release-20260930-a/focus-workspace env lean -j1 -M4500 -R /home/dombarker/project-offloads/aspis-r57-lean-src-20260929-a -o /home/dombarker/project-offloads/aspis-r126-release-20260930-a/lib/AspisV8R19/R780Point02WeightChunk41P0.olean /home/dombarker/project-offloads/aspis-r57-lean-src-20260929-a/AspisV8R19/R780Point02WeightChunk41P0.lean"
	User time (seconds): 23.36
	System time (seconds): 0.75
	Percent of CPU this job got: 100%
	Elapsed (wall clock) time (h:mm:ss or m:ss): 0:24.11
	Average shared text size (kbytes): 0
	Average unshared data size (kbytes): 0
	Average stack size (kbytes): 0
	Average total size (kbytes): 0
	Maximum resident set size (kbytes): 3589580
	Average resident set size (kbytes): 0
	Major (requiring I/O) page faults: 0
	Minor (reclaiming a frame) page faults: 331221
	Voluntary context switches: 1117
	Involuntary context switches: 255
	Swaps: 0
	File system inputs: 0
	File system outputs: 528
	Socket messages sent: 0
	Socket messages received: 0
	Signals delivered: 0
	Page size (bytes): 4096
	Exit status: 0
Finished with result: success
Main processes terminated with: code=exited/status=0
Service runtime: 24.149s
CPU time consumed: 24.156s
Memory peak: 512.0K
Memory swap peak: 0B
