Warning: Permanently added '100.108.41.90' (ED25519) to the list of known hosts.
Running as unit: aspis-focus-1791155403930254000-8340dd07c50a.service; invocation ID: 033209a8687e4664a488f10ebd65d992
'AspisV8R19.R780Point02WeightChunk44P2.pw2_0892' depends on axioms: [propext, Classical.choice, Quot.sound]
/home/dombarker/project-offloads/aspis-r57-lean-src-20260929-a/AspisV8R19/R780Point02WeightChunk44P2.lean:72:43: warning: This simp argument is unused:
  ↓reduceIte

Hint: Omit it from the simp argument list.
  simp only [Nat.reduceMod, Nat.reduceDiv,̵ ̵↓̵r̵e̵d̵u̵c̵e̵I̵t̵e̵]

Note: This linter can be disabled with `set_option linter.unusedSimpArgs false`
'AspisV8R19.R780Point02WeightChunk44P2.pw2_0893' depends on axioms: [propext, Classical.choice, Quot.sound]
'AspisV8R19.R780Point02WeightChunk44P2.pw2_0894' depends on axioms: [propext, Classical.choice, Quot.sound]
'AspisV8R19.R780Point02WeightChunk44P2.pw2_0900' depends on axioms: [propext, Classical.choice, Quot.sound]
/home/dombarker/project-offloads/aspis-r57-lean-src-20260929-a/AspisV8R19/R780Point02WeightChunk44P2.lean:115:43: warning: This simp argument is unused:
  ↓reduceIte

Hint: Omit it from the simp argument list.
  simp only [Nat.reduceMod, Nat.reduceDiv,̵ ̵↓̵r̵e̵d̵u̵c̵e̵I̵t̵e̵]

Note: This linter can be disabled with `set_option linter.unusedSimpArgs false`
'AspisV8R19.R780Point02WeightChunk44P2.pw2_0901' depends on axioms: [propext, Classical.choice, Quot.sound]
'AspisV8R19.R780Point02WeightChunk44P2.pw2_0902' depends on axioms: [propext, Classical.choice, Quot.sound]
'AspisV8R19.R780Point02WeightChunk44P2.pw2_0904' depends on axioms: [propext, Classical.choice, Quot.sound]
/home/dombarker/project-offloads/aspis-r57-lean-src-20260929-a/AspisV8R19/R780Point02WeightChunk44P2.lean:158:43: warning: This simp argument is unused:
  ↓reduceIte

Hint: Omit it from the simp argument list.
  simp only [Nat.reduceMod, Nat.reduceDiv,̵ ̵↓̵r̵e̵d̵u̵c̵e̵I̵t̵e̵]

Note: This linter can be disabled with `set_option linter.unusedSimpArgs false`
'AspisV8R19.R780Point02WeightChunk44P2.pw2_0905' depends on axioms: [propext, Classical.choice, Quot.sound]
	Command being timed: "/home/dombarker/.elan/bin/lake --dir /home/dombarker/project-offloads/aspis-r126-release-20260930-a/focus-workspace env lean -j1 -M4500 -R /home/dombarker/project-offloads/aspis-r57-lean-src-20260929-a -o /home/dombarker/project-offloads/aspis-r126-release-20260930-a/lib/AspisV8R19/R780Point02WeightChunk44P2.olean /home/dombarker/project-offloads/aspis-r57-lean-src-20260929-a/AspisV8R19/R780Point02WeightChunk44P2.lean"
	User time (seconds): 17.28
	System time (seconds): 0.69
	Percent of CPU this job got: 100%
	Elapsed (wall clock) time (h:mm:ss or m:ss): 0:17.97
	Average shared text size (kbytes): 0
	Average unshared data size (kbytes): 0
	Average stack size (kbytes): 0
	Average total size (kbytes): 0
	Maximum resident set size (kbytes): 3587256
	Average resident set size (kbytes): 0
	Major (requiring I/O) page faults: 0
	Minor (reclaiming a frame) page faults: 297402
	Voluntary context switches: 1069
	Involuntary context switches: 191
	Swaps: 0
	File system inputs: 16
	File system outputs: 424
	Socket messages sent: 0
	Socket messages received: 0
	Signals delivered: 0
	Page size (bytes): 4096
	Exit status: 0
Finished with result: success
Main processes terminated with: code=exited/status=0
Service runtime: 18.008s
CPU time consumed: 18.012s
Memory peak: 288.0K
Memory swap peak: 0B
