Warning: Permanently added '100.108.41.90' (ED25519) to the list of known hosts.
Running as unit: aspis-focus-1791152208013948000-bbaee153f007.service; invocation ID: f9d9f35dbe4f4e20a42665a5d8d48914
'AspisV8R19.R780Point02WeightSharedChunk02.hpos_leaf_143' depends on axioms: [propext, Classical.choice, Quot.sound]
'AspisV8R19.R780Point02WeightSharedChunk02.w0_leaf_143' depends on axioms: [propext, Classical.choice, Quot.sound]
'AspisV8R19.R780Point02WeightSharedChunk02.w2_leaf_143' depends on axioms: [propext, Classical.choice, Quot.sound]
'AspisV8R19.R780Point02WeightSharedChunk02.hpos_leaf_144' depends on axioms: [propext, Classical.choice, Quot.sound]
'AspisV8R19.R780Point02WeightSharedChunk02.w0_leaf_144' depends on axioms: [propext, Classical.choice, Quot.sound]
'AspisV8R19.R780Point02WeightSharedChunk02.w2_leaf_144' depends on axioms: [propext, Classical.choice, Quot.sound]
'AspisV8R19.R780Point02WeightSharedChunk02.hpos_leaf_145' depends on axioms: [propext, Classical.choice, Quot.sound]
'AspisV8R19.R780Point02WeightSharedChunk02.w0_leaf_145' depends on axioms: [propext, Classical.choice, Quot.sound]
'AspisV8R19.R780Point02WeightSharedChunk02.w2_leaf_145' depends on axioms: [propext, Classical.choice, Quot.sound]
'AspisV8R19.R780Point02WeightSharedChunk02.hpos_leaf_146' depends on axioms: [propext, Classical.choice, Quot.sound]
'AspisV8R19.R780Point02WeightSharedChunk02.w0_leaf_146' depends on axioms: [propext, Classical.choice, Quot.sound]
'AspisV8R19.R780Point02WeightSharedChunk02.w2_leaf_146' depends on axioms: [propext, Classical.choice, Quot.sound]
'AspisV8R19.R780Point02WeightSharedChunk02.hpos_leaf_147' depends on axioms: [propext, Classical.choice, Quot.sound]
'AspisV8R19.R780Point02WeightSharedChunk02.w0_leaf_147' depends on axioms: [propext, Classical.choice, Quot.sound]
'AspisV8R19.R780Point02WeightSharedChunk02.w2_leaf_147' depends on axioms: [propext, Classical.choice, Quot.sound]
'AspisV8R19.R780Point02WeightSharedChunk02.hpos_leaf_148' depends on axioms: [propext, Classical.choice, Quot.sound]
'AspisV8R19.R780Point02WeightSharedChunk02.w0_leaf_148' depends on axioms: [propext, Classical.choice, Quot.sound]
'AspisV8R19.R780Point02WeightSharedChunk02.w2_leaf_148' depends on axioms: [propext, Classical.choice, Quot.sound]
'AspisV8R19.R780Point02WeightSharedChunk02.hpos_leaf_149' depends on axioms: [propext, Classical.choice, Quot.sound]
'AspisV8R19.R780Point02WeightSharedChunk02.w0_leaf_149' depends on axioms: [propext, Classical.choice, Quot.sound]
'AspisV8R19.R780Point02WeightSharedChunk02.w2_leaf_149' depends on axioms: [propext, Classical.choice, Quot.sound]
'AspisV8R19.R780Point02WeightSharedChunk02.hpos_leaf_150' depends on axioms: [propext, Classical.choice, Quot.sound]
'AspisV8R19.R780Point02WeightSharedChunk02.w0_leaf_150' depends on axioms: [propext, Classical.choice, Quot.sound]
'AspisV8R19.R780Point02WeightSharedChunk02.w2_leaf_150' depends on axioms: [propext, Classical.choice, Quot.sound]
'AspisV8R19.R780Point02WeightSharedChunk02.hpos_leaf_151' depends on axioms: [propext, Classical.choice, Quot.sound]
'AspisV8R19.R780Point02WeightSharedChunk02.w0_leaf_151' depends on axioms: [propext, Classical.choice, Quot.sound]
'AspisV8R19.R780Point02WeightSharedChunk02.w2_leaf_151' depends on axioms: [propext, Classical.choice, Quot.sound]
'AspisV8R19.R780Point02WeightSharedChunk02.hpos_leaf_152' depends on axioms: [propext, Classical.choice, Quot.sound]
'AspisV8R19.R780Point02WeightSharedChunk02.w0_leaf_152' depends on axioms: [propext, Classical.choice, Quot.sound]
'AspisV8R19.R780Point02WeightSharedChunk02.w2_leaf_152' depends on axioms: [propext, Classical.choice, Quot.sound]
'AspisV8R19.R780Point02WeightSharedChunk02.hpos_leaf_153' depends on axioms: [propext, Classical.choice, Quot.sound]
'AspisV8R19.R780Point02WeightSharedChunk02.w0_leaf_153' depends on axioms: [propext, Classical.choice, Quot.sound]
'AspisV8R19.R780Point02WeightSharedChunk02.w2_leaf_153' depends on axioms: [propext, Classical.choice, Quot.sound]
'AspisV8R19.R780Point02WeightSharedChunk02.hpos_leaf_154' depends on axioms: [propext, Classical.choice, Quot.sound]
'AspisV8R19.R780Point02WeightSharedChunk02.w0_leaf_154' depends on axioms: [propext, Classical.choice, Quot.sound]
'AspisV8R19.R780Point02WeightSharedChunk02.w2_leaf_154' depends on axioms: [propext, Classical.choice, Quot.sound]
'AspisV8R19.R780Point02WeightSharedChunk02.hpos_leaf_155' depends on axioms: [propext, Classical.choice, Quot.sound]
'AspisV8R19.R780Point02WeightSharedChunk02.w0_leaf_155' depends on axioms: [propext, Classical.choice, Quot.sound]
'AspisV8R19.R780Point02WeightSharedChunk02.w2_leaf_155' depends on axioms: [propext, Classical.choice, Quot.sound]
'AspisV8R19.R780Point02WeightSharedChunk02.hpos_leaf_156' depends on axioms: [propext, Classical.choice, Quot.sound]
'AspisV8R19.R780Point02WeightSharedChunk02.w0_leaf_156' depends on axioms: [propext, Classical.choice, Quot.sound]
'AspisV8R19.R780Point02WeightSharedChunk02.w2_leaf_156' depends on axioms: [propext, Classical.choice, Quot.sound]
'AspisV8R19.R780Point02WeightSharedChunk02.hpos_leaf_157' depends on axioms: [propext, Classical.choice, Quot.sound]
'AspisV8R19.R780Point02WeightSharedChunk02.w0_leaf_157' depends on axioms: [propext, Classical.choice, Quot.sound]
'AspisV8R19.R780Point02WeightSharedChunk02.w2_leaf_157' depends on axioms: [propext, Classical.choice, Quot.sound]
'AspisV8R19.R780Point02WeightSharedChunk02.hpos_leaf_158' depends on axioms: [propext, Classical.choice, Quot.sound]
'AspisV8R19.R780Point02WeightSharedChunk02.w0_leaf_158' depends on axioms: [propext, Classical.choice, Quot.sound]
'AspisV8R19.R780Point02WeightSharedChunk02.w2_leaf_158' depends on axioms: [propext, Classical.choice, Quot.sound]
'AspisV8R19.R780Point02WeightSharedChunk02.hpos_leaf_159' depends on axioms: [propext, Classical.choice, Quot.sound]
'AspisV8R19.R780Point02WeightSharedChunk02.w0_leaf_159' depends on axioms: [propext, Classical.choice, Quot.sound]
'AspisV8R19.R780Point02WeightSharedChunk02.w2_leaf_159' depends on axioms: [propext, Classical.choice, Quot.sound]
'AspisV8R19.R780Point02WeightSharedChunk02.hpos_leaf_160' depends on axioms: [propext, Classical.choice, Quot.sound]
'AspisV8R19.R780Point02WeightSharedChunk02.w0_leaf_160' depends on axioms: [propext, Classical.choice, Quot.sound]
'AspisV8R19.R780Point02WeightSharedChunk02.w2_leaf_160' depends on axioms: [propext, Classical.choice, Quot.sound]
'AspisV8R19.R780Point02WeightSharedChunk02.hpos_leaf_161' depends on axioms: [propext, Classical.choice, Quot.sound]
'AspisV8R19.R780Point02WeightSharedChunk02.w0_leaf_161' depends on axioms: [propext, Classical.choice, Quot.sound]
'AspisV8R19.R780Point02WeightSharedChunk02.w2_leaf_161' depends on axioms: [propext, Classical.choice, Quot.sound]
'AspisV8R19.R780Point02WeightSharedChunk02.hpos_leaf_162' depends on axioms: [propext, Classical.choice, Quot.sound]
'AspisV8R19.R780Point02WeightSharedChunk02.w0_leaf_162' depends on axioms: [propext, Classical.choice, Quot.sound]
'AspisV8R19.R780Point02WeightSharedChunk02.w2_leaf_162' depends on axioms: [propext, Classical.choice, Quot.sound]
'AspisV8R19.R780Point02WeightSharedChunk02.hpos_leaf_163' depends on axioms: [propext, Classical.choice, Quot.sound]
'AspisV8R19.R780Point02WeightSharedChunk02.w0_leaf_163' depends on axioms: [propext, Classical.choice, Quot.sound]
'AspisV8R19.R780Point02WeightSharedChunk02.w2_leaf_163' depends on axioms: [propext, Classical.choice, Quot.sound]
'AspisV8R19.R780Point02WeightSharedChunk02.hpos_leaf_164' depends on axioms: [propext, Classical.choice, Quot.sound]
'AspisV8R19.R780Point02WeightSharedChunk02.w0_leaf_164' depends on axioms: [propext, Classical.choice, Quot.sound]
'AspisV8R19.R780Point02WeightSharedChunk02.w2_leaf_164' depends on axioms: [propext, Classical.choice, Quot.sound]
'AspisV8R19.R780Point02WeightSharedChunk02.hpos_leaf_165' depends on axioms: [propext, Classical.choice, Quot.sound]
'AspisV8R19.R780Point02WeightSharedChunk02.w0_leaf_165' depends on axioms: [propext, Classical.choice, Quot.sound]
'AspisV8R19.R780Point02WeightSharedChunk02.w2_leaf_165' depends on axioms: [propext, Classical.choice, Quot.sound]
'AspisV8R19.R780Point02WeightSharedChunk02.hpos_leaf_166' depends on axioms: [propext, Classical.choice, Quot.sound]
'AspisV8R19.R780Point02WeightSharedChunk02.w0_leaf_166' depends on axioms: [propext, Classical.choice, Quot.sound]
'AspisV8R19.R780Point02WeightSharedChunk02.w2_leaf_166' depends on axioms: [propext, Classical.choice, Quot.sound]
'AspisV8R19.R780Point02WeightSharedChunk02.hpos_leaf_167' depends on axioms: [propext, Classical.choice, Quot.sound]
'AspisV8R19.R780Point02WeightSharedChunk02.w0_leaf_167' depends on axioms: [propext, Classical.choice, Quot.sound]
'AspisV8R19.R780Point02WeightSharedChunk02.w2_leaf_167' depends on axioms: [propext, Classical.choice, Quot.sound]
'AspisV8R19.R780Point02WeightSharedChunk02.hpos_leaf_168' depends on axioms: [propext, Classical.choice, Quot.sound]
'AspisV8R19.R780Point02WeightSharedChunk02.w0_leaf_168' depends on axioms: [propext, Classical.choice, Quot.sound]
'AspisV8R19.R780Point02WeightSharedChunk02.w2_leaf_168' depends on axioms: [propext, Classical.choice, Quot.sound]
'AspisV8R19.R780Point02WeightSharedChunk02.hpos_leaf_169' depends on axioms: [propext, Classical.choice, Quot.sound]
'AspisV8R19.R780Point02WeightSharedChunk02.w0_leaf_169' depends on axioms: [propext, Classical.choice, Quot.sound]
'AspisV8R19.R780Point02WeightSharedChunk02.w2_leaf_169' depends on axioms: [propext, Classical.choice, Quot.sound]
'AspisV8R19.R780Point02WeightSharedChunk02.hpos_leaf_170' depends on axioms: [propext, Classical.choice, Quot.sound]
'AspisV8R19.R780Point02WeightSharedChunk02.w0_leaf_170' depends on axioms: [propext, Classical.choice, Quot.sound]
'AspisV8R19.R780Point02WeightSharedChunk02.w2_leaf_170' depends on axioms: [propext, Classical.choice, Quot.sound]
'AspisV8R19.R780Point02WeightSharedChunk02.hpos_leaf_171' depends on axioms: [propext, Classical.choice, Quot.sound]
'AspisV8R19.R780Point02WeightSharedChunk02.w0_leaf_171' depends on axioms: [propext, Classical.choice, Quot.sound]
'AspisV8R19.R780Point02WeightSharedChunk02.w2_leaf_171' depends on axioms: [propext, Classical.choice, Quot.sound]
'AspisV8R19.R780Point02WeightSharedChunk02.hpos_leaf_172' depends on axioms: [propext, Classical.choice, Quot.sound]
'AspisV8R19.R780Point02WeightSharedChunk02.w0_leaf_172' depends on axioms: [propext, Classical.choice, Quot.sound]
'AspisV8R19.R780Point02WeightSharedChunk02.w2_leaf_172' depends on axioms: [propext, Classical.choice, Quot.sound]
'AspisV8R19.R780Point02WeightSharedChunk02.hpos_leaf_173' depends on axioms: [propext, Classical.choice, Quot.sound]
'AspisV8R19.R780Point02WeightSharedChunk02.w0_leaf_173' depends on axioms: [propext, Classical.choice, Quot.sound]
'AspisV8R19.R780Point02WeightSharedChunk02.w2_leaf_173' depends on axioms: [propext, Classical.choice, Quot.sound]
'AspisV8R19.R780Point02WeightSharedChunk02.hpos_leaf_174' depends on axioms: [propext, Classical.choice, Quot.sound]
'AspisV8R19.R780Point02WeightSharedChunk02.w0_leaf_174' depends on axioms: [propext, Classical.choice, Quot.sound]
'AspisV8R19.R780Point02WeightSharedChunk02.w2_leaf_174' depends on axioms: [propext, Classical.choice, Quot.sound]
	Command being timed: "/home/dombarker/.elan/bin/lake --dir /home/dombarker/project-offloads/aspis-r126-release-20260930-a/focus-workspace env lean -j1 -M4500 -R /home/dombarker/project-offloads/aspis-r57-lean-src-20260929-a -o /home/dombarker/project-offloads/aspis-r126-release-20260930-a/lib/AspisV8R19/R780Point02WeightSharedChunk02.olean /home/dombarker/project-offloads/aspis-r57-lean-src-20260929-a/AspisV8R19/R780Point02WeightSharedChunk02.lean"
	User time (seconds): 2.52
	System time (seconds): 0.35
	Percent of CPU this job got: 101%
	Elapsed (wall clock) time (h:mm:ss or m:ss): 0:02.82
	Average shared text size (kbytes): 0
	Average unshared data size (kbytes): 0
	Average stack size (kbytes): 0
	Average total size (kbytes): 0
	Maximum resident set size (kbytes): 3320112
	Average resident set size (kbytes): 0
	Major (requiring I/O) page faults: 0
	Minor (reclaiming a frame) page faults: 78891
	Voluntary context switches: 3923
	Involuntary context switches: 111
	Swaps: 0
	File system inputs: 0
	File system outputs: 312
	Socket messages sent: 0
	Socket messages received: 0
	Signals delivered: 0
	Page size (bytes): 4096
	Exit status: 0
Finished with result: success
Main processes terminated with: code=exited/status=0
Service runtime: 2.853s
CPU time consumed: 2.905s
Memory peak: 256.0K
Memory swap peak: 0B
