Warning: Permanently added '100.108.41.90' (ED25519) to the list of known hosts.
Running as unit: aspis-focus-1791103225146240000.service; invocation ID: ec562af49d42452984c0654081b46019
Try this:
  [apply] ring_nf
  
  The `ring` tactic failed to close the goal. Use `ring_nf` to obtain a normal form.
    
  Note that `ring` works primarily in *commutative* rings. If you have a noncommutative ring, abelian group or module, consider using `noncomm_ring`, `abel` or `module` instead.
Try this:
  [apply] ring_nf
  
  The `ring` tactic failed to close the goal. Use `ring_nf` to obtain a normal form.
    
  Note that `ring` works primarily in *commutative* rings. If you have a noncommutative ring, abelian group or module, consider using `noncomm_ring`, `abel` or `module` instead.
/home/dombarker/project-offloads/aspis-r57-lean-src-20260929-a/AspisV8R19/R620MatrixAction.lean:62:45: error: unsolved goals
case re.re
a b c d e f g h : M31Exact
⊢ e * a - f * b + g * c * 2 + g * ↑(2147483647 - ZMod.val d) - c * h - h * d * 2 =
    e * a - f * b + g * c * 2 - g * d - c * h - h * d * 2

case re.im
a b c d e f g h : M31Exact
⊢ e * b + f * a + g * c + g * d * 2 + c * h * 2 + h * ↑(2147483647 - ZMod.val d) =
    e * b + f * a + g * c + g * d * 2 + c * h * 2 - d * h
/home/dombarker/project-offloads/aspis-r57-lean-src-20260929-a/AspisV8R19/R620MatrixAction.lean:65:33: warning: This simp argument is unused:
  ZMod.natCast_zmod_val

Hint: Omit it from the simp argument list.
  simp [matrixAction, matrixCoordinate, arrayAt, selectedMatrix, A̵e̵n̵e̵a̵s̵.̵S̵t̵d̵.̵A̵r̵r̵a̵y̵.̵m̵a̵k̵e̵,̵ ̵Z̵M̵o̵d̵.̵n̵a̵t̵C̵a̵s̵t̵_̵z̵m̵o̵d̵_̵v̵a̵l̵]̵A̲e̲n̲e̲a̲s̲.̲S̲t̲d̲.̲A̲r̲r̲a̲y̲.̲m̲a̲k̲e̲]̲

Note: This linter can be disabled with `set_option linter.unusedSimpArgs false`
'AspisV8R19.R620MatrixAction.qm31_product_coordinates' depends on axioms: [propext, Classical.choice, Quot.sound]
'AspisV8R19.R620MatrixAction.actual_matrix_action' depends on axioms: [propext, sorryAx, Classical.choice, Quot.sound]
Command exited with non-zero status 1
	Command being timed: "/home/dombarker/.elan/bin/lake --dir /home/dombarker/project-offloads/aspis-r126-release-20260930-a/focus-workspace env lean -j1 -M4500 -R /home/dombarker/project-offloads/aspis-r57-lean-src-20260929-a -o /home/dombarker/project-offloads/aspis-r126-release-20260930-a/lib/AspisV8R19/R620MatrixAction.olean /home/dombarker/project-offloads/aspis-r57-lean-src-20260929-a/AspisV8R19/R620MatrixAction.lean"
	User time (seconds): 2.02
	System time (seconds): 0.40
	Percent of CPU this job got: 100%
	Elapsed (wall clock) time (h:mm:ss or m:ss): 0:02.42
	Average shared text size (kbytes): 0
	Average unshared data size (kbytes): 0
	Average stack size (kbytes): 0
	Average total size (kbytes): 0
	Maximum resident set size (kbytes): 3745476
	Average resident set size (kbytes): 0
	Major (requiring I/O) page faults: 0
	Minor (reclaiming a frame) page faults: 86844
	Voluntary context switches: 822
	Involuntary context switches: 70
	Swaps: 0
	File system inputs: 0
	File system outputs: 0
	Socket messages sent: 0
	Socket messages received: 0
	Signals delivered: 0
	Page size (bytes): 4096
	Exit status: 1
Finished with result: exit-code
Main processes terminated with: code=exited/status=1
Service runtime: 2.458s
CPU time consumed: 2.467s
Memory peak: 260.0K
Memory swap peak: 0B
