Warning: Permanently added '100.108.41.90' (ED25519) to the list of known hosts.
Running as unit: aspis-focus-1791144757615966000.service; invocation ID: 760f6ecfb8ff407e8b75550b8b9cae1d
/home/dombarker/project-offloads/aspis-r57-lean-src-20260929-a/AspisV8R19/R753Point1BasisChunk06.lean:12:79: warning: Used `tac1 <;> tac2` where `(tac1; tac2)` would suffice

Note: This linter can be disabled with `set_option linter.unnecessarySeqFocus false`
'AspisV8R19.R753Point1BasisValues.point1_basis_1019' depends on axioms: [propext, Classical.choice, Quot.sound]
/home/dombarker/project-offloads/aspis-r57-lean-src-20260929-a/AspisV8R19/R753Point1BasisChunk06.lean:18:79: warning: Used `tac1 <;> tac2` where `(tac1; tac2)` would suffice

Note: This linter can be disabled with `set_option linter.unnecessarySeqFocus false`
'AspisV8R19.R753Point1BasisValues.point1_basis_1020' depends on axioms: [propext, Classical.choice, Quot.sound]
/home/dombarker/project-offloads/aspis-r57-lean-src-20260929-a/AspisV8R19/R753Point1BasisChunk06.lean:24:79: warning: Used `tac1 <;> tac2` where `(tac1; tac2)` would suffice

Note: This linter can be disabled with `set_option linter.unnecessarySeqFocus false`
'AspisV8R19.R753Point1BasisValues.point1_basis_1021' depends on axioms: [propext, Classical.choice, Quot.sound]
/home/dombarker/project-offloads/aspis-r57-lean-src-20260929-a/AspisV8R19/R753Point1BasisChunk06.lean:30:79: warning: Used `tac1 <;> tac2` where `(tac1; tac2)` would suffice

Note: This linter can be disabled with `set_option linter.unnecessarySeqFocus false`
'AspisV8R19.R753Point1BasisValues.point1_basis_1022' depends on axioms: [propext, Classical.choice, Quot.sound]
	Command being timed: "/home/dombarker/.elan/bin/lake --dir /home/dombarker/project-offloads/aspis-r126-release-20260930-a/focus-workspace env lean -j1 -M4500 -R /home/dombarker/project-offloads/aspis-r57-lean-src-20260929-a -o /home/dombarker/project-offloads/aspis-r126-release-20260930-a/lib/AspisV8R19/R753Point1BasisChunk06.olean /home/dombarker/project-offloads/aspis-r57-lean-src-20260929-a/AspisV8R19/R753Point1BasisChunk06.lean"
	User time (seconds): 5.42
	System time (seconds): 0.38
	Percent of CPU this job got: 100%
	Elapsed (wall clock) time (h:mm:ss or m:ss): 0:05.80
	Average shared text size (kbytes): 0
	Average unshared data size (kbytes): 0
	Average stack size (kbytes): 0
	Average total size (kbytes): 0
	Maximum resident set size (kbytes): 3331380
	Average resident set size (kbytes): 0
	Major (requiring I/O) page faults: 0
	Minor (reclaiming a frame) page faults: 82770
	Voluntary context switches: 530
	Involuntary context switches: 86
	Swaps: 0
	File system inputs: 0
	File system outputs: 3432
	Socket messages sent: 0
	Socket messages received: 0
	Signals delivered: 0
	Page size (bytes): 4096
	Exit status: 0
Finished with result: success
Main processes terminated with: code=exited/status=0
Service runtime: 5.834s
CPU time consumed: 5.836s
Memory peak: 512.0K
Memory swap peak: 0B
