/home/dombarker/project-offloads/aspis-r54-lean-src-20260929-a/AspisV8R19/SamplerCirclePolicy.lean:61:6: error: Tactic `rewrite` failed: Did not find an occurrence of the pattern
  ?a * ?b * ?c
in the target expression
  2 * t / (1 + t ^ 2 + (1 - t ^ 2)) = t

t : QM31Exact
hd : 1 + t ^ 2 ≠ 0
⊢ 2 * t / (1 + t ^ 2 + (1 - t ^ 2)) = t
'AspisV8R19.SamplerCirclePolicy.imaginary_square' depends on axioms: [propext, Classical.choice, Quot.sound]
'AspisV8R19.SamplerCirclePolicy.outside_has_denominator' depends on axioms: [propext, Classical.choice, Quot.sound]
'AspisV8R19.SamplerCirclePolicy.singular_first' depends on axioms: [propext, Classical.choice, Quot.sound]
'AspisV8R19.SamplerCirclePolicy.outside_map' depends on axioms: [propext, Classical.choice, Quot.sound]
'AspisV8R19.SamplerCirclePolicy.success_policy' depends on axioms: [propext, Classical.choice, Quot.sound]
'AspisV8R19.SamplerCirclePolicy.point_on_circle' depends on axioms: [propext, Classical.choice, Quot.sound]
'AspisV8R19.SamplerCirclePolicy.recover_parameter' depends on axioms: [propext, sorryAx, Classical.choice, Quot.sound]
'AspisV8R19.SamplerCirclePolicy.point_injective' depends on axioms: [propext, sorryAx, Classical.choice, Quot.sound]
'AspisV8R19.SamplerCirclePolicy.outside_point' depends on axioms: [propext, sorryAx, Classical.choice, Quot.sound]
'AspisV8R19.SamplerCirclePolicy.circle_exact' depends on axioms: [propext, Classical.choice, Quot.sound]
'AspisV8R19.SamplerCirclePolicy.circle_law' depends on axioms: [propext, Classical.choice, Quot.sound]
'AspisV8R19.SamplerCirclePolicy.accept_policy' depends on axioms: [propext, Classical.choice, Quot.sound]
'AspisV8R19.SamplerCirclePolicy.circle_result' depends on axioms: [propext, Classical.choice, Quot.sound]
Command exited with non-zero status 1
	Command being timed: "/home/dombarker/.elan/bin/lake env lean -R /home/dombarker/project-offloads/aspis-r54-lean-src-20260929-a -o /home/dombarker/project-offloads/aspis-r54-lean-20260929-g/lib/AspisV8R19/SamplerCirclePolicy.olean /home/dombarker/project-offloads/aspis-r54-lean-src-20260929-a/AspisV8R19/SamplerCirclePolicy.lean"
	User time (seconds): 4.04
	System time (seconds): 0.51
	Percent of CPU this job got: 129%
	Elapsed (wall clock) time (h:mm:ss or m:ss): 0:03.51
	Average shared text size (kbytes): 0
	Average unshared data size (kbytes): 0
	Average stack size (kbytes): 0
	Average total size (kbytes): 0
	Maximum resident set size (kbytes): 3288580
	Average resident set size (kbytes): 0
	Major (requiring I/O) page faults: 0
	Minor (reclaiming a frame) page faults: 79170
	Voluntary context switches: 5976
	Involuntary context switches: 112
	Swaps: 0
	File system inputs: 0
	File system outputs: 8
	Socket messages sent: 0
	Socket messages received: 0
	Signals delivered: 0
	Page size (bytes): 4096
	Exit status: 1
