Warning: Permanently added '100.108.41.90' (ED25519) to the list of known hosts.
Running as unit: aspis-focus-1791110931554780000.service; invocation ID: 40af030015e24ec5b77cda32d84585c1
/home/dombarker/project-offloads/aspis-r57-lean-src-20260929-a/AspisV8R19/R645TwoSwapHighDirections.lean:38:0: warning: automatically included section variable(s) unused in theorem `AspisR19.R645TwoSwapHighDirections.actual_mask_balanced`:
  [NeZero 2]
consider restructuring your `variable` declarations so that the variables are not in scope or explicitly omit them:
  omit [NeZero 2] in theorem ...

Note: This linter can be disabled with `set_option linter.unusedSectionVars false`
'AspisR19.R645TwoSwapHighDirections.actual_mask_coin' depends on axioms: [propext, Classical.choice, Quot.sound]
'AspisR19.R645TwoSwapHighDirections.actual_mask_transport' depends on axioms: [propext, Classical.choice, Quot.sound]
'AspisR19.R645TwoSwapHighDirections.actual_mask_balanced' depends on axioms: [propext, Classical.choice, Quot.sound]
'AspisR19.R645TwoSwapHighDirections.actual_selected_coins_zero' depends on axioms: [propext,
 Classical.choice,
 Quot.sound]
	Command being timed: "/home/dombarker/.elan/bin/lake --dir /home/dombarker/project-offloads/aspis-r126-release-20260930-a/focus-workspace env lean -j1 -M4500 -R /home/dombarker/project-offloads/aspis-r57-lean-src-20260929-a -o /home/dombarker/project-offloads/aspis-r126-release-20260930-a/lib/AspisV8R19/R645TwoSwapHighDirections.olean /home/dombarker/project-offloads/aspis-r57-lean-src-20260929-a/AspisV8R19/R645TwoSwapHighDirections.lean"
	User time (seconds): 0.66
	System time (seconds): 0.25
	Percent of CPU this job got: 99%
	Elapsed (wall clock) time (h:mm:ss or m:ss): 0:00.92
	Average shared text size (kbytes): 0
	Average unshared data size (kbytes): 0
	Average stack size (kbytes): 0
	Average total size (kbytes): 0
	Maximum resident set size (kbytes): 2324040
	Average resident set size (kbytes): 0
	Major (requiring I/O) page faults: 0
	Minor (reclaiming a frame) page faults: 53256
	Voluntary context switches: 476
	Involuntary context switches: 51
	Swaps: 0
	File system inputs: 56
	File system outputs: 160
	Socket messages sent: 0
	Socket messages received: 0
	Signals delivered: 0
	Page size (bytes): 4096
	Exit status: 0
Finished with result: success
Main processes terminated with: code=exited/status=0
Service runtime: 948ms
CPU time consumed: 947ms
Memory peak: 288.0K
Memory swap peak: 0B
