Warning: Permanently added '100.108.41.90' (ED25519) to the list of known hosts.
Running as unit: aspis-focus-1791162158201201000-9d510499b507.service; invocation ID: b7f9c85052ff4c03943d2bdb873c351b
/home/dombarker/project-offloads/aspis-r57-lean-src-20260929-a/AspisV8R19/R841RawOrdinaryWeightDegree.lean:47:2: error(lean.synthInstanceFailed): failed to synthesize instance of type class
  NeZero 2

Hint: Type class instance resolution failures can be inspected with the `set_option trace.Meta.synthInstance true` command.
/home/dombarker/project-offloads/aspis-r57-lean-src-20260929-a/AspisV8R19/R841RawOrdinaryWeightDegree.lean:58:30: error(lean.unknownIdentifier): Unknown identifier `half`

Note: It is not possible to treat `half` as an implicitly bound variable here because the `autoImplicit` option is set to `false`.
/home/dombarker/project-offloads/aspis-r57-lean-src-20260929-a/AspisV8R19/R841RawOrdinaryWeightDegree.lean:62:46: error(lean.unknownIdentifier): Unknown identifier `half`
/home/dombarker/project-offloads/aspis-r57-lean-src-20260929-a/AspisV8R19/R841RawOrdinaryWeightDegree.lean:72:52: error: Application type mismatch: The argument
  half
has type
  F
of sort `Type u_1` but is expected to have type
  ℕ
of sort `Type` in the application
  raw_chord_transpose_degree half
/home/dombarker/project-offloads/aspis-r57-lean-src-20260929-a/AspisV8R19/R841RawOrdinaryWeightDegree.lean:69:77: error: unsolved goals
F : Type u_1
inst✝ : Field F
half : F
i : ℕ
⊢ (((sourceChordTranspose (C half) (extendFin1024 (transportDual inactive 1023 order (rawOrdinaryOriginal pZ pKappa)))
              (polynomialABC 0) (polynomialABC 1) (polynomialABC 2) i +
            if i = 1023 then if false = true then pTau ^ 3 else pTau else 0) +
          if i = 1022 then (if false = true then pTau ^ 4 else pTau ^ 2) * polynomialABC 1 else 0) -
        if i = 1021 then (if false = true then pTau ^ 4 else pTau ^ 2) * polynomialABC 2 else 0).totalDegree ≤
    60
'AspisV8R19.R841RawOrdinaryWeightDegree.raw_ordinary_original_degree' depends on axioms: [propext,
 Classical.choice,
 Quot.sound]
'AspisV8R19.R841RawOrdinaryWeightDegree.raw_ordinary_transport_degree' depends on axioms: [propext,
 Classical.choice,
 Quot.sound]
'AspisV8R19.R841RawOrdinaryWeightDegree.raw_ordinary_extend_degree' depends on axioms: [propext,
 Classical.choice,
 Quot.sound]
'AspisV8R19.R841RawOrdinaryWeightDegree.raw_chord_transpose_degree' depends on axioms: [propext,
 sorryAx,
 Classical.choice,
 Quot.sound]
'AspisV8R19.R841RawOrdinaryWeightDegree.raw_ordinary_weight_degree' depends on axioms: [propext,
 sorryAx,
 Classical.choice,
 Quot.sound]
Command exited with non-zero status 1
	Command being timed: "/home/dombarker/.elan/bin/lake --dir /home/dombarker/project-offloads/aspis-r126-release-20260930-a/focus-workspace env lean -j1 -M4500 -R /home/dombarker/project-offloads/aspis-r57-lean-src-20260929-a -o /home/dombarker/project-offloads/aspis-r126-release-20260930-a/lib/AspisV8R19/R841RawOrdinaryWeightDegree.olean /home/dombarker/project-offloads/aspis-r57-lean-src-20260929-a/AspisV8R19/R841RawOrdinaryWeightDegree.lean"
	User time (seconds): 1.17
	System time (seconds): 0.40
	Percent of CPU this job got: 100%
	Elapsed (wall clock) time (h:mm:ss or m:ss): 0:01.57
	Average shared text size (kbytes): 0
	Average unshared data size (kbytes): 0
	Average stack size (kbytes): 0
	Average total size (kbytes): 0
	Maximum resident set size (kbytes): 3286936
	Average resident set size (kbytes): 0
	Major (requiring I/O) page faults: 0
	Minor (reclaiming a frame) page faults: 77528
	Voluntary context switches: 1002
	Involuntary context switches: 61
	Swaps: 0
	File system inputs: 0
	File system outputs: 0
	Socket messages sent: 0
	Socket messages received: 0
	Signals delivered: 0
	Page size (bytes): 4096
	Exit status: 1
Finished with result: exit-code
Main processes terminated with: code=exited/status=1
Service runtime: 1.608s
CPU time consumed: 1.617s
Memory peak: 512.0K
Memory swap peak: 0B
