Warning: Permanently added '100.108.41.90' (ED25519) to the list of known hosts.
Running as unit: aspis-focus-1791169364285816000-c0c221081773.service; invocation ID: d193d6bb94224c00a37c2f63bd05cef4
/home/dombarker/project-offloads/aspis-r57-lean-src-20260929-a/AspisV8R19/R882RootFixedAugmentedPolynomial.lean:101:13: warning: Local variable 'unit' resembles constructor 'PUnit.unit' - write '.unit' (with a dot) or 'PUnit.unit' to use the constructor.

Note: This linter can be disabled with `set_option linter.constructorNameAsVariable false`
/home/dombarker/project-offloads/aspis-r57-lean-src-20260929-a/AspisV8R19/R882RootFixedAugmentedPolynomial.lean:122:11: warning: Local variable 'unit' resembles constructor 'PUnit.unit' - write '.unit' (with a dot) or 'PUnit.unit' to use the constructor.

Note: This linter can be disabled with `set_option linter.constructorNameAsVariable false`
/home/dombarker/project-offloads/aspis-r57-lean-src-20260929-a/AspisV8R19/R882RootFixedAugmentedPolynomial.lean:132:11: warning: Local variable 'unit' resembles constructor 'PUnit.unit' - write '.unit' (with a dot) or 'PUnit.unit' to use the constructor.

Note: This linter can be disabled with `set_option linter.constructorNameAsVariable false`
/home/dombarker/project-offloads/aspis-r57-lean-src-20260929-a/AspisV8R19/R882RootFixedAugmentedPolynomial.lean:135:22: warning: Local variable 'unit' resembles constructor 'PUnit.unit' - write '.unit' (with a dot) or 'PUnit.unit' to use the constructor.

Note: This linter can be disabled with `set_option linter.constructorNameAsVariable false`
/home/dombarker/project-offloads/aspis-r57-lean-src-20260929-a/AspisV8R19/R882RootFixedAugmentedPolynomial.lean:135:51: warning: Local variable 'unit' resembles constructor 'PUnit.unit' - write '.unit' (with a dot) or 'PUnit.unit' to use the constructor.

Note: This linter can be disabled with `set_option linter.constructorNameAsVariable false`
/home/dombarker/project-offloads/aspis-r57-lean-src-20260929-a/AspisV8R19/R882RootFixedAugmentedPolynomial.lean:168:20: warning: Local variable 'unit' resembles constructor 'PUnit.unit' - write '.unit' (with a dot) or 'PUnit.unit' to use the constructor.

Note: This linter can be disabled with `set_option linter.constructorNameAsVariable false`
/home/dombarker/project-offloads/aspis-r57-lean-src-20260929-a/AspisV8R19/R882RootFixedAugmentedPolynomial.lean:168:47: warning: Local variable 'unit' resembles constructor 'PUnit.unit' - write '.unit' (with a dot) or 'PUnit.unit' to use the constructor.

Note: This linter can be disabled with `set_option linter.constructorNameAsVariable false`
'AspisV8R19.R882RootFixedAugmentedPolynomial.eval_normalizedEntry' depends on axioms: [propext,
 Classical.choice,
 Quot.sound]
'AspisV8R19.R882RootFixedAugmentedPolynomial.eval_rootFixedAugmentedPolynomial' depends on axioms: [propext,
 Classical.choice,
 Quot.sound]
'AspisV8R19.R882RootFixedAugmentedPolynomial.normalizedEntry_totalDegree_le' depends on axioms: [propext,
 Classical.choice,
 Quot.sound]
'AspisV8R19.R882RootFixedAugmentedPolynomial.rootFixedAugmentedPolynomial_entry_degree' depends on axioms: [propext,
 Classical.choice,
 Quot.sound]
'AspisV8R19.R882RootFixedAugmentedPolynomial.rootFixedAugmentedPolynomial_det_degree' depends on axioms: [propext,
 Classical.choice,
 Quot.sound]
	Command being timed: "/home/dombarker/.elan/bin/lake --dir /home/dombarker/project-offloads/aspis-r126-release-20260930-a/focus-workspace env lean -j1 -M4500 -R /home/dombarker/project-offloads/aspis-r57-lean-src-20260929-a -o /home/dombarker/project-offloads/aspis-r126-release-20260930-a/lib/AspisV8R19/R882RootFixedAugmentedPolynomial.olean /home/dombarker/project-offloads/aspis-r57-lean-src-20260929-a/AspisV8R19/R882RootFixedAugmentedPolynomial.lean"
	User time (seconds): 1.52
	System time (seconds): 0.37
	Percent of CPU this job got: 100%
	Elapsed (wall clock) time (h:mm:ss or m:ss): 0:01.89
	Average shared text size (kbytes): 0
	Average unshared data size (kbytes): 0
	Average stack size (kbytes): 0
	Average total size (kbytes): 0
	Maximum resident set size (kbytes): 3318036
	Average resident set size (kbytes): 0
	Major (requiring I/O) page faults: 0
	Minor (reclaiming a frame) page faults: 77684
	Voluntary context switches: 1062
	Involuntary context switches: 74
	Swaps: 0
	File system inputs: 0
	File system outputs: 552
	Socket messages sent: 0
	Socket messages received: 0
	Signals delivered: 0
	Page size (bytes): 4096
	Exit status: 0
Finished with result: success
Main processes terminated with: code=exited/status=0
Service runtime: 1.916s
CPU time consumed: 1.920s
Memory peak: 256.0K
Memory swap peak: 0B
