Warning: Permanently added '100.108.41.90' (ED25519) to the list of known hosts.
Running as unit: aspis-focus-1791170014818339000-e9b535df7cc3.service; invocation ID: 36ed981471684d37a57ef5f266e47310
/home/dombarker/project-offloads/aspis-r57-lean-src-20260929-a/AspisV8R19/R887Full223CombinationObservation.lean:99:6: error: Tactic `apply` failed: could not unify the conclusion of `Finset.sum_congr rfl`
  Finset.sum ?m.319 ?m.316 = Finset.sum ?m.319 ?m.317
with the goal
  ∑ d,
      ∑ s,
        x col * augmentedDirection alpha t ht noneOne col (d, s) *
          jointWeight half quarter (1 + u * v) (u * v - 1) (-(u + v)) kappa tau z row (d, s) =
    x col *
      ∑ d,
        ∑ s,
          augmentedDirection alpha t ht noneOne col (d, s) *
            jointWeight half quarter (1 + u * v) (u * v - 1) (-(u + v)) kappa tau z row (d, s)

Note: The full type of `Finset.sum_congr rfl` is
  (∀ x ∈ ?m.319, ?m.316 x = ?m.317 x) → Finset.sum ?m.319 ?m.316 = Finset.sum ?m.319 ?m.317

F : Type u_1
inst✝¹ : Field F
inst✝ : NeZero 2
half quarter alpha u v kappa tau : F
z : Fin 10 → F
t : Fin 22 → F
ht : Function.Injective t
noneOne : ∀ (i : Fin 22), t i ≠ 1
x : Obs ⊕ Unit → F
row : Obs
col : Obs ⊕ Unit
a✝ : col ∈ Finset.univ
⊢ ∑ d,
      ∑ s,
        x col * augmentedDirection alpha t ht noneOne col (d, s) *
          jointWeight half quarter (1 + u * v) (u * v - 1) (-(u + v)) kappa tau z row (d, s) =
    x col *
      ∑ d,
        ∑ s,
          augmentedDirection alpha t ht noneOne col (d, s) *
            jointWeight half quarter (1 + u * v) (u * v - 1) (-(u + v)) kappa tau z row (d, s)
/home/dombarker/project-offloads/aspis-r57-lean-src-20260929-a/AspisV8R19/R887Full223CombinationObservation.lean:117:4: error: maximum recursion depth has been reached
use `set_option maxRecDepth <num>` to increase limit
use `set_option diagnostics true` to get diagnostic information
/home/dombarker/project-offloads/aspis-r57-lean-src-20260929-a/AspisV8R19/R887Full223CombinationObservation.lean:128:4: error: maximum recursion depth has been reached
use `set_option maxRecDepth <num>` to increase limit
use `set_option diagnostics true` to get diagnostic information
/home/dombarker/project-offloads/aspis-r57-lean-src-20260929-a/AspisV8R19/R887Full223CombinationObservation.lean:116:22: warning: Local variable 'unit' resembles constructor 'PUnit.unit' - write '.unit' (with a dot) or 'PUnit.unit' to use the constructor.

Note: This linter can be disabled with `set_option linter.constructorNameAsVariable false`
'AspisV8R19.R887Full223CombinationObservation.actualCoin_combination223' depends on axioms: [propext,
 Classical.choice,
 Quot.sound]
'AspisV8R19.R887Full223CombinationObservation.rawObservation_combination223' depends on axioms: [propext,
 sorryAx,
 Classical.choice,
 Quot.sound]
'AspisV8R19.R887Full223CombinationObservation.combination223_observation' depends on axioms: [propext,
 sorryAx,
 Classical.choice,
 Quot.sound]
'AspisV8R19.R887Full223CombinationObservation.combination223_surjective' depends on axioms: [propext,
 sorryAx,
 Classical.choice,
 Quot.sound]
Command exited with non-zero status 1
	Command being timed: "/home/dombarker/.elan/bin/lake --dir /home/dombarker/project-offloads/aspis-r126-release-20260930-a/focus-workspace env lean -j1 -M4500 -R /home/dombarker/project-offloads/aspis-r57-lean-src-20260929-a -o /home/dombarker/project-offloads/aspis-r126-release-20260930-a/lib/AspisV8R19/R887Full223CombinationObservation.olean /home/dombarker/project-offloads/aspis-r57-lean-src-20260929-a/AspisV8R19/R887Full223CombinationObservation.lean"
	User time (seconds): 1.30
	System time (seconds): 0.37
	Percent of CPU this job got: 101%
	Elapsed (wall clock) time (h:mm:ss or m:ss): 0:01.65
	Average shared text size (kbytes): 0
	Average unshared data size (kbytes): 0
	Average stack size (kbytes): 0
	Average total size (kbytes): 0
	Maximum resident set size (kbytes): 3305620
	Average resident set size (kbytes): 0
	Major (requiring I/O) page faults: 0
	Minor (reclaiming a frame) page faults: 77591
	Voluntary context switches: 760
	Involuntary context switches: 62
	Swaps: 0
	File system inputs: 0
	File system outputs: 0
	Socket messages sent: 0
	Socket messages received: 0
	Signals delivered: 0
	Page size (bytes): 4096
	Exit status: 1
Finished with result: exit-code
Main processes terminated with: code=exited/status=1
Service runtime: 1.687s
CPU time consumed: 1.706s
Memory peak: 288.0K
Memory swap peak: 0B
