Warning: Permanently added '100.108.41.90' (ED25519) to the list of known hosts.
Running as unit: aspis-focus-1791170059129105000-539fd9a1960d.service; invocation ID: a9cdc6ac965e470189acb970789304e2
/home/dombarker/project-offloads/aspis-r57-lean-src-20260929-a/AspisV8R19/R887Full223CombinationObservation.lean:128:22: warning: Local variable 'unit' resembles constructor 'PUnit.unit' - write '.unit' (with a dot) or 'PUnit.unit' to use the constructor.

Note: This linter can be disabled with `set_option linter.constructorNameAsVariable false`
/home/dombarker/project-offloads/aspis-r57-lean-src-20260929-a/AspisV8R19/R887Full223CombinationObservation.lean:139:24: warning: Local variable 'unit' resembles constructor 'PUnit.unit' - write '.unit' (with a dot) or 'PUnit.unit' to use the constructor.

Note: This linter can be disabled with `set_option linter.constructorNameAsVariable false`
/home/dombarker/project-offloads/aspis-r57-lean-src-20260929-a/AspisV8R19/R887Full223CombinationObservation.lean:185:28: warning: Local variable 'unit' resembles constructor 'PUnit.unit' - write '.unit' (with a dot) or 'PUnit.unit' to use the constructor.

Note: This linter can be disabled with `set_option linter.constructorNameAsVariable false`
'AspisV8R19.R887Full223CombinationObservation.actualCoin_combination223' depends on axioms: [propext,
 Classical.choice,
 Quot.sound]
'AspisV8R19.R887Full223CombinationObservation.rawObservation_combination223' depends on axioms: [propext,
 Classical.choice,
 Quot.sound]
'AspisV8R19.R887Full223CombinationObservation.combination223_observation' depends on axioms: [propext,
 Classical.choice,
 Quot.sound]
'AspisV8R19.R887Full223CombinationObservation.combination223_surjective' depends on axioms: [propext,
 Classical.choice,
 Quot.sound]
	Command being timed: "/home/dombarker/.elan/bin/lake --dir /home/dombarker/project-offloads/aspis-r126-release-20260930-a/focus-workspace env lean -j1 -M4500 -R /home/dombarker/project-offloads/aspis-r57-lean-src-20260929-a -o /home/dombarker/project-offloads/aspis-r126-release-20260930-a/lib/AspisV8R19/R887Full223CombinationObservation.olean /home/dombarker/project-offloads/aspis-r57-lean-src-20260929-a/AspisV8R19/R887Full223CombinationObservation.lean"
	User time (seconds): 7.72
	System time (seconds): 0.47
	Percent of CPU this job got: 99%
	Elapsed (wall clock) time (h:mm:ss or m:ss): 0:08.20
	Average shared text size (kbytes): 0
	Average unshared data size (kbytes): 0
	Average stack size (kbytes): 0
	Average total size (kbytes): 0
	Maximum resident set size (kbytes): 3519228
	Average resident set size (kbytes): 0
	Major (requiring I/O) page faults: 0
	Minor (reclaiming a frame) page faults: 115652
	Voluntary context switches: 894
	Involuntary context switches: 127
	Swaps: 0
	File system inputs: 0
	File system outputs: 544
	Socket messages sent: 0
	Socket messages received: 0
	Signals delivered: 0
	Page size (bytes): 4096
	Exit status: 0
Finished with result: success
Main processes terminated with: code=exited/status=0
Service runtime: 8.226s
CPU time consumed: 8.224s
Memory peak: 516.0K
Memory swap peak: 0B
