Warning: Permanently added '100.108.41.90' (ED25519) to the list of known hosts.
Running as unit: aspis-focus-1791163000743541000-c3360cb30e6f.service; invocation ID: 0ca3a5e33a144daea05f408a75cbb34a
/home/dombarker/project-offloads/aspis-r57-lean-src-20260929-a/AspisV8R19/R851FullOrdinaryMoment.lean:85:6: error: Tactic `rewrite` failed: Did not find an occurrence of the pattern
  rangeDot 1024 (pointWeight half a b c (SourceStatementPoints.points z 0)) (rawFlatten q)
in the target expression
  kappa * ∑ i ∈ Finset.range 1024, pointWeight half a b c (SourceStatementPoints.points z 0) i * rawFlatten q i +
        kappa ^ 2 *
          ∑ i ∈ Finset.range 1024, pointWeight half a b c (SourceStatementPoints.points z 1) i * rawFlatten q i +
      kappa ^ 3 *
        ∑ i ∈ Finset.range 1024, pointWeight half a b c (SourceStatementPoints.points z 2) i * rawFlatten q i =
    kappa * sourcePointFunctional (SourceStatementPoints.points z 0) (rawMask half a b c q) +
        kappa ^ 2 * sourcePointFunctional (SourceStatementPoints.points z 1) (rawMask half a b c q) +
      kappa ^ 3 * sourcePointFunctional (SourceStatementPoints.points z 2) (rawMask half a b c q)

F : Type u_1
inst✝¹ : Field F
inst✝ : NeZero 2
half a b c kappa tau : F
z : Fin 10 → F
q : Index256 → F
hTop : ∀ (r : ℕ), 1020 ≤ r → rawFlatten q r = 0
hflat : rawFlatten q = flattenFull q
hpoint :
  ∀ (p : Fin 3),
    rangeDot 1024 (pointWeight half a b c (SourceStatementPoints.points z p)) (rawFlatten q) =
      sourcePointFunctional (SourceStatementPoints.points z p) (rawMask half a b c q)
hmarker : ∀ r < 1024, sourceChordTranspose half marker a b c r * rawFlatten q r = 0
himage : ∀ (n : ℕ) (x : F), ∀ r < 1024, 1020 ≤ n → (if r = n then x else 0) * rawFlatten q r = 0
hdecomp :
  ∑ i ∈ Finset.range 1024, rawOrdinaryWeight half a b c kappa tau z i * rawFlatten q i =
    ∑ i ∈ Finset.range 1024,
      (kappa * pointWeight half a b c (SourceStatementPoints.points z 0) i +
            kappa ^ 2 * pointWeight half a b c (SourceStatementPoints.points z 1) i +
          kappa ^ 3 * pointWeight half a b c (SourceStatementPoints.points z 2) i) *
        rawFlatten q i
hscale :
  ∀ (x : F) (w : ℕ → F),
    ∑ i ∈ Finset.range 1024, x * w i * rawFlatten q i = x * ∑ i ∈ Finset.range 1024, w i * rawFlatten q i
⊢ kappa * ∑ i ∈ Finset.range 1024, pointWeight half a b c (SourceStatementPoints.points z 0) i * rawFlatten q i +
        kappa ^ 2 *
          ∑ i ∈ Finset.range 1024, pointWeight half a b c (SourceStatementPoints.points z 1) i * rawFlatten q i +
      kappa ^ 3 *
        ∑ i ∈ Finset.range 1024, pointWeight half a b c (SourceStatementPoints.points z 2) i * rawFlatten q i =
    kappa * sourcePointFunctional (SourceStatementPoints.points z 0) (rawMask half a b c q) +
        kappa ^ 2 * sourcePointFunctional (SourceStatementPoints.points z 1) (rawMask half a b c q) +
      kappa ^ 3 * sourcePointFunctional (SourceStatementPoints.points z 2) (rawMask half a b c q)
'AspisV8R19.R851FullOrdinaryMoment.ordinary_moment_of_top_zero' depends on axioms: [propext,
 sorryAx,
 Classical.choice,
 Quot.sound]
Command exited with non-zero status 1
	Command being timed: "/home/dombarker/.elan/bin/lake --dir /home/dombarker/project-offloads/aspis-r126-release-20260930-a/focus-workspace env lean -j1 -M4500 -R /home/dombarker/project-offloads/aspis-r57-lean-src-20260929-a -o /home/dombarker/project-offloads/aspis-r126-release-20260930-a/lib/AspisV8R19/R851FullOrdinaryMoment.olean /home/dombarker/project-offloads/aspis-r57-lean-src-20260929-a/AspisV8R19/R851FullOrdinaryMoment.lean"
	User time (seconds): 1.71
	System time (seconds): 0.38
	Percent of CPU this job got: 100%
	Elapsed (wall clock) time (h:mm:ss or m:ss): 0:02.08
	Average shared text size (kbytes): 0
	Average unshared data size (kbytes): 0
	Average stack size (kbytes): 0
	Average total size (kbytes): 0
	Maximum resident set size (kbytes): 3296352
	Average resident set size (kbytes): 0
	Major (requiring I/O) page faults: 0
	Minor (reclaiming a frame) page faults: 78188
	Voluntary context switches: 707
	Involuntary context switches: 57
	Swaps: 0
	File system inputs: 0
	File system outputs: 0
	Socket messages sent: 0
	Socket messages received: 0
	Signals delivered: 0
	Page size (bytes): 4096
	Exit status: 1
Finished with result: exit-code
Main processes terminated with: code=exited/status=1
Service runtime: 2.110s
CPU time consumed: 2.126s
Memory peak: 512.0K
Memory swap peak: 0B
