Warning: Permanently added '100.108.41.90' (ED25519) to the list of known hosts.
Running as unit: aspis-focus-1790936716615328000.service; invocation ID: 30ef76de08fd49d9b0212a704b1714bd
/home/dombarker/project-offloads/aspis-r57-lean-src-20260929-a/AspisV8R19/R341PrefixNonzero.lean:14:2: error: Tactic `rfl` failed: The left-hand side
  sourcePrefixValue f (j + 1)
is not definitionally equal to the right-hand side
  sourcePrefixValue f j * f (j + 1)

f : ℕ → M31Exact
j : ℕ
⊢ sourcePrefixValue f (j + 1) = sourcePrefixValue f j * f (j + 1)
'AspisV8R19.R341PrefixNonzero.sourcePrefixValue_succ' depends on axioms: [propext,
 sorryAx,
 Classical.choice,
 Quot.sound]
'AspisV8R19.R341PrefixNonzero.sourcePrefixValue_ne_zero_iff' depends on axioms: [propext,
 sorryAx,
 Classical.choice,
 Quot.sound]
'AspisV8R19.R341PrefixNonzero.initialized_pair_total_ne_zero_iff' depends on axioms: [propext,
 sorryAx,
 Classical.choice,
 Quot.sound]
Command exited with non-zero status 1
	Command being timed: "/home/dombarker/.elan/bin/lake --dir /home/dombarker/project-offloads/aspis-r126-release-20260930-a/focus-workspace env lean -j1 -M4500 -R /home/dombarker/project-offloads/aspis-r57-lean-src-20260929-a -o /home/dombarker/project-offloads/aspis-r126-release-20260930-a/lib/AspisV8R19/R341PrefixNonzero.olean /home/dombarker/project-offloads/aspis-r57-lean-src-20260929-a/AspisV8R19/R341PrefixNonzero.lean"
	User time (seconds): 1.09
	System time (seconds): 0.39
	Percent of CPU this job got: 100%
	Elapsed (wall clock) time (h:mm:ss or m:ss): 0:01.47
	Average shared text size (kbytes): 0
	Average unshared data size (kbytes): 0
	Average stack size (kbytes): 0
	Average total size (kbytes): 0
	Maximum resident set size (kbytes): 3695568
	Average resident set size (kbytes): 0
	Major (requiring I/O) page faults: 0
	Minor (reclaiming a frame) page faults: 86597
	Voluntary context switches: 419
	Involuntary context switches: 55
	Swaps: 0
	File system inputs: 0
	File system outputs: 0
	Socket messages sent: 0
	Socket messages received: 0
	Signals delivered: 0
	Page size (bytes): 4096
	Exit status: 1
Finished with result: exit-code
Main processes terminated with: code=exited/status=1
Service runtime: 1.503s
CPU time consumed: 1.508s
Memory peak: 512.0K
Memory swap peak: 0B
