/home/dombarker/project-offloads/aspis-r21-tools-20260922-a/R27SparseRead.lean:4:19: error: unexpected token '}'; expected term
'R27SparseRead.support_group' depends on axioms: [propext, Quot.sound]
'R27SparseRead.entry_agrees' depends on axioms: [propext, Quot.sound]
Command exited with non-zero status 1
	Command being timed: "/home/dombarker/.elan/bin/lake env lean /home/dombarker/project-offloads/aspis-r21-tools-20260922-a/R27SparseRead.lean"
	User time (seconds): 0.60
	System time (seconds): 0.37
	Percent of CPU this job got: 104%
	Elapsed (wall clock) time (h:mm:ss or m:ss): 0:00.93
	Average shared text size (kbytes): 0
	Average unshared data size (kbytes): 0
	Average stack size (kbytes): 0
	Average total size (kbytes): 0
	Maximum resident set size (kbytes): 798444
	Average resident set size (kbytes): 0
	Major (requiring I/O) page faults: 1
	Minor (reclaiming a frame) page faults: 46605
	Voluntary context switches: 357
	Involuntary context switches: 62
	Swaps: 0
	File system inputs: 136
	File system outputs: 8
	Socket messages sent: 0
	Socket messages received: 0
	Signals delivered: 0
	Page size (bytes): 4096
	Exit status: 1
