Warning: Permanently added '100.108.41.90' (ED25519) to the list of known hosts.
Running as unit: aspis-focus-1791086455925924000.service; invocation ID: c8fb7ab4494b4c0aae6c1eeb89282caf
'AspisV8R19.R583SamplerWordTrace.read_stream_calls' depends on axioms: [propext, Quot.sound]
'AspisV8R19.R583SamplerWordTrace.wordTrace_cons' depends on axioms: [propext]
'AspisV8R19.R583SamplerWordTrace.scan_stream_trace' depends on axioms: [propext, Classical.choice, Quot.sound]
	Command being timed: "/home/dombarker/.elan/bin/lake --dir /home/dombarker/project-offloads/aspis-r126-release-20260930-a/focus-workspace env lean -j1 -M4500 -R /home/dombarker/project-offloads/aspis-r57-lean-src-20260929-a -o /home/dombarker/project-offloads/aspis-r126-release-20260930-a/lib/AspisV8R19/R583SamplerWordTrace.olean /home/dombarker/project-offloads/aspis-r57-lean-src-20260929-a/AspisV8R19/R583SamplerWordTrace.lean"
	User time (seconds): 1.10
	System time (seconds): 0.35
	Percent of CPU this job got: 100%
	Elapsed (wall clock) time (h:mm:ss or m:ss): 0:01.45
	Average shared text size (kbytes): 0
	Average unshared data size (kbytes): 0
	Average stack size (kbytes): 0
	Average total size (kbytes): 0
	Maximum resident set size (kbytes): 3266352
	Average resident set size (kbytes): 0
	Major (requiring I/O) page faults: 0
	Minor (reclaiming a frame) page faults: 77632
	Voluntary context switches: 611
	Involuntary context switches: 65
	Swaps: 0
	File system inputs: 0
	File system outputs: 592
	Socket messages sent: 0
	Socket messages received: 0
	Signals delivered: 0
	Page size (bytes): 4096
	Exit status: 0
Finished with result: success
Main processes terminated with: code=exited/status=0
Service runtime: 1.476s
CPU time consumed: 1.478s
Memory peak: 328.0K
Memory swap peak: 0B
