Warning: Permanently added '100.108.41.90' (ED25519) to the list of known hosts.
Running as unit: aspis-focus-1791105812098855000.service; invocation ID: bd76d2ddc5ee45ffba15e0d9cf753270
/home/dombarker/project-offloads/aspis-r57-lean-src-20260929-a/AspisV8R19/R616MixedLimbExecution.lean:121:4: error: scalar_tac failed to prove the goal below.

Note that scalar_tac is almost equivalent to:
  scalar_tac_preprocess; omega

Goal: 
j slot : Usize
hj : ↑j < 12
hslot : ↑slot < 4
q : Usize
hq : UScalar.div j 4#usize = ok q
hqv : ↑q = ↑j / 4
r : Usize
hr : UScalar.rem j 4#usize = ok r
hrv : ↑r = ↑j % 4
hdiv : j / 4#usize = ok q
hrem : j % 4#usize = ok r
hmax : UScalar.cMax UScalarTy.Usize ≤ Usize.max ∧ Usize.max + 1 = 2 ^ System.Platform.numBits
⊢ 16 * (↑j / 4) < UScalar.size UScalarTy.Usize
/home/dombarker/project-offloads/aspis-r57-lean-src-20260929-a/AspisV8R19/R616MixedLimbExecution.lean:124:4: error: scalar_tac failed to prove the goal below.

Note that scalar_tac is almost equivalent to:
  scalar_tac_preprocess; omega

Goal: 
j slot : Usize
hj : ↑j < 12
hslot : ↑slot < 4
q : Usize
hq : UScalar.div j 4#usize = ok q
hqv : ↑q = ↑j / 4
r : Usize
hr : UScalar.rem j 4#usize = ok r
hrv : ↑r = ↑j % 4
hdiv : j / 4#usize = ok q
hrem : j % 4#usize = ok r
hm16 : 16 * (↑j / 4) < UScalar.size UScalarTy.Usize
hmax : UScalar.cMax UScalarTy.Usize ≤ Usize.max ∧ Usize.max + 1 = 2 ^ System.Platform.numBits
⊢ 4 * ↑slot < UScalar.size UScalarTy.Usize
/home/dombarker/project-offloads/aspis-r57-lean-src-20260929-a/AspisV8R19/R616MixedLimbExecution.lean:127:4: error: scalar_tac failed to prove the goal below.

Note that scalar_tac is almost equivalent to:
  scalar_tac_preprocess; omega

Goal: 
j slot : Usize
hj : ↑j < 12
hslot : ↑slot < 4
q : Usize
hq : UScalar.div j 4#usize = ok q
hqv : ↑q = ↑j / 4
r : Usize
hr : UScalar.rem j 4#usize = ok r
hrv : ↑r = ↑j % 4
hdiv : j / 4#usize = ok q
hrem : j % 4#usize = ok r
hm16 : 16 * (↑j / 4) < UScalar.size UScalarTy.Usize
hm4 : 4 * ↑slot < UScalar.size UScalarTy.Usize
hmax : UScalar.cMax UScalarTy.Usize ≤ Usize.max ∧ Usize.max + 1 = 2 ^ System.Platform.numBits
⊢ 16 * (↑j / 4) + 4 * ↑slot < UScalar.size UScalarTy.Usize
/home/dombarker/project-offloads/aspis-r57-lean-src-20260929-a/AspisV8R19/R616MixedLimbExecution.lean:131:4: error: scalar_tac failed to prove the goal below.

Note that scalar_tac is almost equivalent to:
  scalar_tac_preprocess; omega

Goal: 
j slot : Usize
hj : ↑j < 12
hslot : ↑slot < 4
q : Usize
hq : UScalar.div j 4#usize = ok q
hqv : ↑q = ↑j / 4
r : Usize
hr : UScalar.rem j 4#usize = ok r
hrv : ↑r = ↑j % 4
hdiv : j / 4#usize = ok q
hrem : j % 4#usize = ok r
hm16 : 16 * (↑j / 4) < UScalar.size UScalarTy.Usize
hm4 : 4 * ↑slot < UScalar.size UScalarTy.Usize
ha : 16 * (↑j / 4) + 4 * ↑slot < UScalar.size UScalarTy.Usize
hmax : UScalar.cMax UScalarTy.Usize ≤ Usize.max ∧ Usize.max + 1 = 2 ^ System.Platform.numBits
⊢ 16 * (↑j / 4) + 4 * ↑slot + ↑j % 4 < UScalar.size UScalarTy.Usize
/home/dombarker/project-offloads/aspis-r57-lean-src-20260929-a/AspisV8R19/R616MixedLimbExecution.lean:132:6: error: Tactic `rewrite` failed: Did not find an occurrence of the pattern
  16 * (↑j / 4) % UScalar.size UScalarTy.Usize
in the target expression
  ((↑16#usize * (↑j / 4) % 2 ^ UScalarTy.Usize.numBits + ↑4#usize * ↑slot % 2 ^ UScalarTy.Usize.numBits) %
          2 ^ UScalarTy.Usize.numBits +
        ↑j % 4) %
      2 ^ UScalarTy.Usize.numBits =
    16 * (↑j / 4) + 4 * ↑slot + ↑j % 4

j slot : Usize
hj : ↑j < 12
hslot : ↑slot < 4
q : Usize
hq : UScalar.div j 4#usize = ok q
hqv : ↑q = ↑j / 4
r : Usize
hr : UScalar.rem j 4#usize = ok r
hrv : ↑r = ↑j % 4
hdiv : j / 4#usize = ok q
hrem : j % 4#usize = ok r
hm16 : 16 * (↑j / 4) < UScalar.size UScalarTy.Usize
hm4 : 4 * ↑slot < UScalar.size UScalarTy.Usize
ha : 16 * (↑j / 4) + 4 * ↑slot < UScalar.size UScalarTy.Usize
hall : 16 * (↑j / 4) + 4 * ↑slot + ↑j % 4 < UScalar.size UScalarTy.Usize
⊢ ((↑16#usize * (↑j / 4) % 2 ^ UScalarTy.Usize.numBits + ↑4#usize * ↑slot % 2 ^ UScalarTy.Usize.numBits) %
          2 ^ UScalarTy.Usize.numBits +
        ↑j % 4) %
      2 ^ UScalarTy.Usize.numBits =
    16 * (↑j / 4) + 4 * ↑slot + ↑j % 4

Note: The target expression is not type-correct under the `instances` transparency level, which may have triggered the failure. This is usually caused by unfolding of semireducible definitions in prior tactic steps. Use `set_option linter.tacticCheckInstances true` to investigate the source of the issue.
Full error:
  Application type mismatch: The argument
    Eq.refl true
  has type
    @Eq Bool true true
  but is expected to have type
    @Eq Bool (decide (16 ≤ UScalar.cMax UScalarTy.Usize)) true
  in the application
    id (Eq.refl true)
/home/dombarker/project-offloads/aspis-r57-lean-src-20260929-a/AspisV8R19/R616MixedLimbExecution.lean:256:2: warning: 'change (U64.wrapping_mul (UScalar.cast .U64 a) (UScalar.cast .U64 b)).val = _' tactic does nothing

Note: This linter can be disabled with `set_option linter.unusedTactic false`
/home/dombarker/project-offloads/aspis-r57-lean-src-20260929-a/AspisV8R19/R616MixedLimbExecution.lean:300:2: warning: try 'simp' instead of 'simpa'

Note: This linter can be disabled with `set_option linter.unnecessarySimpa false`
'AspisV8R19.R616MixedLimbExecution.fourProducts_lt_u64' depends on axioms: [propext, Classical.choice, Quot.sound]
'_private.AspisV8R19.R616MixedLimbExecution.0.AspisV8R19.R616MixedLimbExecution.selected_index_ok' depends on axioms: [propext]
'AspisV8R19.R616MixedLimbExecution.tenPartialChunks_fit' depends on axioms: [propext, Classical.choice, Quot.sound]
'AspisV8R19.R616MixedLimbExecution.partialChunks_mod' depends on axioms: [propext]
'AspisV8R19.R616MixedLimbExecution.mixedC2Index_lt48' depends on axioms: [propext, Quot.sound]
'AspisV8R19.R616MixedLimbExecution.limbIndex_lt4' does not depend on any axioms
'AspisV8R19.R616MixedLimbExecution.canonicalProduct_lt' depends on axioms: [propext, Classical.choice, Quot.sound]
'AspisV8R19.R616MixedLimbExecution.selected_reduce_u64_eq_frozen' depends on axioms: [propext,
 Classical.choice,
 Quot.sound]
'AspisV8R19.R616MixedLimbExecution.selected_m31_reduce_u64_eq_frozen' depends on axioms: [propext,
 Classical.choice,
 Quot.sound]
'AspisV8R19.R616MixedLimbExecution.selected_m31_reduce_u64_success' depends on axioms: [propext,
 Classical.choice,
 Quot.sound]
'AspisV8R19.R616MixedLimbExecution.selected_from_u32_eq_cast' does not depend on any axioms
'AspisV8R19.R616MixedLimbExecution.selected_u32_mul64_val' depends on axioms: [propext, Classical.choice, Quot.sound]
'AspisV8R19.R616MixedLimbExecution.selected_two_products_val' depends on axioms: [propext, Classical.choice, Quot.sound]
'AspisV8R19.R616MixedLimbExecution.selected_four_products_val' depends on axioms: [propext,
 Classical.choice,
 Quot.sound]
'AspisV8R19.R616MixedLimbExecution.selected_from_prime' depends on axioms: [propext, Classical.choice, Quot.sound]
'AspisV8R19.R616MixedLimbExecution.selected_reduce_chunk_eq_fold' depends on axioms: [propext,
 Classical.choice,
 Quot.sound]
'AspisV8R19.R616MixedLimbExecution.selected_reduce_chunk_success' depends on axioms: [propext,
 Classical.choice,
 Quot.sound]
'AspisV8R19.R616MixedLimbExecution.selected_chunk_residue' depends on axioms: [propext, Classical.choice, Quot.sound]
'AspisV8R19.R616MixedLimbExecution.selected_four_product_chunk' depends on axioms: [propext,
 Classical.choice,
 Quot.sound]
Command exited with non-zero status 1
	Command being timed: "/home/dombarker/.elan/bin/lake --dir /home/dombarker/project-offloads/aspis-r126-release-20260930-a/focus-workspace env lean -j1 -M4500 -R /home/dombarker/project-offloads/aspis-r57-lean-src-20260929-a -o /home/dombarker/project-offloads/aspis-r126-release-20260930-a/lib/AspisV8R19/R616MixedLimbExecution.olean /home/dombarker/project-offloads/aspis-r57-lean-src-20260929-a/AspisV8R19/R616MixedLimbExecution.lean"
	User time (seconds): 2.03
	System time (seconds): 0.40
	Percent of CPU this job got: 101%
	Elapsed (wall clock) time (h:mm:ss or m:ss): 0:02.39
	Average shared text size (kbytes): 0
	Average unshared data size (kbytes): 0
	Average stack size (kbytes): 0
	Average total size (kbytes): 0
	Maximum resident set size (kbytes): 3772344
	Average resident set size (kbytes): 0
	Major (requiring I/O) page faults: 0
	Minor (reclaiming a frame) page faults: 87618
	Voluntary context switches: 1650
	Involuntary context switches: 68
	Swaps: 0
	File system inputs: 24
	File system outputs: 0
	Socket messages sent: 0
	Socket messages received: 0
	Signals delivered: 0
	Page size (bytes): 4096
	Exit status: 1
Finished with result: exit-code
Main processes terminated with: code=exited/status=1
Service runtime: 2.420s
CPU time consumed: 2.467s
Memory peak: 256.0K
Memory swap peak: 0B
