Warning: Permanently added '100.108.41.90' (ED25519) to the list of known hosts.
Running as unit: aspis-r424-fixture-build-v3.service; invocation ID: 8786d1b765fc425295d7ff356fdcece4
File "ConcreteAssociatedTypesFixture.ml", line 87, characters 21-80:
87 |   let binder_value = { binder.binder_value with value; implied_trait_refs = [] } in
                          ^^^^^^^^^^^^^^^^^^^^^^^^^^^^^^^^^^^^^^^^^^^^^^^^^^^^^^^^^^^
Warning 23 [useless-record-with]: all the fields are explicitly listed in this record:
the 'with' clause is useless.

File "ConcreteAssociatedTypesFixture.ml", line 288, characters 18-26:
288 |   if Array.length Sys.argv <> 2 then failwith "usage: fixture <R396.llbc>";
                        ^^^^^^^^
Alert deprecated: Core.Sys.argv
[since 2019-08] Use [Sys.get_argv] instead, which has the correct behavior when [caml_sys_modify_argv] is called.

File "ConcreteAssociatedTypesFixture.ml", line 289, characters 38-46:
289 |   match LlbcOfJson.crate_of_json_file Sys.argv.(1) with
                                            ^^^^^^^^
Alert deprecated: Core.Sys.argv
[since 2019-08] Use [Sys.get_argv] instead, which has the correct behavior when [caml_sys_modify_argv] is called.
/usr/bin/ld: /home/opam/.opam/5.2/lib/ocaml/libasmrun.a(unix.n.o): in function `caml_dlopen':
/home/opam/.opam/5.2/.opam-switch/build/ocaml-base-compiler.5.2.1/runtime/unix.c:278: warning: Using 'dlopen' in statically linked applications requires at runtime the shared libraries from the glibc version used for linking
/usr/bin/ld: /home/opam/.opam/5.2/lib/ocaml/libunixnat.a(initgroups.n.o): in function `caml_unix_initgroups':
/home/opam/.opam/5.2/.opam-switch/build/ocaml-base-compiler.5.2.1/otherlibs/unix/initgroups.c:35: warning: Using 'initgroups' in statically linked applications requires at runtime the shared libraries from the glibc version used for linking
/usr/bin/ld: /home/opam/.opam/5.2/lib/ocaml/libunixnat.a(getgr.n.o): in function `caml_unix_getgrgid':
/home/opam/.opam/5.2/.opam-switch/build/ocaml-base-compiler.5.2.1/otherlibs/unix/getgr.c:64: warning: Using 'getgrgid' in statically linked applications requires at runtime the shared libraries from the glibc version used for linking
/usr/bin/ld: /home/opam/.opam/5.2/lib/ocaml/libunixnat.a(getgr.n.o): in function `caml_unix_getgrnam':
/home/opam/.opam/5.2/.opam-switch/build/ocaml-base-compiler.5.2.1/otherlibs/unix/getgr.c:49: warning: Using 'getgrnam' in statically linked applications requires at runtime the shared libraries from the glibc version used for linking
/usr/bin/ld: /home/opam/.opam/5.2/lib/ocaml/libunixnat.a(getpw.n.o): in function `caml_unix_getpwnam':
/home/opam/.opam/5.2/.opam-switch/build/ocaml-base-compiler.5.2.1/otherlibs/unix/getpw.c:55: warning: Using 'getpwnam' in statically linked applications requires at runtime the shared libraries from the glibc version used for linking
/usr/bin/ld: /home/opam/.opam/5.2/lib/ocaml/libunixnat.a(getpw.n.o): in function `caml_unix_getpwuid':
/home/opam/.opam/5.2/.opam-switch/build/ocaml-base-compiler.5.2.1/otherlibs/unix/getpw.c:70: warning: Using 'getpwuid' in statically linked applications requires at runtime the shared libraries from the glibc version used for linking
/usr/bin/ld: /home/opam/.opam/5.2/lib/ocaml/libunixnat.a(getaddrinfo.n.o): in function `caml_unix_getaddrinfo':
/home/opam/.opam/5.2/.opam-switch/build/ocaml-base-compiler.5.2.1/otherlibs/unix/getaddrinfo.c:113: warning: Using 'getaddrinfo' in statically linked applications requires at runtime the shared libraries from the glibc version used for linking
/usr/bin/ld: /home/opam/.opam/5.2/lib/ocaml/libunixnat.a(gethost.n.o): in function `caml_unix_gethostbyaddr':
/home/opam/.opam/5.2/.opam-switch/build/ocaml-base-compiler.5.2.1/otherlibs/unix/gethost.c:120: warning: Using 'gethostbyaddr_r' in statically linked applications requires at runtime the shared libraries from the glibc version used for linking
/usr/bin/ld: /home/opam/.opam/5.2/lib/ocaml/libunixnat.a(gethost.n.o): in function `caml_unix_gethostbyname':
/home/opam/.opam/5.2/.opam-switch/build/ocaml-base-compiler.5.2.1/otherlibs/unix/gethost.c:161: warning: Using 'gethostbyname_r' in statically linked applications requires at runtime the shared libraries from the glibc version used for linking
/usr/bin/ld: /home/opam/.opam/5.2/lib/ocaml/libunixnat.a(getproto.n.o): in function `caml_unix_getprotobynumber':
/home/opam/.opam/5.2/.opam-switch/build/ocaml-base-compiler.5.2.1/otherlibs/unix/getproto.c:55: warning: Using 'getprotobynumber' in statically linked applications requires at runtime the shared libraries from the glibc version used for linking
/usr/bin/ld: /home/opam/.opam/5.2/lib/ocaml/libunixnat.a(getproto.n.o): in function `caml_unix_getprotobyname':
/home/opam/.opam/5.2/.opam-switch/build/ocaml-base-compiler.5.2.1/otherlibs/unix/getproto.c:47: warning: Using 'getprotobyname' in statically linked applications requires at runtime the shared libraries from the glibc version used for linking
/usr/bin/ld: /home/opam/.opam/5.2/lib/ocaml/libunixnat.a(getserv.n.o): in function `caml_unix_getservbyname':
/home/opam/.opam/5.2/.opam-switch/build/ocaml-base-compiler.5.2.1/otherlibs/unix/getserv.c:54: warning: Using 'getservbyname' in statically linked applications requires at runtime the shared libraries from the glibc version used for linking
/usr/bin/ld: /home/opam/.opam/5.2/lib/ocaml/libunixnat.a(getserv.n.o): in function `caml_unix_getservbyport':
/home/opam/.opam/5.2/.opam-switch/build/ocaml-base-compiler.5.2.1/otherlibs/unix/getserv.c:63: warning: Using 'getservbyport' in statically linked applications requires at runtime the shared libraries from the glibc version used for linking

{
  "exit_status": 0,
  "wrapper_wall_seconds": 1.6414744180074194,
  "metrics": "Complete compiler GNU-time report in gnu-time.txt; wrapper wall time is not compiler wall/RSS.",
  "source_revision": "a3fe5df6b53caa52322339906642de5064fc2bbb",
  "source_sha256": {
    "src/llbc/ConcreteAssociatedTypes.ml": "48336b273fafc9fec71686f15896976cddf1a41367a5556749af0f13437ef4cf",
    "src/dune": "8c83177da0f8e73850c8cb44d69c5bfb905a0ff29f2180eee272416d6d975e23",
    "src/interp/InterpUtils.ml": "8b885a725def3c7a923cc634f05a7b91bd25b4334b62b2ba6a1d09faf0d8a65a",
    "src/ConcreteAssociatedTypesFixture.ml": "c9e5bd6ee4da45efab2f9406d4d1022c42a77286d2096816746a37359c378177",
    "source-fixtures/R396PrivateBatchUnmonomorphized.llbc": "399020435e94aaa7135c06d68445e9b936bd22fe6d1e1d197ee708d448d584ae"
  },
  "boundary": "Focused fixture executable build only; no fixtures executed and no semantic claim"
}

Finished with result: success
Main processes terminated with: code=exited/status=0
Service runtime: 1.786s
CPU time consumed: 177ms
Memory peak: 256.0K
Memory swap peak: 0B
