Warning: Permanently added '100.108.41.90' (ED25519) to the list of known hosts.
Running as unit: aspis-r424-integration-v1.service; invocation ID: 87f8669da0d34c4ea63759f53f86c361

{
  "exit_status": 0,
  "wrapper_wall_seconds": 12.471494457000517,
  "metrics": "Complete compiler GNU-time report in gnu-time.txt; wrapper wall time is not compiler wall/RSS.",
  "source_revision": "a3fe5df6b53caa52322339906642de5064fc2bbb",
  "source_sha256": {
    "src/llbc/ConcreteAssociatedTypes.ml": "48336b273fafc9fec71686f15896976cddf1a41367a5556749af0f13437ef4cf",
    "src/dune": "fbb4eaef8b9f07b2d3073d6434333d89423c2ac7c8df8451cc3d6b70cc958ea5",
    "src/interp/InterpUtils.ml": "8b885a725def3c7a923cc634f05a7b91bd25b4334b62b2ba6a1d09faf0d8a65a"
  },
  "boundary": "Signature integration typechecking only; no fixtures executed and no semantic claim"
}

Finished with result: success
Main processes terminated with: code=exited/status=0
Service runtime: 12.607s
CPU time consumed: 170ms
Memory peak: 256.0K
Memory swap peak: 0B
