Running as unit: aspis-atomic-ordinary-1-20260909.scope; invocation ID: 79dc63bdcca04eb99685e068d2730201
ATOMIC_CASE success accepted=true cu=1048586 after_a=true
ATOMIC_CASE magic accepted=false cu=4246 after_a=false
ATOMIC_CASE version accepted=false cu=4246 after_a=false
ATOMIC_CASE depth accepted=false cu=4246 after_a=false
ATOMIC_CASE reserved accepted=false cu=4246 after_a=false
ATOMIC_CASE b-sequence accepted=false cu=14673 after_a=false
ATOMIC_CASE b-old-root accepted=false cu=14677 after_a=false
ATOMIC_CASE b-new-root accepted=false cu=1047944 after_a=true
ATOMIC_CASE a-sequence accepted=false cu=14756 after_a=false
ATOMIC_CASE a-old-root accepted=false cu=14758 after_a=false
ATOMIC_CASE handoff accepted=false cu=1040396 after_a=true
ATOMIC_CASE later-instruction-failure accepted=false cu=1048736 after_a=true
ATOMIC_CASE exact-replay-fresh-blockhash accepted=false cu=14673 after_a=false
ATOMIC_CASE reuse-nullifier-refreshed-live-roots accepted=false cu=36025 after_a=false
ATOMIC_CASE inbox-reinitialize-occupied accepted=false cu=6603 after_a=false
	Command being timed: "env ASPIS_COMPLETE_TX_LIMIT=1200000 ASPIS_ATOMIC_EXPERIMENT=/home/dombarker/project-offloads/aspis-v8-atomic-two-root-20260909/docs/research/v8-atomic-two-root-20260909 ASPIS_ATOMIC_B_COUNT=13 docs/research/v8-no-work-100-20260907/experiments/performance-svm/target/release/aspis-v7-pair-forest-combined-rejection artifacts/pool.so artifacts/verifier.so artifacts/registry.so artifacts/double.so docs/research/v8-atomic-two-root-20260909/evidence/final/ordinary-13-1.json proving/proofs/proof-1.bin success 1400000 asq8 13 transfer"
	User time (seconds): 0.04
	System time (seconds): 0.01
	Percent of CPU this job got: 98%
	Elapsed (wall clock) time (h:mm:ss or m:ss): 0:00.06
	Average shared text size (kbytes): 0
	Average unshared data size (kbytes): 0
	Average stack size (kbytes): 0
	Average total size (kbytes): 0
	Maximum resident set size (kbytes): 31448
	Average resident set size (kbytes): 0
	Major (requiring I/O) page faults: 0
	Minor (reclaiming a frame) page faults: 7469
	Voluntary context switches: 2
	Involuntary context switches: 2
	Swaps: 0
	File system inputs: 224
	File system outputs: 632
	Socket messages sent: 0
	Socket messages received: 0
	Signals delivered: 0
	Page size (bytes): 4096
	Exit status: 0
