Warning: Permanently added '100.108.41.90' (ED25519) to the list of known hosts.
Running as unit: aspis-focus-1791130521324466000.service; invocation ID: 0bc1c8b2a9064d7db31f22650a890cae
/home/dombarker/project-offloads/aspis-r57-lean-src-20260929-a/AspisV8R19/R720QueryActiveCoreImage.lean:23:0: warning: automatically included section variable(s) unused in theorem `AspisV8R19.R720QueryActiveCoreImage.flatten_combinationQ`:
  [NeZero 2]
consider restructuring your `variable` declarations so that the variables are not in scope or explicitly omit them:
  omit [NeZero 2] in theorem ...

Note: This linter can be disabled with `set_option linter.unusedSectionVars false`
/home/dombarker/project-offloads/aspis-r57-lean-src-20260929-a/AspisV8R19/R720QueryActiveCoreImage.lean:60:27: error: Type mismatch: After simplification, term
  hz
 has type
  sourceChord half q a b c r + -sourceChord half v a b c r = 0
but is expected to have type
  sourceChord half q a b c r - sourceChord half v a b c r = 0
/home/dombarker/project-offloads/aspis-r57-lean-src-20260929-a/AspisV8R19/R720QueryActiveCoreImage.lean:67:62: error: Type mismatch
  Eq.symm (hsame i hi)
has type
  combinationQ alpha x i = v i
but is expected to have type
  v i = combinationQ alpha x i
/home/dombarker/project-offloads/aspis-r57-lean-src-20260929-a/AspisV8R19/R720QueryActiveCoreImage.lean:66:47: error: unsolved goals
F : Type u_1
inst✝¹ : Field F
inst✝ : NeZero 2
alpha : F
x : J → F
v : Index 256 → F
hsame : ∀ (i : Index 256), 22 ≤ ↑i.1 → v i = combinationQ alpha x i
r : ℕ
hr : 88 ≤ r
⊢ flattenFull v r = combination alpha x r
'AspisV8R19.R720QueryActiveCoreImage.flatten_combinationQ' depends on axioms: [propext, Classical.choice, Quot.sound]
'AspisV8R19.R720QueryActiveCoreImage.rowCode_ge_91' depends on axioms: [propext, Classical.choice, Quot.sound]
'AspisV8R19.R720QueryActiveCoreImage.sourceChord_low_preserved' depends on axioms: [propext,
 sorryAx,
 Classical.choice,
 Quot.sound]
'AspisV8R19.R720QueryActiveCoreImage.flatten_same_high_combination' depends on axioms: [propext,
 sorryAx,
 Classical.choice,
 Quot.sound]
'AspisV8R19.R720QueryActiveCoreImage.combinationQ_top' depends on axioms: [propext, Classical.choice, Quot.sound]
Command exited with non-zero status 1
	Command being timed: "/home/dombarker/.elan/bin/lake --dir /home/dombarker/project-offloads/aspis-r126-release-20260930-a/focus-workspace env lean -j1 -M4500 -R /home/dombarker/project-offloads/aspis-r57-lean-src-20260929-a -o /home/dombarker/project-offloads/aspis-r126-release-20260930-a/lib/AspisV8R19/R720QueryActiveCoreImage.olean /home/dombarker/project-offloads/aspis-r57-lean-src-20260929-a/AspisV8R19/R720QueryActiveCoreImage.lean"
	User time (seconds): 4.13
	System time (seconds): 0.39
	Percent of CPU this job got: 100%
	Elapsed (wall clock) time (h:mm:ss or m:ss): 0:04.51
	Average shared text size (kbytes): 0
	Average unshared data size (kbytes): 0
	Average stack size (kbytes): 0
	Average total size (kbytes): 0
	Maximum resident set size (kbytes): 3476240
	Average resident set size (kbytes): 0
	Major (requiring I/O) page faults: 0
	Minor (reclaiming a frame) page faults: 93208
	Voluntary context switches: 778
	Involuntary context switches: 90
	Swaps: 0
	File system inputs: 0
	File system outputs: 0
	Socket messages sent: 0
	Socket messages received: 0
	Signals delivered: 0
	Page size (bytes): 4096
	Exit status: 1
Finished with result: exit-code
Main processes terminated with: code=exited/status=1
Service runtime: 4.540s
CPU time consumed: 4.563s
Memory peak: 288.0K
Memory swap peak: 0B
