Warning: Permanently added '100.108.41.90' (ED25519) to the list of known hosts.
Running as unit: aspis-focus-1791130564118956000.service; invocation ID: 23bdab4da4084b928479ad1d987c694d
/home/dombarker/project-offloads/aspis-r57-lean-src-20260929-a/AspisV8R19/R720QueryActiveCoreImage.lean:23:0: warning: automatically included section variable(s) unused in theorem `AspisV8R19.R720QueryActiveCoreImage.flatten_combinationQ`:
  [NeZero 2]
consider restructuring your `variable` declarations so that the variables are not in scope or explicitly omit them:
  omit [NeZero 2] in theorem ...

Note: This linter can be disabled with `set_option linter.unusedSectionVars false`
/home/dombarker/project-offloads/aspis-r57-lean-src-20260929-a/AspisV8R19/R720QueryActiveCoreImage.lean:63:0: warning: automatically included section variable(s) unused in theorem `AspisV8R19.R720QueryActiveCoreImage.direction_ge_1020`:
  [NeZero 2]
consider restructuring your `variable` declarations so that the variables are not in scope or explicitly omit them:
  omit [NeZero 2] in theorem ...

Note: This linter can be disabled with `set_option linter.unusedSectionVars false`
'AspisV8R19.R720QueryActiveCoreImage.flatten_combinationQ' depends on axioms: [propext, Classical.choice, Quot.sound]
'AspisV8R19.R720QueryActiveCoreImage.rowCode_ge_91' depends on axioms: [propext, Classical.choice, Quot.sound]
'AspisV8R19.R720QueryActiveCoreImage.sourceChord_low_preserved' depends on axioms: [propext,
 Classical.choice,
 Quot.sound]
'AspisV8R19.R720QueryActiveCoreImage.flatten_same_high_combination' depends on axioms: [propext,
 Classical.choice,
 Quot.sound]
'AspisV8R19.R720QueryActiveCoreImage.combinationQ_top' depends on axioms: [propext, Classical.choice, Quot.sound]
	Command being timed: "/home/dombarker/.elan/bin/lake --dir /home/dombarker/project-offloads/aspis-r126-release-20260930-a/focus-workspace env lean -j1 -M4500 -R /home/dombarker/project-offloads/aspis-r57-lean-src-20260929-a -o /home/dombarker/project-offloads/aspis-r126-release-20260930-a/lib/AspisV8R19/R720QueryActiveCoreImage.olean /home/dombarker/project-offloads/aspis-r57-lean-src-20260929-a/AspisV8R19/R720QueryActiveCoreImage.lean"
	User time (seconds): 4.07
	System time (seconds): 0.37
	Percent of CPU this job got: 100%
	Elapsed (wall clock) time (h:mm:ss or m:ss): 0:04.45
	Average shared text size (kbytes): 0
	Average unshared data size (kbytes): 0
	Average stack size (kbytes): 0
	Average total size (kbytes): 0
	Maximum resident set size (kbytes): 3484692
	Average resident set size (kbytes): 0
	Major (requiring I/O) page faults: 1
	Minor (reclaiming a frame) page faults: 89565
	Voluntary context switches: 957
	Involuntary context switches: 88
	Swaps: 0
	File system inputs: 8
	File system outputs: 528
	Socket messages sent: 0
	Socket messages received: 0
	Signals delivered: 0
	Page size (bytes): 4096
	Exit status: 0
Finished with result: success
Main processes terminated with: code=exited/status=0
Service runtime: 4.478s
CPU time consumed: 4.480s
Memory peak: 516.0K
Memory swap peak: 0B
