Warning: Permanently added '100.108.41.90' (ED25519) to the list of known hosts.
Running as unit: aspis-focus-1791123438655496000.service; invocation ID: 17a19552013f4350bee47a2e6b2de810
/home/dombarker/project-offloads/aspis-r57-lean-src-20260929-a/.r21-scratch/R689SelectedRootExponents.lean:25:2: error: No goals to be solved
'AspisV8R19.R689SelectedRootExponents.exponent_bounds' depends on axioms: [propext, Classical.choice, Quot.sound]
'AspisV8R19.R689SelectedRootExponents.exponent_injective' depends on axioms: [propext, Classical.choice, Quot.sound]
'AspisV8R19.R689SelectedRootExponents.exponent_sum_mod_ne_zero' depends on axioms: [propext, Quot.sound]
'AspisV8R19.R689SelectedRootExponents.exponent_residue_nonzero' depends on axioms: [propext,
 Classical.choice,
 Quot.sound]
'AspisV8R19.R689SelectedRootExponents.exponent_residue_eq_iff' depends on axioms: [propext,
 Classical.choice,
 Quot.sound]
'AspisV8R19.R689SelectedRootExponents.exponent_residue_ne_neg' depends on axioms: [propext,
 Classical.choice,
 Quot.sound]
Command exited with non-zero status 1
	Command being timed: "/home/dombarker/.elan/bin/lake --dir /home/dombarker/project-offloads/aspis-r126-release-20260930-a/focus-workspace env lean -j1 -M4500 -R /home/dombarker/project-offloads/aspis-r57-lean-src-20260929-a -o /home/dombarker/project-offloads/aspis-r126-release-20260930-a/lib/.r21-scratch/R689SelectedRootExponents.olean /home/dombarker/project-offloads/aspis-r57-lean-src-20260929-a/.r21-scratch/R689SelectedRootExponents.lean"
	User time (seconds): 0.69
	System time (seconds): 0.22
	Percent of CPU this job got: 100%
	Elapsed (wall clock) time (h:mm:ss or m:ss): 0:00.91
	Average shared text size (kbytes): 0
	Average unshared data size (kbytes): 0
	Average stack size (kbytes): 0
	Average total size (kbytes): 0
	Maximum resident set size (kbytes): 1851456
	Average resident set size (kbytes): 0
	Major (requiring I/O) page faults: 0
	Minor (reclaiming a frame) page faults: 44821
	Voluntary context switches: 716
	Involuntary context switches: 33
	Swaps: 0
	File system inputs: 0
	File system outputs: 0
	Socket messages sent: 0
	Socket messages received: 0
	Signals delivered: 0
	Page size (bytes): 4096
	Exit status: 1
Finished with result: exit-code
Main processes terminated with: code=exited/status=1
Service runtime: 942ms
CPU time consumed: 946ms
Memory peak: 512.0K
Memory swap peak: 0B
