Warning: Permanently added '100.108.41.90' (ED25519) to the list of known hosts.
Running as unit: aspis-focus-1791124193496686000.service; invocation ID: 5465b1552e7c4da79ee86afc785e3b77
'AspisV8R19.R691CircleCosetRoots.same_first_coordinate' depends on axioms: [propext, Classical.choice, Quot.sound]
'AspisV8R19.R691CircleCosetRoots.generator_order' depends on axioms: [propext, Classical.choice, Quot.sound]
'AspisV8R19.R691CircleCosetRoots.cosetRoot_injective' depends on axioms: [propext, Classical.choice, Quot.sound]
'AspisV8R19.R691CircleCosetRoots.cosetRoot_ne_one' depends on axioms: [propext, Classical.choice, Quot.sound]
'AspisV8R19.R691CircleCosetRoots.square_first_coordinate' depends on axioms: [propext, Quot.sound]
	Command being timed: "/home/dombarker/.elan/bin/lake --dir /home/dombarker/project-offloads/aspis-r126-release-20260930-a/focus-workspace env lean -j1 -M4500 -R /home/dombarker/project-offloads/aspis-r57-lean-src-20260929-a -o /home/dombarker/project-offloads/aspis-r126-release-20260930-a/lib/AspisV8R19/R691CircleCosetRoots.olean /home/dombarker/project-offloads/aspis-r57-lean-src-20260929-a/AspisV8R19/R691CircleCosetRoots.lean"
	User time (seconds): 1.27
	System time (seconds): 0.34
	Percent of CPU this job got: 100%
	Elapsed (wall clock) time (h:mm:ss or m:ss): 0:01.61
	Average shared text size (kbytes): 0
	Average unshared data size (kbytes): 0
	Average stack size (kbytes): 0
	Average total size (kbytes): 0
	Maximum resident set size (kbytes): 3272360
	Average resident set size (kbytes): 0
	Major (requiring I/O) page faults: 0
	Minor (reclaiming a frame) page faults: 78032
	Voluntary context switches: 999
	Involuntary context switches: 63
	Swaps: 0
	File system inputs: 0
	File system outputs: 704
	Socket messages sent: 0
	Socket messages received: 0
	Signals delivered: 0
	Page size (bytes): 4096
	Exit status: 0
Finished with result: success
Main processes terminated with: code=exited/status=0
Service runtime: 1.637s
CPU time consumed: 1.642s
Memory peak: 332.0K
Memory swap peak: 0B
