info: r32_focused: no previous manifest, creating one from scratch
info: toolchain not updated; already up-to-date
/home/dombarker/project-offloads/aspis-r32-lean-src-20260928-a/AspisV8R19/SparseGPolynomial.lean:60:0: warning: automatically included section variable(s) unused in theorem `AspisR19.SparseGPolynomial.source_scalar`:
  [Nontrivial F]
consider restructuring your `variable` declarations so that the variables are not in scope or explicitly omit them:
  omit [Nontrivial F] in theorem ...

Note: This linter can be disabled with `set_option linter.unusedSectionVars false`
/home/dombarker/project-offloads/aspis-r32-lean-src-20260928-a/AspisV8R19/SparseGPolynomial.lean:70:0: warning: automatically included section variable(s) unused in theorem `AspisR19.SparseGPolynomial.sparse_read`:
  [Nontrivial F]
consider restructuring your `variable` declarations so that the variables are not in scope or explicitly omit them:
  omit [Nontrivial F] in theorem ...

Note: This linter can be disabled with `set_option linter.unusedSectionVars false`
/home/dombarker/project-offloads/aspis-r32-lean-src-20260928-a/AspisV8R19/SparseGPolynomial.lean:76:0: warning: automatically included section variable(s) unused in theorem `AspisR19.SparseGPolynomial.delta_sum`:
  [Nontrivial F]
consider restructuring your `variable` declarations so that the variables are not in scope or explicitly omit them:
  omit [Nontrivial F] in theorem ...

Note: This linter can be disabled with `set_option linter.unusedSectionVars false`
'AspisR19.SparseGPolynomial.column_binding' depends on axioms: [propext, Quot.sound]
'AspisR19.SparseGPolynomial.entry_eval' depends on axioms: [propext, Classical.choice, Quot.sound]
'AspisR19.SparseGPolynomial.entry_degree' depends on axioms: [propext, Classical.choice, Quot.sound]
'AspisR19.SparseGPolynomial.minor_eval' depends on axioms: [propext, Classical.choice, Quot.sound]
'AspisR19.SparseGPolynomial.determinant_eval' depends on axioms: [propext, Classical.choice, Quot.sound]
'AspisR19.SparseGPolynomial.determinant_degree' depends on axioms: [propext, Classical.choice, Quot.sound]
'AspisR19.SparseGPolynomial.source_scalar' depends on axioms: [propext, Classical.choice, Quot.sound]
'AspisR19.SparseGPolynomial.sparse_read' depends on axioms: [propext, Classical.choice, Quot.sound]
'AspisR19.SparseGPolynomial.delta_sum' depends on axioms: [propext, Classical.choice, Quot.sound]
'AspisR19.SparseGPolynomial.witness_mulVec' depends on axioms: [propext, Classical.choice, Quot.sound]
'AspisR19.SparseGPolynomial.witness_det_ne_zero' depends on axioms: [propext, Classical.choice, Quot.sound]
'AspisR19.SparseGPolynomial.polynomial_ne_zero' depends on axioms: [propext, Classical.choice, Quot.sound]
'AspisR19.SparseGPolynomial.core_surjective_outside_zero_set' depends on axioms: [propext, Classical.choice, Quot.sound]
	Command being timed: "/home/dombarker/.elan/bin/lake env lean -R /home/dombarker/project-offloads/aspis-r32-lean-src-20260928-a -o /home/dombarker/project-offloads/aspis-r32-lean-20260928-d/lib/AspisV8R19/SparseGPolynomial.olean /home/dombarker/project-offloads/aspis-r32-lean-src-20260928-a/AspisV8R19/SparseGPolynomial.lean"
	User time (seconds): 3.49
	System time (seconds): 0.86
	Percent of CPU this job got: 155%
	Elapsed (wall clock) time (h:mm:ss or m:ss): 0:02.80
	Average shared text size (kbytes): 0
	Average unshared data size (kbytes): 0
	Average stack size (kbytes): 0
	Average total size (kbytes): 0
	Maximum resident set size (kbytes): 2306756
	Average resident set size (kbytes): 0
	Major (requiring I/O) page faults: 48
	Minor (reclaiming a frame) page faults: 117630
	Voluntary context switches: 5261
	Involuntary context switches: 71
	Swaps: 0
	File system inputs: 800
	File system outputs: 2280
	Socket messages sent: 0
	Socket messages received: 0
	Signals delivered: 0
	Page size (bytes): 4096
	Exit status: 0
