R30 phase=complete_low_support_basis active_min=91 G_min=128
R30 phase=normalized_kernel_section columns=699
R30 phase=core_then_residual_elimination
R30_KERNEL low_basis=264 columns=699 core_coordinate_equalities=339015 raw_zero_checks=61512 H_core=214 H_residual=8 G_core=271 G_residual=13 point_negative=true source_prefix_substituted=false full_privacy=false seconds=0.988898183
	Command being timed: "/home/dombarker/project-offloads/aspis-r30-kernel-20260928-a/check-a/r30-kernel-separation /home/dombarker/project-offloads/aspis-r30-kernel-20260928-a/world0-prefix.bin /home/dombarker/project-offloads/aspis-r30-kernel-20260928-a/check-a/world0"
	User time (seconds): 0.98
	System time (seconds): 0.00
	Percent of CPU this job got: 100%
	Elapsed (wall clock) time (h:mm:ss or m:ss): 0:00.99
	Average shared text size (kbytes): 0
	Average unshared data size (kbytes): 0
	Average stack size (kbytes): 0
	Average total size (kbytes): 0
	Maximum resident set size (kbytes): 15288
	Average resident set size (kbytes): 0
	Major (requiring I/O) page faults: 0
	Minor (reclaiming a frame) page faults: 3998
	Voluntary context switches: 1
	Involuntary context switches: 10
	Swaps: 0
	File system inputs: 0
	File system outputs: 16
	Socket messages sent: 0
	Socket messages received: 0
	Signals delivered: 0
	Page size (bytes): 4096
	Exit status: 0
