'AspisV8Completion.FSOracleExecution.run_extends' depends on axioms: [propext, Quot.sound]
'AspisV8Completion.FSOracleExecution.run_preserves_answer' depends on axioms: [propext]
'AspisV8Completion.FSOracleExecution.retained_prefix' depends on axioms: [propext, Quot.sound]
'AspisV8Completion.FSOracleExecution.call_bound' depends on axioms: [propext, Quot.sound]
'AspisV8Completion.FSOracleExecution.run_tape_congr' depends on axioms: [propext, Quot.sound]
'AspisV8Completion.FSOracleExecution.queryHash_refines' depends on axioms: [propext, Quot.sound]
        4.02 real         0.51 user         0.47 sys
           695435264  maximum resident set size
                   0  average shared memory size
                   0  average unshared data size
                   0  average unshared stack size
               20809  page reclaims
               28686  page faults
                   0  swaps
                   0  block input operations
                   0  block output operations
                   0  messages sent
                   0  messages received
                   0  signals received
                6173  voluntary context switches
               25800  involuntary context switches
           318984157  instructions retired
           122221444  cycles elapsed
            11682560  peak memory footprint
