Warning: Permanently added '100.108.41.90' (ED25519) to the list of known hosts.
Running as unit: aspis-focus-1791168405334757000-f4774ac7ba73.service; invocation ID: 676e5340ee1b414e9a1ee8e5db9126a4
'AspisV8R19.R877QM31SemanticDeterminant.m31_augmentedMatrix_eq_augmented' depends on axioms: [propext,
 Classical.choice,
 Quot.sound]
'AspisV8R19.R877QM31SemanticDeterminant.m31_augmentedMatrix_det_ne_zero' depends on axioms: [propext,
 Classical.choice,
 Quot.sound]
'AspisV8R19.R877QM31SemanticDeterminant.qm31Augmented_det_ne_zero' depends on axioms: [propext,
 Classical.choice,
 Quot.sound]
	Command being timed: "/home/dombarker/.elan/bin/lake --dir /home/dombarker/project-offloads/aspis-r126-release-20260930-a/focus-workspace env lean -j1 -M4500 -R /home/dombarker/project-offloads/aspis-r57-lean-src-20260929-a -o /home/dombarker/project-offloads/aspis-r126-release-20260930-a/lib/AspisV8R19/R877QM31SemanticDeterminant.olean /home/dombarker/project-offloads/aspis-r57-lean-src-20260929-a/AspisV8R19/R877QM31SemanticDeterminant.lean"
	User time (seconds): 2.63
	System time (seconds): 0.41
	Percent of CPU this job got: 100%
	Elapsed (wall clock) time (h:mm:ss or m:ss): 0:03.04
	Average shared text size (kbytes): 0
	Average unshared data size (kbytes): 0
	Average stack size (kbytes): 0
	Average total size (kbytes): 0
	Maximum resident set size (kbytes): 3614880
	Average resident set size (kbytes): 0
	Major (requiring I/O) page faults: 0
	Minor (reclaiming a frame) page faults: 85746
	Voluntary context switches: 606
	Involuntary context switches: 79
	Swaps: 0
	File system inputs: 0
	File system outputs: 5016
	Socket messages sent: 0
	Socket messages received: 0
	Signals delivered: 0
	Page size (bytes): 4096
	Exit status: 0
Finished with result: success
Main processes terminated with: code=exited/status=0
Service runtime: 3.090s
CPU time consumed: 3.090s
Memory peak: 260.0K
Memory swap peak: 0B
