   Compiling typenum v1.20.1
   Compiling serde_core v1.0.229
   Compiling serde v1.0.229
   Compiling cfg-if v1.0.4
   Compiling generic-array v0.14.7
   Compiling solana-define-syscall v2.3.0
   Compiling borsh v1.8.1
   Compiling five8_core v0.1.2
   Compiling zerocopy v0.8.56
   Compiling crypto-common v0.1.7
   Compiling block-buffer v0.10.4
   Compiling ahash v0.8.12
   Compiling digest v0.10.7
   Compiling five8 v0.2.1
   Compiling bytemuck v1.25.2
   Compiling once_cell v1.21.4
   Compiling solana-sanitize v2.2.1
   Compiling solana-atomic-u64 v2.2.1
   Compiling solana-hash v2.3.0
   Compiling num-traits v0.2.19
   Compiling sha2 v0.10.9
   Compiling solana-sha256-hasher v2.3.0
   Compiling solana-decode-error v2.3.0
   Compiling five8_const v0.1.4
   Compiling zmij v1.0.23
   Compiling serde_json v1.0.151
   Compiling itoa v1.0.18
   Compiling memchr v2.8.3
   Compiling hashbrown v0.13.2
   Compiling borsh v0.10.4
   Compiling solana-pubkey v2.4.0
   Compiling bincode v1.3.3
   Compiling solana-sdk-ids v2.2.1
   Compiling solana-sysvar-id v2.2.1
   Compiling solana-msg v2.2.1
   Compiling solana-program-memory v2.3.1
   Compiling solana-clock v2.2.3
   Compiling solana-instruction v2.3.3
   Compiling hybrid-array v0.4.14
   Compiling solana-program-error v2.2.2
   Compiling solana-account-info v2.3.0
   Compiling solana-system-interface v1.0.0
   Compiling cmov v0.5.4
   Compiling ctutils v0.4.2
   Compiling crypto-common v0.2.2
   Compiling block-buffer v0.12.1
   Compiling blake3 v1.8.7
   Compiling bv v0.11.1
   Compiling solana-stable-layout v2.2.1
   Compiling solana-serialize-utils v2.2.1
   Compiling solana-rent v2.2.1
   Compiling serde_bytes v0.11.19
   Compiling constant_time_eq v0.4.2
   Compiling arrayvec v0.7.8
   Compiling digest v0.11.3
   Compiling log v0.4.34
   Compiling solana-fee-calculator v2.2.1
   Compiling thiserror v2.0.20
   Compiling solana-cpi v2.2.1
   Compiling solana-slot-hashes v2.2.1
   Compiling solana-short-vec v2.2.1
   Compiling keccak v0.1.6
   Compiling lazy_static v1.5.0
   Compiling aspis-core v0.1.0 (/home/dombarker/project-offloads/aspis-r20-compose-20260928-d/crates/aspis-core)
   Compiling sha3 v0.10.9
   Compiling solana-slot-history v2.2.1
   Compiling memoffset v0.9.1
   Compiling solana-stake-interface v1.2.1
   Compiling solana-instructions-sysvar v2.2.2
   Compiling solana-program-entrypoint v2.3.0
   Compiling solana-account v2.2.1
   Compiling solana-transaction-error v2.2.1
   Compiling solana-bincode v2.2.1
   Compiling solana-epoch-schedule v2.2.1
   Compiling solana-epoch-rewards v2.2.1
   Compiling solana-last-restart-slot v2.2.1
   Compiling solana-serde-varint v2.2.2
   Compiling solana-vote-interface v2.2.6
   Compiling solana-sysvar v2.3.0
   Compiling solana-message v2.4.0
   Compiling solana-feature-gate-interface v2.2.2
   Compiling solana-secp256k1-recover v2.2.1
warning: unused imports: `begin_payment_zerocheck` and `verify_payment_sumcheck_messages`
  --> src/circle_prefix.rs:17:5
   |
17 |     begin_payment_zerocheck, decode_wire, verify_payment_sumcheck_messages,
   |     ^^^^^^^^^^^^^^^^^^^^^^^               ^^^^^^^^^^^^^^^^^^^^^^^^^^^^^^^^
   |
   = note: `#[warn(unused_imports)]` on by default

   Compiling solana-keccak-hasher v2.2.1
   Compiling solana-address-lookup-table-interface v2.2.2
   Compiling solana-blake3-hasher v2.2.1
   Compiling solana-nonce v2.2.1
   Compiling solana-loader-v3-interface v5.0.0
   Compiling solana-loader-v4-interface v2.2.1
   Compiling solana-loader-v2-interface v2.2.1
   Compiling solana-program-pack v2.2.1
   Compiling solana-borsh v2.2.1
   Compiling solana-big-mod-exp v2.2.1
   Compiling getrandom v0.2.17
   Compiling bs58 v0.5.1
   Compiling solana-native-token v2.3.0
   Compiling solana-program-option v2.2.1
   Compiling solana-program v2.3.0
   Compiling aspis-statement v0.1.0 (/home/dombarker/project-offloads/aspis-r20-compose-20260928-d/crates/aspis-statement)
warning: unused imports: `copy_logup_residual` and `range_logup_residual`
  --> src/constraints_v4.rs:21:56
   |
21 |     build_copy_logup_helper, build_range_logup_helper, copy_logup_residual, range_logup_residual,
   |                                                        ^^^^^^^^^^^^^^^^^^^  ^^^^^^^^^^^^^^^^^^^^
   |
   = note: `#[warn(unused_imports)]` on by default

warning: unused import: `evaluate_trace_round`
  --> src/constraints_v4.rs:26:5
   |
26 |     evaluate_trace_round, trace_round_constant, DIGEST_ELEMS, POSEIDON2_WIDTH, RATE,
   |     ^^^^^^^^^^^^^^^^^^^^

warning: unused imports: `is_poseidon_active_row`, `is_poseidon_padding_row`, `merkle_boundary_layout`, `visit_copy_exceptional_terminal_links`, and `visit_copy_terminal_links`
  --> src/constraints_v4.rs:30:47
   |
30 |     copy_terminal_pattern, has_carry_payload, is_poseidon_active_row, is_poseidon_padding_row,
   |                                               ^^^^^^^^^^^^^^^^^^^^^^  ^^^^^^^^^^^^^^^^^^^^^^^
31 |     merkle_boundary_layout, permutation_block_schedule, source_relation_layout,
   |     ^^^^^^^^^^^^^^^^^^^^^^
32 |     visit_copy_exceptional_terminal_links, visit_copy_links, visit_copy_terminal_links,
   |     ^^^^^^^^^^^^^^^^^^^^^^^^^^^^^^^^^^^^^                    ^^^^^^^^^^^^^^^^^^^^^^^^^

warning: unused imports: `POOL_V1_PAIR_FOREST_ALL_LANES_MASK` and `decode_pool_v1_pair_late_public_statement_v1`
  --> src/pool_v1/pair_forest_terminal.rs:15:5
   |
15 |     decode_pool_v1_pair_late_public_statement_v1, decode_pool_v1_pair_verified_afterstate_v1,
   |     ^^^^^^^^^^^^^^^^^^^^^^^^^^^^^^^^^^^^^^^^^^^^
...
24 |     PoolV1WithdrawalPublicV1, POOL_V1_DIGEST_ENCODING_VERSION, POOL_V1_PAIR_FOREST_ALL_LANES_MASK,
   |                                                                ^^^^^^^^^^^^^^^^^^^^^^^^^^^^^^^^^^

warning: unused imports: `trace_round_constant` and `trace_round_descriptor`
  --> src/state_only_poseidon.rs:18:5
   |
18 |     trace_round_constant, trace_round_descriptor, EXTERNAL_FINAL, EXTERNAL_INITIAL, INTERNAL,
   |     ^^^^^^^^^^^^^^^^^^^^  ^^^^^^^^^^^^^^^^^^^^^^

warning: type `CompiledCopyLink` is more private than the item `COMPILED_COPY_LINKS`
   --> src/state_only_terminal_constants.rs:850:1
    |
850 | pub(crate) const COMPILED_COPY_LINKS: [CompiledCopyLink; 102] = [
    | ^^^^^^^^^^^^^^^^^^^^^^^^^^^^^^^^^^^^^^^^^^^^^^^^^^^^^^^^^^^^^ constant `COMPILED_COPY_LINKS` is reachable at visibility `pub(crate)`
    |
note: but type `CompiledCopyLink` is only usable at visibility `pub(self)`
   --> src/state_only_terminal.rs:88:1
    |
88  | struct CompiledCopyLink {
    | ^^^^^^^^^^^^^^^^^^^^^^^
    = note: `#[warn(private_interfaces)]` on by default

warning: `aspis-core` (lib) generated 1 warning (run `cargo fix --lib -p aspis-core` to apply 1 suggestion)
warning: `aspis-statement` (lib) generated 6 warnings (run `cargo fix --lib -p aspis-statement` to apply 5 suggestions)
   Compiling aspis-v8-performance-sbf v0.0.0 (/home/dombarker/project-offloads/aspis-r20-compose-20260928-d/docs/research/v8-no-work-100-20260907/experiments/performance-sbf)
warning: unused imports: `M31_HALF` and `M31`
 --> ../r17_owned_weights.rs:2:69
  |
2 | use super::{basis_transport::transport, corelib::field::{QM31 as K, M31, M31_HALF}};
  |                                                                     ^^^  ^^^^^^^^
  |
  = note: `#[warn(unused_imports)]` on by default

warning: unused import: `aspis_statement::pool_v1::*`
 --> ../positive_transfer.rs:6:5
  |
6 | use aspis_statement::pool_v1::*;
  |     ^^^^^^^^^^^^^^^^^^^^^^^^^^^

warning: unused import: `evaluate_state_only_polynomial`
 --> ../performance_verifier.rs:6:63
  |
6 | use corelib::state_only_sumcheck::{begin_state_only_zerocheck,evaluate_state_only_polynomial};
  |                                                               ^^^^^^^^^^^^^^^^^^^^^^^^^^^^^^

warning: use of deprecated field `solana_program::solana_program_entrypoint::BumpAllocator::start`: This field should not be accessed directly. It will become private in future versions
   --> ../relation_callback.rs:373:9
    |
373 |         start: solana_program::entrypoint::HEAP_START_ADDRESS as usize,
    |         ^^^^^^^^^^^^^^^^^^^^^^^^^^^^^^^^^^^^^^^^^^^^^^^^^^^^^^^^^^^^^^
    |
    = note: `#[warn(deprecated)]` on by default

warning: use of deprecated field `solana_program::solana_program_entrypoint::BumpAllocator::len`: This field should not be accessed directly. It will become private in future versions
   --> ../relation_callback.rs:374:9
    |
374 |         len: 256 * 1024,
    |         ^^^^^^^^^^^^^^^

warning: unused variable: `x`
   --> ../r17_host_relation.rs:162:17
    |
162 |         for (j,(x,y)) in [(base.x,base.y),(base.x,base.y.neg()),(base.x.neg(),base.y.neg()),(base.x.neg(),base.y)].into_iter().enumerate() {
    |                 ^ help: if this is intentional, prefix it with an underscore: `_x`
    |
    = note: `#[warn(unused_variables)]` on by default

warning: unused variable: `y`
   --> ../r17_host_relation.rs:162:19
    |
162 |         for (j,(x,y)) in [(base.x,base.y),(base.x,base.y.neg()),(base.x.neg(),base.y.neg()),(base.x.neg(),base.y)].into_iter().enumerate() {
    |                   ^ help: if this is intentional, prefix it with an underscore: `_y`

warning: unused variable: `x`
   --> ../r17_host_relation.rs:206:25
    |
206 |             for (slot, (x, y)) in [
    |                         ^ help: if this is intentional, prefix it with an underscore: `_x`

warning: unused variable: `y`
   --> ../r17_host_relation.rs:206:28
    |
206 |             for (slot, (x, y)) in [
    |                            ^ help: if this is intentional, prefix it with an underscore: `_y`

warning: unused variable: `x`
   --> ../r17_host_relation.rs:337:17
    |
337 |         for (j,(x,y)) in [(base.x,base.y),(base.x,base.y.neg()),(base.x.neg(),base.y.neg()),(base.x.neg(),base.y)].into_iter().enumerate() {
    |                 ^ help: if this is intentional, prefix it with an underscore: `_x`

warning: unused variable: `y`
   --> ../r17_host_relation.rs:337:19
    |
337 |         for (j,(x,y)) in [(base.x,base.y),(base.x,base.y.neg()),(base.x.neg(),base.y.neg()),(base.x.neg(),base.y)].into_iter().enumerate() {
    |                   ^ help: if this is intentional, prefix it with an underscore: `_y`

warning: unused variable: `x`
   --> ../r17_host_relation.rs:381:25
    |
381 |             for (slot, (x, y)) in [
    |                         ^ help: if this is intentional, prefix it with an underscore: `_x`

warning: unused variable: `y`
   --> ../r17_host_relation.rs:381:28
    |
381 |             for (slot, (x, y)) in [
    |                            ^ help: if this is intentional, prefix it with an underscore: `_y`

warning: unused variable: `x`
   --> ../relation_callback.rs:234:17
    |
234 |         for (j,(x,y)) in [(base.x,base.y),(base.x,base.y.neg()),(base.x.neg(),base.y.neg()),(base.x.neg(),base.y)].into_iter().enumerate(){
    |                 ^ help: if this is intentional, prefix it with an underscore: `_x`

warning: unused variable: `y`
   --> ../relation_callback.rs:234:19
    |
234 |         for (j,(x,y)) in [(base.x,base.y),(base.x,base.y.neg()),(base.x.neg(),base.y.neg()),(base.x.neg(),base.y)].into_iter().enumerate(){
    |                   ^ help: if this is intentional, prefix it with an underscore: `_y`

warning: `aspis-v8-performance-sbf` (lib) generated 15 warnings (run `cargo fix --lib -p aspis-v8-performance-sbf` to apply 3 suggestions)
    Finished `release` profile [optimized] target(s) in 32.83s
	Command being timed: "/home/dombarker/.local/share/solana/install/active_release/bin/cargo-build-sbf --arch v3 --offline --skip-tools-install --no-rustup-override --tools-version v1.54 --jobs 2 --features selected-v7-kernels --manifest-path /home/dombarker/project-offloads/aspis-r20-compose-20260928-d/docs/research/v8-no-work-100-20260907/experiments/performance-sbf/Cargo.toml --sbf-out-dir /home/dombarker/project-offloads/aspis-r24-v3-20260928-a/sbf"
	User time (seconds): 52.36
	System time (seconds): 3.99
	Percent of CPU this job got: 170%
	Elapsed (wall clock) time (h:mm:ss or m:ss): 0:33.00
	Average shared text size (kbytes): 0
	Average unshared data size (kbytes): 0
	Average stack size (kbytes): 0
	Average total size (kbytes): 0
	Maximum resident set size (kbytes): 589108
	Average resident set size (kbytes): 0
	Major (requiring I/O) page faults: 624
	Minor (reclaiming a frame) page faults: 1431978
	Voluntary context switches: 4644
	Involuntary context switches: 852
	Swaps: 0
	File system inputs: 140576
	File system outputs: 449120
	Socket messages sent: 0
	Socket messages received: 0
	Signals delivered: 0
	Page size (bytes): 4096
	Exit status: 0
