Warning: Permanently added '100.108.41.90' (ED25519) to the list of known hosts.
Running as unit: aspis-focus-1791164949946571000-227341396ebb.service; invocation ID: c5779136502a474bb6f81a60f5f2c62f
/home/dombarker/project-offloads/aspis-r57-lean-src-20260929-a/AspisV8R19/R863SemanticStructuredMoment.lean:17:7: error(lean.unknownIdentifier): Unknown identifier `indexedMask`

Note: It is not possible to treat `indexedMask` as an implicitly bound variable here because the `autoImplicit` option is set to `false`.
/home/dombarker/project-offloads/aspis-r57-lean-src-20260929-a/AspisV8R19/R863SemanticStructuredMoment.lean:19:7: error(lean.unknownIdentifier): Unknown identifier `indexedMask`

Note: It is not possible to treat `indexedMask` as an implicitly bound variable here because the `autoImplicit` option is set to `false`.
/home/dombarker/project-offloads/aspis-r57-lean-src-20260929-a/AspisV8R19/R863SemanticStructuredMoment.lean:20:51: error(lean.unknownIdentifier): Unknown identifier `indexedMask`

Note: It is not possible to treat `indexedMask` as an implicitly bound variable here because the `autoImplicit` option is set to `false`.
/home/dombarker/project-offloads/aspis-r57-lean-src-20260929-a/AspisV8R19/R863SemanticStructuredMoment.lean:21:15: error(lean.unknownIdentifier): Unknown identifier `flattenFull`

Note: It is not possible to treat `flattenFull` as an implicitly bound variable here because the `autoImplicit` option is set to `false`.
/home/dombarker/project-offloads/aspis-r57-lean-src-20260929-a/AspisV8R19/R863SemanticStructuredMoment.lean:22:15: error(lean.unknownIdentifier): Unknown identifier `flattenFull`

Note: It is not possible to treat `flattenFull` as an implicitly bound variable here because the `autoImplicit` option is set to `false`.
/home/dombarker/project-offloads/aspis-r57-lean-src-20260929-a/AspisV8R19/R863SemanticStructuredMoment.lean:23:15: error(lean.unknownIdentifier): Unknown identifier `flattenFull`

Note: It is not possible to treat `flattenFull` as an implicitly bound variable here because the `autoImplicit` option is set to `false`.
/home/dombarker/project-offloads/aspis-r57-lean-src-20260929-a/AspisV8R19/R863SemanticStructuredMoment.lean:25:6: error(lean.unknownIdentifier): Unknown identifier `actualCoin`

Note: It is not possible to treat `actualCoin` as an implicitly bound variable here because the `autoImplicit` option is set to `false`.
/home/dombarker/project-offloads/aspis-r57-lean-src-20260929-a/AspisV8R19/R863SemanticStructuredMoment.lean:27:16: error(lean.unknownIdentifier): Unknown identifier `fullWeight`

Note: It is not possible to treat `fullWeight` as an implicitly bound variable here because the `autoImplicit` option is set to `false`.
/home/dombarker/project-offloads/aspis-r57-lean-src-20260929-a/AspisV8R19/R863SemanticStructuredMoment.lean:32:8: error(lean.unknownIdentifier): Unknown identifier `indexedMask`
/home/dombarker/project-offloads/aspis-r57-lean-src-20260929-a/AspisV8R19/R863SemanticStructuredMoment.lean:36:19: error(lean.unknownIdentifier): Unknown identifier `fullRelation`
/home/dombarker/project-offloads/aspis-r57-lean-src-20260929-a/AspisV8R19/R863SemanticStructuredMoment.lean:38:6: error(lean.unknownIdentifier): Unknown identifier `fullRelation`
/home/dombarker/project-offloads/aspis-r57-lean-src-20260929-a/AspisV8R19/R863SemanticStructuredMoment.lean:45:5: error(lean.unknownIdentifier): Unknown identifier `fullWeight`
/home/dombarker/project-offloads/aspis-r57-lean-src-20260929-a/AspisV8R19/R863SemanticStructuredMoment.lean:46:9: error(lean.unknownIdentifier): Unknown identifier `fullRelation`
/home/dombarker/project-offloads/aspis-r57-lean-src-20260929-a/AspisV8R19/R863SemanticStructuredMoment.lean:48:4: error(lean.unknownIdentifier): Unknown identifier `fullRelation`
/home/dombarker/project-offloads/aspis-r57-lean-src-20260929-a/AspisV8R19/R863SemanticStructuredMoment.lean:51:18: error(lean.unknownIdentifier): Unknown identifier `fullWeight`
/home/dombarker/project-offloads/aspis-r57-lean-src-20260929-a/AspisV8R19/R863SemanticStructuredMoment.lean:46:2: error: maximum recursion depth has been reached
use `set_option maxRecDepth <num>` to increase limit
use `set_option diagnostics true` to get diagnostic information
'AspisV8R19.R863SemanticStructuredMoment.semantic_structured_moment' depends on axioms: [propext,
 sorryAx,
 Classical.choice,
 Quot.sound]
Command exited with non-zero status 1
	Command being timed: "/home/dombarker/.elan/bin/lake --dir /home/dombarker/project-offloads/aspis-r126-release-20260930-a/focus-workspace env lean -j1 -M4500 -R /home/dombarker/project-offloads/aspis-r57-lean-src-20260929-a -o /home/dombarker/project-offloads/aspis-r126-release-20260930-a/lib/AspisV8R19/R863SemanticStructuredMoment.olean /home/dombarker/project-offloads/aspis-r57-lean-src-20260929-a/AspisV8R19/R863SemanticStructuredMoment.lean"
	User time (seconds): 0.95
	System time (seconds): 0.38
	Percent of CPU this job got: 99%
	Elapsed (wall clock) time (h:mm:ss or m:ss): 0:01.34
	Average shared text size (kbytes): 0
	Average unshared data size (kbytes): 0
	Average stack size (kbytes): 0
	Average total size (kbytes): 0
	Maximum resident set size (kbytes): 3282696
	Average resident set size (kbytes): 0
	Major (requiring I/O) page faults: 8
	Minor (reclaiming a frame) page faults: 77466
	Voluntary context switches: 249
	Involuntary context switches: 61
	Swaps: 0
	File system inputs: 1216
	File system outputs: 0
	Socket messages sent: 0
	Socket messages received: 0
	Signals delivered: 0
	Page size (bytes): 4096
	Exit status: 1
Finished with result: exit-code
Main processes terminated with: code=exited/status=1
Service runtime: 1.374s
CPU time consumed: 1.365s
Memory peak: 256.0K
Memory swap peak: 0B
