Try this:
  [apply] ring_nf
  
  The `ring` tactic failed to close the goal. Use `ring_nf` to obtain a normal form.
    
  Note that `ring` works primarily in *commutative* rings. If you have a noncommutative ring, abelian group or module, consider using `noncomm_ring`, `abel` or `module` instead.
/home/dombarker/project-offloads/aspis-r21-tools-20260922-a/SparseGCoreInverse.lean:59:2: error: unsolved goals
case inl
F : Type u_1
inst✝ : CommRing F
x : ℕ → F
i : ℕ
hi : i = 4 * (i / 4) + i % 4
h : i % 4 = 0
hd : (128 + 3 * i) / 4 = 32 + 3 * (i / 4) + 3 * (i % 4) / 4
hs : (128 + 3 * i) % 4 = 3 * (i % 4) % 4
hb : ¬32 + 3 * (i / 4) + 0 < 32
hdiv : (32 + 3 * (i / 4) + 0 - 32) / 3 = i / 4
hmod : (32 + 3 * (i / 4) + 0 - 32) % 3 = 0
he : 4 * (i / 4) = i
⊢ (if True then
      ((-if True then if True then x i else if 1 = 3 then x (1 + i) else 0
            else if 0 = 1 then if 1 = 2 then x (2 + i) else 0 else if True then x (3 + i) else 0) -
          if True then if 2 = 1 then x i else if 2 = 3 then x (1 + i) else 0
          else if 0 = 1 then if True then x (2 + i) else 0 else if 2 = 1 then x (3 + i) else 0) -
        if True then if 3 = 1 then x i else if True then x (1 + i) else 0
        else if 0 = 1 then if 3 = 2 then x (2 + i) else 0 else if 3 = 1 then x (3 + i) else 0
    else
      if True then if 0 = 1 then x i else if 0 = 3 then x (1 + i) else 0
      else if 0 = 1 then if 0 = 2 then x (2 + i) else 0 else if 0 = 1 then x (3 + i) else 0) =
    if True then -x i - x (1 + i) else x i
/home/dombarker/project-offloads/aspis-r21-tools-20260922-a/SparseGCoreInverse.lean:36:40: error: unsolved goals
case inr.inl
F : Type u_1
inst✝ : CommRing F
x : ℕ → F
i : ℕ
hi : i = 4 * (i / 4) + i % 4
h : i % 4 = 1
hd : (128 + 3 * i) / 4 = 32 + 3 * (i / 4) + 3 * (i % 4) / 4
hs : (128 + 3 * i) % 4 = 3 * (i % 4) % 4
hb : ¬32 + 3 * (i / 4) + 0 < 32
hdiv : (32 + 3 * (i / 4) + 0 - 32) / 3 = i / 4
hmod : (32 + 3 * (i / 4) + 0 - 32) % 3 = 0
⊢ (if 3 = 0 then
      -(((if True then if True then x (4 * (i / 4)) else if 1 = 3 then x (4 * (i / 4) + 1) else 0
            else if 0 = 1 then if 1 = 2 then x (4 * (i / 4) + 2) else 0 else if True then x (4 * (i / 4) + 3) else 0) +
            if True then if 2 = 1 then x (4 * (i / 4)) else if 2 = 3 then x (4 * (i / 4) + 1) else 0
            else if 0 = 1 then if True then x (4 * (i / 4) + 2) else 0 else if 2 = 1 then x (4 * (i / 4) + 3) else 0) +
          if True then if 3 = 1 then x (4 * (i / 4)) else if True then x (4 * (i / 4) + 1) else 0
          else if 0 = 1 then if 3 = 2 then x (4 * (i / 4) + 2) else 0 else if 3 = 1 then x (4 * (i / 4) + 3) else 0)
    else
      if True then if 3 = 1 then x (4 * (i / 4)) else if True then x (4 * (i / 4) + 1) else 0
      else if 0 = 1 then if 3 = 2 then x (4 * (i / 4) + 2) else 0 else if 3 = 1 then x (4 * (i / 4) + 3) else 0) =
    if 1 = 0 then -x i - x (i + 1) else x i

case inr.inr.inl
F : Type u_1
inst✝ : CommRing F
x : ℕ → F
i : ℕ
hi : i = 4 * (i / 4) + i % 4
h : i % 4 = 2
hd : (128 + 3 * i) / 4 = 32 + 3 * (i / 4) + 3 * (i % 4) / 4
hs : (128 + 3 * i) % 4 = 3 * (i % 4) % 4
hb : ¬32 + 3 * (i / 4) + 1 < 32
hdiv : (32 + 3 * (i / 4) + 1 - 32) / 3 = i / 4
hmod : (32 + 3 * (i / 4) + 1 - 32) % 3 = 1
⊢ (if 2 = 0 then
      -(((if 1 = 0 then if True then x (4 * (i / 4)) else if 1 = 3 then x (4 * (i / 4) + 1) else 0
            else if True then if 1 = 2 then x (4 * (i / 4) + 2) else 0 else if True then x (4 * (i / 4) + 3) else 0) +
            if 1 = 0 then if 2 = 1 then x (4 * (i / 4)) else if 2 = 3 then x (4 * (i / 4) + 1) else 0
            else if True then if True then x (4 * (i / 4) + 2) else 0 else if 2 = 1 then x (4 * (i / 4) + 3) else 0) +
          if 1 = 0 then if 3 = 1 then x (4 * (i / 4)) else if True then x (4 * (i / 4) + 1) else 0
          else if True then if 3 = 2 then x (4 * (i / 4) + 2) else 0 else if 3 = 1 then x (4 * (i / 4) + 3) else 0)
    else
      if 1 = 0 then if 2 = 1 then x (4 * (i / 4)) else if 2 = 3 then x (4 * (i / 4) + 1) else 0
      else if True then if True then x (4 * (i / 4) + 2) else 0 else if 2 = 1 then x (4 * (i / 4) + 3) else 0) =
    if 2 = 0 then -x i - x (i + 1) else x i

case inr.inr.inr
F : Type u_1
inst✝ : CommRing F
x : ℕ → F
i : ℕ
hi : i = 4 * (i / 4) + i % 4
h : i % 4 = 3
hd : (128 + 3 * i) / 4 = 32 + 3 * (i / 4) + 3 * (i % 4) / 4
hs : (128 + 3 * i) % 4 = 3 * (i % 4) % 4
hb : ¬32 + 3 * (i / 4) + 2 < 32
hdiv : (32 + 3 * (i / 4) + 2 - 32) / 3 = i / 4
hmod : (32 + 3 * (i / 4) + 2 - 32) % 3 = 2
⊢ (if 1 = 0 then
      -(((if 2 = 0 then if True then x (4 * (i / 4)) else if 1 = 3 then x (4 * (i / 4) + 1) else 0
            else if 2 = 1 then if 1 = 2 then x (4 * (i / 4) + 2) else 0 else if True then x (4 * (i / 4) + 3) else 0) +
            if 2 = 0 then if 2 = 1 then x (4 * (i / 4)) else if 2 = 3 then x (4 * (i / 4) + 1) else 0
            else if 2 = 1 then if True then x (4 * (i / 4) + 2) else 0 else if 2 = 1 then x (4 * (i / 4) + 3) else 0) +
          if 2 = 0 then if 3 = 1 then x (4 * (i / 4)) else if True then x (4 * (i / 4) + 1) else 0
          else if 2 = 1 then if 3 = 2 then x (4 * (i / 4) + 2) else 0 else if 3 = 1 then x (4 * (i / 4) + 3) else 0)
    else
      if 2 = 0 then if True then x (4 * (i / 4)) else if 1 = 3 then x (4 * (i / 4) + 1) else 0
      else if 2 = 1 then if 1 = 2 then x (4 * (i / 4) + 2) else 0 else if True then x (4 * (i / 4) + 3) else 0) =
    if 3 = 0 then -x i - x (i + 1) else x i
Try this:
  [apply] ring_nf
  
  The `ring` tactic failed to close the goal. Use `ring_nf` to obtain a normal form.
    
  Note that `ring` works primarily in *commutative* rings. If you have a noncommutative ring, abelian group or module, consider using `noncomm_ring`, `abel` or `module` instead.
/home/dombarker/project-offloads/aspis-r21-tools-20260922-a/SparseGCoreInverse.lean:108:24: error: Tactic `split` failed: Could not split an `if` or `match` expression in the goal

Hint: Use `set_option trace.split.failure true` to display additional diagnostic information

case isFalse.isTrue
F : Type u_1
inst✝ : CommRing F
h : F
hh : 2 * h = 1
x : Fin 271 → F
i : Fin 271
h✝¹ : ¬↑i % 4 = 0
h✝ : ↑i < 271
⊢ h * x ⟨↑i, ⋯⟩ = h * x ⟨↑i, ⋯⟩
/home/dombarker/project-offloads/aspis-r21-tools-20260922-a/SparseGCoreInverse.lean:108:24: error: Tactic `split` failed: Could not split an `if` or `match` expression in the goal

Hint: Use `set_option trace.split.failure true` to display additional diagnostic information

case isFalse.isFalse
F : Type u_1
inst✝ : CommRing F
h : F
hh : 2 * h = 1
x : Fin 271 → F
i : Fin 271
h✝¹ : ¬↑i % 4 = 0
h✝ : ¬↑i < 271
⊢ 0 = h * 0
'AspisR19.SparseGCoreInverse.block_involution' depends on axioms: [propext, Quot.sound]
'AspisR19.SparseGCoreInverse.source_block' depends on axioms: [propext, sorryAx, Quot.sound]
'AspisR19.SparseGCoreInverse.extend_block' depends on axioms: [propext, Quot.sound]
'AspisR19.SparseGCoreInverse.finite_involution' depends on axioms: [propext, Quot.sound]
'AspisR19.SparseGCoreInverse.finite_bijective' depends on axioms: [propext, Quot.sound]
'AspisR19.SparseGCoreInverse.finite_source_inverse' depends on axioms: [propext, sorryAx, Quot.sound]
'AspisR19.SparseGCoreInverse.normalized_chord' depends on axioms: [propext]
'AspisR19.SparseGCoreInverse.witness_excluded' depends on axioms: [propext]
'AspisR19.SparseGCoreInverse.scaled_block_inverse' depends on axioms: [propext, sorryAx, Quot.sound]
Command exited with non-zero status 1
	Command being timed: "/home/dombarker/.elan/bin/lake env lean /home/dombarker/project-offloads/aspis-r21-tools-20260922-a/SparseGCoreInverse.lean"
	User time (seconds): 3.46
	System time (seconds): 0.71
	Percent of CPU this job got: 149%
	Elapsed (wall clock) time (h:mm:ss or m:ss): 0:02.79
	Average shared text size (kbytes): 0
	Average unshared data size (kbytes): 0
	Average stack size (kbytes): 0
	Average total size (kbytes): 0
	Maximum resident set size (kbytes): 1677188
	Average resident set size (kbytes): 0
	Major (requiring I/O) page faults: 0
	Minor (reclaiming a frame) page faults: 85626
	Voluntary context switches: 2292
	Involuntary context switches: 128
	Swaps: 0
	File system inputs: 8
	File system outputs: 16
	Socket messages sent: 0
	Socket messages received: 0
	Signals delivered: 0
	Page size (bytes): 4096
	Exit status: 1
