Warning: Permanently added '100.108.41.90' (ED25519) to the list of known hosts.
Running as unit: aspis-focus-1791167455074613000-64e05833c18c.service; invocation ID: 40a35d799c0f4ddfa96ca0acb2aad965
/home/dombarker/project-offloads/aspis-r57-lean-src-20260929-a/AspisV8R19/R872NormalizedAugmentedSemanticMatrix.lean:49:62: error(lean.unknownIdentifier): Unknown identifier `unfold`
/home/dombarker/project-offloads/aspis-r57-lean-src-20260929-a/AspisV8R19/R872NormalizedAugmentedSemanticMatrix.lean:64:54: error(lean.unknownIdentifier): Unknown identifier `unfold`
/home/dombarker/project-offloads/aspis-r57-lean-src-20260929-a/AspisV8R19/R872NormalizedAugmentedSemanticMatrix.lean:66:13: error: unexpected token 'with'; expected command
'AspisV8R19.R872NormalizedAugmentedSemanticMatrix.semantic_eq_actualCoin_pairing' depends on axioms: [propext,
 sorryAx,
 Classical.choice,
 Quot.sound]
'AspisV8R19.R872NormalizedAugmentedSemanticMatrix.normalizedAugmented_eq_augmented' depends on axioms: [propext,
 sorryAx,
 Classical.choice,
 Quot.sound]
'AspisV8R19.R872NormalizedAugmentedSemanticMatrix.normalizedAugmented_det_ne_zero_of_block_eq' depends on axioms: [propext,
 sorryAx,
 Classical.choice,
 Quot.sound]
Command exited with non-zero status 1
	Command being timed: "/home/dombarker/.elan/bin/lake --dir /home/dombarker/project-offloads/aspis-r126-release-20260930-a/focus-workspace env lean -j1 -M4500 -R /home/dombarker/project-offloads/aspis-r57-lean-src-20260929-a -o /home/dombarker/project-offloads/aspis-r126-release-20260930-a/lib/AspisV8R19/R872NormalizedAugmentedSemanticMatrix.olean /home/dombarker/project-offloads/aspis-r57-lean-src-20260929-a/AspisV8R19/R872NormalizedAugmentedSemanticMatrix.lean"
	User time (seconds): 1.01
	System time (seconds): 0.43
	Percent of CPU this job got: 100%
	Elapsed (wall clock) time (h:mm:ss or m:ss): 0:01.44
	Average shared text size (kbytes): 0
	Average unshared data size (kbytes): 0
	Average stack size (kbytes): 0
	Average total size (kbytes): 0
	Maximum resident set size (kbytes): 3562656
	Average resident set size (kbytes): 0
	Major (requiring I/O) page faults: 0
	Minor (reclaiming a frame) page faults: 81981
	Voluntary context switches: 497
	Involuntary context switches: 77
	Swaps: 0
	File system inputs: 0
	File system outputs: 0
	Socket messages sent: 0
	Socket messages received: 0
	Signals delivered: 0
	Page size (bytes): 4096
	Exit status: 1
Finished with result: exit-code
Main processes terminated with: code=exited/status=1
Service runtime: 1.471s
CPU time consumed: 1.472s
Memory peak: 516.0K
Memory swap peak: 0B
