Warning: Permanently added '100.108.41.90' (ED25519) to the list of known hosts.
Running as unit: aspis-focus-1791167386990556000-4d229bf92abe.service; invocation ID: e4376bc289ad462e84b5a95f4e1ac838
/home/dombarker/project-offloads/aspis-r57-lean-src-20260929-a/AspisV8R19/R872NormalizedAugmentedSemanticMatrix.lean:25:14: error: Ambiguous term
  ObservationRow
Possible interpretations:
  R743JointSparseEntryBinding.ObservationRow : Type
  
  R738JointObservationModel.ObservationRow : Type
/home/dombarker/project-offloads/aspis-r57-lean-src-20260929-a/AspisV8R19/R872NormalizedAugmentedSemanticMatrix.lean:32:31: error: Application type mismatch: The argument
  r
has type
  Obs
but is expected to have type
  R738JointObservationModel.ObservationRow
in the application
  rawObservation halfSelected 536870912 7 5 (-5) 5 0 z (normalizedPair 7 t ht noneOne (cast255 ?m.37) ?m.38) r
/home/dombarker/project-offloads/aspis-r57-lean-src-20260929-a/AspisV8R19/R872NormalizedAugmentedSemanticMatrix.lean:34:53: error: Application type mismatch: The argument
  r
has type
  Obs
but is expected to have type
  R738JointObservationModel.ObservationRow
in the application
  rawObservation halfSelected 536870912 7 5 (-5) 5 0 z (normalizedPair 7 t ht noneOne (cast255 96) 0) r
/home/dombarker/project-offloads/aspis-r57-lean-src-20260929-a/AspisV8R19/R872NormalizedAugmentedSemanticMatrix.lean:36:18: error(lean.unknownIdentifier): Unknown identifier `indexedMask`
/home/dombarker/project-offloads/aspis-r57-lean-src-20260929-a/AspisV8R19/R872NormalizedAugmentedSemanticMatrix.lean:40:18: error(lean.unknownIdentifier): Unknown identifier `indexedMask`
/home/dombarker/project-offloads/aspis-r57-lean-src-20260929-a/AspisV8R19/R872NormalizedAugmentedSemanticMatrix.lean:31:47: error(lean.unknownIdentifier): Unknown identifier `selectedColumns`
/home/dombarker/project-offloads/aspis-r57-lean-src-20260929-a/AspisV8R19/R872NormalizedAugmentedSemanticMatrix.lean:32:9: error(lean.unknownIdentifier): Unknown identifier `selectedColumns`
/home/dombarker/project-offloads/aspis-r57-lean-src-20260929-a/AspisV8R19/R872NormalizedAugmentedSemanticMatrix.lean:43:42: error: Ambiguous term
  Index256
Possible interpretations:
  R743JointSparseEntryBinding.Index256 : Type
  
  R738JointObservationModel.Index256 : Type
/home/dombarker/project-offloads/aspis-r57-lean-src-20260929-a/AspisV8R19/R872NormalizedAugmentedSemanticMatrix.lean:45:18: error(lean.unknownIdentifier): Unknown identifier `indexedMask`

Note: It is not possible to treat `indexedMask` as an implicitly bound variable here because the `autoImplicit` option is set to `false`.
/home/dombarker/project-offloads/aspis-r57-lean-src-20260929-a/AspisV8R19/R872NormalizedAugmentedSemanticMatrix.lean:50:25: error(lean.unknownIdentifier): Unknown identifier `indexedMask`
/home/dombarker/project-offloads/aspis-r57-lean-src-20260929-a/AspisV8R19/R872NormalizedAugmentedSemanticMatrix.lean:51:30: error(lean.unknownIdentifier): Unknown identifier `inverseTransport`
/home/dombarker/project-offloads/aspis-r57-lean-src-20260929-a/AspisV8R19/R872NormalizedAugmentedSemanticMatrix.lean:45:60: error: unsolved goals
case e_a
q : sorry → M
i : Fin 271
a✝ : i ∈ Finset.univ
⊢ sourceChord halfSelected (R662FullIndexedMaskPreservation.flattenFull sorry) 7 5 (-5) (128 + 3 * ↑i) =
    sorry (order (TwoSwapSourceG.coinIndex i))
/home/dombarker/project-offloads/aspis-r57-lean-src-20260929-a/AspisV8R19/R872NormalizedAugmentedSemanticMatrix.lean:50:38: warning: This simp argument is unused:
  R661TwoSwapMaskAddition.fullMask

Hint: Omit it from the simp argument list.
  simp only [actualCoin, indexedMask, R̵6̵6̵1̵T̵w̵o̵S̵w̵a̵p̵M̵a̵s̵k̵A̵d̵d̵i̵t̵i̵o̵n̵.̵f̵u̵l̵l̵M̵a̵s̵k̵,̵R562.inverseChordMessage, inverseTransport,
  ̲  ̲ ̲ ̲if_neg (TwoSwapSourceG.coin_not_pivot i), Equiv.symm_apply_apply, rawFlatten_eq_flattenFull]

Note: This linter can be disabled with `set_option linter.unusedSimpArgs false`
/home/dombarker/project-offloads/aspis-r57-lean-src-20260929-a/AspisV8R19/R872NormalizedAugmentedSemanticMatrix.lean:51:4: warning: This simp argument is unused:
  R562.inverseChordMessage

Hint: Omit it from the simp argument list.
  simp only [actualCoin, indexedMask, R661TwoSwapMaskAddition.fullMask,
  ̵  ̵ ̵ ̵R̵5̵6̵2̵.̵inverseC̵h̵o̵r̵d̵M̵e̵s̵s̵a̵g̵e̵,̵ ̵i̵n̵v̵e̵r̵s̵e̵Transport,
      if_neg (TwoSwapSourceG.coin_not_pivot i), Equiv.symm_apply_apply,
  ̵  ̵ ̵ ̵rawFlatten_eq_flattenFull]

Note: This linter can be disabled with `set_option linter.unusedSimpArgs false`
/home/dombarker/project-offloads/aspis-r57-lean-src-20260929-a/AspisV8R19/R872NormalizedAugmentedSemanticMatrix.lean:52:4: warning: This simp argument is unused:
  if_neg (TwoSwapSourceG.coin_not_pivot i)

Hint: Omit it from the simp argument list.
  simp only [actualCoin, indexedMask, R661TwoSwapMaskAddition.fullMask, R562.inverseChordMessage,
  ̲  ̲ ̲ ̲inverseTransport, i̵f̵_̵n̵e̵g̵ ̵(̵T̵w̵o̵S̵w̵a̵p̵S̵o̵u̵r̵c̵e̵G̵.̵c̵o̵i̵n̵_̵n̵o̵t̵_̵p̵i̵v̵o̵t̵ ̵i̵)̵,̵ ̵Equiv.symm_apply_apply, rawFlatten_eq_flattenFull]

Note: This linter can be disabled with `set_option linter.unusedSimpArgs false`
/home/dombarker/project-offloads/aspis-r57-lean-src-20260929-a/AspisV8R19/R872NormalizedAugmentedSemanticMatrix.lean:52:46: warning: This simp argument is unused:
  Equiv.symm_apply_apply

Hint: Omit it from the simp argument list.
  simp only [actualCoin, indexedMask, R661TwoSwapMaskAddition.fullMask, R562.inverseChordMessage,
  ̲  ̲ ̲ ̲inverseTransport, if_neg (TwoSwapSourceG.coin_not_pivot i), E̵q̵u̵i̵v̵.̵s̵y̵m̵m̵_̵a̵p̵p̵l̵y̵_̵a̵p̵p̵l̵y̵,̵rawFlatten_eq_flattenFull]

Note: This linter can be disabled with `set_option linter.unusedSimpArgs false`
/home/dombarker/project-offloads/aspis-r57-lean-src-20260929-a/AspisV8R19/R872NormalizedAugmentedSemanticMatrix.lean:59:39: error: Type mismatch
  augmented
has type
  Matrix (R870AugmentedSemanticDeterminant.Obs ⊕ Unit) (R870AugmentedSemanticDeterminant.Obs ⊕ Unit) M
but is expected to have type
  Matrix (Obs ⊕ Unit) (Obs ⊕ Unit) M
/home/dombarker/project-offloads/aspis-r57-lean-src-20260929-a/AspisV8R19/R872NormalizedAugmentedSemanticMatrix.lean:86:6: error(lean.unknownIdentifier): Unknown identifier `pointWeight`

Note: It is not possible to treat `pointWeight` as an implicitly bound variable here because the `autoImplicit` option is set to `false`.
/home/dombarker/project-offloads/aspis-r57-lean-src-20260929-a/AspisV8R19/R872NormalizedAugmentedSemanticMatrix.lean:87:8: error(lean.unknownIdentifier): Unknown identifier `pointWeight`

Note: It is not possible to treat `pointWeight` as an implicitly bound variable here because the `autoImplicit` option is set to `false`.
/home/dombarker/project-offloads/aspis-r57-lean-src-20260929-a/AspisV8R19/R872NormalizedAugmentedSemanticMatrix.lean:88:4: error(lean.synthInstanceFailed): failed to synthesize instance of type class
  DecidableEq (Obs ⊕ Unit)

Hint: Type class instance resolution failures can be inspected with the `set_option trace.Meta.synthInstance true` command.
'AspisV8R19.R872NormalizedAugmentedSemanticMatrix.semantic_eq_actualCoin_pairing' depends on axioms: [propext,
 sorryAx,
 Classical.choice,
 Quot.sound]
'AspisV8R19.R872NormalizedAugmentedSemanticMatrix.normalizedAugmented_eq_augmented' does not depend on any axioms
/home/dombarker/project-offloads/aspis-r57-lean-src-20260929-a/AspisV8R19/R872NormalizedAugmentedSemanticMatrix.lean:94:14: error(lean.unknownIdentifier): Unknown constant `normalizedAugmented_det_ne_zero_of_block_eq`
Command exited with non-zero status 1
	Command being timed: "/home/dombarker/.elan/bin/lake --dir /home/dombarker/project-offloads/aspis-r126-release-20260930-a/focus-workspace env lean -j1 -M4500 -R /home/dombarker/project-offloads/aspis-r57-lean-src-20260929-a -o /home/dombarker/project-offloads/aspis-r126-release-20260930-a/lib/AspisV8R19/R872NormalizedAugmentedSemanticMatrix.olean /home/dombarker/project-offloads/aspis-r57-lean-src-20260929-a/AspisV8R19/R872NormalizedAugmentedSemanticMatrix.lean"
	User time (seconds): 1.07
	System time (seconds): 0.39
	Percent of CPU this job got: 100%
	Elapsed (wall clock) time (h:mm:ss or m:ss): 0:01.46
	Average shared text size (kbytes): 0
	Average unshared data size (kbytes): 0
	Average stack size (kbytes): 0
	Average total size (kbytes): 0
	Maximum resident set size (kbytes): 3564492
	Average resident set size (kbytes): 0
	Major (requiring I/O) page faults: 0
	Minor (reclaiming a frame) page faults: 82077
	Voluntary context switches: 533
	Involuntary context switches: 57
	Swaps: 0
	File system inputs: 0
	File system outputs: 0
	Socket messages sent: 0
	Socket messages received: 0
	Signals delivered: 0
	Page size (bytes): 4096
	Exit status: 1
Finished with result: exit-code
Main processes terminated with: code=exited/status=1
Service runtime: 1.487s
CPU time consumed: 1.497s
Memory peak: 552.0K
Memory swap peak: 0B
