Warning: Permanently added '100.108.41.90' (ED25519) to the list of known hosts.
Running as unit: aspis-focus-1791072190529901000.service; invocation ID: 9b6a47c4a4724ef5aa2bf8f0333e056b
/home/dombarker/project-offloads/aspis-r57-lean-src-20260929-a/AspisV8R19/R548CompactBoundaryRejoin.lean:45:2: error: ring failed, ring expressions not equal
F : Type u_1
inst✝¹ : Field F
inst✝ : NeZero 2
p : F[X]
hp : p.natDegree ≤ 27
claim x : F
hx : eval x p = p.coeff 0 + p.coeff 1 * x + ∑ i, tail p i * x ^ (↑i + 2)
hs0 : ∑ i, tail p i * 0 ^ (↑i + 2) = 0
h0 : eval 0 p = p.coeff 0 + 0 + 0
h1 : eval 1 p = p.coeff 0 + p.coeff 1 + ∑ x, tail p x
hboundary : eval 0 p + eval 1 p = 2 * p.coeff 0 + p.coeff 1 + ∑ i, tail p i
hs : ∑ i, tail p i * (x ^ (↑i + 2) - x) = ∑ i, tail p i * x ^ (↑i + 2) - (∑ i, tail p i) * x
⊢ p.coeff 0 * 2 - p.coeff 0 * x * 8 - (x * ∑ i, tail p i) * 4 - x * p.coeff 1 * 4 + x * eval 0 p * 4 +
              x * eval 1 p * 4 +
            ∑ i, tail p i +
          p.coeff 1 -
        eval 0 p -
      eval 1 p =
    0
'AspisV8R19.R548.reconstructed_eval' depends on axioms: [propext, sorryAx, Classical.choice, Quot.sound]
'AspisV8R19.R548.reconstructed_eval_eq_iff_zero' depends on axioms: [propext, sorryAx, Classical.choice, Quot.sound]
'AspisV8R19.R548.reconstructed_zero_rejoins' depends on axioms: [propext, sorryAx, Classical.choice, Quot.sound]
'AspisV8R19.R548.wire_suffix_rejoins' depends on axioms: [propext, sorryAx, Classical.choice, Quot.sound]
'AspisV8R19.R548.walk_suffix_rejoins' depends on axioms: [propext, sorryAx, Classical.choice, Quot.sound]
'AspisV8R19.R548.terminal_guard_suffix_rejoins' depends on axioms: [propext, sorryAx, Classical.choice, Quot.sound]
Command exited with non-zero status 1
	Command being timed: "/home/dombarker/.elan/bin/lake --dir /home/dombarker/project-offloads/aspis-r126-release-20260930-a/focus-workspace env lean -j1 -M4500 -R /home/dombarker/project-offloads/aspis-r57-lean-src-20260929-a -o /home/dombarker/project-offloads/aspis-r126-release-20260930-a/lib/AspisV8R19/R548CompactBoundaryRejoin.olean /home/dombarker/project-offloads/aspis-r57-lean-src-20260929-a/AspisV8R19/R548CompactBoundaryRejoin.lean"
	User time (seconds): 0.96
	System time (seconds): 0.22
	Percent of CPU this job got: 101%
	Elapsed (wall clock) time (h:mm:ss or m:ss): 0:01.17
	Average shared text size (kbytes): 0
	Average unshared data size (kbytes): 0
	Average stack size (kbytes): 0
	Average total size (kbytes): 0
	Maximum resident set size (kbytes): 2044332
	Average resident set size (kbytes): 0
	Major (requiring I/O) page faults: 0
	Minor (reclaiming a frame) page faults: 49954
	Voluntary context switches: 831
	Involuntary context switches: 37
	Swaps: 0
	File system inputs: 0
	File system outputs: 0
	Socket messages sent: 0
	Socket messages received: 0
	Signals delivered: 0
	Page size (bytes): 4096
	Exit status: 1
Finished with result: exit-code
Main processes terminated with: code=exited/status=1
Service runtime: 1.207s
CPU time consumed: 1.222s
Memory peak: 264.0K
Memory swap peak: 0B
