Warning: Permanently added '100.108.41.90' (ED25519) to the list of known hosts.
Running as unit: aspis-focus-1791145972694106000.service; invocation ID: 95f765d6f825497faf1039693b6554d9
/home/dombarker/project-offloads/aspis-r57-lean-src-20260929-a/AspisV8R19/R760PointWeightPrototype.lean:62:2: error: 'change' tactic failed, pattern
  -5 *
          (w 510 -
            (1073741824 * w 255 + 1073741824 ^ 2 * w 253 + 1073741824 ^ 3 * w 249 + 1073741824 ^ 4 * w 241 +
                      1073741824 ^ 5 * w 225 +
                    1073741824 ^ 6 * w 193 +
                  1073741824 ^ 7 * w 129 +
                1073741824 ^ 8 * w 1 +
              1073741824 ^ 8 * w 257)) +
        7 * w 511 +
      5 *
        (1073741824 ^ 1 * w 509 + 1073741824 ^ 2 * w 505 + 1073741824 ^ 3 * w 497 + 1073741824 ^ 4 * w 481 +
                  1073741824 ^ 5 * w 449 +
                1073741824 ^ 6 * w 385 +
              1073741824 ^ 7 * w 257 +
            1073741824 ^ 8 * w 1 +
          1073741824 ^ 8 * w 513) =
    -5 *
          (384 + 576 -
            (1073741824 * (384 + 576) + 1073741824 ^ 2 * (2147483359 + 576) + 1073741824 ^ 3 * (192 + 576) +
                        1073741824 ^ 4 * (2147483551 + 576) +
                      1073741824 ^ 5 * 576 +
                    1073741824 ^ 6 * 576 +
                  1073741824 ^ 7 * 576 +
                1073741824 ^ 8 * 576 +
              1073741824 ^ 8 * 576)) +
        7 * 2147483455 +
      5 *
        (1073741824 ^ 1 * 96 + 1073741824 ^ 2 * 2147483575 + 1073741824 ^ 3 * (48 + 576) +
                    1073741824 ^ 4 * (2147483623 + 576) +
                  1073741824 ^ 5 * 576 +
                1073741824 ^ 6 * 576 +
              1073741824 ^ 7 * 576 +
            1073741824 ^ 8 * 576 +
          1073741824 ^ 8 * 576)
is not definitionally equal to target
  (if 1 = 0 then
      chordDualEven 1073741824
        (zeroExtend 512 fun i =>
          extendFin1024
            (transportDual TwoSwapSourceTable.inactive 1023 TwoSwapSourceTable.order fun i => sourcePointBasis point ↑i)
            (2 * i))
        (zeroExtend 512 fun i =>
          extendFin1024
            (transportDual TwoSwapSourceTable.inactive 1023 TwoSwapSourceTable.order fun i => sourcePointBasis point ↑i)
            (2 * i + 1))
        7 5 (-5) 255
    else
      -5 *
            (zeroExtend 512
                (fun i =>
                  extendFin1024
                    (transportDual TwoSwapSourceTable.inactive 1023 TwoSwapSourceTable.order fun i =>
                      sourcePointBasis point ↑i)
                    (2 * i))
                255 -
              (1073741824 *
                                zeroExtend 512
                                  (fun i =>
                                    extendFin1024
                                      (transportDual TwoSwapSourceTable.inactive 1023 TwoSwapSourceTable.order fun i =>
                                        sourcePointBasis point ↑i)
                                      (2 * i))
                                  255 +
                              1073741824 ^ 2 *
                                zeroExtend 512
                                  (fun i =>
                                    extendFin1024
                                      (transportDual TwoSwapSourceTable.inactive 1023 TwoSwapSourceTable.order fun i =>
                                        sourcePointBasis point ↑i)
                                      (2 * i))
                                  253 +
                            1073741824 ^ 3 *
                              zeroExtend 512
                                (fun i =>
                                  extendFin1024
                                    (transportDual TwoSwapSourceTable.inactive 1023 TwoSwapSourceTable.order fun i =>
                                      sourcePointBasis point ↑i)
                                    (2 * i))
                                249 +
                          1073741824 ^ 4 *
                            zeroExtend 512
                              (fun i =>
                                extendFin1024
                                  (transportDual TwoSwapSourceTable.inactive 1023 TwoSwapSourceTable.order fun i =>
                                    sourcePointBasis point ↑i)
                                  (2 * i))
                              241 +
                        1073741824 ^ 5 *
                          zeroExtend 512
                            (fun i =>
                              extendFin1024
                                (transportDual TwoSwapSourceTable.inactive 1023 TwoSwapSourceTable.order fun i =>
                                  sourcePointBasis point ↑i)
                                (2 * i))
                            225 +
                      1073741824 ^ 6 *
                        zeroExtend 512
                          (fun i =>
                            extendFin1024
                              (transportDual TwoSwapSourceTable.inactive 1023 TwoSwapSourceTable.order fun i =>
                                sourcePointBasis point ↑i)
                              (2 * i))
                          193 +
                    1073741824 ^ 7 *
                      zeroExtend 512
                        (fun i =>
                          extendFin1024
                            (transportDual TwoSwapSourceTable.inactive 1023 TwoSwapSourceTable.order fun i =>
                              sourcePointBasis point ↑i)
                            (2 * i))
                        129 +
                  1073741824 ^ 8 *
                    zeroExtend 512
                      (fun i =>
                        extendFin1024
                          (transportDual TwoSwapSourceTable.inactive 1023 TwoSwapSourceTable.order fun i =>
                            sourcePointBasis point ↑i)
                          (2 * i))
                      1 +
                1073741824 ^ 8 *
                  zeroExtend 512
                    (fun i =>
                      extendFin1024
                        (transportDual TwoSwapSourceTable.inactive 1023 TwoSwapSourceTable.order fun i =>
                          sourcePointBasis point ↑i)
                        (2 * i))
                    257)) +
          7 *
            zeroExtend 512
              (fun i =>
                extendFin1024
                  (transportDual TwoSwapSourceTable.inactive 1023 TwoSwapSourceTable.order fun i =>
                    sourcePointBasis point ↑i)
                  (2 * i + 1))
              255 +
        5 *
          (1073741824 *
                            zeroExtend 512
                              (fun i =>
                                extendFin1024
                                  (transportDual TwoSwapSourceTable.inactive 1023 TwoSwapSourceTable.order fun i =>
                                    sourcePointBasis point ↑i)
                                  (2 * i + 1))
                              254 +
                          1073741824 ^ 2 *
                            zeroExtend 512
                              (fun i =>
                                extendFin1024
                                  (transportDual TwoSwapSourceTable.inactive 1023 TwoSwapSourceTable.order fun i =>
                                    sourcePointBasis point ↑i)
                                  (2 * i + 1))
                              252 +
                        1073741824 ^ 3 *
                          zeroExtend 512
                            (fun i =>
                              extendFin1024
                                (transportDual TwoSwapSourceTable.inactive 1023 TwoSwapSourceTable.order fun i =>
                                  sourcePointBasis point ↑i)
                                (2 * i + 1))
                            248 +
                      1073741824 ^ 4 *
                        zeroExtend 512
                          (fun i =>
                            extendFin1024
                              (transportDual TwoSwapSourceTable.inactive 1023 TwoSwapSourceTable.order fun i =>
                                sourcePointBasis point ↑i)
                              (2 * i + 1))
                          240 +
                    1073741824 ^ 5 *
                      zeroExtend 512
                        (fun i =>
                          extendFin1024
                            (transportDual TwoSwapSourceTable.inactive 1023 TwoSwapSourceTable.order fun i =>
                              sourcePointBasis point ↑i)
                            (2 * i + 1))
                        224 +
                  1073741824 ^ 6 *
                    zeroExtend 512
                      (fun i =>
                        extendFin1024
                          (transportDual TwoSwapSourceTable.inactive 1023 TwoSwapSourceTable.order fun i =>
                            sourcePointBasis point ↑i)
                          (2 * i + 1))
                      192 +
                1073741824 ^ 7 *
                  zeroExtend 512
                    (fun i =>
                      extendFin1024
                        (transportDual TwoSwapSourceTable.inactive 1023 TwoSwapSourceTable.order fun i =>
                          sourcePointBasis point ↑i)
                        (2 * i + 1))
                    128 +
              1073741824 ^ 8 *
                zeroExtend 512
                  (fun i =>
                    extendFin1024
                      (transportDual TwoSwapSourceTable.inactive 1023 TwoSwapSourceTable.order fun i =>
                        sourcePointBasis point ↑i)
                      (2 * i + 1))
                  0 +
            1073741824 ^ 8 *
              zeroExtend 512
                (fun i =>
                  extendFin1024
                    (transportDual TwoSwapSourceTable.inactive 1023 TwoSwapSourceTable.order fun i =>
                      sourcePointBasis point ↑i)
                    (2 * i + 1))
                256)) =
    -5 *
          (384 + 576 -
            (1073741824 * (384 + 576) + 1073741824 ^ 2 * (2147483359 + 576) + 1073741824 ^ 3 * (192 + 576) +
                        1073741824 ^ 4 * (2147483551 + 576) +
                      1073741824 ^ 5 * 576 +
                    1073741824 ^ 6 * 576 +
                  1073741824 ^ 7 * 576 +
                1073741824 ^ 8 * 576 +
              1073741824 ^ 8 * 576)) +
        7 * 2147483455 +
      5 *
        (1073741824 ^ 1 * 96 + 1073741824 ^ 2 * 2147483575 + 1073741824 ^ 3 * (48 + 576) +
                    1073741824 ^ 4 * (2147483623 + 576) +
                  1073741824 ^ 5 * 576 +
                1073741824 ^ 6 * 576 +
              1073741824 ^ 7 * 576 +
            1073741824 ^ 8 * 576 +
          1073741824 ^ 8 * 576)
/home/dombarker/project-offloads/aspis-r57-lean-src-20260929-a/AspisV8R19/R760PointWeightPrototype.lean:60:43: warning: This simp argument is unused:
  ↓reduceIte

Hint: Omit it from the simp argument list.
  simp only [Nat.reduceMod, Nat.reduceDiv,̵ ̵↓̵r̵e̵d̵u̵c̵e̵I̵t̵e̵]

Note: This linter can be disabled with `set_option linter.unusedSimpArgs false`
'AspisV8R19.R760PointWeightPrototype.pw_0511' depends on axioms: [propext, sorryAx, Classical.choice, Quot.sound]
Command exited with non-zero status 1
	Command being timed: "/home/dombarker/.elan/bin/lake --dir /home/dombarker/project-offloads/aspis-r126-release-20260930-a/focus-workspace env lean -j1 -M4500 -R /home/dombarker/project-offloads/aspis-r57-lean-src-20260929-a -o /home/dombarker/project-offloads/aspis-r126-release-20260930-a/lib/AspisV8R19/R760PointWeightPrototype.olean /home/dombarker/project-offloads/aspis-r57-lean-src-20260929-a/AspisV8R19/R760PointWeightPrototype.lean"
	User time (seconds): 9.92
	System time (seconds): 0.44
	Percent of CPU this job got: 100%
	Elapsed (wall clock) time (h:mm:ss or m:ss): 0:10.36
	Average shared text size (kbytes): 0
	Average unshared data size (kbytes): 0
	Average stack size (kbytes): 0
	Average total size (kbytes): 0
	Maximum resident set size (kbytes): 3736092
	Average resident set size (kbytes): 0
	Major (requiring I/O) page faults: 0
	Minor (reclaiming a frame) page faults: 97475
	Voluntary context switches: 329
	Involuntary context switches: 128
	Swaps: 0
	File system inputs: 0
	File system outputs: 0
	Socket messages sent: 0
	Socket messages received: 0
	Signals delivered: 0
	Page size (bytes): 4096
	Exit status: 1
Finished with result: exit-code
Main processes terminated with: code=exited/status=1
Service runtime: 10.392s
CPU time consumed: 10.398s
Memory peak: 256.0K
Memory swap peak: 0B
