'AspisV8R19.SamplerObservedCircleProgram.result_roundtrip' depends on axioms: [propext, Classical.choice, Quot.sound]
'AspisV8R19.SamplerObservedCircleProgram.public_view' depends on axioms: [propext,
 Classical.choice,
 Quot.sound,
 core.fmt.Formatter]
'AspisV8R19.SamplerObservedCircleProgram.oracle_program' depends on axioms: [propext,
 Classical.choice,
 Quot.sound,
 core.fmt.Formatter]
'AspisV8R19.SamplerObservedCircleProgram.cached_oracle_law' depends on axioms: [propext,
 Classical.choice,
 Quot.sound,
 core.fmt.Formatter]
	Command being timed: "/home/dombarker/.elan/bin/lake env lean -j1 -M4500 -R /home/dombarker/project-offloads/aspis-r57-lean-src-20260929-a -o /home/dombarker/project-offloads/aspis-r85-circle-final-20260929-a/lib/AspisV8R19/SamplerObservedCircleProgram.olean /home/dombarker/project-offloads/aspis-r57-lean-src-20260929-a/AspisV8R19/SamplerObservedCircleProgram.lean"
	User time (seconds): 1.23
	System time (seconds): 0.65
	Percent of CPU this job got: 99%
	Elapsed (wall clock) time (h:mm:ss or m:ss): 0:01.89
	Average shared text size (kbytes): 0
	Average unshared data size (kbytes): 0
	Average stack size (kbytes): 0
	Average total size (kbytes): 0
	Maximum resident set size (kbytes): 3715788
	Average resident set size (kbytes): 0
	Major (requiring I/O) page faults: 14
	Minor (reclaiming a frame) page faults: 97493
	Voluntary context switches: 646
	Involuntary context switches: 71
	Swaps: 0
	File system inputs: 2312
	File system outputs: 200
	Socket messages sent: 0
	Socket messages received: 0
	Signals delivered: 0
	Page size (bytes): 4096
	Exit status: 0
