Warning: Permanently added '100.108.41.90' (ED25519) to the list of known hosts.
Running as unit: aspis-focus-1791112039423864000.service; invocation ID: 3740dd2365514c36b3b238709d6a844e
/home/dombarker/project-offloads/aspis-r57-lean-src-20260929-a/AspisV8R19/R646CombineLoopExecution.lean:25:4: warning: try 'simp' instead of 'simpa'

Note: This linter can be disabled with `set_option linter.unnecessarySimpa false`
/home/dombarker/project-offloads/aspis-r57-lean-src-20260929-a/AspisV8R19/R646CombineLoopExecution.lean:44:4: error: Tactic `rfl` failed: The left-hand side
  a * b
is not definitionally equal to the right-hand side
  UScalar.size UScalarTy.Usize

a b : ℕ
ha : a < 200
hb : b < 200
hab : a * b < 200
⊢ a * b < UScalar.size UScalarTy.Usize
/home/dombarker/project-offloads/aspis-r57-lean-src-20260929-a/AspisV8R19/R646CombineLoopExecution.lean:45:2: error: No goals to be solved
/home/dombarker/project-offloads/aspis-r57-lean-src-20260929-a/AspisV8R19/R646CombineLoopExecution.lean:55:4: error: Tactic `rfl` failed: The left-hand side
  a + b
is not definitionally equal to the right-hand side
  UScalar.size UScalarTy.Usize

a b : ℕ
ha : a < 200
hb : b < 200
hab : a + b < 200
⊢ a + b < UScalar.size UScalarTy.Usize
/home/dombarker/project-offloads/aspis-r57-lean-src-20260929-a/AspisV8R19/R646CombineLoopExecution.lean:56:2: error: No goals to be solved
/home/dombarker/project-offloads/aspis-r57-lean-src-20260929-a/AspisV8R19/R646CombineLoopExecution.lean:82:14: error: scalar_tac failed to prove the goal below.

Note that scalar_tac is almost equivalent to:
  scalar_tac_preprocess; omega

Goal: 
c1 : Std.Array U32 104#usize
n : ℕ
hn : 0 < 4
⊢ (do
      let s ←
        core.slice.index.SliceIndexRangeUsizeSlice.index
            { start := 0#System.Platform.numBits#uscalar, «end» := 26#System.Platform.numBits#uscalar } ⟨↑c1, ⋯⟩
      let r ← if h : s.len = 26#usize then ok (core.result.Result.Ok ⟨↑s, ⋯⟩) else ok (core.result.Result.Err ())
      let x ←
        match r with
          | core.result.Result.Ok x => ok x
          | core.result.Result.Err a => fail Error.panic
      ok x) =
    ok ⟨List.take 26 ↑c1, ⋯⟩
/home/dombarker/project-offloads/aspis-r57-lean-src-20260929-a/AspisV8R19/R646CombineLoopExecution.lean:82:14: error: scalar_tac failed to prove the goal below.

Note that scalar_tac is almost equivalent to:
  scalar_tac_preprocess; omega

Goal: 
c1 : Std.Array U32 104#usize
n : ℕ
hn : 1 < 4
⊢ (do
      let s ←
        core.slice.index.SliceIndexRangeUsizeSlice.index
            { start := 26#System.Platform.numBits * (UScalar.ofNatCore 1 ⋯).bv#uscalar,
              «end» := 26#System.Platform.numBits * ((UScalar.ofNatCore 1 ⋯).bv + 1#System.Platform.numBits)#uscalar }
            ⟨↑c1, ⋯⟩
      let r ← if h : s.len = 26#usize then ok (core.result.Result.Ok ⟨↑s, ⋯⟩) else ok (core.result.Result.Err ())
      let x ←
        match r with
          | core.result.Result.Ok x => ok x
          | core.result.Result.Err a => fail Error.panic
      ok x) =
    ok ⟨List.take 26 (List.drop 26 ↑c1), ⋯⟩
/home/dombarker/project-offloads/aspis-r57-lean-src-20260929-a/AspisV8R19/R646CombineLoopExecution.lean:82:14: error: scalar_tac failed to prove the goal below.

Note that scalar_tac is almost equivalent to:
  scalar_tac_preprocess; omega

Goal: 
c1 : Std.Array U32 104#usize
n : ℕ
hn : 2 < 4
⊢ (do
      let s ←
        core.slice.index.SliceIndexRangeUsizeSlice.index
            { start := 26#System.Platform.numBits * (UScalar.ofNatCore 2 ⋯).bv#uscalar,
              «end» := 26#System.Platform.numBits * ((UScalar.ofNatCore 2 ⋯).bv + 1#System.Platform.numBits)#uscalar }
            ⟨↑c1, ⋯⟩
      let r ← if h : s.len = 26#usize then ok (core.result.Result.Ok ⟨↑s, ⋯⟩) else ok (core.result.Result.Err ())
      let x ←
        match r with
          | core.result.Result.Ok x => ok x
          | core.result.Result.Err a => fail Error.panic
      ok x) =
    ok ⟨List.take 26 (List.drop 52 ↑c1), ⋯⟩
/home/dombarker/project-offloads/aspis-r57-lean-src-20260929-a/AspisV8R19/R646CombineLoopExecution.lean:82:14: error: scalar_tac failed to prove the goal below.

Note that scalar_tac is almost equivalent to:
  scalar_tac_preprocess; omega

Goal: 
c1 : Std.Array U32 104#usize
n : ℕ
hn : 3 < 4
⊢ (do
      let s ←
        core.slice.index.SliceIndexRangeUsizeSlice.index
            { start := 26#System.Platform.numBits * (UScalar.ofNatCore 3 ⋯).bv#uscalar,
              «end» := 26#System.Platform.numBits * ((UScalar.ofNatCore 3 ⋯).bv + 1#System.Platform.numBits)#uscalar }
            ⟨↑c1, ⋯⟩
      let r ← if h : s.len = 26#usize then ok (core.result.Result.Ok ⟨↑s, ⋯⟩) else ok (core.result.Result.Err ())
      let x ←
        match r with
          | core.result.Result.Ok x => ok x
          | core.result.Result.Err a => fail Error.panic
      ok x) =
    ok ⟨List.take 26 (List.drop 78 ↑c1), ⋯⟩
/home/dombarker/project-offloads/aspis-r57-lean-src-20260929-a/AspisV8R19/R646CombineLoopExecution.lean:79:4: warning: This simp argument is unused:
  UScalar.ofNatCore_val_eq

Hint: Omit it from the simp argument list.
  simp [sourceC1Chunk, core.array.Array.index, core.ops.index.IndexSlice,
      core.slice.index.SliceIndexRangeUsizeSlice, core.array.TryFromSharedArraySlice.try_from,
      core.result.Result.unwrap, Array.to_slice, c1Chunk, Array.make,
  ̵  ̵ ̵ ̵US̵c̵a̵l̵a̵r̵.̵o̵f̵N̵a̵t̵C̵o̵r̵e̵_̵v̵a̵l̵_̵e̵q̵,̵ ̵U̵size.wrapping_mul,
  ̲  ̲ ̲ ̲Usize.wrapping_add,
  ̵  ̵ ̵ ̵UScalar.wrapping_mul, UScalar.wrapping_add,
  ̵  ̵ ̵ ̵UScalar.wrapping_mul_val_eq,
  ̲  ̲ ̲ ̲UScalar.wrapping_add_val_eq, lift]

Note: This linter can be disabled with `set_option linter.unusedSimpArgs false`
/home/dombarker/project-offloads/aspis-r57-lean-src-20260929-a/AspisV8R19/R646CombineLoopExecution.lean:81:4: warning: This simp argument is unused:
  UScalar.wrapping_mul_val_eq

Hint: Omit it from the simp argument list.
  simp [sourceC1Chunk, core.array.Array.index, core.ops.index.IndexSlice,
      core.slice.index.SliceIndexRangeUsizeSlice, core.array.TryFromSharedArraySlice.try_from,
      core.result.Result.unwrap, Array.to_slice, c1Chunk, Array.make, UScalar.ofNatCore_val_eq,
  ̲  ̲ ̲ ̲Usize.wrapping_mul, Usize.wrapping_add, UScalar.wrapping_mul, UScalar.wrapping_add,
      U̵S̵c̵a̵l̵a̵r̵.̵w̵r̵a̵p̵p̵i̵n̵g̵_̵m̵u̵l̵_̵v̵a̵l̵_̵e̵q̵,̵ ̵UScalar.wrapping_add_val_eq, lift]

Note: This linter can be disabled with `set_option linter.unusedSimpArgs false`
/home/dombarker/project-offloads/aspis-r57-lean-src-20260929-a/AspisV8R19/R646CombineLoopExecution.lean:81:33: warning: This simp argument is unused:
  UScalar.wrapping_add_val_eq

Hint: Omit it from the simp argument list.
  simp [sourceC1Chunk, core.array.Array.index, core.ops.index.IndexSlice,
      core.slice.index.SliceIndexRangeUsizeSlice, core.array.TryFromSharedArraySlice.try_from,
      core.result.Result.unwrap, Array.to_slice, c1Chunk, Array.make, UScalar.ofNatCore_val_eq,
  ̲  ̲ ̲ ̲Usize.wrapping_mul, Usize.wrapping_add, UScalar.wrapping_mul, UScalar.wrapping_add,
      UScalar.wrapping_mul_val_eq, U̵S̵c̵a̵l̵a̵r̵.̵w̵r̵a̵p̵p̵i̵n̵g̵_̵a̵d̵d̵_̵v̵a̵l̵_̵e̵q̵,̵ ̵lift]

Note: This linter can be disabled with `set_option linter.unusedSimpArgs false`
Command exited with non-zero status 1
	Command being timed: "/home/dombarker/.elan/bin/lake --dir /home/dombarker/project-offloads/aspis-r126-release-20260930-a/focus-workspace env lean -j1 -M4500 -R /home/dombarker/project-offloads/aspis-r57-lean-src-20260929-a -o /home/dombarker/project-offloads/aspis-r126-release-20260930-a/lib/AspisV8R19/R646CombineLoopExecution.olean /home/dombarker/project-offloads/aspis-r57-lean-src-20260929-a/AspisV8R19/R646CombineLoopExecution.lean"
	User time (seconds): 1.48
	System time (seconds): 0.34
	Percent of CPU this job got: 100%
	Elapsed (wall clock) time (h:mm:ss or m:ss): 0:01.81
	Average shared text size (kbytes): 0
	Average unshared data size (kbytes): 0
	Average stack size (kbytes): 0
	Average total size (kbytes): 0
	Maximum resident set size (kbytes): 3733648
	Average resident set size (kbytes): 0
	Major (requiring I/O) page faults: 0
	Minor (reclaiming a frame) page faults: 86479
	Voluntary context switches: 390
	Involuntary context switches: 59
	Swaps: 0
	File system inputs: 0
	File system outputs: 0
	Socket messages sent: 0
	Socket messages received: 0
	Signals delivered: 0
	Page size (bytes): 4096
	Exit status: 1
Finished with result: exit-code
Main processes terminated with: code=exited/status=1
Service runtime: 1.843s
CPU time consumed: 1.857s
Memory peak: 256.0K
Memory swap peak: 0B
