Warning: Permanently added '100.108.41.90' (ED25519) to the list of known hosts.
Running as unit: aspis-focus-1791144579184699000.service; invocation ID: 4883e40b4a6a44c59ebf215b3ca1353c
'AspisR19.R754Point1GuardedLeaves.w_guarded_leaf_0288' depends on axioms: [propext, Classical.choice, Quot.sound]
'AspisR19.R754Point1GuardedLeaves.w_guarded_leaf_0289' depends on axioms: [propext, Classical.choice, Quot.sound]
'AspisR19.R754Point1GuardedLeaves.w_guarded_leaf_0290' depends on axioms: [propext, Classical.choice, Quot.sound]
'AspisR19.R754Point1GuardedLeaves.w_guarded_leaf_0291' depends on axioms: [propext, Classical.choice, Quot.sound]
'AspisR19.R754Point1GuardedLeaves.w_guarded_leaf_0292' depends on axioms: [propext, Classical.choice, Quot.sound]
'AspisR19.R754Point1GuardedLeaves.w_guarded_leaf_0293' depends on axioms: [propext, Classical.choice, Quot.sound]
'AspisR19.R754Point1GuardedLeaves.w_guarded_leaf_0294' depends on axioms: [propext, Classical.choice, Quot.sound]
'AspisR19.R754Point1GuardedLeaves.w_guarded_leaf_0295' depends on axioms: [propext, Classical.choice, Quot.sound]
'AspisR19.R754Point1GuardedLeaves.w_guarded_leaf_0296' depends on axioms: [propext, Classical.choice, Quot.sound]
'AspisR19.R754Point1GuardedLeaves.w_guarded_leaf_0297' depends on axioms: [propext, Classical.choice, Quot.sound]
'AspisR19.R754Point1GuardedLeaves.w_guarded_leaf_0298' depends on axioms: [propext, Classical.choice, Quot.sound]
'AspisR19.R754Point1GuardedLeaves.w_guarded_leaf_0299' depends on axioms: [propext, Classical.choice, Quot.sound]
'AspisR19.R754Point1GuardedLeaves.w_guarded_leaf_0300' depends on axioms: [propext, Classical.choice, Quot.sound]
'AspisR19.R754Point1GuardedLeaves.w_guarded_leaf_0301' depends on axioms: [propext, Classical.choice, Quot.sound]
'AspisR19.R754Point1GuardedLeaves.w_guarded_leaf_0302' depends on axioms: [propext, Classical.choice, Quot.sound]
'AspisR19.R754Point1GuardedLeaves.w_guarded_leaf_0303' depends on axioms: [propext, Classical.choice, Quot.sound]
'AspisR19.R754Point1GuardedLeaves.w_guarded_leaf_0304' depends on axioms: [propext, Classical.choice, Quot.sound]
'AspisR19.R754Point1GuardedLeaves.w_guarded_leaf_0305' depends on axioms: [propext, Classical.choice, Quot.sound]
'AspisR19.R754Point1GuardedLeaves.w_guarded_leaf_0306' depends on axioms: [propext, Classical.choice, Quot.sound]
'AspisR19.R754Point1GuardedLeaves.w_guarded_leaf_0307' depends on axioms: [propext, Classical.choice, Quot.sound]
'AspisR19.R754Point1GuardedLeaves.w_guarded_leaf_0308' depends on axioms: [propext, Classical.choice, Quot.sound]
'AspisR19.R754Point1GuardedLeaves.w_guarded_leaf_0309' depends on axioms: [propext, Classical.choice, Quot.sound]
'AspisR19.R754Point1GuardedLeaves.w_guarded_leaf_0310' depends on axioms: [propext, Classical.choice, Quot.sound]
'AspisR19.R754Point1GuardedLeaves.w_guarded_leaf_0311' depends on axioms: [propext, Classical.choice, Quot.sound]
'AspisR19.R754Point1GuardedLeaves.w_guarded_leaf_0312' depends on axioms: [propext, Classical.choice, Quot.sound]
'AspisR19.R754Point1GuardedLeaves.w_guarded_leaf_0313' depends on axioms: [propext, Classical.choice, Quot.sound]
'AspisR19.R754Point1GuardedLeaves.w_guarded_leaf_0314' depends on axioms: [propext, Classical.choice, Quot.sound]
'AspisR19.R754Point1GuardedLeaves.w_guarded_leaf_0315' depends on axioms: [propext, Classical.choice, Quot.sound]
'AspisR19.R754Point1GuardedLeaves.w_guarded_leaf_0316' depends on axioms: [propext, Classical.choice, Quot.sound]
'AspisR19.R754Point1GuardedLeaves.w_guarded_leaf_0317' depends on axioms: [propext, Classical.choice, Quot.sound]
'AspisR19.R754Point1GuardedLeaves.w_guarded_leaf_0318' depends on axioms: [propext, Classical.choice, Quot.sound]
'AspisR19.R754Point1GuardedLeaves.w_guarded_leaf_0319' depends on axioms: [propext, Classical.choice, Quot.sound]
	Command being timed: "/home/dombarker/.elan/bin/lake --dir /home/dombarker/project-offloads/aspis-r126-release-20260930-a/focus-workspace env lean -j1 -M4500 -R /home/dombarker/project-offloads/aspis-r57-lean-src-20260929-a -o /home/dombarker/project-offloads/aspis-r126-release-20260930-a/lib/AspisV8R19/Point1GuardedChunk04.olean /home/dombarker/project-offloads/aspis-r57-lean-src-20260929-a/AspisV8R19/Point1GuardedChunk04.lean"
	User time (seconds): 2.27
	System time (seconds): 0.33
	Percent of CPU this job got: 100%
	Elapsed (wall clock) time (h:mm:ss or m:ss): 0:02.58
	Average shared text size (kbytes): 0
	Average unshared data size (kbytes): 0
	Average stack size (kbytes): 0
	Average total size (kbytes): 0
	Maximum resident set size (kbytes): 3317356
	Average resident set size (kbytes): 0
	Major (requiring I/O) page faults: 0
	Minor (reclaiming a frame) page faults: 77780
	Voluntary context switches: 1798
	Involuntary context switches: 92
	Swaps: 0
	File system inputs: 0
	File system outputs: 688
	Socket messages sent: 0
	Socket messages received: 0
	Signals delivered: 0
	Page size (bytes): 4096
	Exit status: 0
Finished with result: success
Main processes terminated with: code=exited/status=0
Service runtime: 2.619s
CPU time consumed: 2.639s
Memory peak: 256.0K
Memory swap peak: 0B
