Running as unit: aspis-r0-rd-kat-check.scope; invocation ID: a07a02b1d91a4967800f14e67f8b3326
P1 opening/transcript/path KATs reproduce exactly
{
  "command": [
    "python3",
    "results/r0-opening-20261009/generate_kats.py",
    "--check"
  ],
  "source_revision": "27f484a883ba0a265b0f25c947b45ea32baf1fa7",
  "host": "nuc",
  "cwd": "/home/dombarker/project-offloads/aspis-r0-opening-20261009",
  "cgroup": "/sys/fs/cgroup/user.slice/user-1000.slice/user@1000.service/app.slice/aspis-r0-rd-kat-check.scope",
  "caps": {
    "memory.high": "4294967296",
    "memory.max": "6442450944",
    "memory.swap.max": "0"
  },
  "exit_status": 0,
  "wall_seconds": 0.20101830689236522,
  "peak_aggregate_rss_bytes_sampled": 31559680,
  "child_peak_rss_kib": 19008,
  "cgroup_memory_peak_bytes": 15593472,
  "cgroup_swap_current_bytes": 0,
  "cgroup_swap_peak_bytes": 0
}
