info: r36_focused: no previous manifest, creating one from scratch
info: toolchain not updated; already up-to-date
'AspisR19.ResidualModel.xEntry_eq' depends on axioms: [propext, Quot.sound]
'AspisR19.ResidualModel.xxEntry_eq' depends on axioms: [propext, Quot.sound]
'AspisR19.ResidualModel.chordEntry_eq' depends on axioms: [propext, Classical.choice, Quot.sound]
'AspisR19.ResidualModel.map_xEntry' depends on axioms: [propext, Quot.sound]
'AspisR19.ResidualModel.map_xxEntry' depends on axioms: [propext, Quot.sound]
'AspisR19.ResidualModel.map_chordEntry' depends on axioms: [propext, Classical.choice, Quot.sound]
'AspisR19.ResidualModel.map_point' depends on axioms: [propext, Classical.choice, Quot.sound]
'AspisR19.ResidualModel.map_pointWeight' depends on axioms: [propext, Classical.choice, Quot.sound]
'AspisR19.ResidualModel.map_shift' depends on axioms: [propext, Classical.choice, Quot.sound]
'AspisR19.ResidualModel.map_quotient' depends on axioms: [propext, Classical.choice, Quot.sound]
'AspisR19.ResidualModel.map_polyCoeff' depends on axioms: [propext, Classical.choice, Quot.sound]
'AspisR19.ResidualModel.map_observation' depends on axioms: [propext, Classical.choice, Quot.sound]
	Command being timed: "/home/dombarker/.elan/bin/lake env lean -R /home/dombarker/project-offloads/aspis-r36-lean-src-20260929-a -o /home/dombarker/project-offloads/aspis-r36-lean-20260929-c/lib/AspisV8R19/ResidualModel.olean /home/dombarker/project-offloads/aspis-r36-lean-src-20260929-a/AspisV8R19/ResidualModel.lean"
	User time (seconds): 3.59
	System time (seconds): 0.37
	Percent of CPU this job got: 225%
	Elapsed (wall clock) time (h:mm:ss or m:ss): 0:01.76
	Average shared text size (kbytes): 0
	Average unshared data size (kbytes): 0
	Average stack size (kbytes): 0
	Average total size (kbytes): 0
	Maximum resident set size (kbytes): 2333920
	Average resident set size (kbytes): 0
	Major (requiring I/O) page faults: 0
	Minor (reclaiming a frame) page faults: 55548
	Voluntary context switches: 4968
	Involuntary context switches: 94
	Swaps: 0
	File system inputs: 0
	File system outputs: 1840
	Socket messages sent: 0
	Socket messages received: 0
	Signals delivered: 0
	Page size (bytes): 4096
	Exit status: 0
