POSITIVE_LAYOUT old_cells=3803 new_cells=3802 old_fp=f9daf3d54f4285d1 new_fp=6b661245a56c7189 active_reserved=true unchanged_dependents=16 descriptor_bytes=107 packing_controls=32
GAMMA_CONTROLS canonical_profiles=512 maximal_limb_dot=true noncanonical_positions=152 short_inputs=2
STRUCTURED_CONTROLS entries=16384 terminals=64 affine_x_y=true inversion_zero_every_position=true
PERF_CONTROLS exact_public_weights=8192 allocation_free_carry=4104 zero_one_coordinates=true
PERF {"seed":0,"phase":"setup_compiler_encoder_matrix","seconds":1.334168151}
PERF {"seed":1,"phase":"masking","seconds":0.001114292}
PERF {"seed":1,"phase":"c1_encode","seconds":0.349804607}
PERF {"seed":1,"phase":"c1_salts_pack_tree","seconds":0.758093948}
PERF {"seed":1,"phase":"c2_helpers_encode","seconds":0.139713962}
PERF {"seed":1,"phase":"c2_pack_tree","seconds":0.364619528}
semantic_round=0 checked=true
semantic_round=1 checked=true
semantic_round=2 checked=true
semantic_round=3 checked=true
semantic_round=4 checked=true
semantic_round=5 checked=true
semantic_round=6 checked=true
semantic_round=7 checked=true
semantic_round=8 checked=true
semantic_round=9 checked=true
PERF {"seed":1,"phase":"semantic_producer_literal","seconds":2.590098435}
R17_C1_WITNESS_CORRECTION columns=16 rank_per_column=108 selected_raw_zeros=1408 point_claim_zeros=48 ood_claim_zeros=32 changed_witness_cells=2 base_field_masks=true internal_vectors_not_serialized=true
R17_H1_WITNESS_OOD coverage=explicit_distinct_point_interpolation directions_used=2 coordinate_branches_checked=2 coincident_rejected=true source_pad_checked=true retained_ood=2 active_helper_offset_retained=true fixed_prefix_only=true
R17_H1_WITNESS_JOINT rank=540 equations=562 compatibility_residuals=22 raw_zero=88 point_zero=3 ood_zero=2 rest_final_zero=256 gamma26_retained=true fixed_prefix_only=true
R17_G_WITNESS_JOINT equations=625 rank=601 compatibility_residuals=24 semantic_cancel=271 relation_cancel=7 raw_zero=88 point_zero=3 ood_zero=2 final_zero=256 fixed_prefix_only=true
R17_C1_WITNESS_VALIDATED same_public=true opposite_selected_input=true actual_helper_rebuilt=true helper_changed_rows=2 fixed_prefix_diagnostic_only=true
PERF {"seed":1,"phase":"relation_openings_serialize","seconds":28.618292237}
PERF {"seed":1,"phase":"prover_total_excludes_setup","seconds":32.821853374}
PERF {"seed":1,"phase":"host_verify_from_public_bytes","seconds":0.026308215}
R17_CONTROL semantic_rounds=10 final_values=512 corrupted_bytes=6 noncanonical_g_final=true truncated=true deferred_dense_agree=true
PERF {"seed":1,"accepted":true,"body_bytes":43182,"max_body_bytes":44378,"stress_nonce_attempts":0,"security_credit_bits":0,"full_transaction_cu":null}
	Command being timed: "/home/dombarker/project-offloads/aspis-r18-sparse-g-20260921-c/evidence-r18-source-world1-corrected/aspis-r18-source-gate-host /home/dombarker/project-offloads/aspis-r18-sparse-g-20260921-c/evidence-r18-source-world1-corrected/fixture-world1"
	User time (seconds): 34.14
	System time (seconds): 0.08
	Percent of CPU this job got: 99%
	Elapsed (wall clock) time (h:mm:ss or m:ss): 0:34.24
	Average shared text size (kbytes): 0
	Average unshared data size (kbytes): 0
	Average stack size (kbytes): 0
	Average total size (kbytes): 0
	Maximum resident set size (kbytes): 261988
	Average resident set size (kbytes): 0
	Major (requiring I/O) page faults: 0
	Minor (reclaiming a frame) page faults: 72587
	Voluntary context switches: 20
	Involuntary context switches: 150
	Swaps: 0
	File system inputs: 0
	File system outputs: 128
	Socket messages sent: 0
	Socket messages received: 0
	Signals delivered: 0
	Page size (bytes): 4096
	Exit status: 0
