info: r46_focused: no previous manifest, creating one from scratch
info: toolchain not updated; already up-to-date
'AspisR19.WideFactorLeading.top_index' depends on axioms: [propext]
'AspisR19.WideFactorLeading.growth32' depends on axioms: [propext]
'AspisR19.WideFactorLeading.small_schedule' depends on axioms: [propext]
'AspisR19.WideFactorLeading.sparseX_top' depends on axioms: [propext, Classical.choice, Quot.sound]
'AspisR19.WideFactorLeading.small_growth' depends on axioms: [propext, Quot.sound]
'AspisR19.WideFactorLeading.scatter_above' depends on axioms: [propext, Quot.sound]
'AspisR19.WideFactorLeading.scatter_top' depends on axioms: [propext, Classical.choice, Quot.sound]
'AspisR19.WideFactorLeading.factor_support' depends on axioms: [propext, Classical.choice, Quot.sound]
'AspisR19.WideFactorLeading.factor_leading' depends on axioms: [propext, Classical.choice, Quot.sound]
	Command being timed: "/home/dombarker/.elan/bin/lake env lean -R /home/dombarker/project-offloads/aspis-r46-lean-src-20260929-a -o /home/dombarker/project-offloads/aspis-r46-lean-20260929-a/lib/AspisV8R19/WideFactorLeading.olean /home/dombarker/project-offloads/aspis-r46-lean-src-20260929-a/AspisV8R19/WideFactorLeading.lean"
	User time (seconds): 1.51
	System time (seconds): 0.35
	Percent of CPU this job got: 135%
	Elapsed (wall clock) time (h:mm:ss or m:ss): 0:01.37
	Average shared text size (kbytes): 0
	Average unshared data size (kbytes): 0
	Average stack size (kbytes): 0
	Average total size (kbytes): 0
	Maximum resident set size (kbytes): 2368304
	Average resident set size (kbytes): 0
	Major (requiring I/O) page faults: 0
	Minor (reclaiming a frame) page faults: 53718
	Voluntary context switches: 4165
	Involuntary context switches: 52
	Swaps: 0
	File system inputs: 0
	File system outputs: 656
	Socket messages sent: 0
	Socket messages received: 0
	Signals delivered: 0
	Page size (bytes): 4096
	Exit status: 0
