Warning: Permanently added '100.108.41.90' (ED25519) to the list of known hosts.
Running as unit: aspis-focus-1791169280797275000-f873b8bbd785.service; invocation ID: fa6a0337838c47cdbe5b88f01eee6c20
/home/dombarker/project-offloads/aspis-r57-lean-src-20260929-a/AspisV8R19/R881QM31SemanticWeightPolynomial.lean:56:2: error: Type mismatch: After simplification, term
  h
 has type
  @Eq QM31Exact (eval₂ witnessEmbedding (assignment alpha u v kappa tau z) (semanticWeightPoly i))
    (maskWeights271 (witnessEmbedding 1073741824) (AspisV8R19.R876SemanticWeightPolynomial.tupleCoins✝ z) i)
but is expected to have type
  @Eq QM31Exact (eval₂ witnessEmbedding (assignment alpha u v kappa tau z) (semanticWeightPoly i))
    (maskWeights271 (witnessEmbedding 1073741824) (z 0, z 1, z 2, z 3, z 4, z 5, z 6, z 7, z 8, z 9, PUnit.unit) i)
'AspisV8R19.R881QM31SemanticWeightPolynomial.qm31Weight_degree' depends on axioms: [propext,
 Classical.choice,
 Quot.sound]
'AspisV8R19.R881QM31SemanticWeightPolynomial.qm31Weight_eval' depends on axioms: [propext,
 sorryAx,
 Classical.choice,
 Quot.sound]
Command exited with non-zero status 1
	Command being timed: "/home/dombarker/.elan/bin/lake --dir /home/dombarker/project-offloads/aspis-r126-release-20260930-a/focus-workspace env lean -j1 -M4500 -R /home/dombarker/project-offloads/aspis-r57-lean-src-20260929-a -o /home/dombarker/project-offloads/aspis-r126-release-20260930-a/lib/AspisV8R19/R881QM31SemanticWeightPolynomial.olean /home/dombarker/project-offloads/aspis-r57-lean-src-20260929-a/AspisV8R19/R881QM31SemanticWeightPolynomial.lean"
	User time (seconds): 1.16
	System time (seconds): 0.34
	Percent of CPU this job got: 100%
	Elapsed (wall clock) time (h:mm:ss or m:ss): 0:01.49
	Average shared text size (kbytes): 0
	Average unshared data size (kbytes): 0
	Average stack size (kbytes): 0
	Average total size (kbytes): 0
	Maximum resident set size (kbytes): 3296184
	Average resident set size (kbytes): 0
	Major (requiring I/O) page faults: 0
	Minor (reclaiming a frame) page faults: 77620
	Voluntary context switches: 511
	Involuntary context switches: 54
	Swaps: 0
	File system inputs: 0
	File system outputs: 0
	Socket messages sent: 0
	Socket messages received: 0
	Signals delivered: 0
	Page size (bytes): 4096
	Exit status: 1
Finished with result: exit-code
Main processes terminated with: code=exited/status=1
Service runtime: 1.529s
CPU time consumed: 1.538s
Memory peak: 256.0K
Memory swap peak: 0B
