Warning: Permanently added '100.108.41.90' (ED25519) to the list of known hosts.
Running as unit: aspis-focus-1790810420783859000.service; invocation ID: c5ae58d07f104555bedcd17a1ee7b36a
'AspisV8R19.R159WideBaseExecution.p_val' depends on axioms: [propext, Classical.choice, Quot.sound]
'AspisV8R19.R159WideBaseExecution.add64_val' depends on axioms: [propext, Classical.choice, Quot.sound]
'AspisV8R19.R159WideBaseExecution.sub64_val' depends on axioms: [propext, Classical.choice, Quot.sound]
'AspisV8R19.R159WideBaseExecution.add_success' depends on axioms: [propext, Classical.choice, Quot.sound]
'AspisV8R19.R159WideBaseExecution.sub_success' depends on axioms: [propext, Classical.choice, Quot.sound]
'AspisV8R19.R159WideBaseExecution.add_encode' depends on axioms: [propext, Classical.choice, Quot.sound]
'AspisV8R19.R159WideBaseExecution.sub_encode' depends on axioms: [propext, Classical.choice, Quot.sound]
'AspisV8R19.R159WideBaseExecution.double_encode' depends on axioms: [propext, Classical.choice, Quot.sound]
	Command being timed: "/home/dombarker/.elan/bin/lake --dir /home/dombarker/project-offloads/aspis-r126-release-20260930-a/focus-workspace env lean -j1 -M4500 -R /home/dombarker/project-offloads/aspis-r57-lean-src-20260929-a -o /home/dombarker/project-offloads/aspis-r126-release-20260930-a/lib/AspisV8R19/R159WideBaseExecution.olean /home/dombarker/project-offloads/aspis-r57-lean-src-20260929-a/AspisV8R19/R159WideBaseExecution.lean"
	User time (seconds): 1.95
	System time (seconds): 0.81
	Percent of CPU this job got: 100%
	Elapsed (wall clock) time (h:mm:ss or m:ss): 0:02.76
	Average shared text size (kbytes): 0
	Average unshared data size (kbytes): 0
	Average stack size (kbytes): 0
	Average total size (kbytes): 0
	Maximum resident set size (kbytes): 3704212
	Average resident set size (kbytes): 0
	Major (requiring I/O) page faults: 1
	Minor (reclaiming a frame) page faults: 120534
	Voluntary context switches: 913
	Involuntary context switches: 76
	Swaps: 0
	File system inputs: 8
	File system outputs: 1032
	Socket messages sent: 0
	Socket messages received: 0
	Signals delivered: 0
	Page size (bytes): 4096
	Exit status: 0
Finished with result: success
Main processes terminated with: code=exited/status=0
Service runtime: 2.796s
CPU time consumed: 2.801s
Memory peak: 1.5M
Memory swap peak: 0B
