Warning: Permanently added '100.108.41.90' (ED25519) to the list of known hosts.
Running as unit: aspis-focus-1790809877633847000.service; invocation ID: eed6095a9f0c4ccb8c999aceff604eec
/home/dombarker/project-offloads/aspis-r57-lean-src-20260929-a/AspisR156FullFreeze/FunsCore.lean:310:44: error: Application type mismatch: The argument
  31#i32
has type
  IScalar IScalarTy.I32
but is expected to have type
  U32
in the application
  x.wrapping_shr 31#i32
/home/dombarker/project-offloads/aspis-r57-lean-src-20260929-a/AspisR156FullFreeze/FunsCore.lean:578:50: error: Application type mismatch: The argument
  31#i32
has type
  IScalar IScalarTy.I32
but is expected to have type
  U32
in the application
  tupled_args.wrapping_shr 31#i32
Command exited with non-zero status 1
	Command being timed: "/home/dombarker/.elan/bin/lake --dir /home/dombarker/project-offloads/aspis-r126-release-20260930-a/focus-workspace env lean -j1 -M4500 -R /home/dombarker/project-offloads/aspis-r57-lean-src-20260929-a -o /home/dombarker/project-offloads/aspis-r126-release-20260930-a/lib/AspisR156FullFreeze/FunsCore.olean /home/dombarker/project-offloads/aspis-r57-lean-src-20260929-a/AspisR156FullFreeze/FunsCore.lean"
	User time (seconds): 2.09
	System time (seconds): 0.40
	Percent of CPU this job got: 100%
	Elapsed (wall clock) time (h:mm:ss or m:ss): 0:02.49
	Average shared text size (kbytes): 0
	Average unshared data size (kbytes): 0
	Average stack size (kbytes): 0
	Average total size (kbytes): 0
	Maximum resident set size (kbytes): 2579656
	Average resident set size (kbytes): 0
	Major (requiring I/O) page faults: 3
	Minor (reclaiming a frame) page faults: 65277
	Voluntary context switches: 1599
	Involuntary context switches: 70
	Swaps: 0
	File system inputs: 752
	File system outputs: 0
	Socket messages sent: 0
	Socket messages received: 0
	Signals delivered: 0
	Page size (bytes): 4096
	Exit status: 1
Finished with result: exit-code
Main processes terminated with: code=exited/status=1
Service runtime: 2.517s
CPU time consumed: 2.525s
Memory peak: 292.0K
Memory swap peak: 0B
