Warning: Permanently added '100.108.41.90' (ED25519) to the list of known hosts.
Running as unit: aspis-focus-1791084002661179000.service; invocation ID: 58b4dff6828e435b9a208a4ebe6e5b19
'AspisV8R19.R578FiniteWordTape.runTape_success' depends on axioms: [propext]
'AspisV8R19.R578FiniteWordTape.bounded_mono' depends on axioms: [propext, Quot.sound]
'AspisV8R19.R578FiniteWordTape.tape_mean' depends on axioms: [propext, Classical.choice, Quot.sound]
'AspisV8R19.R578FiniteWordTape.bounded_bind' depends on axioms: [propext, Quot.sound]
'AspisV8R19.R578FiniteWordTape.scan_bounded' does not depend on any axioms
'AspisV8R19.R578FiniteWordTape.limbs_bounded' depends on axioms: [propext, Quot.sound]
'AspisV8R19.R578FiniteWordTape.finite_tuple_mass' depends on axioms: [propext, Classical.choice, Quot.sound]
	Command being timed: "/home/dombarker/.elan/bin/lake --dir /home/dombarker/project-offloads/aspis-r126-release-20260930-a/focus-workspace env lean -j1 -M4500 -R /home/dombarker/project-offloads/aspis-r57-lean-src-20260929-a -o /home/dombarker/project-offloads/aspis-r126-release-20260930-a/lib/AspisV8R19/R578FiniteWordTape.olean /home/dombarker/project-offloads/aspis-r57-lean-src-20260929-a/AspisV8R19/R578FiniteWordTape.lean"
	User time (seconds): 1.21
	System time (seconds): 0.35
	Percent of CPU this job got: 100%
	Elapsed (wall clock) time (h:mm:ss or m:ss): 0:01.57
	Average shared text size (kbytes): 0
	Average unshared data size (kbytes): 0
	Average stack size (kbytes): 0
	Average total size (kbytes): 0
	Maximum resident set size (kbytes): 3268060
	Average resident set size (kbytes): 0
	Major (requiring I/O) page faults: 0
	Minor (reclaiming a frame) page faults: 77079
	Voluntary context switches: 1288
	Involuntary context switches: 77
	Swaps: 0
	File system inputs: 0
	File system outputs: 672
	Socket messages sent: 0
	Socket messages received: 0
	Signals delivered: 0
	Page size (bytes): 4096
	Exit status: 0
Finished with result: success
Main processes terminated with: code=exited/status=0
Service runtime: 1.597s
CPU time consumed: 1.602s
Memory peak: 288.0K
Memory swap peak: 0B
