Warning: Permanently added '100.108.41.90' (ED25519) to the list of known hosts.
Running as unit: aspis-focus-1791082600919611000.service; invocation ID: 367a56d7108c45a7adbf3ae3744bed5a
/home/dombarker/project-offloads/aspis-r57-lean-src-20260929-a/R573ClaimPrefixExecution.lean:154:30: warning: This simp argument is unused:
  hc

Hint: Omit it from the simp argument list.
  simp ̵[̵h̵c̵]̵

Note: This linter can be disabled with `set_option linter.unusedSimpArgs false`
/home/dombarker/project-offloads/aspis-r57-lean-src-20260929-a/R573ClaimPrefixExecution.lean:155:27: warning: This simp argument is unused:
  hc

Hint: Omit it from the simp argument list.
  simp ̵[̵h̵c̵]̵

Note: This linter can be disabled with `set_option linter.unusedSimpArgs false`
/home/dombarker/project-offloads/aspis-r57-lean-src-20260929-a/R573ClaimPrefixExecution.lean:158:34: warning: This simp argument is unused:
  hc

Hint: Omit it from the simp argument list.
  simp [h̵c̵,̵ ̵scheduleResult, core.result.Result.map_err, BuiltinFnOnce,
                    aspis_core.state_only_hiding.StateOnlyHidingScheduleError.Insts.CoreConvertFromChallengeSampleExhausted.from]

Note: This linter can be disabled with `set_option linter.unusedSimpArgs false`
/home/dombarker/project-offloads/aspis-r57-lean-src-20260929-a/R573ClaimPrefixExecution.lean:189:28: warning: This simp argument is unused:
  ha

Hint: Omit it from the simp argument list.
  simp ̵[̵h̵a̵]̵

Note: This linter can be disabled with `set_option linter.unusedSimpArgs false`
/home/dombarker/project-offloads/aspis-r57-lean-src-20260929-a/R573ClaimPrefixExecution.lean:190:25: warning: This simp argument is unused:
  ha

Hint: Omit it from the simp argument list.
  simp ̵[̵h̵a̵]̵

Note: This linter can be disabled with `set_option linter.unusedSimpArgs false`
	Command being timed: "/home/dombarker/.elan/bin/lake --dir /home/dombarker/project-offloads/aspis-r126-release-20260930-a/focus-workspace-r573 env lean -j1 -M4500 -R /home/dombarker/project-offloads/aspis-r57-lean-src-20260929-a -o /home/dombarker/project-offloads/aspis-r126-release-20260930-a/lib/R573ClaimPrefixExecution.olean /home/dombarker/project-offloads/aspis-r57-lean-src-20260929-a/R573ClaimPrefixExecution.lean"
	User time (seconds): 1.82
	System time (seconds): 0.37
	Percent of CPU this job got: 100%
	Elapsed (wall clock) time (h:mm:ss or m:ss): 0:02.19
	Average shared text size (kbytes): 0
	Average unshared data size (kbytes): 0
	Average stack size (kbytes): 0
	Average total size (kbytes): 0
	Maximum resident set size (kbytes): 3768056
	Average resident set size (kbytes): 0
	Major (requiring I/O) page faults: 0
	Minor (reclaiming a frame) page faults: 87322
	Voluntary context switches: 797
	Involuntary context switches: 62
	Swaps: 0
	File system inputs: 0
	File system outputs: 656
	Socket messages sent: 0
	Socket messages received: 0
	Signals delivered: 0
	Page size (bytes): 4096
	Exit status: 0
Finished with result: success
Main processes terminated with: code=exited/status=0
Service runtime: 2.222s
CPU time consumed: 2.223s
Memory peak: 328.0K
Memory swap peak: 0B
