Warning: Permanently added '100.108.41.90' (ED25519) to the list of known hosts.
Running as unit: aspis-focus-1791082443648130000.service; invocation ID: f497636c45f64145be0f9c630265fe85
/home/dombarker/project-offloads/aspis-r57-lean-src-20260929-a/AspisV8R19/R573ClaimPrefixExecution.lean:137:20: error: Tactic `rewrite` failed: Did not find an occurrence of the pattern
  (?m.240 ++ List.replicate 16 ?m.242).setSlice! (List.length ?m.240) ?m.241
in the target expression
  ([27#u8, 10#u8] ++ List.replicate 16 0#u8).setSlice! 2 ↑written = [27#u8, 10#u8] ++ ↑written

t : NTranscript
q : NQM31
data : Slice U8
hdata : ↑data = claimBytes q
tail : Slice U8
htail :
  Slice.drop
      ⟨[27#8#uscalar, 10#8#uscalar, 0#u8, 0#u8, 0#u8, 0#u8, 0#u8, 0#u8, 0#u8, 0#u8, 0#u8, 0#u8, 0#u8, 0#u8, 0#u8, 0#u8,
          0#u8, 0#u8],
        ⋯⟩
      2#usize =
    tail
hlen : tail.length = 16
written : Slice U8
hw : aspis_core.field.QM31.write_le_bytes q tail = ok written
hwriter : ↑written = qm31Bytes (toBefore (toCurrent q))
hwlen : (↑written).length = 16
⊢ ([27#u8, 10#u8] ++ List.replicate 16 0#u8).setSlice! 2 ↑written = [27#u8, 10#u8] ++ ↑written

Note: The target expression is not type-correct under the `instances` transparency level, which may have triggered the failure. This is usually caused by unfolding of semireducible definitions in prior tactic steps. Use `set_option linter.tacticCheckInstances true` to investigate the source of the issue.
Full error:
  Application type mismatch: The argument
    Eq.refl true
  has type
    @Eq Bool true true
  but is expected to have type
    @Eq Bool (decide (27 ≤ UScalar.cMax UScalarTy.U8)) true
  in the application
    id (Eq.refl true)
/home/dombarker/project-offloads/aspis-r57-lean-src-20260929-a/AspisV8R19/R573ClaimPrefixExecution.lean:150:42: error: unsolved goals
t : NTranscript
q : NQM31
data : Slice U8
hdata : ↑data = claimBytes q
tail : Slice U8
htail :
  Slice.drop
      ⟨[27#8#uscalar, 10#8#uscalar, 0#u8, 0#u8, 0#u8, 0#u8, 0#u8, 0#u8, 0#u8, 0#u8, 0#u8, 0#u8, 0#u8, 0#u8, 0#u8, 0#u8,
          0#u8, 0#u8],
        ⋯⟩
      2#usize =
    tail
hlen : tail.length = 16
written : Slice U8
hw : aspis_core.field.QM31.write_le_bytes q tail = ok written
hwriter : ↑written = qm31Bytes (toBefore (toCurrent q))
hwlen : (↑written).length = 16
hrecord : ⟨([27#u8, 10#u8] ++ List.replicate 16 0#u8).setSlice! 2 ↑written, ⋯⟩ = data
t1 : NTranscript
⊢ ∀ (a : core.result.Result aspis_core.field.QM31 aspis_core.transcript.ChallengeSampleExhausted)
    (b : aspis_core.transcript.Transcript),
    aspis_core.transcript.Transcript.challenge_nonzero_qm31 t1 = ok (a, b) →
      (do
          let r1 ←
            match a with
              | core.result.Result.Ok t => ok (core.result.Result.Ok t)
              | core.result.Result.Err e => do
                let t ←
                  (BuiltinFnOnce NChallengeError NScheduleError).call_once
                      aspis_core.state_only_hiding.StateOnlyHidingScheduleError.Insts.CoreConvertFromChallengeSampleExhausted.from
                      e
                ok (core.result.Result.Err t)
          ok (r1, b)) =
        ok
          (match a with
            | core.result.Result.Ok v => core.result.Result.Ok v
            | core.result.Result.Err a =>
              core.result.Result.Err aspis_core.state_only_hiding.StateOnlyHidingScheduleError.ChallengeSampleExhausted,
            b)
/home/dombarker/project-offloads/aspis-r57-lean-src-20260929-a/AspisV8R19/R573ClaimPrefixExecution.lean:159:45: error: `simp` made no progress
Command exited with non-zero status 1
	Command being timed: "/home/dombarker/.elan/bin/lake --dir /home/dombarker/project-offloads/aspis-r126-release-20260930-a/focus-workspace-r573 env lean -j1 -M4500 -R /home/dombarker/project-offloads/aspis-r57-lean-src-20260929-a -o /home/dombarker/project-offloads/aspis-r126-release-20260930-a/lib/AspisV8R19/R573ClaimPrefixExecution.olean /home/dombarker/project-offloads/aspis-r57-lean-src-20260929-a/AspisV8R19/R573ClaimPrefixExecution.lean"
	User time (seconds): 1.54
	System time (seconds): 0.36
	Percent of CPU this job got: 100%
	Elapsed (wall clock) time (h:mm:ss or m:ss): 0:01.89
	Average shared text size (kbytes): 0
	Average unshared data size (kbytes): 0
	Average stack size (kbytes): 0
	Average total size (kbytes): 0
	Maximum resident set size (kbytes): 3747832
	Average resident set size (kbytes): 0
	Major (requiring I/O) page faults: 0
	Minor (reclaiming a frame) page faults: 86777
	Voluntary context switches: 772
	Involuntary context switches: 77
	Swaps: 0
	File system inputs: 0
	File system outputs: 0
	Socket messages sent: 0
	Socket messages received: 0
	Signals delivered: 0
	Page size (bytes): 4096
	Exit status: 1
Finished with result: exit-code
Main processes terminated with: code=exited/status=1
Service runtime: 1.926s
CPU time consumed: 1.944s
Memory peak: 328.0K
Memory swap peak: 0B
