SelectedSemanticCallbackGap.lean:42:0: warning: automatically included section variable(s) unused in theorem `AspisV8Completion.SelectedSemanticCallbackGap.arbitraryTerminalMessage_degree`:
  [DecidableEq K]
consider restructuring your `variable` declarations so that the variables are not in scope or explicitly omit them:
  omit [DecidableEq K] in theorem ...

Note: This linter can be disabled with `set_option linter.unusedSectionVars false`
SelectedSemanticCallbackGap.lean:54:8: warning: automatically included section variable(s) unused in theorem `AspisV8Completion.SelectedSemanticCallbackGap.arbitraryTerminalMessage_zero`:
  [DecidableEq K]
consider restructuring your `variable` declarations so that the variables are not in scope or explicitly omit them:
  omit [DecidableEq K] in theorem ...

Note: This linter can be disabled with `set_option linter.unusedSectionVars false`
SelectedSemanticCallbackGap.lean:60:0: warning: automatically included section variable(s) unused in theorem `AspisV8Completion.SelectedSemanticCallbackGap.arbitraryTerminalMessage_boundary`:
  [DecidableEq K]
consider restructuring your `variable` declarations so that the variables are not in scope or explicitly omit them:
  omit [DecidableEq K] in theorem ...

Note: This linter can be disabled with `set_option linter.unusedSectionVars false`
SelectedSemanticCallbackGap.lean:66:17: warning: Used `tac1 <;> tac2` where `(tac1; tac2)` would suffice

Note: This linter can be disabled with `set_option linter.unnecessarySeqFocus false`
SelectedSemanticCallbackGap.lean:101:0: warning: automatically included section variable(s) unused in theorem `AspisV8Completion.SelectedSemanticCallbackGap.callback_exact_of_table_terminal`:
  [DecidableEq K]
consider restructuring your `variable` declarations so that the variables are not in scope or explicitly omit them:
  omit [DecidableEq K] in theorem ...

Note: This linter can be disabled with `set_option linter.unusedSectionVars false`
theorem AspisV8Completion.SelectedSemanticCallbackGap.arbitraryTerminalTrace_final.{u_1} : ∀ {K : Type u_1}
  [inst : Field K] [inst_1 : DecidableEq K] (table : Fin 1024 → K) (target : K),
  referenceClaim (∑ row, table row) (arbitraryTerminalTrace table target).messages zeroPoint (Fin.last 10) = target :=
fun {K} [Field K] [DecidableEq K] table target =>
  id (arbitraryTerminalMessage_zero (∑ row, table row) target (Fin.last 9))
theorem AspisV8Completion.SelectedSemanticCallbackGap.callback_exact_of_table_terminal.{u_1} : ∀ {K : Type u_1}
  [inst : Field K] [DecidableEq K] (callback : SelectedTerminalCallback K) (fields : FixedFieldView K)
  (point : Fin 10 → K) {table : Fin 1024 → K} (reference : ReferenceTrace table point),
  callback (terminalProjection fields.pointClaim) point = some (fixedTableTerminal table point) →
    referenceClaim (∑ row, table row) reference.messages point (Fin.last 10) = fixedTableTerminal table point →
      callback (terminalProjection fields.pointClaim) point =
        some (referenceClaim (∑ row, table row) reference.messages point (Fin.last 10)) :=
fun {K} [Field K] [DecidableEq K] callback fields point {table} reference callbackReturnsTable referenceEndsAtTable =>
  Eq.mpr
    (id (congrArg (fun _a => callback (terminalProjection fields.pointClaim) point = some _a) referenceEndsAtTable))
    callbackReturnsTable
'AspisV8Completion.SelectedSemanticCallbackGap.arbitraryTerminalMessage_degree' depends on axioms: [propext,
 Classical.choice,
 Quot.sound]
'AspisV8Completion.SelectedSemanticCallbackGap.arbitraryTerminalTrace' depends on axioms: [propext,
 Classical.choice,
 Quot.sound]
'AspisV8Completion.SelectedSemanticCallbackGap.arbitraryTerminalTrace_final' depends on axioms: [propext,
 Classical.choice,
 Quot.sound]
'AspisV8Completion.SelectedSemanticCallbackGap.callback_exact_of_table_terminal' depends on axioms: [propext,
 Classical.choice,
 Quot.sound]
	Command being timed: "/home/dombarker/.elan/toolchains/leanprover--lean4---v4.32.0/bin/lean -M8192 SelectedSemanticCallbackGap.lean -o SelectedSemanticCallbackGap.olean"
	User time (seconds): 2.25
	System time (seconds): 0.95
	Percent of CPU this job got: 100%
	Elapsed (wall clock) time (h:mm:ss or m:ss): 0:03.18
	Average shared text size (kbytes): 0
	Average unshared data size (kbytes): 0
	Average stack size (kbytes): 0
	Average total size (kbytes): 0
	Maximum resident set size (kbytes): 6581428
	Average resident set size (kbytes): 0
	Major (requiring I/O) page faults: 0
	Minor (reclaiming a frame) page faults: 140532
	Voluntary context switches: 1320
	Involuntary context switches: 148
	Swaps: 0
	File system inputs: 0
	File system outputs: 320
	Socket messages sent: 0
	Socket messages received: 0
	Signals delivered: 0
	Page size (bytes): 4096
	Exit status: 0
