Warning: Permanently added '100.108.41.90' (ED25519) to the list of known hosts.
Running as unit: aspis-focus-1791110446718008000.service; invocation ID: 51693779d804413faf2cab4b0e532b7f
/home/dombarker/project-offloads/aspis-r57-lean-src-20260929-a/AspisV8R19/R644AcceptedRadixSerialization.lean:33:4: error: Type mismatch: After simplification, term
  he
 has type
  ↑((blockWords (blockValues b))[i]?.getD default) = radixDigit b ⟨i, hi8⟩
but is expected to have type
  ↑(blockWords (blockValues b))[i] =
    [radixDigit b 0, radixDigit b 1, radixDigit b 2, radixDigit b 3, radixDigit b 4, radixDigit b 5, radixDigit b 6,
        radixDigit b 7][i]
'AspisV8R19.R644AcceptedRadixSerialization.block_radix_values' depends on axioms: [propext,
 sorryAx,
 Classical.choice,
 Quot.sound]
'AspisV8R19.R644AcceptedRadixSerialization.words_radix_values' depends on axioms: [propext,
 sorryAx,
 Classical.choice,
 Quot.sound]
'AspisV8R19.R644AcceptedRadixSerialization.accepted_radix_serialization' depends on axioms: [propext,
 sorryAx,
 Classical.choice,
 Quot.sound,
 core.fmt.Formatter]
Command exited with non-zero status 1
	Command being timed: "/home/dombarker/.elan/bin/lake --dir /home/dombarker/project-offloads/aspis-r126-release-20260930-a/focus-workspace env lean -j1 -M4500 -R /home/dombarker/project-offloads/aspis-r57-lean-src-20260929-a -o /home/dombarker/project-offloads/aspis-r126-release-20260930-a/lib/AspisV8R19/R644AcceptedRadixSerialization.olean /home/dombarker/project-offloads/aspis-r57-lean-src-20260929-a/AspisV8R19/R644AcceptedRadixSerialization.lean"
	User time (seconds): 1.13
	System time (seconds): 0.42
	Percent of CPU this job got: 100%
	Elapsed (wall clock) time (h:mm:ss or m:ss): 0:01.55
	Average shared text size (kbytes): 0
	Average unshared data size (kbytes): 0
	Average stack size (kbytes): 0
	Average total size (kbytes): 0
	Maximum resident set size (kbytes): 3742128
	Average resident set size (kbytes): 0
	Major (requiring I/O) page faults: 0
	Minor (reclaiming a frame) page faults: 86337
	Voluntary context switches: 512
	Involuntary context switches: 76
	Swaps: 0
	File system inputs: 0
	File system outputs: 0
	Socket messages sent: 0
	Socket messages received: 0
	Signals delivered: 0
	Page size (bytes): 4096
	Exit status: 1
Finished with result: exit-code
Main processes terminated with: code=exited/status=1
Service runtime: 1.582s
CPU time consumed: 1.592s
Memory peak: 328.0K
Memory swap peak: 0B
