/home/dombarker/project-offloads/aspis-r47-lean-src-20260929-a/AspisV8R19/CircleWeightBridge.lean:15:0: warning: automatically included section variable(s) unused in theorem `AspisR19.CircleWeightBridge.factor_step`:
  [NeZero 2]
consider restructuring your `variable` declarations so that the variables are not in scope or explicitly omit them:
  omit [NeZero 2] in theorem ...

Note: This linter can be disabled with `set_option linter.unusedSectionVars false`
/home/dombarker/project-offloads/aspis-r47-lean-src-20260929-a/AspisV8R19/CircleWeightBridge.lean:24:21: error: omega could not prove the goal:
a possible counterexample may satisfy the constraints
  c ≥ 0
  b ≥ 0
  b - c ≥ 1
  a ≥ 0
where
 a := ↑((fun b => b + 1) j)
 b := ↑j
 c := ↑i
/home/dombarker/project-offloads/aspis-r47-lean-src-20260929-a/AspisV8R19/CircleWeightBridge.lean:33:21: error: omega could not prove the goal:
a possible counterexample may satisfy the constraints
  c ≥ 0
  b ≥ 0
  b - c ≥ 1
  a ≥ 0
where
 a := ↑((fun b => b + 1) j)
 b := ↑j
 c := ↑i
/home/dombarker/project-offloads/aspis-r47-lean-src-20260929-a/AspisV8R19/CircleWeightBridge.lean:50:88: error: (deterministic) timeout at `whnf`, maximum number of heartbeats (200000) has been reached

Note: Use `set_option maxHeartbeats <num>` to set the limit.

Hint: Additional diagnostic information may be available using the `set_option diagnostics true` command.
/home/dombarker/project-offloads/aspis-r47-lean-src-20260929-a/AspisV8R19/CircleWeightBridge.lean:48:0: error: (deterministic) timeout at `isDefEq`, maximum number of heartbeats (200000) has been reached

Note: Use `set_option maxHeartbeats <num>` to set the limit.

Hint: Additional diagnostic information may be available using the `set_option diagnostics true` command.
/home/dombarker/project-offloads/aspis-r47-lean-src-20260929-a/AspisV8R19/CircleWeightBridge.lean:52:8: error: (kernel) unknown constant 'AspisR19.CircleWeightBridge.selector_certificate'
Try this:
  [apply] ring_nf
  
  The `ring` tactic failed to close the goal. Use `ring_nf` to obtain a normal form.
    
  Note that `ring` works primarily in *commutative* rings. If you have a noncommutative ring, abelian group or module, consider using `noncomm_ring`, `abel` or `module` instead.
Try this:
  [apply] ring_nf
  
  The `ring` tactic failed to close the goal. Use `ring_nf` to obtain a normal form.
    
  Note that `ring` works primarily in *commutative* rings. If you have a noncommutative ring, abelian group or module, consider using `noncomm_ring`, `abel` or `module` instead.
Try this:
  [apply] ring_nf
  
  The `ring` tactic failed to close the goal. Use `ring_nf` to obtain a normal form.
    
  Note that `ring` works primarily in *commutative* rings. If you have a noncommutative ring, abelian group or module, consider using `noncomm_ring`, `abel` or `module` instead.
Try this:
  [apply] ring_nf
  
  The `ring` tactic failed to close the goal. Use `ring_nf` to obtain a normal form.
    
  Note that `ring` works primarily in *commutative* rings. If you have a noncommutative ring, abelian group or module, consider using `noncomm_ring`, `abel` or `module` instead.
/home/dombarker/project-offloads/aspis-r47-lean-src-20260929-a/AspisV8R19/CircleWeightBridge.lean:66:65: error: unsolved goals
case «0»
F : Type u_1
inst✝¹ : Field F
inst✝ : NeZero 2
x y : F
n : ℕ
hd0 : 4 * n / 2 = 2 * n
hd1 : (4 * n + 1) / 2 = 2 * n
hd2 : (4 * n + 2) / 2 = 2 * n + 1
hd3 : (4 * n + 3) / 2 = 2 * n + 1
hm0 : 4 * n % 2 = 0
hm1 : (4 * n + 1) % 2 = 1
hm2 : (4 * n + 2) % 2 = 0
hm3 : (4 * n + 3) % 2 = 1
⊢ naturalLineValue (doubledFactor x 1) n = naturalLineValue (doubledFactor x 1) n * ![1, y, x, x * y] ⟨0, ⋯⟩

case «1»
F : Type u_1
inst✝¹ : Field F
inst✝ : NeZero 2
x y : F
n : ℕ
hd0 : 4 * n / 2 = 2 * n
hd1 : (4 * n + 1) / 2 = 2 * n
hd2 : (4 * n + 2) / 2 = 2 * n + 1
hd3 : (4 * n + 3) / 2 = 2 * n + 1
hm0 : 4 * n % 2 = 0
hm1 : (4 * n + 1) % 2 = 1
hm2 : (4 * n + 2) % 2 = 0
hm3 : (4 * n + 3) % 2 = 1
⊢ naturalLineValue (doubledFactor x 1) n * y = naturalLineValue (doubledFactor x 1) n * ![1, y, x, y * x] ⟨1, ⋯⟩

case «2»
F : Type u_1
inst✝¹ : Field F
inst✝ : NeZero 2
x y : F
n : ℕ
hd0 : 4 * n / 2 = 2 * n
hd1 : (4 * n + 1) / 2 = 2 * n
hd2 : (4 * n + 2) / 2 = 2 * n + 1
hd3 : (4 * n + 3) / 2 = 2 * n + 1
hm0 : 4 * n % 2 = 0
hm1 : (4 * n + 1) % 2 = 1
hm2 : (4 * n + 2) % 2 = 0
hm3 : (4 * n + 3) % 2 = 1
⊢ x * naturalLineValue (doubledFactor x 1) n = naturalLineValue (doubledFactor x 1) n * ![1, y, x, x * y] ⟨2, ⋯⟩

case «3»
F : Type u_1
inst✝¹ : Field F
inst✝ : NeZero 2
x y : F
n : ℕ
hd0 : 4 * n / 2 = 2 * n
hd1 : (4 * n + 1) / 2 = 2 * n
hd2 : (4 * n + 2) / 2 = 2 * n + 1
hd3 : (4 * n + 3) / 2 = 2 * n + 1
hm0 : 4 * n % 2 = 0
hm1 : (4 * n + 1) % 2 = 1
hm2 : (4 * n + 2) % 2 = 0
hm3 : (4 * n + 3) % 2 = 1
⊢ x * naturalLineValue (doubledFactor x 1) n * y = naturalLineValue (doubledFactor x 1) n * ![1, y, x, x * y] ⟨3, ⋯⟩
/home/dombarker/project-offloads/aspis-r47-lean-src-20260929-a/AspisV8R19/CircleWeightBridge.lean:75:29: warning: This simp argument is unused:
  Fin.val_zero

Hint: Omit it from the simp argument list.
  simp only [̵F̵i̵n̵.̵v̵a̵l̵_̵z̵e̵r̵o̵,̵F̵i̵n̵.̵v̵a̵l̵_̵o̵n̵e̵,̵F̵i̵n̵.̵v̵a̵l̵_̵o̵f̵N̵a̵t̵,̵a̵d̵d̵_̵z̵e̵r̵o̵,̵
  ̵ ̵ ̵ ̵ ̵c̵i̵r̵c̵l̵e̵W̵e̵i̵g̵h̵t̵,̵h̵d̵0̵,̵h̵d̵1̵,̵h̵d̵2̵,̵h̵d̵3̵,̵h̵m̵0̵,̵h̵m̵1̵,̵h̵m̵2̵,̵h̵m̵3̵,̵s̵h̵o̵w̵ ̵¬̵(̵1̵:̵N̵a̵t̵)̵=̵0̵[̲F̲i̲n̲.̲v̲a̲l̲_̲o̲n̲e̲,̲ ̲F̲i̲n̲.̲v̲a̲l̲_̲o̲f̲N̲a̲t̲,̲ ̲a̲d̲d̲_̲z̲e̲r̲o̲,̲ ̲c̲i̲r̲c̲l̲e̲W̲e̲i̲g̲h̲t̲,̲ ̲h̲d̲0̲,̲ ̲h̲d̲1̲,̲ ̲h̲d̲2̲,̲ ̲h̲d̲3̲,̲
  ̲ ̲ ̲ ̲ ̲h̲m̲0̲,̲ ̲h̲m̲1̲,̲ ̲h̲m̲2̲,̲ ̲h̲m̲3̲,̲ ̲s̲h̲o̲w̲ ̲¬̲(̲1̲ ̲:̲ ̲N̲a̲t̲)̲ ̲=̲ ̲0̲ by decide, ↓̵r̵e̵d̵u̵c̵e̵I̵t̵e̵,̵A̵s̵p̵i̵s̵V̵5̵F̵r̵i̵N̵a̵t̵u̵r̵a̵l̵B̵a̵s̵i̵s̵R̵a̵d̵i̵x̵4̵.̵n̵a̵t̵u̵r̵a̵l̵L̵i̵n̵e̵V̵a̵l̵u̵e̵_̵t̵w̵o̵_̵m̵u̵l̵,̵↓̲r̲e̲d̲u̲c̲e̲I̲t̲e̲,̲
  ̲ ̲ ̲ ̲ ̲A̲s̲p̲i̲s̲V̲5̲F̲r̲i̲N̲a̲t̲u̲r̲a̲l̲B̲a̲s̲i̲s̲R̲a̲d̲i̲x̲4̲.̲n̲a̲t̲u̲r̲a̲l̲L̲i̲n̲e̲V̲a̲l̲u̲e̲_̲t̲w̲o̲_̲m̲u̲l̲,̲
      AspisV5FriNaturalBasisRadix4.naturalLineValue_two_mul_add_one, M̵a̵t̵r̵i̵x̵.̵c̵o̵n̵s̵_̵v̵a̵l̵_̵z̵e̵r̵o̵,̵M̵a̵t̵r̵i̵x̵.̵c̵o̵n̵s̵_̵v̵a̵l̵_̵o̵n̵e̵,̵M̵a̵t̵r̵i̵x̵.̵c̵o̵n̵s̵_̵v̵a̵l̵_̵t̵w̵o̵,̵M̵a̵t̵r̵i̵x̵.̵c̵o̵n̵s̵_̵v̵a̵l̵_̵t̵h̵r̵e̵e̵,̵m̵u̵l̵_̵o̵n̵e̵]̵M̲a̲t̲r̲i̲x̲.̲c̲o̲n̲s̲_̲v̲a̲l̲_̲z̲e̲r̲o̲,̲
  ̲ ̲ ̲ ̲ ̲M̲a̲t̲r̲i̲x̲.̲c̲o̲n̲s̲_̲v̲a̲l̲_̲o̲n̲e̲,̲ ̲M̲a̲t̲r̲i̲x̲.̲c̲o̲n̲s̲_̲v̲a̲l̲_̲t̲w̲o̲,̲ ̲M̲a̲t̲r̲i̲x̲.̲c̲o̲n̲s̲_̲v̲a̲l̲_̲t̲h̲r̲e̲e̲,̲ ̲m̲u̲l̲_̲o̲n̲e̲]̲

Note: This linter can be disabled with `set_option linter.unusedSimpArgs false`
/home/dombarker/project-offloads/aspis-r47-lean-src-20260929-a/AspisV8R19/CircleWeightBridge.lean:75:42: warning: This simp argument is unused:
  Fin.val_one

Hint: Omit it from the simp argument list.
  simp only [̵F̵i̵n̵.̵v̵a̵l̵_̵z̵e̵r̵o̵,̵F̵i̵n̵.̵v̵a̵l̵_̵o̵n̵e̵,̵F̵i̵n̵.̵v̵a̵l̵_̵o̵f̵N̵a̵t̵,̵a̵d̵d̵_̵z̵e̵r̵o̵,̵
  ̵ ̵ ̵ ̵ ̵c̵i̵r̵c̵l̵e̵W̵e̵i̵g̵h̵t̵,̵h̵d̵0̵,̵h̵d̵1̵,̵h̵d̵2̵,̵h̵d̵3̵,̵h̵m̵0̵,̵h̵m̵1̵,̵h̵m̵2̵,̵h̵m̵3̵,̵s̵h̵o̵w̵ ̵¬̵(̵1̵:̵N̵a̵t̵)̵=̵0̵[̲F̲i̲n̲.̲v̲a̲l̲_̲z̲e̲r̲o̲,̲ ̲F̲i̲n̲.̲v̲a̲l̲_̲o̲f̲N̲a̲t̲,̲ ̲a̲d̲d̲_̲z̲e̲r̲o̲,̲ ̲c̲i̲r̲c̲l̲e̲W̲e̲i̲g̲h̲t̲,̲ ̲h̲d̲0̲,̲ ̲h̲d̲1̲,̲ ̲h̲d̲2̲,̲
  ̲ ̲ ̲ ̲ ̲h̲d̲3̲,̲ ̲h̲m̲0̲,̲ ̲h̲m̲1̲,̲ ̲h̲m̲2̲,̲ ̲h̲m̲3̲,̲ ̲s̲h̲o̲w̲ ̲¬̲(̲1̲ ̲:̲ ̲N̲a̲t̲)̲ ̲=̲ ̲0̲ by decide, ↓̵r̵e̵d̵u̵c̵e̵I̵t̵e̵,̵A̵s̵p̵i̵s̵V̵5̵F̵r̵i̵N̵a̵t̵u̵r̵a̵l̵B̵a̵s̵i̵s̵R̵a̵d̵i̵x̵4̵.̵n̵a̵t̵u̵r̵a̵l̵L̵i̵n̵e̵V̵a̵l̵u̵e̵_̵t̵w̵o̵_̵m̵u̵l̵,̵↓̲r̲e̲d̲u̲c̲e̲I̲t̲e̲,̲
  ̲ ̲ ̲ ̲ ̲A̲s̲p̲i̲s̲V̲5̲F̲r̲i̲N̲a̲t̲u̲r̲a̲l̲B̲a̲s̲i̲s̲R̲a̲d̲i̲x̲4̲.̲n̲a̲t̲u̲r̲a̲l̲L̲i̲n̲e̲V̲a̲l̲u̲e̲_̲t̲w̲o̲_̲m̲u̲l̲,̲
      AspisV5FriNaturalBasisRadix4.naturalLineValue_two_mul_add_one, M̵a̵t̵r̵i̵x̵.̵c̵o̵n̵s̵_̵v̵a̵l̵_̵z̵e̵r̵o̵,̵M̵a̵t̵r̵i̵x̵.̵c̵o̵n̵s̵_̵v̵a̵l̵_̵o̵n̵e̵,̵M̵a̵t̵r̵i̵x̵.̵c̵o̵n̵s̵_̵v̵a̵l̵_̵t̵w̵o̵,̵M̵a̵t̵r̵i̵x̵.̵c̵o̵n̵s̵_̵v̵a̵l̵_̵t̵h̵r̵e̵e̵,̵m̵u̵l̵_̵o̵n̵e̵]̵M̲a̲t̲r̲i̲x̲.̲c̲o̲n̲s̲_̲v̲a̲l̲_̲z̲e̲r̲o̲,̲
  ̲ ̲ ̲ ̲ ̲M̲a̲t̲r̲i̲x̲.̲c̲o̲n̲s̲_̲v̲a̲l̲_̲o̲n̲e̲,̲ ̲M̲a̲t̲r̲i̲x̲.̲c̲o̲n̲s̲_̲v̲a̲l̲_̲t̲w̲o̲,̲ ̲M̲a̲t̲r̲i̲x̲.̲c̲o̲n̲s̲_̲v̲a̲l̲_̲t̲h̲r̲e̲e̲,̲ ̲m̲u̲l̲_̲o̲n̲e̲]̲

Note: This linter can be disabled with `set_option linter.unusedSimpArgs false`
/home/dombarker/project-offloads/aspis-r47-lean-src-20260929-a/AspisV8R19/CircleWeightBridge.lean:75:54: warning: This simp argument is unused:
  Fin.val_ofNat

Hint: Omit it from the simp argument list.
  simp only [̵F̵i̵n̵.̵v̵a̵l̵_̵z̵e̵r̵o̵,̵F̵i̵n̵.̵v̵a̵l̵_̵o̵n̵e̵,̵F̵i̵n̵.̵v̵a̵l̵_̵o̵f̵N̵a̵t̵,̵a̵d̵d̵_̵z̵e̵r̵o̵,̵
  ̵ ̵ ̵ ̵ ̵c̵i̵r̵c̵l̵e̵W̵e̵i̵g̵h̵t̵,̵h̵d̵0̵,̵h̵d̵1̵,̵h̵d̵2̵,̵h̵d̵3̵,̵h̵m̵0̵,̵h̵m̵1̵,̵h̵m̵2̵,̵h̵m̵3̵,̵s̵h̵o̵w̵ ̵¬̵(̵1̵:̵N̵a̵t̵)̵=̵0̵[̲F̲i̲n̲.̲v̲a̲l̲_̲z̲e̲r̲o̲,̲ ̲F̲i̲n̲.̲v̲a̲l̲_̲o̲n̲e̲,̲ ̲a̲d̲d̲_̲z̲e̲r̲o̲,̲ ̲c̲i̲r̲c̲l̲e̲W̲e̲i̲g̲h̲t̲,̲ ̲h̲d̲0̲,̲ ̲h̲d̲1̲,̲ ̲h̲d̲2̲,̲ ̲h̲d̲3̲,̲
  ̲ ̲ ̲ ̲ ̲h̲m̲0̲,̲ ̲h̲m̲1̲,̲ ̲h̲m̲2̲,̲ ̲h̲m̲3̲,̲ ̲s̲h̲o̲w̲ ̲¬̲(̲1̲ ̲:̲ ̲N̲a̲t̲)̲ ̲=̲ ̲0̲ by decide, ↓̵r̵e̵d̵u̵c̵e̵I̵t̵e̵,̵A̵s̵p̵i̵s̵V̵5̵F̵r̵i̵N̵a̵t̵u̵r̵a̵l̵B̵a̵s̵i̵s̵R̵a̵d̵i̵x̵4̵.̵n̵a̵t̵u̵r̵a̵l̵L̵i̵n̵e̵V̵a̵l̵u̵e̵_̵t̵w̵o̵_̵m̵u̵l̵,̵↓̲r̲e̲d̲u̲c̲e̲I̲t̲e̲,̲
  ̲ ̲ ̲ ̲ ̲A̲s̲p̲i̲s̲V̲5̲F̲r̲i̲N̲a̲t̲u̲r̲a̲l̲B̲a̲s̲i̲s̲R̲a̲d̲i̲x̲4̲.̲n̲a̲t̲u̲r̲a̲l̲L̲i̲n̲e̲V̲a̲l̲u̲e̲_̲t̲w̲o̲_̲m̲u̲l̲,̲
      AspisV5FriNaturalBasisRadix4.naturalLineValue_two_mul_add_one, M̵a̵t̵r̵i̵x̵.̵c̵o̵n̵s̵_̵v̵a̵l̵_̵z̵e̵r̵o̵,̵M̵a̵t̵r̵i̵x̵.̵c̵o̵n̵s̵_̵v̵a̵l̵_̵o̵n̵e̵,̵M̵a̵t̵r̵i̵x̵.̵c̵o̵n̵s̵_̵v̵a̵l̵_̵t̵w̵o̵,̵M̵a̵t̵r̵i̵x̵.̵c̵o̵n̵s̵_̵v̵a̵l̵_̵t̵h̵r̵e̵e̵,̵m̵u̵l̵_̵o̵n̵e̵]̵M̲a̲t̲r̲i̲x̲.̲c̲o̲n̲s̲_̲v̲a̲l̲_̲z̲e̲r̲o̲,̲
  ̲ ̲ ̲ ̲ ̲M̲a̲t̲r̲i̲x̲.̲c̲o̲n̲s̲_̲v̲a̲l̲_̲o̲n̲e̲,̲ ̲M̲a̲t̲r̲i̲x̲.̲c̲o̲n̲s̲_̲v̲a̲l̲_̲t̲w̲o̲,̲ ̲M̲a̲t̲r̲i̲x̲.̲c̲o̲n̲s̲_̲v̲a̲l̲_̲t̲h̲r̲e̲e̲,̲ ̲m̲u̲l̲_̲o̲n̲e̲]̲

Note: This linter can be disabled with `set_option linter.unusedSimpArgs false`
/home/dombarker/project-offloads/aspis-r47-lean-src-20260929-a/AspisV8R19/CircleWeightBridge.lean:79:4: warning: This simp argument is unused:
  Matrix.cons_val_zero

Hint: Omit it from the simp argument list.
  simp only [̵F̵i̵n̵.̵v̵a̵l̵_̵z̵e̵r̵o̵,̵F̵i̵n̵.̵v̵a̵l̵_̵o̵n̵e̵,̵F̵i̵n̵.̵v̵a̵l̵_̵o̵f̵N̵a̵t̵,̵a̵d̵d̵_̵z̵e̵r̵o̵,̵
  ̵ ̵ ̵ ̵ ̵c̵i̵r̵c̵l̵e̵W̵e̵i̵g̵h̵t̵,̵h̵d̵0̵,̵h̵d̵1̵,̵h̵d̵2̵,̵h̵d̵3̵,̵h̵m̵0̵,̵h̵m̵1̵,̵h̵m̵2̵,̵h̵m̵3̵,̵s̵h̵o̵w̵ ̵¬̵(̵1̵:̵N̵a̵t̵)̵=̵0̵[̲F̲i̲n̲.̲v̲a̲l̲_̲z̲e̲r̲o̲,̲ ̲F̲i̲n̲.̲v̲a̲l̲_̲o̲n̲e̲,̲ ̲F̲i̲n̲.̲v̲a̲l̲_̲o̲f̲N̲a̲t̲,̲ ̲a̲d̲d̲_̲z̲e̲r̲o̲,̲ ̲c̲i̲r̲c̲l̲e̲W̲e̲i̲g̲h̲t̲,̲ ̲h̲d̲0̲,̲
  ̲ ̲ ̲ ̲ ̲h̲d̲1̲,̲ ̲h̲d̲2̲,̲ ̲h̲d̲3̲,̲ ̲h̲m̲0̲,̲ ̲h̲m̲1̲,̲ ̲h̲m̲2̲,̲ ̲h̲m̲3̲,̲ ̲s̲h̲o̲w̲ ̲¬̲(̲1̲ ̲:̲ ̲N̲a̲t̲)̲ ̲=̲ ̲0̲ by decide, ↓̵r̵e̵d̵u̵c̵e̵I̵t̵e̵,̵A̵s̵p̵i̵s̵V̵5̵F̵r̵i̵N̵a̵t̵u̵r̵a̵l̵B̵a̵s̵i̵s̵R̵a̵d̵i̵x̵4̵.̵n̵a̵t̵u̵r̵a̵l̵L̵i̵n̵e̵V̵a̵l̵u̵e̵_̵t̵w̵o̵_̵m̵u̵l̵,̵↓̲r̲e̲d̲u̲c̲e̲I̲t̲e̲,̲
  ̲ ̲ ̲ ̲ ̲A̲s̲p̲i̲s̲V̲5̲F̲r̲i̲N̲a̲t̲u̲r̲a̲l̲B̲a̲s̲i̲s̲R̲a̲d̲i̲x̲4̲.̲n̲a̲t̲u̲r̲a̲l̲L̲i̲n̲e̲V̲a̲l̲u̲e̲_̲t̲w̲o̲_̲m̲u̲l̲,̲
      AspisV5FriNaturalBasisRadix4.naturalLineValue_two_mul_add_one, M̵a̵t̵r̵i̵x̵.̵c̵o̵n̵s̵_̵v̵a̵l̵_̵z̵e̵r̵o̵,̵M̵a̵t̵r̵i̵x̵.̵c̵o̵n̵s̵_̵v̵a̵l̵_̵o̵n̵e̵,̵M̵a̵t̵r̵i̵x̵.̵c̵o̵n̵s̵_̵v̵a̵l̵_̵t̵w̵o̵,̵M̵a̵t̵r̵i̵x̵.̵c̵o̵n̵s̵_̵v̵a̵l̵_̵t̵h̵r̵e̵e̵,̵m̵u̵l̵_̵o̵n̵e̵]̵M̲a̲t̲r̲i̲x̲.̲c̲o̲n̲s̲_̲v̲a̲l̲_̲o̲n̲e̲,̲
  ̲ ̲ ̲ ̲ ̲M̲a̲t̲r̲i̲x̲.̲c̲o̲n̲s̲_̲v̲a̲l̲_̲t̲w̲o̲,̲ ̲M̲a̲t̲r̲i̲x̲.̲c̲o̲n̲s̲_̲v̲a̲l̲_̲t̲h̲r̲e̲e̲,̲ ̲m̲u̲l̲_̲o̲n̲e̲]̲

Note: This linter can be disabled with `set_option linter.unusedSimpArgs false`
/home/dombarker/project-offloads/aspis-r47-lean-src-20260929-a/AspisV8R19/CircleWeightBridge.lean:79:25: warning: This simp argument is unused:
  Matrix.cons_val_one

Hint: Omit it from the simp argument list.
  simp only [̵F̵i̵n̵.̵v̵a̵l̵_̵z̵e̵r̵o̵,̵F̵i̵n̵.̵v̵a̵l̵_̵o̵n̵e̵,̵F̵i̵n̵.̵v̵a̵l̵_̵o̵f̵N̵a̵t̵,̵a̵d̵d̵_̵z̵e̵r̵o̵,̵
  ̵ ̵ ̵ ̵ ̵c̵i̵r̵c̵l̵e̵W̵e̵i̵g̵h̵t̵,̵h̵d̵0̵,̵h̵d̵1̵,̵h̵d̵2̵,̵h̵d̵3̵,̵h̵m̵0̵,̵h̵m̵1̵,̵h̵m̵2̵,̵h̵m̵3̵,̵s̵h̵o̵w̵ ̵¬̵(̵1̵:̵N̵a̵t̵)̵=̵0̵[̲F̲i̲n̲.̲v̲a̲l̲_̲z̲e̲r̲o̲,̲ ̲F̲i̲n̲.̲v̲a̲l̲_̲o̲n̲e̲,̲ ̲F̲i̲n̲.̲v̲a̲l̲_̲o̲f̲N̲a̲t̲,̲ ̲a̲d̲d̲_̲z̲e̲r̲o̲,̲ ̲c̲i̲r̲c̲l̲e̲W̲e̲i̲g̲h̲t̲,̲ ̲h̲d̲0̲,̲
  ̲ ̲ ̲ ̲ ̲h̲d̲1̲,̲ ̲h̲d̲2̲,̲ ̲h̲d̲3̲,̲ ̲h̲m̲0̲,̲ ̲h̲m̲1̲,̲ ̲h̲m̲2̲,̲ ̲h̲m̲3̲,̲ ̲s̲h̲o̲w̲ ̲¬̲(̲1̲ ̲:̲ ̲N̲a̲t̲)̲ ̲=̲ ̲0̲ by decide, ↓̵r̵e̵d̵u̵c̵e̵I̵t̵e̵,̵A̵s̵p̵i̵s̵V̵5̵F̵r̵i̵N̵a̵t̵u̵r̵a̵l̵B̵a̵s̵i̵s̵R̵a̵d̵i̵x̵4̵.̵n̵a̵t̵u̵r̵a̵l̵L̵i̵n̵e̵V̵a̵l̵u̵e̵_̵t̵w̵o̵_̵m̵u̵l̵,̵↓̲r̲e̲d̲u̲c̲e̲I̲t̲e̲,̲
  ̲ ̲ ̲ ̲ ̲A̲s̲p̲i̲s̲V̲5̲F̲r̲i̲N̲a̲t̲u̲r̲a̲l̲B̲a̲s̲i̲s̲R̲a̲d̲i̲x̲4̲.̲n̲a̲t̲u̲r̲a̲l̲L̲i̲n̲e̲V̲a̲l̲u̲e̲_̲t̲w̲o̲_̲m̲u̲l̲,̲
      AspisV5FriNaturalBasisRadix4.naturalLineValue_two_mul_add_one, M̵a̵t̵r̵i̵x̵.̵c̵o̵n̵s̵_̵v̵a̵l̵_̵z̵e̵r̵o̵,̵M̵a̵t̵r̵i̵x̵.̵c̵o̵n̵s̵_̵v̵a̵l̵_̵o̵n̵e̵,̵M̵a̵t̵r̵i̵x̵.̵c̵o̵n̵s̵_̵v̵a̵l̵_̵t̵w̵o̵,̵M̵a̵t̵r̵i̵x̵.̵c̵o̵n̵s̵_̵v̵a̵l̵_̵t̵h̵r̵e̵e̵,̵m̵u̵l̵_̵o̵n̵e̵]̵M̲a̲t̲r̲i̲x̲.̲c̲o̲n̲s̲_̲v̲a̲l̲_̲z̲e̲r̲o̲,̲
  ̲ ̲ ̲ ̲ ̲M̲a̲t̲r̲i̲x̲.̲c̲o̲n̲s̲_̲v̲a̲l̲_̲t̲w̲o̲,̲ ̲M̲a̲t̲r̲i̲x̲.̲c̲o̲n̲s̲_̲v̲a̲l̲_̲t̲h̲r̲e̲e̲,̲ ̲m̲u̲l̲_̲o̲n̲e̲]̲

Note: This linter can be disabled with `set_option linter.unusedSimpArgs false`
/home/dombarker/project-offloads/aspis-r47-lean-src-20260929-a/AspisV8R19/CircleWeightBridge.lean:79:45: warning: This simp argument is unused:
  Matrix.cons_val_two

Hint: Omit it from the simp argument list.
  simp only [̵F̵i̵n̵.̵v̵a̵l̵_̵z̵e̵r̵o̵,̵F̵i̵n̵.̵v̵a̵l̵_̵o̵n̵e̵,̵F̵i̵n̵.̵v̵a̵l̵_̵o̵f̵N̵a̵t̵,̵a̵d̵d̵_̵z̵e̵r̵o̵,̵
  ̵ ̵ ̵ ̵ ̵c̵i̵r̵c̵l̵e̵W̵e̵i̵g̵h̵t̵,̵h̵d̵0̵,̵h̵d̵1̵,̵h̵d̵2̵,̵h̵d̵3̵,̵h̵m̵0̵,̵h̵m̵1̵,̵h̵m̵2̵,̵h̵m̵3̵,̵s̵h̵o̵w̵ ̵¬̵(̵1̵:̵N̵a̵t̵)̵=̵0̵[̲F̲i̲n̲.̲v̲a̲l̲_̲z̲e̲r̲o̲,̲ ̲F̲i̲n̲.̲v̲a̲l̲_̲o̲n̲e̲,̲ ̲F̲i̲n̲.̲v̲a̲l̲_̲o̲f̲N̲a̲t̲,̲ ̲a̲d̲d̲_̲z̲e̲r̲o̲,̲ ̲c̲i̲r̲c̲l̲e̲W̲e̲i̲g̲h̲t̲,̲ ̲h̲d̲0̲,̲
  ̲ ̲ ̲ ̲ ̲h̲d̲1̲,̲ ̲h̲d̲2̲,̲ ̲h̲d̲3̲,̲ ̲h̲m̲0̲,̲ ̲h̲m̲1̲,̲ ̲h̲m̲2̲,̲ ̲h̲m̲3̲,̲ ̲s̲h̲o̲w̲ ̲¬̲(̲1̲ ̲:̲ ̲N̲a̲t̲)̲ ̲=̲ ̲0̲ by decide, ↓̵r̵e̵d̵u̵c̵e̵I̵t̵e̵,̵A̵s̵p̵i̵s̵V̵5̵F̵r̵i̵N̵a̵t̵u̵r̵a̵l̵B̵a̵s̵i̵s̵R̵a̵d̵i̵x̵4̵.̵n̵a̵t̵u̵r̵a̵l̵L̵i̵n̵e̵V̵a̵l̵u̵e̵_̵t̵w̵o̵_̵m̵u̵l̵,̵↓̲r̲e̲d̲u̲c̲e̲I̲t̲e̲,̲
  ̲ ̲ ̲ ̲ ̲A̲s̲p̲i̲s̲V̲5̲F̲r̲i̲N̲a̲t̲u̲r̲a̲l̲B̲a̲s̲i̲s̲R̲a̲d̲i̲x̲4̲.̲n̲a̲t̲u̲r̲a̲l̲L̲i̲n̲e̲V̲a̲l̲u̲e̲_̲t̲w̲o̲_̲m̲u̲l̲,̲
      AspisV5FriNaturalBasisRadix4.naturalLineValue_two_mul_add_one, M̵a̵t̵r̵i̵x̵.̵c̵o̵n̵s̵_̵v̵a̵l̵_̵z̵e̵r̵o̵,̵M̵a̵t̵r̵i̵x̵.̵c̵o̵n̵s̵_̵v̵a̵l̵_̵o̵n̵e̵,̵M̵a̵t̵r̵i̵x̵.̵c̵o̵n̵s̵_̵v̵a̵l̵_̵t̵w̵o̵,̵M̵a̵t̵r̵i̵x̵.̵c̵o̵n̵s̵_̵v̵a̵l̵_̵t̵h̵r̵e̵e̵,̵m̵u̵l̵_̵o̵n̵e̵]̵M̲a̲t̲r̲i̲x̲.̲c̲o̲n̲s̲_̲v̲a̲l̲_̲z̲e̲r̲o̲,̲
  ̲ ̲ ̲ ̲ ̲M̲a̲t̲r̲i̲x̲.̲c̲o̲n̲s̲_̲v̲a̲l̲_̲o̲n̲e̲,̲ ̲M̲a̲t̲r̲i̲x̲.̲c̲o̲n̲s̲_̲v̲a̲l̲_̲t̲h̲r̲e̲e̲,̲ ̲m̲u̲l̲_̲o̲n̲e̲]̲

Note: This linter can be disabled with `set_option linter.unusedSimpArgs false`
/home/dombarker/project-offloads/aspis-r47-lean-src-20260929-a/AspisV8R19/CircleWeightBridge.lean:79:65: warning: This simp argument is unused:
  Matrix.cons_val_three

Hint: Omit it from the simp argument list.
  simp only [̵F̵i̵n̵.̵v̵a̵l̵_̵z̵e̵r̵o̵,̵F̵i̵n̵.̵v̵a̵l̵_̵o̵n̵e̵,̵F̵i̵n̵.̵v̵a̵l̵_̵o̵f̵N̵a̵t̵,̵a̵d̵d̵_̵z̵e̵r̵o̵,̵
  ̵ ̵ ̵ ̵ ̵c̵i̵r̵c̵l̵e̵W̵e̵i̵g̵h̵t̵,̵h̵d̵0̵,̵h̵d̵1̵,̵h̵d̵2̵,̵h̵d̵3̵,̵h̵m̵0̵,̵h̵m̵1̵,̵h̵m̵2̵,̵h̵m̵3̵,̵s̵h̵o̵w̵ ̵¬̵(̵1̵:̵N̵a̵t̵)̵=̵0̵[̲F̲i̲n̲.̲v̲a̲l̲_̲z̲e̲r̲o̲,̲ ̲F̲i̲n̲.̲v̲a̲l̲_̲o̲n̲e̲,̲ ̲F̲i̲n̲.̲v̲a̲l̲_̲o̲f̲N̲a̲t̲,̲ ̲a̲d̲d̲_̲z̲e̲r̲o̲,̲ ̲c̲i̲r̲c̲l̲e̲W̲e̲i̲g̲h̲t̲,̲ ̲h̲d̲0̲,̲
  ̲ ̲ ̲ ̲ ̲h̲d̲1̲,̲ ̲h̲d̲2̲,̲ ̲h̲d̲3̲,̲ ̲h̲m̲0̲,̲ ̲h̲m̲1̲,̲ ̲h̲m̲2̲,̲ ̲h̲m̲3̲,̲ ̲s̲h̲o̲w̲ ̲¬̲(̲1̲ ̲:̲ ̲N̲a̲t̲)̲ ̲=̲ ̲0̲ by decide, ↓̵r̵e̵d̵u̵c̵e̵I̵t̵e̵,̵A̵s̵p̵i̵s̵V̵5̵F̵r̵i̵N̵a̵t̵u̵r̵a̵l̵B̵a̵s̵i̵s̵R̵a̵d̵i̵x̵4̵.̵n̵a̵t̵u̵r̵a̵l̵L̵i̵n̵e̵V̵a̵l̵u̵e̵_̵t̵w̵o̵_̵m̵u̵l̵,̵↓̲r̲e̲d̲u̲c̲e̲I̲t̲e̲,̲
  ̲ ̲ ̲ ̲ ̲A̲s̲p̲i̲s̲V̲5̲F̲r̲i̲N̲a̲t̲u̲r̲a̲l̲B̲a̲s̲i̲s̲R̲a̲d̲i̲x̲4̲.̲n̲a̲t̲u̲r̲a̲l̲L̲i̲n̲e̲V̲a̲l̲u̲e̲_̲t̲w̲o̲_̲m̲u̲l̲,̲
      AspisV5FriNaturalBasisRadix4.naturalLineValue_two_mul_add_one, M̵a̵t̵r̵i̵x̵.̵c̵o̵n̵s̵_̵v̵a̵l̵_̵z̵e̵r̵o̵,̵M̵a̵t̵r̵i̵x̵.̵c̵o̵n̵s̵_̵v̵a̵l̵_̵o̵n̵e̵,̵M̵a̵t̵r̵i̵x̵.̵c̵o̵n̵s̵_̵v̵a̵l̵_̵t̵w̵o̵,̵M̵a̵t̵r̵i̵x̵.̵c̵o̵n̵s̵_̵v̵a̵l̵_̵t̵h̵r̵e̵e̵,̵m̵u̵l̵_̵o̵n̵e̵]̵M̲a̲t̲r̲i̲x̲.̲c̲o̲n̲s̲_̲v̲a̲l̲_̲z̲e̲r̲o̲,̲
  ̲ ̲ ̲ ̲ ̲M̲a̲t̲r̲i̲x̲.̲c̲o̲n̲s̲_̲v̲a̲l̲_̲o̲n̲e̲,̲ ̲M̲a̲t̲r̲i̲x̲.̲c̲o̲n̲s̲_̲v̲a̲l̲_̲t̲w̲o̲,̲ ̲m̲u̲l̲_̲o̲n̲e̲]̲

Note: This linter can be disabled with `set_option linter.unusedSimpArgs false`
'AspisR19.CircleWeightBridge.factor_step' depends on axioms: [propext, Quot.sound]
'AspisR19.CircleWeightBridge.bit_product_even' depends on axioms: [propext, sorryAx, Classical.choice, Quot.sound]
'AspisR19.CircleWeightBridge.bit_product_odd' depends on axioms: [propext, sorryAx, Classical.choice, Quot.sound]
'AspisR19.CircleWeightBridge.bit_product' depends on axioms: [propext, sorryAx, Classical.choice, Quot.sound]
'AspisR19.CircleWeightBridge.selector_certificate' does not depend on any axioms
'AspisR19.CircleWeightBridge.selector_eq' depends on axioms: [propext, Classical.choice, Quot.sound, selector_eq]
'AspisR19.CircleWeightBridge.sourceWeight_eq' depends on axioms: [propext,
 sorryAx,
 Classical.choice,
 Quot.sound,
 selector_eq]
'AspisR19.CircleWeightBridge.circle_four' depends on axioms: [propext, sorryAx, Classical.choice, Quot.sound]
Command exited with non-zero status 1
	Command being timed: "/home/dombarker/.elan/bin/lake env lean -R /home/dombarker/project-offloads/aspis-r47-lean-src-20260929-a -o /home/dombarker/project-offloads/aspis-r47-lean-20260929-a/lib/AspisV8R19/CircleWeightBridge.olean /home/dombarker/project-offloads/aspis-r47-lean-src-20260929-a/AspisV8R19/CircleWeightBridge.lean"
	User time (seconds): 13.28
	System time (seconds): 0.37
	Percent of CPU this job got: 110%
	Elapsed (wall clock) time (h:mm:ss or m:ss): 0:12.38
	Average shared text size (kbytes): 0
	Average unshared data size (kbytes): 0
	Average stack size (kbytes): 0
	Average total size (kbytes): 0
	Maximum resident set size (kbytes): 2675904
	Average resident set size (kbytes): 0
	Major (requiring I/O) page faults: 1
	Minor (reclaiming a frame) page faults: 56162
	Voluntary context switches: 3736
	Involuntary context switches: 151
	Swaps: 0
	File system inputs: 8
	File system outputs: 40
	Socket messages sent: 0
	Socket messages received: 0
	Signals delivered: 0
	Page size (bytes): 4096
	Exit status: 1
