info: r51_focused: no previous manifest, creating one from scratch
info: toolchain not updated; already up-to-date
/home/dombarker/project-offloads/aspis-r51-lean-src-20260929-a/AspisV8R19/UniformStateFirstHit.lean:33:21: warning: This simp argument is unused:
  Fintype.card_fun

Hint: Omit it from the simp argument list.
  simp [State, Byte,̵ ̵F̵i̵n̵t̵y̵p̵e̵.̵c̵a̵r̵d̵_̵f̵u̵n̵]

Note: This linter can be disabled with `set_option linter.unusedSimpArgs false`
'AspisV8R19.UniformStateFirstHit.bytes_injective' depends on axioms: [propext, Quot.sound]
'AspisV8R19.UniformStateFirstHit.bad_states_card' depends on axioms: [propext, Classical.choice, Quot.sound]
'AspisV8R19.UniformStateFirstHit.state_card' depends on axioms: [propext, Classical.choice, Quot.sound]
'AspisV8R19.UniformStateFirstHit.uniform_bad_bound' depends on axioms: [propext, Classical.choice, Quot.sound]
	Command being timed: "/home/dombarker/.elan/bin/lake env lean -R /home/dombarker/project-offloads/aspis-r51-lean-src-20260929-a -o /home/dombarker/project-offloads/aspis-r51-lean-20260929-i/lib/AspisV8R19/UniformStateFirstHit.olean /home/dombarker/project-offloads/aspis-r51-lean-src-20260929-a/AspisV8R19/UniformStateFirstHit.lean"
	User time (seconds): 1.03
	System time (seconds): 0.48
	Percent of CPU this job got: 106%
	Elapsed (wall clock) time (h:mm:ss or m:ss): 0:01.41
	Average shared text size (kbytes): 0
	Average unshared data size (kbytes): 0
	Average stack size (kbytes): 0
	Average total size (kbytes): 0
	Maximum resident set size (kbytes): 3252720
	Average resident set size (kbytes): 0
	Major (requiring I/O) page faults: 0
	Minor (reclaiming a frame) page faults: 77808
	Voluntary context switches: 4694
	Involuntary context switches: 59
	Swaps: 0
	File system inputs: 0
	File system outputs: 168
	Socket messages sent: 0
	Socket messages received: 0
	Signals delivered: 0
	Page size (bytes): 4096
	Exit status: 0
