info: r49_focused: no previous manifest, creating one from scratch
info: toolchain not updated; already up-to-date
/home/dombarker/project-offloads/aspis-r49-lean-src-20260929-a/AspisV8R19/OriginalChannelWeights.lean:20:4: warning: This simp argument is unused:
  Bool.true_eq

Hint: Omit it from the simp argument list.
  simp only [̵c̵o̵d̵e̵W̵e̵i̵g̵h̵t̵,̵s̵o̵u̵r̵c̵e̵O̵r̵i̵g̵i̵n̵a̵l̵W̵e̵i̵g̵h̵t̵_̵e̵q̵,̵B̵o̵o̵l̵.̵f̵a̵l̵s̵e̵_̵e̵q̵_̵t̵r̵u̵e̵,̵
  ̵ ̵ ̵ ̵ ̵B̵o̵o̵l̵.̵t̵r̵u̵e̵_̵e̵q̵,̵i̵f̵_̵t̵r̵u̵e̵,̵i̵f̵_̵f̵a̵l̵s̵e̵,̵h̵p̵,̵h̵j̵]̵[̲c̲o̲d̲e̲W̲e̲i̲g̲h̲t̲,̲ ̲s̲o̲u̲r̲c̲e̲O̲r̲i̲g̲i̲n̲a̲l̲W̲e̲i̲g̲h̲t̲_̲e̲q̲,̲ ̲B̲o̲o̲l̲.̲f̲a̲l̲s̲e̲_̲e̲q̲_̲t̲r̲u̲e̲,̲ ̲i̲f̲_̲t̲r̲u̲e̲,̲
  ̲ ̲ ̲ ̲ ̲i̲f̲_̲f̲a̲l̲s̲e̲,̲ ̲h̲p̲,̲ ̲h̲j̲]̲

Note: This linter can be disabled with `set_option linter.unusedSimpArgs false`
/home/dombarker/project-offloads/aspis-r49-lean-src-20260929-a/AspisV8R19/OriginalChannelWeights.lean:47:15: warning: This simp argument is unused:
  Bool.true_eq

Hint: Omit it from the simp argument list.
  simp only [B̵o̵o̵l̵.̵t̵r̵u̵e̵_̵e̵q̵,̵if_true]

Note: This linter can be disabled with `set_option linter.unusedSimpArgs false`
'AspisR19.OriginalChannelWeights.source_code' depends on axioms: [propext, Classical.choice, Quot.sound]
'AspisR19.OriginalChannelWeights.source_point_weight' depends on axioms: [propext, Classical.choice, Quot.sound]
'AspisR19.OriginalChannelWeights.fixed_channels' depends on axioms: [propext, Classical.choice, Quot.sound]
	Command being timed: "/home/dombarker/.elan/bin/lake env lean -R /home/dombarker/project-offloads/aspis-r49-lean-src-20260929-a -o /home/dombarker/project-offloads/aspis-r49-lean-20260929-e/lib/AspisV8R19/OriginalChannelWeights.olean /home/dombarker/project-offloads/aspis-r49-lean-src-20260929-a/AspisV8R19/OriginalChannelWeights.lean"
	User time (seconds): 1.05
	System time (seconds): 0.33
	Percent of CPU this job got: 115%
	Elapsed (wall clock) time (h:mm:ss or m:ss): 0:01.20
	Average shared text size (kbytes): 0
	Average unshared data size (kbytes): 0
	Average stack size (kbytes): 0
	Average total size (kbytes): 0
	Maximum resident set size (kbytes): 2327544
	Average resident set size (kbytes): 0
	Major (requiring I/O) page faults: 0
	Minor (reclaiming a frame) page faults: 53877
	Voluntary context switches: 3044
	Involuntary context switches: 51
	Swaps: 0
	File system inputs: 0
	File system outputs: 552
	Socket messages sent: 0
	Socket messages received: 0
	Signals delivered: 0
	Page size (bytes): 4096
	Exit status: 0
