Warning: Permanently added '100.108.41.90' (ED25519) to the list of known hosts.
Running as unit: aspis-focus-1791146241794049000.service; invocation ID: bdc377593a0e4a63ac77a2d5d84a53af
/home/dombarker/project-offloads/aspis-r57-lean-src-20260929-a/AspisV8R19/R760PointWeightChunk00.lean:60:43: warning: This simp argument is unused:
  ↓reduceIte

Hint: Omit it from the simp argument list.
  simp only [Nat.reduceMod, Nat.reduceDiv,̵ ̵↓̵r̵e̵d̵u̵c̵e̵I̵t̵e̵]

Note: This linter can be disabled with `set_option linter.unusedSimpArgs false`
'AspisV8R19.R760PointWeightChunk00.pw_0001' depends on axioms: [propext, Classical.choice, Quot.sound]
/home/dombarker/project-offloads/aspis-r57-lean-src-20260929-a/AspisV8R19/R760PointWeightChunk00.lean:83:2: error: `simp` made no progress
'AspisV8R19.R760PointWeightChunk00.pw_0002' depends on axioms: [propext, sorryAx, Classical.choice, Quot.sound]
/home/dombarker/project-offloads/aspis-r57-lean-src-20260929-a/AspisV8R19/R760PointWeightChunk00.lean:105:2: error: `simp` made no progress
'AspisV8R19.R760PointWeightChunk00.pw_0092' depends on axioms: [propext, sorryAx, Classical.choice, Quot.sound]
/home/dombarker/project-offloads/aspis-r57-lean-src-20260929-a/AspisV8R19/R760PointWeightChunk00.lean:126:43: warning: This simp argument is unused:
  ↓reduceIte

Hint: Omit it from the simp argument list.
  simp only [Nat.reduceMod, Nat.reduceDiv,̵ ̵↓̵r̵e̵d̵u̵c̵e̵I̵t̵e̵]

Note: This linter can be disabled with `set_option linter.unusedSimpArgs false`
'AspisV8R19.R760PointWeightChunk00.pw_0093' depends on axioms: [propext, Classical.choice, Quot.sound]
/home/dombarker/project-offloads/aspis-r57-lean-src-20260929-a/AspisV8R19/R760PointWeightChunk00.lean:149:2: error: `simp` made no progress
'AspisV8R19.R760PointWeightChunk00.pw_0094' depends on axioms: [propext, sorryAx, Classical.choice, Quot.sound]
/home/dombarker/project-offloads/aspis-r57-lean-src-20260929-a/AspisV8R19/R760PointWeightChunk00.lean:170:43: warning: This simp argument is unused:
  ↓reduceIte

Hint: Omit it from the simp argument list.
  simp only [Nat.reduceMod, Nat.reduceDiv,̵ ̵↓̵r̵e̵d̵u̵c̵e̵I̵t̵e̵]

Note: This linter can be disabled with `set_option linter.unusedSimpArgs false`
'AspisV8R19.R760PointWeightChunk00.pw_0095' depends on axioms: [propext, Classical.choice, Quot.sound]
/home/dombarker/project-offloads/aspis-r57-lean-src-20260929-a/AspisV8R19/R760PointWeightChunk00.lean:193:2: error: `simp` made no progress
'AspisV8R19.R760PointWeightChunk00.pw_0096' depends on axioms: [propext, sorryAx, Classical.choice, Quot.sound]
/home/dombarker/project-offloads/aspis-r57-lean-src-20260929-a/AspisV8R19/R760PointWeightChunk00.lean:214:43: warning: This simp argument is unused:
  ↓reduceIte

Hint: Omit it from the simp argument list.
  simp only [Nat.reduceMod, Nat.reduceDiv,̵ ̵↓̵r̵e̵d̵u̵c̵e̵I̵t̵e̵]

Note: This linter can be disabled with `set_option linter.unusedSimpArgs false`
'AspisV8R19.R760PointWeightChunk00.pw_0097' depends on axioms: [propext, Classical.choice, Quot.sound]
/home/dombarker/project-offloads/aspis-r57-lean-src-20260929-a/AspisV8R19/R760PointWeightChunk00.lean:237:2: error: `simp` made no progress
'AspisV8R19.R760PointWeightChunk00.pw_0098' depends on axioms: [propext, sorryAx, Classical.choice, Quot.sound]
/home/dombarker/project-offloads/aspis-r57-lean-src-20260929-a/AspisV8R19/R760PointWeightChunk00.lean:258:43: warning: This simp argument is unused:
  ↓reduceIte

Hint: Omit it from the simp argument list.
  simp only [Nat.reduceMod, Nat.reduceDiv,̵ ̵↓̵r̵e̵d̵u̵c̵e̵I̵t̵e̵]

Note: This linter can be disabled with `set_option linter.unusedSimpArgs false`
'AspisV8R19.R760PointWeightChunk00.pw_0099' depends on axioms: [propext, Classical.choice, Quot.sound]
/home/dombarker/project-offloads/aspis-r57-lean-src-20260929-a/AspisV8R19/R760PointWeightChunk00.lean:281:2: error: `simp` made no progress
'AspisV8R19.R760PointWeightChunk00.pw_0108' depends on axioms: [propext, sorryAx, Classical.choice, Quot.sound]
/home/dombarker/project-offloads/aspis-r57-lean-src-20260929-a/AspisV8R19/R760PointWeightChunk00.lean:302:43: warning: This simp argument is unused:
  ↓reduceIte

Hint: Omit it from the simp argument list.
  simp only [Nat.reduceMod, Nat.reduceDiv,̵ ̵↓̵r̵e̵d̵u̵c̵e̵I̵t̵e̵]

Note: This linter can be disabled with `set_option linter.unusedSimpArgs false`
'AspisV8R19.R760PointWeightChunk00.pw_0111' depends on axioms: [propext, Classical.choice, Quot.sound]
/home/dombarker/project-offloads/aspis-r57-lean-src-20260929-a/AspisV8R19/R760PointWeightChunk00.lean:325:2: error: `simp` made no progress
'AspisV8R19.R760PointWeightChunk00.pw_0112' depends on axioms: [propext, sorryAx, Classical.choice, Quot.sound]
/home/dombarker/project-offloads/aspis-r57-lean-src-20260929-a/AspisV8R19/R760PointWeightChunk00.lean:347:2: error: `simp` made no progress
'AspisV8R19.R760PointWeightChunk00.pw_0114' depends on axioms: [propext, sorryAx, Classical.choice, Quot.sound]
/home/dombarker/project-offloads/aspis-r57-lean-src-20260929-a/AspisV8R19/R760PointWeightChunk00.lean:369:2: error: `simp` made no progress
'AspisV8R19.R760PointWeightChunk00.pw_0116' depends on axioms: [propext, sorryAx, Classical.choice, Quot.sound]
/home/dombarker/project-offloads/aspis-r57-lean-src-20260929-a/AspisV8R19/R760PointWeightChunk00.lean:390:43: warning: This simp argument is unused:
  ↓reduceIte

Hint: Omit it from the simp argument list.
  simp only [Nat.reduceMod, Nat.reduceDiv,̵ ̵↓̵r̵e̵d̵u̵c̵e̵I̵t̵e̵]

Note: This linter can be disabled with `set_option linter.unusedSimpArgs false`
'AspisV8R19.R760PointWeightChunk00.pw_0117' depends on axioms: [propext, Classical.choice, Quot.sound]
/home/dombarker/project-offloads/aspis-r57-lean-src-20260929-a/AspisV8R19/R760PointWeightChunk00.lean:413:2: error: `simp` made no progress
'AspisV8R19.R760PointWeightChunk00.pw_0118' depends on axioms: [propext, sorryAx, Classical.choice, Quot.sound]
/home/dombarker/project-offloads/aspis-r57-lean-src-20260929-a/AspisV8R19/R760PointWeightChunk00.lean:435:2: error: `simp` made no progress
'AspisV8R19.R760PointWeightChunk00.pw_0120' depends on axioms: [propext, sorryAx, Classical.choice, Quot.sound]
/home/dombarker/project-offloads/aspis-r57-lean-src-20260929-a/AspisV8R19/R760PointWeightChunk00.lean:456:43: warning: This simp argument is unused:
  ↓reduceIte

Hint: Omit it from the simp argument list.
  simp only [Nat.reduceMod, Nat.reduceDiv,̵ ̵↓̵r̵e̵d̵u̵c̵e̵I̵t̵e̵]

Note: This linter can be disabled with `set_option linter.unusedSimpArgs false`
'AspisV8R19.R760PointWeightChunk00.pw_0121' depends on axioms: [propext, Classical.choice, Quot.sound]
/home/dombarker/project-offloads/aspis-r57-lean-src-20260929-a/AspisV8R19/R760PointWeightChunk00.lean:479:2: error: `simp` made no progress
'AspisV8R19.R760PointWeightChunk00.pw_0122' depends on axioms: [propext, sorryAx, Classical.choice, Quot.sound]
/home/dombarker/project-offloads/aspis-r57-lean-src-20260929-a/AspisV8R19/R760PointWeightChunk00.lean:501:2: error: `simp` made no progress
'AspisV8R19.R760PointWeightChunk00.pw_0124' depends on axioms: [propext, sorryAx, Classical.choice, Quot.sound]
/home/dombarker/project-offloads/aspis-r57-lean-src-20260929-a/AspisV8R19/R760PointWeightChunk00.lean:522:43: warning: This simp argument is unused:
  ↓reduceIte

Hint: Omit it from the simp argument list.
  simp only [Nat.reduceMod, Nat.reduceDiv,̵ ̵↓̵r̵e̵d̵u̵c̵e̵I̵t̵e̵]

Note: This linter can be disabled with `set_option linter.unusedSimpArgs false`
'AspisV8R19.R760PointWeightChunk00.pw_0125' depends on axioms: [propext, Classical.choice, Quot.sound]
/home/dombarker/project-offloads/aspis-r57-lean-src-20260929-a/AspisV8R19/R760PointWeightChunk00.lean:545:2: error: `simp` made no progress
'AspisV8R19.R760PointWeightChunk00.pw_0126' depends on axioms: [propext, sorryAx, Classical.choice, Quot.sound]
/home/dombarker/project-offloads/aspis-r57-lean-src-20260929-a/AspisV8R19/R760PointWeightChunk00.lean:567:2: error: `simp` made no progress
'AspisV8R19.R760PointWeightChunk00.pw_0128' depends on axioms: [propext, sorryAx, Classical.choice, Quot.sound]
/home/dombarker/project-offloads/aspis-r57-lean-src-20260929-a/AspisV8R19/R760PointWeightChunk00.lean:588:43: warning: This simp argument is unused:
  ↓reduceIte

Hint: Omit it from the simp argument list.
  simp only [Nat.reduceMod, Nat.reduceDiv,̵ ̵↓̵r̵e̵d̵u̵c̵e̵I̵t̵e̵]

Note: This linter can be disabled with `set_option linter.unusedSimpArgs false`
'AspisV8R19.R760PointWeightChunk00.pw_0129' depends on axioms: [propext, Classical.choice, Quot.sound]
/home/dombarker/project-offloads/aspis-r57-lean-src-20260929-a/AspisV8R19/R760PointWeightChunk00.lean:611:2: error: `simp` made no progress
'AspisV8R19.R760PointWeightChunk00.pw_0130' depends on axioms: [propext, sorryAx, Classical.choice, Quot.sound]
/home/dombarker/project-offloads/aspis-r57-lean-src-20260929-a/AspisV8R19/R760PointWeightChunk00.lean:633:2: error: `simp` made no progress
'AspisV8R19.R760PointWeightChunk00.pw_0132' depends on axioms: [propext, sorryAx, Classical.choice, Quot.sound]
/home/dombarker/project-offloads/aspis-r57-lean-src-20260929-a/AspisV8R19/R760PointWeightChunk00.lean:654:43: warning: This simp argument is unused:
  ↓reduceIte

Hint: Omit it from the simp argument list.
  simp only [Nat.reduceMod, Nat.reduceDiv,̵ ̵↓̵r̵e̵d̵u̵c̵e̵I̵t̵e̵]

Note: This linter can be disabled with `set_option linter.unusedSimpArgs false`
'AspisV8R19.R760PointWeightChunk00.pw_0133' depends on axioms: [propext, Classical.choice, Quot.sound]
/home/dombarker/project-offloads/aspis-r57-lean-src-20260929-a/AspisV8R19/R760PointWeightChunk00.lean:677:2: error: `simp` made no progress
'AspisV8R19.R760PointWeightChunk00.pw_0134' depends on axioms: [propext, sorryAx, Classical.choice, Quot.sound]
/home/dombarker/project-offloads/aspis-r57-lean-src-20260929-a/AspisV8R19/R760PointWeightChunk00.lean:699:2: error: `simp` made no progress
'AspisV8R19.R760PointWeightChunk00.pw_0136' depends on axioms: [propext, sorryAx, Classical.choice, Quot.sound]
/home/dombarker/project-offloads/aspis-r57-lean-src-20260929-a/AspisV8R19/R760PointWeightChunk00.lean:720:43: warning: This simp argument is unused:
  ↓reduceIte

Hint: Omit it from the simp argument list.
  simp only [Nat.reduceMod, Nat.reduceDiv,̵ ̵↓̵r̵e̵d̵u̵c̵e̵I̵t̵e̵]

Note: This linter can be disabled with `set_option linter.unusedSimpArgs false`
'AspisV8R19.R760PointWeightChunk00.pw_0137' depends on axioms: [propext, Classical.choice, Quot.sound]
/home/dombarker/project-offloads/aspis-r57-lean-src-20260929-a/AspisV8R19/R760PointWeightChunk00.lean:743:2: error: `simp` made no progress
'AspisV8R19.R760PointWeightChunk00.pw_0138' depends on axioms: [propext, sorryAx, Classical.choice, Quot.sound]
Command exited with non-zero status 1
	Command being timed: "/home/dombarker/.elan/bin/lake --dir /home/dombarker/project-offloads/aspis-r126-release-20260930-a/focus-workspace env lean -j1 -M4500 -R /home/dombarker/project-offloads/aspis-r57-lean-src-20260929-a -o /home/dombarker/project-offloads/aspis-r126-release-20260930-a/lib/AspisV8R19/R760PointWeightChunk00.olean /home/dombarker/project-offloads/aspis-r57-lean-src-20260929-a/AspisV8R19/R760PointWeightChunk00.lean"
	User time (seconds): 32.23
	System time (seconds): 0.91
	Percent of CPU this job got: 100%
	Elapsed (wall clock) time (h:mm:ss or m:ss): 0:33.06
	Average shared text size (kbytes): 0
	Average unshared data size (kbytes): 0
	Average stack size (kbytes): 0
	Average total size (kbytes): 0
	Maximum resident set size (kbytes): 3578316
	Average resident set size (kbytes): 0
	Major (requiring I/O) page faults: 0
	Minor (reclaiming a frame) page faults: 415989
	Voluntary context switches: 2406
	Involuntary context switches: 260
	Swaps: 0
	File system inputs: 0
	File system outputs: 0
	Socket messages sent: 0
	Socket messages received: 0
	Signals delivered: 0
	Page size (bytes): 4096
	Exit status: 1
Finished with result: exit-code
Main processes terminated with: code=exited/status=1
Service runtime: 33.097s
CPU time consumed: 33.177s
Memory peak: 516.0K
Memory swap peak: 0B
