/home/dombarker/project-offloads/aspis-r21-tools-20260922-a/FirstRelationBoundary.lean:4:0: error: object file '/home/dombarker/project-offloads/aeneas-patched11-inspect/backends/lean/.lake/packages/mathlib/.lake/build/lib/lean/Mathlib/Tactic/FieldSimp.olean' of module Mathlib.Tactic.FieldSimp does not exist
Command exited with non-zero status 1
	Command being timed: "/home/dombarker/.elan/bin/lake env lean /home/dombarker/project-offloads/aspis-r21-tools-20260922-a/FirstRelationBoundary.lean"
	User time (seconds): 0.44
	System time (seconds): 0.38
	Percent of CPU this job got: 102%
	Elapsed (wall clock) time (h:mm:ss or m:ss): 0:00.81
	Average shared text size (kbytes): 0
	Average unshared data size (kbytes): 0
	Average stack size (kbytes): 0
	Average total size (kbytes): 0
	Maximum resident set size (kbytes): 798184
	Average resident set size (kbytes): 0
	Major (requiring I/O) page faults: 0
	Minor (reclaiming a frame) page faults: 43821
	Voluntary context switches: 94
	Involuntary context switches: 58
	Swaps: 0
	File system inputs: 0
	File system outputs: 8
	Socket messages sent: 0
	Socket messages received: 0
	Signals delivered: 0
	Page size (bytes): 4096
	Exit status: 1
