Warning: Permanently added '100.108.41.90' (ED25519) to the list of known hosts.
Running as unit: aspis-focus-1791125075450975000.service; invocation ID: bf2cb881845143358e42c36bfc67ecab
/home/dombarker/project-offloads/aspis-r57-lean-src-20260929-a/AspisV8R19/R696OptionTryExecution.lean:30:11: error(lean.unknownIdentifier): Unknown identifier `read_discriminant`
'AspisR664OwnedFoldOptionWrappers.branch_none' does not depend on any axioms
'AspisR664OwnedFoldOptionWrappers.branch_some' does not depend on any axioms
'AspisR664OwnedFoldOptionWrappers.branch_exact' does not depend on any axioms
/home/dombarker/project-offloads/aspis-r57-lean-src-20260929-a/AspisV8R19/R696OptionTryExecution.lean:60:2: error: Tactic `rfl` failed: The left-hand side
  core.option.Option.Insts.CoreOpsTry_traitFromResidualOptionInfallible.from_residual T none
is not definitionally equal to the right-hand side
  ok none

T : Type
⊢ core.option.Option.Insts.CoreOpsTry_traitFromResidualOptionInfallible.from_residual T none = ok none
'AspisR664OwnedFoldOptionWrappers.residual_none' depends on axioms: [propext, sorryAx, Classical.choice, Quot.sound]
/home/dombarker/project-offloads/aspis-r57-lean-src-20260929-a/AspisV8R19/R696OptionTryExecution.lean:68:12: error: Tactic `rfl` failed: The left-hand side
  core.option.Option.Insts.CoreOpsTry_traitFromResidualOptionInfallible.from_residual T none
is not definitionally equal to the right-hand side
  ok none

case none
T : Type
⊢ core.option.Option.Insts.CoreOpsTry_traitFromResidualOptionInfallible.from_residual T none = ok none
'AspisR664OwnedFoldOptionWrappers.residual_all' depends on axioms: [propext, sorryAx, Classical.choice, Quot.sound]
Command exited with non-zero status 1
	Command being timed: "/home/dombarker/.elan/bin/lake --dir /home/dombarker/project-offloads/aspis-r126-release-20260930-a/focus-workspace env lean -j1 -M4500 -R /home/dombarker/project-offloads/aspis-r57-lean-src-20260929-a -o /home/dombarker/project-offloads/aspis-r126-release-20260930-a/lib/AspisV8R19/R696OptionTryExecution.olean /home/dombarker/project-offloads/aspis-r57-lean-src-20260929-a/AspisV8R19/R696OptionTryExecution.lean"
	User time (seconds): 0.74
	System time (seconds): 0.30
	Percent of CPU this job got: 100%
	Elapsed (wall clock) time (h:mm:ss or m:ss): 0:01.03
	Average shared text size (kbytes): 0
	Average unshared data size (kbytes): 0
	Average stack size (kbytes): 0
	Average total size (kbytes): 0
	Maximum resident set size (kbytes): 2555828
	Average resident set size (kbytes): 0
	Major (requiring I/O) page faults: 0
	Minor (reclaiming a frame) page faults: 64154
	Voluntary context switches: 287
	Involuntary context switches: 41
	Swaps: 0
	File system inputs: 0
	File system outputs: 0
	Socket messages sent: 0
	Socket messages received: 0
	Signals delivered: 0
	Page size (bytes): 4096
	Exit status: 1
Finished with result: exit-code
Main processes terminated with: code=exited/status=1
Service runtime: 1.068s
CPU time consumed: 1.072s
Memory peak: 512.0K
Memory swap peak: 0B
