Warning: Permanently added '100.108.41.90' (ED25519) to the list of known hosts.
Running as unit: aspis-focus-1791142758906601000.service; invocation ID: 05bc20117f664177a4557f2103e7a712
/home/dombarker/project-offloads/aspis-r57-lean-src-20260929-a/.r21-scratch/R752SharedWitnessPointSupport.lean:42:45: error: unsolved goals
F : Type u_1
inst✝ : CommRing F
point : Fin 10 → F
i : ℕ
h8 : point c8 = 0
hbit : i >>> 1 &&& 1 = 1
hnot : i >>> (9 - ↑c8) &&& 1 ≠ 0
⊢ i >>> (9 - ↑c8) % 2 = 0 → 1 = 0
/home/dombarker/project-offloads/aspis-r57-lean-src-20260929-a/.r21-scratch/R752SharedWitnessPointSupport.lean:45:10: warning: This simp argument is unused:
  hnot

Hint: Omit it from the simp argument list.
  simp [hn̵o̵t̵,̵ ̵h̵8]

Note: This linter can be disabled with `set_option linter.unusedSimpArgs false`
'AspisR19.R752SharedWitnessPointSupport.source_basis_zero_at_one' depends on axioms: [propext,
 Classical.choice,
 Quot.sound]
'AspisR19.R752SharedWitnessPointSupport.source_basis_zero_of_first_two_one' depends on axioms: [propext,
 Classical.choice,
 Quot.sound]
'AspisR19.R752SharedWitnessPointSupport.source_basis_zero_of_coord8_zero' depends on axioms: [propext,
 sorryAx,
 Classical.choice,
 Quot.sound]
'AspisR19.R752SharedWitnessPointSupport.point1_source_basis_zero' depends on axioms: [propext,
 Classical.choice,
 Quot.sound]
'AspisR19.R752SharedWitnessPointSupport.point2_source_basis_zero' depends on axioms: [propext,
 sorryAx,
 Classical.choice,
 Quot.sound]
Command exited with non-zero status 1
	Command being timed: "/home/dombarker/.elan/bin/lake --dir /home/dombarker/project-offloads/aspis-r126-release-20260930-a/focus-workspace env lean -j1 -M4500 -R /home/dombarker/project-offloads/aspis-r57-lean-src-20260929-a -o /home/dombarker/project-offloads/aspis-r126-release-20260930-a/lib/.r21-scratch/R752SharedWitnessPointSupport.olean /home/dombarker/project-offloads/aspis-r57-lean-src-20260929-a/.r21-scratch/R752SharedWitnessPointSupport.lean"
	User time (seconds): 1.17
	System time (seconds): 0.37
	Percent of CPU this job got: 99%
	Elapsed (wall clock) time (h:mm:ss or m:ss): 0:01.54
	Average shared text size (kbytes): 0
	Average unshared data size (kbytes): 0
	Average stack size (kbytes): 0
	Average total size (kbytes): 0
	Maximum resident set size (kbytes): 3289300
	Average resident set size (kbytes): 0
	Major (requiring I/O) page faults: 24
	Minor (reclaiming a frame) page faults: 77550
	Voluntary context switches: 1037
	Involuntary context switches: 60
	Swaps: 0
	File system inputs: 4720
	File system outputs: 0
	Socket messages sent: 0
	Socket messages received: 0
	Signals delivered: 0
	Page size (bytes): 4096
	Exit status: 1
Finished with result: exit-code
Main processes terminated with: code=exited/status=1
Service runtime: 1.575s
CPU time consumed: 1.574s
Memory peak: 512.0K
Memory swap peak: 0B
