Warning: Permanently added '100.108.41.90' (ED25519) to the list of known hosts.
Running as unit: aspis-focus-1791114358573046000.service; invocation ID: 3603a7bb68ec4985b285d0fcbf3afb2f
/home/dombarker/project-offloads/aspis-r57-lean-src-20260929-a/AspisV8R19/R663CombineWrapperExecution.lean:36:6: error: Tactic `rewrite` failed: Did not find an occurrence of the pattern
  query_arithmetic.combine_beta_loop { start := 0#usize, «end» := 4#usize } powers a1 a2
    (Array.repeat 4#usize aspis_core.field.QM31.ZERO)
in the target expression
  (do
      let __x ← ok (core.result.Result.Ok (), a1)
      let cf ← core.result.Result.Insts.CoreOpsTry.branch __x.1
      match cf with
        | core.ops.control_flow.ControlFlow.Continue a => do
          let __x_1 ← ok (core.result.Result.Ok (), a2)
          let cf1 ← core.result.Result.Insts.CoreOpsTry.branch __x_1.1
          match cf1 with
            | core.ops.control_flow.ControlFlow.Continue a => do
              let out1 ←
                query_arithmetic.combine_beta_loop { start := 0#usize, «end» := 4#usize } powers __x.2 __x_1.2
                    (Array.repeat 4#usize aspis_core.field.QM31.ZERO)
              ok (core.result.Result.Ok out1)
            | core.ops.control_flow.ControlFlow.Break residual =>
              core.result.Result.Insts.CoreOpsTryTraitFromResidualResultInfallible.from_residual
                (Std.Array aspis_core.field.QM31 4#usize) (core.convert.FromSame AspisR614SelectedCombineBeta.Error)
                residual
        | core.ops.control_flow.ControlFlow.Break residual =>
          core.result.Result.Insts.CoreOpsTryTraitFromResidualResultInfallible.from_residual
            (Std.Array aspis_core.field.QM31 4#usize) (core.convert.FromSame AspisR614SelectedCombineBeta.Error)
            residual) =
    ok (core.result.Result.Ok (laneArray lane))

c1 c2 : Slice U8
powers : query_arithmetic.BetaCoefficients
a1 : Std.Array U32 104#usize
a2 : Std.Array U32 48#usize
lane : U4 → U4 → U32
h1 : query_arithmetic.r55_decode_into c1 (Array.repeat 104#usize 0#u32) = ok (core.result.Result.Ok (), a1)
h2 : query_arithmetic.r55_decode_into c2 (Array.repeat 48#usize 0#u32) = ok (core.result.Result.Ok (), a2)
hleaf :
  ∀ (slot limb : U4),
    query_arithmetic.r83_mixed_limb (UScalar.ofNatCore ↑limb ⋯) (c1Chunk a1 slot) a2 (sourceIndex slot) powers =
      ok (lane slot limb)
⊢ (do
      let __x ← ok (core.result.Result.Ok (), a1)
      let cf ← core.result.Result.Insts.CoreOpsTry.branch __x.1
      match cf with
        | core.ops.control_flow.ControlFlow.Continue a => do
          let __x_1 ← ok (core.result.Result.Ok (), a2)
          let cf1 ← core.result.Result.Insts.CoreOpsTry.branch __x_1.1
          match cf1 with
            | core.ops.control_flow.ControlFlow.Continue a => do
              let out1 ←
                query_arithmetic.combine_beta_loop { start := 0#usize, «end» := 4#usize } powers __x.2 __x_1.2
                    (Array.repeat 4#usize aspis_core.field.QM31.ZERO)
              ok (core.result.Result.Ok out1)
            | core.ops.control_flow.ControlFlow.Break residual =>
              core.result.Result.Insts.CoreOpsTryTraitFromResidualResultInfallible.from_residual
                (Std.Array aspis_core.field.QM31 4#usize) (core.convert.FromSame AspisR614SelectedCombineBeta.Error)
                residual
        | core.ops.control_flow.ControlFlow.Break residual =>
          core.result.Result.Insts.CoreOpsTryTraitFromResidualResultInfallible.from_residual
            (Std.Array aspis_core.field.QM31 4#usize) (core.convert.FromSame AspisR614SelectedCombineBeta.Error)
            residual) =
    ok (core.result.Result.Ok (laneArray lane))

Note: The target expression is not type-correct under the `instances` transparency level, which may have triggered the failure. This is usually caused by unfolding of semireducible definitions in prior tactic steps. Use `set_option linter.tacticCheckInstances true` to investigate the source of the issue.
Full error:
  Application type mismatch: The argument
    Eq.refl true
  has type
    @Eq Bool true true
  but is expected to have type
    @Eq Bool (decide (4 ≤ UScalar.cMax UScalarTy.Usize)) true
  in the application
    id (Eq.refl true)
'AspisV8R19.R663CombineWrapperExecution.combine_beta_wrapper_execution' depends on axioms: [propext,
 sorryAx,
 Classical.choice,
 Quot.sound,
 core.fmt.Formatter]
Command exited with non-zero status 1
	Command being timed: "/home/dombarker/.elan/bin/lake --dir /home/dombarker/project-offloads/aspis-r126-release-20260930-a/focus-workspace env lean -j1 -M4500 -R /home/dombarker/project-offloads/aspis-r57-lean-src-20260929-a -o /home/dombarker/project-offloads/aspis-r126-release-20260930-a/lib/AspisV8R19/R663CombineWrapperExecution.olean /home/dombarker/project-offloads/aspis-r57-lean-src-20260929-a/AspisV8R19/R663CombineWrapperExecution.lean"
	User time (seconds): 1.04
	System time (seconds): 0.35
	Percent of CPU this job got: 100%
	Elapsed (wall clock) time (h:mm:ss or m:ss): 0:01.39
	Average shared text size (kbytes): 0
	Average unshared data size (kbytes): 0
	Average stack size (kbytes): 0
	Average total size (kbytes): 0
	Maximum resident set size (kbytes): 3746712
	Average resident set size (kbytes): 0
	Major (requiring I/O) page faults: 0
	Minor (reclaiming a frame) page faults: 86407
	Voluntary context switches: 238
	Involuntary context switches: 55
	Swaps: 0
	File system inputs: 0
	File system outputs: 0
	Socket messages sent: 0
	Socket messages received: 0
	Signals delivered: 0
	Page size (bytes): 4096
	Exit status: 1
Finished with result: exit-code
Main processes terminated with: code=exited/status=1
Service runtime: 1.423s
CPU time consumed: 1.432s
Memory peak: 256.0K
Memory swap peak: 0B
