Warning: Permanently added '100.108.41.90' (ED25519) to the list of known hosts.
Running as unit: aspis-focus-1791122343570683000.service; invocation ID: 2f966a5ff95444bdb1eaa6f69ca69bef
Finset.sum_apply.{u_1, u_7, u_8} {ι : Type u_1} {α : Type u_7} {M : α → Type u_8} [(a : α) → AddCommMonoid (M a)]
  (a : α) (s : Finset ι) (g : ι → (a : α) → M a) : (∑ c ∈ s, g c) a = ∑ c ∈ s, g c a
Finset.sum_hom_rel.{u_1, u_3, u_4} {ι : Type u_1} {M : Type u_3} {N : Type u_4} [AddCommMonoid M] [AddCommMonoid N]
  {r : M → N → Prop} {f : ι → M} {g : ι → N} {s : Finset ι} (h₁ : r 0 0)
  (h₂ : ∀ (a : ι) (b : M) (c : N), r b c → r (f a + b) (g a + c)) : r (∑ x ∈ s, f x) (∑ x ∈ s, g x)
QuadraticAlgebra.re_add.{u_1} {R : Type u_1} {a b : R} [Add R] (z w : QuadraticAlgebra R a b) : (z + w).re = z.re + w.re
QuadraticAlgebra.im_add.{u_1} {R : Type u_1} {a b : R} [Add R] (z w : QuadraticAlgebra R a b) : (z + w).im = z.im + w.im
	Command being timed: "/home/dombarker/.elan/bin/lake --dir /home/dombarker/project-offloads/aspis-r126-release-20260930-a/focus-workspace env lean -j1 -M4500 -R /home/dombarker/project-offloads/aspis-r57-lean-src-20260929-a -o /home/dombarker/project-offloads/aspis-r126-release-20260930-a/lib/AspisV8R19/R688Check4.olean /home/dombarker/project-offloads/aspis-r57-lean-src-20260929-a/AspisV8R19/R688Check4.lean"
	User time (seconds): 0.98
	System time (seconds): 0.39
	Percent of CPU this job got: 100%
	Elapsed (wall clock) time (h:mm:ss or m:ss): 0:01.38
	Average shared text size (kbytes): 0
	Average unshared data size (kbytes): 0
	Average stack size (kbytes): 0
	Average total size (kbytes): 0
	Maximum resident set size (kbytes): 3738868
	Average resident set size (kbytes): 0
	Major (requiring I/O) page faults: 0
	Minor (reclaiming a frame) page faults: 86109
	Voluntary context switches: 362
	Involuntary context switches: 64
	Swaps: 0
	File system inputs: 0
	File system outputs: 8
	Socket messages sent: 0
	Socket messages received: 0
	Signals delivered: 0
	Page size (bytes): 4096
	Exit status: 0
Finished with result: success
Main processes terminated with: code=exited/status=0
Service runtime: 1.411s
CPU time consumed: 1.414s
Memory peak: 512.0K
Memory swap peak: 0B
