Warning: Permanently added '100.108.41.90' (ED25519) to the list of known hosts.
Running as unit: aspis-focus-1791052058071055000.service; invocation ID: aae0d0c8e62f483dbeb8db1a7b186fa2
/home/dombarker/project-offloads/aspis-r57-lean-src-20260929-a/AspisV8R19/R506RawPartsLengthGuard.lean:27:4: error: 'change' tactic failed, pattern
  ok (decide (↑n ≤ ↑18446744073709551615#u64)) = ok true
is not definitionally equal to target
  (do
      let limit ← sizeLimit size
      pure (decide (↑n ≤ ↑limit))) =
    ok true
/home/dombarker/project-offloads/aspis-r57-lean-src-20260929-a/AspisV8R19/R506RawPartsLengthGuard.lean:35:4: error: 'change' tactic failed, pattern
  ok (decide (↑n ≤ ↑limit)) = ok true
is not definitionally equal to target
  (do
      let limit ← sizeLimit size
      pure (decide (↑n ≤ ↑limit))) =
    ok true
'AspisV8R19.R506RawPartsLengthGuard.length_guard_true' depends on axioms: [propext,
 sorryAx,
 Classical.choice,
 Quot.sound]
Command exited with non-zero status 1
	Command being timed: "/home/dombarker/.elan/bin/lake --dir /home/dombarker/project-offloads/aspis-r126-release-20260930-a/focus-workspace env lean -j1 -M4500 -R /home/dombarker/project-offloads/aspis-r57-lean-src-20260929-a -o /home/dombarker/project-offloads/aspis-r126-release-20260930-a/lib/AspisV8R19/R506RawPartsLengthGuard.olean /home/dombarker/project-offloads/aspis-r57-lean-src-20260929-a/AspisV8R19/R506RawPartsLengthGuard.lean"
	User time (seconds): 0.71
	System time (seconds): 0.26
	Percent of CPU this job got: 100%
	Elapsed (wall clock) time (h:mm:ss or m:ss): 0:00.97
	Average shared text size (kbytes): 0
	Average unshared data size (kbytes): 0
	Average stack size (kbytes): 0
	Average total size (kbytes): 0
	Maximum resident set size (kbytes): 2530288
	Average resident set size (kbytes): 0
	Major (requiring I/O) page faults: 0
	Minor (reclaiming a frame) page faults: 64466
	Voluntary context switches: 205
	Involuntary context switches: 48
	Swaps: 0
	File system inputs: 0
	File system outputs: 0
	Socket messages sent: 0
	Socket messages received: 0
	Signals delivered: 0
	Page size (bytes): 4096
	Exit status: 1
Finished with result: exit-code
Main processes terminated with: code=exited/status=1
Service runtime: 1.000s
CPU time consumed: 1.006s
Memory peak: 512.0K
Memory swap peak: 0B
