Warning: Permanently added '100.108.41.90' (ED25519) to the list of known hosts.
Running as unit: aspis-focus-1791052005533415000.service; invocation ID: 5b5d6db092964214bd65c19fb42f34fb
/home/dombarker/project-offloads/aspis-r57-lean-src-20260929-a/AspisV8R19/R506RawPartsLengthGuard.lean:26:64: error(lean.invalidDottedIdent): Invalid dotted identifier notation: The expected type of `.ok` could not be determined

Hint: Using one of these would be unambiguous:
  [apply] `Except.ok`
  [apply] `EST.Out.ok`
  [apply] `EStateM.Result.ok`
  [apply] `ok`
  [apply] `Lean.Meta.DefEqArgsFirstPassResult.ok`
  [apply] `Std.Http.Response.ok`
  [apply] `Std.Http.Status.ok`
  [apply] `Lean.Meta.Grind.CheckCoverageResult.ok`
/home/dombarker/project-offloads/aspis-r57-lean-src-20260929-a/AspisV8R19/R506RawPartsLengthGuard.lean:27:42: error(lean.invalidDottedIdent): Invalid dotted identifier notation: The expected type of `.ok` could not be determined

Hint: Using one of these would be unambiguous:
  [apply] `Except.ok`
  [apply] `EST.Out.ok`
  [apply] `EStateM.Result.ok`
  [apply] `ok`
  [apply] `Lean.Meta.DefEqArgsFirstPassResult.ok`
  [apply] `Std.Http.Response.ok`
  [apply] `Std.Http.Status.ok`
  [apply] `Lean.Meta.Grind.CheckCoverageResult.ok`
/home/dombarker/project-offloads/aspis-r57-lean-src-20260929-a/AspisV8R19/R506RawPartsLengthGuard.lean:35:8: error: Tactic `rewrite` failed: Did not find an occurrence of the pattern
  UScalar.div R503RawPartsSizeGuard.maxIsize size
in the target expression
  (fun bound => decide (↑n ≤ ↑bound)) <$> sizeLimit size = ok true

case neg
n size : U64
hbytes : ↑n * ↑size ≤ 9223372036854775807
hz : ¬↑size = 0
hs : 0 < ↑size
limit : U64
hdiv : UScalar.div R503RawPartsSizeGuard.maxIsize size = ok limit
hval : ↑limit = 9223372036854775807 / ↑size
hnle : ↑n ≤ ↑limit
hd : decide (↑n ≤ ↑limit) = true
⊢ (fun bound => decide (↑n ≤ ↑bound)) <$> sizeLimit size = ok true
'AspisV8R19.R506RawPartsLengthGuard.length_guard_true' depends on axioms: [propext,
 sorryAx,
 Classical.choice,
 Quot.sound]
Command exited with non-zero status 1
	Command being timed: "/home/dombarker/.elan/bin/lake --dir /home/dombarker/project-offloads/aspis-r126-release-20260930-a/focus-workspace env lean -j1 -M4500 -R /home/dombarker/project-offloads/aspis-r57-lean-src-20260929-a -o /home/dombarker/project-offloads/aspis-r126-release-20260930-a/lib/AspisV8R19/R506RawPartsLengthGuard.olean /home/dombarker/project-offloads/aspis-r57-lean-src-20260929-a/AspisV8R19/R506RawPartsLengthGuard.lean"
	User time (seconds): 0.88
	System time (seconds): 0.25
	Percent of CPU this job got: 100%
	Elapsed (wall clock) time (h:mm:ss or m:ss): 0:01.13
	Average shared text size (kbytes): 0
	Average unshared data size (kbytes): 0
	Average stack size (kbytes): 0
	Average total size (kbytes): 0
	Maximum resident set size (kbytes): 2532132
	Average resident set size (kbytes): 0
	Major (requiring I/O) page faults: 0
	Minor (reclaiming a frame) page faults: 64530
	Voluntary context switches: 289
	Involuntary context switches: 48
	Swaps: 0
	File system inputs: 0
	File system outputs: 0
	Socket messages sent: 0
	Socket messages received: 0
	Signals delivered: 0
	Page size (bytes): 4096
	Exit status: 1
Finished with result: exit-code
Main processes terminated with: code=exited/status=1
Service runtime: 1.162s
CPU time consumed: 1.166s
Memory peak: 256.0K
Memory swap peak: 0B
