Warning: Permanently added '100.108.41.90' (ED25519) to the list of known hosts.
Running as unit: aspis-focus-1791051875496516000.service; invocation ID: 44031bf5b4af4ed9985bdbe6174937f1
/home/dombarker/project-offloads/aspis-r57-lean-src-20260929-a/AspisV8R19/R506RawPartsLengthGuard.lean:24:53: error: Tactic `decide` failed for proposition
  U64.max = 18446744073709551615
because its `Decidable` instance
  instDecidableEqNat U64.max 18446744073709551615
did not reduce to `isTrue` or `isFalse`.

After unfolding the instances `instDecidableEqNat` and `Nat.decEq`, reduction got stuck at the `Decidable` instance
  match h : U64.max.beq 18446744073709551615 with
  | true => isTrue ⋯
  | false => isFalse ⋯
/home/dombarker/project-offloads/aspis-r57-lean-src-20260929-a/AspisV8R19/R506RawPartsLengthGuard.lean:27:28: error: Type mismatch: After simplification, term
  hn
 has type
  ↑n ≤ U64.max
but is expected to have type
  ↑n ≤ 18446744073709551615
/home/dombarker/project-offloads/aspis-r57-lean-src-20260929-a/AspisV8R19/R506RawPartsLengthGuard.lean:29:8: error: Tactic `rewrite` failed: Did not find an occurrence of the pattern
  decide (↑n ≤ ↑18446744073709551615#u64)
in the target expression
  (do
      let limit ← ok 18446744073709551615#u64
      pure (decide (↑n ≤ ↑limit))) =
    ok true

case pos
n size : U64
hbytes : ↑n * ↑size ≤ 9223372036854775807
hz : ↑size = 0
hn : ↑n ≤ U64.max
hd : decide (↑n ≤ ↑18446744073709551615#u64) = true
⊢ (do
      let limit ← ok 18446744073709551615#u64
      pure (decide (↑n ≤ ↑limit))) =
    ok true
/home/dombarker/project-offloads/aspis-r57-lean-src-20260929-a/AspisV8R19/R506RawPartsLengthGuard.lean:34:69: error: Application type mismatch: The argument
  hnle
has type
  ↑n ≤ ↑limit
but is expected to have type
  decide (decide (↑n ≤ ↑limit) = true) = true
in the application
  of_decide_eq_true hnle
/home/dombarker/project-offloads/aspis-r57-lean-src-20260929-a/AspisV8R19/R506RawPartsLengthGuard.lean:36:8: error: Tactic `rewrite` failed: Did not find an occurrence of the pattern
  decide (↑n ≤ ↑limit)
in the target expression
  (do
      let limit ← ok limit
      pure (decide (↑n ≤ ↑limit))) =
    ok true

case neg
n size : U64
hbytes : ↑n * ↑size ≤ 9223372036854775807
hz : ¬↑size = 0
hs : 0 < ↑size
limit : U64
hdiv : UScalar.div R503RawPartsSizeGuard.maxIsize size = ok limit
hval : ↑limit = 9223372036854775807 / ↑size
hnle : ↑n ≤ ↑limit
hd : decide (↑n ≤ ↑limit) = true
⊢ (do
      let limit ← ok limit
      pure (decide (↑n ≤ ↑limit))) =
    ok true
'AspisV8R19.R506RawPartsLengthGuard.length_guard_true' depends on axioms: [propext,
 sorryAx,
 Classical.choice,
 Quot.sound]
Command exited with non-zero status 1
	Command being timed: "/home/dombarker/.elan/bin/lake --dir /home/dombarker/project-offloads/aspis-r126-release-20260930-a/focus-workspace env lean -j1 -M4500 -R /home/dombarker/project-offloads/aspis-r57-lean-src-20260929-a -o /home/dombarker/project-offloads/aspis-r126-release-20260930-a/lib/AspisV8R19/R506RawPartsLengthGuard.olean /home/dombarker/project-offloads/aspis-r57-lean-src-20260929-a/AspisV8R19/R506RawPartsLengthGuard.lean"
	User time (seconds): 0.76
	System time (seconds): 0.27
	Percent of CPU this job got: 100%
	Elapsed (wall clock) time (h:mm:ss or m:ss): 0:01.03
	Average shared text size (kbytes): 0
	Average unshared data size (kbytes): 0
	Average stack size (kbytes): 0
	Average total size (kbytes): 0
	Maximum resident set size (kbytes): 2524672
	Average resident set size (kbytes): 0
	Major (requiring I/O) page faults: 0
	Minor (reclaiming a frame) page faults: 64345
	Voluntary context switches: 274
	Involuntary context switches: 59
	Swaps: 0
	File system inputs: 0
	File system outputs: 0
	Socket messages sent: 0
	Socket messages received: 0
	Signals delivered: 0
	Page size (bytes): 4096
	Exit status: 1
Finished with result: exit-code
Main processes terminated with: code=exited/status=1
Service runtime: 1.055s
CPU time consumed: 1.063s
Memory peak: 516.0K
Memory swap peak: 0B
