Warning: Permanently added '100.108.41.90' (ED25519) to the list of known hosts.
Running as unit: aspis-focus-1791051844886943000.service; invocation ID: 39f8d427b7924d749623cd9ec49318e7
/home/dombarker/project-offloads/aspis-r57-lean-src-20260929-a/AspisV8R19/R506RawPartsLengthGuard.lean:23:6: error: Type mismatch: After simplification, term
  hb
 has type
  ↑n < 18446744073709551616
but is expected to have type
  ↑n ≤ U64.max
/home/dombarker/project-offloads/aspis-r57-lean-src-20260929-a/AspisV8R19/R506RawPartsLengthGuard.lean:21:2: error: unsolved goals
case pos
n size : U64
hbytes : ↑n * ↑size ≤ 9223372036854775807
hz : ↑size = 0
hn : ↑n ≤ U64.max
⊢ (fun a => decide (↑n ≤ ↑a)) <$> ok 18446744073709551615#u64 = ok true
/home/dombarker/project-offloads/aspis-r57-lean-src-20260929-a/AspisV8R19/R506RawPartsLengthGuard.lean:25:2: error: unsolved goals
case neg
n size : U64
hbytes : ↑n * ↑size ≤ 9223372036854775807
hz : ¬↑size = 0
hs : 0 < ↑size
limit : U64
hdiv : UScalar.div R503RawPartsSizeGuard.maxIsize size = ok limit
hval : ↑limit = 9223372036854775807 / ↑size
hnle : ↑n ≤ ↑limit
⊢ (fun a => decide (↑n ≤ ↑a)) <$> ok limit = ok true
/home/dombarker/project-offloads/aspis-r57-lean-src-20260929-a/AspisV8R19/R506RawPartsLengthGuard.lean:24:38: warning: This simp argument is unused:
  hn

Hint: Omit it from the simp argument list.
  simp [lengthGuard, sizeLimit, hz,̵ ̵h̵n̵]

Note: This linter can be disabled with `set_option linter.unusedSimpArgs false`
/home/dombarker/project-offloads/aspis-r57-lean-src-20260929-a/AspisV8R19/R506RawPartsLengthGuard.lean:28:44: warning: This simp argument is unused:
  hnle

Hint: Omit it from the simp argument list.
  simp [lengthGuard, sizeLimit, hz, hdiv,̵ ̵h̵n̵l̵e̵]

Note: This linter can be disabled with `set_option linter.unusedSimpArgs false`
'AspisV8R19.R506RawPartsLengthGuard.length_guard_true' depends on axioms: [propext,
 sorryAx,
 Classical.choice,
 Quot.sound]
Command exited with non-zero status 1
	Command being timed: "/home/dombarker/.elan/bin/lake --dir /home/dombarker/project-offloads/aspis-r126-release-20260930-a/focus-workspace env lean -j1 -M4500 -R /home/dombarker/project-offloads/aspis-r57-lean-src-20260929-a -o /home/dombarker/project-offloads/aspis-r126-release-20260930-a/lib/AspisV8R19/R506RawPartsLengthGuard.olean /home/dombarker/project-offloads/aspis-r57-lean-src-20260929-a/AspisV8R19/R506RawPartsLengthGuard.lean"
	User time (seconds): 0.72
	System time (seconds): 0.25
	Percent of CPU this job got: 100%
	Elapsed (wall clock) time (h:mm:ss or m:ss): 0:00.97
	Average shared text size (kbytes): 0
	Average unshared data size (kbytes): 0
	Average stack size (kbytes): 0
	Average total size (kbytes): 0
	Maximum resident set size (kbytes): 2522280
	Average resident set size (kbytes): 0
	Major (requiring I/O) page faults: 0
	Minor (reclaiming a frame) page faults: 64303
	Voluntary context switches: 276
	Involuntary context switches: 47
	Swaps: 0
	File system inputs: 0
	File system outputs: 0
	Socket messages sent: 0
	Socket messages received: 0
	Signals delivered: 0
	Page size (bytes): 4096
	Exit status: 1
Finished with result: exit-code
Main processes terminated with: code=exited/status=1
Service runtime: 999ms
CPU time consumed: 1.007s
Memory peak: 552.0K
Memory swap peak: 0B
