Warning: Permanently added '100.108.41.90' (ED25519) to the list of known hosts.
Running as unit: aspis-focus-1791161434744724000-7dafbcd6e9d9.service; invocation ID: 4b4b02988f374a4581c3d5317802197a
/home/dombarker/project-offloads/aspis-r57-lean-src-20260929-a/AspisV8R19/R837ActiveJointEntryDegree.lean:18:0: warning: automatically included section variable(s) unused in theorem `AspisV8R19.R837ActiveJointEntryDegree.polynomialABC_totalDegree_le`:
  [NeZero 2]
consider restructuring your `variable` declarations so that the variables are not in scope or explicitly omit them:
  omit [NeZero 2] in theorem ...

Note: This linter can be disabled with `set_option linter.unusedSectionVars false`
/home/dombarker/project-offloads/aspis-r57-lean-src-20260929-a/AspisV8R19/R837ActiveJointEntryDegree.lean:36:4: warning: try 'simp' instead of 'simpa'

Note: This linter can be disabled with `set_option linter.unnecessarySimpa false`
'AspisV8R19.R837ActiveJointEntryDegree.polynomialABC_totalDegree_le' depends on axioms: [propext,
 Classical.choice,
 Quot.sound]
'AspisV8R19.R837ActiveJointEntryDegree.active_polynomialEntry_totalDegree_le' depends on axioms: [propext,
 Classical.choice,
 Quot.sound]
	Command being timed: "/home/dombarker/.elan/bin/lake --dir /home/dombarker/project-offloads/aspis-r126-release-20260930-a/focus-workspace env lean -j1 -M4500 -R /home/dombarker/project-offloads/aspis-r57-lean-src-20260929-a -o /home/dombarker/project-offloads/aspis-r126-release-20260930-a/lib/AspisV8R19/R837ActiveJointEntryDegree.olean /home/dombarker/project-offloads/aspis-r57-lean-src-20260929-a/AspisV8R19/R837ActiveJointEntryDegree.lean"
	User time (seconds): 1.35
	System time (seconds): 0.39
	Percent of CPU this job got: 100%
	Elapsed (wall clock) time (h:mm:ss or m:ss): 0:01.74
	Average shared text size (kbytes): 0
	Average unshared data size (kbytes): 0
	Average stack size (kbytes): 0
	Average total size (kbytes): 0
	Maximum resident set size (kbytes): 3304468
	Average resident set size (kbytes): 0
	Major (requiring I/O) page faults: 0
	Minor (reclaiming a frame) page faults: 78209
	Voluntary context switches: 572
	Involuntary context switches: 66
	Swaps: 0
	File system inputs: 0
	File system outputs: 408
	Socket messages sent: 0
	Socket messages received: 0
	Signals delivered: 0
	Page size (bytes): 4096
	Exit status: 0
Finished with result: success
Main processes terminated with: code=exited/status=0
Service runtime: 1.781s
CPU time consumed: 1.781s
Memory peak: 256.0K
Memory swap peak: 0B
