graph_controls=11 passed=true future_queries_do_not_repair_prefix=true
gao_small_exact_cases=2688 zero_case=true duplicate_points_rejected=true
source_lean_layout_cells=16384 mask_cells=3803 read_mask_intersection=0
stage=public_generator_rank
public_matrix_seconds=1.09577225
second_matrix_start=1024 rank=1024 seconds=1.104289834
rank=1024 stage=producer
seed=1
CANDIDATE window=0 checked_witness=false
CANDIDATE window=1 checked_witness=false
GAO_RECOVERY sample_points=1153 ambient_k=1025 max_sample_errors=64 basis_checks=1180672 corrected_fibres=2 per_column_sample_errors=[8, 0, 0, 0, 0, 0, 0, 0, 0, 0, 0, 0, 0, 0, 0, 0] seconds=0.762896667
GAO_CANDIDATE returned=true
GRAPH_PREFIX seed=1 checked_witness=true full_semantic_C1_codeword=false pre_lambda_chi=true stats=Stats { raw_queries: 1051764, unique_queries: 789620, raw_bytes: 238287374, walk_nodes: 524287, default_leaves: 0, index_hashes: 1051802, recompute_hashes: 524287 } seconds=16.371227959
recovered_table_equals_producer=true
authentication_negative_controls=5 authenticated_changed_C1_decoder_rejected=true
authenticated_c1_recovered=true checked_witness=true root=[57, 73, 4c, a8, 1b, ae, a9, de, e9, ae, b7, 23, 21, 16, a9, cb, 18, fe, 73, 8d, aa, 13, 82, 6a, c6, f8] opening_bytes=111620
masked_selected_boolean_composition_checks=1024
arm_corrupt=false stage=commit_C2
semantic_round=0 checked=true
semantic_round=1 checked=true
semantic_round=2 checked=true
semantic_round=3 checked=true
semantic_round=4 checked=true
semantic_round=5 checked=true
semantic_round=6 checked=true
semantic_round=7 checked=true
semantic_round=8 checked=true
semantic_round=9 checked=true
full_domain_chord_reconstruction_points=1048576 nonzero_denominators=1048576
arm_corrupt=false pointwise_mismatches=0 prior_exact=true
relation_result=Ok(())
RESULT corrupt=false accepted=true checked_witness=true touched=1 body=39554 proof_id=[a9, b1, e6, f6, e2, 6f, 9a, 03, 21, 80, 45, 41, c7, 65, 93, af, 3c, 5a, 11, a8, a0, 09, 6e, 3d, dc, 5b, d4, 33, 1e, 8e, f5, 5f] c1_root=[57, 73, 4c, a8, 1b, ae, a9, de, e9, ae, b7, 23, 21, 16, a9, cb, 18, fe, 73, 8d, aa, 13, 82, 6a, c6, f8]
C1_BOTH_WINDOWS seed=1 corrupted_complete_fibres=2 c1_hit=false accepted=true checked_witness=true candidate_exhaustion=false
COMPLETE same_execution_access=frozen_C1_SHA_query_graph seconds=36.154134042
       36.65 real        35.36 user         0.31 sys
           626655232  maximum resident set size
                   0  average shared memory size
                   0  average unshared data size
                   0  average unshared stack size
               83680  page reclaims
                   0  page faults
                   0  swaps
                   0  block input operations
                   0  block output operations
                   0  messages sent
                   0  messages received
                   0  signals received
                   0  voluntary context switches
               27515  involuntary context switches
        505258722639  instructions retired
        132764422885  cycles elapsed
           616530784  peak memory footprint
