/Users/dominic/ZK/.worktrees/ZK-v8-no-work-100-20260907/docs/research/v8-no-work-100-20260907/experiments/ImageCallbackInterfaces.lean:28:0: warning: automatically included section variable(s) unused in theorem `AspisV8.ImageCallbackInterfaces.image_boundary`:
  [DecidableEq K]
consider restructuring your `variable` declarations so that the variables are not in scope or explicitly omit them:
  omit [DecidableEq K] in theorem ...

Note: This linter can be disabled with `set_option linter.unusedSectionVars false`
/Users/dominic/ZK/.worktrees/ZK-v8-no-work-100-20260907/docs/research/v8-no-work-100-20260907/experiments/ImageCallbackInterfaces.lean:36:0: warning: automatically included section variable(s) unused in theorem `AspisV8.ImageCallbackInterfaces.sent_boundary`:
  [DecidableEq K]
consider restructuring your `variable` declarations so that the variables are not in scope or explicitly omit them:
  omit [DecidableEq K] in theorem ...

Note: This linter can be disabled with `set_option linter.unusedSectionVars false`
/Users/dominic/ZK/.worktrees/ZK-v8-no-work-100-20260907/docs/research/v8-no-work-100-20260907/experiments/ImageCallbackInterfaces.lean:40:6: warning: this tactic is never executed

Note: This linter can be disabled with `set_option linter.unreachableTactic false`
/Users/dominic/ZK/.worktrees/ZK-v8-no-work-100-20260907/docs/research/v8-no-work-100-20260907/experiments/ImageCallbackInterfaces.lean:40:6: warning: 'ring' tactic does nothing

Note: This linter can be disabled with `set_option linter.unusedTactic false`
/Users/dominic/ZK/.worktrees/ZK-v8-no-work-100-20260907/docs/research/v8-no-work-100-20260907/experiments/ImageCallbackInterfaces.lean:42:0: warning: automatically included section variable(s) unused in theorem `AspisV8.ImageCallbackInterfaces.game_boundary`:
  [DecidableEq K]
consider restructuring your `variable` declarations so that the variables are not in scope or explicitly omit them:
  omit [DecidableEq K] in theorem ...

Note: This linter can be disabled with `set_option linter.unusedSectionVars false`
/Users/dominic/ZK/.worktrees/ZK-v8-no-work-100-20260907/docs/research/v8-no-work-100-20260907/experiments/ImageCallbackInterfaces.lean:57:0: warning: automatically included section variable(s) unused in theorem `AspisV8.ImageCallbackInterfaces.compact_error_degree`:
  [DecidableEq K]
consider restructuring your `variable` declarations so that the variables are not in scope or explicitly omit them:
  omit [DecidableEq K] in theorem ...

Note: This linter can be disabled with `set_option linter.unusedSectionVars false`
/Users/dominic/ZK/.worktrees/ZK-v8-no-work-100-20260907/docs/research/v8-no-work-100-20260907/experiments/ImageCallbackInterfaces.lean:63:0: warning: automatically included section variable(s) unused in theorem `AspisV8.ImageCallbackInterfaces.compact_error_eval`:
  [DecidableEq K]
consider restructuring your `variable` declarations so that the variables are not in scope or explicitly omit them:
  omit [DecidableEq K] in theorem ...

Note: This linter can be disabled with `set_option linter.unusedSectionVars false`
/Users/dominic/ZK/.worktrees/ZK-v8-no-work-100-20260907/docs/research/v8-no-work-100-20260907/experiments/ImageCallbackInterfaces.lean:76:0: warning: automatically included section variable(s) unused in theorem `AspisV8.ImageCallbackInterfaces.query_injection`:
  [DecidableEq K]
consider restructuring your `variable` declarations so that the variables are not in scope or explicitly omit them:
  omit [DecidableEq K] in theorem ...

Note: This linter can be disabled with `set_option linter.unusedSectionVars false`
/Users/dominic/ZK/.worktrees/ZK-v8-no-work-100-20260907/docs/research/v8-no-work-100-20260907/experiments/ImageCallbackInterfaces.lean:100:0: warning: automatically included section variable(s) unused in theorem `AspisV8.ImageCallbackInterfaces.sparse_image_terminal`:
  [DecidableEq K]
consider restructuring your `variable` declarations so that the variables are not in scope or explicitly omit them:
  omit [DecidableEq K] in theorem ...

Note: This linter can be disabled with `set_option linter.unusedSectionVars false`
/Users/dominic/ZK/.worktrees/ZK-v8-no-work-100-20260907/docs/research/v8-no-work-100-20260907/experiments/ImageCallbackInterfaces.lean:108:0: warning: automatically included section variable(s) unused in theorem `AspisV8.ImageCallbackInterfaces.terminal_zero`:
  [DecidableEq K]
consider restructuring your `variable` declarations so that the variables are not in scope or explicitly omit them:
  omit [DecidableEq K] in theorem ...

Note: This linter can be disabled with `set_option linter.unusedSectionVars false`
'AspisV8.ImageCallbackInterfaces.sent_boundary' depends on axioms: [propext, Classical.choice, Quot.sound]
'AspisV8.ImageCallbackInterfaces.image_boundary' depends on axioms: [propext, Classical.choice, Quot.sound]
'AspisV8.ImageCallbackInterfaces.game_boundary' depends on axioms: [propext, Classical.choice, Quot.sound]
'AspisV8.ImageCallbackInterfaces.compact_error_boundary' depends on axioms: [propext, Classical.choice, Quot.sound]
'AspisV8.ImageCallbackInterfaces.compact_error_degree' depends on axioms: [propext, Classical.choice, Quot.sound]
'AspisV8.ImageCallbackInterfaces.compact_error_eval' depends on axioms: [propext, Classical.choice, Quot.sound]
'AspisV8.ImageCallbackInterfaces.query_injection' depends on axioms: [propext, Classical.choice, Quot.sound]
'AspisV8.ImageCallbackInterfaces.sparse_image_terminal' depends on axioms: [propext, Classical.choice, Quot.sound]
'AspisV8.ImageCallbackInterfaces.terminal_zero' depends on axioms: [propext, Classical.choice, Quot.sound]
       20.79 real         2.70 user         3.16 sys
          5425659904  maximum resident set size
                   0  average shared memory size
                   0  average unshared data size
                   0  average unshared stack size
              253615  page reclaims
              180089  page faults
                   0  swaps
                   0  block input operations
                   0  block output operations
                   0  messages sent
                   0  messages received
                   0  signals received
               20071  voluntary context switches
              169200  involuntary context switches
         53001288070  instructions retired
         21445359504  cycles elapsed
           872837408  peak memory footprint
