/usr/bin/time -l lake env env LEAN_PATH='/tmp/aspis-v8-near-gamma-cache:/tmp/aspis-v8-joint-cache.n3hmg5:/Users/dominic/ZK/AspisFormal/.lake/packages/Cli/.lake/build/lib/lean:/Users/dominic/ZK/AspisFormal/.lake/packages/batteries/.lake/build/lib/lean:/Users/dominic/ZK/AspisFormal/.lake/packages/Qq/.lake/build/lib/lean:/Users/dominic/ZK/AspisFormal/.lake/packages/aesop/.lake/build/lib/lean:/Users/dominic/ZK/AspisFormal/.lake/packages/proofwidgets/.lake/build/lib/lean:/Users/dominic/ZK/AspisFormal/.lake/packages/importGraph/.lake/build/lib/lean:/Users/dominic/ZK/AspisFormal/.lake/packages/LeanSearchClient/.lake/build/lib/lean:/Users/dominic/ZK/AspisFormal/.lake/packages/plausible/.lake/build/lib/lean:/Users/dominic/ZK/AspisFormal/.lake/packages/mathlib/.lake/build/lib/lean:/Users/dominic/ZK/AspisFormal/.lake/build/lib/lean:/Users/dominic/.elan/toolchains/leanprover--lean4---v4.32.0/lib/lean' lean -M 7000 -R '/Users/dominic/ZK/.worktrees/ZK-v8-no-work-100-20260907/docs/research/v8-no-work-100-20260907/experiments' -o /tmp/aspis-v8-near-gamma-cache/NearGammaSupport.olean '/Users/dominic/ZK/.worktrees/ZK-v8-no-work-100-20260907/docs/research/v8-no-work-100-20260907/experiments/NearGammaSupport.lean'
exit: 0
/Users/dominic/ZK/.worktrees/ZK-v8-no-work-100-20260907/docs/research/v8-no-work-100-20260907/experiments/NearGammaSupport.lean:16:0: warning: automatically included section variable(s) unused in theorem `AspisV8.NearGammaSupport.subset_count`:
  [DecidableEq J]
consider restructuring your `variable` declarations so that the variables are not in scope or explicitly omit them:
  omit [DecidableEq J] in theorem ...

Note: This linter can be disabled with `set_option linter.unusedSectionVars false`
/Users/dominic/ZK/.worktrees/ZK-v8-no-work-100-20260907/docs/research/v8-no-work-100-20260907/experiments/NearGammaSupport.lean:59:0: warning: automatically included section variable(s) unused in theorem `AspisV8.NearGammaSupport.low_load_bound`:
  [DecidableEq J]
consider restructuring your `variable` declarations so that the variables are not in scope or explicitly omit them:
  omit [DecidableEq J] in theorem ...

Note: This linter can be disabled with `set_option linter.unusedSectionVars false`
'AspisV8.NearGammaSupport.subset_count' depends on axioms: [propext, Classical.choice, Quot.sound]
'AspisV8.NearGammaSupport.common_of_high_load' depends on axioms: [propext, Classical.choice, Quot.sound]
'AspisV8.NearGammaSupport.low_load_bound' depends on axioms: [propext, Classical.choice, Quot.sound]
'AspisV8.NearGammaSupport.common_64_29' depends on axioms: [propext, Classical.choice, Quot.sound]
        7.74 real         1.56 user         1.71 sys
          2835415040  maximum resident set size
                   0  average shared memory size
                   0  average unshared data size
                   0  average unshared stack size
              248968  page reclaims
               47013  page faults
                   0  swaps
                   0  block input operations
                   0  block output operations
                   0  messages sent
                   0  messages received
                   0  signals received
                3647  voluntary context switches
               50610  involuntary context switches
          3581139248  instructions retired
          1627293237  cycles elapsed
           132945360  peak memory footprint
