raw_totalization_controls=4 authenticated_bytes_preserved=true strict_parser_still_rejects=true
graph_controls=11 passed=true future_queries_do_not_repair_prefix=true
gao_small_exact_cases=2688 zero_case=true duplicate_points_rejected=true
source_lean_layout_cells=16384 mask_cells=3803 read_mask_intersection=0
stage=public_generator_rank
public_matrix_seconds=1.186288875
second_matrix_start=1024 rank=1024 seconds=1.1819195
rank=1024 stage=producer
seed=1
RAW_C1 strict_rejects=true raw_root_verified=true invalid_limbs=8 totalized_zero=true
CANDIDATE window=0 decode_error=Canonical checked_witness=false
CANDIDATE window=1 decode_error=Canonical checked_witness=false
GAO_RECOVERY sample_points=1153 ambient_k=1025 max_sample_errors=64 basis_checks=1180672 corrected_fibres=2 per_column_sample_errors=[8, 0, 0, 0, 0, 0, 0, 0, 0, 0, 0, 0, 0, 0, 0, 0] seconds=0.77733725
GAO_CANDIDATE returned=true
GRAPH_PREFIX seed=1 checked_witness=true full_semantic_C1_codeword=false pre_lambda_chi=true stats=Stats { raw_queries: 1051764, unique_queries: 789620, raw_bytes: 238287374, walk_nodes: 524287, default_leaves: 0, index_hashes: 1051802, recompute_hashes: 524287 } seconds=25.812176333
recovered_table_equals_producer=true
authentication_negative_controls=5 original_sample_noncanonical=true changed_root_interpolation_control=not_applicable
authenticated_c1_recovered=true checked_witness=true root=[e8, 5b, 1e, 1c, 8f, 85, a7, 03, f1, 9b, 71, 82, 12, bc, 65, e3, 5d, ec, b4, 37, e9, 62, 10, c1, 7e, 67] opening_bytes=111620
masked_selected_boolean_composition_checks=1024
arm_corrupt=false stage=commit_C2
semantic_round=0 checked=true
semantic_round=1 checked=true
semantic_round=2 checked=true
semantic_round=3 checked=true
semantic_round=4 checked=true
semantic_round=5 checked=true
semantic_round=6 checked=true
semantic_round=7 checked=true
semantic_round=8 checked=true
semantic_round=9 checked=true
full_domain_chord_reconstruction_points=1048576 nonzero_denominators=1048576
arm_corrupt=false pointwise_mismatches=0 prior_exact=true
relation_result=Ok(())
RESULT corrupt=false accepted=true checked_witness=true touched=1 body=39346 proof_id=[79, cb, 3c, cd, 6a, 47, 31, f8, c7, c1, a5, f5, 65, 95, 75, eb, 7f, 22, 50, 34, 66, d7, 37, 40, b4, 46, f3, 63, 03, f7, 41, f7] c1_root=[e8, 5b, 1e, 1c, 8f, 85, a7, 03, f1, 9b, 71, 82, 12, bc, 65, e3, 5d, ec, b4, 37, e9, 62, 10, c1, 7e, 67]
C1_BOTH_WINDOWS seed=1 corrupted_complete_fibres=2 c1_hit=false accepted=true checked_witness=true candidate_exhaustion=false
NONCANONICAL_C1 same_execution=true accepted=true checked_witness=true queried_invalid_fibre=false
COMPLETE same_execution_access=frozen_C1_SHA_query_graph seconds=46.796908542
       47.21 real        45.28 user         0.46 sys
           592330752  maximum resident set size
                   0  average shared memory size
                   0  average unshared data size
                   0  average unshared stack size
               85479  page reclaims
                  29  page faults
                   0  swaps
                   0  block input operations
                   0  block output operations
                   0  messages sent
                   0  messages received
                   0  signals received
                   1  voluntary context switches
               49883  involuntary context switches
        623680439651  instructions retired
        168033897152  cycles elapsed
           599491400  peak memory footprint
