Warning: truncated output (original token count: 1131)
Total output lines: 77

   Compiling aspis-statement v0.1.0 (/home/dombarker/project-offloads/aspis-v8-performance-20260908.scS2Jz/crates/aspis-statement)
warning: unused imports: `visit_copy_exceptional_terminal_links` and `visit_copy_terminal_links`
  --> /home/dombarker/project-offloads/aspis-v8-performance-20260908.scS2Jz/crates/aspis-statement/src/constraints_v4.rs:32:5
   |
32 |     visit_copy_exceptional_terminal_links, visit_copy_links, visit_copy_terminal_links,
   |     ^^^^^^^^^^^^^^^^^^^^^^^^^^^^^^^^^^^^^                    ^^^^^^^^^^^^^^^^^^^^^^^^^
   |
   = note: `#[warn(unused_imports)]` (part of `#[warn(unused)]`) on by default

warning: unused import: `decode_pool_v1_pair_late_public_statement_v1`
  --> /home/dombarker/project-offloads/aspis-v8-performance-20260908.scS2Jz/crates/aspis-statement/src/pool_v1/pair_forest_terminal.rs:15:5
   |
15 |     decode_pool_v1_pair_late_public_statement_v1, decode_pool_v1_pair_verified_afterstate_v1,
   |     ^^^^^^^^^^^^^^^^^^^^^^^^^^^^^^^^^^^^^^^^^^^^

warning: unused import: `pool_v1_note_commitment`
  --> /home/dombarker/project-offloads/aspis-v8-performance-20260908.scS2Jz/crates/aspis-statement/src/pool_v1/pair_trace.rs:50:5
   |
50 |     pool_v1_note_commitment, pool_v1_nullifier, pool_v1_tree_parent,
   |     ^^^^^^^^^^^^^^^^^^^^^^^

warning: unused imports: `trace_round_constant` and `trace_round_descriptor`
  --> /home/dombarker/project-offloads/aspis-v8-performance-20260908.scS2Jz/crates/aspis-statement/src/state_only_poseidon.rs:18:5
   |
18 |     trace_round_constant, trace_round_descriptor, EXTERNAL_FINAL, EXTERNAL_INITIAL, INTERNAL,
   |     ^^^^^^^^^^^^^^^^^^^^  ^^^^^^^^^^^^^^^^^^^^^^

warning: type `CompiledCopyLink` is more private than the item `COMPILED_COPY_LINKS`
   --> /home/dombarker/project-offloads/aspis-v8-performance-20260908.scS2Jz/crates/aspis-statement/src/state_only_terminal_constants.rs:850:1
    |
850 | pub(crate) const COMPILED_COPY_LINKS: [CompiledCopyLink; 102] = [
    | ^^^^^^^^^^^^^^^^^^^^^^^^^^^^^…131 tokens truncated…spis-statement` to apply 4 suggestions)
   Compiling aspis-v8-performance-host v0.0.0 (/home/dombarker/project-offloads/aspis-v8-performance-20260908.scS2Jz/docs/research/v8-no-work-100-20260907/experiments/performance-host)
warning: variable does not need to be mutable
   --> ../payment_extraction.rs:169:9
    |
169 |     let mut encoded:Vec<Vec<M31>>=selected.iter().map(|m|enc.encode_c1_message(m).unwrap()).collect();
    |         ----^^^^^^^
    |         |
    |         help: remove this `mut`
    |
    = note: `#[warn(unused_mut)]` (part of `#[warn(unused)]`) on by default

warning: `aspis-v8-performance-host` (bin "aspis-v8-performance-host") generated 1 warning (run `cargo fix --bin "aspis-v8-performance-host" -p aspis-v8-performance-host` to apply 1 suggestion)
    Finished `release` profile [optimized] target(s) in 31.25s
	Command being timed: "env PATH=/home/dombarker/.cargo/bin:/usr/bin:/bin RUSTFLAGS=--cfg v8_payment_extraction --cfg v8_performance --cfg v8_performance_fast -A dead_code -A unexpected_cfgs cargo build --offline --release --jobs 2 --features insecure-spend-fixture,selected-v7-kernels --manifest-path /home/dombarker/project-offloads/aspis-v8-performance-20260908.scS2Jz/docs/research/v8-no-work-100-20260907/experiments/performance-host/Cargo.toml"
	User time (seconds): 39.25
	System time (seconds): 0.64
	Percent of CPU this job got: 127%
	Elapsed (wall clock) time (h:mm:ss or m:ss): 0:31.27
	Average shared text size (kbytes): 0
	Average unshared data size (kbytes): 0
	Average stack size (kbytes): 0
	Average total size (kbytes): 0
	Maximum resident set size (kbytes): 533348
	Average resident set size (kbytes): 0
	Major (requiring I/O) page faults: 29
	Minor (reclaiming a frame) page faults: 383686
	Voluntary context switches: 1098
	Involuntary context switches: 201
	Swaps: 0
	File system inputs: 0
	File system outputs: 131984
	Socket messages sent: 0
	Socket messages received: 0
	Signals delivered: 0
	Page size (bytes): 4096
	Exit status: 0
