Warning: truncated output (original token count: 1517)
Total output lines: 103

   Compiling aspis-statement v0.1.0 (/home/dombarker/project-offloads/aspis-v8-performance-20260908.scS2Jz/crates/aspis-statement)
warning: unused imports: `copy_logup_residual` and `range_logup_residual`
  --> src/constraints_v4.rs:21:56
   |
21 |     build_copy_logup_helper, build_range_logup_helper, copy_logup_residual, range_logup_residual,
   |                                                        ^^^^^^^^^^^^^^^^^^^  ^^^^^^^^^^^^^^^^^^^^
   |
   = note: `#[warn(unused_imports)]` on by default

warning: unused import: `evaluate_trace_round`
  --> src/constraints_v4.rs:26:5
   |
26 |     evaluate_trace_round, trace_round_constant, DIGEST_ELEMS, POSEIDON2_WIDTH, RATE,
   |     ^^^^^^^^^^^^^^^^^^^^

warning: unused imports: `is_poseidon_active_row`, `is_poseidon_padding_row`, `merkle_boundary_layout`, `visit_copy_exceptional_terminal_links`, and `visit_copy_terminal_links`
  --> src/constraints_v4.rs:30:47
   |
30 |     copy_terminal_pattern, has_carry_payload, is_poseidon_active_row, is_poseidon_padding_row,
   |                                               ^^^^^^^^^^^^^^^^^^^^^^  ^^^^^^^^^^^^^^^^^^^^^^^
31 |     merkle_boundary_layout, permutation_block_schedule, source_relation_layout,
   |     ^^^^^^^^^^^^^^^^^^^^^^
32 |     visit_copy_exceptional_terminal_links, visit_copy_links, visit_copy_terminal_links,
   |     ^^^^^^^^^^^^^^^^^^^^^^^^^^^^^^^^^^^^^                    ^^^^^^^^^^^^^^^^^^^^^^^^^

warning: unused imports: `POOL_V1_PAIR_FOREST_ALL_LANES_MASK` and `decode_pool_v1_pair_late_public_statement_v1`
  --> src/pool_v1/pair_forest_terminal.rs:15:5
   |
15 |     decode_pool_v1_pair_late_public_statement_v1, decode_pool_v1_pair_verified_afterstate_v1,
   |     ^^^^^^^^^^^^^^^^^^^^^^^^^^^^^^^^^^^^^^^^^^^^
...
24 |     PoolV1WithdrawalPublicV1, POOL_V1_DIGEST_ENCODING_VERSION, POOL_V1_PAIR_FOREST_ALL_LANES_MASK,
   |                                                                ^^^^^^^^^^^^^^^^^^^^^^^^^^^^^^^^^^

warning: unused imports: `trace_round_constant` and `trace_round_descriptor`
  --> src/state_only_poseidon.rs:18:5
   |
18 |     trace_round_constant, trace_round_descriptor, EXTERNAL_FINAL, EXTERNAL_INITIAL, INTERNAL,
   |     ^^^^^^^^^^^^^^^^^^^^  ^^^^^^^^^^^^^^^^^^^^^^

warning: type `CompiledCopyLink` is more private than the item `COMPILED_COPY_LINKS`
   --> src/state_only_terminal_constants.rs:850:1
    |
850 | pub(crate) const CO…317 tokens truncated…lt

warning: use of deprecated field `solana_program::solana_program_entrypoint::BumpAllocator::start`: This field should not be accessed directly. It will become private in future versions
  --> lib.rs:10:5
   |
10 |     start:solana_program::entrypoint::HEAP_START_ADDRESS as usize,len:256*1024};
   |     ^^^^^^^^^^^^^^^^^^^^^^^^^^^^^^^^^^^^^^^^^^^^^^^^^^^^^^^^^^^^^
   |
   = note: `#[warn(deprecated)]` on by default

warning: use of deprecated field `solana_program::solana_program_entrypoint::BumpAllocator::len`: This field should not be accessed directly. It will become private in future versions
  --> lib.rs:10:67
   |
10 |     start:solana_program::entrypoint::HEAP_START_ADDRESS as usize,len:256*1024};
   |                                                                   ^^^^^^^^^^^^

warning: `aspis-v8-performance-sbf` (lib) generated 3 warnings (run `cargo fix --lib -p aspis-v8-performance-sbf` to apply 1 suggestion)
    Finished `release` profile [optimized] target(s) in 33.97s
	Command being timed: "env PATH=/home/dombarker/.cargo/bin:/home/dombarker/.local/share/solana/install/active_release/bin:/usr/bin:/bin RUSTC=/home/dombarker/.cache/solana/v1.54/platform-tools/rust/bin/rustc RUSTFLAGS=--cfg v8_performance_sbf --cfg v8_performance_fast -A dead_code -A unexpected_cfgs cargo-build-sbf --offline --skip-tools-install --no-rustup-override --tools-version v1.54 --jobs 2 --features selected-v7-kernels --manifest-path /home/dombarker/project-offloads/aspis-v8-performance-20260908.scS2Jz/docs/research/v8-no-work-100-20260907/experiments/performance-sbf/Cargo.toml --sbf-out-dir /home/dombarker/project-offloads/aspis-v8-performance-20260908.scS2Jz/sbf-selected"
	User time (seconds): 45.37
	System time (seconds): 0.58
	Percent of CPU this job got: 134%
	Elapsed (wall clock) time (h:mm:ss or m:ss): 0:34.17
	Average shared text size (kbytes): 0
	Average unshared data size (kbytes): 0
	Average stack size (kbytes): 0
	Average total size (kbytes): 0
	Maximum resident set size (kbytes): 609840
	Average resident set size (kbytes): 0
	Major (requiring I/O) page faults: 18
	Minor (reclaiming a frame) page faults: 331245
	Voluntary context switches: 1524
	Involuntary context switches: 303
	Swaps: 0
	File system inputs: 0
	File system outputs: 160624
	Socket messages sent: 0
	Socket messages received: 0
	Signals delivered: 0
	Page size (bytes): 4096
	Exit status: 0
