Base: d96f56533bba7763fd907d931df40331f2497de7 + scoped research changes.
Command: /usr/bin/time -l /tmp/aspis-v8-query-graph
Exit: 0
graph_controls=11 passed=true future_queries_do_not_repair_prefix=true
source_lean_layout_cells=16384 mask_cells=3803 read_mask_intersection=0
stage=public_generator_rank
public_matrix_seconds=1.127447875
second_matrix_start=1024 rank=1024 seconds=1.111428667
rank=1024 stage=producer
seed=1
CANDIDATE window=0 checked_witness=true
GRAPH_PREFIX seed=1 checked_witness=true full_semantic_C1_codeword=true pre_lambda_chi=true stats=Stats { raw_queries: 1051764, unique_queries: 789620, raw_bytes: 238287374, walk_nodes: 524287, default_leaves: 0, index_hashes: 1051802, recompute_hashes: 524287 } seconds=15.470384834
outside_sample_C1_change authenticated=true sample_coefficients_unchanged=true full_word_rejected=true
authentication_negative_controls=5 authenticated_changed_C1_decoder_rejected=true
authenticated_c1_recovered=true checked_witness=true root=[75, 25, 13, e1, 02, 92, f7, c8, 96, 48, 5d, be, 6e, 3e, 6f, 9b, 3f, 4e, 3b, ef, 99, 06, 26, 4f, 3f, 9e] opening_bytes=111620
masked_selected_boolean_composition_checks=1024
arm_corrupt=false stage=commit_C2
semantic_round=0 checked=true
semantic_round=1 checked=true
semantic_round=2 checked=true
semantic_round=3 checked=true
semantic_round=4 checked=true
semantic_round=5 checked=true
semantic_round=6 checked=true
semantic_round=7 checked=true
semantic_round=8 checked=true
semantic_round=9 checked=true
full_domain_chord_reconstruction_points=1048576 nonzero_denominators=1048576
arm_corrupt=false pointwise_mismatches=0 prior_exact=true
relation_result=Ok(())
RESULT corrupt=false accepted=true checked_witness=true touched=0 body=38826 proof_id=[69, aa, ec, 49, 92, ff, 3d, d3, e7, c4, c8, c3, e8, ab, 19, f5, 27, 67, bd, 4f, ea, 06, 46, 65, 89, 44, 8b, 63, 56, 3c, 2f, 48] c1_root=[75, 25, 13, e1, 02, 92, f7, c8, 96, 48, 5d, be, 6e, 3e, 6f, 9b, 3f, 4e, 3b, ef, 99, 06, 26, 4f, 3f, 9e]
arm_corrupt=true stage=commit_C2
semantic_round=0 checked=true
semantic_round=1 checked=true
semantic_round=2 checked=true
semantic_round=3 checked=true
semantic_round=4 checked=true
semantic_round=5 checked=true
semantic_round=6 checked=true
semantic_round=7 checked=true
semantic_round=8 checked=true
semantic_round=9 checked=true
full_domain_chord_reconstruction_points=1048576 nonzero_denominators=1048576
arm_corrupt=true pointwise_mismatches=1 prior_exact=true
relation_result=Err(Terminal)
RESULT corrupt=true accepted=false checked_witness=true touched=1 body=39398 proof_id=[a0, c3, 23, df, e4, 70, 13, 7f, 84, a3, 4e, 1f, e4, 36, 40, 14, 1c, 25, 9f, a3, 11, 82, d8, 4e, cb, fb, 5a, de, 52, 14, dc, cd] c1_root=[75, 25, 13, e1, 02, 92, f7, c8, 96, 48, 5d, be, 6e, 3e, 6f, 9b, 3f, 4e, 3b, ef, 99, 06, 26, 4f, 3f, 9e]
seed=2
CANDIDATE window=0 checked_witness=true
GRAPH_PREFIX seed=2 checked_witness=true full_semantic_C1_codeword=true pre_lambda_chi=true stats=Stats { raw_queries: 1051764, unique_queries: 789620, raw_bytes: 238287374, walk_nodes: 524287, default_leaves: 0, index_hashes: 1051802, recompute_hashes: 524287 } seconds=15.107407
authentication_negative_controls=5 authenticated_changed_C1_decoder_rejected=true
authenticated_c1_recovered=true checked_witness=true root=[2c, f6, f1, e4, e2, 9c, 12, 55, 7d, 07, 02, be, fa, d3, 37, 72, f1, 85, b8, dc, d0, bf, d7, 9b, 95, a9] opening_bytes=111620
masked_selected_boolean_composition_checks=1024
arm_corrupt=false stage=commit_C2
semantic_round=0 checked=true
semantic_round=1 checked=true
semantic_round=2 checked=true
semantic_round=3 checked=true
semantic_round=4 checked=true
semantic_round=5 checked=true
semantic_round=6 checked=true
semantic_round=7 checked=true
semantic_round=8 checked=true
semantic_round=9 checked=true
full_domain_chord_reconstruction_points=1048576 nonzero_denominators=1048576
arm_corrupt=false pointwise_mismatches=0 prior_exact=true
relation_result=Ok(())
RESULT corrupt=false accepted=true checked_witness=true touched=1 body=39346 proof_id=[1f, 8c, f7, cc, 82, a8, 4e, 57, ff, df, 1e, ff, 23, e6, 78, 71, be, 45, 66, ef, 15, 7c, 1f, 05, 88, cc, cd, ec, 94, 4d, 9a, 1d] c1_root=[2c, f6, f1, e4, e2, 9c, 12, 55, 7d, 07, 02, be, fa, d3, 37, 72, f1, 85, b8, dc, d0, bf, d7, 9b, 95, a9]
arm_corrupt=true stage=commit_C2
semantic_round=0 checked=true
semantic_round=1 checked=true
semantic_round=2 checked=true
semantic_round=3 checked=true
semantic_round=4 checked=true
semantic_round=5 checked=true
semantic_round=6 checked=true
semantic_round=7 checked=true
semantic_round=8 checked=true
semantic_round=9 checked=true
full_domain_chord_reconstruction_points=1048576 nonzero_denominators=1048576
arm_corrupt=true pointwise_mismatches=1 prior_exact=true
relation_result=Err(Terminal)
RESULT corrupt=true accepted=false checked_witness=true touched=1 body=39346 proof_id=[31, ef, cc, e4, 11, 93, b9, ab, cf, 86, 53, dd, ab, 51, fa, ab, 73, 6f, 3a, c9, b6, aa, 66, e3, 9b, cc, db, 93, 72, 2c, a5, 42] c1_root=[2c, f6, f1, e4, e2, 9c, 12, 55, 7d, 07, 02, be, fa, d3, 37, 72, f1, 85, b8, dc, d0, bf, d7, 9b, 95, a9]
seed=3
CANDIDATE window=0 checked_witness=true
GRAPH_PREFIX seed=3 checked_witness=true full_semantic_C1_codeword=true pre_lambda_chi=true stats=Stats { raw_queries: 1051764, unique_queries: 789620, raw_bytes: 238287374, walk_nodes: 524287, default_leaves: 0, index_hashes: 1051802, recompute_hashes: 524287 } seconds=15.116587167
authentication_negative_controls=5 authenticated_changed_C1_decoder_rejected=true
authenticated_c1_recovered=true checked_witness=true root=[08, ca, 83, 0b, 1d, 5c, 86, 1d, cc, 3d, 4d, 5d, 22, c3, a5, 94, 5b, 1d, c9, 15, a2, a3, 28, fc, 84, dc] opening_bytes=111620
masked_selected_boolean_composition_checks=1024
arm_corrupt=false stage=commit_C2
semantic_round=0 checked=true
semantic_round=1 checked=true
semantic_round=2 checked=true
semantic_round=3 checked=true
semantic_round=4 checked=true
semantic_round=5 checked=true
semantic_round=6 checked=true
semantic_round=7 checked=true
semantic_round=8 checked=true
semantic_round=9 checked=true
full_domain_chord_reconstruction_points=1048576 nonzero_denominators=1048576
arm_corrupt=false pointwise_mismatches=0 prior_exact=true
relation_result=Ok(())
RESULT corrupt=false accepted=true checked_witness=true touched=2 body=39814 proof_id=[5a, 0f, 44, c4, 6d, 2e, b4, 8e, 3f, 14, 36, d8, 59, bb, aa, c7, 68, a3, 17, dc, 15, 43, 36, af, f6, 9b, 78, f5, e5, 71, b6, 93] c1_root=[08, ca, 83, 0b, 1d, 5c, 86, 1d, cc, 3d, 4d, 5d, 22, c3, a5, 94, 5b, 1d, c9, 15, a2, a3, 28, fc, 84, dc]
arm_corrupt=true stage=commit_C2
semantic_round=0 checked=true
semantic_round=1 checked=true
semantic_round=2 checked=true
semantic_round=3 checked=true
semantic_round=4 checked=true
semantic_round=5 checked=true
semantic_round=6 checked=true
semantic_round=7 checked=true
semantic_round=8 checked=true
semantic_round=9 checked=true
full_domain_chord_reconstruction_points=1048576 nonzero_denominators=1048576
arm_corrupt=true pointwise_mismatches=1 prior_exact=true
relation_result=Err(Terminal)
RESULT corrupt=true accepted=false checked_witness=true touched=1 body=39450 proof_id=[f5, 01, d1, f3, 07, b0, 59, d6, 48, ac, b0, 1c, cc, 3e, e4, 50, ab, cd, 14, cd, df, 53, 26, 6a, 25, 1d, 9b, 3b, 20, 9a, 66, 70] c1_root=[08, ca, 83, 0b, 1d, 5c, 86, 1d, cc, 3d, 4d, 5d, 22, c3, a5, 94, 5b, 1d, c9, 15, a2, a3, 28, fc, 84, dc]
seed=4
CANDIDATE window=0 checked_witness=true
GRAPH_PREFIX seed=4 checked_witness=true full_semantic_C1_codeword=true pre_lambda_chi=true stats=Stats { raw_queries: 1051764, unique_queries: 789620, raw_bytes: 238287374, walk_nodes: 524287, default_leaves: 0, index_hashes: 1051802, recompute_hashes: 524287 } seconds=15.525194833
authentication_negative_controls=5 authenticated_changed_C1_decoder_rejected=true
authenticated_c1_recovered=true checked_witness=true root=[aa, 8f, 80, ff, 3a, 9c, 74, 67, 64, d1, 00, ea, aa, 4f, 14, f2, ec, 55, f9, 79, bd, 1b, d1, 55, ac, 12] opening_bytes=111620
masked_selected_boolean_composition_checks=1024
arm_corrupt=false stage=commit_C2
semantic_round=0 checked=true
semantic_round=1 checked=true
semantic_round=2 checked=true
semantic_round=3 checked=true
semantic_round=4 checked=true
semantic_round=5 checked=true
semantic_round=6 checked=true
semantic_round=7 checked=true
semantic_round=8 checked=true
semantic_round=9 checked=true
full_domain_chord_reconstruction_points=1048576 nonzero_denominators=1048576
arm_corrupt=false pointwise_mismatches=0 prior_exact=true
relation_result=Ok(())
RESULT corrupt=false accepted=true checked_witness=true touched=0 body=38930 proof_id=[38, f3, 47, 13, 78, c2, 5c, 8e, 48, 70, ca, 9e, 35, c3, 06, eb, c5, 56, 69, 2e, 43, bf, b0, 19, df, ed, f7, 85, fe, 83, e3, c0] c1_root=[aa, 8f, 80, ff, 3a, 9c, 74, 67, 64, d1, 00, ea, aa, 4f, 14, f2, ec, 55, f9, 79, bd, 1b, d1, 55, ac, 12]
arm_corrupt=true stage=commit_C2
semantic_round=0 checked=true
semantic_round=1 checked=true
semantic_round=2 checked=true
semantic_round=3 checked=true
semantic_round=4 checked=true
semantic_round=5 checked=true
semantic_round=6 checked=true
semantic_round=7 checked=true
semantic_round=8 checked=true
semantic_round=9 checked=true
full_domain_chord_reconstruction_points=1048576 nonzero_denominators=1048576
arm_corrupt=true pointwise_mismatches=1 prior_exact=true
relation_result=Err(Terminal)
RESULT corrupt=true accepted=false checked_witness=true touched=1 body=39658 proof_id=[04, 60, 76, 6f, 6d, 8d, 08, 76, 1b, 81, 7a, f7, 00, 5e, da, 1f, 93, d6, 2a, 12, b3, a3, 6e, e1, 5d, e2, 20, 7a, a2, b1, e9, 1d] c1_root=[aa, 8f, 80, ff, 3a, 9c, 74, 67, 64, d1, 00, ea, aa, 4f, 14, f2, ec, 55, f9, 79, bd, 1b, d1, 55, ac, 12]
COMPLETE same_execution_access=frozen_C1_SHA_query_graph seconds=170.543715292
      170.94 real       169.67 user         0.56 sys
          1046216704  maximum resident set size
                   0  average shared memory size
                   0  average unshared data size
                   0  average unshared stack size
              106743  page reclaims
                   0  page faults
                   0  swaps
                   0  block input operations
                   0  block output operations
                   0  messages sent
                   0  messages received
                   0  signals received
                   0  voluntary context switches
               16509  involuntary context switches
       2403093706648  instructions retired
        637289875025  cycles elapsed
          1017742488  peak memory footprint
