Command: /usr/bin/time -l rustc --edition=2021 -O --cfg v8_payment_extraction --cfg v8_query_graph --cfg 'feature="insecure-spend-fixture"' -A dead_code docs/research/v8-no-work-100-20260907/experiments/relation_callback.rs --extern aspis_core=/tmp/libaspis_core_v8_callback.rlib --extern aspis_statement=/tmp/libaspis_statement_v8_semantic.rlib --extern sha2=/Users/dominic/ZK/target/debug/deps/libsha2-9283d442df0ffddb.rlib --extern zeroize=/Users/dominic/ZK/target/debug/deps/libzeroize-5c6dcd518b5da5ce.rlib --extern getrandom=/Users/dominic/ZK/target/debug/deps/libgetrandom-48a7cea969fbe812.rlib -L dependency=/tmp -L dependency=/Users/dominic/ZK/target/debug/deps -o /tmp/aspis-v8-query-graph
Exit: 0
        2.69 real         5.19 user         0.37 sys
           301006848  maximum resident set size
                   0  average shared memory size
                   0  average unshared data size
                   0  average unshared stack size
               29610  page reclaims
                9877  page faults
                   0  swaps
                   0  block input operations
                   0  block output operations
                   0  messages sent
                   0  messages received
                   2  signals received
                 839  voluntary context switches
               15324  involuntary context switches
         53047396140  instructions retired
         18589710940  cycles elapsed
           215892904  peak memory footprint
