Source base: 954b88948ba7a4aab809ec6d21e3524af033f148 + scoped working diff (final source hashes in radius-evidence.json).
Command: /usr/bin/time -l /tmp/aspis-v8-radius-strategy
Exit: 0
{
"geometry_checks":312500,
"field":11,"domain":8,"q":2,"corrupt_fibres":2,
"response0_strategies_enumerated":19487171,"tail_root_max":6,
"tail_nonzero_numerator":1206,"tail_denominator":1331,
"optimal_suffix_by_prior":[3936855, 3877105, 3876855, 3875480, 3875480, 3876230, 3875980, 3876855, 3875730, 3877230, 3876605],"suffix_denominator":4099480,
"gamma_row_cases":[{"case":0,"numerator":393685500,"denominator":409948000},{"case":1,"numerator":388249250,"denominator":409948000},{"case":2,"numerator":388866500,"denominator":409948000},{"case":3,"numerator":389152000,"denominator":409948000}],
"states_selecting_nonzero_final":110,"query_miss_numerator":15,"query_miss_denominator":28,
"wall_seconds":0.093645083,
"scope":"Exhaustive compact response and adaptive affine-final strategies in stated reduced game; four fixed component-row families with optimal pre-kappa inactive per gamma. No image-invalid targets, payment acceptance, or QM31 extrapolation."
}
        0.53 real         0.09 user         0.00 sys
             1572864  maximum resident set size
                   0  average shared memory size
                   0  average unshared data size
                   0  average unshared stack size
                 259  page reclaims
                   0  page faults
                   0  swaps
                   0  block input operations
                   0  block output operations
                   0  messages sent
                   0  messages received
                   0  signals received
                   0  voluntary context switches
                  97  involuntary context switches
          2111737876  instructions retired
           350055544  cycles elapsed
              999736  peak memory footprint
