Running as unit: aspis-v8-range-final-stress.scope; invocation ID: 4b2295aadf9742fba067592d3d15e353
GAMMA_CONTROLS canonical_profiles=16 maximal_limb_dot=true noncanonical_positions=152 short_inputs=2
STRUCTURED_CONTROLS entries=16384 terminals=64 affine_x_y=true inversion_zero_every_position=true
PERF_CONTROLS exact_public_weights=8192 allocation_free_carry=4104 zero_one_coordinates=true
PERF {"seed":0,"phase":"setup_compiler_encoder_matrix","seconds":1.426601461}
PERF {"seed":1,"phase":"masking","seconds":0.000480984}
PERF {"seed":1,"phase":"c1_encode","seconds":0.377040417}
PERF {"seed":1,"phase":"c1_salts_pack_tree","seconds":0.760460456}
PERF {"seed":1,"phase":"c2_helpers_encode","seconds":0.178027654}
PERF {"seed":1,"phase":"c2_pack_tree","seconds":0.364628094}
semantic_round=0 checked=true
semantic_round=1 checked=true
semantic_round=2 checked=true
semantic_round=3 checked=true
semantic_round=4 checked=true
semantic_round=5 checked=true
semantic_round=6 checked=true
semantic_round=7 checked=true
semantic_round=8 checked=true
semantic_round=9 checked=true
PERF {"seed":1,"phase":"semantic_producer_literal","seconds":1.9443216589999999}
PERF {"seed":1,"phase":"ood_transpose_quotient","seconds":0.007639567}
STRESS {"attempts":61024,"seconds":0.265760257,"frontier_each":296,"security_credit_bits":0}
PERF {"seed":1,"phase":"relation_openings_serialize","seconds":0.266777544}
PERF {"seed":1,"phase":"prover_total_excludes_setup","seconds":3.899434984}
PERF {"seed":1,"phase":"host_verify_from_public_bytes","seconds":0.000582621}
PERF {"seed":1,"accepted":true,"body_bytes":40282,"max_body_bytes":40282,"stress_nonce_attempts":61024,"security_credit_bits":0,"full_transaction_cu":null}
PERF {"seed":2,"phase":"masking","seconds":0.000493054}
PERF {"seed":2,"phase":"c1_encode","seconds":0.374633807}
PERF {"seed":2,"phase":"c1_salts_pack_tree","seconds":0.752533212}
PERF {"seed":2,"phase":"c2_helpers_encode","seconds":0.170652643}
PERF {"seed":2,"phase":"c2_pack_tree","seconds":0.367032156}
semantic_round=0 checked=true
semantic_round=1 checked=true
semantic_round=2 checked=true
semantic_round=3 checked=true
semantic_round=4 checked=true
semantic_round=5 checked=true
semantic_round=6 checked=true
semantic_round=7 checked=true
semantic_round=8 checked=true
semantic_round=9 checked=true
PERF {"seed":2,"phase":"semantic_producer_literal","seconds":1.9472328939999999}
PERF {"seed":2,"phase":"ood_transpose_quotient","seconds":0.007642746}
STRESS {"attempts":22062,"seconds":0.095882027,"frontier_each":296,"security_credit_bits":0}
PERF {"seed":2,"phase":"relation_openings_serialize","seconds":0.096878273}
PERF {"seed":2,"phase":"prover_total_excludes_setup","seconds":3.717168854}
PERF {"seed":2,"phase":"host_verify_from_public_bytes","seconds":0.000583382}
PERF {"seed":2,"accepted":true,"body_bytes":40282,"max_body_bytes":40282,"stress_nonce_attempts":22062,"security_credit_bits":0,"full_transaction_cu":null}
PERF {"seed":3,"phase":"masking","seconds":0.000465141}
PERF {"seed":3,"phase":"c1_encode","seconds":0.351348826}
PERF {"seed":3,"phase":"c1_salts_pack_tree","seconds":0.747784433}
PERF {"seed":3,"phase":"c2_helpers_encode","seconds":0.154611252}
PERF {"seed":3,"phase":"c2_pack_tree","seconds":0.360993815}
semantic_round=0 checked=true
semantic_round=1 checked=true
semantic_round=2 checked=true
semantic_round=3 checked=true
semantic_round=4 checked=true
semantic_round=5 checked=true
semantic_round=6 checked=true
semantic_round=7 checked=true
semantic_round=8 checked=true
semantic_round=9 checked=true
PERF {"seed":3,"phase":"semantic_producer_literal","seconds":1.95108169}
PERF {"seed":3,"phase":"ood_transpose_quotient","seconds":0.007549461}
STRESS {"attempts":414938,"seconds":1.814292633,"frontier_each":296,"security_credit_bits":0}
PERF {"seed":3,"phase":"relation_openings_serialize","seconds":1.815294718}
PERF {"seed":3,"phase":"prover_total_excludes_setup","seconds":5.389197414}
PERF {"seed":3,"phase":"host_verify_from_public_bytes","seconds":0.000589259}
PERF {"seed":3,"accepted":true,"body_bytes":40282,"max_body_bytes":40282,"stress_nonce_attempts":414938,"security_credit_bits":0,"full_transaction_cu":null}
	Command being timed: "env ASPIS_V8_MAX_FRONTIER_SCAN=1000000 /home/dombarker/project-offloads/aspis-v8-performance-20260908.scS2Jz/docs/research/v8-no-work-100-20260907/experiments/performance-host/target/release/aspis-v8-performance-host /home/dombarker/project-offloads/aspis-v8-performance-20260908.scS2Jz/fixture-range-max-frontier"
	User time (seconds): 14.31
	System time (seconds): 0.15
	Percent of CPU this job got: 99%
	Elapsed (wall clock) time (h:mm:ss or m:ss): 0:14.47
	Average shared text size (kbytes): 0
	Average unshared data size (kbytes): 0
	Average stack size (kbytes): 0
	Average total size (kbytes): 0
	Maximum resident set size (kbytes): 203012
	Average resident set size (kbytes): 0
	Major (requiring I/O) page faults: 0
	Minor (reclaiming a frame) page faults: 120394
	Voluntary context switches: 1
	Involuntary context switches: 66
	Swaps: 0
	File system inputs: 0
	File system outputs: 264
	Socket messages sent: 0
	Socket messages received: 0
	Signals delivered: 0
	Page size (bytes): 4096
	Exit status: 0
