PASS 75000 word/final pairs; 750000 exact q2 schedules; 3125 adaptive maximizations
Sharp B+d cases by B: [true, true, true, true, true, true]; zero-B false bound falsified by p=X, noise=[0,1,0,0,0]
        0.00 real         0.00 user         0.00 sys
             1589248  maximum resident set size
                   0  average shared memory size
                   0  average unshared data size
                   0  average unshared stack size
                 248  page reclaims
                  12  page faults
                   0  swaps
                   0  block input operations
                   0  block output operations
                   0  messages sent
                   0  messages received
                   0  signals received
                   4  voluntary context switches
                  21  involuntary context switches
            57388840  instructions retired
            17500979  cycles elapsed
             1016120  peak memory footprint
