PIN=bc945367d6b0d9a5b4cb2dc5a9ecad8ddcfb33ee
bc945367d6b0d9a5b4cb2dc5a9ecad8ddcfb33ee
CORE_SOURCE_TREE=8828bd0c92bec8c3e879c3b333e39015bd69abad
STATEMENT_SOURCE_TREE=9e4be1b88a2af4cf3f25fa8a0b5a195e6d2639e8
BUILD=/tmp/aspis-v8-transfer-zero.mlgDGg
rustc 1.93.0 (254b59607 2026-01-19)
binary: rustc
commit-hash: 254b59607d4417e9dffbc307138ae5c86280fe4c
commit-date: 2026-01-19
host: aarch64-apple-darwin
release: 1.93.0
LLVM version: 21.1.8
b3d1ffa815bb5228939119e0d5b8cc8e3e38f1ffc681a78a7ea2f9b47e6a0af1  /Users/dominic/ZK/.worktrees/ZK-v8-no-work-100-20260907/docs/research/v8-no-work-100-20260907/experiments/selected_transfer_zero.rs
56760c46ed56ace2756949efabc09f1a2b8880087c1b4dbb7da394a1cc54132f  /Users/dominic/ZK/.worktrees/ZK-v8-no-work-100-20260907/docs/research/v8-no-work-100-20260907/experiments/recovered_witness.rs
COMMAND: /Users/dominic/.cargo/bin/rustc --edition=2021 -O crates/aspis-core/build.rs -o /tmp/aspis-v8-transfer-zero.mlgDGg/circle-tables-generator
        0.54 real         0.25 user         0.18 sys
           123420672  maximum resident set size
                   0  average shared memory size
                   0  average unshared data size
                   0  average unshared stack size
               14248  page reclaims
                3911  page faults
                   0  swaps
                   0  block input operations
                   0  block output operations
                   0  messages sent
                   0  messages received
                   2  signals received
                 685  voluntary context switches
                2856  involuntary context switches
          2189940626  instructions retired
           901560746  cycles elapsed
            45695624  peak memory footprint
EXIT=0
COMMAND: env OUT_DIR=/tmp/aspis-v8-transfer-zero.mlgDGg /tmp/aspis-v8-transfer-zero.mlgDGg/circle-tables-generator
cargo:rerun-if-changed=build.rs
        0.62 real         0.17 user         0.01 sys
            10731520  maximum resident set size
                   0  average shared memory size
                   0  average unshared data size
                   0  average unshared stack size
                 962  page reclaims
                   1  page faults
                   0  swaps
                   0  block input operations
                   0  block output operations
                   0  messages sent
                   0  messages received
                   0  signals received
                   9  voluntary context switches
                1313  involuntary context switches
          1395621034  instructions retired
           527367212  cycles elapsed
            10158440  peak memory footprint
EXIT=0
7905b8c2a92c72a79a8a6c785a91ce162fb338569a02867f671d1910e21b6e0d  crates/aspis-core/build.rs
9db9976bb1fc1d795026bf647ccecb85ba1b9522bad71bbc8d0346271806a4de  /tmp/aspis-v8-transfer-zero.mlgDGg/circle_tables.rs
COMMAND: env OUT_DIR=/tmp/aspis-v8-transfer-zero.mlgDGg /Users/dominic/.cargo/bin/rustc --edition=2021 -O --crate-name aspis_core --crate-type rlib --cfg feature=\"v7-gamma-four-slot-block-audit\" crates/aspis-core/src/lib.rs -o /tmp/aspis-v8-transfer-zero.mlgDGg/libaspis_core.rlib
warning: function `verify_circle_layer0_opening_from_proof_deferred_canonical_for_depth_and_c2_leaf_bytes` is never used
   --> crates/aspis-core/src/circle_merkle.rs:419:15
    |
419 | pub(crate) fn verify_circle_layer0_opening_from_proof_deferred_canonical_for_depth_and_c2_leaf_bytes<
    |               ^^^^^^^^^^^^^^^^^^^^^^^^^^^^^^^^^^^^^^^^^^^^^^^^^^^^^^^^^^^^^^^^^^^^^^^^^^^^^^^^^^^^^^
    |
    = note: `#[warn(dead_code)]` (part of `#[warn(unused)]`) on by default

warning: function `verify_circle_openings_deferred_canonical` is never used
   --> crates/aspis-core/src/circle_openings.rs:993:15
    |
993 | pub(crate) fn verify_circle_openings_deferred_canonical<'a>(
    |               ^^^^^^^^^^^^^^^^^^^^^^^^^^^^^^^^^^^^^^^^^

warning: function `verify_radix4_minimal_subtree_prevalidated_in_place` is never used
   --> crates/aspis-core/src/merkle.rs:329:15
    |
329 | pub(crate) fn verify_radix4_minimal_subtree_prevalidated_in_place(
    |               ^^^^^^^^^^^^^^^^^^^^^^^^^^^^^^^^^^^^^^^^^^^^^^^^^^^

warning: 3 warnings emitted

        5.13 real        15.33 user         0.29 sys
           540753920  maximum resident set size
                   0  average shared memory size
                   0  average unshared data size
                   0  average unshared stack size
               65961  page reclaims
                 283  page faults
                   0  swaps
                   0  block input operations
                   0  block output operations
                   0  messages sent
                   0  messages received
                   2  signals received
                 154  voluntary context switches
               18001  involuntary context switches
        169415907686  instructions retired
         52658884339  cycles elapsed
           465519672  peak memory footprint
EXIT=0
COMMAND: /Users/dominic/.cargo/bin/rustc --edition=2021 -O --crate-name aspis_statement --crate-type rlib --cfg feature=\"spend-dynamic-rate512\" --cfg feature=\"pool-v1-kernel\" --cfg feature=\"pool-v1-pair-forest-packed-digest-audit\" --cfg feature=\"pool-v1-pair-forest-packed-digest-selector-tensor-audit\" --cfg feature=\"pool-v1-pair-forest-binary-copy-weights-audit\" --cfg feature=\"pool-v1-pair-forest-endpoint-selector-cache-audit\" --cfg feature=\"pool-v1-pair-forest-semantic-factor-audit\" --cfg feature=\"pool-v1-pair-forest-pattern-window-audit\" --cfg feature=\"pool-v1-pair-forest-copy-pattern-basis-audit\" --cfg feature=\"pool-v1-pair-forest-copy-selector-tensor-basis-audit\" --cfg feature=\"pool-v1-pair-forest-copy-tag-dot-basis-audit\" --cfg feature=\"pool-v1-pair-forest-copy-finish-dot-basis-audit\" --cfg feature=\"pool-v1-pair-forest-packed-range-audit\" --cfg feature=\"pool-v1-pair-forest-active-mask-basis-audit\" --extern aspis_core=/tmp/aspis-v8-transfer-zero.mlgDGg/libaspis_core.rlib -L dependency=/tmp/aspis-v8-transfer-zero.mlgDGg crates/aspis-statement/src/lib.rs -o /tmp/aspis-v8-transfer-zero.mlgDGg/libaspis_statement.rlib
warning: unused imports: `visit_copy_exceptional_terminal_links` and `visit_copy_terminal_links`
  --> crates/aspis-statement/src/constraints_v4.rs:32:5
   |
32 |     visit_copy_exceptional_terminal_links, visit_copy_links, visit_copy_terminal_links,
   |     ^^^^^^^^^^^^^^^^^^^^^^^^^^^^^^^^^^^^^                    ^^^^^^^^^^^^^^^^^^^^^^^^^
   |
   = note: `#[warn(unused_imports)]` (part of `#[warn(unused)]`) on by default

warning: unused import: `decode_pool_v1_pair_late_public_statement_v1`
  --> crates/aspis-statement/src/pool_v1/pair_forest_terminal.rs:15:5
   |
15 |     decode_pool_v1_pair_late_public_statement_v1, decode_pool_v1_pair_verified_afterstate_v1,
   |     ^^^^^^^^^^^^^^^^^^^^^^^^^^^^^^^^^^^^^^^^^^^^

warning: unused import: `pool_v1_note_commitment`
  --> crates/aspis-statement/src/pool_v1/pair_trace.rs:50:5
   |
50 |     pool_v1_note_commitment, pool_v1_nullifier, pool_v1_tree_parent,
   |     ^^^^^^^^^^^^^^^^^^^^^^^

warning: unused imports: `trace_round_constant` and `trace_round_descriptor`
  --> crates/aspis-statement/src/state_only_poseidon.rs:18:5
   |
18 |     trace_round_constant, trace_round_descriptor, EXTERNAL_FINAL, EXTERNAL_INITIAL, INTERNAL,
   |     ^^^^^^^^^^^^^^^^^^^^  ^^^^^^^^^^^^^^^^^^^^^^

warning: type `CompiledCopyLink` is more private than the item `COMPILED_COPY_LINKS`
   --> crates/aspis-statement/src/state_only_terminal_constants.rs:850:1
    |
850 | pub(crate) const COMPILED_COPY_LINKS: [CompiledCopyLink; 102] = [
    | ^^^^^^^^^^^^^^^^^^^^^^^^^^^^^^^^^^^^^^^^^^^^^^^^^^^^^^^^^^^^^ constant `COMPILED_COPY_LINKS` is reachable at visibility `pub(crate)`
    |
note: but type `CompiledCopyLink` is only usable at visibility `pub(self)`
   --> crates/aspis-statement/src/state_only_terminal.rs:88:1
    |
 88 | struct CompiledCopyLink {
    | ^^^^^^^^^^^^^^^^^^^^^^^
    = note: `#[warn(private_interfaces)]` on by default

warning: fields `kinds`, `columns`, and `scales` are never read
  --> crates/aspis-statement/src/atomic_state_only_terminal.rs:59:5
   |
57 | struct CompiledAtomicPattern {
   |        --------------------- fields in this struct
58 |     /// 0 = zero, 1 = constant, 2 = affine local cell.
59 |     kinds: [u8; 16],
   |     ^^^^^
60 |     columns: [u8; 16],
   |     ^^^^^^^
61 |     scales: [u32; 16],
   |     ^^^^^^
   |
   = note: `CompiledAtomicPattern` has a derived impl for the trait `Clone`, but this is intentionally ignored during dead code analysis
   = note: `#[warn(dead_code)]` (part of `#[warn(unused)]`) on by default

warning: fields `row`, `slot`, and `pattern` are never read
  --> crates/aspis-statement/src/atomic_state_only_terminal.rs:67:5
   |
66 | struct CompiledAtomicCopyEndpoint {
   |        -------------------------- fields in this struct
67 |     row: u16,
   |     ^^^
68 |     slot: u8,
   |     ^^^^
69 |     pattern: u8,
   |     ^^^^^^^
   |
   = note: `CompiledAtomicCopyEndpoint` has a derived impl for the trait `Clone`, but this is intentionally ignored during dead code analysis

warning: fields `tag`, `producer`, and `consumer` are never read
  --> crates/aspis-statement/src/atomic_state_only_terminal.rs:74:5
   |
73 | struct CompiledAtomicCopyLink {
   |        ---------------------- fields in this struct
74 |     tag: u32,
   |     ^^^
75 |     producer: CompiledAtomicCopyEndpoint,
   |     ^^^^^^^^
76 |     consumer: CompiledAtomicCopyEndpoint,
   |     ^^^^^^^^
   |
   = note: `CompiledAtomicCopyLink` has a derived impl for the trait `Clone`, but this is intentionally ignored during dead code analysis

warning: struct `AtomicSemanticSelectors` is never constructed
   --> crates/aspis-statement/src/atomic_state_only_terminal.rs:297:8
    |
297 | struct AtomicSemanticSelectors {
    |        ^^^^^^^^^^^^^^^^^^^^^^^

warning: associated items `at_point`, `row`, and `poseidon` are never used
   --> crates/aspis-statement/src/atomic_state_only_terminal.rs:305:8
    |
304 | impl AtomicSemanticSelectors {
    | ---------------------------- associated items in this implementation
305 |     fn at_point(point: &[QM31; 10]) -> Self {
    |        ^^^^^^^^
...
327 |     fn row(&self, row: usize) -> QM31 {
    |        ^^^
...
331 |     fn poseidon(&self) -> StateOnlyPoseidonSelectors {
    |        ^^^^^^^^

warning: constant `COMPILED_ATOMIC_COPY_ACTIVE_ROWS` is never used
 --> crates/aspis-statement/src/atomic_state_only_terminal_constants_legacy_partition.rs:6:18
  |
6 | pub(crate) const COMPILED_ATOMIC_COPY_ACTIVE_ROWS: [u16; 210] = [11, 12, 27, 28, 32, 43, 44, 48, 59, 60, 64, 75, 76, 80, 91, 92, 96, 107,...
  |                  ^^^^^^^^^^^^^^^^^^^^^^^^^^^^^^^^

warning: constant `COMPILED_ATOMIC_COPY_ACTIVE_ROWS_FINGERPRINT` is never used
 --> crates/aspis-statement/src/atomic_state_only_terminal_constants_legacy_partition.rs:7:18
  |
7 | pub(crate) const COMPILED_ATOMIC_COPY_ACTIVE_ROWS_FINGERPRINT: u64 = 0xfc90f89be110b6f5;
  |                  ^^^^^^^^^^^^^^^^^^^^^^^^^^^^^^^^^^^^^^^^^^^^

warning: constant `ATOMIC_COPY_PATTERNS` is never used
  --> crates/aspis-statement/src/atomic_state_only_terminal_constants_legacy_partition.rs:16:18
   |
16 | pub(crate) const ATOMIC_COPY_PATTERNS: [CompiledAtomicPattern; 15] = [
   |                  ^^^^^^^^^^^^^^^^^^^^

warning: constant `COMPILED_ATOMIC_COPY_LINKS` is never used
  --> crates/aspis-statement/src/atomic_state_only_terminal_constants_legacy_partition.rs:40:18
   |
40 | pub(crate) const COMPILED_ATOMIC_COPY_LINKS: [CompiledAtomicCopyLink; 183] = [
   |                  ^^^^^^^^^^^^^^^^^^^^^^^^^^

warning: function `compose_direct_range_terminal_packed_residuals` is never used
   --> crates/aspis-statement/src/constraints_v4.rs:371:4
    |
371 | fn compose_direct_range_terminal_packed_residuals(
    |    ^^^^^^^^^^^^^^^^^^^^^^^^^^^^^^^^^^^^^^^^^^^^^^

warning: function `eq_row` is never used
   --> crates/aspis-statement/src/constraints_v4.rs:588:4
    |
588 | fn eq_row(point: &[QM31; 10], row: usize) -> QM31 {
    |    ^^^^^^

warning: function `compress_opened_tuple` is never used
    --> crates/aspis-statement/src/constraints_v4.rs:1184:4
     |
1184 | fn compress_opened_tuple(
     |    ^^^^^^^^^^^^^^^^^^^^^

warning: constant `COPY_ROUTING_EXPANDED_FACTOR_SUPPORT` is never used
    --> crates/aspis-statement/src/constraints_v4.rs:1203:7
     |
1203 | const COPY_ROUTING_EXPANDED_FACTOR_SUPPORT: usize = 674;
     |       ^^^^^^^^^^^^^^^^^^^^^^^^^^^^^^^^^^^^

warning: function `evaluate_exceptional_copy_routing_direct` is never used
    --> crates/aspis-statement/src/constraints_v4.rs:1717:4
     |
1717 | fn evaluate_exceptional_copy_routing_direct(
     |    ^^^^^^^^^^^^^^^^^^^^^^^^^^^^^^^^^^^^^^^^

warning: function `lift` is never used
  --> crates/aspis-statement/src/direct_range_hiding_v4.rs:67:4
   |
67 | fn lift(value: M31) -> QM31 {
   |    ^^^^

warning: fields `kinds`, `columns`, and `offsets` are never read
  --> crates/aspis-statement/src/pool_v1/pair_forest_copy_terminal.rs:82:5
   |
80 | struct CompiledPoolV1PairForestPattern {
   |        ------------------------------- fields in this struct
81 |     /// 0 = zero, 1 = row-local C1 cell plus a canonical M31 offset.
82 |     kinds: [u8; POSEIDON2_WIDTH],
   |     ^^^^^
83 |     columns: [u8; POSEIDON2_WIDTH],
   |     ^^^^^^^
84 |     offsets: [u32; POSEIDON2_WIDTH],
   |     ^^^^^^^
   |
   = note: `CompiledPoolV1PairForestPattern` has a derived impl for the trait `Clone`, but this is intentionally ignored during dead code analysis

warning: function `add_binary_weight` is never used
   --> crates/aspis-statement/src/pool_v1/pair_forest_copy_terminal.rs:384:4
    |
384 | fn add_binary_weight(sum: QM31, selector: QM31, weight: M31) -> QM31 {
    |    ^^^^^^^^^^^^^^^^^

warning: struct `EndpointSelectorCache` is never constructed
   --> crates/aspis-statement/src/pool_v1/pair_forest_copy_terminal.rs:396:8
    |
396 | struct EndpointSelectorCache {
    |        ^^^^^^^^^^^^^^^^^^^^^

warning: associated items `new` and `selector` are never used
   --> crates/aspis-statement/src/pool_v1/pair_forest_copy_terminal.rs:403:8
    |
402 | impl EndpointSelectorCache {
    | -------------------------- associated items in this implementation
403 |     fn new() -> Self {
    |        ^^^
...
411 |     fn selector(&mut self, row: u16, selectors: &Selectors) -> QM31 {
    |        ^^^^^^^^

warning: function `accumulate_endpoint` is never used
   --> crates/aspis-statement/src/pool_v1/pair_forest_copy_terminal.rs:424:4
    |
424 | fn accumulate_endpoint(
    |    ^^^^^^^^^^^^^^^^^^^

warning: constant `COPY_PATTERN_GROUP_SUPPORT` is never used
   --> crates/aspis-statement/src/pool_v1/pair_forest_copy_terminal.rs:456:7
    |
456 | const COPY_PATTERN_GROUP_SUPPORT: [u16; 4] = [0x0ed7, 0x2042, 0x1dcb, 0x01e2];
    |       ^^^^^^^^^^^^^^^^^^^^^^^^^^

warning: constant `COPY_PATTERN_COORDINATES` is never used
   --> crates/aspis-statement/src/pool_v1/pair_forest_copy_terminal.rs:458:7
    |
458 | const COPY_PATTERN_COORDINATES: [[u8; POOL_V1_PAIR_FOREST_COPY_TERMINAL_PATTERNS_V1]; 4] = [
    |       ^^^^^^^^^^^^^^^^^^^^^^^^

warning: constant `COPY_SELECTOR_TENSOR_TAG_OFFSET` is never used
   --> crates/aspis-statement/src/pool_v1/pair_forest_copy_terminal.rs:593:7
    |
593 | const COPY_SELECTOR_TENSOR_TAG_OFFSET: usize = 0;
    |       ^^^^^^^^^^^^^^^^^^^^^^^^^^^^^^^

warning: function `accumulate_endpoint_pattern_basis` is never used
   --> crates/aspis-statement/src/pool_v1/pair_forest_copy_terminal.rs:742:4
    |
742 | fn accumulate_endpoint_pattern_basis(
    |    ^^^^^^^^^^^^^^^^^^^^^^^^^^^^^^^^^

warning: function `add_digest_binding_packed` is never used
   --> crates/aspis-statement/src/pool_v1/pair_forest_semantic_terminal.rs:705:4
    |
705 | fn add_digest_binding_packed(
    |    ^^^^^^^^^^^^^^^^^^^^^^^^^

warning: function `merkle_node_sponge_v2` is never used
   --> crates/aspis-statement/src/poseidon2.rs:480:15
    |
480 | pub(crate) fn merkle_node_sponge_v2(left: &Digest, right: &Digest) -> Digest {
    |               ^^^^^^^^^^^^^^^^^^^^^

warning: fields `row`, `slot`, `present`, and `columns` are never read
  --> crates/aspis-statement/src/state_only_terminal.rs:81:5
   |
80 | struct CompiledCopyEndpoint {
   |        -------------------- fields in this struct
81 |     row: u16,
   |     ^^^
82 |     slot: u8,
   |     ^^^^
83 |     present: u16,
   |     ^^^^^^^
84 |     columns: u64,
   |     ^^^^^^^
   |
   = note: `CompiledCopyEndpoint` has a derived impl for the trait `Clone`, but this is intentionally ignored during dead code analysis

warning: fields `tag`, `producer`, and `consumer` are never read
  --> crates/aspis-statement/src/state_only_terminal.rs:89:5
   |
88 | struct CompiledCopyLink {
   |        ---------------- fields in this struct
89 |     tag: u32,
   |     ^^^
90 |     producer: CompiledCopyEndpoint,
   |     ^^^^^^^^
91 |     consumer: CompiledCopyEndpoint,
   |     ^^^^^^^^
   |
   = note: `CompiledCopyLink` has a derived impl for the trait `Clone`, but this is intentionally ignored during dead code analysis

warning: function `append_link` is never used
    --> crates/aspis-statement/src/trace_v4.rs:1017:4
     |
1017 | fn append_link(
     |    ^^^^^^^^^^^

warning: function `append_intra_permutation_links` is never used
    --> crates/aspis-statement/src/trace_v4.rs:1048:4
     |
1048 | fn append_intra_permutation_links(layout: &mut CopyLayout) {
     |    ^^^^^^^^^^^^^^^^^^^^^^^^^^^^^^

warning: function `append_sponge_continuation_links` is never used
    --> crates/aspis-statement/src/trace_v4.rs:1067:4
     |
1067 | fn append_sponge_continuation_links(layout: &mut CopyLayout) {
     |    ^^^^^^^^^^^^^^^^^^^^^^^^^^^^^^^^

warning: function `append_merkle_level_links` is never used
    --> crates/aspis-statement/src/trace_v4.rs:1090:4
     |
1090 | fn append_merkle_level_links(layout: &mut CopyLayout) {
     |    ^^^^^^^^^^^^^^^^^^^^^^^^^

warning: function `append_semantic_ingress_links` is never used
    --> crates/aspis-statement/src/trace_v4.rs:1107:4
     |
1107 | fn append_semantic_ingress_links(layout: &mut CopyLayout) {
     |    ^^^^^^^^^^^^^^^^^^^^^^^^^^^^^

warning: function `append_absorption_links` is never used
    --> crates/aspis-statement/src/trace_v4.rs:1163:4
     |
1163 | fn append_absorption_links(layout: &mut CopyLayout) {
     |    ^^^^^^^^^^^^^^^^^^^^^^^

warning: function `append_value_reconstruction_links` is never used
    --> crates/aspis-statement/src/trace_v4.rs:1190:4
     |
1190 | fn append_value_reconstruction_links(layout: &mut CopyLayout) {
     |    ^^^^^^^^^^^^^^^^^^^^^^^^^^^^^^^^^

warning: 40 warnings emitted

        9.71 real        41.87 user         0.44 sys
           692436992  maximum resident set size
                   0  average shared memory size
                   0  average unshared data size
                   0  average unshared stack size
               75707  page reclaims
                 105  page faults
                   0  swaps
                   0  block input operations
                   0  block output operations
                   0  messages sent
                   0  messages received
                   2  signals received
                 190  voluntary context switches
               42037  involuntary context switches
        464528154242  instructions retired
        140257238806  cycles elapsed
           616612968  peak memory footprint
EXIT=0
COMMAND: /Users/dominic/.cargo/bin/rustc --edition=2021 -O -C overflow-checks=yes -A dead_code /Users/dominic/ZK/.worktrees/ZK-v8-no-work-100-20260907/docs/research/v8-no-work-100-20260907/experiments/selected_transfer_zero.rs --extern aspis_core=/tmp/aspis-v8-transfer-zero.mlgDGg/libaspis_core.rlib --extern aspis_statement=/tmp/aspis-v8-transfer-zero.mlgDGg/libaspis_statement.rlib -L dependency=/tmp/aspis-v8-transfer-zero.mlgDGg -o /tmp/aspis-v8-transfer-zero.mlgDGg/selected-transfer-zero
error[E0603]: constant `DOMAIN_NOTE` is private
  --> /Users/dominic/ZK/.worktrees/ZK-v8-no-work-100-20260907/docs/research/v8-no-work-100-20260907/experiments/selected_transfer_zero.rs:55:34
   |
55 |     state[8] = statement::spend::DOMAIN_NOTE; state[9] = M31(18);
   |                                  ^^^^^^^^^^^ private constant
   |
note: the constant `DOMAIN_NOTE` is defined here
  --> /Users/dominic/ZK/.worktrees/ZK-v8-no-work-100-20260907/crates/aspis-statement/src/spend.rs:16:1
   |
16 | pub(crate) const DOMAIN_NOTE: M31 = M31(0x4153_0003);
   | ^^^^^^^^^^^^^^^^^^^^^^^^^^^^^^^^^

error[E0560]: struct `CM31` has no field named `re`
   --> /Users/dominic/ZK/.worktrees/ZK-v8-no-work-100-20260907/docs/research/v8-no-work-100-20260907/experiments/selected_transfer_zero.rs:151:31
    |
151 |     let lambda=QM31 {c0:CM31 {re:M31(11),im:M31(13)},c1:CM31 {re:M31(17),im:M31(19)}};
    |                               ^^ `CM31` does not have this field
    |
    = note: available fields are: `a`, `b`

error[E0560]: struct `CM31` has no field named `im`
   --> /Users/dominic/ZK/.worktrees/ZK-v8-no-work-100-20260907/docs/research/v8-no-work-100-20260907/experiments/selected_transfer_zero.rs:151:42
    |
151 |     let lambda=QM31 {c0:CM31 {re:M31(11),im:M31(13)},c1:CM31 {re:M31(17),im:M31(19)}};
    |                                          ^^ `CM31` does not have this field
    |
    = note: available fields are: `a`, `b`

error[E0560]: struct `CM31` has no field named `re`
   --> /Users/dominic/ZK/.worktrees/ZK-v8-no-work-100-20260907/docs/research/v8-no-work-100-20260907/experiments/selected_transfer_zero.rs:151:63
    |
151 |     let lambda=QM31 {c0:CM31 {re:M31(11),im:M31(13)},c1:CM31 {re:M31(17),im:M31(19)}};
    |                                                               ^^ `CM31` does not have this field
    |
    = note: available fields are: `a`, `b`

error[E0560]: struct `CM31` has no field named `im`
   --> /Users/dominic/ZK/.worktrees/ZK-v8-no-work-100-20260907/docs/research/v8-no-work-100-20260907/experiments/selected_transfer_zero.rs:151:74
    |
151 |     let lambda=QM31 {c0:CM31 {re:M31(11),im:M31(13)},c1:CM31 {re:M31(17),im:M31(19)}};
    |                                                                          ^^ `CM31` does not have this field
    |
    = note: available fields are: `a`, `b`

error[E0560]: struct `CM31` has no field named `re`
   --> /Users/dominic/ZK/.worktrees/ZK-v8-no-work-100-20260907/docs/research/v8-no-work-100-20260907/experiments/selected_transfer_zero.rs:152:28
    |
152 |     let chi=QM31 {c0:CM31 {re:M31(31),im:M31(37)},c1:CM31 {re:M31(41),im:M31(43)}};
    |                            ^^ `CM31` does not have this field
    |
    = note: available fields are: `a`, `b`

error[E0560]: struct `CM31` has no field named `im`
   --> /Users/dominic/ZK/.worktrees/ZK-v8-no-work-100-20260907/docs/research/v8-no-work-100-20260907/experiments/selected_transfer_zero.rs:152:39
    |
152 |     let chi=QM31 {c0:CM31 {re:M31(31),im:M31(37)},c1:CM31 {re:M31(41),im:M31(43)}};
    |                                       ^^ `CM31` does not have this field
    |
    = note: available fields are: `a`, `b`

error[E0560]: struct `CM31` has no field named `re`
   --> /Users/dominic/ZK/.worktrees/ZK-v8-no-work-100-20260907/docs/research/v8-no-work-100-20260907/experiments/selected_transfer_zero.rs:152:60
    |
152 |     let chi=QM31 {c0:CM31 {re:M31(31),im:M31(37)},c1:CM31 {re:M31(41),im:M31(43)}};
    |                                                            ^^ `CM31` does not have this field
    |
    = note: available fields are: `a`, `b`

error[E0560]: struct `CM31` has no field named `im`
   --> /Users/dominic/ZK/.worktrees/ZK-v8-no-work-100-20260907/docs/research/v8-no-work-100-20260907/experiments/selected_transfer_zero.rs:152:71
    |
152 |     let chi=QM31 {c0:CM31 {re:M31(31),im:M31(37)},c1:CM31 {re:M31(41),im:M31(43)}};
    |                                                                       ^^ `CM31` does not have this field
    |
    = note: available fields are: `a`, `b`

error[E0560]: struct `CM31` has no field named `re`
   --> /Users/dominic/ZK/.worktrees/ZK-v8-no-work-100-20260907/docs/research/v8-no-work-100-20260907/experiments/selected_transfer_zero.rs:153:30
    |
153 |     let theta=QM31 {c0:CM31 {re:M31(47),im:M31(53)},c1:CM31 {re:M31(59),im:M31(61)}};
    |                              ^^ `CM31` does not have this field
    |
    = note: available fields are: `a`, `b`

error[E0560]: struct `CM31` has no field named `im`
   --> /Users/dominic/ZK/.worktrees/ZK-v8-no-work-100-20260907/docs/research/v8-no-work-100-20260907/experiments/selected_transfer_zero.rs:153:41
    |
153 |     let theta=QM31 {c0:CM31 {re:M31(47),im:M31(53)},c1:CM31 {re:M31(59),im:M31(61)}};
    |                                         ^^ `CM31` does not have this field
    |
    = note: available fields are: `a`, `b`

error[E0560]: struct `CM31` has no field named `re`
   --> /Users/dominic/ZK/.worktrees/ZK-v8-no-work-100-20260907/docs/research/v8-no-work-100-20260907/experiments/selected_transfer_zero.rs:153:62
    |
153 |     let theta=QM31 {c0:CM31 {re:M31(47),im:M31(53)},c1:CM31 {re:M31(59),im:M31(61)}};
    |                                                              ^^ `CM31` does not have this field
    |
    = note: available fields are: `a`, `b`

error[E0560]: struct `CM31` has no field named `im`
   --> /Users/dominic/ZK/.worktrees/ZK-v8-no-work-100-20260907/docs/research/v8-no-work-100-20260907/experiments/selected_transfer_zero.rs:153:73
    |
153 |     let theta=QM31 {c0:CM31 {re:M31(47),im:M31(53)},c1:CM31 {re:M31(59),im:M31(61)}};
    |                                                                         ^^ `CM31` does not have this field
    |
    = note: available fields are: `a`, `b`

error: aborting due to 13 previous errors

Some errors have detailed explanations: E0560, E0603.
For more information about an error, try `rustc --explain E0560`.
        0.08 real         0.05 user         0.01 sys
           118767616  maximum resident set size
                   0  average shared memory size
                   0  average unshared data size
                   0  average unshared stack size
                8624  page reclaims
                  64  page faults
                   0  swaps
                   0  block input operations
                   0  block output operations
                   0  messages sent
                   0  messages received
                   0  signals received
                   1  voluntary context switches
                 116  involuntary context switches
           624692283  instructions retired
           216753117  cycles elapsed
            37782152  peak memory footprint
EXIT=1
