Running as unit: aspis-v8-structured-final-prover.scope; invocation ID: 17a3ab9c90f94318876ebada4b1b18ff
GAMMA_CONTROLS canonical_profiles=16 maximal_limb_dot=true noncanonical_positions=152 short_inputs=2
STRUCTURED_CONTROLS entries=16384 terminals=64 affine_x_y=true inversion_zero_every_position=true
PERF_CONTROLS exact_public_weights=8192 allocation_free_carry=4104 zero_one_coordinates=true
PERF {"seed":0,"phase":"setup_compiler_encoder_matrix","seconds":1.384833856}
PERF {"seed":1,"phase":"masking","seconds":0.000470815}
PERF {"seed":1,"phase":"c1_encode","seconds":0.375009786}
PERF {"seed":1,"phase":"c1_salts_pack_tree","seconds":0.757695456}
PERF {"seed":1,"phase":"c2_helpers_encode","seconds":0.14570785}
PERF {"seed":1,"phase":"c2_pack_tree","seconds":0.367640397}
semantic_round=0 checked=true
semantic_round=1 checked=true
semantic_round=2 checked=true
semantic_round=3 checked=true
semantic_round=4 checked=true
semantic_round=5 checked=true
semantic_round=6 checked=true
semantic_round=7 checked=true
semantic_round=8 checked=true
semantic_round=9 checked=true
PERF {"seed":1,"phase":"semantic_producer_literal","seconds":2.381546665}
PERF {"seed":1,"phase":"ood_transpose_quotient","seconds":0.008569045}
PERF {"seed":1,"phase":"relation_openings_serialize","seconds":0.001040243}
PERF {"seed":1,"phase":"prover_total_excludes_setup","seconds":4.03774351}
PERF {"seed":1,"phase":"host_verify_from_public_bytes","seconds":0.00059951}
PERF {"seed":1,"accepted":true,"body_bytes":39502,"max_body_bytes":40282,"grinding_attempts":0,"full_transaction_cu":null}
PERF {"seed":2,"phase":"masking","seconds":0.000476234}
PERF {"seed":2,"phase":"c1_encode","seconds":0.356665383}
PERF {"seed":2,"phase":"c1_salts_pack_tree","seconds":0.747010588}
PERF {"seed":2,"phase":"c2_helpers_encode","seconds":0.15071804}
PERF {"seed":2,"phase":"c2_pack_tree","seconds":0.381175341}
semantic_round=0 checked=true
semantic_round=1 checked=true
semantic_round=2 checked=true
semantic_round=3 checked=true
semantic_round=4 checked=true
semantic_round=5 checked=true
semantic_round=6 checked=true
semantic_round=7 checked=true
semantic_round=8 checked=true
semantic_round=9 checked=true
PERF {"seed":2,"phase":"semantic_producer_literal","seconds":2.385671456}
PERF {"seed":2,"phase":"ood_transpose_quotient","seconds":0.008497725}
PERF {"seed":2,"phase":"relation_openings_serialize","seconds":0.001019051}
PERF {"seed":2,"phase":"prover_total_excludes_setup","seconds":4.03130108}
PERF {"seed":2,"phase":"host_verify_from_public_bytes","seconds":0.000619609}
PERF {"seed":2,"accepted":true,"body_bytes":39606,"max_body_bytes":40282,"grinding_attempts":0,"full_transaction_cu":null}
PERF {"seed":3,"phase":"masking","seconds":0.00046421}
PERF {"seed":3,"phase":"c1_encode","seconds":0.351936507}
PERF {"seed":3,"phase":"c1_salts_pack_tree","seconds":0.754917868}
PERF {"seed":3,"phase":"c2_helpers_encode","seconds":0.133994522}
PERF {"seed":3,"phase":"c2_pack_tree","seconds":0.360002604}
semantic_round=0 checked=true
semantic_round=1 checked=true
semantic_round=2 checked=true
semantic_round=3 checked=true
semantic_round=4 checked=true
semantic_round=5 checked=true
semantic_round=6 checked=true
semantic_round=7 checked=true
semantic_round=8 checked=true
semantic_round=9 checked=true
PERF {"seed":3,"phase":"semantic_producer_literal","seconds":2.384693302}
PERF {"seed":3,"phase":"ood_transpose_quotient","seconds":0.00848748}
PERF {"seed":3,"phase":"relation_openings_serialize","seconds":0.001003374}
PERF {"seed":3,"phase":"prover_total_excludes_setup","seconds":3.995572891}
PERF {"seed":3,"phase":"host_verify_from_public_bytes","seconds":0.000580059}
PERF {"seed":3,"accepted":true,"body_bytes":39606,"max_body_bytes":40282,"grinding_attempts":0,"full_transaction_cu":null}
	Command being timed: "/home/dombarker/project-offloads/aspis-v8-performance-20260908.scS2Jz/docs/research/v8-no-work-100-20260907/experiments/performance-host/target/release/aspis-v8-performance-host /home/dombarker/project-offloads/aspis-v8-performance-20260908.scS2Jz/fixture-structured-final"
	User time (seconds): 13.35
	System time (seconds): 0.13
	Percent of CPU this job got: 99%
	Elapsed (wall clock) time (h:mm:ss or m:ss): 0:13.49
	Average shared text size (kbytes): 0
	Average unshared data size (kbytes): 0
	Average stack size (kbytes): 0
	Average total size (kbytes): 0
	Maximum resident set size (kbytes): 202940
	Average resident set size (kbytes): 0
	Major (requiring I/O) page faults: 0
	Minor (reclaiming a frame) page faults: 120316
	Voluntary context switches: 5
	Involuntary context switches: 74
	Swaps: 0
	File system inputs: 0
	File system outputs: 264
	Socket messages sent: 0
	Socket messages received: 0
	Signals delivered: 0
	Page size (bytes): 4096
	Exit status: 0
