info: r56_focused: no previous manifest, creating one from scratch
info: toolchain not updated; already up-to-date
'AspisV8R19.PartialProduct.partial_mod' depends on axioms: [propext]
'AspisV8R19.PartialProduct.partial_bound' depends on axioms: [propext, Quot.sound]
'AspisV8R19.PartialProduct.product_bound' does not depend on any axioms
'AspisV8R19.PartialProduct.intermediate_bounds' depends on axioms: [propext, Classical.choice, Quot.sound]
'AspisV8R19.PartialProduct.reconstruction_bounds' depends on axioms: [propext, Classical.choice, Quot.sound]
'AspisV8R19.PartialProduct.offset_vanishes' depends on axioms: [propext]
'AspisV8R19.PartialProduct.source_fold' depends on axioms: [propext, Classical.choice, Quot.sound]
'AspisV8R19.PartialProduct.partial_cast' depends on axioms: [propext, Quot.sound]
'AspisV8R19.PartialProduct.reconstruction_residues' depends on axioms: [propext, Quot.sound]
	Command being timed: "/home/dombarker/.elan/bin/lake env lean -R /home/dombarker/project-offloads/aspis-r56-lean-src-20260929-a -o /home/dombarker/project-offloads/aspis-r56-lean-20260929-b/lib/AspisV8R19/PartialProduct.olean /home/dombarker/project-offloads/aspis-r56-lean-src-20260929-a/AspisV8R19/PartialProduct.lean"
	User time (seconds): 1.45
	System time (seconds): 0.95
	Percent of CPU this job got: 116%
	Elapsed (wall clock) time (h:mm:ss or m:ss): 0:02.07
	Average shared text size (kbytes): 0
	Average unshared data size (kbytes): 0
	Average stack size (kbytes): 0
	Average total size (kbytes): 0
	Maximum resident set size (kbytes): 3239996
	Average resident set size (kbytes): 0
	Major (requiring I/O) page faults: 0
	Minor (reclaiming a frame) page faults: 119844
	Voluntary context switches: 2075
	Involuntary context switches: 99
	Swaps: 0
	File system inputs: 0
	File system outputs: 528
	Socket messages sent: 0
	Socket messages received: 0
	Signals delivered: 0
	Page size (bytes): 4096
	Exit status: 0
