Warning: Permanently added '100.108.41.90' (ED25519) to the list of known hosts.
Running as unit: aspis-focus-1791158936579752000-d90a73a9bee2.service; invocation ID: 6fd1b2654a7f4a2fa587b964f1df27c3
/home/dombarker/project-offloads/aspis-r57-lean-src-20260929-a/AspisV8R19/R823ActiveLowerZeroDispatcher.lean:71:49: error(lean.unknownIdentifier): Unknown identifier `activePosition`

Note: It is not possible to treat `activePosition` as an implicitly bound variable here because the `autoImplicit` option is set to `false`.
/home/dombarker/project-offloads/aspis-r57-lean-src-20260929-a/AspisV8R19/R823ActiveLowerZeroDispatcher.lean:72:23: error(lean.unknownIdentifier): Unknown identifier `activePosition`

Note: It is not possible to treat `activePosition` as an implicitly bound variable here because the `autoImplicit` option is set to `false`.
/home/dombarker/project-offloads/aspis-r57-lean-src-20260929-a/AspisV8R19/R823ActiveLowerZeroDispatcher.lean:76:30: error(lean.unknownIdentifier): Unknown identifier `activePosition`
/home/dombarker/project-offloads/aspis-r57-lean-src-20260929-a/AspisV8R19/R823ActiveLowerZeroDispatcher.lean:80:32: error(lean.unknownIdentifier): Unknown identifier `activePosition`
/home/dombarker/project-offloads/aspis-r57-lean-src-20260929-a/AspisV8R19/R823ActiveLowerZeroDispatcher.lean:84:11: error(lean.unknownIdentifier): Unknown identifier `activePosition`
/home/dombarker/project-offloads/aspis-r57-lean-src-20260929-a/AspisV8R19/R823ActiveLowerZeroDispatcher.lean:87:30: error(lean.unknownIdentifier): Unknown identifier `activePosition`
/home/dombarker/project-offloads/aspis-r57-lean-src-20260929-a/AspisV8R19/R823ActiveLowerZeroDispatcher.lean:91:32: error(lean.unknownIdentifier): Unknown identifier `activePosition`
/home/dombarker/project-offloads/aspis-r57-lean-src-20260929-a/AspisV8R19/R823ActiveLowerZeroDispatcher.lean:95:11: error(lean.unknownIdentifier): Unknown identifier `activePosition`
/home/dombarker/project-offloads/aspis-r57-lean-src-20260929-a/AspisV8R19/R823ActiveLowerZeroDispatcher.lean:98:30: error(lean.unknownIdentifier): Unknown identifier `activePosition`
/home/dombarker/project-offloads/aspis-r57-lean-src-20260929-a/AspisV8R19/R823ActiveLowerZeroDispatcher.lean:102:32: error(lean.unknownIdentifier): Unknown identifier `activePosition`
/home/dombarker/project-offloads/aspis-r57-lean-src-20260929-a/AspisV8R19/R823ActiveLowerZeroDispatcher.lean:106:11: error(lean.unknownIdentifier): Unknown identifier `activePosition`
/home/dombarker/project-offloads/aspis-r57-lean-src-20260929-a/AspisV8R19/R823ActiveLowerZeroDispatcher.lean:109:30: error(lean.unknownIdentifier): Unknown identifier `activePosition`
/home/dombarker/project-offloads/aspis-r57-lean-src-20260929-a/AspisV8R19/R823ActiveLowerZeroDispatcher.lean:113:32: error(lean.unknownIdentifier): Unknown identifier `activePosition`
/home/dombarker/project-offloads/aspis-r57-lean-src-20260929-a/AspisV8R19/R823ActiveLowerZeroDispatcher.lean:117:11: error(lean.unknownIdentifier): Unknown identifier `activePosition`
/home/dombarker/project-offloads/aspis-r57-lean-src-20260929-a/AspisV8R19/R823ActiveLowerZeroDispatcher.lean:120:30: error(lean.unknownIdentifier): Unknown identifier `activePosition`
/home/dombarker/project-offloads/aspis-r57-lean-src-20260929-a/AspisV8R19/R823ActiveLowerZeroDispatcher.lean:124:32: error(lean.unknownIdentifier): Unknown identifier `activePosition`
/home/dombarker/project-offloads/aspis-r57-lean-src-20260929-a/AspisV8R19/R823ActiveLowerZeroDispatcher.lean:128:11: error(lean.unknownIdentifier): Unknown identifier `activePosition`
/home/dombarker/project-offloads/aspis-r57-lean-src-20260929-a/AspisV8R19/R823ActiveLowerZeroDispatcher.lean:131:30: error(lean.unknownIdentifier): Unknown identifier `activePosition`
/home/dombarker/project-offloads/aspis-r57-lean-src-20260929-a/AspisV8R19/R823ActiveLowerZeroDispatcher.lean:135:32: error(lean.unknownIdentifier): Unknown identifier `activePosition`
/home/dombarker/project-offloads/aspis-r57-lean-src-20260929-a/AspisV8R19/R823ActiveLowerZeroDispatcher.lean:139:11: error(lean.unknownIdentifier): Unknown identifier `activePosition`
/home/dombarker/project-offloads/aspis-r57-lean-src-20260929-a/AspisV8R19/R823ActiveLowerZeroDispatcher.lean:142:30: error(lean.unknownIdentifier): Unknown identifier `activePosition`
/home/dombarker/project-offloads/aspis-r57-lean-src-20260929-a/AspisV8R19/R823ActiveLowerZeroDispatcher.lean:146:32: error(lean.unknownIdentifier): Unknown identifier `activePosition`
/home/dombarker/project-offloads/aspis-r57-lean-src-20260929-a/AspisV8R19/R823ActiveLowerZeroDispatcher.lean:150:11: error(lean.unknownIdentifier): Unknown identifier `activePosition`
/home/dombarker/project-offloads/aspis-r57-lean-src-20260929-a/AspisV8R19/R823ActiveLowerZeroDispatcher.lean:153:30: error(lean.unknownIdentifier): Unknown identifier `activePosition`
/home/dombarker/project-offloads/aspis-r57-lean-src-20260929-a/AspisV8R19/R823ActiveLowerZeroDispatcher.lean:157:32: error(lean.unknownIdentifier): Unknown identifier `activePosition`
/home/dombarker/project-offloads/aspis-r57-lean-src-20260929-a/AspisV8R19/R823ActiveLowerZeroDispatcher.lean:161:11: error(lean.unknownIdentifier): Unknown identifier `activePosition`
/home/dombarker/project-offloads/aspis-r57-lean-src-20260929-a/AspisV8R19/R823ActiveLowerZeroDispatcher.lean:164:30: error(lean.unknownIdentifier): Unknown identifier `activePosition`
/home/dombarker/project-offloads/aspis-r57-lean-src-20260929-a/AspisV8R19/R823ActiveLowerZeroDispatcher.lean:168:32: error(lean.unknownIdentifier): Unknown identifier `activePosition`
/home/dombarker/project-offloads/aspis-r57-lean-src-20260929-a/AspisV8R19/R823ActiveLowerZeroDispatcher.lean:172:11: error(lean.unknownIdentifier): Unknown identifier `activePosition`
/home/dombarker/project-offloads/aspis-r57-lean-src-20260929-a/AspisV8R19/R823ActiveLowerZeroDispatcher.lean:175:30: error(lean.unknownIdentifier): Unknown identifier `activePosition`
/home/dombarker/project-offloads/aspis-r57-lean-src-20260929-a/AspisV8R19/R823ActiveLowerZeroDispatcher.lean:179:32: error(lean.unknownIdentifier): Unknown identifier `activePosition`
/home/dombarker/project-offloads/aspis-r57-lean-src-20260929-a/AspisV8R19/R823ActiveLowerZeroDispatcher.lean:183:11: error(lean.unknownIdentifier): Unknown identifier `activePosition`
/home/dombarker/project-offloads/aspis-r57-lean-src-20260929-a/AspisV8R19/R823ActiveLowerZeroDispatcher.lean:186:30: error(lean.unknownIdentifier): Unknown identifier `activePosition`
/home/dombarker/project-offloads/aspis-r57-lean-src-20260929-a/AspisV8R19/R823ActiveLowerZeroDispatcher.lean:190:32: error(lean.unknownIdentifier): Unknown identifier `activePosition`
/home/dombarker/project-offloads/aspis-r57-lean-src-20260929-a/AspisV8R19/R823ActiveLowerZeroDispatcher.lean:194:11: error(lean.unknownIdentifier): Unknown identifier `activePosition`
/home/dombarker/project-offloads/aspis-r57-lean-src-20260929-a/AspisV8R19/R823ActiveLowerZeroDispatcher.lean:197:30: error(lean.unknownIdentifier): Unknown identifier `activePosition`
/home/dombarker/project-offloads/aspis-r57-lean-src-20260929-a/AspisV8R19/R823ActiveLowerZeroDispatcher.lean:201:32: error(lean.unknownIdentifier): Unknown identifier `activePosition`
/home/dombarker/project-offloads/aspis-r57-lean-src-20260929-a/AspisV8R19/R823ActiveLowerZeroDispatcher.lean:205:11: error(lean.unknownIdentifier): Unknown identifier `activePosition`
/home/dombarker/project-offloads/aspis-r57-lean-src-20260929-a/AspisV8R19/R823ActiveLowerZeroDispatcher.lean:208:30: error(lean.unknownIdentifier): Unknown identifier `activePosition`
/home/dombarker/project-offloads/aspis-r57-lean-src-20260929-a/AspisV8R19/R823ActiveLowerZeroDispatcher.lean:212:32: error(lean.unknownIdentifier): Unknown identifier `activePosition`
/home/dombarker/project-offloads/aspis-r57-lean-src-20260929-a/AspisV8R19/R823ActiveLowerZeroDispatcher.lean:216:11: error(lean.unknownIdentifier): Unknown identifier `activePosition`
/home/dombarker/project-offloads/aspis-r57-lean-src-20260929-a/AspisV8R19/R823ActiveLowerZeroDispatcher.lean:219:30: error(lean.unknownIdentifier): Unknown identifier `activePosition`
/home/dombarker/project-offloads/aspis-r57-lean-src-20260929-a/AspisV8R19/R823ActiveLowerZeroDispatcher.lean:223:32: error(lean.unknownIdentifier): Unknown identifier `activePosition`
/home/dombarker/project-offloads/aspis-r57-lean-src-20260929-a/AspisV8R19/R823ActiveLowerZeroDispatcher.lean:227:11: error(lean.unknownIdentifier): Unknown identifier `activePosition`
/home/dombarker/project-offloads/aspis-r57-lean-src-20260929-a/AspisV8R19/R823ActiveLowerZeroDispatcher.lean:230:30: error(lean.unknownIdentifier): Unknown identifier `activePosition`
/home/dombarker/project-offloads/aspis-r57-lean-src-20260929-a/AspisV8R19/R823ActiveLowerZeroDispatcher.lean:234:32: error(lean.unknownIdentifier): Unknown identifier `activePosition`
/home/dombarker/project-offloads/aspis-r57-lean-src-20260929-a/AspisV8R19/R823ActiveLowerZeroDispatcher.lean:238:11: error(lean.unknownIdentifier): Unknown identifier `activePosition`
/home/dombarker/project-offloads/aspis-r57-lean-src-20260929-a/AspisV8R19/R823ActiveLowerZeroDispatcher.lean:241:30: error(lean.unknownIdentifier): Unknown identifier `activePosition`
/home/dombarker/project-offloads/aspis-r57-lean-src-20260929-a/AspisV8R19/R823ActiveLowerZeroDispatcher.lean:245:32: error(lean.unknownIdentifier): Unknown identifier `activePosition`
/home/dombarker/project-offloads/aspis-r57-lean-src-20260929-a/AspisV8R19/R823ActiveLowerZeroDispatcher.lean:249:11: error(lean.unknownIdentifier): Unknown identifier `activePosition`
/home/dombarker/project-offloads/aspis-r57-lean-src-20260929-a/AspisV8R19/R823ActiveLowerZeroDispatcher.lean:252:30: error(lean.unknownIdentifier): Unknown identifier `activePosition`
/home/dombarker/project-offloads/aspis-r57-lean-src-20260929-a/AspisV8R19/R823ActiveLowerZeroDispatcher.lean:256:32: error(lean.unknownIdentifier): Unknown identifier `activePosition`
/home/dombarker/project-offloads/aspis-r57-lean-src-20260929-a/AspisV8R19/R823ActiveLowerZeroDispatcher.lean:260:11: error(lean.unknownIdentifier): Unknown identifier `activePosition`
/home/dombarker/project-offloads/aspis-r57-lean-src-20260929-a/AspisV8R19/R823ActiveLowerZeroDispatcher.lean:263:30: error(lean.unknownIdentifier): Unknown identifier `activePosition`
/home/dombarker/project-offloads/aspis-r57-lean-src-20260929-a/AspisV8R19/R823ActiveLowerZeroDispatcher.lean:267:32: error(lean.unknownIdentifier): Unknown identifier `activePosition`
/home/dombarker/project-offloads/aspis-r57-lean-src-20260929-a/AspisV8R19/R823ActiveLowerZeroDispatcher.lean:271:11: error(lean.unknownIdentifier): Unknown identifier `activePosition`
/home/dombarker/project-offloads/aspis-r57-lean-src-20260929-a/AspisV8R19/R823ActiveLowerZeroDispatcher.lean:274:30: error(lean.unknownIdentifier): Unknown identifier `activePosition`
/home/dombarker/project-offloads/aspis-r57-lean-src-20260929-a/AspisV8R19/R823ActiveLowerZeroDispatcher.lean:278:32: error(lean.unknownIdentifier): Unknown identifier `activePosition`
/home/dombarker/project-offloads/aspis-r57-lean-src-20260929-a/AspisV8R19/R823ActiveLowerZeroDispatcher.lean:282:11: error(lean.unknownIdentifier): Unknown identifier `activePosition`
/home/dombarker/project-offloads/aspis-r57-lean-src-20260929-a/AspisV8R19/R823ActiveLowerZeroDispatcher.lean:285:30: error(lean.unknownIdentifier): Unknown identifier `activePosition`
/home/dombarker/project-offloads/aspis-r57-lean-src-20260929-a/AspisV8R19/R823ActiveLowerZeroDispatcher.lean:289:32: error(lean.unknownIdentifier): Unknown identifier `activePosition`
/home/dombarker/project-offloads/aspis-r57-lean-src-20260929-a/AspisV8R19/R823ActiveLowerZeroDispatcher.lean:293:11: error(lean.unknownIdentifier): Unknown identifier `activePosition`
/home/dombarker/project-offloads/aspis-r57-lean-src-20260929-a/AspisV8R19/R823ActiveLowerZeroDispatcher.lean:296:30: error(lean.unknownIdentifier): Unknown identifier `activePosition`
/home/dombarker/project-offloads/aspis-r57-lean-src-20260929-a/AspisV8R19/R823ActiveLowerZeroDispatcher.lean:300:32: error(lean.unknownIdentifier): Unknown identifier `activePosition`
/home/dombarker/project-offloads/aspis-r57-lean-src-20260929-a/AspisV8R19/R823ActiveLowerZeroDispatcher.lean:304:11: error(lean.unknownIdentifier): Unknown identifier `activePosition`
/home/dombarker/project-offloads/aspis-r57-lean-src-20260929-a/AspisV8R19/R823ActiveLowerZeroDispatcher.lean:307:30: error(lean.unknownIdentifier): Unknown identifier `activePosition`
/home/dombarker/project-offloads/aspis-r57-lean-src-20260929-a/AspisV8R19/R823ActiveLowerZeroDispatcher.lean:311:32: error(lean.unknownIdentifier): Unknown identifier `activePosition`
/home/dombarker/project-offloads/aspis-r57-lean-src-20260929-a/AspisV8R19/R823ActiveLowerZeroDispatcher.lean:315:11: error(lean.unknownIdentifier): Unknown identifier `activePosition`
/home/dombarker/project-offloads/aspis-r57-lean-src-20260929-a/AspisV8R19/R823ActiveLowerZeroDispatcher.lean:318:30: error(lean.unknownIdentifier): Unknown identifier `activePosition`
/home/dombarker/project-offloads/aspis-r57-lean-src-20260929-a/AspisV8R19/R823ActiveLowerZeroDispatcher.lean:322:32: error(lean.unknownIdentifier): Unknown identifier `activePosition`
/home/dombarker/project-offloads/aspis-r57-lean-src-20260929-a/AspisV8R19/R823ActiveLowerZeroDispatcher.lean:326:11: error(lean.unknownIdentifier): Unknown identifier `activePosition`
/home/dombarker/project-offloads/aspis-r57-lean-src-20260929-a/AspisV8R19/R823ActiveLowerZeroDispatcher.lean:329:30: error(lean.unknownIdentifier): Unknown identifier `activePosition`
/home/dombarker/project-offloads/aspis-r57-lean-src-20260929-a/AspisV8R19/R823ActiveLowerZeroDispatcher.lean:333:32: error(lean.unknownIdentifier): Unknown identifier `activePosition`
/home/dombarker/project-offloads/aspis-r57-lean-src-20260929-a/AspisV8R19/R823ActiveLowerZeroDispatcher.lean:337:11: error(lean.unknownIdentifier): Unknown identifier `activePosition`
/home/dombarker/project-offloads/aspis-r57-lean-src-20260929-a/AspisV8R19/R823ActiveLowerZeroDispatcher.lean:340:30: error(lean.unknownIdentifier): Unknown identifier `activePosition`
/home/dombarker/project-offloads/aspis-r57-lean-src-20260929-a/AspisV8R19/R823ActiveLowerZeroDispatcher.lean:344:32: error(lean.unknownIdentifier): Unknown identifier `activePosition`
/home/dombarker/project-offloads/aspis-r57-lean-src-20260929-a/AspisV8R19/R823ActiveLowerZeroDispatcher.lean:348:11: error(lean.unknownIdentifier): Unknown identifier `activePosition`
/home/dombarker/project-offloads/aspis-r57-lean-src-20260929-a/AspisV8R19/R823ActiveLowerZeroDispatcher.lean:351:30: error(lean.unknownIdentifier): Unknown identifier `activePosition`
/home/dombarker/project-offloads/aspis-r57-lean-src-20260929-a/AspisV8R19/R823ActiveLowerZeroDispatcher.lean:355:32: error(lean.unknownIdentifier): Unknown identifier `activePosition`
/home/dombarker/project-offloads/aspis-r57-lean-src-20260929-a/AspisV8R19/R823ActiveLowerZeroDispatcher.lean:359:11: error(lean.unknownIdentifier): Unknown identifier `activePosition`
/home/dombarker/project-offloads/aspis-r57-lean-src-20260929-a/AspisV8R19/R823ActiveLowerZeroDispatcher.lean:362:30: error(lean.unknownIdentifier): Unknown identifier `activePosition`
/home/dombarker/project-offloads/aspis-r57-lean-src-20260929-a/AspisV8R19/R823ActiveLowerZeroDispatcher.lean:366:32: error(lean.unknownIdentifier): Unknown identifier `activePosition`
/home/dombarker/project-offloads/aspis-r57-lean-src-20260929-a/AspisV8R19/R823ActiveLowerZeroDispatcher.lean:370:11: error(lean.unknownIdentifier): Unknown identifier `activePosition`
/home/dombarker/project-offloads/aspis-r57-lean-src-20260929-a/AspisV8R19/R823ActiveLowerZeroDispatcher.lean:373:30: error(lean.unknownIdentifier): Unknown identifier `activePosition`
/home/dombarker/project-offloads/aspis-r57-lean-src-20260929-a/AspisV8R19/R823ActiveLowerZeroDispatcher.lean:377:32: error(lean.unknownIdentifier): Unknown identifier `activePosition`
/home/dombarker/project-offloads/aspis-r57-lean-src-20260929-a/AspisV8R19/R823ActiveLowerZeroDispatcher.lean:381:11: error(lean.unknownIdentifier): Unknown identifier `activePosition`
/home/dombarker/project-offloads/aspis-r57-lean-src-20260929-a/AspisV8R19/R823ActiveLowerZeroDispatcher.lean:384:30: error(lean.unknownIdentifier): Unknown identifier `activePosition`
/home/dombarker/project-offloads/aspis-r57-lean-src-20260929-a/AspisV8R19/R823ActiveLowerZeroDispatcher.lean:388:32: error(lean.unknownIdentifier): Unknown identifier `activePosition`
/home/dombarker/project-offloads/aspis-r57-lean-src-20260929-a/AspisV8R19/R823ActiveLowerZeroDispatcher.lean:392:11: error(lean.unknownIdentifier): Unknown identifier `activePosition`
/home/dombarker/project-offloads/aspis-r57-lean-src-20260929-a/AspisV8R19/R823ActiveLowerZeroDispatcher.lean:395:30: error(lean.unknownIdentifier): Unknown identifier `activePosition`
/home/dombarker/project-offloads/aspis-r57-lean-src-20260929-a/AspisV8R19/R823ActiveLowerZeroDispatcher.lean:399:32: error(lean.unknownIdentifier): Unknown identifier `activePosition`
/home/dombarker/project-offloads/aspis-r57-lean-src-20260929-a/AspisV8R19/R823ActiveLowerZeroDispatcher.lean:403:11: error(lean.unknownIdentifier): Unknown identifier `activePosition`
/home/dombarker/project-offloads/aspis-r57-lean-src-20260929-a/AspisV8R19/R823ActiveLowerZeroDispatcher.lean:406:30: error(lean.unknownIdentifier): Unknown identifier `activePosition`
/home/dombarker/project-offloads/aspis-r57-lean-src-20260929-a/AspisV8R19/R823ActiveLowerZeroDispatcher.lean:410:32: error(lean.unknownIdentifier): Unknown identifier `activePosition`
/home/dombarker/project-offloads/aspis-r57-lean-src-20260929-a/AspisV8R19/R823ActiveLowerZeroDispatcher.lean:414:11: error(lean.unknownIdentifier): Unknown identifier `activePosition`
/home/dombarker/project-offloads/aspis-r57-lean-src-20260929-a/AspisV8R19/R823ActiveLowerZeroDispatcher.lean:417:30: error(lean.unknownIdentifier): Unknown identifier `activePosition`
/home/dombarker/project-offloads/aspis-r57-lean-src-20260929-a/AspisV8R19/R823ActiveLowerZeroDispatcher.lean:421:32: error(lean.unknownIdentifier): Unknown identifier `activePosition`
/home/dombarker/project-offloads/aspis-r57-lean-src-20260929-a/AspisV8R19/R823ActiveLowerZeroDispatcher.lean:425:11: error(lean.unknownIdentifier): Unknown identifier `activePosition`
/home/dombarker/project-offloads/aspis-r57-lean-src-20260929-a/AspisV8R19/R823ActiveLowerZeroDispatcher.lean:428:30: error(lean.unknownIdentifier): Unknown identifier `activePosition`
/home/dombarker/project-offloads/aspis-r57-lean-src-20260929-a/AspisV8R19/R823ActiveLowerZeroDispatcher.lean:432:32: error(lean.unknownIdentifier): Unknown identifier `activePosition`
/home/dombarker/project-offloads/aspis-r57-lean-src-20260929-a/AspisV8R19/R823ActiveLowerZeroDispatcher.lean:436:11: error: maximum number of errors (100; from option `maxErrors`) reached, exiting
Command exited with non-zero status 1
	Command being timed: "/home/dombarker/.elan/bin/lake --dir /home/dombarker/project-offloads/aspis-r126-release-20260930-a/focus-workspace env lean -j1 -M4500 -R /home/dombarker/project-offloads/aspis-r57-lean-src-20260929-a -o /home/dombarker/project-offloads/aspis-r126-release-20260930-a/lib/AspisV8R19/R823ActiveLowerZeroDispatcher.olean /home/dombarker/project-offloads/aspis-r57-lean-src-20260929-a/AspisV8R19/R823ActiveLowerZeroDispatcher.lean"
	User time (seconds): 39.26
	System time (seconds): 0.48
	Percent of CPU this job got: 99%
	Elapsed (wall clock) time (h:mm:ss or m:ss): 0:39.75
	Average shared text size (kbytes): 0
	Average unshared data size (kbytes): 0
	Average stack size (kbytes): 0
	Average total size (kbytes): 0
	Maximum resident set size (kbytes): 3749308
	Average resident set size (kbytes): 0
	Major (requiring I/O) page faults: 4
	Minor (reclaiming a frame) page faults: 98645
	Voluntary context switches: 210
	Involuntary context switches: 302
	Swaps: 0
	File system inputs: 656
	File system outputs: 0
	Socket messages sent: 0
	Socket messages received: 0
	Signals delivered: 0
	Page size (bytes): 4096
	Exit status: 1
Finished with result: exit-code
Main processes terminated with: code=exited/status=1
Service runtime: 39.783s
CPU time consumed: 39.779s
Memory peak: 328.0K
Memory swap peak: 0B
