Warning: Permanently added '100.108.41.90' (ED25519) to the list of known hosts.
Running as unit: aspis-focus-1791159930744196000-eaeef313a6b7.service; invocation ID: 0f18979290c74c00b0f4a2532335805e
/home/dombarker/project-offloads/aspis-r57-lean-src-20260929-a/AspisV8R19/R823Fin222AbstractDispatcher.lean:5:0: error: (deterministic) timeout at `whnf`, maximum number of heartbeats (200000) has been reached

Note: Use `set_option maxHeartbeats <num>` to set the limit.

Hint: Additional diagnostic information may be available using the `set_option diagnostics true` command.
'AspisV8R19.R823Fin222AbstractDispatcher.dispatch_active_flats' does not depend on any axioms
Command exited with non-zero status 1
	Command being timed: "/home/dombarker/.elan/bin/lake --dir /home/dombarker/project-offloads/aspis-r126-release-20260930-a/focus-workspace env lean -j1 -M4500 -R /home/dombarker/project-offloads/aspis-r57-lean-src-20260929-a -o /home/dombarker/project-offloads/aspis-r126-release-20260930-a/lib/AspisV8R19/R823Fin222AbstractDispatcher.olean /home/dombarker/project-offloads/aspis-r57-lean-src-20260929-a/AspisV8R19/R823Fin222AbstractDispatcher.lean"
	User time (seconds): 45.63
	System time (seconds): 0.29
	Percent of CPU this job got: 99%
	Elapsed (wall clock) time (h:mm:ss or m:ss): 0:45.94
	Average shared text size (kbytes): 0
	Average unshared data size (kbytes): 0
	Average stack size (kbytes): 0
	Average total size (kbytes): 0
	Maximum resident set size (kbytes): 2153488
	Average resident set size (kbytes): 0
	Major (requiring I/O) page faults: 0
	Minor (reclaiming a frame) page faults: 56391
	Voluntary context switches: 164
	Involuntary context switches: 381
	Swaps: 0
	File system inputs: 0
	File system outputs: 0
	Socket messages sent: 0
	Socket messages received: 0
	Signals delivered: 0
	Page size (bytes): 4096
	Exit status: 1
Finished with result: exit-code
Main processes terminated with: code=exited/status=1
Service runtime: 45.979s
CPU time consumed: 45.964s
Memory peak: 288.0K
Memory swap peak: 0B
