Warning: Permanently added '100.108.41.90' (ED25519) to the list of known hosts.
Running as unit: aspis-focus-1791159488507265000-2e5eda00cdd2.service; invocation ID: f53051d0e6094405a2c0d74b7a31f8c4
/home/dombarker/project-offloads/aspis-r57-lean-src-20260929-a/AspisV8R19/R823ActiveLowerZeroDispatcher.lean:73:8: error: (kernel) excessive memory consumption detected
'AspisV8R19.R823ActiveLowerZeroDispatcher.active_row_lower_zero' depends on axioms: [propext,
 Classical.choice,
 Quot.sound,
 active_row_lower_zero]
Command exited with non-zero status 1
	Command being timed: "/home/dombarker/.elan/bin/lake --dir /home/dombarker/project-offloads/aspis-r126-release-20260930-a/focus-workspace env lean -j1 -M4500 -R /home/dombarker/project-offloads/aspis-r57-lean-src-20260929-a -o /home/dombarker/project-offloads/aspis-r126-release-20260930-a/lib/AspisV8R19/R823ActiveLowerZeroDispatcher.olean /home/dombarker/project-offloads/aspis-r57-lean-src-20260929-a/AspisV8R19/R823ActiveLowerZeroDispatcher.lean"
	User time (seconds): 38.44
	System time (seconds): 0.65
	Percent of CPU this job got: 99%
	Elapsed (wall clock) time (h:mm:ss or m:ss): 0:39.12
	Average shared text size (kbytes): 0
	Average unshared data size (kbytes): 0
	Average stack size (kbytes): 0
	Average total size (kbytes): 0
	Maximum resident set size (kbytes): 4609736
	Average resident set size (kbytes): 0
	Major (requiring I/O) page faults: 0
	Minor (reclaiming a frame) page faults: 123558
	Voluntary context switches: 240
	Involuntary context switches: 432
	Swaps: 0
	File system inputs: 0
	File system outputs: 0
	Socket messages sent: 0
	Socket messages received: 0
	Signals delivered: 0
	Page size (bytes): 4096
	Exit status: 1
Finished with result: exit-code
Main processes terminated with: code=exited/status=1
Service runtime: 39.149s
CPU time consumed: 39.137s
Memory peak: 552.0K
Memory swap peak: 0B
