Warning: Permanently added '100.108.41.90' (ED25519) to the list of known hosts.
Running as unit: aspis-focus-1791159811110279000-dd26f4f23708.service; invocation ID: e6741781647e4ab8b1c20d95d5d3273c
libc++abi: terminating due to uncaught exception of type lean::memory_exception: excessive memory consumption detected at 'interpreter' (potential solution: increase memory consumption threshold)
Command exited with non-zero status 134
	Command being timed: "/home/dombarker/.elan/bin/lake --dir /home/dombarker/project-offloads/aspis-r126-release-20260930-a/focus-workspace env lean -j1 -M4500 -R /home/dombarker/project-offloads/aspis-r57-lean-src-20260929-a -o /home/dombarker/project-offloads/aspis-r126-release-20260930-a/lib/AspisV8R19/R823Fin222AbstractDispatcher.olean /home/dombarker/project-offloads/aspis-r57-lean-src-20260929-a/AspisV8R19/R823Fin222AbstractDispatcher.lean"
	User time (seconds): 0.99
	System time (seconds): 1.08
	Percent of CPU this job got: 43%
	Elapsed (wall clock) time (h:mm:ss or m:ss): 0:04.78
	Average shared text size (kbytes): 0
	Average unshared data size (kbytes): 0
	Average stack size (kbytes): 0
	Average total size (kbytes): 0
	Maximum resident set size (kbytes): 5941764
	Average resident set size (kbytes): 0
	Major (requiring I/O) page faults: 13
	Minor (reclaiming a frame) page faults: 145157
	Voluntary context switches: 23690
	Involuntary context switches: 83
	Swaps: 0
	File system inputs: 575008
	File system outputs: 0
	Socket messages sent: 0
	Socket messages received: 0
	Signals delivered: 0
	Page size (bytes): 4096
	Exit status: 134
Finished with result: exit-code
Main processes terminated with: code=exited/status=134
Service runtime: 4.811s
CPU time consumed: 2.103s
Memory peak: 328.0K
Memory swap peak: 0B
