Warning: Permanently added '100.108.41.90' (ED25519) to the list of known hosts.
Running as unit: aspis-focus-1791159887558770000-2ee1f2a30b40.service; invocation ID: 80554eef3f9d4d8ca9cec0b4d81e4f76
/home/dombarker/project-offloads/aspis-r57-lean-src-20260929-a/AspisV8R19/R823Fin222AbstractDispatcher.lean:1:0: error: object file '/home/dombarker/project-offloads/aspis-pool-single-decode-20260825-a3/AspisFormal/.lake/packages/mathlib/.lake/build/lib/lean/Mathlib/Tactic/Omega.olean' of module Mathlib.Tactic.Omega does not exist
Command exited with non-zero status 1
	Command being timed: "/home/dombarker/.elan/bin/lake --dir /home/dombarker/project-offloads/aspis-r126-release-20260930-a/focus-workspace env lean -j1 -M4500 -R /home/dombarker/project-offloads/aspis-r57-lean-src-20260929-a -o /home/dombarker/project-offloads/aspis-r126-release-20260930-a/lib/AspisV8R19/R823Fin222AbstractDispatcher.olean /home/dombarker/project-offloads/aspis-r57-lean-src-20260929-a/AspisV8R19/R823Fin222AbstractDispatcher.lean"
	User time (seconds): 0.07
	System time (seconds): 0.10
	Percent of CPU this job got: 99%
	Elapsed (wall clock) time (h:mm:ss or m:ss): 0:00.18
	Average shared text size (kbytes): 0
	Average unshared data size (kbytes): 0
	Average stack size (kbytes): 0
	Average total size (kbytes): 0
	Maximum resident set size (kbytes): 509796
	Average resident set size (kbytes): 0
	Major (requiring I/O) page faults: 0
	Minor (reclaiming a frame) page faults: 17179
	Voluntary context switches: 10
	Involuntary context switches: 19
	Swaps: 0
	File system inputs: 0
	File system outputs: 0
	Socket messages sent: 0
	Socket messages received: 0
	Signals delivered: 0
	Page size (bytes): 4096
	Exit status: 1
Finished with result: exit-code
Main processes terminated with: code=exited/status=1
Service runtime: 207ms
CPU time consumed: 206ms
Memory peak: 512.0K
Memory swap peak: 0B
