/home/dombarker/project-offloads/aspis-r57-lean-src-20260929-a/AspisV8R19/R432PointerPrimitive.lean:115:38: warning: This simp argument is unused:
  Nat.mul_div_left

Hint: Omit it from the simp argument list.
  simp [read, backedPointer, hlookup, N̵a̵t̵.̵m̵u̵l̵_̵d̵i̵v̵_̵l̵e̵f̵t̵,̵
  ̵ ̵ ̵ ̵ ̵List.getElem?_eq_getElem hindex]

Note: This linter can be disabled with `set_option linter.unusedSimpArgs false`
/home/dombarker/project-offloads/aspis-r57-lean-src-20260929-a/AspisV8R19/R432PointerPrimitive.lean:141:43: warning: This simp argument is unused:
  hne

Hint: Omit it from the simp argument list.
  simp [unsignedDistance, backedPointer, hn̵e̵,̵ ̵h̵lookup, hsub, hle, hlast]

Note: This linter can be disabled with `set_option linter.unusedSimpArgs false`
'AspisV8R19.R432PointerPrimitive.add_zero' depends on axioms: [propext]
'AspisV8R19.R432PointerPrimitive.newIter_empty' depends on axioms: [propext]
'AspisV8R19.R432PointerPrimitive.equal_distance_zero' depends on axioms: [propext]
'AspisV8R19.R432PointerPrimitive.add_backed' depends on axioms: [propext, Quot.sound]
'AspisV8R19.R432PointerPrimitive.newIter_backed' depends on axioms: [propext, Quot.sound]
'AspisV8R19.R432PointerPrimitive.backed_empty_iff' depends on axioms: [propext, Classical.choice, Quot.sound]
'AspisV8R19.R432PointerPrimitive.read_backed' depends on axioms: [propext, Quot.sound]
'AspisV8R19.R432PointerPrimitive.offset_bytes_safe' depends on axioms: [propext, Classical.choice, Quot.sound]
'AspisV8R19.R432PointerPrimitive.distance_backed' depends on axioms: [propext, Classical.choice, Quot.sound]
'AspisV8R19.R432PointerPrimitive.view_length' depends on axioms: [propext, Quot.sound]
'AspisV8R19.R432PointerPrimitive.read_view' depends on axioms: [propext, Quot.sound]
'AspisV8R19.R432PointerPrimitive.countedFold_pointer_view' depends on axioms: [propext, Classical.choice, Quot.sound]
