Warning: Permanently added '100.108.41.90' (ED25519) to the list of known hosts.
Running as unit: aspis-focus-1791117943292998000.service; invocation ID: 9d364f8498df4eb8808d83981372d420
/home/dombarker/project-offloads/aspis-r57-lean-src-20260929-a/AspisV8R19/R678ArbitraryPointResidualRepair.lean:118:10: error: maximum recursion depth has been reached
use `set_option maxRecDepth <num>` to increase limit
use `set_option diagnostics true` to get diagnostic information
/home/dombarker/project-offloads/aspis-r57-lean-src-20260929-a/AspisV8R19/R678ArbitraryPointResidualRepair.lean:119:10: error: maximum recursion depth has been reached
use `set_option maxRecDepth <num>` to increase limit
use `set_option diagnostics true` to get diagnostic information
/home/dombarker/project-offloads/aspis-r57-lean-src-20260929-a/AspisV8R19/R678ArbitraryPointResidualRepair.lean:46:53: error: unsolved goals
case «2»
F : Type u_1
inst✝¹ : Field F
inst✝ : NeZero 2
t : Fin 22 → F
ht : Function.Injective t
noneOne : ∀ (i : Fin 22), t i ≠ 1
half quarter a b c kappa alpha tau : F
z : Fin 10 → F
previous : Fin 271 → F
desired desiredG : Fin 7 → F
points : Fin 3 → F
hquarter : quarter ≠ 0
hkappa : kappa ≠ 0
hd : evalSeven desired alpha = 0
hdG : evalSeven desiredG alpha = 0
hb✝ : desired 0 + desired 4 = quarter * (kappa * points 0 + kappa ^ 2 * points 1 + kappa ^ 3 * points 2)
hbG : desiredG 0 + desiredG 4 = quarter * (kappa ^ 2 * points 1 + kappa ^ 3 * points 2)
hdet : (TwoSwapResidualSource.matrix half quarter a b c kappa alpha tau z previous t ht noneOne).det ≠ 0
x : Fin 13 → F
hx :
  ∀ (i : Fin 13),
    TwoSwapResidualSource.observed half quarter a b c kappa tau z previous (combination t ht noneOne alpha x)
        (ResidualModel.selectedRow i) =
      repairTarget desired desiredG points i
hcoins : ∀ (i : Fin 271), actualCoin (actualMask half a b c (combination t ht noneOne alpha x)) i = 0
hquery :
  ∀ (slot : Fin 4) (root : Fin 22),
    NormalizedQuerySection.evaluate (fun d => combination t ht noneOne alpha x (d, slot)) (t root) = 0
hfold : ∀ (d : Fin 32), R370KernelEvaluation.firstFold 32 alpha (combination t ht noneOne alpha x) d = 0
hbalance : ∑ r ∈ TwoSwapSourceTable.inactive, actualMask half a b c (combination t ht noneOne alpha x) r = 0
ha : alpha ≠ 0
hp1 :
  sourcePointFunctional (SourceStatementPoints.points z 1) (actualMask half a b c (combination t ht noneOne alpha x)) =
    points 1
hp2 :
  sourcePointFunctional (SourceStatementPoints.points z 2) (actualMask half a b c (combination t ht noneOne alpha x)) =
    points 2
hs :
  ∀ (k : Fin 7),
    k ≠ 4 →
      k ≠ 6 →
        TwoSwapResidualSource.relation half quarter a b c kappa tau z previous true (combination t ht noneOne alpha x)
            ↑k =
          desiredG k
heG :
  evalSeven
      (fun k =>
        TwoSwapResidualSource.relation half quarter a b c kappa tau z previous true (combination t ht noneOne alpha x)
            ↑k -
          desiredG k)
      alpha =
    0
hbq :
  TwoSwapResidualSource.relation half quarter a b c kappa tau z previous true (combination t ht noneOne alpha x) 0 +
      TwoSwapResidualSource.relation half quarter a b c kappa tau z previous true (combination t ht noneOne alpha x) 4 =
    quarter * (kappa ^ 2 * points 1 + kappa ^ 3 * points 2)
hb :
  TwoSwapResidualSource.relation half quarter a b c kappa tau z previous true (combination t ht noneOne alpha x) ↑0 -
        desiredG 0 +
      (TwoSwapResidualSource.relation half quarter a b c kappa tau z previous true (combination t ht noneOne alpha x)
          ↑4 -
        desiredG 4) =
    0
hstructured :
  ∀ (i : Fin 7),
    TwoSwapResidualSource.relation half quarter a b c kappa tau z previous true (combination t ht noneOne alpha x) ↑i -
        desiredG i =
      0
ho :
  ∀ (k : Fin 7),
    k ≠ 6 →
      TwoSwapResidualSource.relation half quarter a b c kappa tau z previous false (combination t ht noneOne alpha x)
          ↑k =
        desired k
he :
  evalSeven
      (fun k =>
        TwoSwapResidualSource.relation half quarter a b c kappa tau z previous false (combination t ht noneOne alpha x)
            ↑k -
          desired k)
      alpha =
    0
hall :
  ∀ (i : Fin 7),
    TwoSwapResidualSource.relation half quarter a b c kappa tau z previous false (combination t ht noneOne alpha x) ↑i -
        desired i =
      0
⊢ sourcePointFunctional (SourceStatementPoints.points z ((fun i => i) ⟨2, ⋯⟩))
      (actualMask half a b c (combination t ht noneOne alpha x)) =
    points ((fun i => i) ⟨2, ⋯⟩)
'AspisV8R19.R678ArbitraryPointResidualRepair.arbitrary_point_residual_pair_repair' depends on axioms: [propext,
 sorryAx,
 Classical.choice,
 Quot.sound]
Command exited with non-zero status 1
	Command being timed: "/home/dombarker/.elan/bin/lake --dir /home/dombarker/project-offloads/aspis-r126-release-20260930-a/focus-workspace env lean -j1 -M4500 -R /home/dombarker/project-offloads/aspis-r57-lean-src-20260929-a -o /home/dombarker/project-offloads/aspis-r126-release-20260930-a/lib/AspisV8R19/R678ArbitraryPointResidualRepair.olean /home/dombarker/project-offloads/aspis-r57-lean-src-20260929-a/AspisV8R19/R678ArbitraryPointResidualRepair.lean"
	User time (seconds): 1.62
	System time (seconds): 0.34
	Percent of CPU this job got: 101%
	Elapsed (wall clock) time (h:mm:ss or m:ss): 0:01.94
	Average shared text size (kbytes): 0
	Average unshared data size (kbytes): 0
	Average stack size (kbytes): 0
	Average total size (kbytes): 0
	Maximum resident set size (kbytes): 3310752
	Average resident set size (kbytes): 0
	Major (requiring I/O) page faults: 0
	Minor (reclaiming a frame) page faults: 78235
	Voluntary context switches: 836
	Involuntary context switches: 60
	Swaps: 0
	File system inputs: 0
	File system outputs: 0
	Socket messages sent: 0
	Socket messages received: 0
	Signals delivered: 0
	Page size (bytes): 4096
	Exit status: 1
Finished with result: exit-code
Main processes terminated with: code=exited/status=1
Service runtime: 1.968s
CPU time consumed: 1.999s
Memory peak: 516.0K
Memory swap peak: 0B
